OK   BASE_south_half_101 208963 00:09:12
OK   BASE_east_half_505 179664 00:11:07
OK   BASE_east_half_404 175660 00:11:17
OK   BASE_east_half_303 197424 00:11:27
OK   BASE_east_half_101 182617 00:13:23
OK   BASE_east_half_202 163708 00:13:29
OK   BASE_east_default_202 187878 00:17:16
OK   BASE_south_half_303 178124 00:17:24
OK   BASE_east_default_101 194266 00:17:48
OK   BASE_south_half_202 171507 00:18:10
OK   BASE_south_half_505 173777 00:18:16
OK   BASE_south_half_404 185799 00:18:31
OK   FRESH_east_half_707 143587 00:20:59
OK   BASE_east_default_303 191182 00:23:18
OK   FRESH_east_half_909 182923 00:25:15
OK   FRESH_east_half_808 182282 00:26:55
OK   FRESH_east_half_111 169033 00:28:01
OK   FRESH_east_half_606 201281 00:28:42
OK   FRESH_south_half_606 195664 00:33:05
OK   FRESH_south_half_909 179782 00:33:11
OK   FRESH_south_half_111 160547 00:33:35
OK   FRESH_south_half_707 175678 00:33:46
OK   FRESH_south_half_808 174465 00:33:55
BATCH DONE 00:33:55
