WAVE START 2026-09-27T18:06:39+00:00 head=dfbfbe7c2aaaf2c3f8bb6b37aafb4fc8bf731a41 dirty=0
DONE 2026-09-27T18:21:30+00:00 nopatch east half 202 rc=0
DONE 2026-09-27T18:23:26+00:00 nopatch east half 303 rc=0
DONE 2026-09-27T18:24:12+00:00 nopatch east half 101 rc=0
Terminated
WAVE END 2026-09-27T18:24:42+00:00
DONE 2026-09-27T18:33:48+00:00 nopatch south half 101 rc=0
DONE 2026-09-27T18:36:35+00:00 nopatch east half 505 rc=0
DONE 2026-09-27T18:43:24+00:00 nopatch east half 404 rc=0
WAVE3 START 2026-09-27T18:52:20+00:00 head=dfbfbe7c2aaaf2c3f8bb6b37aafb4fc8bf731a41 dirty=0
DONE 2026-09-27T19:03:18+00:00 observe east half 202 rc=0
DONE 2026-09-27T19:04:44+00:00 observe east half 303 rc=0
DONE 2026-09-27T19:04:55+00:00 observe east half 101 rc=0
DONE 2026-09-27T19:11:56+00:00 observe south half 101 rc=0
DONE 2026-09-27T19:15:38+00:00 observe east half 505 rc=0
DONE 2026-09-27T19:20:01+00:00 observe south half 202 rc=0
DONE 2026-09-27T19:21:13+00:00 observe south half 303 rc=0
DONE 2026-09-27T19:22:07+00:00 observe east half 404 rc=0
DONE 2026-09-27T19:28:56+00:00 observe south half 505 rc=0
DONE 2026-09-27T19:29:48+00:00 observe south half 404 rc=0
DONE 2026-09-27T19:30:34+00:00 observe east default 101 rc=0
DONE 2026-09-27T19:35:15+00:00 observe east default 202 rc=0
DONE 2026-09-27T19:36:24+00:00 observe east default 303 rc=0
DONE 2026-09-27T19:42:46+00:00 arm_role_str east half 101 rc=0
DONE 2026-09-27T19:45:08+00:00 arm_role_str east half 202 rc=0
DONE 2026-09-27T19:47:37+00:00 arm_role_str east half 303 rc=0
DONE 2026-09-27T19:54:18+00:00 arm_role_str south half 101 rc=0
DONE 2026-09-27T19:55:07+00:00 arm_role_str east half 505 rc=0
DONE 2026-09-27T20:00:30+00:00 arm_role_str south half 303 rc=0
DONE 2026-09-27T20:00:39+00:00 arm_role_str east half 404 rc=0
DONE 2026-09-27T20:01:33+00:00 arm_role_str south half 202 rc=0
DONE 2026-09-27T20:05:58+00:00 arm_role_str south half 505 rc=0
DONE 2026-09-27T20:07:38+00:00 arm_role_str east default 101 rc=0
DONE 2026-09-27T20:07:48+00:00 arm_role_str south half 404 rc=0
DONE 2026-09-27T20:11:32+00:00 arm_role_str east default 202 rc=0
DONE 2026-09-27T20:11:37+00:00 arm_role_dict east half 101 rc=0
DONE 2026-09-27T20:13:29+00:00 arm_role_str east default 303 rc=0
DONE 2026-09-27T20:15:13+00:00 arm_role_dict east half 202 rc=0
DONE 2026-09-27T20:17:11+00:00 arm_role_dict east half 303 rc=0
DONE 2026-09-27T20:18:05+00:00 arm_role_dict east half 404 rc=0
DONE 2026-09-27T20:19:42+00:00 arm_role_dict east half 505 rc=0
DONE 2026-09-27T20:22:21+00:00 arm_role_dict south half 202 rc=0
DONE 2026-09-27T20:23:11+00:00 arm_role_dict south half 101 rc=0
DONE 2026-09-27T20:23:18+00:00 arm_role_dict south half 303 rc=0
DONE 2026-09-27T20:27:08+00:00 arm_role_dict east default 101 rc=0
DONE 2026-09-27T20:27:26+00:00 arm_role_dict south half 505 rc=0
DONE 2026-09-27T20:27:38+00:00 arm_role_dict south half 404 rc=0
DONE 2026-09-27T20:30:44+00:00 arm_role_dict east default 202 rc=0
DONE 2026-09-27T20:32:27+00:00 arm_role_dict east default 303 rc=0
WAVE3 END 2026-09-27T20:32:27+00:00
WAVE4 START 2026-09-27T20:41:39+00:00 head=dfbfbe7c2aaaf2c3f8bb6b37aafb4fc8bf731a41 dirty=0
DONE 2026-09-27T20:51:15+00:00 v2 observe east half 202 rc=0
DONE 2026-09-27T20:52:43+00:00 v2 observe east half 303 rc=0
DONE 2026-09-27T20:52:54+00:00 v2 observe east half 101 rc=0
DONE 2026-09-27T20:59:08+00:00 v2 observe east half 404 rc=0
DONE 2026-09-27T20:59:17+00:00 v2 observe south half 101 rc=0
DONE 2026-09-27T21:00:00+00:00 v2 observe south half 202 rc=0
DONE 2026-09-27T21:01:02+00:00 v2 observe east half 505 rc=0
DONE 2026-09-27T21:04:18+00:00 v2 observe south half 303 rc=0
DONE 2026-09-27T21:05:14+00:00 v2 observe south half 505 rc=0
DONE 2026-09-27T21:06:33+00:00 v2 observe south half 404 rc=0
DONE 2026-09-27T21:06:59+00:00 v2 observe east default 101 rc=0
DONE 2026-09-27T21:09:57+00:00 v2 observe east default 202 rc=0
DONE 2026-09-27T21:11:01+00:00 v2 observe east default 303 rc=0
WAVE4 END 2026-09-27T21:11:01+00:00
