2026-10-07 20:01:59 START E:/Projects/SAS_wt/mvg/outputs/_mvg_q_ist.jsonl 24 runs maxpar=6 min_free=3.0
2026-10-07 20:02:09 LAUNCH mvgist_S_000_CUR_r_AN pid=59496 free=3.5GB running=1
2026-10-07 20:02:11 LAUNCH mvgist_K_000_CUR_r_AN pid=53720 free=3.4GB running=2
2026-10-07 20:02:23 LAUNCH mvgist_S_015_LO_u_BW pid=8900 free=3.4GB running=3
2026-10-07 20:02:25 LAUNCH mvgist_K_015_LO_u_BW pid=46284 free=3.4GB running=4
2026-10-07 20:02:52 LAUNCH mvgist_S_016_BD_r_CN pid=43400 free=4.2GB running=5
2026-10-07 20:03:59 LAUNCH mvgist_K_016_BD_r_CN pid=12392 free=3.3GB running=6
2026-10-07 20:11:56 DONE mvgist_S_016_BD_r_CN rc=0 544s
2026-10-07 20:11:56 LAUNCH mvgist_S_028_BF_u_AN pid=19424 free=6.8GB running=6
2026-10-07 20:12:58 DONE mvgist_K_016_BD_r_CN rc=0 539s
2026-10-07 20:12:59 LAUNCH mvgist_K_028_BF_u_AN pid=41012 free=6.8GB running=6
2026-10-07 20:14:41 DONE mvgist_S_000_CUR_r_AN rc=0 752s
2026-10-07 20:14:41 LAUNCH mvgist_S_033_FP_r_BS pid=51884 free=6.7GB running=6
2026-10-07 20:14:48 DONE mvgist_K_000_CUR_r_AN rc=0 757s
2026-10-07 20:14:48 LAUNCH mvgist_K_033_FP_r_BS pid=20076 free=6.7GB running=6
2026-10-07 20:15:45 DONE mvgist_S_015_LO_u_BW rc=0 802s
2026-10-07 20:15:45 DONE mvgist_K_015_LO_u_BW rc=0 800s
2026-10-07 20:15:45 LAUNCH mvgist_S_044_RW_u_CN pid=59096 free=7.7GB running=5
2026-10-07 20:15:47 LAUNCH mvgist_K_044_RW_u_CN pid=51708 free=6.9GB running=6
2026-10-07 20:22:39 DONE mvgist_S_028_BF_u_AN rc=0 643s
2026-10-07 20:22:39 LAUNCH mvgist_S_050_GP_r_AE pid=55676 free=6.9GB running=6
2026-10-07 20:23:36 DONE mvgist_S_044_RW_u_CN rc=0 471s
2026-10-07 20:23:36 DONE mvgist_K_044_RW_u_CN rc=0 469s
2026-10-07 20:23:36 LAUNCH mvgist_K_050_GP_r_AE pid=41988 free=7.7GB running=5
2026-10-07 20:23:38 LAUNCH mvgist_S_061_BFcoord_u_BS pid=58456 free=7.7GB running=6
2026-10-07 20:23:45 DONE mvgist_K_028_BF_u_AN rc=0 647s
2026-10-07 20:23:45 LAUNCH mvgist_K_061_BFcoord_u_BS pid=57860 free=6.9GB running=6
2026-10-07 20:27:43 DONE mvgist_S_033_FP_r_BS rc=0 782s
2026-10-07 20:27:43 LAUNCH mvgist_S_066_BFbatt_r_CE pid=5364 free=6.8GB running=6
2026-10-07 20:27:50 DONE mvgist_K_033_FP_r_BS rc=0 782s
2026-10-07 20:27:50 LAUNCH mvgist_K_066_BFbatt_r_CE pid=53684 free=6.9GB running=6
2026-10-07 20:32:17 DONE mvgist_S_061_BFcoord_u_BS rc=0 519s
2026-10-07 20:32:17 LAUNCH mvgist_S_078_BFmotion_u_AE pid=56148 free=7.7GB running=6
2026-10-07 20:32:29 DONE mvgist_K_061_BFcoord_u_BS rc=0 524s
2026-10-07 20:32:29 LAUNCH mvgist_K_078_BFmotion_u_AE pid=59252 free=7.7GB running=6
2026-10-07 20:37:46 DONE mvgist_S_050_GP_r_AE rc=0 907s
2026-10-07 20:37:46 LAUNCH mvgist_S_083_BFreach_r_BW pid=58384 free=8.5GB running=6
2026-10-07 20:38:38 DONE mvgist_K_050_GP_r_AE rc=0 902s
2026-10-07 20:38:38 LAUNCH mvgist_K_083_BFreach_r_BW pid=46156 free=8.6GB running=6
2026-10-07 20:40:46 DONE mvgist_S_078_BFmotion_u_AE rc=0 509s
2026-10-07 20:40:46 LAUNCH mvgist_S_094_BFfix0_u_CE pid=53412 free=8.6GB running=6
2026-10-07 20:40:53 DONE mvgist_K_078_BFmotion_u_AE rc=0 504s
2026-10-07 20:40:53 LAUNCH mvgist_K_094_BFfix0_u_CE pid=41152 free=8.6GB running=6
2026-10-07 20:48:15 DONE mvgist_S_083_BFreach_r_BW rc=0 629s
2026-10-07 20:49:20 DONE mvgist_K_083_BFreach_r_BW rc=0 642s
2026-10-07 20:52:10 DONE mvgist_S_066_BFbatt_r_CE rc=0 1468s
2026-10-07 20:53:15 DONE mvgist_K_066_BFbatt_r_CE rc=0 1526s
2026-10-07 21:03:01 DONE mvgist_K_094_BFfix0_u_CE rc=0 1328s
2026-10-07 21:03:16 DONE mvgist_S_094_BFfix0_u_CE rc=0 1351s
2026-10-07 21:03:21 ALL_MF2_COMPLETE E:/Projects/SAS_wt/mvg/outputs/_mvg_q_ist.jsonl 24/24 0 FAIL
