START B100 maxproc=13 minfree_kb=2200000 extra=--grid 100 --expose-dims --fast-nsb --verify-nsb 200 --steps 960 --checkpoints 240,500 --const CORRIDOR_DIVERSITY_X_BAND=76 --const CORRIDOR_WEST_CAMP_X=24 --const CORRIDOR_WEST_TARGET_X_MAX=50 --const COVERAGE_INTERIOR_X_MIN=16 --const COVERAGE_INTERIOR_X_MAX=60 --const NO_VICTIM_DETECT_BOOST_AFTER=80 --const POST_RESCUE_COVERAGE_DURATION=100 11:14:06
LAUNCH B100 east half 101 heavy=12 free_kb=2436208 11:14:07
LAUNCH B100 east half 202 heavy=12 free_kb=2433456 11:15:24
LAUNCH B100 east half 303 heavy=12 free_kb=2467952 11:17:45
LAUNCH B100 east half 404 heavy=12 free_kb=2529312 11:26:17
LAUNCH B100 east half 505 heavy=12 free_kb=2574120 11:45:43
LAUNCH B100 south half 101 heavy=12 free_kb=2489864 11:46:30
LAUNCH B100 south half 202 heavy=12 free_kb=2555072 11:54:00
LAUNCH B100 south half 303 heavy=12 free_kb=2270392 12:05:39
LAUNCH B100 south half 404 heavy=11 free_kb=3469976 12:06:25
LAUNCH B100 south half 505 heavy=12 free_kb=2644028 12:07:11
LAUNCH B100 east default 101 heavy=12 free_kb=2594564 12:08:59
LAUNCH B100 east default 202 heavy=12 free_kb=2576108 12:11:19
DONE B100_east_half_101 rc=0 size=176138 13:21:54 B100 grid=100 east/half seed=101 steps=960 rescued=2 dead=1 unreachable=1 nd=1 ff_deaths=1 terminal=210 wall=7665s init=0.1s mem=946.4 nsb={'calls': 3517886, 'builds': 609, 'verified': 17589, 'mismatch': 0, 'fallback': 0, 'enabled': True} cp240[cov_s=0.60 cov_all=0.69 resc=2 dead=0 nd=2 burnt=0.09] cp500[cov_s=0.61 cov_all=0.77 resc=2 dead=0 nd=2 burnt=0.31] cp960[cov_s=0.62 cov_all=0.87 resc=2 dead=1 nd=1 burnt=0.56]
LAUNCH B100 east default 303 heavy=12 free_kb=2285772 13:22:04
outputs/_gs_runall_dyn.sh: line 71: syntax error near unexpected token `done'
outputs/_gs_runall_dyn.sh: line 71: `  done'
DONE B100_south_half_101 rc=0 size=176399 13:27:07 B100 grid=100 south/half seed=101 steps=960 rescued=3 dead=0 unreachable=1 nd=1 ff_deaths=0 terminal=210 wall=6035s init=0.1s mem=951.3 nsb={'calls': 347474, 'builds': 576, 'verified': 1737, 'mismatch': 0, 'fallback': 0, 'enabled': True} cp240[cov_s=0.49 cov_all=0.53 resc=3 dead=0 nd=1 burnt=0.18] cp500[cov_s=0.54 cov_all=0.66 resc=3 dead=0 nd=1 burnt=0.43] cp960[cov_s=0.55 cov_all=0.80 resc=3 dead=0 nd=1 burnt=0.78]
DONE B100_east_def_101 rc=0 size=172997 13:28:45 B100 grid=100 east/default seed=101 steps=960 rescued=2 dead=1 unreachable=1 nd=1 ff_deaths=1 terminal=210 wall=4783s init=0.1s mem=948.6 nsb={'calls': 377703, 'builds': 387, 'verified': 1888, 'mismatch': 0, 'fallback': 0, 'enabled': True} cp240[cov_s=0.38 cov_all=0.57 resc=2 dead=0 nd=2 burnt=0.09] cp500[cov_s=0.43 cov_all=0.64 resc=2 dead=0 nd=2 burnt=0.31] cp960[cov_s=0.44 cov_all=0.88 resc=2 dead=1 nd=1 burnt=0.56]
DONE B100_south_half_202 rc=0 size=175875 13:42:36 B100 grid=100 south/half seed=202 steps=960 rescued=2 dead=1 unreachable=1 nd=1 ff_deaths=0 terminal=214 wall=6514s init=0.1s mem=952.4 nsb={'calls': 325024, 'builds': 478, 'verified': 1625, 'mismatch': 0, 'fallback': 0, 'enabled': True} cp240[cov_s=0.55 cov_all=0.61 resc=2 dead=1 nd=1 burnt=0.49] cp500[cov_s=0.65 cov_all=0.76 resc=2 dead=1 nd=1 burnt=0.66] cp960[cov_s=0.69 cov_all=0.86 resc=2 dead=1 nd=1 burnt=0.82]
DONE B100_east_def_202 rc=0 size=172332 13:55:03 B100 grid=100 east/default seed=202 steps=960 rescued=1 dead=2 unreachable=1 nd=1 ff_deaths=1 terminal=270 wall=6222s init=0.1s mem=950.9 nsb={'calls': 386939, 'builds': 492, 'verified': 1934, 'mismatch': 0, 'fallback': 0, 'enabled': True} cp240[cov_s=0.30 cov_all=0.54 resc=0 dead=1 nd=2 burnt=0.27] cp500[cov_s=0.43 cov_all=0.69 resc=1 dead=1 nd=2 burnt=0.51] cp960[cov_s=0.44 cov_all=0.78 resc=1 dead=2 nd=1 burnt=0.77]
DONE B100_east_half_202 rc=0 size=176822 14:05:15 B100 grid=100 east/half seed=202 steps=960 rescued=3 dead=1 unreachable=0 nd=0 ff_deaths=1 terminal=374 wall=10188s init=0.1s mem=953.3 nsb={'calls': 4488688, 'builds': 903, 'verified': 22443, 'mismatch': 0, 'fallback': 0, 'enabled': True} cp240[cov_s=0.49 cov_all=0.66 resc=2 dead=1 nd=0 burnt=0.27] cp500[cov_s=0.73 cov_all=0.86 resc=3 dead=1 nd=0 burnt=0.51] cp960[cov_s=0.73 cov_all=0.88 resc=3 dead=1 nd=0 burnt=0.77]
DONE B100_south_half_303 rc=0 size=176606 14:07:15 B100 grid=100 south/half seed=303 steps=960 rescued=3 dead=0 unreachable=1 nd=1 ff_deaths=1 terminal=210 wall=7294s init=0.1s mem=951.6 nsb={'calls': 334225, 'builds': 548, 'verified': 1671, 'mismatch': 0, 'fallback': 0, 'enabled': True} cp240[cov_s=0.58 cov_all=0.68 resc=3 dead=0 nd=1 burnt=0.17] cp500[cov_s=0.63 cov_all=0.74 resc=3 dead=0 nd=1 burnt=0.34] cp960[cov_s=0.64 cov_all=0.81 resc=3 dead=0 nd=1 burnt=0.60]
DONE B100_east_half_303 rc=0 size=175205 14:09:17 B100 grid=100 east/half seed=303 steps=960 rescued=2 dead=2 unreachable=0 nd=0 ff_deaths=1 terminal=294 wall=10290s init=0.1s mem=948.4 nsb={'calls': 3215836, 'builds': 576, 'verified': 16079, 'mismatch': 0, 'fallback': 0, 'enabled': True} cp240[cov_s=0.49 cov_all=0.70 resc=1 dead=2 nd=0 burnt=0.53] cp500[cov_s=0.55 cov_all=0.79 resc=2 dead=2 nd=0 burnt=0.68] cp960[cov_s=0.56 cov_all=0.81 resc=2 dead=2 nd=0 burnt=0.72]
DONE B100_east_half_404 rc=0 size=175415 14:13:03 B100 grid=100 east/half seed=404 steps=960 rescued=1 dead=3 unreachable=0 nd=0 ff_deaths=1 terminal=312 wall=10004s init=0.1s mem=947.2 nsb={'calls': 2861426, 'builds': 619, 'verified': 14307, 'mismatch': 0, 'fallback': 0, 'enabled': True} cp240[cov_s=0.46 cov_all=0.51 resc=1 dead=2 nd=0 burnt=0.48] cp500[cov_s=0.55 cov_all=0.74 resc=1 dead=3 nd=0 burnt=0.74] cp960[cov_s=0.56 cov_all=0.78 resc=1 dead=3 nd=0 burnt=0.76]
DONE B100_south_half_404 rc=0 size=176079 14:22:19 B100 grid=100 south/half seed=404 steps=960 rescued=2 dead=2 unreachable=0 nd=0 ff_deaths=0 terminal=273 wall=8152s init=0.1s mem=954.6 nsb={'calls': 281334, 'builds': 505, 'verified': 1406, 'mismatch': 0, 'fallback': 0, 'enabled': True} cp240[cov_s=0.46 cov_all=0.62 resc=1 dead=0 nd=2 burnt=0.36] cp500[cov_s=0.62 cov_all=0.73 resc=2 dead=2 nd=0 burnt=0.69] cp960[cov_s=0.72 cov_all=0.77 resc=2 dead=2 nd=0 burnt=0.84]
DONE B100_east_half_505 rc=0 size=175785 14:22:51 B100 grid=100 east/half seed=505 steps=960 rescued=1 dead=2 unreachable=1 nd=1 ff_deaths=1 terminal=210 wall=9423s init=0.2s mem=946.1 nsb={'calls': 2632766, 'builds': 715, 'verified': 13163, 'mismatch': 0, 'fallback': 0, 'enabled': True} cp240[cov_s=0.50 cov_all=0.61 resc=1 dead=1 nd=2 burnt=0.46] cp500[cov_s=0.50 cov_all=0.70 resc=1 dead=2 nd=1 burnt=0.72] cp960[cov_s=0.51 cov_all=0.78 resc=1 dead=2 nd=1 burnt=0.77]
DONE B100_south_half_505 rc=0 size=176639 14:41:04 B100 grid=100 south/half seed=505 steps=960 rescued=3 dead=1 unreachable=0 nd=0 ff_deaths=0 terminal=210 wall=9230s init=0.1s mem=954.7 nsb={'calls': 313650, 'builds': 583, 'verified': 1568, 'mismatch': 0, 'fallback': 0, 'enabled': True} cp240[cov_s=0.48 cov_all=0.62 resc=3 dead=0 nd=1 burnt=0.29] cp500[cov_s=0.55 cov_all=0.77 resc=3 dead=1 nd=0 burnt=0.60] cp960[cov_s=0.67 cov_all=0.87 resc=3 dead=1 nd=0 burnt=0.86]
DONE B100_east_def_303 rc=0 size=172028 15:11:35 B100 grid=100 east/default seed=303 steps=960 rescued=1 dead=2 unreachable=1 nd=1 ff_deaths=1 terminal=210 wall=6568s init=0.1s mem=946.7 nsb={'calls': 347247, 'builds': 389, 'verified': 1736, 'mismatch': 0, 'fallback': 0, 'enabled': True} cp240[cov_s=0.32 cov_all=0.67 resc=1 dead=2 nd=1 burnt=0.53] cp500[cov_s=0.33 cov_all=0.82 resc=1 dead=2 nd=1 burnt=0.68] cp960[cov_s=0.40 cov_all=0.90 resc=1 dead=2 nd=1 burnt=0.72]
