START C100 maxproc=13 minfree_kb=2200000 extra=--grid 100 --expose-dims --fast-nsb --verify-nsb 200 --steps 960 --checkpoints 240,500 --const UNDETECTED_STREAK_STEPS=1000000 12:13:08
LAUNCH C100 east half 101 heavy=12 free_kb=3204388 13:28:54
LAUNCH C100 east half 202 heavy=12 free_kb=3249660 13:51:15
LAUNCH C100 east half 303 heavy=12 free_kb=3467184 14:07:21
LAUNCH C100 east half 404 heavy=12 free_kb=3524984 14:09:23
LAUNCH C100 east half 505 heavy=12 free_kb=3661828 14:13:29
LAUNCH C100 south half 101 heavy=12 free_kb=3733552 14:23:20
LAUNCH C100 south half 202 heavy=12 free_kb=3794444 14:26:24
LAUNCH C100 south half 303 heavy=12 free_kb=3783868 14:28:25
LAUNCH C100 south half 404 heavy=12 free_kb=3627796 14:34:37
LAUNCH C100 south half 505 heavy=12 free_kb=3576352 14:59:35
LAUNCH C100 east default 101 heavy=12 free_kb=3142440 15:50:41
DONE C100_south_half_101 rc=0 size=175723 15:57:33 C100 grid=100 south/half seed=101 steps=960 rescued=4 dead=0 unreachable=0 nd=0 ff_deaths=0 terminal=474 wall=5651s init=0.1s mem=962.9 nsb={'calls': 321714, 'builds': 636, 'verified': 1608, 'mismatch': 0, 'fallback': 0, 'enabled': True} cp240[cov_s=0.40 cov_all=0.50 resc=3 dead=0 nd=0 burnt=0.18] cp500[cov_s=0.68 cov_all=0.79 resc=4 dead=0 nd=0 burnt=0.43] cp960[cov_s=0.76 cov_all=0.89 resc=4 dead=0 nd=0 burnt=0.78]
LAUNCH C100 east default 202 heavy=12 free_kb=3168812 15:57:56
DONE C100_east_half_101 rc=0 size=176003 16:14:49 C100 grid=100 east/half seed=101 steps=960 rescued=4 dead=0 unreachable=0 nd=0 ff_deaths=0 terminal=579 wall=9953s init=0.1s mem=953.9 nsb={'calls': 6907252, 'builds': 794, 'verified': 34536, 'mismatch': 0, 'fallback': 0, 'enabled': True} cp240[cov_s=0.63 cov_all=0.72 resc=2 dead=0 nd=0 burnt=0.09] cp500[cov_s=0.79 cov_all=0.89 resc=3 dead=0 nd=0 burnt=0.31] cp960[cov_s=0.83 cov_all=0.95 resc=4 dead=0 nd=0 burnt=0.56]
LAUNCH C100 east default 303 heavy=12 free_kb=3064684 16:15:06
DONE C100_south_half_202 rc=0 size=175226 16:32:48 C100 grid=100 south/half seed=202 steps=960 rescued=3 dead=1 unreachable=0 nd=0 ff_deaths=0 terminal=387 wall=7582s init=0.1s mem=956.2 nsb={'calls': 280226, 'builds': 650, 'verified': 1401, 'mismatch': 0, 'fallback': 0, 'enabled': True} cp240[cov_s=0.54 cov_all=0.62 resc=2 dead=1 nd=0 burnt=0.49] cp500[cov_s=0.77 cov_all=0.81 resc=3 dead=1 nd=0 burnt=0.66] cp960[cov_s=0.78 cov_all=0.83 resc=3 dead=1 nd=0 burnt=0.82]
DONE C100_east_half_202 rc=0 size=176125 16:32:58 C100 grid=100 east/half seed=202 steps=960 rescued=3 dead=1 unreachable=0 nd=0 ff_deaths=1 terminal=374 wall=9701s init=0.1s mem=952.9 nsb={'calls': 3916930, 'builds': 903, 'verified': 19584, 'mismatch': 0, 'fallback': 0, 'enabled': True} cp240[cov_s=0.49 cov_all=0.66 resc=2 dead=1 nd=0 burnt=0.27] cp500[cov_s=0.73 cov_all=0.86 resc=3 dead=1 nd=0 burnt=0.51] cp960[cov_s=0.73 cov_all=0.88 resc=3 dead=1 nd=0 burnt=0.77]
DONE C100_east_half_303 rc=0 size=174489 16:48:25 C100 grid=100 east/half seed=303 steps=960 rescued=2 dead=2 unreachable=0 nd=0 ff_deaths=1 terminal=294 wall=9661s init=0.1s mem=948.6 nsb={'calls': 2608496, 'builds': 576, 'verified': 13042, 'mismatch': 0, 'fallback': 0, 'enabled': True} cp240[cov_s=0.49 cov_all=0.70 resc=1 dead=2 nd=0 burnt=0.53] cp500[cov_s=0.55 cov_all=0.79 resc=2 dead=2 nd=0 burnt=0.68] cp960[cov_s=0.56 cov_all=0.81 resc=2 dead=2 nd=0 burnt=0.72]
DONE C100_east_half_404 rc=0 size=174697 16:51:08 C100 grid=100 east/half seed=404 steps=960 rescued=1 dead=3 unreachable=0 nd=0 ff_deaths=1 terminal=312 wall=9703s init=0.1s mem=948.0 nsb={'calls': 2492038, 'builds': 619, 'verified': 12460, 'mismatch': 0, 'fallback': 0, 'enabled': True} cp240[cov_s=0.46 cov_all=0.51 resc=1 dead=2 nd=0 burnt=0.48] cp500[cov_s=0.55 cov_all=0.74 resc=1 dead=3 nd=0 burnt=0.74] cp960[cov_s=0.56 cov_all=0.78 resc=1 dead=3 nd=0 burnt=0.76]
DONE C100_south_half_303 rc=0 size=175699 16:58:56 C100 grid=100 south/half seed=303 steps=960 rescued=4 dead=0 unreachable=0 nd=0 ff_deaths=2 terminal=505 wall=9029s init=0.1s mem=959.6 nsb={'calls': 287605, 'builds': 575, 'verified': 1438, 'mismatch': 0, 'fallback': 0, 'enabled': True} cp240[cov_s=0.56 cov_all=0.67 resc=3 dead=0 nd=0 burnt=0.17] cp500[cov_s=0.70 cov_all=0.82 resc=3 dead=0 nd=0 burnt=0.34] cp960[cov_s=0.85 cov_all=0.92 resc=4 dead=0 nd=0 burnt=0.60]
DONE C100_south_half_404 rc=0 size=175063 16:59:32 C100 grid=100 south/half seed=404 steps=960 rescued=2 dead=2 unreachable=0 nd=0 ff_deaths=0 terminal=351 wall=8693s init=0.1s mem=957.2 nsb={'calls': 211897, 'builds': 506, 'verified': 1059, 'mismatch': 0, 'fallback': 0, 'enabled': True} cp240[cov_s=0.45 cov_all=0.61 resc=1 dead=0 nd=0 burnt=0.36] cp500[cov_s=0.65 cov_all=0.77 resc=2 dead=2 nd=0 burnt=0.69] cp960[cov_s=0.76 cov_all=0.84 resc=2 dead=2 nd=0 burnt=0.84]
DONE C100_east_def_101 rc=0 size=172803 17:07:40 C100 grid=100 east/default seed=101 steps=960 rescued=4 dead=0 unreachable=0 nd=0 ff_deaths=1 terminal=826 wall=4616s init=0.1s mem=957.0 nsb={'calls': 565305, 'builds': 856, 'verified': 2826, 'mismatch': 0, 'fallback': 0, 'enabled': True} cp240[cov_s=0.38 cov_all=0.57 resc=2 dead=0 nd=0 burnt=0.09] cp500[cov_s=0.61 cov_all=0.78 resc=3 dead=0 nd=0 burnt=0.31] cp960[cov_s=0.82 cov_all=0.97 resc=4 dead=0 nd=0 burnt=0.56]
DONE C100_east_half_505 rc=0 size=174827 17:24:39 C100 grid=100 east/half seed=505 steps=960 rescued=2 dead=2 unreachable=0 nd=0 ff_deaths=1 terminal=752 wall=11468s init=0.1s mem=959.7 nsb={'calls': 6548368, 'builds': 745, 'verified': 32741, 'mismatch': 0, 'fallback': 0, 'enabled': True} cp240[cov_s=0.54 cov_all=0.63 resc=1 dead=1 nd=0 burnt=0.46] cp500[cov_s=0.71 cov_all=0.87 resc=1 dead=2 nd=0 burnt=0.72] cp960[cov_s=0.89 cov_all=0.99 resc=2 dead=2 nd=0 burnt=0.77]
DONE C100_east_def_202 rc=0 size=171876 17:28:05 C100 grid=100 east/default seed=202 steps=960 rescued=3 dead=1 unreachable=0 nd=0 ff_deaths=1 terminal=748 wall=5408s init=0.1s mem=956.9 nsb={'calls': 447701, 'builds': 819, 'verified': 2238, 'mismatch': 0, 'fallback': 0, 'enabled': True} cp240[cov_s=0.30 cov_all=0.54 resc=0 dead=1 nd=0 burnt=0.27] cp500[cov_s=0.57 cov_all=0.74 resc=1 dead=1 nd=0 burnt=0.51] cp960[cov_s=0.74 cov_all=0.88 resc=3 dead=1 nd=0 burnt=0.77]
DONE C100_south_half_505 rc=0 size=175933 17:33:06 C100 grid=100 south/half seed=505 steps=960 rescued=3 dead=1 unreachable=0 nd=0 ff_deaths=0 terminal=336 wall=9209s init=0.1s mem=954.0 nsb={'calls': 260923, 'builds': 538, 'verified': 1304, 'mismatch': 0, 'fallback': 0, 'enabled': True} cp240[cov_s=0.49 cov_all=0.64 resc=3 dead=0 nd=0 burnt=0.29] cp500[cov_s=0.72 cov_all=0.80 resc=3 dead=1 nd=0 burnt=0.60] cp960[cov_s=0.74 cov_all=0.83 resc=3 dead=1 nd=0 burnt=0.86]
DONE C100_east_def_303 rc=0 size=171332 17:45:13 C100 grid=100 east/default seed=303 steps=960 rescued=2 dead=2 unreachable=0 nd=0 ff_deaths=1 terminal=334 wall=5405s init=0.1s mem=949.6 nsb={'calls': 331188, 'builds': 462, 'verified': 1655, 'mismatch': 0, 'fallback': 0, 'enabled': True} cp240[cov_s=0.33 cov_all=0.68 resc=1 dead=2 nd=0 burnt=0.53] cp500[cov_s=0.53 cov_all=0.84 resc=2 dead=2 nd=0 burnt=0.68] cp960[cov_s=0.55 cov_all=0.90 resc=2 dead=2 nd=0 burnt=0.72]
ALL_GS_C100_COMPLETE 17:45:13
