START shim50 maxpar=1 extra=--grid 50 --expose-dims --steps 240 --checkpoints 120,240 --fast-nsb --verify-nsb 50 11:07:38
DONE shim50_east_half_101 rc=0 size=47485 11:15:20 shim50 grid=50 east/half seed=101 steps=240 rescued=2 dead=1 unreachable=0 nd=0 ff_deaths=1 terminal=None wall=460s init=0.0s mem=863.0 nsb={'calls': 423480, 'builds': 239, 'verified': 8469, 'mismatch': 0, 'fallback': 0, 'enabled': True} cp120[cov_s=0.85 cov_all=0.87 resc=1 dead=0 nd=0 burnt=0.21] cp240[cov_s=0.92 cov_all=0.94 resc=2 dead=1 nd=0 burnt=0.45]
START shim50 maxproc=13 minfree_kb=3200000 extra=--grid 50 --expose-dims --steps 240 --checkpoints 120,240 --fast-nsb --verify-nsb 50 11:46:17
LAUNCH shim50 east half 101 heavy=12 free_kb=3247916 13:42:49
DONE shim50_east_half_101 rc=0 size=47442 13:51:07 shim50 grid=50 east/half seed=101 steps=240 rescued=2 dead=1 unreachable=0 nd=0 ff_deaths=1 terminal=None wall=496s init=0.0s mem=863.2 nsb={'calls': 423480, 'builds': 239, 'verified': 8469, 'mismatch': 0, 'fallback': 0, 'enabled': True} cp120[cov_s=0.85 cov_all=0.87 resc=1 dead=0 nd=0 burnt=0.21] cp240[cov_s=0.92 cov_all=0.94 resc=2 dead=1 nd=0 burnt=0.45]
LAUNCH shim50 east half 202 heavy=12 free_kb=3224892 13:55:16
DONE shim50_east_half_202 rc=0 size=47194 14:02:12 shim50 grid=50 east/half seed=202 steps=240 rescued=2 dead=1 unreachable=1 nd=1 ff_deaths=0 terminal=210 wall=414s init=0.0s mem=862.3 nsb={'calls': 428894, 'builds': 214, 'verified': 8577, 'mismatch': 0, 'fallback': 0, 'enabled': True} cp120[cov_s=0.89 cov_all=0.92 resc=1 dead=1 nd=0 burnt=0.10] cp240[cov_s=0.93 cov_all=0.96 resc=2 dead=1 nd=1 burnt=0.30]
LAUNCH shim50 east half 303 heavy=12 free_kb=3245720 14:02:29
LAUNCH shim50 east half 404 heavy=12 free_kb=3314352 14:05:33
DONE shim50_east_half_303 rc=0 size=47653 14:11:44 shim50 grid=50 east/half seed=303 steps=240 rescued=2 dead=1 unreachable=1 nd=1 ff_deaths=0 terminal=210 wall=553s init=0.0s mem=862.0 nsb={'calls': 312022, 'builds': 218, 'verified': 6240, 'mismatch': 0, 'fallback': 0, 'enabled': True} cp120[cov_s=0.76 cov_all=0.84 resc=2 dead=1 nd=0 burnt=0.38] cp240[cov_s=0.79 cov_all=0.88 resc=2 dead=1 nd=1 burnt=0.58]
LAUNCH shim50 east half 505 heavy=12 free_kb=3641060 14:11:45
DONE shim50_east_half_404 rc=0 size=46835 14:14:44 shim50 grid=50 east/half seed=404 steps=240 rescued=2 dead=2 unreachable=0 nd=0 ff_deaths=2 terminal=162 wall=548s init=0.0s mem=862.2 nsb={'calls': 244931, 'builds': 188, 'verified': 4898, 'mismatch': 0, 'fallback': 0, 'enabled': True} cp120[cov_s=0.73 cov_all=0.77 resc=1 dead=1 nd=0 burnt=0.30] cp240[cov_s=0.84 cov_all=0.84 resc=2 dead=2 nd=0 burnt=0.60]
LAUNCH shim50 south half 101 heavy=12 free_kb=3708944 14:14:49
DONE shim50_east_half_505 rc=0 size=47958 14:19:24 shim50 grid=50 east/half seed=505 steps=240 rescued=4 dead=0 unreachable=0 nd=0 ff_deaths=1 terminal=173 wall=458s init=0.0s mem=862.1 nsb={'calls': 307575, 'builds': 190, 'verified': 6151, 'mismatch': 0, 'fallback': 0, 'enabled': True} cp120[cov_s=0.87 cov_all=0.92 resc=3 dead=0 nd=0 burnt=0.27] cp240[cov_s=0.90 cov_all=0.95 resc=4 dead=0 nd=0 burnt=0.44]
LAUNCH shim50 south half 202 heavy=12 free_kb=3655888 14:19:27
LAUNCH shim50 south half 303 heavy=12 free_kb=3693208 14:22:30
DONE shim50_south_half_101 rc=0 size=47668 14:24:08 shim50 grid=50 south/half seed=101 steps=240 rescued=3 dead=1 unreachable=0 nd=0 ff_deaths=0 terminal=215 wall=557s init=0.0s mem=864.5 nsb={'calls': 56893, 'builds': 215, 'verified': 1137, 'mismatch': 0, 'fallback': 0, 'enabled': True} cp120[cov_s=0.78 cov_all=0.91 resc=2 dead=1 nd=0 burnt=0.41] cp240[cov_s=0.90 cov_all=0.97 resc=3 dead=1 nd=0 burnt=0.71]
LAUNCH shim50 south half 404 heavy=12 free_kb=3735512 14:24:32
DONE shim50_south_half_202 rc=0 size=47861 14:26:13 shim50 grid=50 south/half seed=202 steps=240 rescued=4 dead=0 unreachable=0 nd=0 ff_deaths=0 terminal=199 wall=404s init=0.0s mem=862.2 nsb={'calls': 62099, 'builds': 210, 'verified': 1241, 'mismatch': 0, 'fallback': 0, 'enabled': True} cp120[cov_s=0.70 cov_all=0.79 resc=2 dead=0 nd=0 burnt=0.23] cp240[cov_s=0.89 cov_all=0.95 resc=4 dead=0 nd=0 burnt=0.48]
DONE shim50_south_half_303 rc=0 size=47797 14:28:23 shim50 grid=50 south/half seed=303 steps=240 rescued=4 dead=0 unreachable=0 nd=0 ff_deaths=1 terminal=210 wall=351s init=0.0s mem=862.0 nsb={'calls': 62281, 'builds': 215, 'verified': 1245, 'mismatch': 0, 'fallback': 0, 'enabled': True} cp120[cov_s=0.84 cov_all=0.86 resc=2 dead=0 nd=0 burnt=0.13] cp240[cov_s=0.91 cov_all=0.93 resc=4 dead=0 nd=0 burnt=0.41]
DONE shim50_south_half_404 rc=0 size=48146 14:34:25 shim50 grid=50 south/half seed=404 steps=240 rescued=4 dead=0 unreachable=0 nd=0 ff_deaths=0 terminal=191 wall=591s init=0.0s mem=862.3 nsb={'calls': 49930, 'builds': 205, 'verified': 998, 'mismatch': 0, 'fallback': 0, 'enabled': True} cp120[cov_s=0.89 cov_all=0.96 resc=3 dead=0 nd=0 burnt=0.40] cp240[cov_s=0.95 cov_all=0.96 resc=4 dead=0 nd=0 burnt=0.73]
LAUNCH shim50 south half 505 heavy=12 free_kb=3637492 14:41:10
DONE shim50_south_half_505 rc=0 size=47469 14:48:16 shim50 grid=50 south/half seed=505 steps=240 rescued=3 dead=1 unreachable=0 nd=0 ff_deaths=0 terminal=101 wall=422s init=0.0s mem=862.2 nsb={'calls': 36260, 'builds': 124, 'verified': 725, 'mismatch': 0, 'fallback': 0, 'enabled': True} cp120[cov_s=0.77 cov_all=0.83 resc=3 dead=1 nd=0 burnt=0.15] cp240[cov_s=0.83 cov_all=0.91 resc=3 dead=1 nd=0 burnt=0.37]
LAUNCH shim50 east default 101 heavy=12 free_kb=3632908 14:48:24
DONE shim50_east_def_101 rc=0 size=46684 14:54:32 shim50 grid=50 east/default seed=101 steps=240 rescued=1 dead=2 unreachable=1 nd=0 ff_deaths=2 terminal=110 wall=366s init=0.0s mem=860.9 nsb={'calls': 48011, 'builds': 119, 'verified': 960, 'mismatch': 0, 'fallback': 0, 'enabled': True} cp120[cov_s=0.66 cov_all=0.89 resc=1 dead=1 nd=0 burnt=0.21] cp240[cov_s=0.69 cov_all=0.94 resc=1 dead=2 nd=0 burnt=0.45]
LAUNCH shim50 east default 202 heavy=12 free_kb=3588040 14:54:35
DONE shim50_east_def_202 rc=0 size=46767 14:59:23 shim50 grid=50 east/default seed=202 steps=240 rescued=3 dead=1 unreachable=0 nd=0 ff_deaths=1 terminal=168 wall=285s init=0.0s mem=860.6 nsb={'calls': 73376, 'builds': 181, 'verified': 1467, 'mismatch': 0, 'fallback': 0, 'enabled': True} cp120[cov_s=0.53 cov_all=0.78 resc=1 dead=1 nd=0 burnt=0.10] cp240[cov_s=0.74 cov_all=0.94 resc=3 dead=1 nd=0 burnt=0.30]
LAUNCH shim50 east default 303 heavy=12 free_kb=3468120 15:11:45
DONE shim50_east_def_303 rc=0 size=47166 15:19:25 shim50 grid=50 east/default seed=303 steps=240 rescued=3 dead=1 unreachable=0 nd=0 ff_deaths=0 terminal=125 wall=458s init=0.0s mem=860.5 nsb={'calls': 57413, 'builds': 136, 'verified': 1148, 'mismatch': 0, 'fallback': 0, 'enabled': True} cp120[cov_s=0.54 cov_all=0.81 resc=1 dead=1 nd=0 burnt=0.38] cp240[cov_s=0.72 cov_all=0.88 resc=3 dead=1 nd=0 burnt=0.58]
ALL_GS_shim50_COMPLETE 15:19:25
