2026-10-07 08:00:03 START outputs/_ud_replay/_ud_rp_queue_footprint.jsonl 36 runs maxpar=5 min_free=3.0
2026-10-07 08:00:03 LAUNCH udrp_ud2r3_A_N_R0 pid=58336 free=5.2GB running=1
2026-10-07 08:00:05 LAUNCH udrp_ud2r3_A_W_R0 pid=2632 free=4.5GB running=2
2026-10-07 08:00:07 LAUNCH udrp_ud2r3_B_S_R0 pid=54612 free=3.7GB running=3
2026-10-07 08:02:24 LAUNCH udrp_ud2r3_B_W_R0 pid=56600 free=3.6GB running=4
2026-10-07 08:04:01 LAUNCH udrp_ud2r3_C_N_R0 pid=25536 free=3.7GB running=5
2026-10-07 08:11:08 DONE udrp_ud2r3_A_W_R0 rc=0 664s
2026-10-07 08:11:08 LAUNCH udrp_ud2r3_C_S_R0 pid=50184 free=3.8GB running=5
2026-10-07 08:12:01 DONE udrp_ud2r3_B_S_R0 rc=0 714s
2026-10-07 08:12:01 LAUNCH udrp_ud2r3_D_N_R0 pid=56776 free=3.7GB running=5
2026-10-07 08:13:23 DONE udrp_ud2r3_A_N_R0 rc=0 800s
2026-10-07 08:15:28 DONE udrp_ud2r3_C_N_R0 rc=0 687s
2026-10-07 08:15:28 LAUNCH udrp_ud2r3_D_S_R0 pid=56688 free=3.7GB running=4
2026-10-07 08:15:35 LAUNCH udrp_ud2r3_D_W_R0 pid=24828 free=3.8GB running=5
2026-10-07 08:16:27 DONE udrp_ud2r3_B_W_R0 rc=0 843s
2026-10-07 08:16:27 LAUNCH udrp_ud2u3_A_E_R0 pid=47464 free=3.7GB running=5
2026-10-07 08:22:39 DONE udrp_ud2r3_D_N_R0 rc=0 639s
2026-10-07 08:22:44 DONE udrp_ud2r3_C_S_R0 rc=0 696s
2026-10-07 08:23:39 LAUNCH udrp_ud2u3_B_S_R0 pid=49448 free=3.7GB running=4
2026-10-07 08:27:22 DONE udrp_ud2r3_D_S_R0 rc=0 714s
2026-10-07 08:27:22 LAUNCH udrp_ud2u3_B_W_R0 pid=54304 free=4.5GB running=4
2026-10-07 08:27:34 DONE udrp_ud2r3_D_W_R0 rc=0 719s
2026-10-07 08:27:34 LAUNCH udrp_ud2u3_C_N_R0 pid=6056 free=3.6GB running=4
2026-10-07 08:28:06 DONE udrp_ud2u3_A_E_R0 rc=0 699s
2026-10-07 08:28:06 LAUNCH udrp_ud2u3_C_S_R0 pid=29156 free=3.6GB running=4
2026-10-07 08:30:38 LAUNCH udrp_ud2u3_C_W_R0 pid=57900 free=3.5GB running=5
2026-10-07 08:38:36 DONE udrp_ud2u3_B_S_R0 rc=0 896s
2026-10-07 08:38:36 LAUNCH udrp_ud2u3_D_S_R0 pid=13784 free=9.5GB running=5
2026-10-07 08:38:58 DONE udrp_ud2u3_C_S_R0 rc=0 652s
2026-10-07 08:38:58 LAUNCH udrp_ud2r4_A_E_R0 pid=40908 free=9.6GB running=5
2026-10-07 08:39:20 DONE udrp_ud2u3_C_N_R0 rc=0 706s
2026-10-07 08:39:20 LAUNCH udrp_ud2r4_A_N_R0 pid=11056 free=11.2GB running=5
2026-10-07 08:40:02 DONE udrp_ud2u3_B_W_R0 rc=0 760s
2026-10-07 08:40:02 LAUNCH udrp_ud2r4_A_S_R0 pid=52268 free=11.3GB running=5
2026-10-07 08:47:19 DONE udrp_ud2u3_C_W_R0 rc=0 1001s
2026-10-07 08:47:19 LAUNCH udrp_ud2r4_A_W_R0 pid=49792 free=11.1GB running=5
2026-10-07 08:47:46 DONE udrp_ud2u3_D_S_R0 rc=0 551s
2026-10-07 08:47:46 LAUNCH udrp_ud2r4_C_E_R0 pid=25908 free=11.1GB running=5
2026-10-07 08:49:38 DONE udrp_ud2r4_A_E_R0 rc=0 641s
2026-10-07 08:49:38 LAUNCH udrp_ud2r4_C_N_R0 pid=3592 free=11.2GB running=5
2026-10-07 08:49:55 DONE udrp_ud2r4_A_N_R0 rc=0 636s
2026-10-07 08:49:55 LAUNCH udrp_ud2r4_C_S_R0 pid=51948 free=11.2GB running=5
2026-10-07 08:50:42 DONE udrp_ud2r4_A_S_R0 rc=0 641s
2026-10-07 08:50:42 LAUNCH udrp_ud2r4_C_W_R0 pid=26444 free=11.2GB running=5
2026-10-07 08:57:15 DONE udrp_ud2r4_C_N_R0 rc=0 456s
2026-10-07 08:57:15 LAUNCH udrp_ud2r4_D_N_R0 pid=31828 free=11.2GB running=5
2026-10-07 08:58:32 DONE udrp_ud2r4_A_W_R0 rc=0 673s
2026-10-07 08:58:32 LAUNCH udrp_ud2r4_D_S_R0 pid=49604 free=11.2GB running=5
2026-10-07 09:02:19 DONE udrp_ud2r4_C_S_R0 rc=0 744s
2026-10-07 09:02:19 DONE udrp_ud2r4_C_W_R0 rc=0 697s
2026-10-07 09:02:19 LAUNCH udrp_ud2r4_D_W_R0 pid=57400 free=12.0GB running=4
2026-10-07 09:02:21 LAUNCH udrp_ud2u4_A_E_R0 pid=41696 free=11.2GB running=5
2026-10-07 09:06:13 DONE udrp_ud2r4_D_S_R0 rc=0 461s
2026-10-07 09:06:13 LAUNCH udrp_ud2u4_A_N_R0 pid=33652 free=11.2GB running=5
2026-10-07 09:07:30 DONE udrp_ud2r4_D_N_R0 rc=0 616s
2026-10-07 09:07:30 LAUNCH udrp_ud2u4_B_E_R0 pid=28592 free=11.2GB running=5
2026-10-07 09:10:12 DONE udrp_ud2r4_C_E_R0 rc=0 1346s
2026-10-07 09:10:12 LAUNCH udrp_ud2u4_B_W_R0 pid=49768 free=11.2GB running=5
2026-10-07 09:12:05 DONE udrp_ud2u4_A_E_R0 rc=0 584s
2026-10-07 09:12:05 LAUNCH udrp_ud2u4_C_N_R0 pid=57284 free=11.3GB running=5
2026-10-07 09:14:02 DONE udrp_ud2r4_D_W_R0 rc=0 703s
2026-10-07 09:14:02 LAUNCH udrp_ud2u4_C_S_R0 pid=15104 free=11.0GB running=5
2026-10-07 09:16:39 DONE udrp_ud2u4_A_N_R0 rc=0 626s
2026-10-07 09:16:39 LAUNCH udrp_ud2u4_C_W_R0 pid=15528 free=11.3GB running=5
2026-10-07 09:18:46 DONE udrp_ud2u4_B_E_R0 rc=0 676s
2026-10-07 09:18:46 LAUNCH udrp_ud2u4_D_E_R0 pid=43908 free=11.3GB running=5
2026-10-07 09:19:23 DONE udrp_ud2u4_B_W_R0 rc=0 551s
2026-10-07 09:19:23 LAUNCH udrp_ud2u4_D_S_R0 pid=56776 free=11.1GB running=5
2026-10-07 09:19:55 DONE udrp_ud2u4_C_N_R0 rc=0 471s
2026-10-07 09:22:11 DONE udrp_ud2u4_C_S_R0 rc=0 489s
2026-10-07 09:27:51 DONE udrp_ud2u4_C_W_R0 rc=0 672s
2026-10-07 09:28:06 DONE udrp_ud2u4_D_S_R0 rc=0 523s
2026-10-07 09:30:06 DONE udrp_ud2u4_D_E_R0 rc=0 680s
2026-10-07 09:30:11 ALL_MF2_COMPLETE outputs/_ud_replay/_ud_rp_queue_footprint.jsonl 36/36 0 FAIL
