2026-10-07 07:51:42 START outputs/_ud_replay/_ud_rp_queue.jsonl 31 runs maxpar=10 min_free=3.0
2026-10-07 07:51:42 LAUNCH udrp_ud2r3_C_W_R0 pid=49384 free=13.9GB running=1
2026-10-07 07:51:44 LAUNCH udrp_ud2r4_B_N_R0 pid=12772 free=13.1GB running=2
2026-10-07 07:51:46 LAUNCH udrp_ud2r4_B_W_R0 pid=53220 free=12.3GB running=3
2026-10-07 07:51:48 LAUNCH udrp_ud2u3_A_N_R0 pid=39836 free=11.4GB running=4
2026-10-07 07:51:50 LAUNCH udrp_ud2u3_D_N_R0 pid=8976 free=10.6GB running=5
2026-10-07 07:51:52 LAUNCH udrp_ud2u4_B_N_R0 pid=44580 free=9.8GB running=6
2026-10-07 07:51:54 LAUNCH udrp_ud2u4_D_W_R0 pid=54264 free=9.0GB running=7
2026-10-07 07:51:56 LAUNCH udrp_ud3u3_D_N_R0 pid=8580 free=8.1GB running=8
2026-10-07 07:51:58 LAUNCH udrp_ud2r3_C_W_f2_KOown pid=26964 free=7.4GB running=9
2026-10-07 07:52:00 LAUNCH udrp_ud2r3_C_W_f2_KOlast pid=26904 free=6.5GB running=10
2026-10-07 08:02:18 DONE udrp_ud2u3_D_N_R0 rc=0 628s
2026-10-07 08:02:18 LAUNCH udrp_ud2r3_C_W_f2_KOothers pid=40880 free=3.6GB running=10
2026-10-07 08:02:25 DONE udrp_ud3u3_D_N_R0 rc=0 629s
2026-10-07 08:02:40 DONE udrp_ud2u3_A_N_R0 rc=0 652s
2026-10-07 08:02:40 LAUNCH udrp_ud2u3_A_N_f2_KOown pid=19856 free=3.7GB running=9
2026-10-07 08:04:02 DONE udrp_ud2r4_B_N_R0 rc=0 738s
2026-10-07 08:04:32 DONE udrp_ud2u4_D_W_R0 rc=0 758s
2026-10-07 08:04:32 LAUNCH udrp_ud2u3_A_N_f2_KOlast pid=46520 free=3.7GB running=8
2026-10-07 08:04:49 DONE udrp_ud2u4_B_N_R0 rc=0 777s
2026-10-07 08:04:49 LAUNCH udrp_ud2u3_A_N_f2_KOothers pid=37744 free=3.7GB running=8
2026-10-07 08:08:11 DONE udrp_ud2r4_B_W_R0 rc=0 986s
2026-10-07 08:08:11 LAUNCH udrp_ud2u3_D_N_f0_KOown pid=43056 free=3.8GB running=8
2026-10-07 08:09:28 DONE udrp_ud2r3_C_W_R0 rc=0 1067s
2026-10-07 08:09:28 LAUNCH udrp_ud2u3_D_N_f0_KOlast pid=53020 free=3.6GB running=8
2026-10-07 08:09:46 DONE udrp_ud2r3_C_W_f2_KOlast rc=0 1066s
2026-10-07 08:09:46 LAUNCH udrp_ud2u3_D_N_f0_KOothers pid=25716 free=3.7GB running=8
2026-10-07 08:10:33 DONE udrp_ud2r3_C_W_f2_KOown rc=0 1115s
2026-10-07 08:10:33 LAUNCH udrp_ud3u3_D_N_f0_KOown pid=46608 free=3.8GB running=8
2026-10-07 08:13:20 LAUNCH udrp_ud3u3_D_N_f0_KOlast pid=54060 free=3.7GB running=9
2026-10-07 08:13:27 DONE udrp_ud2u3_A_N_f2_KOown rc=0 647s
2026-10-07 08:13:27 LAUNCH udrp_ud3u3_D_N_f0_KOothers pid=56972 free=3.8GB running=9
2026-10-07 08:15:14 LAUNCH udrp_ud2r4_B_N_f1_KOothers pid=56832 free=3.6GB running=10
2026-10-07 08:15:21 DONE udrp_ud2u3_A_N_f2_KOlast rc=0 649s
2026-10-07 08:15:36 DONE udrp_ud2u3_A_N_f2_KOothers rc=0 647s
2026-10-07 08:18:31 DONE udrp_ud2u3_D_N_f0_KOown rc=0 620s
2026-10-07 08:18:31 LAUNCH udrp_ud2r4_B_N_f2_KOown pid=42244 free=3.7GB running=8
2026-10-07 08:19:43 DONE udrp_ud2u3_D_N_f0_KOlast rc=0 615s
2026-10-07 08:19:43 LAUNCH udrp_ud2r4_B_N_f2_KOlast pid=51204 free=3.6GB running=8
2026-10-07 08:19:50 DONE udrp_ud2r3_C_W_f2_KOothers rc=0 1053s
2026-10-07 08:19:50 LAUNCH udrp_ud2r4_B_N_f2_KOothers pid=7932 free=3.7GB running=8
2026-10-07 08:20:03 DONE udrp_ud2u3_D_N_f0_KOothers rc=0 617s
2026-10-07 08:20:03 LAUNCH udrp_ud2r4_B_W_f1_KOothers pid=8356 free=3.7GB running=8
2026-10-07 08:20:50 DONE udrp_ud3u3_D_N_f0_KOown rc=0 617s
2026-10-07 08:20:50 LAUNCH udrp_ud2u4_B_N_f1_KOown pid=35692 free=3.8GB running=8
2026-10-07 08:22:37 LAUNCH udrp_ud2u4_B_N_f1_KOlast pid=54240 free=3.7GB running=9
2026-10-07 08:22:44 LAUNCH udrp_ud2u4_B_N_f1_KOothers pid=39712 free=3.7GB running=10
2026-10-07 08:23:41 DONE udrp_ud3u3_D_N_f0_KOlast rc=0 621s
2026-10-07 08:23:41 DONE udrp_ud3u3_D_N_f0_KOothers rc=0 614s
2026-10-07 08:23:41 LAUNCH udrp_ud2u4_D_W_f1_KOown pid=42880 free=3.7GB running=9
2026-10-07 08:27:23 DONE udrp_ud2r4_B_N_f1_KOothers rc=0 729s
2026-10-07 08:27:23 LAUNCH udrp_ud2u4_D_W_f1_KOlast pid=56020 free=3.7GB running=9
2026-10-07 08:27:25 LAUNCH udrp_ud2u4_D_W_f1_KOothers pid=28260 free=3.6GB running=10
2026-10-07 08:30:37 DONE udrp_ud2r4_B_N_f2_KOown rc=0 726s
2026-10-07 08:31:42 DONE udrp_ud2r4_B_N_f2_KOlast rc=0 719s
2026-10-07 08:32:02 DONE udrp_ud2r4_B_N_f2_KOothers rc=0 732s
2026-10-07 08:33:28 DONE udrp_ud2u4_B_N_f1_KOown rc=0 758s
2026-10-07 08:35:18 DONE udrp_ud2u4_B_N_f1_KOothers rc=0 754s
2026-10-07 08:35:23 DONE udrp_ud2u4_B_N_f1_KOlast rc=0 766s
2026-10-07 08:35:53 DONE udrp_ud2u4_D_W_f1_KOown rc=0 732s
2026-10-07 08:36:13 DONE udrp_ud2r4_B_W_f1_KOothers rc=0 970s
2026-10-07 08:39:08 DONE udrp_ud2u4_D_W_f1_KOlast rc=0 705s
2026-10-07 08:39:18 DONE udrp_ud2u4_D_W_f1_KOothers rc=0 713s
2026-10-07 08:39:23 ALL_MF2_COMPLETE outputs/_ud_replay/_ud_rp_queue.jsonl 31/31 0 FAIL
