Traceback (most recent call last):
  File "E:\Projects\SAS\outputs\_bg_probe.py", line 390, in <module>
    base = run(a.seed, p, a.steps)
  File "E:\Projects\SAS\outputs\_bg_probe.py", line 226, in run
    import wildfire_model as wf
  File "E:\Projects\SAS\wildfire_model.py", line 10, in <module>
    import matplotlib.pyplot as plt
  File "E:\Projects\SAS\.venv\lib\site-packages\matplotlib\pyplot.py", line 69, in <module>
    from matplotlib.figure import Figure, FigureBase, figaspect
  File "E:\Projects\SAS\.venv\lib\site-packages\matplotlib\figure.py", line 40, in <module>
    from matplotlib import _blocking_input, backend_bases, _docstring, projections
  File "E:\Projects\SAS\.venv\lib\site-packages\matplotlib\projections\__init__.py", line 55, in <module>
    from .. import axes, _docstring
  File "E:\Projects\SAS\.venv\lib\site-packages\matplotlib\axes\__init__.py", line 1, in <module>
    from . import _base
  File "<frozen importlib._bootstrap>", line 1027, in _find_and_load
  File "<frozen importlib._bootstrap>", line 1006, in _find_and_load_unlocked
  File "<frozen importlib._bootstrap>", line 688, in _load_unlocked
  File "<frozen importlib._bootstrap_external>", line 879, in exec_module
  File "<frozen importlib._bootstrap_external>", line 975, in get_code
  File "<frozen importlib._bootstrap_external>", line 1074, in get_data
MemoryError
