Traceback (most recent call last):
  File "E:\Projects\SAS\outputs\_bg_probe.py", line 390, in <module>
    base = run(a.seed, p, a.steps)
  File "E:\Projects\SAS\outputs\_bg_probe.py", line 224, in run
    import agents as am
  File "E:\Projects\SAS\agents.py", line 3, in <module>
    import mesa
  File "E:\Projects\SAS\.venv\lib\site-packages\mesa\__init__.py", line 8, in <module>
    import mesa.flat.visualization as visualization
  File "E:\Projects\SAS\.venv\lib\site-packages\mesa\flat\__init__.py", line 2, in <module>
    from mesa.time import *  # noqa
  File "E:\Projects\SAS\.venv\lib\site-packages\mesa\time.py", line 34, in <module>
    from mesa.model import Model
  File "E:\Projects\SAS\.venv\lib\site-packages\mesa\model.py", line 15, in <module>
    from mesa.datacollection import DataCollector
  File "E:\Projects\SAS\.venv\lib\site-packages\mesa\datacollection.py", line 42, in <module>
    import pandas as pd
  File "E:\Projects\SAS\.venv\lib\site-packages\pandas\__init__.py", line 49, in <module>
    from pandas._config import (
  File "E:\Projects\SAS\.venv\lib\site-packages\pandas\_config\__init__.py", line 20, in <module>
    from pandas._config import config
  File "E:\Projects\SAS\.venv\lib\site-packages\pandas\_config\config.py", line 68, in <module>
    from pandas._typing import (
  File "E:\Projects\SAS\.venv\lib\site-packages\pandas\_typing.py", line 198, in <module>
    np.random.Generator,
  File "E:\Projects\SAS\.venv\lib\site-packages\numpy\__init__.py", line 353, in __getattr__
    import numpy.random as random
  File "E:\Projects\SAS\.venv\lib\site-packages\numpy\random\__init__.py", line 180, in <module>
    from . import _pickle
  File "E:\Projects\SAS\.venv\lib\site-packages\numpy\random\_pickle.py", line 1, in <module>
    from .bit_generator import BitGenerator
ImportError: DLL load failed while importing bit_generator: The paging file is too small for this operation to complete.
