WAVE stock start 03:02:58
OK    stock_east_default_202 03:08:45
OK    stock_east_default_101 03:09:07
OK    stock_south_half_303 03:09:54
OK    stock_south_half_202 03:09:59
OK    stock_south_half_505 03:10:00
OK    stock_east_default_303 03:10:05
OK    stock_south_half_404 03:10:11
OK    stock_south_half_101 03:11:20
OK    stock_east_half_404 03:14:04
OK    stock_east_half_505 03:14:40
OK    stock_east_half_101 03:15:16
OK    stock_east_half_202 03:15:18
OK    stock_east_half_303 03:16:00
WAVE stock done 03:16:00
WAVE nodrain start 03:16:00
OK    nodrain_east_default_202 03:21:28
OK    nodrain_east_default_101 03:21:39
OK    nodrain_south_half_303 03:22:40
OK    nodrain_south_half_505 03:22:43
OK    nodrain_south_half_202 03:22:45
OK    nodrain_east_default_303 03:22:51
OK    nodrain_south_half_404 03:22:56
OK    nodrain_south_half_101 03:23:53
OK    nodrain_east_half_404 03:26:45
OK    nodrain_east_half_505 03:27:08
OK    nodrain_east_half_202 03:27:56
OK    nodrain_east_half_101 03:28:00
OK    nodrain_east_half_303 03:28:40
WAVE nodrain done 03:28:40
WAVE forced start 03:28:40
OK    low25_east_default_101 03:32:18
OK    crit12_east_default_101 03:32:20
OK    low25_south_half_101 03:33:07
OK    crit12_south_half_101 03:33:23
OK    low25_east_half_101 03:37:18
OK    crit12_east_half_101 03:38:56
WAVE forced done 03:38:56
ALLDONE 03:38:56
