=== WAVE: observe ===
=== WAVE observe COMPLETE ===
=== WAVE: arm ===
=== WAVE arm COMPLETE ===
ALL_BG2_COMPLETE
DONE observe_east_def_202 rc=0 size=13527
DONE arm_east_def_202 rc=0 size=13797
DONE observe_south_half_303 rc=0 size=13526
DONE arm_south_half_303 rc=0 size=13940
DONE observe_east_def_101 rc=0 size=13528
DONE arm_east_def_101 rc=0 size=13940
DONE observe_south_half_202 rc=0 size=13528
DONE observe_south_half_505 rc=0 size=13525
DONE arm_south_half_202 rc=0 size=13931
DONE arm_south_half_505 rc=0 size=13942
DONE observe_east_def_303 rc=0 size=13528
DONE arm_east_def_303 rc=0 size=13942
DONE observe_south_half_404 rc=0 size=13526
DONE arm_south_half_404 rc=0 size=13942
DONE observe_south_half_101 rc=0 size=13526
DONE arm_south_half_101 rc=0 size=13943
DONE observe_east_half_303 rc=0 size=13525
DONE observe_east_half_404 rc=0 size=13524
DONE arm_east_half_404 rc=0 size=13944
DONE arm_east_half_303 rc=0 size=13939
DONE observe_east_half_505 rc=0 size=13525
DONE arm_east_half_505 rc=0 size=13936
DONE observe_east_half_101 rc=0 size=13525
DONE arm_east_half_101 rc=0 size=13940
DONE observe_east_half_202 rc=0 size=13524
DONE arm_east_half_202 rc=0 size=13877
