ALL 39 RUNS DONE
arm     D/east/default|101  cso=240 bgopt=240 | LIVE fpm=240 fcm=240 bgr=227 sizes={"0": 13, "1": 4, "4": 2, "3": 2, "8": 1, "6": 2, "15": 1, "9": 1, "10": 1, "25": 1, "17": 1, "22": 1, "38": 2, "33": 1, "47": 1, "51": 1, "52": 1, "78": 1, "85": 1, "86": 1, "104": 1, "102": 2, "125": 1, "126": 1, "133": 1, "150": 1, "152": 2, "153": 1, "166": 1, "164": 2, "172": 2, "192": 1, "187": 1, "188": 1, "217": 1, "208": 1, "209": 1, "229": 1, "207": 2, "228": 1, "223": 1, "224": 1, "243": 2, "242": 1, "261": 1, "260": 1, "269": 2, "286": 1, "280": 1, "283": 3, "298": 2, "302": 1, "305": 1, "323": 1, "325": 1, "332": 1, "352": 1, "346": 2, "353": 2, "384": 1, "371": 2, "376": 1, "402": 1, "391": 1, "403": 1, "429": 1, "423": 1, "433": 1, "457": 1, "454": 1, "459": 1, "483": 2, "475": 1, "511": 1, "503": 1, "514": 1, "536": 3, "532": 1, "540": 1, "560": 2, "551": 3, "574": 1, "572": 1, "587": 2, "602": 1, "592": 1, "604": 1, "588": 1, "585": 1, "584": 1, "562": 1, "565": 1, "567": 1, "548": 1, "555": 2, "552": 3, "558": 1, "568": 1, "563": 2, "559": 3, "564": 1, "549": 1, "550": 1, "542": 1, "525": 1, "524": 1, "526": 1, "507": 1, "494": 1, "500": 1, "476": 1, "469": 1, "474": 1, "445": 1, "434": 1, "439": 1, "415": 1, "404": 1, "405": 1, "383": 1, "390": 1, "360": 1, "338": 1, "330": 1, "334": 1, "303": 1, "306": 1, "276": 1, "271": 3, "281": 1, "264": 1, "255": 1, "259": 2, "253": 2, "267": 1, "275": 1, "279": 1, "277": 1, "282": 1, "268": 2, "257": 1, "254": 1, "233": 1, "215": 1, "214": 1, "211": 1, "195": 1, "198": 2, "179": 1, "181": 3, "186": 1, "167": 2, "171": 3, "180": 1, "162": 3, "168": 2, "163": 3, "165": 2, "159": 5, "154": 4, "158": 3, "157": 2, "169": 1, "156": 1, "151": 1, "155": 1, "160": 2} | CF fpm_max=2500 bgr_nonempty=227/240 bgr_max=604 | plan=240 bg_in_space=240 bg_sel=0 | pos=8b792c5bd785b78f
arm     D/east/default|202  cso=240 bgopt=240 | LIVE fpm=240 fcm=240 bgr=223 sizes={"0": 17, "1": 1, "6": 2, "2": 2, "9": 1, "5": 1, "16": 2, "12": 2, "24": 1, "22": 1, "23": 3, "32": 3, "39": 1, "40": 3, "42": 1, "45": 2, "48": 4, "50": 2, "52": 2, "54": 3, "58": 2, "59": 2, "61": 4, "62": 4, "64": 2, "65": 1, "67": 3, "56": 3, "53": 5, "51": 3, "47": 2, "46": 2, "38": 1, "34": 2, "25": 3, "19": 1, "21": 3, "20": 1, "27": 1, "26": 1, "29": 1, "31": 1, "33": 1, "41": 2, "63": 1, "60": 2, "68": 5, "66": 6, "71": 2, "92": 3, "86": 2, "85": 1, "103": 3, "93": 2, "96": 3, "106": 2, "97": 2, "95": 2, "99": 4, "90": 4, "91": 5, "104": 2, "94": 2, "110": 2, "102": 2, "105": 2, "112": 1, "107": 3, "109": 2, "122": 1, "108": 2, "118": 1, "119": 1, "100": 6, "98": 2, "101": 2, "89": 1, "79": 1, "80": 2, "78": 1, "74": 4, "72": 3, "76": 2, "69": 2, "75": 1, "70": 1, "49": 1, "55": 3, "77": 2, "87": 3, "83": 1, "113": 2, "88": 1, "111": 1, "130": 1, "117": 1, "144": 1, "137": 1, "139": 1, "154": 1, "155": 1, "158": 1, "188": 1, "177": 1, "176": 1, "195": 1, "187": 1, "192": 1, "215": 1, "206": 1, "203": 1, "224": 1, "216": 1, "223": 1, "240": 1, "225": 1, "219": 1} | CF fpm_max=2500 bgr_nonempty=223/240 bgr_max=240 | plan=240 bg_in_space=240 bg_sel=0 | pos=b94423a089465ddc
arm     D/east/default|303  cso=240 bgopt=240 | LIVE fpm=240 fcm=240 bgr=229 sizes={"0": 11, "1": 6, "2": 4, "4": 1, "5": 2, "8": 2, "11": 1, "27": 2, "21": 1, "54": 1, "38": 1, "50": 1, "95": 1, "65": 1, "81": 1, "129": 1, "109": 1, "114": 1, "168": 1, "146": 1, "148": 1, "214": 1, "192": 1, "198": 2, "259": 1, "240": 1, "254": 1, "300": 1, "305": 2, "310": 1, "369": 1, "365": 2, "432": 1, "415": 1, "421": 1, "475": 1, "451": 1, "453": 1, "531": 1, "505": 1, "509": 1, "572": 1, "567": 1, "571": 2, "637": 3, "628": 1, "636": 1, "692": 1, "686": 2, "693": 1, "741": 1, "750": 2, "749": 1, "791": 1, "793": 2, "795": 1, "832": 1, "843": 2, "847": 1, "871": 1, "875": 1, "872": 1, "874": 1, "869": 1, "859": 1, "868": 1, "854": 2, "831": 1, "824": 1, "828": 1, "806": 1, "798": 1, "777": 1, "766": 1, "771": 1, "755": 1, "743": 1, "731": 1, "712": 1, "722": 1, "696": 1, "683": 1, "689": 1, "669": 2, "657": 1, "665": 1, "630": 1, "623": 2, "629": 2, "606": 2, "620": 2, "610": 2, "611": 1, "615": 3, "612": 1, "613": 1, "640": 1, "651": 1, "650": 1, "641": 1, "644": 1, "664": 1, "659": 2, "662": 1, "678": 1, "679": 1, "691": 1, "706": 1, "718": 1, "701": 2, "719": 2, "714": 1, "707": 2, "716": 1, "725": 1, "724": 2, "704": 1, "680": 3, "667": 1, "656": 1, "638": 1, "624": 1, "599": 1, "601": 1, "591": 1, "586": 1, "587": 1, "585": 1, "582": 1, "577": 1, "557": 1, "561": 1, "555": 1, "535": 1, "527": 1, "516": 1, "478": 1, "461": 1, "456": 1, "420": 1, "403": 1, "392": 1, "356": 1, "337": 1, "343": 1, "295": 1, "297": 1, "268": 1, "266": 1, "275": 1, "239": 2, "252": 1, "226": 1, "220": 1, "225": 1, "194": 4, "195": 3, "201": 1, "182": 1, "185": 1, "174": 1, "176": 1, "177": 1, "179": 3, "191": 2, "180": 4, "190": 1, "186": 2, "189": 1, "199": 2, "188": 1, "196": 1, "184": 1, "187": 1, "197": 1, "203": 1, "200": 2, "212": 1} | CF fpm_max=2500 bgr_nonempty=229/240 bgr_max=875 | plan=240 bg_in_space=240 bg_sel=0 | pos=7212fc8025f5492f
arm     D/east/half|101  cso=240 bgopt=240 | LIVE fpm=240 fcm=240 bgr=237 sizes={"0": 3, "1": 10, "4": 3, "5": 2, "7": 1, "2": 1, "3": 2, "16": 2, "6": 1, "25": 1, "12": 1, "40": 1, "27": 1, "30": 1, "57": 1, "53": 1, "55": 1, "81": 1, "77": 1, "76": 1, "105": 1, "96": 1, "97": 1, "114": 1, "113": 1, "115": 1, "139": 1, "135": 1, "141": 1, "167": 2, "166": 1, "182": 1, "181": 1, "179": 1, "209": 1, "196": 1, "200": 1, "234": 1, "218": 1, "217": 1, "243": 1, "228": 1, "229": 1, "252": 1, "246": 1, "247": 1, "266": 1, "268": 3, "287": 2, "283": 3, "305": 1, "301": 2, "304": 1, "319": 1, "315": 1, "322": 1, "335": 3, "341": 1, "356": 1, "357": 1, "364": 1, "382": 1, "369": 1, "379": 1, "398": 2, "386": 1, "416": 1, "417": 1, "426": 1, "447": 2, "453": 1, "471": 1, "468": 1, "473": 1, "498": 1, "493": 1, "500": 1, "518": 1, "520": 1, "526": 1, "546": 1, "539": 1, "548": 1, "564": 1, "562": 1, "568": 1, "588": 1, "575": 1, "579": 1, "605": 1, "590": 1, "596": 1, "608": 1, "595": 1, "601": 1, "607": 3, "593": 1, "598": 1, "609": 2, "617": 1, "613": 1, "621": 2, "625": 1, "628": 3, "626": 2, "629": 1, "627": 1, "635": 1, "631": 4, "636": 3, "633": 1, "649": 2, "637": 1, "643": 4, "653": 2, "651": 1, "645": 3, "659": 2, "642": 2, "641": 2, "658": 2, "668": 1, "640": 1, "673": 1, "646": 1, "676": 1, "683": 1, "652": 1, "647": 1, "672": 1, "654": 1, "678": 1, "667": 1, "664": 1, "616": 1, "614": 1, "587": 1, "572": 1, "571": 1, "522": 1, "507": 1, "509": 1, "459": 1, "448": 1, "427": 1, "392": 1, "374": 1, "372": 1, "350": 1, "344": 1, "343": 1, "332": 1, "334": 1, "333": 1, "337": 1, "338": 1, "317": 1, "302": 1, "296": 1, "270": 2, "274": 1, "276": 2, "291": 1, "282": 2, "284": 2, "298": 1, "289": 1, "279": 1, "290": 1, "280": 1, "257": 1, "251": 1, "249": 1, "241": 1, "244": 1, "256": 2, "250": 1, "255": 1, "272": 1, "259": 2, "262": 1, "269": 1, "261": 2} | CF fpm_max=2500 bgr_nonempty=237/240 bgr_max=683 | plan=240 bg_in_space=240 bg_sel=0 | pos=4830220c3be6f50c
arm     D/east/half|202  cso=240 bgopt=240 | LIVE fpm=240 fcm=240 bgr=223 sizes={"0": 17, "1": 2, "5": 1, "2": 2, "7": 1, "6": 1, "13": 1, "8": 1, "10": 1, "22": 1, "18": 1, "25": 1, "33": 1, "34": 1, "36": 1, "40": 3, "43": 5, "49": 2, "55": 3, "56": 1, "58": 2, "60": 2, "63": 4, "69": 3, "67": 1, "71": 2, "72": 2, "78": 1, "66": 2, "64": 1, "61": 1, "74": 1, "59": 3, "65": 1, "51": 1, "46": 1, "45": 3, "41": 3, "39": 2, "48": 1, "53": 1, "68": 1, "70": 1, "76": 2, "77": 1, "83": 1, "84": 1, "88": 1, "95": 1, "91": 1, "96": 1, "99": 2, "102": 1, "110": 1, "108": 1, "113": 1, "124": 2, "118": 1, "132": 1, "129": 1, "134": 2, "142": 3, "137": 2, "140": 3, "153": 3, "141": 3, "149": 2, "154": 3, "165": 4, "163": 2, "167": 2, "179": 2, "174": 4, "190": 2, "177": 1, "172": 3, "175": 7, "161": 2, "159": 1, "176": 1, "162": 3, "160": 4, "181": 2, "188": 1, "173": 3, "187": 2, "168": 4, "180": 1, "196": 3, "182": 2, "194": 1, "191": 2, "198": 2, "192": 1, "202": 1, "166": 3, "170": 3, "186": 1, "151": 2, "147": 1, "144": 1, "148": 2, "135": 1, "138": 1, "139": 2, "152": 2, "146": 1, "157": 1, "184": 1, "164": 1, "189": 1, "193": 1, "183": 1, "212": 1, "199": 1, "222": 1, "215": 3, "214": 1, "208": 1, "211": 1, "225": 3, "207": 1, "213": 1, "220": 1, "231": 1, "223": 1, "240": 1, "235": 1, "233": 1, "249": 1, "241": 1, "234": 1} | CF fpm_max=2500 bgr_nonempty=223/240 bgr_max=249 | plan=240 bg_in_space=240 bg_sel=0 | pos=fc5951d09a795797
arm     D/east/half|303  cso=240 bgopt=240 | LIVE fpm=240 fcm=240 bgr=226 sizes={"0": 14, "1": 7, "2": 2, "4": 1, "5": 1, "7": 1, "10": 1, "12": 1, "22": 1, "27": 1, "38": 1, "44": 1, "54": 1, "74": 1, "75": 1, "82": 1, "108": 1, "107": 1, "111": 1, "152": 1, "134": 2, "143": 1, "187": 1, "177": 4, "184": 1, "230": 2, "219": 1, "234": 1, "272": 1, "276": 1, "283": 1, "335": 1, "332": 1, "349": 1, "392": 1, "384": 1, "396": 1, "439": 1, "431": 1, "434": 1, "489": 2, "484": 1, "531": 2, "537": 1, "541": 1, "585": 1, "584": 1, "592": 1, "637": 1, "636": 1, "634": 1, "676": 1, "681": 2, "697": 1, "723": 1, "713": 1, "721": 1, "747": 1, "748": 2, "759": 1, "772": 1, "783": 1, "789": 1, "799": 1, "797": 1, "800": 1, "817": 1, "807": 1, "813": 1, "821": 1, "806": 2, "811": 1, "825": 1, "792": 1, "795": 1, "777": 1, "763": 1, "773": 1, "727": 1, "718": 1, "700": 1, "690": 1, "666": 1, "644": 2, "596": 1, "583": 1, "566": 1, "532": 1, "520": 1, "477": 1, "451": 2, "415": 2, "399": 1, "404": 2, "391": 1, "383": 1, "408": 2, "409": 1, "444": 1, "422": 1, "420": 2, "453": 1, "413": 1, "401": 1, "436": 1, "403": 1, "400": 1, "445": 1, "446": 1, "429": 1, "424": 1, "454": 2, "437": 1, "435": 1, "470": 1, "462": 1, "464": 1, "475": 1, "447": 1, "463": 1, "458": 1, "449": 1, "450": 1, "425": 1, "419": 1, "379": 1, "370": 1, "348": 1, "327": 1, "317": 1, "305": 1, "290": 1, "278": 1, "270": 1, "250": 1, "242": 1, "214": 1, "207": 1, "199": 2, "186": 1, "179": 1, "171": 2, "178": 2, "175": 3, "162": 1, "155": 2, "154": 1, "144": 2, "146": 1, "151": 1, "142": 1, "138": 2, "136": 4, "129": 3, "132": 1, "125": 1, "124": 1, "130": 2, "121": 1, "122": 1, "145": 1, "149": 3, "140": 1, "139": 1, "147": 1, "166": 3, "150": 1, "160": 1, "153": 1, "158": 2, "174": 1, "164": 3, "185": 1, "173": 1, "192": 1, "180": 1, "165": 1, "168": 1, "169": 1, "163": 2, "157": 1} | CF fpm_max=2500 bgr_nonempty=226/240 bgr_max=825 | plan=240 bg_in_space=240 bg_sel=0 | pos=befe0d308afedc5d
MemoryError: Out of memory interning an attribute name

The above exception was the direct cause of the following exception:

Traceback (most recent call last):
  File "E:\Projects\SAS\outputs\_bg_probe.py", line 390, in <module>
    base = run(a.seed, p, a.steps)
  File "E:\Projects\SAS\outputs\_bg_probe.py", line 226, in run
    import wildfire_model as wf
  File "E:\Projects\SAS\wildfire_model.py", line 10, in <module>
    import matplotlib.pyplot as plt
  File "E:\Projects\SAS\.venv\lib\site-packages\matplotlib\__init__.py", line 161, in <module>
    from . import _api, _version, cbook, _docstring, rcsetup
  File "E:\Projects\SAS\.venv\lib\site-packages\matplotlib\rcsetup.py", line 28, in <module>
    from matplotlib.colors import Colormap, is_color_like
  File "E:\Projects\SAS\.venv\lib\site-packages\matplotlib\colors.py", line 57, in <module>
    from matplotlib import _api, _cm, cbook, scale, _image
ImportError: initialization failed
arm     D/east/half|505  cso=240 bgopt=240 | LIVE fpm=240 fcm=240 bgr=223 sizes={"0": 17, "1": 1, "3": 3, "5": 3, "12": 1, "9": 2, "18": 1, "13": 1, "17": 1, "34": 1, "23": 1, "26": 1, "56": 1, "39": 1, "50": 1, "91": 1, "73": 1, "77": 1, "129": 1, "103": 1, "108": 1, "166": 2, "143": 1, "145": 1, "196": 1, "189": 1, "193": 1, "243": 2, "231": 1, "233": 1, "274": 1, "279": 2, "323": 1, "324": 1, "322": 1, "362": 1, "359": 2, "400": 2, "399": 1, "401": 1, "432": 1, "435": 1, "440": 1, "477": 2, "480": 1, "504": 2, "507": 1, "514": 1, "543": 1, "540": 1, "544": 1, "584": 1, "592": 1, "596": 1, "624": 1, "639": 1, "641": 1, "670": 1, "675": 1, "679": 1, "707": 1, "708": 2, "735": 3, "726": 4, "733": 1, "760": 1, "742": 2, "744": 1, "764": 1, "740": 2, "746": 2, "738": 2, "748": 1, "727": 3, "723": 1, "716": 1, "712": 1, "714": 1, "728": 2, "757": 2, "771": 1, "769": 1, "777": 4, "789": 2, "774": 1, "780": 4, "773": 2, "784": 1, "772": 1, "765": 1, "762": 1, "766": 3, "775": 1, "793": 2, "782": 1, "787": 1, "806": 3, "794": 1, "815": 1, "811": 2, "830": 1, "822": 1, "821": 1, "838": 1, "832": 1, "833": 1, "843": 1, "836": 1, "834": 1, "845": 1, "827": 1, "817": 1, "798": 1, "790": 1, "778": 1, "770": 1, "753": 1, "705": 1, "698": 1, "691": 1, "663": 1, "652": 1, "646": 1, "625": 1, "616": 1, "609": 1, "581": 1, "576": 1, "575": 1, "552": 1, "547": 2, "533": 1, "532": 1, "528": 1, "509": 1, "498": 1, "487": 1, "482": 1, "473": 1, "457": 1, "462": 1, "458": 1, "438": 1, "428": 1, "424": 1, "405": 1, "394": 1, "380": 1, "374": 1, "369": 1, "356": 1, "350": 1, "343": 1, "330": 1, "329": 1, "325": 1, "315": 1, "310": 1, "303": 1, "294": 1, "282": 1, "270": 1, "255": 2, "253": 1, "238": 1, "234": 1, "219": 1, "210": 1, "207": 1, "190": 2, "192": 1, "184": 1, "180": 1, "176": 1, "172": 2, "170": 1, "164": 2, "163": 1, "161": 1} | CF fpm_max=2500 bgr_nonempty=223/240 bgr_max=845 | plan=240 bg_in_space=240 bg_sel=0 | pos=7eaca1683c0512d4
arm     D/south/half|101  cso=240 bgopt=240 | LIVE fpm=240 fcm=240 bgr=232 sizes={"0": 8, "1": 6, "3": 3, "4": 1, "5": 1, "6": 1, "8": 1, "12": 2, "13": 1, "26": 2, "27": 1, "37": 1, "36": 1, "41": 1, "49": 1, "48": 1, "51": 1, "72": 1, "68": 1, "70": 1, "98": 1, "90": 1, "103": 1, "122": 1, "121": 1, "134": 1, "164": 1, "161": 1, "168": 1, "218": 1, "193": 1, "211": 1, "270": 1, "256": 2, "263": 2, "324": 1, "315": 1, "321": 1, "375": 1, "379": 1, "383": 1, "430": 1, "438": 1, "441": 1, "489": 1, "480": 1, "486": 1, "526": 1, "498": 1, "494": 1, "523": 1, "500": 2, "508": 1, "530": 1, "522": 1, "527": 1, "570": 1, "538": 2, "581": 1, "552": 1, "549": 1, "603": 1, "573": 1, "572": 1, "627": 1, "619": 1, "618": 1, "665": 2, "647": 2, "680": 2, "681": 1, "706": 1, "714": 1, "715": 2, "739": 2, "741": 1, "770": 1, "772": 1, "775": 1, "804": 1, "782": 1, "787": 1, "808": 1, "800": 1, "796": 1, "822": 1, "817": 1, "820": 1, "848": 1, "847": 1, "850": 1, "865": 1, "861": 1, "866": 1, "892": 1, "875": 3, "881": 1, "901": 1, "888": 1, "894": 1, "925": 2, "904": 1, "916": 1, "935": 2, "911": 1, "922": 2, "941": 3, "934": 1, "919": 1, "920": 1, "931": 1, "933": 1, "950": 1, "938": 1, "955": 1, "928": 1, "932": 1, "924": 1, "921": 1, "907": 1, "890": 1, "871": 1, "862": 1, "863": 1, "841": 1, "827": 1, "839": 1, "811": 1, "801": 1, "791": 1, "749": 1, "730": 1, "731": 1, "726": 1, "729": 1, "742": 1, "724": 1, "719": 1, "735": 1, "711": 1, "721": 1, "691": 2, "684": 1, "650": 1, "666": 1, "645": 1, "628": 1, "626": 1, "602": 1, "585": 1, "589": 1, "554": 1, "535": 1, "529": 1, "511": 1, "497": 1, "475": 1, "463": 1, "469": 1, "440": 1, "428": 1, "424": 1, "397": 1, "381": 1, "387": 1, "358": 1, "345": 1, "334": 1, "312": 1, "307": 1, "294": 1, "276": 1, "278": 1, "284": 1, "272": 1, "262": 1, "261": 1, "249": 2, "246": 1, "255": 2, "238": 4, "241": 2, "251": 2, "233": 3, "232": 2, "230": 1, "239": 1, "234": 1, "243": 2, "247": 1, "250": 1, "254": 1, "258": 1, "273": 2, "274": 1} | CF fpm_max=2500 bgr_nonempty=232/240 bgr_max=955 | plan=240 bg_in_space=240 bg_sel=0 | pos=04a3aba28435f5e4
arm     D/south/half|202  cso=240 bgopt=240 | LIVE fpm=240 fcm=240 bgr=226 sizes={"0": 14, "1": 3, "4": 2, "2": 2, "8": 2, "5": 2, "16": 1, "7": 1, "19": 2, "10": 1, "12": 1, "22": 1, "17": 1, "26": 1, "31": 1, "36": 1, "49": 1, "54": 1, "61": 1, "69": 1, "73": 1, "79": 1, "93": 2, "90": 2, "101": 1, "94": 1, "110": 1, "102": 1, "103": 1, "116": 2, "117": 1, "135": 1, "139": 1, "141": 1, "164": 1, "155": 2, "187": 1, "174": 1, "177": 1, "207": 2, "189": 1, "195": 1, "232": 2, "222": 3, "223": 2, "257": 2, "246": 2, "291": 1, "272": 2, "274": 1, "313": 3, "305": 1, "308": 2, "347": 1, "340": 1, "344": 1, "373": 1, "380": 1, "386": 1, "437": 1, "408": 1, "412": 1, "443": 2, "436": 1, "473": 1, "455": 1, "457": 1, "491": 2, "490": 2, "505": 1, "506": 1, "514": 1, "539": 1, "538": 1, "543": 1, "564": 1, "559": 1, "555": 1, "565": 1, "535": 2, "541": 1, "525": 1, "524": 1, "522": 1, "498": 1, "493": 1, "471": 1, "465": 1, "460": 1, "440": 1, "433": 1, "432": 1, "421": 1, "411": 1, "407": 1, "390": 1, "377": 1, "365": 1, "334": 1, "318": 2, "327": 1, "312": 1, "311": 1, "317": 1, "309": 1, "314": 1, "323": 1, "322": 1, "296": 1, "244": 1, "225": 3, "213": 1, "201": 2, "192": 1, "199": 1, "196": 3, "190": 1, "191": 1, "188": 1, "180": 1, "183": 2, "172": 1, "167": 1, "165": 1, "150": 1, "147": 1, "153": 3, "146": 1, "148": 1, "157": 1, "154": 2, "156": 3, "166": 3, "160": 3, "168": 1, "173": 2, "178": 1, "186": 1, "193": 1, "210": 4, "212": 1, "219": 2, "227": 3, "242": 2, "224": 6, "233": 3, "236": 2, "228": 1, "234": 1, "229": 2, "243": 1, "230": 1, "240": 1, "237": 1, "248": 1, "241": 3, "252": 1, "239": 1, "220": 1, "218": 1, "209": 1, "235": 1, "203": 1, "217": 1, "194": 1, "206": 1} | CF fpm_max=2500 bgr_nonempty=226/240 bgr_max=565 | plan=240 bg_in_space=240 bg_sel=0 | pos=fa486f775c9bae27
arm     D/south/half|303  cso=240 bgopt=240 | LIVE fpm=240 fcm=240 bgr=231 sizes={"0": 9, "1": 4, "3": 3, "6": 1, "11": 1, "16": 2, "17": 1, "2": 1, "4": 2, "12": 1, "9": 1, "15": 1, "25": 1, "31": 1, "33": 1, "44": 1, "52": 1, "55": 1, "75": 1, "70": 2, "89": 1, "83": 1, "85": 1, "105": 1, "95": 2, "119": 1, "111": 1, "112": 1, "136": 1, "121": 2, "139": 2, "128": 1, "126": 1, "140": 2, "162": 2, "155": 1, "153": 1, "176": 2, "166": 1, "178": 1, "171": 2, "183": 2, "177": 1, "185": 3, "184": 3, "182": 1, "193": 1, "191": 2, "198": 1, "192": 4, "189": 1, "205": 1, "186": 1, "188": 3, "194": 1, "203": 1, "190": 1, "197": 2, "181": 1, "195": 1, "196": 1, "209": 1, "204": 1, "206": 1, "219": 1, "213": 1, "214": 1, "228": 2, "224": 1, "245": 1, "244": 2, "251": 3, "263": 3, "267": 1, "284": 2, "269": 1, "276": 2, "288": 2, "278": 1, "294": 1, "293": 1, "302": 1, "300": 1, "312": 2, "320": 2, "322": 2, "326": 2, "341": 1, "334": 1, "342": 1, "355": 2, "347": 2, "354": 1, "366": 3, "363": 2, "371": 2, "384": 1, "385": 1, "379": 1, "382": 2, "399": 1, "383": 1, "398": 3, "390": 1, "391": 3, "410": 1, "402": 4, "404": 2, "416": 2, "396": 1, "408": 2, "405": 1, "403": 1, "394": 1, "380": 1, "374": 1, "352": 1, "348": 2, "338": 1, "335": 2, "331": 2, "317": 2, "308": 2, "309": 1, "295": 1, "287": 1, "298": 1, "259": 1, "261": 2, "268": 1, "249": 2, "237": 1, "260": 1, "256": 2, "258": 2, "265": 1, "262": 2, "257": 1, "274": 2, "271": 1, "250": 1, "286": 1, "297": 1, "290": 2, "306": 1, "303": 1, "323": 1, "315": 2, "333": 1, "325": 1, "336": 2, "340": 1, "349": 2, "344": 2, "356": 1, "361": 2, "358": 1, "359": 1} | CF fpm_max=2500 bgr_nonempty=231/240 bgr_max=416 | plan=240 bg_in_space=240 bg_sel=0 | pos=1f362dd7cb4e4597
arm     D/south/half|404  cso=240 bgopt=240 | LIVE fpm=240 fcm=240 bgr=237 sizes={"0": 3, "1": 6, "3": 5, "4": 4, "6": 2, "8": 2, "11": 1, "15": 1, "23": 2, "26": 1, "38": 1, "36": 1, "37": 1, "42": 1, "45": 1, "58": 1, "73": 1, "70": 1, "79": 1, "94": 1, "97": 1, "101": 1, "121": 2, "129": 1, "160": 1, "150": 1, "168": 1, "210": 1, "196": 1, "206": 1, "253": 1, "232": 1, "247": 1, "309": 4, "294": 1, "302": 1, "354": 1, "337": 1, "353": 1, "415": 1, "402": 1, "416": 1, "458": 1, "466": 1, "482": 1, "519": 1, "528": 1, "543": 1, "585": 1, "589": 1, "609": 1, "651": 1, "641": 1, "650": 1, "703": 1, "697": 1, "699": 1, "755": 1, "735": 1, "736": 1, "775": 2, "763": 1, "806": 1, "807": 1, "814": 1, "846": 1, "844": 2, "867": 1, "852": 1, "860": 1, "880": 1, "882": 1, "894": 1, "910": 1, "903": 2, "909": 1, "927": 2, "918": 2, "948": 2, "928": 1, "947": 1, "970": 1, "963": 1, "973": 2, "992": 1, "981": 2, "982": 1, "984": 1, "966": 1, "993": 1, "980": 1, "978": 1, "958": 1, "942": 1, "922": 1, "916": 1, "898": 1, "897": 1, "874": 1, "870": 1, "868": 1, "839": 1, "832": 1, "836": 1, "804": 1, "802": 1, "808": 1, "782": 1, "770": 1, "761": 1, "711": 1, "696": 1, "706": 1, "676": 3, "667": 1, "689": 2, "677": 2, "688": 1, "673": 1, "672": 1, "686": 1, "670": 1, "671": 1, "701": 1, "691": 1, "712": 1, "692": 2, "695": 1, "678": 1, "668": 2, "669": 1, "679": 1, "662": 1, "660": 1, "635": 1, "617": 1, "618": 1, "592": 1, "573": 1, "570": 1, "536": 1, "531": 1, "555": 1, "520": 1, "521": 1, "550": 1, "505": 1, "489": 1, "495": 1, "454": 1, "455": 1, "468": 1, "449": 2, "443": 1, "431": 1, "430": 1, "439": 1, "427": 1, "426": 1, "434": 1, "414": 3, "391": 1, "389": 1, "385": 1, "369": 1, "362": 1, "364": 1, "339": 1, "344": 1, "350": 1, "336": 2, "349": 1, "332": 1, "331": 2, "335": 2, "321": 2, "306": 1, "323": 2, "313": 2, "325": 2, "310": 3, "324": 1, "311": 1, "316": 1, "320": 2, "330": 3, "317": 1, "318": 1, "327": 1, "326": 1} | CF fpm_max=2500 bgr_nonempty=237/240 bgr_max=993 | plan=240 bg_in_space=240 bg_sel=0 | pos=c866e277e634e803
arm     D/south/half|505  cso=240 bgopt=240 | LIVE fpm=240 fcm=240 bgr=230 sizes={"0": 10, "1": 3, "3": 1, "2": 3, "6": 1, "9": 2, "11": 1, "16": 1, "5": 2, "34": 1, "10": 1, "12": 1, "42": 1, "26": 1, "28": 1, "58": 1, "41": 2, "67": 1, "69": 1, "76": 1, "99": 1, "101": 1, "105": 1, "129": 1, "137": 1, "141": 1, "158": 1, "156": 2, "188": 3, "178": 1, "180": 2, "206": 1, "192": 2, "199": 2, "217": 2, "208": 2, "227": 3, "228": 3, "246": 2, "248": 3, "267": 2, "266": 3, "279": 3, "276": 2, "281": 2, "274": 3, "273": 3, "289": 2, "278": 2, "290": 1, "280": 2, "291": 1, "284": 3, "299": 2, "293": 2, "296": 1, "311": 4, "306": 3, "307": 1, "324": 2, "310": 2, "308": 3, "317": 2, "312": 1, "316": 2, "329": 3, "327": 1, "332": 1, "315": 1, "313": 3, "305": 2, "309": 1, "303": 2, "298": 2, "287": 2, "277": 1, "272": 2, "271": 3, "269": 3, "270": 1, "263": 2, "264": 3, "265": 1, "260": 2, "259": 1, "256": 3, "253": 3, "254": 4, "252": 1, "257": 1, "249": 1, "250": 2, "242": 1, "237": 1, "241": 1, "229": 2, "203": 2, "201": 1, "209": 1, "189": 2, "193": 1, "183": 3, "185": 3, "194": 2, "179": 1, "190": 1, "177": 2, "181": 1, "171": 2, "172": 2, "164": 1, "163": 1, "166": 1, "152": 1, "157": 1, "160": 2, "144": 1, "146": 1, "159": 1, "153": 2, "161": 1, "154": 1, "165": 1, "168": 1, "169": 1, "176": 1, "195": 1, "211": 1, "210": 1, "218": 1, "235": 1, "233": 1, "275": 1, "294": 1, "286": 1, "288": 1, "318": 1, "319": 1, "330": 1, "320": 1, "326": 1, "340": 1} | CF fpm_max=2500 bgr_nonempty=230/240 bgr_max=340 | plan=240 bg_in_space=240 bg_sel=0 | pos=f7c4db1f75f61eb3
nopatch D/east/default|101  pos=8b792c5bd785b78f rescued=2 dead=2 term=165
nopatch D/east/default|202  pos=b94423a089465ddc rescued=3 dead=1 term=171
nopatch D/east/default|303  pos=7212fc8025f5492f rescued=2 dead=2 term=115
nopatch D/east/half|101  pos=4830220c3be6f50c rescued=2 dead=2 term=210
nopatch D/east/half|202  pos=fc5951d09a795797 rescued=2 dead=2 term=210
nopatch D/east/half|303  pos=befe0d308afedc5d rescued=1 dead=3 term=141
nopatch D/east/half|404  pos=94caeb6a8f5581fe rescued=2 dead=2 term=96
nopatch D/east/half|505  pos=7eaca1683c0512d4 rescued=1 dead=3 term=183
nopatch D/south/half|101  pos=04a3aba28435f5e4 rescued=3 dead=1 term=197
nopatch D/south/half|202  pos=fa486f775c9bae27 rescued=3 dead=1 term=190
nopatch D/south/half|303  pos=1f362dd7cb4e4597 rescued=3 dead=1 term=113
nopatch D/south/half|505  pos=f7c4db1f75f61eb3 rescued=3 dead=1 term=108
observe D/east/default|101  cso=240 bgopt=240 | LIVE fpm=0 fcm=0 bgr=0 sizes={"0": 240} | CF fpm_max=2500 bgr_nonempty=227/240 bgr_max=604 | plan=240 bg_in_space=240 bg_sel=0 | pos=8b792c5bd785b78f
observe D/east/default|202  cso=240 bgopt=240 | LIVE fpm=0 fcm=0 bgr=0 sizes={"0": 240} | CF fpm_max=2500 bgr_nonempty=223/240 bgr_max=240 | plan=240 bg_in_space=240 bg_sel=0 | pos=b94423a089465ddc
observe D/east/default|303  cso=240 bgopt=240 | LIVE fpm=0 fcm=0 bgr=0 sizes={"0": 240} | CF fpm_max=2500 bgr_nonempty=229/240 bgr_max=875 | plan=240 bg_in_space=240 bg_sel=0 | pos=7212fc8025f5492f
observe D/east/half|101  cso=240 bgopt=240 | LIVE fpm=0 fcm=0 bgr=0 sizes={"0": 240} | CF fpm_max=2500 bgr_nonempty=237/240 bgr_max=683 | plan=240 bg_in_space=240 bg_sel=0 | pos=4830220c3be6f50c
Traceback (most recent call last):
  File "E:\Projects\SAS\outputs\_bg_probe.py", line 390, in <module>
    base = run(a.seed, p, a.steps)
  File "E:\Projects\SAS\outputs\_bg_probe.py", line 226, in run
    import wildfire_model as wf
  File "E:\Projects\SAS\wildfire_model.py", line 10, in <module>
    import matplotlib.pyplot as plt
  File "E:\Projects\SAS\.venv\lib\site-packages\matplotlib\pyplot.py", line 69, in <module>
    from matplotlib.figure import Figure, FigureBase, figaspect
  File "E:\Projects\SAS\.venv\lib\site-packages\matplotlib\figure.py", line 40, in <module>
    from matplotlib import _blocking_input, backend_bases, _docstring, projections
  File "E:\Projects\SAS\.venv\lib\site-packages\matplotlib\projections\__init__.py", line 55, in <module>
    from .. import axes, _docstring
  File "E:\Projects\SAS\.venv\lib\site-packages\matplotlib\axes\__init__.py", line 1, in <module>
    from . import _base
  File "<frozen importlib._bootstrap>", line 1027, in _find_and_load
  File "<frozen importlib._bootstrap>", line 1006, in _find_and_load_unlocked
  File "<frozen importlib._bootstrap>", line 688, in _load_unlocked
  File "<frozen importlib._bootstrap_external>", line 879, in exec_module
  File "<frozen importlib._bootstrap_external>", line 975, in get_code
  File "<frozen importlib._bootstrap_external>", line 1074, in get_data
MemoryError
observe D/east/half|303  cso=240 bgopt=240 | LIVE fpm=0 fcm=0 bgr=0 sizes={"0": 240} | CF fpm_max=2500 bgr_nonempty=226/240 bgr_max=825 | plan=240 bg_in_space=240 bg_sel=0 | pos=befe0d308afedc5d
observe D/east/half|404  cso=240 bgopt=240 | LIVE fpm=0 fcm=0 bgr=0 sizes={"0": 240} | CF fpm_max=2500 bgr_nonempty=237/240 bgr_max=782 | plan=240 bg_in_space=240 bg_sel=0 | pos=94caeb6a8f5581fe
observe D/east/half|505  cso=240 bgopt=240 | LIVE fpm=0 fcm=0 bgr=0 sizes={"0": 240} | CF fpm_max=2500 bgr_nonempty=223/240 bgr_max=845 | plan=240 bg_in_space=240 bg_sel=0 | pos=7eaca1683c0512d4
observe D/south/half|101  cso=240 bgopt=240 | LIVE fpm=0 fcm=0 bgr=0 sizes={"0": 240} | CF fpm_max=2500 bgr_nonempty=232/240 bgr_max=955 | plan=240 bg_in_space=240 bg_sel=0 | pos=04a3aba28435f5e4
observe D/south/half|202  cso=240 bgopt=240 | LIVE fpm=0 fcm=0 bgr=0 sizes={"0": 240} | CF fpm_max=2500 bgr_nonempty=226/240 bgr_max=565 | plan=240 bg_in_space=240 bg_sel=0 | pos=fa486f775c9bae27
Traceback (most recent call last):
  File "E:\Projects\SAS\outputs\_bg_probe.py", line 390, in <module>
    base = run(a.seed, p, a.steps)
  File "E:\Projects\SAS\outputs\_bg_probe.py", line 224, in run
    import agents as am
  File "E:\Projects\SAS\agents.py", line 3, in <module>
    import mesa
  File "E:\Projects\SAS\.venv\lib\site-packages\mesa\__init__.py", line 8, in <module>
    import mesa.flat.visualization as visualization
  File "E:\Projects\SAS\.venv\lib\site-packages\mesa\flat\__init__.py", line 2, in <module>
    from mesa.time import *  # noqa
  File "E:\Projects\SAS\.venv\lib\site-packages\mesa\time.py", line 34, in <module>
    from mesa.model import Model
  File "E:\Projects\SAS\.venv\lib\site-packages\mesa\model.py", line 15, in <module>
    from mesa.datacollection import DataCollector
  File "E:\Projects\SAS\.venv\lib\site-packages\mesa\datacollection.py", line 42, in <module>
    import pandas as pd
  File "E:\Projects\SAS\.venv\lib\site-packages\pandas\__init__.py", line 49, in <module>
    from pandas._config import (
  File "E:\Projects\SAS\.venv\lib\site-packages\pandas\_config\__init__.py", line 20, in <module>
    from pandas._config import config
  File "E:\Projects\SAS\.venv\lib\site-packages\pandas\_config\config.py", line 68, in <module>
    from pandas._typing import (
  File "E:\Projects\SAS\.venv\lib\site-packages\pandas\_typing.py", line 198, in <module>
    np.random.Generator,
  File "E:\Projects\SAS\.venv\lib\site-packages\numpy\__init__.py", line 353, in __getattr__
    import numpy.random as random
  File "E:\Projects\SAS\.venv\lib\site-packages\numpy\random\__init__.py", line 180, in <module>
    from . import _pickle
  File "E:\Projects\SAS\.venv\lib\site-packages\numpy\random\_pickle.py", line 1, in <module>
    from .bit_generator import BitGenerator
ImportError: DLL load failed while importing bit_generator: The paging file is too small for this operation to complete.
observe D/south/half|404  cso=240 bgopt=240 | LIVE fpm=0 fcm=0 bgr=0 sizes={"0": 240} | CF fpm_max=2500 bgr_nonempty=237/240 bgr_max=993 | plan=240 bg_in_space=240 bg_sel=0 | pos=c866e277e634e803
Traceback (most recent call last):
  File "E:\Projects\SAS\outputs\_bg_probe.py", line 390, in <module>
    base = run(a.seed, p, a.steps)
  File "E:\Projects\SAS\outputs\_bg_probe.py", line 226, in run
    import wildfire_model as wf
  File "E:\Projects\SAS\wildfire_model.py", line 10, in <module>
    import matplotlib.pyplot as plt
  File "E:\Projects\SAS\.venv\lib\site-packages\matplotlib\pyplot.py", line 69, in <module>
    from matplotlib.figure import Figure, FigureBase, figaspect
  File "E:\Projects\SAS\.venv\lib\site-packages\matplotlib\figure.py", line 40, in <module>
    from matplotlib import _blocking_input, backend_bases, _docstring, projections
  File "E:\Projects\SAS\.venv\lib\site-packages\matplotlib\projections\__init__.py", line 55, in <module>
    from .. import axes, _docstring
  File "E:\Projects\SAS\.venv\lib\site-packages\matplotlib\axes\__init__.py", line 2, in <module>
    from ._axes import Axes
  File "<frozen importlib._bootstrap>", line 1027, in _find_and_load
  File "<frozen importlib._bootstrap>", line 1006, in _find_and_load_unlocked
  File "<frozen importlib._bootstrap>", line 688, in _load_unlocked
  File "<frozen importlib._bootstrap_external>", line 879, in exec_module
  File "<frozen importlib._bootstrap_external>", line 975, in get_code
  File "<frozen importlib._bootstrap_external>", line 1074, in get_data
MemoryError
