=== WAVE nopatch start 22:01:04 ===
=== WAVE nopatch done 22:01:04 ===
FAIL nopatch_east_half_101 :: 
FAIL nopatch_east_half_202 :: 
FAIL nopatch_east_half_303 :: 
FAIL nopatch_east_half_404 :: 
FAIL nopatch_east_half_505 :: 
FAIL nopatch_south_half_101 :: 
FAIL nopatch_south_half_202 :: 
FAIL nopatch_south_half_303 :: 
FAIL nopatch_south_half_404 :: 
FAIL nopatch_south_half_505 :: 
FAIL nopatch_east_default_101 :: 
FAIL nopatch_east_default_202 :: 
FAIL nopatch_east_default_303 :: 
=== WAVE live start 22:01:05 ===
=== WAVE live done 22:01:05 ===
FAIL live_east_half_101 :: 
FAIL live_east_half_202 :: 
FAIL live_east_half_303 :: 
FAIL live_east_half_404 :: 
FAIL live_east_half_505 :: 
FAIL live_south_half_101 :: 
FAIL live_south_half_202 :: 
FAIL live_south_half_303 :: 
FAIL live_south_half_404 :: 
FAIL live_south_half_505 :: 
FAIL live_east_default_101 :: 
FAIL live_east_default_202 :: 
FAIL live_east_default_303 :: 
=== WAVE arm start 22:01:07 ===
      0 [main] bash 1874 dofork: child -1 - forked process 34272 died unexpectedly, retry 0, exit code 0xC000012D, errno 11
outputs/_bgc_run.sh: fork: retry: Resource temporarily unavailable
outputs/_bgc_run.sh: fork: Resource temporarily unavailable
=== WAVE arm done 22:01:09 ===
      0 [main] tail (25756) child_copy: cygheap read copy failed, 0x0..0x800028460, done 0, windows pid 25756, Win32 error 299
      0 [main] tr (18416) child_copy: cygheap read copy failed, 0x0..0x800028420, done 0, windows pid 18416, Win32 error 299
FAIL arm_east_half_101 :: 
      0 [main] bash 1902 dofork: child -1 - forked process 9968 died unexpectedly, retry 0, exit code 0xC000012D, errno 11
outputs/_bgc_run.sh: fork: retry: Resource temporarily unavailable
2025008 [main] bash 1902 dofork: child -1 - CreateProcessW failed for 'D:\Programs\Git\usr\bin\bash.exe', errno 27
outputs/_bgc_run.sh: fork: File too large
FAIL arm_east_half_202 :: 
      0 [main] tr (20856) child_copy: cygheap read copy failed, 0x0..0x800028420, done 0, windows pid 20856, Win32 error 299
FAIL arm_east_half_303 :: 
      0 [main] bash 1906 dofork: child -1 - forked process 28392 died unexpectedly, retry 0, exit code 0xC000012D, errno 11
outputs/_bgc_run.sh: fork: retry: Resource temporarily unavailable
2051741 [main] bash 1906 dofork: child -1 - forked process 11828 died unexpectedly, retry 0, exit code 0xC000012D, errno 11
outputs/_bgc_run.sh: fork: retry: Resource temporarily unavailable
FAIL arm_east_half_404 :: 
      0 [main] bash (20092) child_copy: cygheap read copy failed, 0x0..0x800025A90, done 0, windows pid 20092, Win32 error 299
      0 [main] bash 1891 dofork: child -1 - forked process 20092 died unexpectedly, retry 0, exit code 0xC0000142, errno 11
outputs/_bgc_run.sh: fork: retry: Resource temporarily unavailable
2450240 [main] bash 1891 dofork: child -1 - forked process 3476 died unexpectedly, retry 0, exit code 0xC000012D, errno 11
outputs/_bgc_run.sh: fork: retry: Resource temporarily unavailable
      1 [main] bash (22920) child_copy: cygheap read copy failed, 0x0..0x800025A90, done 0, windows pid 22920, Win32 error 299
12563357 [main] bash 1891 dofork: child -1 - forked process 22920 died unexpectedly, retry 0, exit code 0xC0000142, errno 11
outputs/_bgc_run.sh: fork: retry: Resource temporarily unavailable
      0 [main] bash 1909 dofork: child -1 - forked process 19312 died unexpectedly, retry 0, exit code 0xC000012D, errno 11
outputs/_bgc_run.sh: fork: retry: Resource temporarily unavailable
2015327 [main] bash 1909 dofork: child -1 - CreateProcessW failed for 'D:\Programs\Git\usr\bin\bash.exe', errno 27
outputs/_bgc_run.sh: fork: File too large
FAIL arm_east_half_505 :: 
      0 [main] bash (32816) child_copy: cygheap read copy failed, 0x0..0x800025DE0, done 0, windows pid 32816, Win32 error 299
      0 [main] bash 1910 dofork: child -1 - forked process 32816 died unexpectedly, retry 0, exit code 0xC0000142, errno 11
outputs/_bgc_run.sh: fork: retry: Resource temporarily unavailable
FAIL arm_south_half_101 :: ImportError: Error importing numpy: you should not try to import numpy from         its source directory; please exit the numpy source tree, and relaunch         your python interpreter from there. 
FAIL arm_south_half_202 :: 
FAIL arm_south_half_303 :: 
      0 [main] bash 1924 dofork: child -1 - forked process 5764 died unexpectedly, retry 0, exit code 0xC000012D, errno 11
outputs/_bgc_run.sh: fork: retry: Resource temporarily unavailable
      0 [main] bash (31504) child_copy: cygheap read copy failed, 0x0..0x800025DE0, done 0, windows pid 31504, Win32 error 299
4106311 [main] bash 1924 dofork: child -1 - forked process 31504 died unexpectedly, retry 0, exit code 0xC0000142, errno 11
outputs/_bgc_run.sh: fork: retry: Resource temporarily unavailable
FAIL arm_south_half_404 :: 
      0 [main] bash (28372) child_copy: cygheap read copy failed, 0x0..0x800025DE0, done 0, windows pid 28372, Win32 error 299
      0 [main] bash 1927 dofork: child -1 - forked process 28372 died unexpectedly, retry 0, exit code 0xC0000142, errno 11
outputs/_bgc_run.sh: fork: retry: Resource temporarily unavailable
      0 [main] bash (36816) child_copy: cygheap read copy failed, 0x0..0x800025DE0, done 0, windows pid 36816, Win32 error 299
7853963 [main] bash 1927 dofork: child -1 - forked process 36816 died unexpectedly, retry 0, exit code 0xC0000142, errno 11
outputs/_bgc_run.sh: fork: retry: Resource temporarily unavailable
      0 [main] bash (25108) child_copy: cygheap read copy failed, 0x0..0x800025DE0, done 0, windows pid 25108, Win32 error 299
13033839 [main] bash 1927 dofork: child -1 - forked process 25108 died unexpectedly, retry 0, exit code 0xC0000142, errno 11
outputs/_bgc_run.sh: fork: retry: Resource temporarily unavailable
15083533 [main] bash 1927 dofork: child -1 - CreateProcessW failed for 'D:\Programs\Git\usr\bin\bash.exe', errno 27
outputs/_bgc_run.sh: fork: File too large
FAIL arm_south_half_505 :: 
FAIL arm_east_default_101 :: 
80469797 [main] bash 1891 dofork: child -1 - CreateProcessW failed for 'D:\Programs\Git\usr\bin\bash.exe', errno 11
outputs/_bgc_run.sh: fork: retry: Resource temporarily unavailable
tail: cannot open 'outputs/_bgc_logs/arm_east_default_202.err' for reading: No such file or directory
FAIL arm_east_default_202 :: 
tail: cannot open 'outputs/_bgc_logs/arm_east_default_303.err' for reading: No such file or directory
FAIL arm_east_default_303 :: 
=== ALL WAVES DONE 22:03:00 ===
ls: cannot access 'outputs/_bgc_run_*.json': No such file or directory
0
BGC_BATCH_COMPLETE
