D/east/half|101 stdout_sha=a5483a645ac06ba8 pos_sha=797d7f17f49366f6 fire_sha=c39224fb126f0d2b scorch_sha=352e17539b1b4663 color_sha=34dc6786f43d85e7 {"virgin": 913, "burning": 94, "burnt": 1134, "scorched": 359}
[RescueInvariant] step=52 victim=victim_3 assigned but firefighters=[]
[RescueInvariant] step=53 victim=victim_3 assigned but firefighters=[]
[RescueInvariant] step=54 victim=victim_3 assigned but firefighters=[]
[RescueInvariant] step=55 victim=victim_3 assigned but firefighters=[]
[RescueInvariant] step=56 victim=victim_3 assigned but firefighters=[]
[RescueInvariant] step=145 victim=victim_0 assigned but firefighters=[]
[RescueInvariant] step=146 victim=victim_0 assigned but firefighters=[]
[RescueInvariant] step=147 victim=victim_0 assigned but firefighters=[]
[RescueInvariant] step=148 victim=victim_0 assigned but firefighters=[]
[RescueInvariant] step=149 victim=victim_0 assigned but firefighters=[]
[RescueInvariant] step=150 victim=victim_0 assigned but firefighters=[]
[RescueInvariant] step=151 victim=victim_0 assigned but firefighters=[]
[RescueInvariant] step=152 victim=victim_0 assigned but firefighters=[]
[RescueInvariant] step=157 victim=victim_0 assigned but firefighters=[]
[RescueInvariant] step=158 victim=victim_0 assigned but firefighters=[]
D/south/half|101 stdout_sha=674b5d2c9bda70b3 pos_sha=2e2adecbe0b26aab fire_sha=f6d95f077ea1c760 scorch_sha=f5a09972c3849fde color_sha=ee573808ed57d452 {"virgin": 151, "burning": 59, "burnt": 1782, "scorched": 508}
[RescueInvariant] step=169 victim=victim_0 assigned but firefighters=[]
[RescueInvariant] step=170 victim=victim_0 assigned but firefighters=[]
[RescueInvariant] step=174 victim=victim_0 assigned but firefighters=[]
[RescueInvariant] step=175 victim=victim_0 assigned but firefighters=[]
[RescueInvariant] step=176 victim=victim_0 assigned but firefighters=[]
[RescueInvariant] step=177 victim=victim_0 assigned but firefighters=[]
[RescueInvariant] step=178 victim=victim_0 assigned but firefighters=[]
[RescueInvariant] step=179 victim=victim_0 assigned but firefighters=[]
[RescueInvariant] step=180 victim=victim_0 assigned but firefighters=[]
[RescueInvariant] step=181 victim=victim_0 assigned but firefighters=[]
[RescueInvariant] step=182 victim=victim_0 assigned but firefighters=[]
[RescueInvariant] step=183 victim=victim_0 assigned but firefighters=[]
[RescueInvariant] step=184 victim=victim_0 assigned but firefighters=[]
[RescueInvariant] step=185 victim=victim_0 assigned but firefighters=[]
[RescueInvariant] step=189 victim=victim_0 assigned but firefighters=[]
[RescueInvariant] step=190 victim=victim_0 assigned but firefighters=[]
[RescueInvariant] step=192 victim=victim_0 assigned but firefighters=['ff_unit_0', 'ff_unit_1']
[RescueInvariant] step=192 firefighter=ff_unit_1 assigned to victim_0 but victim firefighter_id=ff_unit_0
[RescueInvariant] step=193 victim=victim_0 assigned but firefighters=['ff_unit_0', 'ff_unit_1']
[RescueInvariant] step=193 firefighter=ff_unit_1 assigned to victim_0 but victim firefighter_id=ff_unit_0
[RescueInvariant] step=194 victim=victim_0 assigned but firefighters=['ff_unit_0', 'ff_unit_1']
[RescueInvariant] step=194 firefighter=ff_unit_1 assigned to victim_0 but victim firefighter_id=ff_unit_0
[RescueInvariant] step=195 victim=victim_0 assigned but firefighters=['ff_unit_0', 'ff_unit_1']
[RescueInvariant] step=195 firefighter=ff_unit_1 assigned to victim_0 but victim firefighter_id=ff_unit_0
[RescueInvariant] step=196 victim=victim_0 assigned but firefighters=['ff_unit_0', 'ff_unit_1']
[RescueInvariant] step=196 firefighter=ff_unit_1 assigned to victim_0 but victim firefighter_id=ff_unit_0
[RescueInvariant] step=197 victim=victim_0 assigned but firefighters=['ff_unit_0', 'ff_unit_1']
[RescueInvariant] step=197 firefighter=ff_unit_1 assigned to victim_0 but victim firefighter_id=ff_unit_0
[RescueInvariant] step=198 victim=victim_0 assigned but firefighters=['ff_unit_0', 'ff_unit_1']
[RescueInvariant] step=198 firefighter=ff_unit_1 assigned to victim_0 but victim firefighter_id=ff_unit_0
[RescueInvariant] step=199 victim=victim_0 assigned but firefighters=['ff_unit_0', 'ff_unit_1']
[RescueInvariant] step=199 firefighter=ff_unit_1 assigned to victim_0 but victim firefighter_id=ff_unit_0
[RescueInvariant] step=200 victim=victim_0 assigned but firefighters=['ff_unit_0', 'ff_unit_1']
[RescueInvariant] step=200 firefighter=ff_unit_1 assigned to victim_0 but victim firefighter_id=ff_unit_0
[RescueInvariant] step=201 victim=victim_0 assigned but firefighters=['ff_unit_0', 'ff_unit_1']
[RescueInvariant] step=201 firefighter=ff_unit_1 assigned to victim_0 but victim firefighter_id=ff_unit_0
[RescueInvariant] step=202 victim=victim_0 assigned but firefighters=['ff_unit_0', 'ff_unit_1']
[RescueInvariant] step=202 firefighter=ff_unit_1 assigned to victim_0 but victim firefighter_id=ff_unit_0
[RescueInvariant] step=203 victim=victim_0 assigned but firefighters=['ff_unit_0', 'ff_unit_1']
[RescueInvariant] step=203 firefighter=ff_unit_1 assigned to victim_0 but victim firefighter_id=ff_unit_0
[RescueInvariant] step=204 victim=victim_0 assigned but firefighters=['ff_unit_0', 'ff_unit_1']
[RescueInvariant] step=204 firefighter=ff_unit_1 assigned to victim_0 but victim firefighter_id=ff_unit_0
[RescueInvariant] step=205 victim=victim_0 assigned but firefighters=['ff_unit_0', 'ff_unit_1']
[RescueInvariant] step=205 firefighter=ff_unit_1 assigned to victim_0 but victim firefighter_id=ff_unit_0
[RescueInvariant] step=206 victim=victim_0 assigned but firefighters=['ff_unit_0', 'ff_unit_1']
[RescueInvariant] step=206 firefighter=ff_unit_1 assigned to victim_0 but victim firefighter_id=ff_unit_0
[RescueInvariant] step=207 victim=victim_0 assigned but firefighters=['ff_unit_0', 'ff_unit_1']
[RescueInvariant] step=207 firefighter=ff_unit_1 assigned to victim_0 but victim firefighter_id=ff_unit_0
[RescueInvariant] step=208 victim=victim_0 assigned but firefighters=['ff_unit_0', 'ff_unit_1']
[RescueInvariant] step=208 firefighter=ff_unit_1 assigned to victim_0 but victim firefighter_id=ff_unit_0
[RescueInvariant] step=209 victim=victim_0 assigned but firefighters=['ff_unit_0', 'ff_unit_1']
[RescueInvariant] step=209 firefighter=ff_unit_1 assigned to victim_0 but victim firefighter_id=ff_unit_0
[RescueInvariant] step=210 victim=victim_0 assigned but firefighters=['ff_unit_0', 'ff_unit_1']
[RescueInvariant] step=210 firefighter=ff_unit_1 assigned to victim_0 but victim firefighter_id=ff_unit_0
[RescueInvariant] step=211 victim=victim_0 assigned but firefighters=['ff_unit_0', 'ff_unit_1']
[RescueInvariant] step=211 firefighter=ff_unit_1 assigned to victim_0 but victim firefighter_id=ff_unit_0
[RescueInvariant] step=212 victim=victim_0 assigned but firefighters=['ff_unit_0', 'ff_unit_1']
[RescueInvariant] step=212 firefighter=ff_unit_1 assigned to victim_0 but victim firefighter_id=ff_unit_0
[RescueInvariant] step=213 victim=victim_0 assigned but firefighters=['ff_unit_0', 'ff_unit_1']
[RescueInvariant] step=213 firefighter=ff_unit_1 assigned to victim_0 but victim firefighter_id=ff_unit_0
[RescueInvariant] step=214 victim=victim_0 assigned but firefighters=['ff_unit_0', 'ff_unit_1']
[RescueInvariant] step=214 firefighter=ff_unit_1 assigned to victim_0 but victim firefighter_id=ff_unit_0
D/east/default|101 stdout_sha=b9b8547f9e2c2b61 pos_sha=7ae4cec1b65dec9f fire_sha=c39224fb126f0d2b scorch_sha=352e17539b1b4663 color_sha=34dc6786f43d85e7 {"virgin": 913, "burning": 94, "burnt": 1134, "scorched": 359}
WROTE outputs/_sc_control_bmpost.json
