D/east/half      full 7d95e96897c7 stripped 670b35f29850 ff_keys ['alive', 'assigned', 'exiting', 'id', 'nearest_fire_dist', 'position', 'route_blocked', 'status'] (448 s)
[RescueInvariant] step=52 victim=victim_3 assigned but firefighters=[]
[RescueInvariant] step=53 victim=victim_3 assigned but firefighters=[]
[RescueInvariant] step=54 victim=victim_3 assigned but firefighters=[]
[RescueInvariant] step=55 victim=victim_3 assigned but firefighters=[]
[RescueInvariant] step=56 victim=victim_3 assigned but firefighters=[]
[RescueInvariant] step=145 victim=victim_0 assigned but firefighters=[]
[RescueInvariant] step=146 victim=victim_0 assigned but firefighters=[]
[RescueInvariant] step=147 victim=victim_0 assigned but firefighters=[]
[RescueInvariant] step=148 victim=victim_0 assigned but firefighters=[]
[RescueInvariant] step=149 victim=victim_0 assigned but firefighters=[]
[RescueInvariant] step=150 victim=victim_0 assigned but firefighters=[]
[RescueInvariant] step=151 victim=victim_0 assigned but firefighters=[]
[RescueInvariant] step=152 victim=victim_0 assigned but firefighters=[]
[RescueInvariant] step=157 victim=victim_0 assigned but firefighters=[]
[RescueInvariant] step=158 victim=victim_0 assigned but firefighters=[]
D/south/half     full 96b31fe551ea stripped 25d41bbd19b2 ff_keys ['alive', 'assigned', 'exiting', 'id', 'nearest_fire_dist', 'position', 'route_blocked', 'status'] (297 s)
[RescueInvariant] step=169 victim=victim_0 assigned but firefighters=[]
[RescueInvariant] step=170 victim=victim_0 assigned but firefighters=[]
[RescueInvariant] step=174 victim=victim_0 assigned but firefighters=[]
[RescueInvariant] step=175 victim=victim_0 assigned but firefighters=[]
[RescueInvariant] step=176 victim=victim_0 assigned but firefighters=[]
[RescueInvariant] step=177 victim=victim_0 assigned but firefighters=[]
[RescueInvariant] step=178 victim=victim_0 assigned but firefighters=[]
[RescueInvariant] step=179 victim=victim_0 assigned but firefighters=[]
[RescueInvariant] step=180 victim=victim_0 assigned but firefighters=[]
[RescueInvariant] step=181 victim=victim_0 assigned but firefighters=[]
[RescueInvariant] step=182 victim=victim_0 assigned but firefighters=[]
[RescueInvariant] step=183 victim=victim_0 assigned but firefighters=[]
[RescueInvariant] step=184 victim=victim_0 assigned but firefighters=[]
[RescueInvariant] step=185 victim=victim_0 assigned but firefighters=[]
[RescueInvariant] step=189 victim=victim_0 assigned but firefighters=[]
[RescueInvariant] step=190 victim=victim_0 assigned but firefighters=[]
[RescueInvariant] step=192 victim=victim_0 assigned but firefighters=['ff_unit_0', 'ff_unit_1']
[RescueInvariant] step=192 firefighter=ff_unit_1 assigned to victim_0 but victim firefighter_id=ff_unit_0
[RescueInvariant] step=193 victim=victim_0 assigned but firefighters=['ff_unit_0', 'ff_unit_1']
[RescueInvariant] step=193 firefighter=ff_unit_1 assigned to victim_0 but victim firefighter_id=ff_unit_0
[RescueInvariant] step=194 victim=victim_0 assigned but firefighters=['ff_unit_0', 'ff_unit_1']
[RescueInvariant] step=194 firefighter=ff_unit_1 assigned to victim_0 but victim firefighter_id=ff_unit_0
[RescueInvariant] step=195 victim=victim_0 assigned but firefighters=['ff_unit_0', 'ff_unit_1']
[RescueInvariant] step=195 firefighter=ff_unit_1 assigned to victim_0 but victim firefighter_id=ff_unit_0
[RescueInvariant] step=196 victim=victim_0 assigned but firefighters=['ff_unit_0', 'ff_unit_1']
[RescueInvariant] step=196 firefighter=ff_unit_1 assigned to victim_0 but victim firefighter_id=ff_unit_0
[RescueInvariant] step=197 victim=victim_0 assigned but firefighters=['ff_unit_0', 'ff_unit_1']
[RescueInvariant] step=197 firefighter=ff_unit_1 assigned to victim_0 but victim firefighter_id=ff_unit_0
[RescueInvariant] step=198 victim=victim_0 assigned but firefighters=['ff_unit_0', 'ff_unit_1']
[RescueInvariant] step=198 firefighter=ff_unit_1 assigned to victim_0 but victim firefighter_id=ff_unit_0
[RescueInvariant] step=199 victim=victim_0 assigned but firefighters=['ff_unit_0', 'ff_unit_1']
[RescueInvariant] step=199 firefighter=ff_unit_1 assigned to victim_0 but victim firefighter_id=ff_unit_0
[RescueInvariant] step=200 victim=victim_0 assigned but firefighters=['ff_unit_0', 'ff_unit_1']
[RescueInvariant] step=200 firefighter=ff_unit_1 assigned to victim_0 but victim firefighter_id=ff_unit_0
[RescueInvariant] step=201 victim=victim_0 assigned but firefighters=['ff_unit_0', 'ff_unit_1']
[RescueInvariant] step=201 firefighter=ff_unit_1 assigned to victim_0 but victim firefighter_id=ff_unit_0
[RescueInvariant] step=202 victim=victim_0 assigned but firefighters=['ff_unit_0', 'ff_unit_1']
[RescueInvariant] step=202 firefighter=ff_unit_1 assigned to victim_0 but victim firefighter_id=ff_unit_0
[RescueInvariant] step=203 victim=victim_0 assigned but firefighters=['ff_unit_0', 'ff_unit_1']
[RescueInvariant] step=203 firefighter=ff_unit_1 assigned to victim_0 but victim firefighter_id=ff_unit_0
[RescueInvariant] step=204 victim=victim_0 assigned but firefighters=['ff_unit_0', 'ff_unit_1']
[RescueInvariant] step=204 firefighter=ff_unit_1 assigned to victim_0 but victim firefighter_id=ff_unit_0
[RescueInvariant] step=205 victim=victim_0 assigned but firefighters=['ff_unit_0', 'ff_unit_1']
[RescueInvariant] step=205 firefighter=ff_unit_1 assigned to victim_0 but victim firefighter_id=ff_unit_0
[RescueInvariant] step=206 victim=victim_0 assigned but firefighters=['ff_unit_0', 'ff_unit_1']
[RescueInvariant] step=206 firefighter=ff_unit_1 assigned to victim_0 but victim firefighter_id=ff_unit_0
[RescueInvariant] step=207 victim=victim_0 assigned but firefighters=['ff_unit_0', 'ff_unit_1']
[RescueInvariant] step=207 firefighter=ff_unit_1 assigned to victim_0 but victim firefighter_id=ff_unit_0
[RescueInvariant] step=208 victim=victim_0 assigned but firefighters=['ff_unit_0', 'ff_unit_1']
[RescueInvariant] step=208 firefighter=ff_unit_1 assigned to victim_0 but victim firefighter_id=ff_unit_0
[RescueInvariant] step=209 victim=victim_0 assigned but firefighters=['ff_unit_0', 'ff_unit_1']
[RescueInvariant] step=209 firefighter=ff_unit_1 assigned to victim_0 but victim firefighter_id=ff_unit_0
[RescueInvariant] step=210 victim=victim_0 assigned but firefighters=['ff_unit_0', 'ff_unit_1']
[RescueInvariant] step=210 firefighter=ff_unit_1 assigned to victim_0 but victim firefighter_id=ff_unit_0
[RescueInvariant] step=211 victim=victim_0 assigned but firefighters=['ff_unit_0', 'ff_unit_1']
[RescueInvariant] step=211 firefighter=ff_unit_1 assigned to victim_0 but victim firefighter_id=ff_unit_0
[RescueInvariant] step=212 victim=victim_0 assigned but firefighters=['ff_unit_0', 'ff_unit_1']
[RescueInvariant] step=212 firefighter=ff_unit_1 assigned to victim_0 but victim firefighter_id=ff_unit_0
[RescueInvariant] step=213 victim=victim_0 assigned but firefighters=['ff_unit_0', 'ff_unit_1']
[RescueInvariant] step=213 firefighter=ff_unit_1 assigned to victim_0 but victim firefighter_id=ff_unit_0
[RescueInvariant] step=214 victim=victim_0 assigned but firefighters=['ff_unit_0', 'ff_unit_1']
[RescueInvariant] step=214 firefighter=ff_unit_1 assigned to victim_0 but victim firefighter_id=ff_unit_0
D/east/default   full bf330c56120b stripped 9c961586e84e ff_keys ['alive', 'assigned', 'exiting', 'id', 'nearest_fire_dist', 'position', 'route_blocked', 'status'] (229 s)
