2026-10-04 19:28:12 START outputs\_bp_q_follow.jsonl 40 runs maxpar=13 min_free=3.0
2026-10-04 19:28:12 LAUNCH bp2cr_A_E pid=52452 free=8.5GB running=1
2026-10-04 19:28:14 LAUNCH bp2cu_A_E pid=45884 free=7.6GB running=2
2026-10-04 19:28:16 LAUNCH bp5fr_B_S pid=52512 free=6.7GB running=3
2026-10-04 19:28:18 LAUNCH bp5nfr_B_S pid=28868 free=5.9GB running=4
2026-10-04 19:28:20 LAUNCH bp5dr_C_S pid=49628 free=5.0GB running=5
2026-10-04 19:28:22 LAUNCH bp5pr_D_S pid=7416 free=4.2GB running=6
2026-10-04 19:28:24 LAUNCH bp5xr_D_S pid=44336 free=3.4GB running=7
2026-10-04 19:36:07 DONE bp2cu_A_E rc=0 473s
2026-10-04 19:36:07 LAUNCH bper_A_E pid=9392 free=3.1GB running=7
2026-10-04 19:36:54 DONE bp2cr_A_E rc=0 522s
2026-10-04 19:36:54 LAUNCH bper_A_N pid=52220 free=3.4GB running=7
2026-10-04 19:37:06 DONE bp5pr_D_S rc=0 524s
2026-10-04 19:37:06 LAUNCH bper_A_S pid=51184 free=3.4GB running=7
2026-10-04 19:37:28 DONE bp5xr_D_S rc=0 544s
2026-10-04 19:37:38 LAUNCH bper_A_W pid=41128 free=3.5GB running=7
2026-10-04 19:38:10 DONE bp5nfr_B_S rc=0 592s
2026-10-04 19:38:10 LAUNCH bper_B_E pid=51752 free=3.4GB running=7
2026-10-04 19:38:22 DONE bp5dr_C_S rc=0 602s
2026-10-04 19:39:17 DONE bp5fr_B_S rc=0 661s
2026-10-04 19:39:17 LAUNCH bper_B_N pid=52836 free=3.6GB running=6
2026-10-04 19:39:39 LAUNCH bper_B_S pid=47404 free=3.5GB running=7
2026-10-04 19:45:07 DONE bper_A_E rc=0 540s
2026-10-04 19:45:22 DONE bper_A_S rc=0 495s
2026-10-04 19:45:22 LAUNCH bper_B_W pid=43272 free=3.6GB running=6
2026-10-04 19:46:39 LAUNCH bper_C_E pid=48644 free=3.7GB running=7
2026-10-04 19:47:06 DONE bper_B_N rc=0 468s
2026-10-04 19:47:06 LAUNCH bper_C_N pid=28576 free=3.7GB running=7
2026-10-04 19:47:58 DONE bper_A_N rc=0 664s
2026-10-04 19:47:58 LAUNCH bper_C_S pid=20592 free=3.7GB running=7
2026-10-04 19:48:30 DONE bper_A_W rc=0 652s
2026-10-04 19:48:30 LAUNCH bper_C_W pid=38288 free=3.7GB running=7
2026-10-04 19:51:17 DONE bper_B_S rc=0 698s
2026-10-04 19:51:17 LAUNCH bper_D_E pid=51196 free=3.7GB running=7
2026-10-04 19:53:24 DONE bper_C_N rc=0 378s
2026-10-04 19:53:24 LAUNCH bper_D_N pid=46956 free=3.7GB running=7
2026-10-04 19:56:11 DONE bper_B_E rc=0 1081s
2026-10-04 19:56:11 LAUNCH bper_D_S pid=44908 free=3.6GB running=7
2026-10-04 19:58:08 DONE bper_C_S rc=0 611s
2026-10-04 19:58:08 LAUNCH bper_D_W pid=41520 free=3.5GB running=7
2026-10-04 19:59:35 DONE bper_C_W rc=0 666s
2026-10-04 19:59:35 LAUNCH bpeu_A_E pid=49716 free=3.5GB running=7
2026-10-04 20:03:03 DONE bper_D_N rc=0 579s
2026-10-04 20:03:03 LAUNCH bpeu_A_N pid=52364 free=3.3GB running=7
2026-10-04 20:04:35 DONE bper_D_S rc=0 504s
2026-10-04 20:04:35 LAUNCH bpeu_A_S pid=50480 free=3.3GB running=7
2026-10-04 20:06:57 DONE bpeu_A_E rc=0 442s
2026-10-04 20:06:57 LAUNCH bpeu_A_W pid=10224 free=3.3GB running=7
2026-10-04 20:10:19 DONE bper_B_W rc=0 1498s
2026-10-04 20:10:19 LAUNCH bpeu_B_E pid=26728 free=3.5GB running=7
2026-10-04 20:11:56 DONE bpeu_A_N rc=0 534s
2026-10-04 20:11:56 LAUNCH bpeu_B_N pid=52368 free=3.4GB running=7
2026-10-04 20:12:03 DONE bper_D_E rc=0 1246s
2026-10-04 20:12:03 LAUNCH bpeu_B_S pid=20396 free=3.5GB running=7
2026-10-04 20:13:10 DONE bpeu_A_S rc=0 516s
2026-10-04 20:13:10 LAUNCH bpeu_B_W pid=46576 free=3.6GB running=7
2026-10-04 20:13:48 DONE bper_C_E rc=0 1629s
2026-10-04 20:13:48 LAUNCH bpeu_C_E pid=45252 free=3.6GB running=7
2026-10-04 20:18:10 DONE bpeu_A_W rc=0 673s
2026-10-04 20:18:10 LAUNCH bpeu_C_N pid=44044 free=3.6GB running=7
2026-10-04 20:20:52 DONE bpeu_B_N rc=0 536s
2026-10-04 20:20:52 LAUNCH bpeu_C_S pid=632 free=3.6GB running=7
2026-10-04 20:21:24 DONE bper_D_W rc=0 1396s
2026-10-04 20:21:24 LAUNCH bpeu_C_W pid=23312 free=3.6GB running=7
2026-10-04 20:21:46 DONE bpeu_B_S rc=0 583s
2026-10-04 20:21:46 LAUNCH bpeu_D_E pid=20556 free=3.7GB running=7
2026-10-04 20:24:03 DONE bpeu_B_W rc=0 653s
2026-10-04 20:24:03 LAUNCH bpeu_D_N pid=50104 free=3.7GB running=7
2026-10-04 20:25:50 DONE bpeu_C_N rc=0 461s
2026-10-04 20:25:50 LAUNCH bpeu_D_S pid=25668 free=3.6GB running=7
2026-10-04 20:30:48 DONE bpeu_C_S rc=0 596s
2026-10-04 20:30:48 LAUNCH bpeu_D_W pid=41876 free=3.4GB running=7
2026-10-04 20:32:45 DONE bpeu_B_E rc=0 1346s
2026-10-04 20:32:45 LAUNCH bpeu2_D_W pid=48656 free=3.4GB running=7
2026-10-04 20:32:57 DONE bpeu_C_W rc=0 693s
2026-10-04 20:33:22 DONE bpeu_D_N rc=0 559s
2026-10-04 20:33:27 DONE bpeu_D_E rc=0 701s
2026-10-04 20:33:37 DONE bpeu_D_S rc=0 467s
2026-10-04 20:41:23 DONE bpeu_C_E rc=0 1655s
2026-10-04 20:53:08 DONE bpeu_D_W rc=0 1340s
2026-10-04 20:57:23 DONE bpeu2_D_W rc=0 1479s
2026-10-04 20:57:28 ALL_MF2_COMPLETE outputs\_bp_q_follow.jsonl 40/40 0 FAIL
