2026-10-04 10:08:41 START outputs\_bp_q_all.jsonl 309 runs maxpar=13 min_free=3.0
2026-10-04 10:08:41 LAUNCH bpir_A_E pid=30348 free=12.3GB running=1
2026-10-04 10:08:43 LAUNCH bpir_A_N pid=46316 free=11.5GB running=2
2026-10-04 10:08:45 LAUNCH bpir_A_S pid=43424 free=10.7GB running=3
2026-10-04 10:08:47 LAUNCH bpir_A_W pid=36604 free=9.9GB running=4
2026-10-04 10:08:49 LAUNCH bpir_B_E pid=42412 free=9.1GB running=5
2026-10-04 10:08:51 LAUNCH bpir_B_N pid=47056 free=8.3GB running=6
2026-10-04 10:08:53 LAUNCH bpir_B_S pid=44372 free=7.4GB running=7
2026-10-04 10:08:55 LAUNCH bpir_B_W pid=3668 free=6.6GB running=8
2026-10-04 10:08:57 LAUNCH bpir_C_E pid=7796 free=5.8GB running=9
2026-10-04 10:08:59 LAUNCH bpir_C_N pid=47896 free=4.9GB running=10
2026-10-04 10:09:01 LAUNCH bpir_C_S pid=44516 free=4.1GB running=11
2026-10-04 10:09:03 LAUNCH bpir_C_W pid=43244 free=3.4GB running=12
2026-10-04 10:18:16 DONE bpir_C_N rc=0 557s
2026-10-04 10:18:16 LAUNCH bpir_D_E pid=49092 free=3.1GB running=12
2026-10-04 10:18:43 DONE bpir_A_E rc=0 602s
2026-10-04 10:18:43 LAUNCH bpir_D_N pid=16856 free=3.1GB running=12
2026-10-04 10:18:55 DONE bpir_A_S rc=0 610s
2026-10-04 10:18:55 LAUNCH bpir_D_S pid=38372 free=3.2GB running=12
2026-10-04 10:21:07 DONE bpir_B_S rc=0 734s
2026-10-04 10:21:07 LAUNCH bpir_D_W pid=45312 free=3.1GB running=12
2026-10-04 10:21:34 DONE bpir_A_W rc=0 767s
2026-10-04 10:21:34 LAUNCH bpiu_A_E pid=41796 free=3.1GB running=12
2026-10-04 10:21:41 DONE bpir_C_S rc=0 760s
2026-10-04 10:21:41 LAUNCH bpiu_A_N pid=45024 free=3.1GB running=12
2026-10-04 10:21:48 DONE bpir_A_N rc=0 785s
2026-10-04 10:21:48 LAUNCH bpiu_A_S pid=47716 free=3.1GB running=12
2026-10-04 10:22:15 DONE bpir_B_N rc=0 804s
2026-10-04 10:22:41 DONE bpir_B_W rc=0 825s
2026-10-04 10:30:21 DONE bpir_D_N rc=0 698s
2026-10-04 10:30:21 LAUNCH bpiu_A_W pid=4004 free=3.5GB running=10
2026-10-04 10:30:48 DONE bpiu_A_E rc=0 554s
2026-10-04 10:30:48 LAUNCH bpiu_B_E pid=48428 free=3.7GB running=10
2026-10-04 10:31:15 DONE bpir_D_S rc=0 740s
2026-10-04 10:31:15 LAUNCH bpiu_B_N pid=36172 free=3.8GB running=10
2026-10-04 10:31:27 LAUNCH bpiu_B_S pid=26844 free=3.0GB running=11
2026-10-04 10:32:09 DONE bpiu_A_S rc=0 621s
2026-10-04 10:32:19 DONE bpir_D_W rc=0 672s
2026-10-04 10:32:19 LAUNCH bpiu_B_W pid=48476 free=3.8GB running=10
2026-10-04 10:32:26 LAUNCH bpiu_C_E pid=33196 free=3.0GB running=11
2026-10-04 10:32:53 DONE bpiu_A_N rc=0 672s
2026-10-04 10:32:53 LAUNCH bpiu_C_N pid=41560 free=3.1GB running=11
2026-10-04 10:33:31 DONE bpir_C_E rc=0 1473s
2026-10-04 10:33:36 LAUNCH bpiu_C_S pid=42696 free=3.0GB running=11
2026-10-04 10:34:38 DONE bpir_C_W rc=0 1534s
2026-10-04 10:36:28 DONE bpir_B_E rc=0 1659s
2026-10-04 10:36:28 LAUNCH bpiu_C_W pid=52144 free=3.2GB running=10
2026-10-04 10:39:20 DONE bpir_D_E rc=0 1264s
2026-10-04 10:39:20 LAUNCH bpiu_D_E pid=40924 free=3.5GB running=10
2026-10-04 10:39:37 LAUNCH bpiu_D_N pid=47468 free=3.6GB running=11
2026-10-04 10:39:39 LAUNCH bpiu_D_S pid=51812 free=3.7GB running=12
2026-10-04 10:39:46 LAUNCH bpiu_D_W pid=44596 free=3.2GB running=13
2026-10-04 10:40:18 DONE bpiu_A_W rc=0 597s
2026-10-04 10:40:53 DONE bpiu_B_N rc=0 578s
2026-10-04 10:40:53 LAUNCH bpiu2_D_W pid=48516 free=3.0GB running=12
2026-10-04 10:41:45 DONE bpiu_C_N rc=0 532s
2026-10-04 10:41:45 LAUNCH bpv1bd_A_E pid=31032 free=3.1GB running=12
2026-10-04 10:43:28 DONE bpiu_B_S rc=0 720s
2026-10-04 10:43:28 LAUNCH bpv1bf_A_E pid=32016 free=3.1GB running=12
2026-10-04 10:44:15 DONE bpiu_C_S rc=0 639s
2026-10-04 10:44:15 LAUNCH bpv1bd2_A_E pid=47176 free=3.1GB running=12
2026-10-04 10:44:32 DONE bpiu_B_W rc=0 732s
2026-10-04 10:44:32 LAUNCH bpv1bf2_A_E pid=41268 free=3.0GB running=12
2026-10-04 10:49:19 DONE bpiu_D_S rc=0 580s
2026-10-04 10:49:29 LAUNCH bpv1vs_A_E pid=46172 free=3.1GB running=12
2026-10-04 10:51:36 DONE bpiu_D_N rc=0 719s
2026-10-04 10:51:51 DONE bpiu_D_W rc=0 725s
2026-10-04 10:51:51 LAUNCH bpv1ut_A_E pid=15112 free=3.7GB running=11
2026-10-04 10:52:23 DONE bpv1bd_A_E rc=0 638s
2026-10-04 10:52:23 LAUNCH bpnfr_A_E pid=49720 free=3.7GB running=11
2026-10-04 10:53:10 DONE bpv1bd2_A_E rc=0 536s
2026-10-04 10:53:10 LAUNCH bpnpr_A_E pid=48388 free=3.9GB running=11
2026-10-04 10:53:12 LAUNCH bprba pid=50028 free=3.0GB running=12
2026-10-04 10:53:34 DONE bpv1bf2_A_E rc=0 543s
2026-10-04 10:53:34 LAUNCH bprbb pid=45556 free=3.1GB running=12
2026-10-04 10:54:11 DONE bpv1bf_A_E rc=0 644s
2026-10-04 10:54:11 LAUNCH bprbc pid=51608 free=3.1GB running=12
2026-10-04 10:55:44 DONE bpiu_C_E rc=0 1397s
2026-10-04 10:55:44 LAUNCH bprbs pid=32640 free=3.1GB running=12
2026-10-04 10:56:11 DONE bpiu_B_E rc=0 1523s
2026-10-04 10:56:11 LAUNCH bpcr_A_E pid=32000 free=3.2GB running=12
2026-10-04 10:59:13 DONE bpv1vs_A_E rc=0 584s
2026-10-04 10:59:13 LAUNCH bpcr_A_N pid=40900 free=3.4GB running=12
2026-10-04 11:00:00 DONE bpv1ut_A_E rc=0 489s
2026-10-04 11:00:00 LAUNCH bpcr_A_S pid=5816 free=3.3GB running=12
2026-10-04 11:00:47 DONE bpnfr_A_E rc=0 504s
2026-10-04 11:00:47 LAUNCH bpcr_A_W pid=48832 free=3.1GB running=12
2026-10-04 11:01:19 DONE bpnpr_A_E rc=0 489s
2026-10-04 11:01:19 LAUNCH bpcr_B_E pid=48520 free=3.1GB running=12
2026-10-04 11:02:21 DONE bpiu_D_E rc=0 1381s
2026-10-04 11:02:21 LAUNCH bpcr_B_N pid=46052 free=3.1GB running=12
2026-10-04 11:04:58 DONE bpcr_A_E rc=0 528s
2026-10-04 11:05:43 DONE bpiu_C_W rc=0 1756s
2026-10-04 11:05:43 LAUNCH bpcr_B_S pid=28608 free=3.0GB running=11
2026-10-04 11:06:16 LAUNCH bpcr_B_W pid=45048 free=3.0GB running=12
2026-10-04 11:09:28 DONE bpiu2_D_W rc=0 1714s
2026-10-04 11:09:28 LAUNCH bpcr_C_E pid=42336 free=3.0GB running=12
2026-10-04 11:09:40 DONE bpcr_A_S rc=0 580s
2026-10-04 11:09:40 LAUNCH bpcr_C_N pid=35872 free=3.1GB running=12
2026-10-04 11:11:52 DONE bpcr_A_N rc=0 759s
2026-10-04 11:11:52 LAUNCH bpcr_C_S pid=1616 free=3.1GB running=12
2026-10-04 11:13:19 DONE bpcr_A_W rc=0 752s
2026-10-04 11:13:19 LAUNCH bpcr_C_W pid=45280 free=3.1GB running=12
2026-10-04 11:15:56 DONE bpcr_B_N rc=0 815s
2026-10-04 11:15:56 LAUNCH bpcr_D_E pid=28224 free=3.1GB running=12
2026-10-04 11:18:08 DONE bpcr_B_S rc=0 745s
2026-10-04 11:18:08 LAUNCH bpcr_D_N pid=51800 free=3.1GB running=12
2026-10-04 11:18:56 DONE bpcr_C_N rc=0 556s
2026-10-04 11:18:56 LAUNCH bpcr_D_S pid=43700 free=3.1GB running=12
2026-10-04 11:20:03 DONE bpcr_B_W rc=0 827s
2026-10-04 11:20:03 LAUNCH bpcr_D_W pid=50232 free=3.1GB running=12
2026-10-04 11:24:45 DONE bpcr_C_S rc=0 773s
2026-10-04 11:25:10 LAUNCH bpcu_A_E pid=33596 free=3.0GB running=12
2026-10-04 11:30:02 DONE bpcr_D_N rc=0 714s
2026-10-04 11:30:12 DONE bpcr_B_E rc=0 1733s
2026-10-04 11:30:12 LAUNCH bpcu_A_N pid=25252 free=3.8GB running=11
2026-10-04 11:30:49 LAUNCH bpcu_A_S pid=36504 free=3.1GB running=12
2026-10-04 11:31:57 DONE bpcr_D_S rc=0 781s
2026-10-04 11:32:02 DONE bpcr_D_W rc=0 719s
2026-10-04 11:32:02 LAUNCH bpcu_A_W pid=24560 free=3.8GB running=11
2026-10-04 11:32:04 LAUNCH bpcu_B_E pid=42608 free=3.0GB running=12
2026-10-04 11:34:36 DONE bpcu_A_E rc=0 566s
2026-10-04 11:34:56 DONE bpcr_C_E rc=0 1528s
2026-10-04 11:34:56 LAUNCH bpcu_B_N pid=52096 free=3.6GB running=11
2026-10-04 11:38:58 DONE bpcr_D_E rc=0 1382s
2026-10-04 11:38:58 LAUNCH bpcu_B_S pid=8376 free=3.0GB running=11
2026-10-04 11:39:50 DONE bpcr_C_W rc=0 1591s
2026-10-04 11:40:35 DONE bprbs rc=0 2692s
2026-10-04 11:40:35 LAUNCH bpcu_B_W pid=49148 free=3.7GB running=10
2026-10-04 11:40:47 LAUNCH bpcu_C_E pid=36396 free=3.0GB running=11
2026-10-04 11:41:29 DONE bprbc rc=0 2838s
2026-10-04 11:41:49 DONE bpcu_A_S rc=0 660s
2026-10-04 11:41:49 LAUNCH bpcu_C_N pid=12112 free=3.8GB running=10
2026-10-04 11:41:56 LAUNCH bpcu_C_S pid=35116 free=3.0GB running=11
2026-10-04 11:42:03 DONE bpcu_A_N rc=0 711s
2026-10-04 11:42:03 LAUNCH bpcu_C_W pid=42628 free=3.2GB running=11
2026-10-04 11:43:16 DONE bpcu_A_W rc=0 674s
2026-10-04 11:43:31 LAUNCH bpcu_D_E pid=44680 free=3.0GB running=11
2026-10-04 11:44:53 DONE bpcu_B_N rc=0 597s
2026-10-04 11:45:08 LAUNCH bpcu_D_N pid=46056 free=3.0GB running=11
2026-10-04 11:49:35 DONE bprbb rc=0 3360s
2026-10-04 11:50:25 LAUNCH bpcu_D_S pid=49880 free=3.0GB running=11
2026-10-04 11:50:32 DONE bpcu_B_S rc=0 694s
2026-10-04 11:50:32 DONE bpcu_C_N rc=0 523s
2026-10-04 11:50:32 LAUNCH bpcu_D_W pid=6280 free=4.1GB running=10
2026-10-04 11:50:34 LAUNCH bpcu2_D_W pid=50660 free=3.1GB running=11
2026-10-04 11:52:01 DONE bpcu_C_S rc=0 605s
2026-10-04 11:52:01 LAUNCH bplr_A_E pid=44072 free=3.0GB running=11
2026-10-04 11:52:23 DONE bpcu_B_W rc=0 708s
2026-10-04 11:52:23 LAUNCH bplr_A_N pid=33464 free=3.1GB running=11
2026-10-04 11:55:50 DONE bpcu_D_N rc=0 643s
2026-10-04 11:55:50 LAUNCH bplr_A_S pid=45648 free=3.2GB running=11
2026-10-04 11:57:02 DONE bpcu_B_E rc=0 1499s
2026-10-04 11:57:02 LAUNCH bplr_A_W pid=44532 free=3.2GB running=11
2026-10-04 11:59:35 DONE bpcu_D_S rc=0 550s
2026-10-04 11:59:50 DONE bplr_A_E rc=0 468s
2026-10-04 11:59:50 LAUNCH bplr_B_E pid=41560 free=3.8GB running=10
2026-10-04 12:00:17 LAUNCH bplr_B_N pid=50508 free=3.0GB running=11
2026-10-04 12:01:34 DONE bpcu_D_W rc=0 662s
2026-10-04 12:01:34 LAUNCH bplr_B_S pid=51148 free=3.1GB running=11
2026-10-04 12:02:26 DONE bpcu_C_E rc=0 1299s
2026-10-04 12:02:31 LAUNCH bplr_B_W pid=50924 free=3.0GB running=11
2026-10-04 12:03:28 DONE bplr_A_N rc=0 665s
2026-10-04 12:04:03 DONE bplr_A_S rc=0 493s
2026-10-04 12:04:03 LAUNCH bplr_C_E pid=51272 free=3.8GB running=10
2026-10-04 12:04:45 DONE bpcu_D_E rc=0 1274s
2026-10-04 12:04:45 LAUNCH bplr_C_N pid=45012 free=3.7GB running=10
2026-10-04 12:06:07 DONE bplr_A_W rc=0 545s
2026-10-04 12:06:07 LAUNCH bplr_C_S pid=45040 free=3.9GB running=10
2026-10-04 12:06:09 LAUNCH bplr_C_W pid=24824 free=3.1GB running=11
2026-10-04 12:07:41 DONE bpcu_C_W rc=0 1538s
2026-10-04 12:07:41 LAUNCH bplr_D_E pid=20392 free=3.0GB running=11
2026-10-04 12:09:03 DONE bprba rc=0 4551s
2026-10-04 12:09:03 DONE bplr_B_N rc=0 527s
2026-10-04 12:09:03 LAUNCH bplr_D_N pid=39664 free=3.9GB running=10
2026-10-04 12:09:05 LAUNCH bplr_D_S pid=46148 free=3.1GB running=11
2026-10-04 12:09:47 DONE bplr_B_S rc=0 494s
2026-10-04 12:09:47 LAUNCH bplr_D_W pid=49520 free=3.0GB running=11
2026-10-04 12:09:49 LAUNCH bplu_A_E pid=46604 free=3.1GB running=12
2026-10-04 12:09:56 DONE bplr_C_N rc=0 311s
2026-10-04 12:12:47 DONE bpcu2_D_W rc=0 1332s
2026-10-04 12:12:52 LAUNCH bplu_A_N pid=32612 free=3.0GB running=11
2026-10-04 12:13:54 DONE bplr_C_W rc=0 464s
2026-10-04 12:13:54 LAUNCH bplu_A_S pid=45772 free=3.0GB running=11
2026-10-04 12:14:06 DONE bplr_C_S rc=0 478s
2026-10-04 12:15:36 DONE bplr_D_S rc=0 390s
2026-10-04 12:15:36 LAUNCH bplu_A_W pid=48704 free=3.6GB running=10
2026-10-04 12:15:58 DONE bplr_B_E rc=0 968s
2026-10-04 12:15:58 DONE bplu_A_E rc=0 368s
2026-10-04 12:15:58 LAUNCH bplu_B_E pid=15168 free=4.6GB running=9
2026-10-04 12:16:00 LAUNCH bplu_B_N pid=49460 free=3.8GB running=10
2026-10-04 12:16:02 LAUNCH bplu_B_S pid=38060 free=3.0GB running=11
2026-10-04 12:17:19 DONE bplr_D_N rc=0 496s
2026-10-04 12:17:19 LAUNCH bplu_B_W pid=44488 free=3.2GB running=11
2026-10-04 12:17:41 DONE bplr_B_W rc=0 910s
2026-10-04 12:17:41 LAUNCH bplu_C_E pid=40716 free=3.1GB running=11
2026-10-04 12:22:13 DONE bplu_A_S rc=0 500s
2026-10-04 12:22:38 DONE bplu_A_N rc=0 587s
2026-10-04 12:22:38 LAUNCH bplu_C_N pid=49564 free=3.8GB running=10
2026-10-04 12:25:11 DONE bplr_C_E rc=0 1268s
2026-10-04 12:25:11 LAUNCH bplu_C_S pid=48020 free=3.1GB running=10
2026-10-04 12:25:53 DONE bplu_B_N rc=0 593s
2026-10-04 12:25:53 DONE bplu_B_S rc=0 591s
2026-10-04 12:25:53 LAUNCH bplu_C_W pid=40584 free=4.4GB running=9
2026-10-04 12:25:55 LAUNCH bplu_D_E pid=28552 free=3.6GB running=10
2026-10-04 12:26:42 DONE bplr_D_E rc=0 1140s
2026-10-04 12:26:42 LAUNCH bplu_D_N pid=40252 free=3.8GB running=10
2026-10-04 12:27:19 DONE bplu_A_W rc=0 703s
2026-10-04 12:27:19 LAUNCH bplu_D_S pid=51228 free=3.8GB running=10
2026-10-04 12:27:26 DONE bplr_D_W rc=0 1059s
2026-10-04 12:27:26 LAUNCH bplu_D_W pid=30460 free=3.8GB running=10
2026-10-04 12:27:28 LAUNCH bplu2_D_W pid=50612 free=3.0GB running=11
2026-10-04 12:28:30 DONE bplu_B_W rc=0 671s
2026-10-04 12:30:00 DONE bplu_C_N rc=0 442s
2026-10-04 12:30:00 LAUNCH bpdr_A_E pid=49084 free=3.7GB running=10
2026-10-04 12:34:07 DONE bplu_C_S rc=0 537s
2026-10-04 12:34:07 LAUNCH bpdr_A_N pid=42504 free=3.8GB running=10
2026-10-04 12:34:49 DONE bplu_D_S rc=0 450s
2026-10-04 12:34:49 LAUNCH bpdr_A_S pid=42344 free=3.8GB running=10
2026-10-04 12:35:31 DONE bplu_D_W rc=0 485s
2026-10-04 12:35:31 LAUNCH bpdr_A_W pid=43188 free=3.6GB running=10
2026-10-04 12:35:38 DONE bplu_D_N rc=0 537s
2026-10-04 12:35:38 LAUNCH bpdr_B_E pid=19040 free=3.6GB running=10
2026-10-04 12:35:45 DONE bplu_C_W rc=0 593s
2026-10-04 12:35:45 LAUNCH bpdr_B_N pid=45700 free=3.7GB running=10
2026-10-04 12:36:08 DONE bplu_B_E rc=0 1210s
2026-10-04 12:36:08 LAUNCH bpdr_B_S pid=48032 free=3.8GB running=10
2026-10-04 12:36:40 LAUNCH bpdr_B_W pid=30460 free=3.0GB running=11
2026-10-04 12:37:32 DONE bpdr_A_E rc=0 452s
2026-10-04 12:37:32 LAUNCH bpdr_C_E pid=27068 free=3.0GB running=11
2026-10-04 12:40:49 DONE bplu_C_E rc=0 1388s
2026-10-04 12:42:34 LAUNCH bpdr_C_N pid=42764 free=3.0GB running=11
2026-10-04 12:42:41 DONE bpdr_A_S rc=0 472s
2026-10-04 12:42:41 LAUNCH bpdr_C_S pid=46208 free=3.0GB running=11
2026-10-04 12:44:58 DONE bpdr_A_N rc=0 651s
2026-10-04 12:45:48 DONE bpdr_A_W rc=0 617s
2026-10-04 12:45:48 LAUNCH bpdr_C_W pid=47124 free=3.8GB running=10
2026-10-04 12:46:00 LAUNCH bpdr_D_E pid=44192 free=3.0GB running=11
2026-10-04 12:46:12 DONE bpdr_B_N rc=0 627s
2026-10-04 12:46:12 LAUNCH bpdr_D_N pid=40012 free=3.1GB running=11
2026-10-04 12:46:24 DONE bplu_D_E rc=0 1229s
2026-10-04 12:46:24 LAUNCH bpdr_D_S pid=51212 free=3.0GB running=11
2026-10-04 12:47:41 DONE bpdr_B_S rc=0 694s
2026-10-04 12:47:41 LAUNCH bpdr_D_W pid=48328 free=3.1GB running=11
2026-10-04 12:50:23 DONE bpdr_C_N rc=0 470s
2026-10-04 12:50:58 LAUNCH bpdu_A_E pid=48304 free=3.0GB running=11
2026-10-04 12:53:36 DONE bpdr_C_S rc=0 655s
2026-10-04 12:54:56 DONE bpdr_D_S rc=0 512s
2026-10-04 12:54:56 LAUNCH bpdu_A_N pid=37596 free=3.6GB running=10
2026-10-04 12:55:23 DONE bpdr_B_E rc=0 1184s
2026-10-04 12:55:23 LAUNCH bpdu_A_S pid=28360 free=3.7GB running=10
2026-10-04 12:56:25 DONE bpdr_D_N rc=0 613s
2026-10-04 12:56:25 LAUNCH bpdu_A_W pid=47132 free=3.7GB running=10
2026-10-04 12:57:37 DONE bplu2_D_W rc=0 1809s
2026-10-04 12:57:37 LAUNCH bpdu_B_E pid=26060 free=3.7GB running=10
2026-10-04 12:57:49 DONE bpdr_D_W rc=0 608s
2026-10-04 12:57:49 LAUNCH bpdu_B_N pid=35936 free=3.7GB running=10
2026-10-04 12:59:36 DONE bpdu_A_E rc=0 518s
2026-10-04 12:59:36 LAUNCH bpdu_B_S pid=40796 free=3.4GB running=10
2026-10-04 13:03:49 DONE bpdr_C_E rc=0 1577s
2026-10-04 13:03:49 DONE bpdu_A_S rc=0 506s
2026-10-04 13:03:49 LAUNCH bpdu_B_W pid=49608 free=4.4GB running=9
2026-10-04 13:03:51 LAUNCH bpdu_C_E pid=37448 free=3.6GB running=10
2026-10-04 13:04:58 DONE bpdu_A_N rc=0 602s
2026-10-04 13:04:58 LAUNCH bpdu_C_N pid=43508 free=3.5GB running=10
2026-10-04 13:05:20 DONE bpdu_A_W rc=0 535s
2026-10-04 13:05:30 LAUNCH bpdu_C_S pid=42360 free=3.5GB running=10
2026-10-04 13:07:32 DONE bpdu_B_N rc=0 583s
2026-10-04 13:07:32 LAUNCH bpdu_C_W pid=40256 free=3.4GB running=10
2026-10-04 13:07:34 LAUNCH bpdu_D_E pid=14448 free=3.5GB running=11
2026-10-04 13:07:41 DONE bpdr_D_E rc=0 1301s
2026-10-04 13:09:01 DONE bpdu_B_S rc=0 565s
2026-10-04 13:09:01 LAUNCH bpdu_D_N pid=30796 free=3.3GB running=10
2026-10-04 13:09:13 DONE bpdr_B_W rc=0 1954s
2026-10-04 13:09:13 LAUNCH bpdu_D_S pid=45720 free=3.4GB running=10
2026-10-04 13:11:30 DONE bpdu_C_N rc=0 393s
2026-10-04 13:11:30 LAUNCH bpdu_D_W pid=15828 free=3.4GB running=10
2026-10-04 13:12:02 DONE bpdu_B_W rc=0 494s
2026-10-04 13:12:02 LAUNCH bpdu2_D_W pid=51280 free=3.4GB running=10
2026-10-04 13:14:15 DONE bpdu_C_S rc=0 525s
2026-10-04 13:14:15 LAUNCH bpfr_A_E pid=45152 free=3.4GB running=10
2026-10-04 13:14:17 LAUNCH bpfr_A_N pid=42020 free=3.4GB running=11
2026-10-04 13:14:24 DONE bpdr_C_W rc=0 1716s
2026-10-04 13:16:44 DONE bpdu_D_N rc=0 463s
2026-10-04 13:16:44 LAUNCH bpfr_A_S pid=39396 free=3.6GB running=10
2026-10-04 13:16:46 LAUNCH bpfr_A_W pid=48240 free=3.7GB running=11
2026-10-04 13:16:53 DONE bpdu_D_S rc=0 460s
2026-10-04 13:18:18 DONE bpdu_D_E rc=0 644s
2026-10-04 13:18:18 LAUNCH bpfr_B_E pid=25504 free=3.6GB running=10
2026-10-04 13:21:00 DONE bpdu_D_W rc=0 570s
2026-10-04 13:21:00 LAUNCH bpfr_B_N pid=48328 free=3.6GB running=10
2026-10-04 13:23:12 DONE bpfr_A_E rc=0 538s
2026-10-04 13:23:12 LAUNCH bpfr_B_S pid=51804 free=3.6GB running=10
2026-10-04 13:25:25 DONE bpfr_A_S rc=0 521s
2026-10-04 13:25:25 LAUNCH bpfr_B_W pid=46716 free=3.5GB running=10
2026-10-04 13:25:57 DONE bpfr_A_N rc=0 700s
2026-10-04 13:25:57 LAUNCH bpfr_C_E pid=11024 free=3.6GB running=10
2026-10-04 13:26:39 DONE bpdu_B_E rc=0 1742s
2026-10-04 13:26:39 LAUNCH bpfr_C_N pid=51968 free=3.6GB running=10
2026-10-04 13:27:31 DONE bpfr_A_W rc=0 645s
2026-10-04 13:27:31 LAUNCH bpfr_C_S pid=46120 free=3.6GB running=10
2026-10-04 13:29:48 DONE bpdu_C_E rc=0 1557s
2026-10-04 13:29:48 LAUNCH bpfr_C_W pid=45996 free=3.5GB running=10
2026-10-04 13:31:35 DONE bpfr_B_N rc=0 635s
2026-10-04 13:31:35 LAUNCH bpfr_D_E pid=50912 free=3.5GB running=10
2026-10-04 13:33:32 DONE bpdu_C_W rc=0 1560s
2026-10-04 13:33:32 LAUNCH bpfr_D_N pid=30848 free=3.6GB running=10
2026-10-04 13:34:29 DONE bpfr_C_N rc=0 471s
2026-10-04 13:34:29 LAUNCH bpfr_D_S pid=36144 free=3.5GB running=10
2026-10-04 13:35:27 DONE bpfr_B_S rc=0 734s
2026-10-04 13:35:27 LAUNCH bpfr_D_W pid=43908 free=3.5GB running=10
2026-10-04 13:37:59 DONE bpfr_C_S rc=0 628s
2026-10-04 13:37:59 LAUNCH bpfu_A_E pid=45844 free=3.7GB running=10
2026-10-04 13:39:21 DONE bpfr_B_E rc=0 1263s
2026-10-04 13:39:21 LAUNCH bpfu_A_N pid=40732 free=3.6GB running=10
2026-10-04 13:43:28 DONE bpfr_D_S rc=0 539s
2026-10-04 13:43:28 LAUNCH bpfu_A_S pid=5816 free=3.6GB running=10
2026-10-04 13:43:45 DONE bpfr_D_E rc=0 730s
2026-10-04 13:43:45 LAUNCH bpfu_A_W pid=42336 free=3.6GB running=10
2026-10-04 13:44:17 DONE bpfr_D_N rc=0 645s
2026-10-04 13:44:17 LAUNCH bpfu_B_E pid=52140 free=3.6GB running=10
2026-10-04 13:45:20 DONE bpdu2_D_W rc=0 1997s
2026-10-04 13:45:20 LAUNCH bpfu_B_N pid=49288 free=3.6GB running=10
2026-10-04 13:46:07 DONE bpfr_D_W rc=0 640s
2026-10-04 13:46:07 LAUNCH bpfu_B_S pid=49536 free=3.7GB running=10
2026-10-04 13:46:44 DONE bpfu_A_E rc=0 525s
2026-10-04 13:46:44 LAUNCH bpfu_B_W pid=50560 free=3.7GB running=10
2026-10-04 13:49:51 DONE bpfu_A_N rc=0 630s
2026-10-04 13:49:51 LAUNCH bpfu_C_E pid=42984 free=3.6GB running=10
2026-10-04 13:52:58 DONE bpfu_A_S rc=0 570s
2026-10-04 13:52:58 LAUNCH bpfu_C_N pid=44932 free=3.6GB running=10
2026-10-04 13:53:40 DONE bpfr_C_E rc=0 1664s
2026-10-04 13:53:40 LAUNCH bpfu_C_S pid=51296 free=3.7GB running=10
2026-10-04 13:54:52 DONE bpfu_A_W rc=0 667s
2026-10-04 13:54:52 LAUNCH bpfu_C_W pid=48260 free=3.6GB running=10
2026-10-04 13:55:14 DONE bpfu_B_N rc=0 595s
2026-10-04 13:55:14 LAUNCH bpfu_D_E pid=48056 free=3.7GB running=10
2026-10-04 13:55:56 DONE bpfr_B_W rc=0 1832s
2026-10-04 13:55:56 LAUNCH bpfu_D_N pid=50860 free=3.7GB running=10
2026-10-04 13:57:14 DONE bpfu_B_W rc=0 630s
2026-10-04 13:57:14 LAUNCH bpfu_D_S pid=46752 free=3.7GB running=10
2026-10-04 13:58:31 DONE bpfu_B_S rc=0 744s
2026-10-04 13:58:31 LAUNCH bpfu_D_W pid=50300 free=3.7GB running=10
2026-10-04 14:01:03 DONE bpfu_C_N rc=0 485s
2026-10-04 14:01:03 LAUNCH bpfu2_D_W pid=36024 free=3.6GB running=10
2026-10-04 14:01:05 LAUNCH bpxr_A_E pid=25668 free=3.6GB running=11
2026-10-04 14:01:12 DONE bpfr_C_W rc=0 1884s
2026-10-04 14:03:07 DONE bpfu_C_E rc=0 796s
2026-10-04 14:03:07 LAUNCH bpxr_A_N pid=43968 free=3.6GB running=10
2026-10-04 14:03:59 DONE bpfu_C_S rc=0 619s
2026-10-04 14:03:59 LAUNCH bpxr_A_S pid=2868 free=3.7GB running=10
2026-10-04 14:04:51 DONE bpfu_D_N rc=0 535s
2026-10-04 14:04:51 LAUNCH bpxr_A_W pid=16320 free=3.6GB running=10
2026-10-04 14:06:03 DONE bpfu_D_S rc=0 530s
2026-10-04 14:06:04 LAUNCH bpxr_B_E pid=32208 free=3.7GB running=10
2026-10-04 14:07:41 DONE bpfu_D_E rc=0 746s
2026-10-04 14:07:41 LAUNCH bpxr_B_N pid=26552 free=3.6GB running=10
2026-10-04 14:08:43 DONE bpfu_D_W rc=0 612s
2026-10-04 14:08:43 LAUNCH bpxr_B_S pid=40564 free=3.7GB running=10
2026-10-04 14:09:05 DONE bpfu_B_E rc=0 1487s
2026-10-04 14:09:05 LAUNCH bpxr_B_W pid=49584 free=3.7GB running=10
2026-10-04 14:10:17 DONE bpxr_A_E rc=0 552s
2026-10-04 14:10:17 LAUNCH bpxr_C_E pid=28496 free=3.5GB running=10
2026-10-04 14:13:04 DONE bpxr_A_S rc=0 545s
2026-10-04 14:13:04 LAUNCH bpxr_C_N pid=43888 free=3.6GB running=10
2026-10-04 14:15:16 DONE bpxr_A_N rc=0 729s
2026-10-04 14:15:16 LAUNCH bpxr_C_S pid=36144 free=3.6GB running=10
2026-10-04 14:17:04 DONE bpxr_A_W rc=0 732s
2026-10-04 14:17:04 LAUNCH bpxr_C_W pid=40276 free=3.7GB running=10
2026-10-04 14:17:41 DONE bpxr_B_N rc=0 600s
2026-10-04 14:17:41 LAUNCH bpxr_D_E pid=49016 free=3.7GB running=10
2026-10-04 14:19:48 DONE bpxr_B_S rc=0 665s
2026-10-04 14:19:48 LAUNCH bpxr_D_N pid=32088 free=3.5GB running=10
2026-10-04 14:21:10 DONE bpxr_C_N rc=0 486s
2026-10-04 14:21:10 LAUNCH bpxr_D_S pid=48972 free=3.7GB running=10
2026-10-04 14:21:17 DONE bpfu2_D_W rc=0 1214s
2026-10-04 14:21:17 LAUNCH bpxr_D_W pid=25296 free=3.7GB running=10
2026-10-04 14:24:19 DONE bpfu_C_W rc=0 1767s
2026-10-04 14:24:19 LAUNCH bpxu_A_E pid=41604 free=3.6GB running=10
2026-10-04 14:26:31 DONE bpxr_C_S rc=0 675s
2026-10-04 14:26:32 LAUNCH bpxu_A_N pid=25604 free=3.7GB running=10
2026-10-04 14:30:14 DONE bpxr_D_N rc=0 626s
2026-10-04 14:30:14 LAUNCH bpxu_A_S pid=46632 free=3.4GB running=10
2026-10-04 14:30:41 DONE bpxr_D_W rc=0 564s
2026-10-04 14:30:41 LAUNCH bpxu_A_W pid=24120 free=3.5GB running=10
2026-10-04 14:31:03 DONE bpxr_D_S rc=0 593s
2026-10-04 14:31:03 LAUNCH bpxu_B_E pid=7388 free=3.5GB running=10
2026-10-04 14:31:10 DONE bpxr_C_W rc=0 846s
2026-10-04 14:31:10 LAUNCH bpxu_B_N pid=11640 free=3.6GB running=10
2026-10-04 14:33:17 DONE bpxu_A_E rc=0 538s
2026-10-04 14:33:17 LAUNCH bpxu_B_S pid=47880 free=3.5GB running=10
2026-10-04 14:33:34 DONE bpxr_B_E rc=0 1651s
2026-10-04 14:33:34 LAUNCH bpxu_B_W pid=27136 free=3.7GB running=10
2026-10-04 14:34:41 LAUNCH bpxu_C_E pid=16320 free=3.1GB running=11
2026-10-04 14:37:03 DONE bpxr_B_W rc=0 1679s
2026-10-04 14:37:03 LAUNCH bpxu_C_N pid=39512 free=3.1GB running=11
2026-10-04 14:37:46 DONE bpxu_A_N rc=0 674s
2026-10-04 14:37:46 LAUNCH bpxu_C_S pid=44616 free=3.1GB running=11
2026-10-04 14:38:23 DONE bpxr_C_E rc=0 1686s
2026-10-04 14:38:23 LAUNCH bpxu_C_W pid=51536 free=3.1GB running=11
2026-10-04 14:40:20 DONE bpxr_D_E rc=0 1359s
2026-10-04 14:40:20 LAUNCH bpxu_D_E pid=42064 free=3.0GB running=11
2026-10-04 14:40:32 DONE bpxu_A_S rc=0 618s
2026-10-04 14:40:37 LAUNCH bpxu_D_N pid=49672 free=3.0GB running=11
2026-10-04 14:40:54 DONE bpxu_B_N rc=0 584s
2026-10-04 14:40:54 LAUNCH bpxu_D_S pid=36300 free=3.1GB running=11
2026-10-04 14:41:31 DONE bpxu_A_W rc=0 650s
2026-10-04 14:41:31 LAUNCH bpxu_D_W pid=48228 free=3.2GB running=11
2026-10-04 14:43:28 DONE bpxu_B_S rc=0 611s
2026-10-04 14:43:28 LAUNCH bpxu2_D_W pid=32832 free=3.1GB running=11
2026-10-04 14:43:50 DONE bpxu_B_W rc=0 616s
2026-10-04 14:43:50 LAUNCH bppr_A_E pid=24760 free=3.1GB running=11
2026-10-04 14:45:02 DONE bpxu_C_N rc=0 479s
2026-10-04 14:45:02 LAUNCH bppr_A_N pid=44132 free=3.1GB running=11
2026-10-04 14:47:45 DONE bpxu_C_S rc=0 599s
2026-10-04 14:47:45 LAUNCH bppr_A_S pid=14960 free=3.1GB running=11
2026-10-04 14:49:27 DONE bpxu_D_S rc=0 513s
2026-10-04 14:49:32 LAUNCH bppr_A_W pid=46376 free=3.0GB running=11
2026-10-04 14:50:24 DONE bpxu_C_W rc=0 721s
2026-10-04 14:50:24 LAUNCH bppr_B_E pid=30716 free=3.1GB running=11
2026-10-04 14:51:01 DONE bpxu_D_N rc=0 624s
2026-10-04 14:51:01 LAUNCH bppr_B_N pid=51660 free=3.1GB running=11
2026-10-04 14:51:33 DONE bpxu_D_W rc=0 602s
2026-10-04 14:51:33 LAUNCH bppr_B_S pid=39756 free=3.2GB running=11
2026-10-04 14:52:10 DONE bpxu_D_E rc=0 710s
2026-10-04 14:52:10 LAUNCH bppr_B_W pid=49336 free=3.2GB running=11
2026-10-04 14:52:52 DONE bppr_A_E rc=0 542s
2026-10-04 14:52:52 LAUNCH bppr_C_E pid=45324 free=3.1GB running=11
2026-10-04 14:55:49 DONE bpxu_B_E rc=0 1486s
2026-10-04 14:55:49 LAUNCH bppr_C_N pid=38732 free=3.0GB running=11
2026-10-04 14:56:11 DONE bppr_A_S rc=0 507s
2026-10-04 14:56:11 LAUNCH bppr_C_S pid=51720 free=3.1GB running=11
2026-10-04 14:56:33 DONE bppr_A_N rc=0 691s
2026-10-04 14:56:33 LAUNCH bppr_C_W pid=19420 free=3.1GB running=11
2026-10-04 14:59:41 DONE bpxu2_D_W rc=0 973s
2026-10-04 14:59:41 LAUNCH bppr_D_E pid=50816 free=3.0GB running=11
2026-10-04 15:00:13 DONE bppr_A_W rc=0 641s
2026-10-04 15:00:23 DONE bpxu_C_E rc=0 1542s
2026-10-04 15:00:23 LAUNCH bppr_D_N pid=6296 free=3.7GB running=10
2026-10-04 15:01:10 LAUNCH bppr_D_S pid=46732 free=3.0GB running=11
2026-10-04 15:01:57 DONE bppr_B_E rc=0 693s
2026-10-04 15:01:57 LAUNCH bppr_D_W pid=48976 free=3.0GB running=11
2026-10-04 15:02:09 DONE bppr_B_N rc=0 668s
2026-10-04 15:02:09 LAUNCH bppu_A_E pid=51788 free=3.1GB running=11
2026-10-04 15:03:36 DONE bppr_C_N rc=0 467s
2026-10-04 15:03:36 LAUNCH bppu_A_N pid=47132 free=3.1GB running=11
2026-10-04 15:03:58 DONE bppr_B_S rc=0 745s
2026-10-04 15:03:58 LAUNCH bppu_A_S pid=40908 free=3.1GB running=11
2026-10-04 15:06:00 DONE bppr_C_E rc=0 788s
2026-10-04 15:06:00 LAUNCH bppu_A_W pid=22572 free=3.0GB running=11
2026-10-04 15:06:32 DONE bppr_C_S rc=0 621s
2026-10-04 15:06:32 LAUNCH bppu_B_E pid=49784 free=3.1GB running=11
2026-10-04 15:10:40 DONE bppr_D_N rc=0 617s
2026-10-04 15:10:45 DONE bppu_A_E rc=0 516s
2026-10-04 15:10:45 LAUNCH bppu_B_N pid=19528 free=3.8GB running=10
2026-10-04 15:10:57 LAUNCH bppu_B_S pid=48896 free=3.0GB running=11
2026-10-04 15:11:24 DONE bppr_D_S rc=0 614s
2026-10-04 15:11:24 LAUNCH bppu_B_W pid=11568 free=3.0GB running=11
2026-10-04 15:11:36 DONE bppr_D_E rc=0 715s
2026-10-04 15:11:36 LAUNCH bppu_C_E pid=31648 free=3.1GB running=11
2026-10-04 15:12:38 DONE bppr_D_W rc=0 641s
2026-10-04 15:12:38 LAUNCH bppu_C_N pid=47880 free=3.0GB running=11
2026-10-04 15:13:25 DONE bppu_A_S rc=0 567s
2026-10-04 15:13:25 LAUNCH bppu_C_S pid=46812 free=3.0GB running=11
2026-10-04 15:13:52 DONE bppu_A_N rc=0 616s
2026-10-04 15:13:52 LAUNCH bppu_C_W pid=11356 free=3.1GB running=11
2026-10-04 15:16:44 DONE bppu_A_W rc=0 644s
2026-10-04 15:16:44 LAUNCH bppu_D_E pid=28012 free=3.0GB running=11
2026-10-04 15:17:22 DONE bppr_B_W rc=0 1512s
2026-10-04 15:17:22 LAUNCH bppu_D_N pid=25648 free=3.0GB running=11
2026-10-04 15:20:39 DONE bppu_C_N rc=0 481s
2026-10-04 15:20:49 LAUNCH bppu_D_S pid=48356 free=3.0GB running=11
2026-10-04 15:21:16 DONE bppu_B_N rc=0 631s
2026-10-04 15:21:16 LAUNCH bppu_D_W pid=27484 free=3.0GB running=11
2026-10-04 15:21:48 DONE bppr_C_W rc=0 1515s
2026-10-04 15:21:48 LAUNCH bppu2_D_W pid=25224 free=3.1GB running=11
2026-10-04 15:22:05 DONE bppu_B_W rc=0 641s
2026-10-04 15:22:05 LAUNCH bpwr_A_E pid=46736 free=3.1GB running=11
2026-10-04 15:22:57 DONE bppu_C_E rc=0 681s
2026-10-04 15:22:57 LAUNCH bpwr_A_N pid=50532 free=3.1GB running=11
2026-10-04 15:23:54 DONE bppu_C_S rc=0 629s
2026-10-04 15:23:54 LAUNCH bpwr_A_S pid=43908 free=3.1GB running=11
2026-10-04 15:24:16 DONE bppu_B_S rc=0 800s
2026-10-04 15:24:16 LAUNCH bpwr_A_W pid=46260 free=3.1GB running=11
2026-10-04 15:25:58 DONE bppu_D_N rc=0 517s
2026-10-04 15:25:58 LAUNCH bpwr_B_E pid=47056 free=3.2GB running=11
2026-10-04 15:28:51 DONE bppu_D_E rc=0 726s
2026-10-04 15:28:51 LAUNCH bpwr_B_N pid=48488 free=3.1GB running=11
2026-10-04 15:29:08 DONE bppu_D_S rc=0 499s
2026-10-04 15:29:08 LAUNCH bpwr_B_S pid=50432 free=3.2GB running=11
2026-10-04 15:30:40 DONE bpwr_A_E rc=0 515s
2026-10-04 15:31:05 LAUNCH bpwr_B_W pid=50172 free=3.0GB running=11
2026-10-04 15:31:37 DONE bppu_D_W rc=0 621s
2026-10-04 15:31:37 LAUNCH bpwr_C_E pid=48564 free=3.0GB running=11
2026-10-04 15:32:34 DONE bpwr_A_S rc=0 520s
2026-10-04 15:32:34 LAUNCH bpwr_C_N pid=35456 free=3.0GB running=11
2026-10-04 15:34:21 DONE bpwr_A_W rc=0 605s
2026-10-04 15:34:31 LAUNCH bpwr_C_S pid=38948 free=3.0GB running=11
2026-10-04 15:35:13 DONE bpwr_A_N rc=0 736s
2026-10-04 15:35:13 LAUNCH bpwr_C_W pid=16168 free=3.1GB running=11
2026-10-04 15:35:40 DONE bppu_B_E rc=0 1748s
2026-10-04 15:35:40 LAUNCH bpwr_D_E pid=44252 free=3.1GB running=11
2026-10-04 15:39:38 DONE bpwr_B_N rc=0 647s
2026-10-04 15:39:43 DONE bppu_C_W rc=0 1550s
2026-10-04 15:39:43 LAUNCH bpwr_D_N pid=43980 free=3.8GB running=10
2026-10-04 15:39:55 DONE bpwr_B_S rc=0 647s
2026-10-04 15:39:55 LAUNCH bpwr_D_S pid=6808 free=3.8GB running=10
2026-10-04 15:39:57 LAUNCH bpwr_D_W pid=51512 free=3.0GB running=11
2026-10-04 15:41:44 DONE bpwr_C_N rc=0 550s
2026-10-04 15:41:44 LAUNCH bpwu_A_E pid=51768 free=3.0GB running=11
2026-10-04 15:45:31 DONE bpwr_C_S rc=0 660s
2026-10-04 15:45:31 LAUNCH bpwu_A_N pid=46172 free=3.0GB running=11
2026-10-04 15:46:13 DONE bpwr_B_E rc=0 1215s
2026-10-04 15:46:13 LAUNCH bpwu_A_S pid=38012 free=3.1GB running=11
2026-10-04 15:47:35 DONE bppu2_D_W rc=0 1547s
2026-10-04 15:47:35 LAUNCH bpwu_A_W pid=41652 free=3.1GB running=11
2026-10-04 15:48:02 DONE bpwr_D_S rc=0 488s
2026-10-04 15:48:02 LAUNCH bpwu_B_E pid=23920 free=3.1GB running=11
2026-10-04 15:49:14 DONE bpwr_D_N rc=0 572s
2026-10-04 15:49:14 LAUNCH bpwu_B_N pid=26812 free=3.1GB running=11
2026-10-04 15:50:27 DONE bpwu_A_E rc=0 523s
2026-10-04 15:50:27 LAUNCH bpwu_B_S pid=46932 free=3.1GB running=11
2026-10-04 15:54:44 DONE bpwu_A_S rc=0 511s
2026-10-04 15:54:44 LAUNCH bpwu_B_W pid=45052 free=3.0GB running=11
2026-10-04 15:56:56 DONE bpwr_B_W rc=0 1551s
2026-10-04 15:56:56 LAUNCH bpwu_C_E pid=49032 free=3.1GB running=11
2026-10-04 15:57:43 DONE bpwu_A_N rc=0 732s
2026-10-04 15:58:03 DONE bpwu_A_W rc=0 628s
2026-10-04 15:58:03 LAUNCH bpwu_C_N pid=43896 free=3.6GB running=10
2026-10-04 15:59:05 DONE bpwu_B_N rc=0 591s
2026-10-04 15:59:05 LAUNCH bpwu_C_S pid=49612 free=3.6GB running=10
2026-10-04 15:59:17 DONE bpwu_B_S rc=0 531s
2026-10-04 15:59:17 LAUNCH bpwu_C_W pid=39508 free=3.7GB running=10
2026-10-04 15:59:44 DONE bpwr_C_E rc=0 1687s
2026-10-04 15:59:44 LAUNCH bpwu_D_E pid=50616 free=3.6GB running=10
2026-10-04 16:00:51 DONE bpwr_C_W rc=0 1538s
2026-10-04 16:00:51 LAUNCH bpwu_D_N pid=41688 free=3.7GB running=10
2026-10-04 16:00:58 DONE bpwr_D_E rc=0 1518s
2026-10-04 16:00:58 LAUNCH bpwu_D_S pid=47836 free=3.8GB running=10
2026-10-04 16:03:20 LAUNCH bpwu_D_W pid=7796 free=3.0GB running=11
2026-10-04 16:06:23 DONE bpwu_C_N rc=0 500s
2026-10-04 16:06:33 DONE bpwr_D_W rc=0 1596s
2026-10-04 16:06:33 LAUNCH bpwu2_D_W pid=48292 free=3.8GB running=10
2026-10-04 16:06:40 LAUNCH bpgr_A_E pid=46336 free=3.0GB running=11
2026-10-04 16:07:07 DONE bpwu_C_S rc=0 482s
2026-10-04 16:07:07 LAUNCH bpgr_A_N pid=48640 free=3.1GB running=11
2026-10-04 16:07:59 DONE bpwu_B_E rc=0 1196s
2026-10-04 16:08:44 DONE bpwu_D_S rc=0 466s
2026-10-04 16:08:44 LAUNCH bpgr_A_S pid=49380 free=3.8GB running=10
2026-10-04 16:09:06 DONE bpwu_D_N rc=0 495s
2026-10-04 16:13:31 DONE bpwu_B_W rc=0 1127s
2026-10-04 16:17:11 DONE bpgr_A_S rc=0 508s
2026-10-04 16:17:11 LAUNCH bpgr_A_W pid=20048 free=3.6GB running=8
2026-10-04 16:18:09 DONE bpgr_A_N rc=0 662s
2026-10-04 16:18:09 LAUNCH bpgr_B_E pid=40480 free=3.4GB running=8
2026-10-04 16:19:31 DONE bpgr_A_E rc=0 771s
2026-10-04 16:19:31 LAUNCH bpgr_B_N pid=50976 free=3.4GB running=8
2026-10-04 16:21:43 LAUNCH bpgr_B_S pid=48848 free=3.4GB running=9
2026-10-04 16:23:50 DONE bpwu_C_E rc=0 1614s
2026-10-04 16:23:50 DONE bpwu_D_E rc=0 1446s
2026-10-04 16:23:50 LAUNCH bpgr_B_W pid=50656 free=4.5GB running=8
2026-10-04 16:23:52 LAUNCH bpgr_C_E pid=26208 free=3.7GB running=9
2026-10-04 16:24:04 DONE bpwu_C_W rc=0 1487s
2026-10-04 16:24:04 LAUNCH bpgr_C_N pid=27136 free=3.6GB running=9
2026-10-04 16:29:06 DONE bpwu_D_W rc=0 1546s
2026-10-04 16:29:06 LAUNCH bpgr_C_S pid=46880 free=3.6GB running=9
2026-10-04 16:30:38 LAUNCH bpgr_C_W pid=45196 free=3.4GB running=10
2026-10-04 16:31:30 DONE bpgr_B_N rc=0 720s
2026-10-04 16:31:30 LAUNCH bpgr_D_E pid=45060 free=3.5GB running=10
2026-10-04 16:31:58 DONE bpgr_C_N rc=0 474s
2026-10-04 16:31:58 LAUNCH bpgr_D_N pid=35860 free=3.5GB running=10
2026-10-04 16:33:55 DONE bpgr_B_S rc=0 732s
2026-10-04 16:33:55 LAUNCH bpgr_D_S pid=42800 free=3.5GB running=10
2026-10-04 16:37:32 DONE bpwu2_D_W rc=0 1859s
2026-10-04 16:38:47 DONE bpgr_A_W rc=0 1296s
2026-10-04 16:38:47 LAUNCH bpgr_D_W pid=50156 free=3.5GB running=9
2026-10-04 16:39:04 DONE bpgr_B_E rc=0 1256s
2026-10-04 16:39:04 LAUNCH bpgu_A_E pid=51132 free=3.5GB running=9
2026-10-04 16:39:46 DONE bpgr_C_S rc=0 640s
2026-10-04 16:39:46 LAUNCH bpgu_A_N pid=48280 free=3.5GB running=9
2026-10-04 16:42:08 DONE bpgr_D_N rc=0 611s
2026-10-04 16:42:09 LAUNCH bpgu_A_S pid=46536 free=3.6GB running=9
2026-10-04 16:42:16 DONE bpgr_B_W rc=0 1106s
2026-10-04 16:42:16 LAUNCH bpgu_A_W pid=50124 free=3.6GB running=9
2026-10-04 16:43:08 DONE bpgr_D_S rc=0 553s
2026-10-04 16:43:08 LAUNCH bpgu_B_E pid=33340 free=3.6GB running=9
2026-10-04 16:43:35 DONE bpgr_D_E rc=0 724s
2026-10-04 16:43:35 LAUNCH bpgu_B_N pid=25164 free=3.6GB running=9
2026-10-04 16:49:47 DONE bpgu_A_E rc=0 643s
2026-10-04 16:49:47 LAUNCH bpgu_B_S pid=33192 free=3.4GB running=9
2026-10-04 16:50:19 DONE bpgu_A_N rc=0 633s
2026-10-04 16:50:19 LAUNCH bpgu_B_W pid=38648 free=3.3GB running=9
2026-10-04 16:51:26 DONE bpgu_A_S rc=0 558s
2026-10-04 16:51:26 LAUNCH bpgu_C_E pid=36084 free=3.4GB running=9
2026-10-04 16:52:44 DONE bpgr_D_W rc=0 836s
2026-10-04 16:52:44 LAUNCH bpgu_C_N pid=38292 free=3.5GB running=9
2026-10-04 16:52:46 LAUNCH bpgu_C_S pid=24668 free=3.5GB running=10
2026-10-04 16:52:53 DONE bpgr_C_E rc=0 1741s
2026-10-04 16:54:08 DONE bpgu_B_N rc=0 633s
2026-10-04 16:54:08 LAUNCH bpgu_C_W pid=15264 free=3.4GB running=9
2026-10-04 16:54:55 DONE bpgu_A_W rc=0 759s
2026-10-04 16:54:55 LAUNCH bpgu_D_E pid=43876 free=3.3GB running=9
2026-10-04 16:56:32 DONE bpgu_B_E rc=0 804s
2026-10-04 16:56:32 LAUNCH bpgu_D_N pid=43832 free=3.3GB running=9
2026-10-04 16:57:09 LAUNCH bpgu_D_S pid=15192 free=3.4GB running=10
2026-10-04 16:57:41 DONE bpgr_C_W rc=0 1623s
2026-10-04 16:57:41 LAUNCH bpgu_D_W pid=46628 free=3.7GB running=10
2026-10-04 16:58:38 DONE bpgu_B_W rc=0 499s
2026-10-04 16:58:38 LAUNCH bpgu2_D_W pid=41016 free=3.7GB running=10
2026-10-04 16:58:55 DONE bpgu_C_N rc=0 372s
2026-10-04 16:59:35 DONE bpgu_B_S rc=0 588s
2026-10-04 17:00:05 DONE bpgu_C_S rc=0 440s
2026-10-04 17:01:11 DONE bpgu_C_E rc=0 584s
2026-10-04 17:02:16 DONE bpgu_D_N rc=0 344s
2026-10-04 17:02:56 DONE bpgu_D_S rc=0 347s
2026-10-04 17:03:31 DONE bpgu_D_E rc=0 516s
2026-10-04 17:07:06 DONE bpgu_D_W rc=0 565s
2026-10-04 17:13:41 DONE bpgu2_D_W rc=0 903s
2026-10-04 17:14:36 DONE bpgu_C_W rc=0 1229s
2026-10-04 17:14:41 ALL_MF2_COMPLETE outputs\_bp_q_all.jsonl 309/309 0 FAIL
