POOL START 2026-09-07 12:09:31 queue=outputs/_bs_queue.txt maxpar=10 minfree_kb=3000000 free_kb_now=5922644
LAUNCH bsbase_east_half_101 running=1 free_kb=5936352 12:09:32
LAUNCH bsbase_east_half_202 running=2 free_kb=5073312 12:09:58
LAUNCH bsbase_east_half_303 running=3 free_kb=4168296 12:10:24
LAUNCH bsbase_east_half_404 running=4 free_kb=3355220 12:10:49
DONE bsbase_east_half_404 rc=0 size=538204 703s bsbase east/half seed=404 rescued=2 dead=2 unreachable=0 never_detected=0 ff_deaths=1 terminal=162 completions=2 recycles=2 removals=2 returns=2 wall=701s
LAUNCH bsbase_east_half_505 running=4 free_kb=3136964 12:22:43
DONE bsbase_east_half_101 rc=0 size=544023 804s bsbase east/half seed=101 rescued=2 dead=1 unreachable=0 never_detected=0 ff_deaths=1 terminal=None completions=2 recycles=2 removals=2 returns=2 wall=802s
LAUNCH bsbase_south_half_101 running=4 free_kb=3155972 12:23:09
DONE bsbase_east_half_202 rc=0 size=479910 860s bsbase east/half seed=202 rescued=2 dead=1 unreachable=1 never_detected=0 ff_deaths=1 terminal=237 completions=2 recycles=2 removals=2 returns=2 wall=858s
DONE bsbase_east_half_303 rc=0 size=547185 837s bsbase east/half seed=303 rescued=3 dead=1 unreachable=0 never_detected=0 ff_deaths=0 terminal=240 completions=3 recycles=2 removals=3 returns=2 wall=835s
LAUNCH bsbase_south_half_202 running=4 free_kb=4132204 12:24:21
LAUNCH bsbase_south_half_303 running=4 free_kb=3205752 12:24:47
DONE bsbase_south_half_202 rc=0 size=494096 251s bsbase south/half seed=202 rescued=4 dead=0 unreachable=0 never_detected=0 ff_deaths=0 terminal=193 completions=4 recycles=4 removals=4 returns=4 wall=249s
DONE bsbase_south_half_101 rc=0 size=564285 347s bsbase south/half seed=101 rescued=3 dead=0 unreachable=0 never_detected=0 ff_deaths=1 terminal=None completions=3 recycles=3 removals=3 returns=3 wall=345s
LAUNCH bsbase_south_half_404 running=3 free_kb=3261208 12:29:08
DONE bsbase_south_half_303 rc=0 size=494179 275s bsbase south/half seed=303 rescued=3 dead=1 unreachable=0 never_detected=0 ff_deaths=1 terminal=216 completions=3 recycles=3 removals=3 returns=3 wall=273s
LAUNCH bsbase_south_half_505 running=3 free_kb=3251380 12:29:34
DONE bsbase_east_half_505 rc=0 size=497365 529s bsbase east/half seed=505 rescued=2 dead=1 unreachable=0 never_detected=0 ff_deaths=0 terminal=None completions=2 recycles=2 removals=2 returns=2 wall=527s
LAUNCH bsbase_east_def_101 running=3 free_kb=3229148 12:31:33
DONE bsbase_south_half_505 rc=0 size=478445 267s bsbase south/half seed=505 rescued=3 dead=1 unreachable=0 never_detected=0 ff_deaths=0 terminal=108 completions=3 recycles=3 removals=3 returns=3 wall=266s
LAUNCH bsbase_east_def_202 running=3 free_kb=3231660 12:34:04
DONE bsbase_south_half_404 rc=0 size=532156 299s bsbase south/half seed=404 rescued=4 dead=0 unreachable=0 never_detected=0 ff_deaths=0 terminal=141 completions=4 recycles=4 removals=4 returns=4 wall=298s
LAUNCH bsbase_east_def_303 running=3 free_kb=3210908 12:34:29
DONE bsbase_east_def_101 rc=0 size=488633 239s bsbase east/default seed=101 rescued=1 dead=2 unreachable=1 never_detected=0 ff_deaths=2 terminal=112 completions=1 recycles=1 removals=1 returns=1 wall=238s
LAUNCH bsbase_east_half_606 running=3 free_kb=3261784 12:35:42
DONE bsbase_east_def_202 rc=0 size=460156 212s bsbase east/default seed=202 rescued=3 dead=1 unreachable=0 never_detected=0 ff_deaths=1 terminal=162 completions=3 recycles=3 removals=3 returns=3 wall=210s
LAUNCH bsbase_east_half_707 running=3 free_kb=3266868 12:37:41
DONE bsbase_east_def_303 rc=0 size=534365 272s bsbase east/default seed=303 rescued=3 dead=1 unreachable=0 never_detected=0 ff_deaths=0 terminal=125 completions=3 recycles=3 removals=3 returns=3 wall=270s
LAUNCH bsbase_east_half_808 running=3 free_kb=3264720 12:39:10
DONE bsbase_east_half_707 rc=0 size=382290 146s bsbase east/half seed=707 rescued=4 dead=0 unreachable=0 never_detected=0 ff_deaths=0 terminal=186 completions=4 recycles=4 removals=4 returns=4 wall=144s
LAUNCH bsbase_east_half_909 running=3 free_kb=3272308 12:40:22
DONE bsbase_east_half_606 rc=0 size=487372 565s bsbase east/half seed=606 rescued=3 dead=1 unreachable=0 never_detected=0 ff_deaths=1 terminal=212 completions=3 recycles=3 removals=3 returns=3 wall=563s
LAUNCH bsbase_east_half_1010 running=3 free_kb=3270268 12:45:13
DONE bsbase_east_half_808 rc=0 size=486735 483s bsbase east/half seed=808 rescued=3 dead=1 unreachable=0 never_detected=0 ff_deaths=0 terminal=173 completions=3 recycles=3 removals=3 returns=3 wall=482s
LAUNCH bsbase_south_half_606 running=3 free_kb=3270800 12:47:28
DONE bsbase_east_half_909 rc=0 size=507863 486s bsbase east/half seed=909 rescued=3 dead=0 unreachable=1 never_detected=0 ff_deaths=2 terminal=190 completions=3 recycles=3 removals=3 returns=3 wall=484s
LAUNCH bsbase_south_half_707 running=3 free_kb=3252752 12:48:41
DONE bsbase_south_half_606 rc=0 size=539742 286s bsbase south/half seed=606 rescued=2 dead=0 unreachable=1 never_detected=1 ff_deaths=0 terminal=None completions=2 recycles=2 removals=2 returns=2 wall=284s
LAUNCH bsbase_south_half_808 running=3 free_kb=3227760 12:52:30
DONE bsbase_south_half_707 rc=0 size=450923 303s bsbase south/half seed=707 rescued=4 dead=0 unreachable=0 never_detected=0 ff_deaths=0 terminal=163 completions=4 recycles=4 removals=4 returns=4 wall=302s
LAUNCH bsbase_south_half_909 running=3 free_kb=3258084 12:53:58
DONE bsbase_east_half_1010 rc=0 size=529882 575s bsbase east/half seed=1010 rescued=1 dead=2 unreachable=0 never_detected=0 ff_deaths=1 terminal=None completions=1 recycles=1 removals=1 returns=1 wall=573s
LAUNCH bsbase_south_half_1010 running=3 free_kb=3276808 12:54:55
DONE bsbase_south_half_808 rc=0 size=482390 312s bsbase south/half seed=808 rescued=4 dead=0 unreachable=0 never_detected=0 ff_deaths=1 terminal=115 completions=4 recycles=4 removals=4 returns=4 wall=311s
LAUNCH bsoff_east_half_101 running=3 free_kb=3186936 12:57:57
DONE bsbase_south_half_909 rc=0 size=532059 274s bsbase south/half seed=909 rescued=3 dead=0 unreachable=0 never_detected=0 ff_deaths=1 terminal=None completions=3 recycles=3 removals=3 returns=3 wall=272s
LAUNCH bsoff_east_half_202 running=3 free_kb=3245080 12:58:38
DONE bsbase_south_half_1010 rc=0 size=505262 318s bsbase south/half seed=1010 rescued=2 dead=0 unreachable=0 never_detected=0 ff_deaths=1 terminal=None completions=2 recycles=2 removals=2 returns=2 wall=316s
LAUNCH bsoff_east_half_303 running=3 free_kb=3206040 13:00:22
DONE bsoff_east_half_101 rc=0 size=543959 573s bsoff east/half seed=101 rescued=2 dead=1 unreachable=0 never_detected=0 ff_deaths=1 terminal=None completions=2 recycles=2 removals=2 returns=2 wall=571s
LAUNCH bsoff_east_half_404 running=3 free_kb=3201500 13:07:34
LAUNCH bsoff_east_half_505 running=4 free_kb=3216000 13:08:00
DONE bsoff_east_half_202 rc=0 size=479846 615s bsoff east/half seed=202 rescued=2 dead=1 unreachable=1 never_detected=0 ff_deaths=1 terminal=237 completions=2 recycles=2 removals=2 returns=2 wall=613s
LAUNCH bsoff_south_half_101 running=4 free_kb=3150808 13:09:13
DONE bsoff_east_half_303 rc=0 size=547121 612s bsoff east/half seed=303 rescued=3 dead=1 unreachable=0 never_detected=0 ff_deaths=0 terminal=240 completions=3 recycles=2 removals=3 returns=2 wall=610s
LAUNCH bsoff_south_half_202 running=4 free_kb=3214272 13:10:41
DONE bsoff_south_half_202 rc=0 size=494032 243s bsoff south/half seed=202 rescued=4 dead=0 unreachable=0 never_detected=0 ff_deaths=0 terminal=193 completions=4 recycles=4 removals=4 returns=4 wall=242s
LAUNCH bsoff_south_half_303 running=4 free_kb=3011260 13:14:46
DONE bsoff_south_half_101 rc=0 size=564221 343s bsoff south/half seed=101 rescued=3 dead=0 unreachable=0 never_detected=0 ff_deaths=1 terminal=None completions=3 recycles=3 removals=3 returns=3 wall=342s
LAUNCH bsoff_south_half_404 running=4 free_kb=3066864 13:15:12
DONE bsoff_east_half_404 rc=0 size=538140 518s bsoff east/half seed=404 rescued=2 dead=2 unreachable=0 never_detected=0 ff_deaths=1 terminal=162 completions=2 recycles=2 removals=2 returns=2 wall=516s
LAUNCH bsoff_south_half_505 running=4 free_kb=3170388 13:16:24
DONE bsoff_east_half_505 rc=0 size=497301 522s bsoff east/half seed=505 rescued=2 dead=1 unreachable=0 never_detected=0 ff_deaths=0 terminal=None completions=2 recycles=2 removals=2 returns=2 wall=521s
LAUNCH bsoff_east_def_101 running=4 free_kb=3161416 13:16:50
DONE bsoff_south_half_303 rc=0 size=494115 266s bsoff south/half seed=303 rescued=3 dead=1 unreachable=0 never_detected=0 ff_deaths=1 terminal=216 completions=3 recycles=3 removals=3 returns=3 wall=264s
LAUNCH bsoff_east_def_202 running=4 free_kb=3177916 13:19:21
DONE bsoff_south_half_404 rc=0 size=532092 296s bsoff south/half seed=404 rescued=4 dead=0 unreachable=0 never_detected=0 ff_deaths=0 terminal=141 completions=4 recycles=4 removals=4 returns=4 wall=294s
LAUNCH bsoff_east_def_303 running=4 free_kb=3222752 13:20:18
DONE bsoff_south_half_505 rc=0 size=478381 269s bsoff south/half seed=505 rescued=3 dead=1 unreachable=0 never_detected=0 ff_deaths=0 terminal=108 completions=3 recycles=3 removals=3 returns=3 wall=267s
LAUNCH bsoff_east_half_606 running=4 free_kb=3229820 13:20:59
DONE bsoff_east_def_101 rc=0 size=488569 251s bsoff east/default seed=101 rescued=1 dead=2 unreachable=1 never_detected=0 ff_deaths=2 terminal=112 completions=1 recycles=1 removals=1 returns=1 wall=250s
LAUNCH bsoff_east_half_707 running=4 free_kb=3241816 13:21:25
DONE bsoff_east_def_202 rc=0 size=460092 214s bsoff east/default seed=202 rescued=3 dead=1 unreachable=0 never_detected=0 ff_deaths=1 terminal=162 completions=3 recycles=3 removals=3 returns=3 wall=212s
LAUNCH bsoff_east_half_808 running=4 free_kb=3205152 13:23:08
DONE bsoff_east_half_707 rc=0 size=382226 147s bsoff east/half seed=707 rescued=4 dead=0 unreachable=0 never_detected=0 ff_deaths=0 terminal=186 completions=4 recycles=4 removals=4 returns=4 wall=145s
LAUNCH bsoff_east_half_909 running=4 free_kb=3225604 13:24:05
DONE bsoff_east_def_303 rc=0 size=534301 270s bsoff east/default seed=303 rescued=3 dead=1 unreachable=0 never_detected=0 ff_deaths=0 terminal=125 completions=3 recycles=3 removals=3 returns=3 wall=268s
LAUNCH bsoff_east_half_1010 running=4 free_kb=3168452 13:25:02
DONE bsoff_east_half_606 rc=0 size=487308 570s bsoff east/half seed=606 rescued=3 dead=1 unreachable=0 never_detected=0 ff_deaths=1 terminal=212 completions=3 recycles=3 removals=3 returns=3 wall=568s
LAUNCH bsoff_south_half_606 running=4 free_kb=3168796 13:30:41
DONE bsoff_east_half_808 rc=0 size=486671 494s bsoff east/half seed=808 rescued=3 dead=1 unreachable=0 never_detected=0 ff_deaths=0 terminal=173 completions=3 recycles=3 removals=3 returns=3 wall=492s
LAUNCH bsoff_south_half_707 running=4 free_kb=3183292 13:31:38
DONE bsoff_east_half_909 rc=0 size=507799 491s bsoff east/half seed=909 rescued=3 dead=0 unreachable=1 never_detected=0 ff_deaths=2 terminal=190 completions=3 recycles=3 removals=3 returns=3 wall=489s
LAUNCH bsoff_south_half_808 running=4 free_kb=3153988 13:32:19
DONE bsoff_east_half_1010 rc=0 size=529818 580s bsoff east/half seed=1010 rescued=1 dead=2 unreachable=0 never_detected=0 ff_deaths=1 terminal=None completions=1 recycles=1 removals=1 returns=1 wall=578s
LAUNCH bsoff_south_half_909 running=4 free_kb=3159992 13:34:50
DONE bsoff_south_half_606 rc=0 size=539678 282s bsoff south/half seed=606 rescued=2 dead=0 unreachable=1 never_detected=1 ff_deaths=0 terminal=None completions=2 recycles=2 removals=2 returns=2 wall=281s
LAUNCH bsoff_south_half_1010 running=4 free_kb=3198496 13:35:31
DONE bsoff_south_half_707 rc=0 size=450859 305s bsoff south/half seed=707 rescued=4 dead=0 unreachable=0 never_detected=0 ff_deaths=0 terminal=163 completions=4 recycles=4 removals=4 returns=4 wall=303s
LAUNCH bsspawn_east_half_101 running=4 free_kb=3205140 13:36:44
DONE bsoff_south_half_808 rc=0 size=482326 311s bsoff south/half seed=808 rescued=4 dead=0 unreachable=0 never_detected=0 ff_deaths=1 terminal=115 completions=4 recycles=4 removals=4 returns=4 wall=309s
LAUNCH bsspawn_east_half_202 running=4 free_kb=3202536 13:37:41
DONE bsoff_south_half_909 rc=0 size=531995 270s bsoff south/half seed=909 rescued=3 dead=0 unreachable=0 never_detected=0 ff_deaths=1 terminal=None completions=3 recycles=3 removals=3 returns=3 wall=269s
LAUNCH bsspawn_east_half_303 running=4 free_kb=3213596 13:39:25
DONE bsoff_south_half_1010 rc=0 size=505198 317s bsoff south/half seed=1010 rescued=2 dead=0 unreachable=0 never_detected=0 ff_deaths=1 terminal=None completions=2 recycles=2 removals=2 returns=2 wall=316s
LAUNCH bsspawn_east_half_404 running=4 free_kb=3224768 13:40:53
DONE bsspawn_east_half_303 rc=0 size=540766 493s bsspawn east/half seed=303 rescued=3 dead=1 unreachable=0 never_detected=0 ff_deaths=0 terminal=130 completions=3 recycles=3 removals=3 returns=3 wall=492s
DONE bsspawn_east_half_202 rc=0 size=464066 603s bsspawn east/half seed=202 rescued=3 dead=1 unreachable=0 never_detected=0 ff_deaths=0 terminal=177 completions=3 recycles=3 removals=3 returns=3 wall=602s
LAUNCH bsspawn_east_half_505 running=3 free_kb=4096688 13:47:49
LAUNCH bsspawn_south_half_101 running=4 free_kb=3212724 13:48:15
DONE bsspawn_east_half_101 rc=0 size=528061 765s bsspawn east/half seed=101 rescued=2 dead=0 unreachable=0 never_detected=0 ff_deaths=0 terminal=None completions=2 recycles=2 removals=2 returns=2 wall=764s
LAUNCH bsspawn_south_half_202 running=4 free_kb=3178612 13:49:43
DONE bsspawn_east_half_404 rc=0 size=551650 712s bsspawn east/half seed=404 rescued=2 dead=2 unreachable=0 never_detected=0 ff_deaths=1 terminal=234 completions=2 recycles=2 removals=2 returns=2 wall=711s
LAUNCH bsspawn_south_half_303 running=5 free_kb=3198220 13:52:45
DONE bsspawn_south_half_101 rc=0 size=571316 336s bsspawn south/half seed=101 rescued=3 dead=1 unreachable=0 never_detected=0 ff_deaths=0 terminal=164 completions=3 recycles=3 removals=3 returns=3 wall=335s
LAUNCH bsspawn_south_half_404 running=4 free_kb=3203480 13:53:58
DONE bsspawn_south_half_202 rc=0 size=502802 264s bsspawn south/half seed=202 rescued=3 dead=0 unreachable=1 never_detected=1 ff_deaths=0 terminal=210 completions=3 recycles=3 removals=3 returns=3 wall=263s
LAUNCH bsspawn_south_half_505 running=4 free_kb=3234440 13:54:23
DONE bsspawn_south_half_303 rc=0 size=478157 235s bsspawn south/half seed=303 rescued=4 dead=0 unreachable=0 never_detected=0 ff_deaths=2 terminal=137 completions=4 recycles=4 removals=4 returns=4 wall=234s
LAUNCH bsspawn_east_def_101 running=4 free_kb=3192128 13:56:54
DONE bsspawn_east_half_505 rc=0 size=490019 563s bsspawn east/half seed=505 rescued=3 dead=1 unreachable=0 never_detected=0 ff_deaths=0 terminal=168 completions=3 recycles=3 removals=3 returns=3 wall=561s
LAUNCH bsspawn_east_def_202 running=4 free_kb=3221740 13:57:20
DONE bsspawn_south_half_505 rc=0 size=479645 227s bsspawn south/half seed=505 rescued=3 dead=1 unreachable=0 never_detected=0 ff_deaths=0 terminal=96 completions=3 recycles=3 removals=3 returns=3 wall=225s
LAUNCH bsspawn_east_def_303 running=4 free_kb=3104872 13:58:17
DONE bsspawn_south_half_404 rc=0 size=570599 305s bsspawn south/half seed=404 rescued=3 dead=1 unreachable=0 never_detected=0 ff_deaths=1 terminal=187 completions=3 recycles=3 removals=3 returns=3 wall=304s
LAUNCH bsspawnu_east_half_101 running=4 free_kb=3135452 13:59:14
DONE bsspawn_east_def_101 rc=0 size=520030 240s bsspawn east/default seed=101 rescued=3 dead=0 unreachable=0 never_detected=0 ff_deaths=0 terminal=None completions=3 recycles=3 removals=3 returns=3 wall=238s
LAUNCH bsspawnu_east_half_202 running=4 free_kb=3117876 14:00:57
DONE bsspawn_east_def_202 rc=0 size=459501 228s bsspawn east/default seed=202 rescued=3 dead=1 unreachable=0 never_detected=0 ff_deaths=0 terminal=181 completions=3 recycles=3 removals=3 returns=3 wall=227s
LAUNCH bsspawnu_east_half_303 running=4 free_kb=3154452 14:01:23
DONE bsspawn_east_def_303 rc=0 size=538415 246s bsspawn east/default seed=303 rescued=3 dead=1 unreachable=0 never_detected=0 ff_deaths=0 terminal=130 completions=3 recycles=3 removals=3 returns=3 wall=244s
LAUNCH bsspawnu_east_half_404 running=4 free_kb=3059616 14:02:36
DONE bsspawnu_east_half_303 rc=0 size=537914 656s bsspawnu east/half seed=303 rescued=3 dead=1 unreachable=0 never_detected=0 ff_deaths=0 terminal=130 completions=3 recycles=3 removals=3 returns=3 wall=654s
LAUNCH bsspawnu_east_half_505 running=4 free_kb=3026664 14:12:39
DONE bsspawnu_east_half_202 rc=0 size=464422 840s bsspawnu east/half seed=202 rescued=3 dead=1 unreachable=0 never_detected=0 ff_deaths=0 terminal=188 completions=3 recycles=3 removals=3 returns=3 wall=838s
LAUNCH bsspawnu_south_half_101 running=4 free_kb=3022208 14:15:10
DONE bsspawnu_east_half_101 rc=0 size=528045 975s bsspawnu east/half seed=101 rescued=2 dead=0 unreachable=0 never_detected=0 ff_deaths=0 terminal=None completions=2 recycles=2 removals=2 returns=2 wall=974s
LAUNCH bsspawnu_south_half_202 running=4 free_kb=3011088 14:15:35
DONE bsspawnu_east_half_404 rc=0 size=548301 973s bsspawnu east/half seed=404 rescued=2 dead=2 unreachable=0 never_detected=0 ff_deaths=2 terminal=190 completions=2 recycles=2 removals=2 returns=2 wall=971s
LAUNCH bsspawnu_south_half_303 running=4 free_kb=3019352 14:18:53
DONE bsspawnu_south_half_202 rc=0 size=498004 356s bsspawnu south/half seed=202 rescued=3 dead=0 unreachable=1 never_detected=1 ff_deaths=0 terminal=210 completions=3 recycles=3 removals=3 returns=3 wall=354s
LAUNCH bsspawnu_south_half_404 running=4 free_kb=3057736 14:21:39
DONE bsspawnu_south_half_101 rc=0 size=571144 444s bsspawnu south/half seed=101 rescued=3 dead=1 unreachable=0 never_detected=0 ff_deaths=0 terminal=164 completions=3 recycles=3 removals=3 returns=3 wall=442s
LAUNCH bsspawnu_south_half_505 running=4 free_kb=3071020 14:22:36
DONE bsspawnu_south_half_303 rc=0 size=479419 318s bsspawnu south/half seed=303 rescued=4 dead=0 unreachable=0 never_detected=0 ff_deaths=1 terminal=145 completions=4 recycles=4 removals=4 returns=4 wall=317s
LAUNCH bsspawnu_east_def_101 running=4 free_kb=3073120 14:24:20
DONE bsspawnu_east_half_505 rc=0 size=489825 776s bsspawnu east/half seed=505 rescued=3 dead=1 unreachable=0 never_detected=0 ff_deaths=0 terminal=168 completions=3 recycles=3 removals=3 returns=3 wall=775s
LAUNCH bsspawnu_east_def_202 running=4 free_kb=3074564 14:25:48
DONE bsspawnu_south_half_505 rc=0 size=479797 313s bsspawnu south/half seed=505 rescued=3 dead=1 unreachable=0 never_detected=0 ff_deaths=0 terminal=96 completions=3 recycles=3 removals=3 returns=3 wall=312s
LAUNCH bsspawnu_east_def_303 running=4 free_kb=3020420 14:28:03
DONE bsspawnu_south_half_404 rc=0 size=582527 427s bsspawnu south/half seed=404 rescued=2 dead=0 unreachable=2 never_detected=0 ff_deaths=2 terminal=174 completions=2 recycles=2 removals=2 returns=2 wall=425s
LAUNCH bsret_east_half_101 running=4 free_kb=3057592 14:29:00
DONE bsspawnu_east_def_101 rc=0 size=497470 329s bsspawnu east/default seed=101 rescued=2 dead=0 unreachable=1 never_detected=0 ff_deaths=1 terminal=None completions=2 recycles=2 removals=2 returns=2 wall=328s
LAUNCH bsret_east_half_202 running=4 free_kb=3051412 14:29:57
DONE bsspawnu_east_def_202 rc=0 size=459346 304s bsspawnu east/default seed=202 rescued=3 dead=1 unreachable=0 never_detected=0 ff_deaths=0 terminal=192 completions=3 recycles=3 removals=3 returns=3 wall=303s
LAUNCH bsret_east_half_303 running=4 free_kb=3023308 14:30:53
DONE bsspawnu_east_def_303 rc=0 size=535560 330s bsspawnu east/default seed=303 rescued=3 dead=1 unreachable=0 never_detected=0 ff_deaths=0 terminal=130 completions=3 recycles=3 removals=3 returns=3 wall=329s
LAUNCH bsret_east_half_404 running=4 free_kb=3027164 14:33:39
DONE bsret_east_half_303 rc=0 size=543413 727s bsret east/half seed=303 rescued=3 dead=1 unreachable=0 never_detected=0 ff_deaths=0 terminal=130 completions=3 recycles=3 removals=3 returns=3 wall=725s
DONE bsret_east_half_202 rc=0 size=466501 880s bsret east/half seed=202 rescued=3 dead=1 unreachable=0 never_detected=0 ff_deaths=0 terminal=177 completions=3 recycles=3 removals=3 returns=3 wall=879s
LAUNCH bsret_east_half_505 running=3 free_kb=3884752 14:44:45
LAUNCH bsret_south_half_101 running=4 free_kb=3067432 14:45:11
DONE bsret_east_half_101 rc=0 size=530006 1086s bsret east/half seed=101 rescued=2 dead=0 unreachable=2 never_detected=2 ff_deaths=0 terminal=210 completions=2 recycles=2 removals=2 returns=2 wall=1085s
LAUNCH bsret_south_half_202 running=4 free_kb=3058136 14:47:10
DONE bsret_east_half_404 rc=0 size=549111 1086s bsret east/half seed=404 rescued=2 dead=2 unreachable=0 never_detected=0 ff_deaths=1 terminal=210 completions=2 recycles=2 removals=2 returns=2 wall=1084s
LAUNCH bsret_south_half_303 running=5 free_kb=3047124 14:51:45
DONE bsret_south_half_101 rc=0 size=573324 443s bsret south/half seed=101 rescued=3 dead=1 unreachable=0 never_detected=0 ff_deaths=0 terminal=164 completions=3 recycles=3 removals=3 returns=3 wall=441s
LAUNCH bsret_south_half_404 running=4 free_kb=3087752 14:52:42
DONE bsret_south_half_202 rc=0 size=507128 403s bsret south/half seed=202 rescued=3 dead=0 unreachable=1 never_detected=1 ff_deaths=0 terminal=210 completions=3 recycles=3 removals=3 returns=3 wall=402s
LAUNCH bsret_south_half_505 running=4 free_kb=3088936 14:53:55
DONE bsret_south_half_303 rc=0 size=481758 347s bsret south/half seed=303 rescued=4 dead=0 unreachable=0 never_detected=0 ff_deaths=2 terminal=137 completions=4 recycles=4 removals=4 returns=4 wall=345s
LAUNCH bsret_east_def_101 running=4 free_kb=3067548 14:57:43
DONE bsret_east_half_505 rc=0 size=494955 834s bsret east/half seed=505 rescued=3 dead=1 unreachable=0 never_detected=0 ff_deaths=0 terminal=168 completions=3 recycles=3 removals=3 returns=3 wall=833s
LAUNCH bsret_east_def_202 running=4 free_kb=3071232 14:58:40
DONE bsret_south_half_505 rc=0 size=482405 333s bsret south/half seed=505 rescued=3 dead=1 unreachable=0 never_detected=0 ff_deaths=0 terminal=96 completions=3 recycles=3 removals=3 returns=3 wall=332s
LAUNCH bsret_east_def_303 running=4 free_kb=3044564 14:59:37
DONE bsret_south_half_404 rc=0 size=571510 420s bsret south/half seed=404 rescued=3 dead=1 unreachable=0 never_detected=0 ff_deaths=1 terminal=187 completions=3 recycles=3 removals=3 returns=3 wall=418s
LAUNCH bsretp_east_half_101 running=4 free_kb=3012972 15:00:18
DONE bsret_east_def_101 rc=0 size=524860 348s bsret east/default seed=101 rescued=3 dead=0 unreachable=1 never_detected=1 ff_deaths=0 terminal=215 completions=3 recycles=3 removals=3 returns=3 wall=346s
LAUNCH bsretp_east_half_202 running=4 free_kb=3021376 15:03:36
DONE bsret_east_def_202 rc=0 size=464217 338s bsret east/default seed=202 rescued=3 dead=1 unreachable=0 never_detected=0 ff_deaths=0 terminal=181 completions=3 recycles=3 removals=3 returns=3 wall=336s
LAUNCH bsretp_east_half_303 running=4 free_kb=3024504 15:04:32
DONE bsret_east_def_303 rc=0 size=543098 402s bsret east/default seed=303 rescued=3 dead=1 unreachable=0 never_detected=0 ff_deaths=0 terminal=130 completions=3 recycles=3 removals=3 returns=3 wall=401s
LAUNCH bsretp_east_half_404 running=4 free_kb=3070664 15:06:32
DONE bsretp_east_half_303 rc=0 size=541144 742s bsretp east/half seed=303 rescued=3 dead=1 unreachable=0 never_detected=0 ff_deaths=0 terminal=130 completions=3 recycles=3 removals=3 returns=3 wall=740s
DONE bsretp_east_half_101 rc=0 size=527409 1119s bsretp east/half seed=101 rescued=2 dead=0 unreachable=2 never_detected=2 ff_deaths=0 terminal=210 completions=2 recycles=2 removals=2 returns=2 wall=1117s
LAUNCH bsretp_east_half_505 running=3 free_kb=3841452 15:19:11
DONE bsretp_east_half_202 rc=0 size=463845 951s bsretp east/half seed=202 rescued=3 dead=1 unreachable=0 never_detected=0 ff_deaths=0 terminal=177 completions=3 recycles=3 removals=3 returns=3 wall=950s
LAUNCH bsretp_south_half_101 running=3 free_kb=3895984 15:19:36
LAUNCH bsretp_south_half_202 running=4 free_kb=3016140 15:20:02
DONE bsretp_east_half_404 rc=0 size=547263 1131s bsretp east/half seed=404 rescued=2 dead=2 unreachable=0 never_detected=0 ff_deaths=1 terminal=210 completions=2 recycles=2 removals=2 returns=2 wall=1130s
LAUNCH bsretp_south_half_303 running=4 free_kb=3025864 15:25:24
DONE bsretp_south_half_202 rc=0 size=505171 414s bsretp south/half seed=202 rescued=3 dead=0 unreachable=1 never_detected=1 ff_deaths=0 terminal=210 completions=3 recycles=3 removals=3 returns=3 wall=413s
DONE bsretp_south_half_101 rc=0 size=569883 445s bsretp south/half seed=101 rescued=3 dead=1 unreachable=0 never_detected=0 ff_deaths=0 terminal=164 completions=3 recycles=3 removals=3 returns=3 wall=442s
LAUNCH bsretp_south_half_404 running=3 free_kb=3961240 15:27:08
LAUNCH bsretp_south_half_505 running=4 free_kb=3090584 15:27:34
DONE bsretp_south_half_303 rc=0 size=477612 321s bsretp south/half seed=303 rescued=4 dead=0 unreachable=0 never_detected=0 ff_deaths=2 terminal=137 completions=4 recycles=4 removals=4 returns=4 wall=320s
LAUNCH bsretp_east_def_101 running=4 free_kb=3005700 15:32:40
DONE bsretp_south_half_505 rc=0 size=480210 313s bsretp south/half seed=505 rescued=3 dead=1 unreachable=0 never_detected=0 ff_deaths=0 terminal=96 completions=3 recycles=3 removals=3 returns=3 wall=312s
DONE bsretp_east_half_505 rc=0 size=490959 844s bsretp east/half seed=505 rescued=3 dead=1 unreachable=0 never_detected=0 ff_deaths=0 terminal=168 completions=3 recycles=3 removals=3 returns=3 wall=842s
LAUNCH bsretp_east_def_202 running=3 free_kb=3896056 15:33:22
LAUNCH bsretp_east_def_303 running=4 free_kb=3017388 15:33:47
DONE bsretp_south_half_404 rc=0 size=568565 407s bsretp south/half seed=404 rescued=3 dead=1 unreachable=0 never_detected=0 ff_deaths=1 terminal=187 completions=3 recycles=3 removals=3 returns=3 wall=405s
LAUNCH bsfull_east_half_101 running=4 free_kb=3056880 15:34:13
DONE bsretp_east_def_101 rc=0 size=522693 362s bsretp east/default seed=101 rescued=3 dead=0 unreachable=0 never_detected=0 ff_deaths=0 terminal=None completions=3 recycles=3 removals=3 returns=3 wall=360s
LAUNCH bsfull_east_half_202 running=4 free_kb=3038492 15:38:48
DONE bsretp_east_def_202 rc=0 size=461752 334s bsretp east/default seed=202 rescued=3 dead=1 unreachable=0 never_detected=0 ff_deaths=0 terminal=181 completions=3 recycles=3 removals=3 returns=3 wall=333s
LAUNCH bsfull_east_half_303 running=4 free_kb=3078732 15:39:14
DONE bsretp_east_def_303 rc=0 size=540127 377s bsretp east/default seed=303 rescued=3 dead=1 unreachable=0 never_detected=0 ff_deaths=0 terminal=130 completions=3 recycles=3 removals=3 returns=3 wall=374s
LAUNCH bsfull_east_half_404 running=4 free_kb=3076836 15:40:11
DONE bsfull_east_half_303 rc=0 size=543570 781s bsfull east/half seed=303 rescued=3 dead=1 unreachable=0 never_detected=0 ff_deaths=0 terminal=130 completions=3 recycles=3 removals=3 returns=3 wall=779s
LAUNCH bsfull_east_half_505 running=4 free_kb=3021536 15:52:19
DONE bsfull_east_half_101 rc=0 size=530484 1146s bsfull east/half seed=101 rescued=2 dead=0 unreachable=2 never_detected=2 ff_deaths=0 terminal=210 completions=2 recycles=2 removals=2 returns=2 wall=1144s
LAUNCH bsfull_south_half_101 running=4 free_kb=3006304 15:53:32
DONE bsfull_east_half_202 rc=0 size=466298 989s bsfull east/half seed=202 rescued=3 dead=1 unreachable=0 never_detected=0 ff_deaths=0 terminal=177 completions=3 recycles=3 removals=3 returns=3 wall=987s
LAUNCH bsfull_south_half_202 running=4 free_kb=3040420 15:55:31
DONE bsfull_east_half_404 rc=0 size=548919 1168s bsfull east/half seed=404 rescued=2 dead=2 unreachable=0 never_detected=0 ff_deaths=1 terminal=210 completions=2 recycles=2 removals=2 returns=2 wall=1166s
LAUNCH bsfull_south_half_303 running=4 free_kb=3022124 15:59:51
DONE bsfull_south_half_101 rc=0 size=573304 457s bsfull south/half seed=101 rescued=3 dead=1 unreachable=0 never_detected=0 ff_deaths=0 terminal=164 completions=3 recycles=3 removals=3 returns=3 wall=455s
DONE bsfull_south_half_202 rc=0 size=505782 401s bsfull south/half seed=202 rescued=3 dead=0 unreachable=1 never_detected=1 ff_deaths=0 terminal=210 completions=3 recycles=3 removals=3 returns=3 wall=399s
LAUNCH bsfull_south_half_404 running=3 free_kb=3855472 16:02:21
DONE bsfull_south_half_303 rc=0 size=480970 344s bsfull south/half seed=303 rescued=4 dead=0 unreachable=0 never_detected=0 ff_deaths=2 terminal=137 completions=4 recycles=4 removals=4 returns=4 wall=343s
LAUNCH bsfull_south_half_505 running=3 free_kb=3786012 16:05:39
DONE bsfull_east_half_505 rc=0 size=493174 848s bsfull east/half seed=505 rescued=3 dead=1 unreachable=0 never_detected=0 ff_deaths=0 terminal=168 completions=3 recycles=3 removals=3 returns=3 wall=847s
LAUNCH bsfull_east_def_101 running=3 free_kb=3811660 16:06:36
LAUNCH bsfull_east_def_202 running=4 free_kb=3008748 16:07:01
DONE bsfull_south_half_404 rc=0 size=570757 425s bsfull south/half seed=404 rescued=3 dead=1 unreachable=0 never_detected=0 ff_deaths=1 terminal=187 completions=3 recycles=3 removals=3 returns=3 wall=423s
LAUNCH bsfull_east_def_303 running=4 free_kb=3008692 16:10:34
DONE bsfull_south_half_505 rc=0 size=482476 325s bsfull south/half seed=505 rescued=3 dead=1 unreachable=0 never_detected=0 ff_deaths=0 terminal=96 completions=3 recycles=3 removals=3 returns=3 wall=323s
LAUNCH bsfull_east_half_606 running=4 free_kb=3004176 16:11:15
DONE bsfull_east_def_101 rc=0 size=524206 358s bsfull east/default seed=101 rescued=3 dead=0 unreachable=1 never_detected=1 ff_deaths=0 terminal=215 completions=3 recycles=3 removals=3 returns=3 wall=357s
LAUNCH bsfull_east_half_707 running=4 free_kb=3001464 16:12:44
DONE bsfull_east_def_202 rc=0 size=463624 345s bsfull east/default seed=202 rescued=3 dead=1 unreachable=0 never_detected=0 ff_deaths=0 terminal=181 completions=3 recycles=3 removals=3 returns=3 wall=343s
LAUNCH bsfull_east_half_808 running=4 free_kb=3001208 16:13:09
DONE bsfull_east_half_707 rc=0 size=383293 241s bsfull east/half seed=707 rescued=2 dead=0 unreachable=2 never_detected=2 ff_deaths=0 terminal=210 completions=2 recycles=2 removals=2 returns=2 wall=240s
DONE bsfull_east_def_303 rc=0 size=540543 405s bsfull east/default seed=303 rescued=3 dead=1 unreachable=0 never_detected=0 ff_deaths=0 terminal=130 completions=3 recycles=3 removals=3 returns=3 wall=403s
LAUNCH bsfull_east_half_909 running=3 free_kb=3888212 16:17:29
LAUNCH bsfull_east_half_1010 running=4 free_kb=3030748 16:17:55
DONE bsfull_east_half_808 rc=0 size=499237 1046s bsfull east/half seed=808 rescued=2 dead=2 unreachable=0 never_detected=0 ff_deaths=0 terminal=222 completions=2 recycles=2 removals=2 returns=2 wall=1044s
DONE bsfull_east_half_1010 rc=0 size=512710 834s bsfull east/half seed=1010 rescued=3 dead=1 unreachable=0 never_detected=0 ff_deaths=0 terminal=152 completions=3 recycles=3 removals=3 returns=3 wall=833s
LAUNCH bsfull_south_half_606 running=3 free_kb=3691896 16:31:53
DONE bsfull_east_half_606 rc=0 size=518301 1286s bsfull east/half seed=606 rescued=2 dead=0 unreachable=1 never_detected=1 ff_deaths=0 terminal=None completions=2 recycles=2 removals=2 returns=2 wall=1284s
LAUNCH bsfull_south_half_707 running=3 free_kb=3741600 16:32:49
DONE bsfull_east_half_909 rc=0 size=525405 1159s bsfull east/half seed=909 rescued=2 dead=1 unreachable=1 never_detected=1 ff_deaths=0 terminal=210 completions=2 recycles=2 removals=2 returns=2 wall=1157s
LAUNCH bsfull_south_half_808 running=3 free_kb=3724684 16:36:54
DONE bsfull_south_half_707 rc=0 size=457112 301s bsfull south/half seed=707 rescued=4 dead=0 unreachable=0 never_detected=0 ff_deaths=0 terminal=136 completions=4 recycles=4 removals=4 returns=4 wall=299s
LAUNCH bsfull_south_half_909 running=4 free_kb=3704084 16:37:51
DONE bsfull_south_half_606 rc=0 size=567961 406s bsfull south/half seed=606 rescued=3 dead=1 unreachable=0 never_detected=0 ff_deaths=0 terminal=185 completions=3 recycles=3 removals=3 returns=3 wall=405s
LAUNCH bsfull_south_half_1010 running=3 free_kb=3754176 16:38:47
DONE bsfull_south_half_808 rc=0 size=500937 521s bsfull south/half seed=808 rescued=3 dead=1 unreachable=0 never_detected=0 ff_deaths=0 terminal=144 completions=3 recycles=3 removals=3 returns=3 wall=520s
LAUNCH bsfullp_east_half_101 running=3 free_kb=3593460 16:45:43
DONE bsfull_south_half_909 rc=0 size=545074 480s bsfull south/half seed=909 rescued=4 dead=0 unreachable=0 never_detected=0 ff_deaths=0 terminal=234 completions=4 recycles=4 removals=4 returns=4 wall=479s
LAUNCH bsfullp_east_half_202 running=3 free_kb=3721996 16:46:09
DONE bsfull_south_half_1010 rc=0 size=544632 516s bsfull south/half seed=1010 rescued=4 dead=0 unreachable=0 never_detected=0 ff_deaths=1 terminal=166 completions=4 recycles=4 removals=4 returns=4 wall=514s
LAUNCH bsfullp_east_half_303 running=3 free_kb=3746028 16:47:37
DONE bsfullp_east_half_303 rc=0 size=541516 715s bsfullp east/half seed=303 rescued=3 dead=1 unreachable=0 never_detected=0 ff_deaths=0 terminal=130 completions=3 recycles=3 removals=3 returns=3 wall=714s
LAUNCH bsfullp_east_half_404 running=3 free_kb=3700544 16:59:45
DONE bsfullp_east_half_202 rc=0 size=463463 895s bsfullp east/half seed=202 rescued=3 dead=1 unreachable=0 never_detected=0 ff_deaths=0 terminal=177 completions=3 recycles=3 removals=3 returns=3 wall=894s
LAUNCH bsfullp_east_half_505 running=3 free_kb=3643540 17:01:13
DONE bsfullp_east_half_101 rc=0 size=528263 1035s bsfullp east/half seed=101 rescued=2 dead=0 unreachable=2 never_detected=2 ff_deaths=0 terminal=210 completions=2 recycles=2 removals=2 returns=2 wall=1033s
LAUNCH bsfullp_south_half_101 running=3 free_kb=3680164 17:03:12
DONE bsfullp_south_half_101 rc=0 size=569856 417s bsfullp south/half seed=101 rescued=3 dead=1 unreachable=0 never_detected=0 ff_deaths=0 terminal=164 completions=3 recycles=3 removals=3 returns=3 wall=415s
LAUNCH bsfullp_south_half_202 running=3 free_kb=3706160 17:10:23
DONE bsfullp_east_half_505 rc=0 size=490094 802s bsfullp east/half seed=505 rescued=3 dead=1 unreachable=0 never_detected=0 ff_deaths=0 terminal=168 completions=3 recycles=3 removals=3 returns=3 wall=800s
LAUNCH bsfullp_south_half_303 running=3 free_kb=3703324 17:14:43
DONE bsfullp_south_half_202 rc=0 size=503645 367s bsfullp south/half seed=202 rescued=3 dead=0 unreachable=1 never_detected=1 ff_deaths=0 terminal=210 completions=3 recycles=3 removals=3 returns=3 wall=365s
LAUNCH bsfullp_south_half_404 running=3 free_kb=3700780 17:16:42
DONE bsfullp_east_half_404 rc=0 size=547791 1047s bsfullp east/half seed=404 rescued=2 dead=2 unreachable=0 never_detected=0 ff_deaths=1 terminal=210 completions=2 recycles=2 removals=2 returns=2 wall=1046s
LAUNCH bsfullp_south_half_505 running=3 free_kb=3740524 17:17:23
DONE bsfullp_south_half_303 rc=0 size=477193 310s bsfullp south/half seed=303 rescued=4 dead=0 unreachable=0 never_detected=0 ff_deaths=2 terminal=137 completions=4 recycles=4 removals=4 returns=4 wall=309s
LAUNCH bsfullp_east_def_101 running=3 free_kb=3690432 17:19:54
DONE bsfullp_south_half_505 rc=0 size=480750 307s bsfullp south/half seed=505 rescued=3 dead=1 unreachable=0 never_detected=0 ff_deaths=0 terminal=96 completions=3 recycles=3 removals=3 returns=3 wall=305s
LAUNCH bsfullp_east_def_202 running=3 free_kb=3702708 17:22:40
DONE bsfullp_south_half_404 rc=0 size=567509 402s bsfullp south/half seed=404 rescued=3 dead=1 unreachable=0 never_detected=0 ff_deaths=1 terminal=187 completions=3 recycles=3 removals=3 returns=3 wall=400s
LAUNCH bsfullp_east_def_303 running=3 free_kb=3719596 17:23:37
DONE bsfullp_east_def_101 rc=0 size=522611 330s bsfullp east/default seed=101 rescued=3 dead=0 unreachable=0 never_detected=0 ff_deaths=0 terminal=None completions=3 recycles=3 removals=3 returns=3 wall=329s
LAUNCH bsfullp_east_half_606 running=3 free_kb=3697844 17:25:36
DONE bsfullp_east_def_202 rc=0 size=460740 311s bsfullp east/default seed=202 rescued=3 dead=1 unreachable=0 never_detected=0 ff_deaths=0 terminal=181 completions=3 recycles=3 removals=3 returns=3 wall=310s
LAUNCH bsfullp_east_half_707 running=3 free_kb=3672584 17:28:06
DONE bsfullp_east_def_303 rc=0 size=539326 354s bsfullp east/default seed=303 rescued=3 dead=1 unreachable=0 never_detected=0 ff_deaths=0 terminal=130 completions=3 recycles=3 removals=3 returns=3 wall=353s
LAUNCH bsfullp_east_half_808 running=3 free_kb=3685476 17:29:34
DONE bsfullp_east_half_707 rc=0 size=382766 217s bsfullp east/half seed=707 rescued=2 dead=0 unreachable=2 never_detected=2 ff_deaths=0 terminal=210 completions=2 recycles=2 removals=2 returns=2 wall=215s
LAUNCH bsfullp_east_half_909 running=3 free_kb=3659968 17:31:49
DONE bsfullp_east_half_808 rc=0 size=497195 964s bsfullp east/half seed=808 rescued=2 dead=2 unreachable=0 never_detected=0 ff_deaths=0 terminal=222 completions=2 recycles=2 removals=2 returns=2 wall=962s
LAUNCH bsfullp_east_half_1010 running=3 free_kb=3678772 17:45:47
DONE bsfullp_east_half_606 rc=0 size=515713 1235s bsfullp east/half seed=606 rescued=2 dead=0 unreachable=1 never_detected=1 ff_deaths=0 terminal=None completions=2 recycles=2 removals=2 returns=2 wall=1233s
LAUNCH bsfullp_south_half_606 running=3 free_kb=3697856 17:46:12
DONE bsfullp_east_half_909 rc=0 size=522770 1093s bsfullp east/half seed=909 rescued=2 dead=1 unreachable=1 never_detected=1 ff_deaths=0 terminal=210 completions=2 recycles=2 removals=2 returns=2 wall=1091s
LAUNCH bsfullp_south_half_707 running=3 free_kb=3646332 17:50:16
DONE bsfullp_south_half_606 rc=0 size=565666 373s bsfullp south/half seed=606 rescued=3 dead=1 unreachable=0 never_detected=0 ff_deaths=0 terminal=185 completions=3 recycles=3 removals=3 returns=3 wall=371s
LAUNCH bsfullp_south_half_808 running=3 free_kb=3671780 17:52:31
DONE bsfullp_south_half_707 rc=0 size=455240 294s bsfullp south/half seed=707 rescued=4 dead=0 unreachable=0 never_detected=0 ff_deaths=0 terminal=136 completions=4 recycles=4 removals=4 returns=4 wall=293s
LAUNCH bsfullp_south_half_909 running=3 free_kb=3664176 17:55:17
DONE bsfullp_east_half_1010 rc=0 size=510359 777s bsfullp east/half seed=1010 rescued=3 dead=1 unreachable=0 never_detected=0 ff_deaths=0 terminal=152 completions=3 recycles=3 removals=3 returns=3 wall=776s
LAUNCH bsfullp_south_half_1010 running=3 free_kb=3630736 17:58:50
DONE bsfullp_south_half_808 rc=0 size=497590 490s bsfullp south/half seed=808 rescued=3 dead=1 unreachable=0 never_detected=0 ff_deaths=0 terminal=144 completions=3 recycles=3 removals=3 returns=3 wall=488s
DONE bsfullp_south_half_909 rc=0 size=542480 454s bsfullp south/half seed=909 rescued=4 dead=0 unreachable=0 never_detected=0 ff_deaths=0 terminal=234 completions=4 recycles=4 removals=4 returns=4 wall=452s
DONE bsfullp_south_half_1010 rc=0 size=540761 433s bsfullp south/half seed=1010 rescued=4 dead=0 unreachable=0 never_detected=0 ff_deaths=1 terminal=166 completions=4 recycles=4 removals=4 returns=4 wall=431s
ALL_DIM_POOL_COMPLETE launched=144 skipped=0 2026-09-07 18:06:03
