[23:35:48] POOL START wave=s1 runid=20260926-233547-1004 restart=0 pid=1004 winpid=25652 head=827c525864a274d58d0f711ba22efdc6814afc05 src=2a36d14ad942 ext=2974646a7ee2 harness=outputs/_cl_obs_stock.py dirty_tracked=0 queue=outputs/_cl_s1_queue.txt maxpar=8 minfree_kb=3500000
[23:35:49] ENV 3.10.11 mesa 1.2.1  prereg_sha256=470e840bb0161519 queue_sha256=98b8ede701eb057f
[23:35:49] SHIPPED BASE_STATION_MODE=3 BASE_STATION_RETURN_MECHANISM=2 BASE_STATION_DEPOTS=9 BASE_STATION_SPAWN_SPLIT=2 UAV_RETURN_TO_BASE_RESERVE=0.0 BASE_STATION_RETURN_MARGIN=39.23 BASE_STATION_DOCK_FIX=2 BASE_STATION_RETURN_STALL_LIMIT=3 BASE_STATION_WAYPOINT_FIX=1 ROUTE_BLOCK_STALE_CLEAR=1 VICTIM_SEARCHER_HAZARD_RETREAT_RANGE=99 BASE_STATION_FIREPROOF=1 BASE_STATION_FIREPROOF_DRY_RUN=0 VICTIM_SEARCHER_HAZARD_GATE_BOUNDS_FIX=1 FF_FIREFIGHT_EXTINGUISH=1 FF_FIREFIGHT_FIREBREAK=1 FF_FIREFIGHT_ENGAGED_RETREAT_RANGE=1 FF_FIREFIGHT_MISSION_GATE=0 FF_FIREFIGHT_DRY_RUN=0 FF_EXIT_LEG_MODE=0 FF_EXIT_LEG_HOLD=0 FF_EXIT_LEG_SERVED=0 ff_exit_leg_mode()=0 ff_exit_leg_hold()=False ff_exit_leg_served()=0
[23:35:50] SHIPPED-CONTROL head=6160438
BASE_STATION_MODE=3 BASE_STATION_RETURN_MECHANISM=2 BASE_STATION_DEPOTS=9 BASE_STATION_SPAWN_SPLIT=2 UAV_RETURN_TO_BASE_RESERVE=0.0 BASE_STATION_RETURN_MARGIN=39.23 BASE_STATION_DOCK_FIX=2 BASE_STATION_RETURN_STALL_LIMIT=3 BASE_STATION_WAYPOINT_FIX=1 ROUTE_BLOCK_STALE_CLEAR=1 VICTIM_SEARCHER_HAZARD_RETREAT_RANGE=99 BASE_STATION_FIREPROOF=1 BASE_STATION_FIREPROOF_DRY_RUN=0 VICTIM_SEARCHER_HAZARD_GATE_BOUNDS_FIX=1 FF_FIREFIGHT_EXTINGUISH=1 FF_FIREFIGHT_FIREBREAK=1 FF_FIREFIGHT_ENGAGED_RETREAT_RANGE=1 FF_FIREFIGHT_MISSION_GATE=0 FF_FIREFIGHT_DRY_RUN=0 FF_EXIT_LEG_MODE=ABSENT FF_EXIT_LEG_HOLD=ABSENT FF_EXIT_LEG_SERVED=ABSENT ff_exit_leg_mode()=ABSENT ff_exit_leg_hold()=ABSENT ff_exit_leg_served()=ABSENT
[23:35:51] VALIDATE total=60 valid=0 invalid=0 missing=60
[23:35:51] START STATE wave=s1 total=60 valid=0 pending=60 live_orphans_this_wave=0 sims_boxwide=0 free_kb=20143680
[23:35:51] HEARTBEAT pid=1105 every 60s -> outputs/_cl_s1_wave.log ; state file outputs/_cl_s1_state.txt ; sentinel outputs/_cl_s1_hb_20260926-233547-1004.stop
[23:35:52] LAUNCH clGCa_D_east running=1 free_kb=20109904 sims_boxwide=0 attempt=1 src=2a36d14ad942 ext=2974646a7ee2 head=827c525864a274d58d0f711ba22efdc6814afc05
[23:36:05] LAUNCH clGCb_D_east running=2 free_kb=19294084 sims_boxwide=1 attempt=1 src=2a36d14ad942 ext=2974646a7ee2 head=827c525864a274d58d0f711ba22efdc6814afc05
[23:36:18] LAUNCH clGCc_D_east running=3 free_kb=17612560 sims_boxwide=2 attempt=1 src=2a36d14ad942 ext=2974646a7ee2 head=827c525864a274d58d0f711ba22efdc6814afc05
[23:36:31] LAUNCH clGCs_D_south running=4 free_kb=15865456 sims_boxwide=3 attempt=1 src=2a36d14ad942 ext=2974646a7ee2 head=827c525864a274d58d0f711ba22efdc6814afc05
[23:36:45] LAUNCH clB_east_half_101 running=5 free_kb=14146924 sims_boxwide=4 attempt=1 src=2a36d14ad942 ext=2974646a7ee2 head=827c525864a274d58d0f711ba22efdc6814afc05
[23:36:51] .. alive runid=20260926-233547-1004 event_age=6s | wave=s1 total=60 valid=0 running=5 pending=55 launched=5 failed=0 gaveup=0 forkfail=0 free_kb=14146924 sims_boxwide=4 last_event_age=0s last_event_epoch=1790458605
[23:36:58] LAUNCH clB_east_half_202 running=6 free_kb=10503912 sims_boxwide=5 attempt=1 src=2a36d14ad942 ext=2974646a7ee2 head=827c525864a274d58d0f711ba22efdc6814afc05
[23:37:11] LAUNCH clB_east_half_303 running=7 free_kb=8807756 sims_boxwide=6 attempt=1 src=2a36d14ad942 ext=2974646a7ee2 head=827c525864a274d58d0f711ba22efdc6814afc05
[23:37:24] LAUNCH clB_east_half_404 running=8 free_kb=7960164 sims_boxwide=7 attempt=1 src=2a36d14ad942 ext=2974646a7ee2 head=827c525864a274d58d0f711ba22efdc6814afc05
[23:37:51] .. alive runid=20260926-233547-1004 event_age=27s | wave=s1 total=60 valid=0 running=8 pending=52 launched=8 failed=0 gaveup=0 forkfail=0 free_kb=7960164 sims_boxwide=7 last_event_age=0s last_event_epoch=1790458644
[23:38:51] .. alive runid=20260926-233547-1004 event_age=87s | wave=s1 total=60 valid=0 running=8 pending=52 launched=8 failed=0 gaveup=0 forkfail=0 free_kb=7960164 sims_boxwide=7 last_event_age=0s last_event_epoch=1790458644
[23:39:52] .. alive runid=20260926-233547-1004 event_age=148s | wave=s1 total=60 valid=0 running=8 pending=52 launched=8 failed=0 gaveup=0 forkfail=0 free_kb=7960164 sims_boxwide=7 last_event_age=0s last_event_epoch=1790458644
[23:40:52] .. alive runid=20260926-233547-1004 event_age=208s | wave=s1 total=60 valid=0 running=8 pending=52 launched=8 failed=0 gaveup=0 forkfail=0 free_kb=7960164 sims_boxwide=7 last_event_age=0s last_event_epoch=1790458644
[23:41:52] .. alive runid=20260926-233547-1004 event_age=268s | wave=s1 total=60 valid=0 running=8 pending=52 launched=8 failed=0 gaveup=0 forkfail=0 free_kb=7960164 sims_boxwide=7 last_event_age=0s last_event_epoch=1790458644
[23:42:52] .. alive runid=20260926-233547-1004 event_age=328s | wave=s1 total=60 valid=0 running=8 pending=52 launched=8 failed=0 gaveup=0 forkfail=0 free_kb=7960164 sims_boxwide=7 last_event_age=0s last_event_epoch=1790458644
[23:43:52] .. alive runid=20260926-233547-1004 event_age=388s | wave=s1 total=60 valid=0 running=8 pending=52 launched=8 failed=0 gaveup=0 forkfail=0 free_kb=7960164 sims_boxwide=7 last_event_age=0s last_event_epoch=1790458644
[23:44:52] .. alive runid=20260926-233547-1004 event_age=448s | wave=s1 total=60 valid=0 running=8 pending=52 launched=8 failed=0 gaveup=0 forkfail=0 free_kb=7960164 sims_boxwide=7 last_event_age=0s last_event_epoch=1790458644
[23:45:52] .. alive runid=20260926-233547-1004 event_age=508s | wave=s1 total=60 valid=0 running=8 pending=52 launched=8 failed=0 gaveup=0 forkfail=0 free_kb=7960164 sims_boxwide=7 last_event_age=0s last_event_epoch=1790458644
[23:46:52] .. alive runid=20260926-233547-1004 event_age=568s | wave=s1 total=60 valid=0 running=8 pending=52 launched=8 failed=0 gaveup=0 forkfail=0 free_kb=7960164 sims_boxwide=7 last_event_age=0s last_event_epoch=1790458644
[23:47:52] .. alive runid=20260926-233547-1004 event_age=628s | wave=s1 total=60 valid=0 running=8 pending=52 launched=8 failed=0 gaveup=0 forkfail=0 free_kb=7960164 sims_boxwide=7 last_event_age=0s last_event_epoch=1790458644
[23:48:52] .. alive runid=20260926-233547-1004 event_age=688s | wave=s1 total=60 valid=0 running=8 pending=52 launched=8 failed=0 gaveup=0 forkfail=0 free_kb=7960164 sims_boxwide=7 last_event_age=0s last_event_epoch=1790458644
[23:49:52] .. alive runid=20260926-233547-1004 event_age=748s | wave=s1 total=60 valid=0 running=8 pending=52 launched=8 failed=0 gaveup=0 forkfail=0 free_kb=7960164 sims_boxwide=7 last_event_age=0s last_event_epoch=1790458644
[23:50:53] .. alive runid=20260926-233547-1004 event_age=809s | wave=s1 total=60 valid=0 running=8 pending=52 launched=8 failed=0 gaveup=0 forkfail=0 free_kb=7960164 sims_boxwide=7 last_event_age=0s last_event_epoch=1790458644
[23:50:54] DONE clB_east_half_202 rc=0 835s clB east/half seed=202 rescued=3 dead=1 unreachable=0 never_detected=0 ff_deaths=0 terminal=93 completions=3 recycles=3 removals=3 returns=3 wall=834s [valid 1/60] src=2a36d14ad942 ext=2974646a7ee2 head=827c525864a274d58d0f711ba22efdc6814afc05
[23:50:56] LAUNCH clB_east_half_505 running=8 free_kb=6289412 sims_boxwide=7 attempt=1 src=2a36d14ad942 ext=2974646a7ee2 head=827c525864a274d58d0f711ba22efdc6814afc05
[23:51:53] .. alive runid=20260926-233547-1004 event_age=57s | wave=s1 total=60 valid=1 running=8 pending=51 launched=9 failed=0 gaveup=0 forkfail=0 free_kb=6289412 sims_boxwide=7 last_event_age=0s last_event_epoch=1790459456
[23:52:30] DONE clB_east_half_303 rc=0 919s clB east/half seed=303 rescued=3 dead=1 unreachable=0 never_detected=0 ff_deaths=0 terminal=121 completions=3 recycles=3 removals=3 returns=3 wall=917s [valid 2/60] src=2a36d14ad942 ext=2974646a7ee2 head=827c525864a274d58d0f711ba22efdc6814afc05
[23:52:32] LAUNCH clB_south_half_101 running=8 free_kb=4653488 sims_boxwide=7 attempt=1 src=2a36d14ad942 ext=2974646a7ee2 head=827c525864a274d58d0f711ba22efdc6814afc05
[23:52:53] .. alive runid=20260926-233547-1004 event_age=21s | wave=s1 total=60 valid=2 running=8 pending=50 launched=10 failed=0 gaveup=0 forkfail=0 free_kb=4653488 sims_boxwide=7 last_event_age=0s last_event_epoch=1790459552
[23:53:14] DONE clB_east_half_101 rc=0 988s clB east/half seed=101 rescued=3 dead=1 unreachable=0 never_detected=0 ff_deaths=1 terminal=135 completions=3 recycles=3 removals=3 returns=3 wall=987s [valid 3/60] src=2a36d14ad942 ext=2974646a7ee2 head=827c525864a274d58d0f711ba22efdc6814afc05
[23:53:15] LAUNCH clB_south_half_202 running=8 free_kb=4796812 sims_boxwide=7 attempt=1 src=2a36d14ad942 ext=2974646a7ee2 head=827c525864a274d58d0f711ba22efdc6814afc05
[23:53:53] .. alive runid=20260926-233547-1004 event_age=38s | wave=s1 total=60 valid=3 running=8 pending=49 launched=11 failed=0 gaveup=0 forkfail=0 free_kb=4796812 sims_boxwide=7 last_event_age=0s last_event_epoch=1790459595
[23:54:53] .. alive runid=20260926-233547-1004 event_age=98s | wave=s1 total=60 valid=3 running=8 pending=49 launched=11 failed=0 gaveup=0 forkfail=0 free_kb=4796812 sims_boxwide=7 last_event_age=0s last_event_epoch=1790459595
[23:55:53] .. alive runid=20260926-233547-1004 event_age=158s | wave=s1 total=60 valid=3 running=8 pending=49 launched=11 failed=0 gaveup=0 forkfail=0 free_kb=4796812 sims_boxwide=7 last_event_age=0s last_event_epoch=1790459595
[23:56:53] .. alive runid=20260926-233547-1004 event_age=218s | wave=s1 total=60 valid=3 running=8 pending=49 launched=11 failed=0 gaveup=0 forkfail=0 free_kb=4796812 sims_boxwide=7 last_event_age=0s last_event_epoch=1790459595
[23:57:53] .. alive runid=20260926-233547-1004 event_age=278s | wave=s1 total=60 valid=3 running=8 pending=49 launched=11 failed=0 gaveup=0 forkfail=0 free_kb=4796812 sims_boxwide=7 last_event_age=0s last_event_epoch=1790459595
[23:58:53] .. alive runid=20260926-233547-1004 event_age=338s | wave=s1 total=60 valid=3 running=8 pending=49 launched=11 failed=0 gaveup=0 forkfail=0 free_kb=4796812 sims_boxwide=7 last_event_age=0s last_event_epoch=1790459595
[23:59:53] .. alive runid=20260926-233547-1004 event_age=398s | wave=s1 total=60 valid=3 running=8 pending=49 launched=11 failed=0 gaveup=0 forkfail=0 free_kb=4796812 sims_boxwide=7 last_event_age=0s last_event_epoch=1790459595
[00:00:53] .. alive runid=20260926-233547-1004 event_age=458s | wave=s1 total=60 valid=3 running=8 pending=49 launched=11 failed=0 gaveup=0 forkfail=0 free_kb=4796812 sims_boxwide=7 last_event_age=0s last_event_epoch=1790459595
[00:01:24] DONE clB_south_half_101 rc=0 532s clB south/half seed=101 rescued=2 dead=2 unreachable=0 never_detected=0 ff_deaths=1 terminal=129 completions=2 recycles=2 removals=2 returns=2 wall=530s [valid 4/60] src=2a36d14ad942 ext=2974646a7ee2 head=827c525864a274d58d0f711ba22efdc6814afc05
[00:01:26] LAUNCH clB_south_half_303 running=8 free_kb=6111420 sims_boxwide=7 attempt=1 src=2a36d14ad942 ext=2974646a7ee2 head=827c525864a274d58d0f711ba22efdc6814afc05
[00:01:54] .. alive runid=20260926-233547-1004 event_age=28s | wave=s1 total=60 valid=4 running=8 pending=48 launched=12 failed=0 gaveup=0 forkfail=0 free_kb=6111420 sims_boxwide=7 last_event_age=0s last_event_epoch=1790460086
[00:02:45] DONE clB_east_half_404 rc=0 1520s clB east/half seed=404 rescued=4 dead=0 unreachable=0 never_detected=0 ff_deaths=1 terminal=291 completions=4 recycles=4 removals=4 returns=4 wall=1518s [valid 5/60] src=2a36d14ad942 ext=2974646a7ee2 head=827c525864a274d58d0f711ba22efdc6814afc05
[00:02:46] LAUNCH clB_south_half_404 running=8 free_kb=6012848 sims_boxwide=7 attempt=1 src=2a36d14ad942 ext=2974646a7ee2 head=827c525864a274d58d0f711ba22efdc6814afc05
[00:02:54] .. alive runid=20260926-233547-1004 event_age=8s | wave=s1 total=60 valid=5 running=8 pending=47 launched=13 failed=0 gaveup=0 forkfail=0 free_kb=6012848 sims_boxwide=7 last_event_age=0s last_event_epoch=1790460166
[00:03:13] DONE clB_south_half_202 rc=0 597s clB south/half seed=202 rescued=4 dead=0 unreachable=0 never_detected=0 ff_deaths=0 terminal=235 completions=4 recycles=4 removals=4 returns=4 wall=595s [valid 6/60] src=2a36d14ad942 ext=2974646a7ee2 head=827c525864a274d58d0f711ba22efdc6814afc05
[00:03:14] LAUNCH clB_south_half_505 running=8 free_kb=6121128 sims_boxwide=7 attempt=1 src=2a36d14ad942 ext=2974646a7ee2 head=827c525864a274d58d0f711ba22efdc6814afc05
[00:03:27] DONE clB_east_half_505 rc=0 750s clB east/half seed=505 rescued=3 dead=1 unreachable=0 never_detected=0 ff_deaths=0 terminal=94 completions=3 recycles=3 removals=3 returns=3 wall=740s [valid 7/60] src=2a36d14ad942 ext=2974646a7ee2 head=827c525864a274d58d0f711ba22efdc6814afc05
[00:03:28] LAUNCH clB_east_def_101 running=8 free_kb=6031920 sims_boxwide=7 attempt=1 src=2a36d14ad942 ext=2974646a7ee2 head=827c525864a274d58d0f711ba22efdc6814afc05
[00:03:54] .. alive runid=20260926-233547-1004 event_age=26s | wave=s1 total=60 valid=7 running=8 pending=45 launched=15 failed=0 gaveup=0 forkfail=0 free_kb=6031920 sims_boxwide=7 last_event_age=0s last_event_epoch=1790460208
[00:04:54] .. alive runid=20260926-233547-1004 event_age=86s | wave=s1 total=60 valid=7 running=8 pending=45 launched=15 failed=0 gaveup=0 forkfail=0 free_kb=6031920 sims_boxwide=7 last_event_age=0s last_event_epoch=1790460208
[00:05:54] .. alive runid=20260926-233547-1004 event_age=146s | wave=s1 total=60 valid=7 running=8 pending=45 launched=15 failed=0 gaveup=0 forkfail=0 free_kb=6031920 sims_boxwide=7 last_event_age=0s last_event_epoch=1790460208
[00:06:54] .. alive runid=20260926-233547-1004 event_age=206s | wave=s1 total=60 valid=7 running=8 pending=45 launched=15 failed=0 gaveup=0 forkfail=0 free_kb=6031920 sims_boxwide=7 last_event_age=0s last_event_epoch=1790460208
[00:07:54] .. alive runid=20260926-233547-1004 event_age=266s | wave=s1 total=60 valid=7 running=8 pending=45 launched=15 failed=0 gaveup=0 forkfail=0 free_kb=6031920 sims_boxwide=7 last_event_age=0s last_event_epoch=1790460208
[00:08:54] .. alive runid=20260926-233547-1004 event_age=326s | wave=s1 total=60 valid=7 running=8 pending=45 launched=15 failed=0 gaveup=0 forkfail=0 free_kb=6031920 sims_boxwide=7 last_event_age=0s last_event_epoch=1790460208
[00:09:23] DONE clB_south_half_303 rc=0 476s clB south/half seed=303 rescued=4 dead=0 unreachable=0 never_detected=0 ff_deaths=0 terminal=115 completions=4 recycles=4 removals=4 returns=4 wall=474s [valid 8/60] src=2a36d14ad942 ext=2974646a7ee2 head=827c525864a274d58d0f711ba22efdc6814afc05
[00:09:24] LAUNCH clB_east_def_202 running=8 free_kb=6052504 sims_boxwide=7 attempt=1 src=2a36d14ad942 ext=2974646a7ee2 head=827c525864a274d58d0f711ba22efdc6814afc05
[00:09:54] .. alive runid=20260926-233547-1004 event_age=30s | wave=s1 total=60 valid=8 running=8 pending=44 launched=16 failed=0 gaveup=0 forkfail=0 free_kb=6052504 sims_boxwide=7 last_event_age=0s last_event_epoch=1790460564
[00:10:54] .. alive runid=20260926-233547-1004 event_age=90s | wave=s1 total=60 valid=8 running=8 pending=44 launched=16 failed=0 gaveup=0 forkfail=0 free_kb=6052504 sims_boxwide=7 last_event_age=0s last_event_epoch=1790460564
[00:11:01] DONE clB_south_half_505 rc=0 467s clB south/half seed=505 rescued=3 dead=1 unreachable=0 never_detected=0 ff_deaths=0 terminal=115 completions=3 recycles=3 removals=3 returns=3 wall=465s [valid 9/60] src=2a36d14ad942 ext=2974646a7ee2 head=827c525864a274d58d0f711ba22efdc6814afc05
[00:11:03] LAUNCH clB_east_def_303 running=8 free_kb=6005360 sims_boxwide=7 attempt=1 src=2a36d14ad942 ext=2974646a7ee2 head=827c525864a274d58d0f711ba22efdc6814afc05
[00:11:54] .. alive runid=20260926-233547-1004 event_age=51s | wave=s1 total=60 valid=9 running=8 pending=43 launched=17 failed=0 gaveup=0 forkfail=0 free_kb=6005360 sims_boxwide=7 last_event_age=0s last_event_epoch=1790460663
[00:11:58] DONE clGCs_D_south rc=0 2127s | clGCs south seed 101 done 422.5s: rescued=2 dead=2 ff_deaths=1 | fires=5 recoveries=3 bad_assign=1 | clGCs south seed 202 done 510.8s: rescued=4 dead=0 ff_deaths=0 | fires=7 recoveries=4 bad_assign=1 | clGCs south seed 303 done 372.3s: rescued=4 dead=0 ff_deaths=0 | fires=7 recoveries=4 bad_assign=1 | clGCs south seed 404 done 452.4s: rescued=1 dead=0 ff_deaths=1 | fires=11 recoveries=6 bad_assign=2 | clGCs south seed 505 done 366.7s: rescued=3 dead=1 ff_deaths=0 | fires=13 recoveries=8 bad_assign=3  [valid 10/60] src=2a36d14ad942 ext=2974646a7ee2 head=827c525864a274d58d0f711ba22efdc6814afc05
[00:12:00] LAUNCH clC_east_half_101 running=8 free_kb=6086780 sims_boxwide=7 attempt=1 src=2a36d14ad942 ext=2974646a7ee2 head=827c525864a274d58d0f711ba22efdc6814afc05
[00:12:52] DONE clB_east_def_101 rc=0 564s clB east/default seed=101 rescued=4 dead=0 unreachable=0 never_detected=0 ff_deaths=0 terminal=288 completions=4 recycles=4 removals=4 returns=4 wall=562s [valid 11/60] src=2a36d14ad942 ext=2974646a7ee2 head=827c525864a274d58d0f711ba22efdc6814afc05
[00:12:54] LAUNCH clC_east_half_202 running=8 free_kb=6172320 sims_boxwide=7 attempt=1 src=2a36d14ad942 ext=2974646a7ee2 head=827c525864a274d58d0f711ba22efdc6814afc05
[00:12:55] .. alive runid=20260926-233547-1004 event_age=1s | wave=s1 total=60 valid=11 running=8 pending=41 launched=19 failed=0 gaveup=0 forkfail=0 free_kb=6172320 sims_boxwide=7 last_event_age=0s last_event_epoch=1790460774
[00:13:27] DONE clB_south_half_404 rc=0 640s clB south/half seed=404 rescued=2 dead=0 unreachable=0 never_detected=0 ff_deaths=1 terminal=None completions=2 recycles=2 removals=2 returns=2 wall=639s [valid 12/60] src=2a36d14ad942 ext=2974646a7ee2 head=827c525864a274d58d0f711ba22efdc6814afc05
[00:13:28] LAUNCH clC_east_half_303 running=8 free_kb=6153088 sims_boxwide=7 attempt=1 src=2a36d14ad942 ext=2974646a7ee2 head=827c525864a274d58d0f711ba22efdc6814afc05
[00:13:55] .. alive runid=20260926-233547-1004 event_age=27s | wave=s1 total=60 valid=12 running=8 pending=40 launched=20 failed=0 gaveup=0 forkfail=0 free_kb=6153088 sims_boxwide=7 last_event_age=0s last_event_epoch=1790460808
[00:14:55] .. alive runid=20260926-233547-1004 event_age=87s | wave=s1 total=60 valid=12 running=8 pending=40 launched=20 failed=0 gaveup=0 forkfail=0 free_kb=6153088 sims_boxwide=7 last_event_age=0s last_event_epoch=1790460808
[00:15:55] .. alive runid=20260926-233547-1004 event_age=147s | wave=s1 total=60 valid=12 running=8 pending=40 launched=20 failed=0 gaveup=0 forkfail=0 free_kb=6153088 sims_boxwide=7 last_event_age=0s last_event_epoch=1790460808
[00:16:55] .. alive runid=20260926-233547-1004 event_age=207s | wave=s1 total=60 valid=12 running=8 pending=40 launched=20 failed=0 gaveup=0 forkfail=0 free_kb=6153088 sims_boxwide=7 last_event_age=0s last_event_epoch=1790460808
[00:17:55] .. alive runid=20260926-233547-1004 event_age=267s | wave=s1 total=60 valid=12 running=8 pending=40 launched=20 failed=0 gaveup=0 forkfail=0 free_kb=6153088 sims_boxwide=7 last_event_age=0s last_event_epoch=1790460808
[00:18:07] DONE clB_east_def_202 rc=0 523s clB east/default seed=202 rescued=3 dead=1 unreachable=0 never_detected=0 ff_deaths=0 terminal=172 completions=3 recycles=3 removals=3 returns=3 wall=521s [valid 13/60] src=2a36d14ad942 ext=2974646a7ee2 head=827c525864a274d58d0f711ba22efdc6814afc05
[00:18:09] LAUNCH clC_east_half_404 running=8 free_kb=5969412 sims_boxwide=7 attempt=1 src=2a36d14ad942 ext=2974646a7ee2 head=827c525864a274d58d0f711ba22efdc6814afc05
[00:18:55] .. alive runid=20260926-233547-1004 event_age=46s | wave=s1 total=60 valid=13 running=8 pending=39 launched=21 failed=0 gaveup=0 forkfail=0 free_kb=5969412 sims_boxwide=7 last_event_age=0s last_event_epoch=1790461089
[00:19:04] DONE clB_east_def_303 rc=0 480s clB east/default seed=303 rescued=3 dead=1 unreachable=0 never_detected=0 ff_deaths=0 terminal=137 completions=3 recycles=3 removals=3 returns=3 wall=479s [valid 14/60] src=2a36d14ad942 ext=2974646a7ee2 head=827c525864a274d58d0f711ba22efdc6814afc05
[00:19:05] LAUNCH clC_east_half_505 running=8 free_kb=5979400 sims_boxwide=7 attempt=1 src=2a36d14ad942 ext=2974646a7ee2 head=827c525864a274d58d0f711ba22efdc6814afc05
[00:19:55] .. alive runid=20260926-233547-1004 event_age=50s | wave=s1 total=60 valid=14 running=8 pending=38 launched=22 failed=0 gaveup=0 forkfail=0 free_kb=5979400 sims_boxwide=7 last_event_age=0s last_event_epoch=1790461145
[00:20:55] .. alive runid=20260926-233547-1004 event_age=110s | wave=s1 total=60 valid=14 running=8 pending=38 launched=22 failed=0 gaveup=0 forkfail=0 free_kb=5979400 sims_boxwide=7 last_event_age=0s last_event_epoch=1790461145
[00:21:02] DONE clGCc_D_east rc=0 2683s | clGCc east seed 111 done 784.7s: rescued=4 dead=0 ff_deaths=0 | fires=0 recoveries=0 bad_assign=0 | clGCc east seed 222 done 775.7s: rescued=4 dead=0 ff_deaths=0 | fires=0 recoveries=0 bad_assign=0 | clGCc east seed 333 done 708.1s: rescued=3 dead=1 ff_deaths=0 | fires=0 recoveries=0 bad_assign=0 | clGCc east seed 444 done 413.0s: rescued=4 dead=0 ff_deaths=0 | fires=0 recoveries=0 bad_assign=0  [valid 15/60] src=2a36d14ad942 ext=2974646a7ee2 head=827c525864a274d58d0f711ba22efdc6814afc05
[00:21:03] LAUNCH clC_south_half_101 running=8 free_kb=6090496 sims_boxwide=7 attempt=1 src=2a36d14ad942 ext=2974646a7ee2 head=827c525864a274d58d0f711ba22efdc6814afc05
[00:21:55] .. alive runid=20260926-233547-1004 event_age=52s | wave=s1 total=60 valid=15 running=8 pending=37 launched=23 failed=0 gaveup=0 forkfail=0 free_kb=6090496 sims_boxwide=7 last_event_age=0s last_event_epoch=1790461263
[00:22:55] .. alive runid=20260926-233547-1004 event_age=112s | wave=s1 total=60 valid=15 running=8 pending=37 launched=23 failed=0 gaveup=0 forkfail=0 free_kb=6090496 sims_boxwide=7 last_event_age=0s last_event_epoch=1790461263
[00:23:55] .. alive runid=20260926-233547-1004 event_age=172s | wave=s1 total=60 valid=15 running=8 pending=37 launched=23 failed=0 gaveup=0 forkfail=0 free_kb=6090496 sims_boxwide=7 last_event_age=0s last_event_epoch=1790461263
[00:24:56] .. alive runid=20260926-233547-1004 event_age=233s | wave=s1 total=60 valid=15 running=8 pending=37 launched=23 failed=0 gaveup=0 forkfail=0 free_kb=6090496 sims_boxwide=7 last_event_age=0s last_event_epoch=1790461263
[00:25:32] DONE clGCb_D_east rc=0 2966s | clGCb east seed 606 done 1265.6s: rescued=3 dead=0 ff_deaths=0 | fires=2 recoveries=2 bad_assign=1 | clGCb east seed 707 done 237.1s: rescued=2 dead=0 ff_deaths=0 | fires=2 recoveries=2 bad_assign=1 | clGCb east seed 808 done 660.4s: rescued=3 dead=1 ff_deaths=0 | fires=2 recoveries=2 bad_assign=1 | clGCb east seed 909 done 801.8s: rescued=4 dead=0 ff_deaths=0 | fires=2 recoveries=2 bad_assign=1  [valid 16/60] src=2a36d14ad942 ext=2974646a7ee2 head=827c525864a274d58d0f711ba22efdc6814afc05
[00:25:33] LAUNCH clC_south_half_202 running=8 free_kb=5630868 sims_boxwide=7 attempt=1 src=2a36d14ad942 ext=2974646a7ee2 head=827c525864a274d58d0f711ba22efdc6814afc05
[00:25:56] .. alive runid=20260926-233547-1004 event_age=23s | wave=s1 total=60 valid=16 running=8 pending=36 launched=24 failed=0 gaveup=0 forkfail=0 free_kb=5630868 sims_boxwide=7 last_event_age=0s last_event_epoch=1790461533
[00:26:15] DONE clC_east_half_202 rc=0 801s clC east/half seed=202 rescued=3 dead=1 unreachable=0 never_detected=0 ff_deaths=0 terminal=93 completions=3 recycles=3 removals=3 returns=3 wall=799s [valid 17/60] src=2a36d14ad942 ext=2974646a7ee2 head=827c525864a274d58d0f711ba22efdc6814afc05
[00:26:17] LAUNCH clC_south_half_303 running=8 free_kb=5615836 sims_boxwide=7 attempt=1 src=2a36d14ad942 ext=2974646a7ee2 head=827c525864a274d58d0f711ba22efdc6814afc05
[00:26:56] .. alive runid=20260926-233547-1004 event_age=39s | wave=s1 total=60 valid=17 running=8 pending=35 launched=25 failed=0 gaveup=0 forkfail=0 free_kb=5615836 sims_boxwide=7 last_event_age=0s last_event_epoch=1790461577
[00:27:56] .. alive runid=20260926-233547-1004 event_age=99s | wave=s1 total=60 valid=17 running=8 pending=35 launched=25 failed=0 gaveup=0 forkfail=0 free_kb=5615836 sims_boxwide=7 last_event_age=0s last_event_epoch=1790461577
[00:28:10] DONE clC_east_half_101 rc=0 970s clC east/half seed=101 rescued=3 dead=1 unreachable=0 never_detected=0 ff_deaths=1 terminal=135 completions=3 recycles=3 removals=3 returns=3 wall=968s [valid 18/60] src=2a36d14ad942 ext=2974646a7ee2 head=827c525864a274d58d0f711ba22efdc6814afc05
[00:28:12] LAUNCH clC_south_half_404 running=8 free_kb=5344280 sims_boxwide=7 attempt=1 src=2a36d14ad942 ext=2974646a7ee2 head=827c525864a274d58d0f711ba22efdc6814afc05
[00:28:55] DONE clC_east_half_303 rc=0 926s clC east/half seed=303 rescued=3 dead=1 unreachable=0 never_detected=0 ff_deaths=0 terminal=121 completions=3 recycles=3 removals=3 returns=3 wall=924s [valid 19/60] src=2a36d14ad942 ext=2974646a7ee2 head=827c525864a274d58d0f711ba22efdc6814afc05
[00:28:56] LAUNCH clC_south_half_505 running=8 free_kb=5505592 sims_boxwide=7 attempt=1 src=2a36d14ad942 ext=2974646a7ee2 head=827c525864a274d58d0f711ba22efdc6814afc05
[00:28:56] .. alive runid=20260926-233547-1004 event_age=0s | wave=s1 total=60 valid=19 running=8 pending=33 launched=27 failed=0 gaveup=0 forkfail=0 free_kb=5505592 sims_boxwide=7 last_event_age=0s last_event_epoch=1790461736
[00:29:56] .. alive runid=20260926-233547-1004 event_age=60s | wave=s1 total=60 valid=19 running=8 pending=33 launched=27 failed=0 gaveup=0 forkfail=0 free_kb=5505592 sims_boxwide=7 last_event_age=0s last_event_epoch=1790461736
[00:30:23] DONE clC_south_half_101 rc=0 560s clC south/half seed=101 rescued=2 dead=2 unreachable=0 never_detected=0 ff_deaths=1 terminal=129 completions=2 recycles=2 removals=2 returns=2 wall=558s [valid 20/60] src=2a36d14ad942 ext=2974646a7ee2 head=827c525864a274d58d0f711ba22efdc6814afc05
[00:30:24] LAUNCH clC_east_def_101 running=8 free_kb=5403044 sims_boxwide=7 attempt=1 src=2a36d14ad942 ext=2974646a7ee2 head=827c525864a274d58d0f711ba22efdc6814afc05
[00:30:56] .. alive runid=20260926-233547-1004 event_age=32s | wave=s1 total=60 valid=20 running=8 pending=32 launched=28 failed=0 gaveup=0 forkfail=0 free_kb=5403044 sims_boxwide=7 last_event_age=1s last_event_epoch=1790461824
[00:31:56] .. alive runid=20260926-233547-1004 event_age=92s | wave=s1 total=60 valid=20 running=8 pending=32 launched=28 failed=0 gaveup=0 forkfail=0 free_kb=5403044 sims_boxwide=7 last_event_age=1s last_event_epoch=1790461824
[00:32:11] DONE clC_east_half_505 rc=0 786s clC east/half seed=505 rescued=3 dead=1 unreachable=0 never_detected=0 ff_deaths=0 terminal=94 completions=3 recycles=3 removals=3 returns=3 wall=784s [valid 21/60] src=2a36d14ad942 ext=2974646a7ee2 head=827c525864a274d58d0f711ba22efdc6814afc05
[00:32:13] LAUNCH clC_east_def_202 running=8 free_kb=5443240 sims_boxwide=7 attempt=1 src=2a36d14ad942 ext=2974646a7ee2 head=827c525864a274d58d0f711ba22efdc6814afc05
[00:32:56] .. alive runid=20260926-233547-1004 event_age=43s | wave=s1 total=60 valid=21 running=8 pending=31 launched=29 failed=0 gaveup=0 forkfail=0 free_kb=5443240 sims_boxwide=7 last_event_age=0s last_event_epoch=1790461933
[00:33:56] .. alive runid=20260926-233547-1004 event_age=103s | wave=s1 total=60 valid=21 running=8 pending=31 launched=29 failed=0 gaveup=0 forkfail=0 free_kb=5443240 sims_boxwide=7 last_event_age=0s last_event_epoch=1790461933
[00:34:32] DONE clC_south_half_303 rc=0 494s clC south/half seed=303 rescued=4 dead=0 unreachable=0 never_detected=0 ff_deaths=0 terminal=115 completions=4 recycles=4 removals=4 returns=4 wall=493s [valid 22/60] src=2a36d14ad942 ext=2974646a7ee2 head=827c525864a274d58d0f711ba22efdc6814afc05
[00:34:33] LAUNCH clC_east_def_303 running=8 free_kb=5397792 sims_boxwide=7 attempt=1 src=2a36d14ad942 ext=2974646a7ee2 head=827c525864a274d58d0f711ba22efdc6814afc05
[00:34:56] .. alive runid=20260926-233547-1004 event_age=23s | wave=s1 total=60 valid=22 running=8 pending=30 launched=30 failed=0 gaveup=0 forkfail=0 free_kb=5397792 sims_boxwide=7 last_event_age=0s last_event_epoch=1790462073
[00:35:57] .. alive runid=20260926-233547-1004 event_age=84s | wave=s1 total=60 valid=22 running=8 pending=30 launched=30 failed=0 gaveup=0 forkfail=0 free_kb=5397792 sims_boxwide=7 last_event_age=0s last_event_epoch=1790462073
[00:36:19] DONE clC_south_half_202 rc=0 645s clC south/half seed=202 rescued=4 dead=0 unreachable=0 never_detected=0 ff_deaths=0 terminal=235 completions=4 recycles=4 removals=4 returns=4 wall=643s [valid 23/60] src=2a36d14ad942 ext=2974646a7ee2 head=827c525864a274d58d0f711ba22efdc6814afc05
[00:36:20] LAUNCH clC_east_half_2070841104 running=8 free_kb=5408976 sims_boxwide=7 attempt=1 src=2a36d14ad942 ext=2974646a7ee2 head=827c525864a274d58d0f711ba22efdc6814afc05
[00:36:36] DONE clC_south_half_505 rc=0 459s clC south/half seed=505 rescued=3 dead=1 unreachable=0 never_detected=0 ff_deaths=0 terminal=115 completions=3 recycles=3 removals=3 returns=3 wall=457s [valid 24/60] src=2a36d14ad942 ext=2974646a7ee2 head=827c525864a274d58d0f711ba22efdc6814afc05
[00:36:37] LAUNCH clC_east_half_1147610331 running=8 free_kb=5396416 sims_boxwide=7 attempt=1 src=2a36d14ad942 ext=2974646a7ee2 head=827c525864a274d58d0f711ba22efdc6814afc05
[00:36:57] .. alive runid=20260926-233547-1004 event_age=20s | wave=s1 total=60 valid=24 running=8 pending=28 launched=32 failed=0 gaveup=0 forkfail=0 free_kb=5396416 sims_boxwide=7 last_event_age=0s last_event_epoch=1790462197
[00:37:57] .. alive runid=20260926-233547-1004 event_age=80s | wave=s1 total=60 valid=24 running=8 pending=28 launched=32 failed=0 gaveup=0 forkfail=0 free_kb=5396416 sims_boxwide=7 last_event_age=0s last_event_epoch=1790462197
[00:38:56] DONE clC_south_half_404 rc=0 644s clC south/half seed=404 rescued=2 dead=0 unreachable=0 never_detected=0 ff_deaths=1 terminal=None completions=2 recycles=2 removals=2 returns=2 wall=643s [valid 25/60] src=2a36d14ad942 ext=2974646a7ee2 head=827c525864a274d58d0f711ba22efdc6814afc05
[00:38:57] .. alive runid=20260926-233547-1004 event_age=1s | wave=s1 total=60 valid=25 running=7 pending=28 launched=32 failed=0 gaveup=0 forkfail=0 free_kb=5396416 sims_boxwide=7 last_event_age=0s last_event_epoch=1790462336
[00:38:58] LAUNCH clC_east_half_1291443119 running=8 free_kb=5433348 sims_boxwide=7 attempt=1 src=2a36d14ad942 ext=2974646a7ee2 head=827c525864a274d58d0f711ba22efdc6814afc05
[00:39:48] DONE clC_east_def_101 rc=0 563s clC east/default seed=101 rescued=4 dead=0 unreachable=0 never_detected=0 ff_deaths=0 terminal=288 completions=4 recycles=4 removals=4 returns=4 wall=561s [valid 26/60] src=2a36d14ad942 ext=2974646a7ee2 head=827c525864a274d58d0f711ba22efdc6814afc05
[00:39:49] LAUNCH clC_east_half_1433805104 running=8 free_kb=5327908 sims_boxwide=7 attempt=1 src=2a36d14ad942 ext=2974646a7ee2 head=827c525864a274d58d0f711ba22efdc6814afc05
[00:39:57] .. alive runid=20260926-233547-1004 event_age=8s | wave=s1 total=60 valid=26 running=8 pending=26 launched=34 failed=0 gaveup=0 forkfail=0 free_kb=5327908 sims_boxwide=7 last_event_age=0s last_event_epoch=1790462389
[00:40:53] DONE clC_east_def_202 rc=0 519s clC east/default seed=202 rescued=3 dead=1 unreachable=0 never_detected=0 ff_deaths=0 terminal=172 completions=3 recycles=3 removals=3 returns=3 wall=518s [valid 27/60] src=2a36d14ad942 ext=2974646a7ee2 head=827c525864a274d58d0f711ba22efdc6814afc05
[00:40:54] LAUNCH clC_east_half_1636723358 running=8 free_kb=5460820 sims_boxwide=7 attempt=1 src=2a36d14ad942 ext=2974646a7ee2 head=827c525864a274d58d0f711ba22efdc6814afc05
[00:40:57] .. alive runid=20260926-233547-1004 event_age=3s | wave=s1 total=60 valid=27 running=8 pending=25 launched=35 failed=0 gaveup=0 forkfail=0 free_kb=5460820 sims_boxwide=7 last_event_age=0s last_event_epoch=1790462454
[00:41:57] .. alive runid=20260926-233547-1004 event_age=63s | wave=s1 total=60 valid=27 running=8 pending=25 launched=35 failed=0 gaveup=0 forkfail=0 free_kb=5460820 sims_boxwide=7 last_event_age=0s last_event_epoch=1790462454
[00:42:38] DONE clC_east_def_303 rc=0 484s clC east/default seed=303 rescued=3 dead=1 unreachable=0 never_detected=0 ff_deaths=0 terminal=137 completions=3 recycles=3 removals=3 returns=3 wall=482s [valid 28/60] src=2a36d14ad942 ext=2974646a7ee2 head=827c525864a274d58d0f711ba22efdc6814afc05
[00:42:39] LAUNCH clC_east_half_1252362635 running=8 free_kb=5467020 sims_boxwide=7 attempt=1 src=2a36d14ad942 ext=2974646a7ee2 head=827c525864a274d58d0f711ba22efdc6814afc05
[00:42:57] .. alive runid=20260926-233547-1004 event_age=18s | wave=s1 total=60 valid=28 running=8 pending=24 launched=36 failed=0 gaveup=0 forkfail=0 free_kb=5467020 sims_boxwide=7 last_event_age=0s last_event_epoch=1790462559
[00:43:37] DONE clC_east_half_404 rc=0 1528s clC east/half seed=404 rescued=4 dead=0 unreachable=0 never_detected=0 ff_deaths=1 terminal=291 completions=4 recycles=4 removals=4 returns=4 wall=1527s [valid 29/60] src=2a36d14ad942 ext=2974646a7ee2 head=827c525864a274d58d0f711ba22efdc6814afc05
[00:43:39] LAUNCH clC_east_half_294124329 running=8 free_kb=5452292 sims_boxwide=7 attempt=1 src=2a36d14ad942 ext=2974646a7ee2 head=827c525864a274d58d0f711ba22efdc6814afc05
[00:43:57] .. alive runid=20260926-233547-1004 event_age=18s | wave=s1 total=60 valid=29 running=8 pending=23 launched=37 failed=0 gaveup=0 forkfail=0 free_kb=5452292 sims_boxwide=7 last_event_age=0s last_event_epoch=1790462619
[00:44:57] .. alive runid=20260926-233547-1004 event_age=78s | wave=s1 total=60 valid=29 running=8 pending=23 launched=37 failed=0 gaveup=0 forkfail=0 free_kb=5452292 sims_boxwide=7 last_event_age=0s last_event_epoch=1790462619
[00:45:57] .. alive runid=20260926-233547-1004 event_age=138s | wave=s1 total=60 valid=29 running=8 pending=23 launched=37 failed=0 gaveup=0 forkfail=0 free_kb=5452292 sims_boxwide=7 last_event_age=0s last_event_epoch=1790462619
[00:46:15] DONE clGCa_D_east rc=0 4222s | clGCa east seed 101 done 858.8s: rescued=3 dead=1 ff_deaths=1 | fires=2 recoveries=1 bad_assign=1 | clGCa east seed 202 done 668.3s: rescued=3 dead=1 ff_deaths=0 | fires=2 recoveries=1 bad_assign=1 | clGCa east seed 303 done 746.0s: rescued=3 dead=1 ff_deaths=0 | fires=5 recoveries=3 bad_assign=3 | clGCa east seed 404 done 1263.7s: rescued=3 dead=0 ff_deaths=1 | fires=6 recoveries=3 bad_assign=4 | clGCa east seed 505 done 684.0s: rescued=3 dead=1 ff_deaths=0 | fires=6 recoveries=3 bad_assign=4  [valid 30/60] src=2a36d14ad942 ext=2974646a7ee2 head=827c525864a274d58d0f711ba22efdc6814afc05
[00:46:16] LAUNCH clC_east_half_1723100518 running=8 free_kb=7341324 sims_boxwide=7 attempt=1 src=2a36d14ad942 ext=2974646a7ee2 head=827c525864a274d58d0f711ba22efdc6814afc05
[00:46:58] .. alive runid=20260926-233547-1004 event_age=42s | wave=s1 total=60 valid=30 running=8 pending=22 launched=38 failed=0 gaveup=0 forkfail=0 free_kb=7341324 sims_boxwide=7 last_event_age=0s last_event_epoch=1790462776
[00:47:58] .. alive runid=20260926-233547-1004 event_age=102s | wave=s1 total=60 valid=30 running=8 pending=22 launched=38 failed=0 gaveup=0 forkfail=0 free_kb=7341324 sims_boxwide=7 last_event_age=0s last_event_epoch=1790462776
[00:48:58] .. alive runid=20260926-233547-1004 event_age=162s | wave=s1 total=60 valid=30 running=8 pending=22 launched=38 failed=0 gaveup=0 forkfail=0 free_kb=7341324 sims_boxwide=7 last_event_age=0s last_event_epoch=1790462776
[00:49:58] .. alive runid=20260926-233547-1004 event_age=222s | wave=s1 total=60 valid=30 running=8 pending=22 launched=38 failed=0 gaveup=0 forkfail=0 free_kb=7341324 sims_boxwide=7 last_event_age=0s last_event_epoch=1790462776
[00:50:05] DONE clC_east_half_1147610331 rc=0 807s clC east/half seed=1147610331 rescued=2 dead=2 unreachable=0 never_detected=0 ff_deaths=0 terminal=93 completions=2 recycles=2 removals=2 returns=2 wall=806s [valid 31/60] src=2a36d14ad942 ext=2974646a7ee2 head=827c525864a274d58d0f711ba22efdc6814afc05
[00:50:06] LAUNCH clC_east_half_1532569567 running=8 free_kb=8218600 sims_boxwide=7 attempt=1 src=2a36d14ad942 ext=2974646a7ee2 head=827c525864a274d58d0f711ba22efdc6814afc05
[00:50:58] .. alive runid=20260926-233547-1004 event_age=52s | wave=s1 total=60 valid=31 running=8 pending=21 launched=39 failed=0 gaveup=0 forkfail=0 free_kb=8218600 sims_boxwide=7 last_event_age=0s last_event_epoch=1790463006
[00:51:58] .. alive runid=20260926-233547-1004 event_age=112s | wave=s1 total=60 valid=31 running=8 pending=21 launched=39 failed=0 gaveup=0 forkfail=0 free_kb=8218600 sims_boxwide=7 last_event_age=0s last_event_epoch=1790463006
[00:52:13] DONE clC_east_half_2070841104 rc=0 953s clC east/half seed=2070841104 rescued=4 dead=0 unreachable=0 never_detected=0 ff_deaths=0 terminal=122 completions=4 recycles=4 removals=4 returns=4 wall=951s [valid 32/60] src=2a36d14ad942 ext=2974646a7ee2 head=827c525864a274d58d0f711ba22efdc6814afc05
[00:52:15] LAUNCH clC_east_half_498896028 running=8 free_kb=8264400 sims_boxwide=7 attempt=1 src=2a36d14ad942 ext=2974646a7ee2 head=827c525864a274d58d0f711ba22efdc6814afc05
[00:52:58] .. alive runid=20260926-233547-1004 event_age=43s | wave=s1 total=60 valid=32 running=8 pending=20 launched=40 failed=0 gaveup=0 forkfail=0 free_kb=8264400 sims_boxwide=7 last_event_age=0s last_event_epoch=1790463135
[00:53:58] .. alive runid=20260926-233547-1004 event_age=103s | wave=s1 total=60 valid=32 running=8 pending=20 launched=40 failed=0 gaveup=0 forkfail=0 free_kb=8264400 sims_boxwide=7 last_event_age=0s last_event_epoch=1790463135
[00:54:34] DONE clC_east_half_1636723358 rc=0 819s clC east/half seed=1636723358 rescued=3 dead=1 unreachable=0 never_detected=0 ff_deaths=0 terminal=105 completions=3 recycles=3 removals=3 returns=3 wall=817s [valid 33/60] src=2a36d14ad942 ext=2974646a7ee2 head=827c525864a274d58d0f711ba22efdc6814afc05
[00:54:35] LAUNCH clC_east_half_1401495347 running=8 free_kb=9925448 sims_boxwide=7 attempt=1 src=2a36d14ad942 ext=2974646a7ee2 head=827c525864a274d58d0f711ba22efdc6814afc05
[00:54:58] .. alive runid=20260926-233547-1004 event_age=23s | wave=s1 total=60 valid=33 running=8 pending=19 launched=41 failed=0 gaveup=0 forkfail=0 free_kb=9925448 sims_boxwide=7 last_event_age=0s last_event_epoch=1790463275
[00:55:25] DONE clC_east_half_1291443119 rc=0 987s clC east/half seed=1291443119 rescued=3 dead=1 unreachable=0 never_detected=0 ff_deaths=1 terminal=150 completions=3 recycles=3 removals=3 returns=3 wall=985s [valid 34/60] src=2a36d14ad942 ext=2974646a7ee2 head=827c525864a274d58d0f711ba22efdc6814afc05
[00:55:27] LAUNCH clC_east_half_133894353 running=8 free_kb=10026352 sims_boxwide=7 attempt=1 src=2a36d14ad942 ext=2974646a7ee2 head=827c525864a274d58d0f711ba22efdc6814afc05
[00:55:58] .. alive runid=20260926-233547-1004 event_age=31s | wave=s1 total=60 valid=34 running=8 pending=18 launched=42 failed=0 gaveup=0 forkfail=0 free_kb=10026352 sims_boxwide=7 last_event_age=0s last_event_epoch=1790463327
[00:56:58] .. alive runid=20260926-233547-1004 event_age=91s | wave=s1 total=60 valid=34 running=8 pending=18 launched=42 failed=0 gaveup=0 forkfail=0 free_kb=10026352 sims_boxwide=7 last_event_age=0s last_event_epoch=1790463327
[00:57:58] .. alive runid=20260926-233547-1004 event_age=151s | wave=s1 total=60 valid=34 running=8 pending=18 launched=42 failed=0 gaveup=0 forkfail=0 free_kb=10026352 sims_boxwide=7 last_event_age=0s last_event_epoch=1790463327
[00:58:24] DONE clC_east_half_294124329 rc=0 884s clC east/half seed=294124329 rescued=4 dead=0 unreachable=0 never_detected=0 ff_deaths=0 terminal=143 completions=4 recycles=4 removals=4 returns=4 wall=883s [valid 35/60] src=2a36d14ad942 ext=2974646a7ee2 head=827c525864a274d58d0f711ba22efdc6814afc05
[00:58:25] LAUNCH clC_east_half_1788979460 running=8 free_kb=10900320 sims_boxwide=7 attempt=1 src=2a36d14ad942 ext=2974646a7ee2 head=827c525864a274d58d0f711ba22efdc6814afc05
[00:58:37] DONE clC_east_half_1723100518 rc=0 741s clC east/half seed=1723100518 rescued=2 dead=2 unreachable=0 never_detected=0 ff_deaths=0 terminal=96 completions=2 recycles=2 removals=2 returns=2 wall=737s [valid 36/60] src=2a36d14ad942 ext=2974646a7ee2 head=827c525864a274d58d0f711ba22efdc6814afc05
[00:58:39] LAUNCH clC_south_half_1486866530 running=8 free_kb=10944368 sims_boxwide=7 attempt=1 src=2a36d14ad942 ext=2974646a7ee2 head=827c525864a274d58d0f711ba22efdc6814afc05
[00:58:59] .. alive runid=20260926-233547-1004 event_age=20s | wave=s1 total=60 valid=36 running=8 pending=16 launched=44 failed=0 gaveup=0 forkfail=0 free_kb=10944368 sims_boxwide=7 last_event_age=0s last_event_epoch=1790463519
[00:59:59] .. alive runid=20260926-233547-1004 event_age=80s | wave=s1 total=60 valid=36 running=8 pending=16 launched=44 failed=0 gaveup=0 forkfail=0 free_kb=10944368 sims_boxwide=7 last_event_age=0s last_event_epoch=1790463519
[01:00:59] .. alive runid=20260926-233547-1004 event_age=140s | wave=s1 total=60 valid=36 running=8 pending=16 launched=44 failed=0 gaveup=0 forkfail=0 free_kb=10944368 sims_boxwide=7 last_event_age=0s last_event_epoch=1790463519
[01:01:59] .. alive runid=20260926-233547-1004 event_age=200s | wave=s1 total=60 valid=36 running=8 pending=16 launched=44 failed=0 gaveup=0 forkfail=0 free_kb=10944368 sims_boxwide=7 last_event_age=0s last_event_epoch=1790463519
[01:02:59] .. alive runid=20260926-233547-1004 event_age=260s | wave=s1 total=60 valid=36 running=8 pending=16 launched=44 failed=0 gaveup=0 forkfail=0 free_kb=10944368 sims_boxwide=7 last_event_age=0s last_event_epoch=1790463519
[01:03:42] DONE clC_east_half_1433805104 rc=0 1432s clC east/half seed=1433805104 rescued=4 dead=0 unreachable=0 never_detected=0 ff_deaths=0 terminal=282 completions=4 recycles=4 removals=4 returns=4 wall=1430s [valid 37/60] src=2a36d14ad942 ext=2974646a7ee2 head=827c525864a274d58d0f711ba22efdc6814afc05
[01:03:43] LAUNCH clC_south_half_536769381 running=8 free_kb=6401308 sims_boxwide=7 attempt=1 src=2a36d14ad942 ext=2974646a7ee2 head=827c525864a274d58d0f711ba22efdc6814afc05
[01:03:59] .. alive runid=20260926-233547-1004 event_age=16s | wave=s1 total=60 valid=37 running=8 pending=15 launched=45 failed=0 gaveup=0 forkfail=0 free_kb=6401308 sims_boxwide=7 last_event_age=0s last_event_epoch=1790463823
[01:04:59] .. alive runid=20260926-233547-1004 event_age=76s | wave=s1 total=60 valid=37 running=8 pending=15 launched=45 failed=0 gaveup=0 forkfail=0 free_kb=6401308 sims_boxwide=7 last_event_age=0s last_event_epoch=1790463823
[01:05:59] .. alive runid=20260926-233547-1004 event_age=136s | wave=s1 total=60 valid=37 running=8 pending=15 launched=45 failed=0 gaveup=0 forkfail=0 free_kb=6401308 sims_boxwide=7 last_event_age=0s last_event_epoch=1790463823
[01:06:16] DONE clC_east_half_1252362635 rc=0 1417s clC east/half seed=1252362635 rescued=4 dead=0 unreachable=0 never_detected=0 ff_deaths=0 terminal=259 completions=4 recycles=4 removals=4 returns=4 wall=1415s [valid 38/60] src=2a36d14ad942 ext=2974646a7ee2 head=827c525864a274d58d0f711ba22efdc6814afc05
[01:06:18] LAUNCH clC_south_half_791464433 running=8 free_kb=6399192 sims_boxwide=7 attempt=1 src=2a36d14ad942 ext=2974646a7ee2 head=827c525864a274d58d0f711ba22efdc6814afc05
[01:06:59] .. alive runid=20260926-233547-1004 event_age=41s | wave=s1 total=60 valid=38 running=8 pending=14 launched=46 failed=0 gaveup=0 forkfail=0 free_kb=6399192 sims_boxwide=7 last_event_age=0s last_event_epoch=1790463978
[01:07:59] .. alive runid=20260926-233547-1004 event_age=101s | wave=s1 total=60 valid=38 running=8 pending=14 launched=46 failed=0 gaveup=0 forkfail=0 free_kb=6399192 sims_boxwide=7 last_event_age=0s last_event_epoch=1790463978
[01:08:36] DONE clC_east_half_1532569567 rc=0 1110s clC east/half seed=1532569567 rescued=3 dead=0 unreachable=1 never_detected=0 ff_deaths=1 terminal=215 completions=3 recycles=3 removals=3 returns=3 wall=1108s [valid 39/60] src=2a36d14ad942 ext=2974646a7ee2 head=827c525864a274d58d0f711ba22efdc6814afc05
[01:08:37] LAUNCH clC_south_half_706299103 running=8 free_kb=6334608 sims_boxwide=7 attempt=1 src=2a36d14ad942 ext=2974646a7ee2 head=827c525864a274d58d0f711ba22efdc6814afc05
[01:08:59] .. alive runid=20260926-233547-1004 event_age=22s | wave=s1 total=60 valid=39 running=8 pending=13 launched=47 failed=0 gaveup=0 forkfail=0 free_kb=6334608 sims_boxwide=7 last_event_age=0s last_event_epoch=1790464117
[01:09:33] DONE clC_south_half_1486866530 rc=0 653s clC south/half seed=1486866530 rescued=3 dead=0 unreachable=1 never_detected=1 ff_deaths=0 terminal=210 completions=3 recycles=3 removals=3 returns=3 wall=652s [valid 40/60] src=2a36d14ad942 ext=2974646a7ee2 head=827c525864a274d58d0f711ba22efdc6814afc05
[01:09:34] LAUNCH clC_south_half_1364948962 running=8 free_kb=6233600 sims_boxwide=7 attempt=1 src=2a36d14ad942 ext=2974646a7ee2 head=827c525864a274d58d0f711ba22efdc6814afc05
[01:09:59] .. alive runid=20260926-233547-1004 event_age=25s | wave=s1 total=60 valid=40 running=8 pending=12 launched=48 failed=0 gaveup=0 forkfail=0 free_kb=6233600 sims_boxwide=7 last_event_age=0s last_event_epoch=1790464174
[01:10:59] DONE clC_east_half_1401495347 rc=0 983s clC east/half seed=1401495347 rescued=3 dead=1 unreachable=0 never_detected=0 ff_deaths=0 terminal=180 completions=3 recycles=3 removals=3 returns=3 wall=982s [valid 41/60] src=2a36d14ad942 ext=2974646a7ee2 head=827c525864a274d58d0f711ba22efdc6814afc05
[01:11:00] .. alive runid=20260926-233547-1004 event_age=2s | wave=s1 total=60 valid=41 running=7 pending=12 launched=48 failed=0 gaveup=0 forkfail=0 free_kb=8203224 sims_boxwide=7 last_event_age=1s last_event_epoch=1790464258
[01:11:00] LAUNCH clC_south_half_937041678 running=8 free_kb=8203224 sims_boxwide=7 attempt=1 src=2a36d14ad942 ext=2974646a7ee2 head=827c525864a274d58d0f711ba22efdc6814afc05
[01:12:00] .. alive runid=20260926-233547-1004 event_age=60s | wave=s1 total=60 valid=41 running=8 pending=11 launched=49 failed=0 gaveup=0 forkfail=0 free_kb=8203224 sims_boxwide=7 last_event_age=0s last_event_epoch=1790464260
[01:12:08] DONE clC_south_half_536769381 rc=0 505s clC south/half seed=536769381 rescued=4 dead=0 unreachable=0 never_detected=0 ff_deaths=0 terminal=118 completions=4 recycles=4 removals=4 returns=4 wall=503s [valid 42/60] src=2a36d14ad942 ext=2974646a7ee2 head=827c525864a274d58d0f711ba22efdc6814afc05
[01:12:10] LAUNCH clC_south_half_954838929 running=8 free_kb=10031040 sims_boxwide=7 attempt=1 src=2a36d14ad942 ext=2974646a7ee2 head=827c525864a274d58d0f711ba22efdc6814afc05
[01:13:00] .. alive runid=20260926-233547-1004 event_age=50s | wave=s1 total=60 valid=42 running=8 pending=10 launched=50 failed=0 gaveup=0 forkfail=0 free_kb=10031040 sims_boxwide=7 last_event_age=0s last_event_epoch=1790464330
[01:14:00] .. alive runid=20260926-233547-1004 event_age=110s | wave=s1 total=60 valid=42 running=8 pending=10 launched=50 failed=0 gaveup=0 forkfail=0 free_kb=10031040 sims_boxwide=7 last_event_age=0s last_event_epoch=1790464330
[01:14:37] DONE clC_east_half_498896028 rc=0 1341s clC east/half seed=498896028 rescued=4 dead=0 unreachable=0 never_detected=0 ff_deaths=0 terminal=254 completions=4 recycles=4 removals=4 returns=4 wall=1340s [valid 43/60] src=2a36d14ad942 ext=2974646a7ee2 head=827c525864a274d58d0f711ba22efdc6814afc05
[01:14:38] LAUNCH clC_south_half_139925734 running=8 free_kb=10818140 sims_boxwide=7 attempt=1 src=2a36d14ad942 ext=2974646a7ee2 head=827c525864a274d58d0f711ba22efdc6814afc05
[01:15:00] .. alive runid=20260926-233547-1004 event_age=22s | wave=s1 total=60 valid=43 running=8 pending=9 launched=51 failed=0 gaveup=0 forkfail=0 free_kb=10818140 sims_boxwide=7 last_event_age=0s last_event_epoch=1790464478
[01:15:08] DONE clC_south_half_1364948962 rc=0 334s clC south/half seed=1364948962 rescued=4 dead=0 unreachable=0 never_detected=0 ff_deaths=0 terminal=140 completions=4 recycles=4 removals=4 returns=4 wall=332s [valid 44/60] src=2a36d14ad942 ext=2974646a7ee2 head=827c525864a274d58d0f711ba22efdc6814afc05
[01:15:09] LAUNCH clC_south_half_1624156665 running=8 free_kb=10854648 sims_boxwide=7 attempt=1 src=2a36d14ad942 ext=2974646a7ee2 head=827c525864a274d58d0f711ba22efdc6814afc05
[01:16:00] .. alive runid=20260926-233547-1004 event_age=51s | wave=s1 total=60 valid=44 running=8 pending=8 launched=52 failed=0 gaveup=0 forkfail=0 free_kb=10854648 sims_boxwide=7 last_event_age=0s last_event_epoch=1790464509
[01:17:00] .. alive runid=20260926-233547-1004 event_age=111s | wave=s1 total=60 valid=44 running=8 pending=8 launched=52 failed=0 gaveup=0 forkfail=0 free_kb=10854648 sims_boxwide=7 last_event_age=0s last_event_epoch=1790464509
[01:17:01] DONE clC_south_half_791464433 rc=0 643s clC south/half seed=791464433 rescued=4 dead=0 unreachable=0 never_detected=0 ff_deaths=0 terminal=180 completions=4 recycles=4 removals=4 returns=4 wall=641s [valid 45/60] src=2a36d14ad942 ext=2974646a7ee2 head=827c525864a274d58d0f711ba22efdc6814afc05
[01:17:02] LAUNCH clC_south_half_285242396 running=8 free_kb=10883288 sims_boxwide=7 attempt=1 src=2a36d14ad942 ext=2974646a7ee2 head=827c525864a274d58d0f711ba22efdc6814afc05
[01:17:15] DONE clC_east_half_1788979460 rc=0 1130s clC east/half seed=1788979460 rescued=4 dead=0 unreachable=0 never_detected=0 ff_deaths=0 terminal=209 completions=4 recycles=4 removals=4 returns=4 wall=1124s [valid 46/60] src=2a36d14ad942 ext=2974646a7ee2 head=827c525864a274d58d0f711ba22efdc6814afc05
[01:17:16] LAUNCH clC_south_half_573250932 running=8 free_kb=10886584 sims_boxwide=7 attempt=1 src=2a36d14ad942 ext=2974646a7ee2 head=827c525864a274d58d0f711ba22efdc6814afc05
[01:17:29] DONE clC_south_half_706299103 rc=0 531s clC south/half seed=706299103 rescued=3 dead=0 unreachable=1 never_detected=0 ff_deaths=2 terminal=185 completions=3 recycles=3 removals=3 returns=3 wall=519s [valid 47/60] src=2a36d14ad942 ext=2974646a7ee2 head=827c525864a274d58d0f711ba22efdc6814afc05
[01:17:30] LAUNCH clC_south_half_1048395951 running=8 free_kb=10937312 sims_boxwide=7 attempt=1 src=2a36d14ad942 ext=2974646a7ee2 head=827c525864a274d58d0f711ba22efdc6814afc05
[01:18:00] .. alive runid=20260926-233547-1004 event_age=30s | wave=s1 total=60 valid=47 running=8 pending=5 launched=55 failed=0 gaveup=0 forkfail=0 free_kb=10937312 sims_boxwide=7 last_event_age=0s last_event_epoch=1790464650
[01:19:00] .. alive runid=20260926-233547-1004 event_age=90s | wave=s1 total=60 valid=47 running=8 pending=5 launched=55 failed=0 gaveup=0 forkfail=0 free_kb=10937312 sims_boxwide=7 last_event_age=0s last_event_epoch=1790464650
[01:20:00] .. alive runid=20260926-233547-1004 event_age=150s | wave=s1 total=60 valid=47 running=8 pending=5 launched=55 failed=0 gaveup=0 forkfail=0 free_kb=10937312 sims_boxwide=7 last_event_age=0s last_event_epoch=1790464650
[01:20:19] DONE clC_south_half_937041678 rc=0 558s clC south/half seed=937041678 rescued=4 dead=0 unreachable=0 never_detected=0 ff_deaths=1 terminal=203 completions=4 recycles=4 removals=4 returns=4 wall=557s [valid 48/60] src=2a36d14ad942 ext=2974646a7ee2 head=827c525864a274d58d0f711ba22efdc6814afc05
[01:20:20] LAUNCH clC_south_half_903347495 running=8 free_kb=10777584 sims_boxwide=7 attempt=1 src=2a36d14ad942 ext=2974646a7ee2 head=827c525864a274d58d0f711ba22efdc6814afc05
[01:21:00] .. alive runid=20260926-233547-1004 event_age=40s | wave=s1 total=60 valid=48 running=8 pending=4 launched=56 failed=0 gaveup=0 forkfail=0 free_kb=10777584 sims_boxwide=7 last_event_age=0s last_event_epoch=1790464820
[01:21:20] DONE clC_south_half_954838929 rc=0 549s clC south/half seed=954838929 rescued=3 dead=1 unreachable=0 never_detected=0 ff_deaths=0 terminal=106 completions=3 recycles=3 removals=3 returns=3 wall=548s [valid 49/60] src=2a36d14ad942 ext=2974646a7ee2 head=827c525864a274d58d0f711ba22efdc6814afc05
[01:21:21] LAUNCH clC_east_def_2038269169 running=8 free_kb=10870784 sims_boxwide=7 attempt=1 src=2a36d14ad942 ext=2974646a7ee2 head=827c525864a274d58d0f711ba22efdc6814afc05
[01:22:01] .. alive runid=20260926-233547-1004 event_age=40s | wave=s1 total=60 valid=49 running=8 pending=3 launched=57 failed=0 gaveup=0 forkfail=0 free_kb=10870784 sims_boxwide=7 last_event_age=0s last_event_epoch=1790464881
[01:22:40] DONE clC_south_half_1624156665 rc=0 451s clC south/half seed=1624156665 rescued=4 dead=0 unreachable=0 never_detected=0 ff_deaths=0 terminal=192 completions=4 recycles=4 removals=4 returns=4 wall=448s [valid 50/60] src=2a36d14ad942 ext=2974646a7ee2 head=827c525864a274d58d0f711ba22efdc6814afc05
[01:22:41] LAUNCH clC_east_def_1749069988 running=8 free_kb=11573364 sims_boxwide=7 attempt=1 src=2a36d14ad942 ext=2974646a7ee2 head=827c525864a274d58d0f711ba22efdc6814afc05
[01:23:01] .. alive runid=20260926-233547-1004 event_age=20s | wave=s1 total=60 valid=50 running=8 pending=2 launched=58 failed=0 gaveup=0 forkfail=0 free_kb=11573364 sims_boxwide=7 last_event_age=0s last_event_epoch=1790464961
[01:23:54] DONE clC_east_half_133894353 rc=0 1706s clC east/half seed=133894353 rescued=4 dead=0 unreachable=0 never_detected=0 ff_deaths=1 terminal=327 completions=4 recycles=4 removals=4 returns=4 wall=1705s [valid 51/60] src=2a36d14ad942 ext=2974646a7ee2 head=827c525864a274d58d0f711ba22efdc6814afc05
[01:23:55] LAUNCH clC_east_def_1420331661 running=8 free_kb=11708724 sims_boxwide=7 attempt=1 src=2a36d14ad942 ext=2974646a7ee2 head=827c525864a274d58d0f711ba22efdc6814afc05
[01:24:01] .. alive runid=20260926-233547-1004 event_age=6s | wave=s1 total=60 valid=51 running=8 pending=1 launched=59 failed=0 gaveup=0 forkfail=0 free_kb=11708724 sims_boxwide=7 last_event_age=0s last_event_epoch=1790465035
[01:24:08] DONE clC_south_half_139925734 rc=0 569s clC south/half seed=139925734 rescued=3 dead=1 unreachable=0 never_detected=0 ff_deaths=0 terminal=101 completions=3 recycles=3 removals=3 returns=3 wall=567s [valid 52/60] src=2a36d14ad942 ext=2974646a7ee2 head=827c525864a274d58d0f711ba22efdc6814afc05
[01:24:09] LAUNCH clC_east_def_1480870832 running=8 free_kb=11758840 sims_boxwide=7 attempt=1 src=2a36d14ad942 ext=2974646a7ee2 head=827c525864a274d58d0f711ba22efdc6814afc05
[01:24:45] DONE clC_south_half_285242396 rc=0 463s clC south/half seed=285242396 rescued=4 dead=0 unreachable=0 never_detected=0 ff_deaths=0 terminal=177 completions=4 recycles=4 removals=4 returns=4 wall=461s [valid 53/60] src=2a36d14ad942 ext=2974646a7ee2 head=827c525864a274d58d0f711ba22efdc6814afc05
[01:24:57] DONE clC_south_half_573250932 rc=0 460s clC south/half seed=573250932 rescued=3 dead=0 unreachable=1 never_detected=1 ff_deaths=0 terminal=210 completions=3 recycles=3 removals=3 returns=3 wall=459s [valid 54/60] src=2a36d14ad942 ext=2974646a7ee2 head=827c525864a274d58d0f711ba22efdc6814afc05
[01:25:01] .. alive runid=20260926-233547-1004 event_age=5s | wave=s1 total=60 valid=54 running=6 pending=0 launched=60 failed=0 gaveup=0 forkfail=0 free_kb=11758840 sims_boxwide=7 last_event_age=1s last_event_epoch=1790465096
[01:26:01] .. alive runid=20260926-233547-1004 event_age=65s | wave=s1 total=60 valid=54 running=6 pending=0 launched=60 failed=0 gaveup=0 forkfail=0 free_kb=11758840 sims_boxwide=7 last_event_age=1s last_event_epoch=1790465096
[01:27:01] .. alive runid=20260926-233547-1004 event_age=125s | wave=s1 total=60 valid=54 running=6 pending=0 launched=60 failed=0 gaveup=0 forkfail=0 free_kb=11758840 sims_boxwide=7 last_event_age=1s last_event_epoch=1790465096
[01:27:57] DONE clC_south_half_1048395951 rc=0 626s clC south/half seed=1048395951 rescued=4 dead=0 unreachable=0 never_detected=0 ff_deaths=0 terminal=263 completions=4 recycles=4 removals=4 returns=4 wall=624s [valid 55/60] src=2a36d14ad942 ext=2974646a7ee2 head=827c525864a274d58d0f711ba22efdc6814afc05
[01:28:01] .. alive runid=20260926-233547-1004 event_age=5s | wave=s1 total=60 valid=55 running=5 pending=0 launched=60 failed=0 gaveup=0 forkfail=0 free_kb=11758840 sims_boxwide=7 last_event_age=1s last_event_epoch=1790465276
[01:29:01] .. alive runid=20260926-233547-1004 event_age=65s | wave=s1 total=60 valid=55 running=5 pending=0 launched=60 failed=0 gaveup=0 forkfail=0 free_kb=11758840 sims_boxwide=7 last_event_age=1s last_event_epoch=1790465276
[01:29:48] DONE clC_east_def_2038269169 rc=0 506s clC east/default seed=2038269169 rescued=3 dead=0 unreachable=1 never_detected=1 ff_deaths=0 terminal=254 completions=3 recycles=3 removals=3 returns=3 wall=505s [valid 56/60] src=2a36d14ad942 ext=2974646a7ee2 head=827c525864a274d58d0f711ba22efdc6814afc05
[01:30:01] .. alive runid=20260926-233547-1004 event_age=14s | wave=s1 total=60 valid=56 running=4 pending=0 launched=60 failed=0 gaveup=0 forkfail=0 free_kb=11758840 sims_boxwide=7 last_event_age=1s last_event_epoch=1790465387
[01:30:47] DONE clC_east_def_1749069988 rc=0 486s clC east/default seed=1749069988 rescued=3 dead=1 unreachable=0 never_detected=0 ff_deaths=0 terminal=199 completions=3 recycles=3 removals=3 returns=3 wall=484s [valid 57/60] src=2a36d14ad942 ext=2974646a7ee2 head=827c525864a274d58d0f711ba22efdc6814afc05
[01:31:01] .. alive runid=20260926-233547-1004 event_age=14s | wave=s1 total=60 valid=57 running=3 pending=0 launched=60 failed=0 gaveup=0 forkfail=0 free_kb=11758840 sims_boxwide=7 last_event_age=0s last_event_epoch=1790465447
[01:31:49] DONE clC_south_half_903347495 rc=0 689s clC south/half seed=903347495 rescued=4 dead=0 unreachable=0 never_detected=0 ff_deaths=0 terminal=276 completions=4 recycles=4 removals=4 returns=4 wall=687s [valid 58/60] src=2a36d14ad942 ext=2974646a7ee2 head=827c525864a274d58d0f711ba22efdc6814afc05
[01:32:01] .. alive runid=20260926-233547-1004 event_age=12s | wave=s1 total=60 valid=58 running=2 pending=0 launched=60 failed=0 gaveup=0 forkfail=0 free_kb=11758840 sims_boxwide=7 last_event_age=0s last_event_epoch=1790465509
[01:32:19] DONE clC_east_def_1480870832 rc=0 490s clC east/default seed=1480870832 rescued=2 dead=1 unreachable=1 never_detected=1 ff_deaths=0 terminal=210 completions=2 recycles=2 removals=2 returns=2 wall=489s [valid 59/60] src=2a36d14ad942 ext=2974646a7ee2 head=827c525864a274d58d0f711ba22efdc6814afc05
[01:32:53] DONE clC_east_def_1420331661 rc=0 537s clC east/default seed=1420331661 rescued=3 dead=1 unreachable=0 never_detected=0 ff_deaths=0 terminal=171 completions=3 recycles=3 removals=3 returns=3 wall=536s [valid 60/60] src=2a36d14ad942 ext=2974646a7ee2 head=827c525864a274d58d0f711ba22efdc6814afc05
[01:32:53] MAIN LOOP LEFT pending=0 running=0
[01:32:54] FINAL SUMMARY total=60 valid=60 invalid=0 missing=0
[01:32:55] FINAL wave=s1 SUMMARY total=60 valid=60 invalid=0 missing=0 live_this_wave=0 sims_boxwide=0
[01:32:55] ALL_DCD4RB_COMPLETE wave=s1 runid=20260926-233547-1004 valid=60/60 launched=60 failed=0 forkfail=0 src=2a36d14ad942 ext=2974646a7ee2 head=827c525864a274d58d0f711ba22efdc6814afc05
[01:33:01] HEARTBEAT EXIT wave=s1 runid=20260926-233547-1004 (sentinel)
