[23:36:08] POOL START wave=s1crn runid=20260926-233607-1157 restart=0 pid=1157 winpid=67384 head=827c525864a274d58d0f711ba22efdc6814afc05 src=2a36d14ad942 ext=639cecfd9651 harness=outputs/_cl_obs_crn.py dirty_tracked=0 queue=outputs/_cl_s1_crn_queue.txt maxpar=5 minfree_kb=3500000
[23:36:09] ENV 3.10.11 mesa 1.2.1  prereg_sha256=470e840bb0161519 queue_sha256=6230f2433987cdbb
[23:36:10] SHIPPED BASE_STATION_MODE=3 BASE_STATION_RETURN_MECHANISM=2 BASE_STATION_DEPOTS=9 BASE_STATION_SPAWN_SPLIT=2 UAV_RETURN_TO_BASE_RESERVE=0.0 BASE_STATION_RETURN_MARGIN=39.23 BASE_STATION_DOCK_FIX=2 BASE_STATION_RETURN_STALL_LIMIT=3 BASE_STATION_WAYPOINT_FIX=1 ROUTE_BLOCK_STALE_CLEAR=1 VICTIM_SEARCHER_HAZARD_RETREAT_RANGE=99 BASE_STATION_FIREPROOF=1 BASE_STATION_FIREPROOF_DRY_RUN=0 VICTIM_SEARCHER_HAZARD_GATE_BOUNDS_FIX=1 FF_FIREFIGHT_EXTINGUISH=1 FF_FIREFIGHT_FIREBREAK=1 FF_FIREFIGHT_ENGAGED_RETREAT_RANGE=1 FF_FIREFIGHT_MISSION_GATE=0 FF_FIREFIGHT_DRY_RUN=0 FF_EXIT_LEG_MODE=0 FF_EXIT_LEG_HOLD=0 FF_EXIT_LEG_SERVED=0 ff_exit_leg_mode()=0 ff_exit_leg_hold()=False ff_exit_leg_served()=0
[23:36:11] SHIPPED-CONTROL head=6160438
BASE_STATION_MODE=3 BASE_STATION_RETURN_MECHANISM=2 BASE_STATION_DEPOTS=9 BASE_STATION_SPAWN_SPLIT=2 UAV_RETURN_TO_BASE_RESERVE=0.0 BASE_STATION_RETURN_MARGIN=39.23 BASE_STATION_DOCK_FIX=2 BASE_STATION_RETURN_STALL_LIMIT=3 BASE_STATION_WAYPOINT_FIX=1 ROUTE_BLOCK_STALE_CLEAR=1 VICTIM_SEARCHER_HAZARD_RETREAT_RANGE=99 BASE_STATION_FIREPROOF=1 BASE_STATION_FIREPROOF_DRY_RUN=0 VICTIM_SEARCHER_HAZARD_GATE_BOUNDS_FIX=1 FF_FIREFIGHT_EXTINGUISH=1 FF_FIREFIGHT_FIREBREAK=1 FF_FIREFIGHT_ENGAGED_RETREAT_RANGE=1 FF_FIREFIGHT_MISSION_GATE=0 FF_FIREFIGHT_DRY_RUN=0 FF_EXIT_LEG_MODE=ABSENT FF_EXIT_LEG_HOLD=ABSENT FF_EXIT_LEG_SERVED=ABSENT ff_exit_leg_mode()=ABSENT ff_exit_leg_hold()=ABSENT ff_exit_leg_served()=ABSENT
[23:36:12] VALIDATE total=30 valid=0 invalid=0 missing=30
[23:36:12] START STATE wave=s1crn total=30 valid=0 pending=30 live_orphans_this_wave=2 sims_boxwide=2 free_kb=18467892
[23:36:12] HEARTBEAT pid=1254 every 60s -> outputs/_cl_s1_crn_wave.log ; state file outputs/_cl_s1_crn_state.txt ; sentinel outputs/_cl_s1_crn_hb_20260926-233607-1157.stop
[23:36:13] LAUNCH clKC_east_half_2070841104 running=1 free_kb=18451896 sims_boxwide=2 attempt=1 src=2a36d14ad942 ext=639cecfd9651 head=827c525864a274d58d0f711ba22efdc6814afc05
[23:36:26] LAUNCH clKC_east_half_1147610331 running=2 free_kb=16725892 sims_boxwide=4 attempt=1 src=2a36d14ad942 ext=639cecfd9651 head=827c525864a274d58d0f711ba22efdc6814afc05
[23:36:39] LAUNCH clKC_east_half_1291443119 running=3 free_kb=14960872 sims_boxwide=6 attempt=1 src=2a36d14ad942 ext=639cecfd9651 head=827c525864a274d58d0f711ba22efdc6814afc05
[23:36:52] LAUNCH clKC_east_half_1433805104 running=4 free_kb=13240540 sims_boxwide=7 attempt=1 src=2a36d14ad942 ext=639cecfd9651 head=827c525864a274d58d0f711ba22efdc6814afc05
[23:37:05] LAUNCH clKC_east_half_1636723358 running=5 free_kb=9614556 sims_boxwide=8 attempt=1 src=2a36d14ad942 ext=639cecfd9651 head=827c525864a274d58d0f711ba22efdc6814afc05
[23:37:12] .. alive runid=20260926-233607-1157 event_age=7s | wave=s1crn total=30 valid=0 running=5 pending=25 launched=5 failed=0 gaveup=0 forkfail=0 free_kb=9614556 sims_boxwide=8 last_event_age=0s last_event_epoch=1790458625
[23:38:12] .. alive runid=20260926-233607-1157 event_age=67s | wave=s1crn total=30 valid=0 running=5 pending=25 launched=5 failed=0 gaveup=0 forkfail=0 free_kb=9614556 sims_boxwide=8 last_event_age=0s last_event_epoch=1790458625
[23:39:12] .. alive runid=20260926-233607-1157 event_age=127s | wave=s1crn total=30 valid=0 running=5 pending=25 launched=5 failed=0 gaveup=0 forkfail=0 free_kb=9614556 sims_boxwide=8 last_event_age=0s last_event_epoch=1790458625
[23:40:12] .. alive runid=20260926-233607-1157 event_age=187s | wave=s1crn total=30 valid=0 running=5 pending=25 launched=5 failed=0 gaveup=0 forkfail=0 free_kb=9614556 sims_boxwide=8 last_event_age=0s last_event_epoch=1790458625
[23:41:12] .. alive runid=20260926-233607-1157 event_age=247s | wave=s1crn total=30 valid=0 running=5 pending=25 launched=5 failed=0 gaveup=0 forkfail=0 free_kb=9614556 sims_boxwide=8 last_event_age=0s last_event_epoch=1790458625
[23:42:12] .. alive runid=20260926-233607-1157 event_age=307s | wave=s1crn total=30 valid=0 running=5 pending=25 launched=5 failed=0 gaveup=0 forkfail=0 free_kb=9614556 sims_boxwide=8 last_event_age=0s last_event_epoch=1790458625
[23:43:12] .. alive runid=20260926-233607-1157 event_age=367s | wave=s1crn total=30 valid=0 running=5 pending=25 launched=5 failed=0 gaveup=0 forkfail=0 free_kb=9614556 sims_boxwide=8 last_event_age=0s last_event_epoch=1790458625
[23:44:12] .. alive runid=20260926-233607-1157 event_age=427s | wave=s1crn total=30 valid=0 running=5 pending=25 launched=5 failed=0 gaveup=0 forkfail=0 free_kb=9614556 sims_boxwide=8 last_event_age=0s last_event_epoch=1790458625
[23:45:12] .. alive runid=20260926-233607-1157 event_age=487s | wave=s1crn total=30 valid=0 running=5 pending=25 launched=5 failed=0 gaveup=0 forkfail=0 free_kb=9614556 sims_boxwide=8 last_event_age=0s last_event_epoch=1790458625
[23:46:12] .. alive runid=20260926-233607-1157 event_age=547s | wave=s1crn total=30 valid=0 running=5 pending=25 launched=5 failed=0 gaveup=0 forkfail=0 free_kb=9614556 sims_boxwide=8 last_event_age=0s last_event_epoch=1790458625
[23:47:13] .. alive runid=20260926-233607-1157 event_age=607s | wave=s1crn total=30 valid=0 running=5 pending=25 launched=5 failed=0 gaveup=0 forkfail=0 free_kb=9614556 sims_boxwide=8 last_event_age=0s last_event_epoch=1790458625
[23:48:13] .. alive runid=20260926-233607-1157 event_age=668s | wave=s1crn total=30 valid=0 running=5 pending=25 launched=5 failed=0 gaveup=0 forkfail=0 free_kb=9614556 sims_boxwide=8 last_event_age=0s last_event_epoch=1790458625
[23:49:13] .. alive runid=20260926-233607-1157 event_age=728s | wave=s1crn total=30 valid=0 running=5 pending=25 launched=5 failed=0 gaveup=0 forkfail=0 free_kb=9614556 sims_boxwide=8 last_event_age=0s last_event_epoch=1790458625
[23:50:13] .. alive runid=20260926-233607-1157 event_age=788s | wave=s1crn total=30 valid=0 running=5 pending=25 launched=5 failed=0 gaveup=0 forkfail=0 free_kb=9614556 sims_boxwide=8 last_event_age=0s last_event_epoch=1790458625
[23:51:11] DONE clKC_east_half_1147610331 rc=0 884s clKC east/half seed=1147610331 rescued=2 dead=2 unreachable=0 never_detected=0 ff_deaths=0 terminal=111 completions=2 recycles=2 removals=2 returns=2 wall=883s [valid 1/30] src=2a36d14ad942 ext=639cecfd9651 head=827c525864a274d58d0f711ba22efdc6814afc05
[23:51:12] LAUNCH clKC_east_half_1252362635 running=5 free_kb=5590896 sims_boxwide=8 attempt=1 src=2a36d14ad942 ext=639cecfd9651 head=827c525864a274d58d0f711ba22efdc6814afc05
[23:51:13] .. alive runid=20260926-233607-1157 event_age=1s | wave=s1crn total=30 valid=1 running=5 pending=24 launched=6 failed=0 gaveup=0 forkfail=0 free_kb=5590896 sims_boxwide=8 last_event_age=0s last_event_epoch=1790459472
[23:51:27] DONE clKC_east_half_1433805104 rc=0 874s clKC east/half seed=1433805104 rescued=3 dead=1 unreachable=0 never_detected=0 ff_deaths=0 terminal=99 completions=3 recycles=3 removals=3 returns=3 wall=872s [valid 2/30] src=2a36d14ad942 ext=639cecfd9651 head=827c525864a274d58d0f711ba22efdc6814afc05
[23:51:28] LAUNCH clKC_east_half_294124329 running=5 free_kb=5250232 sims_boxwide=8 attempt=1 src=2a36d14ad942 ext=639cecfd9651 head=827c525864a274d58d0f711ba22efdc6814afc05
[23:52:13] .. alive runid=20260926-233607-1157 event_age=45s | wave=s1crn total=30 valid=2 running=5 pending=23 launched=7 failed=0 gaveup=0 forkfail=0 free_kb=5250232 sims_boxwide=8 last_event_age=0s last_event_epoch=1790459488
[23:53:13] .. alive runid=20260926-233607-1157 event_age=105s | wave=s1crn total=30 valid=2 running=5 pending=23 launched=7 failed=0 gaveup=0 forkfail=0 free_kb=5250232 sims_boxwide=8 last_event_age=0s last_event_epoch=1790459488
[23:54:03] DONE clKC_east_half_1636723358 rc=0 1017s clKC east/half seed=1636723358 rescued=3 dead=1 unreachable=0 never_detected=0 ff_deaths=1 terminal=145 completions=3 recycles=3 removals=3 returns=3 wall=1015s [valid 3/30] src=2a36d14ad942 ext=639cecfd9651 head=827c525864a274d58d0f711ba22efdc6814afc05
[23:54:04] LAUNCH clKC_east_half_1723100518 running=5 free_kb=5552772 sims_boxwide=8 attempt=1 src=2a36d14ad942 ext=639cecfd9651 head=827c525864a274d58d0f711ba22efdc6814afc05
[23:54:13] .. alive runid=20260926-233607-1157 event_age=9s | wave=s1crn total=30 valid=3 running=5 pending=22 launched=8 failed=0 gaveup=0 forkfail=0 free_kb=5552772 sims_boxwide=8 last_event_age=0s last_event_epoch=1790459644
[23:54:26] DONE clKC_east_half_2070841104 rc=0 1093s clKC east/half seed=2070841104 rescued=4 dead=0 unreachable=0 never_detected=0 ff_deaths=0 terminal=172 completions=4 recycles=4 removals=4 returns=4 wall=1091s [valid 4/30] src=2a36d14ad942 ext=639cecfd9651 head=827c525864a274d58d0f711ba22efdc6814afc05
[23:54:28] LAUNCH clKC_east_half_1532569567 running=5 free_kb=5139292 sims_boxwide=8 attempt=1 src=2a36d14ad942 ext=639cecfd9651 head=827c525864a274d58d0f711ba22efdc6814afc05
[23:55:13] .. alive runid=20260926-233607-1157 event_age=45s | wave=s1crn total=30 valid=4 running=5 pending=21 launched=9 failed=0 gaveup=0 forkfail=0 free_kb=5139292 sims_boxwide=8 last_event_age=0s last_event_epoch=1790459668
[23:56:13] .. alive runid=20260926-233607-1157 event_age=105s | wave=s1crn total=30 valid=4 running=5 pending=21 launched=9 failed=0 gaveup=0 forkfail=0 free_kb=5139292 sims_boxwide=8 last_event_age=0s last_event_epoch=1790459668
[23:56:14] DONE clKC_east_half_1291443119 rc=0 1174s clKC east/half seed=1291443119 rescued=3 dead=0 unreachable=1 never_detected=1 ff_deaths=0 terminal=210 completions=3 recycles=3 removals=3 returns=3 wall=1173s [valid 5/30] src=2a36d14ad942 ext=639cecfd9651 head=827c525864a274d58d0f711ba22efdc6814afc05
[23:56:15] LAUNCH clKC_east_half_498896028 running=5 free_kb=6589612 sims_boxwide=8 attempt=1 src=2a36d14ad942 ext=639cecfd9651 head=827c525864a274d58d0f711ba22efdc6814afc05
[23:57:13] .. alive runid=20260926-233607-1157 event_age=58s | wave=s1crn total=30 valid=5 running=5 pending=20 launched=10 failed=0 gaveup=0 forkfail=0 free_kb=6589612 sims_boxwide=8 last_event_age=0s last_event_epoch=1790459775
[23:58:13] .. alive runid=20260926-233607-1157 event_age=118s | wave=s1crn total=30 valid=5 running=5 pending=20 launched=10 failed=0 gaveup=0 forkfail=0 free_kb=6589612 sims_boxwide=8 last_event_age=0s last_event_epoch=1790459775
[23:59:14] .. alive runid=20260926-233607-1157 event_age=179s | wave=s1crn total=30 valid=5 running=5 pending=20 launched=10 failed=0 gaveup=0 forkfail=0 free_kb=6589612 sims_boxwide=8 last_event_age=0s last_event_epoch=1790459775
[00:00:14] .. alive runid=20260926-233607-1157 event_age=239s | wave=s1crn total=30 valid=5 running=5 pending=20 launched=10 failed=0 gaveup=0 forkfail=0 free_kb=6589612 sims_boxwide=8 last_event_age=0s last_event_epoch=1790459775
[00:01:14] .. alive runid=20260926-233607-1157 event_age=299s | wave=s1crn total=30 valid=5 running=5 pending=20 launched=10 failed=0 gaveup=0 forkfail=0 free_kb=6589612 sims_boxwide=8 last_event_age=0s last_event_epoch=1790459775
[00:02:14] .. alive runid=20260926-233607-1157 event_age=359s | wave=s1crn total=30 valid=5 running=5 pending=20 launched=10 failed=0 gaveup=0 forkfail=0 free_kb=6589612 sims_boxwide=8 last_event_age=0s last_event_epoch=1790459775
[00:03:14] .. alive runid=20260926-233607-1157 event_age=419s | wave=s1crn total=30 valid=5 running=5 pending=20 launched=10 failed=0 gaveup=0 forkfail=0 free_kb=6589612 sims_boxwide=8 last_event_age=0s last_event_epoch=1790459775
[00:04:14] .. alive runid=20260926-233607-1157 event_age=479s | wave=s1crn total=30 valid=5 running=5 pending=20 launched=10 failed=0 gaveup=0 forkfail=0 free_kb=6589612 sims_boxwide=8 last_event_age=0s last_event_epoch=1790459775
[00:05:14] .. alive runid=20260926-233607-1157 event_age=539s | wave=s1crn total=30 valid=5 running=5 pending=20 launched=10 failed=0 gaveup=0 forkfail=0 free_kb=6589612 sims_boxwide=8 last_event_age=0s last_event_epoch=1790459775
[00:06:09] DONE clKC_east_half_1252362635 rc=0 896s clKC east/half seed=1252362635 rescued=3 dead=1 unreachable=0 never_detected=0 ff_deaths=0 terminal=131 completions=3 recycles=3 removals=3 returns=3 wall=894s [valid 6/30] src=2a36d14ad942 ext=639cecfd9651 head=827c525864a274d58d0f711ba22efdc6814afc05
[00:06:10] LAUNCH clKC_east_half_1401495347 running=5 free_kb=6087060 sims_boxwide=8 attempt=1 src=2a36d14ad942 ext=639cecfd9651 head=827c525864a274d58d0f711ba22efdc6814afc05
[00:06:14] .. alive runid=20260926-233607-1157 event_age=4s | wave=s1crn total=30 valid=6 running=5 pending=19 launched=11 failed=0 gaveup=0 forkfail=0 free_kb=6087060 sims_boxwide=8 last_event_age=0s last_event_epoch=1790460370
[00:07:04] DONE clKC_east_half_294124329 rc=0 935s clKC east/half seed=294124329 rescued=4 dead=0 unreachable=0 never_detected=0 ff_deaths=0 terminal=172 completions=4 recycles=4 removals=4 returns=4 wall=934s [valid 7/30] src=2a36d14ad942 ext=639cecfd9651 head=827c525864a274d58d0f711ba22efdc6814afc05
[00:07:05] LAUNCH clKC_east_half_133894353 running=5 free_kb=6155832 sims_boxwide=8 attempt=1 src=2a36d14ad942 ext=639cecfd9651 head=827c525864a274d58d0f711ba22efdc6814afc05
[00:07:14] .. alive runid=20260926-233607-1157 event_age=9s | wave=s1crn total=30 valid=7 running=5 pending=18 launched=12 failed=0 gaveup=0 forkfail=0 free_kb=6155832 sims_boxwide=8 last_event_age=0s last_event_epoch=1790460425
[00:08:13] DONE clKC_east_half_1532569567 rc=0 824s clKC east/half seed=1532569567 rescued=3 dead=1 unreachable=0 never_detected=0 ff_deaths=0 terminal=94 completions=3 recycles=3 removals=3 returns=3 wall=823s [valid 8/30] src=2a36d14ad942 ext=639cecfd9651 head=827c525864a274d58d0f711ba22efdc6814afc05
[00:08:14] LAUNCH clKC_east_half_1788979460 running=5 free_kb=6055952 sims_boxwide=8 attempt=1 src=2a36d14ad942 ext=639cecfd9651 head=827c525864a274d58d0f711ba22efdc6814afc05
[00:08:14] .. alive runid=20260926-233607-1157 event_age=2s | wave=s1crn total=30 valid=8 running=4 pending=18 launched=12 failed=0 gaveup=0 forkfail=0 free_kb=6055952 sims_boxwide=8 last_event_age=2s last_event_epoch=1790460492
[00:09:14] .. alive runid=20260926-233607-1157 event_age=60s | wave=s1crn total=30 valid=8 running=5 pending=17 launched=13 failed=0 gaveup=0 forkfail=0 free_kb=6055952 sims_boxwide=8 last_event_age=0s last_event_epoch=1790460494
[00:10:15] .. alive runid=20260926-233607-1157 event_age=120s | wave=s1crn total=30 valid=8 running=5 pending=17 launched=13 failed=0 gaveup=0 forkfail=0 free_kb=6055952 sims_boxwide=8 last_event_age=0s last_event_epoch=1790460494
[00:11:15] .. alive runid=20260926-233607-1157 event_age=181s | wave=s1crn total=30 valid=8 running=5 pending=17 launched=13 failed=0 gaveup=0 forkfail=0 free_kb=6055952 sims_boxwide=8 last_event_age=0s last_event_epoch=1790460494
[00:12:01] DONE clKC_east_half_1723100518 rc=0 1077s clKC east/half seed=1723100518 rescued=2 dead=2 unreachable=0 never_detected=0 ff_deaths=0 terminal=162 completions=2 recycles=2 removals=2 returns=2 wall=1075s [valid 9/30] src=2a36d14ad942 ext=639cecfd9651 head=827c525864a274d58d0f711ba22efdc6814afc05
[00:12:03] LAUNCH clKC_south_half_1486866530 running=5 free_kb=6099956 sims_boxwide=7 attempt=1 src=2a36d14ad942 ext=639cecfd9651 head=827c525864a274d58d0f711ba22efdc6814afc05
[00:12:15] .. alive runid=20260926-233607-1157 event_age=12s | wave=s1crn total=30 valid=9 running=5 pending=16 launched=14 failed=0 gaveup=0 forkfail=0 free_kb=6099956 sims_boxwide=7 last_event_age=0s last_event_epoch=1790460723
[00:13:15] .. alive runid=20260926-233607-1157 event_age=72s | wave=s1crn total=30 valid=9 running=5 pending=16 launched=14 failed=0 gaveup=0 forkfail=0 free_kb=6099956 sims_boxwide=7 last_event_age=0s last_event_epoch=1790460723
[00:14:15] .. alive runid=20260926-233607-1157 event_age=132s | wave=s1crn total=30 valid=9 running=5 pending=16 launched=14 failed=0 gaveup=0 forkfail=0 free_kb=6099956 sims_boxwide=7 last_event_age=0s last_event_epoch=1790460723
[00:15:15] .. alive runid=20260926-233607-1157 event_age=192s | wave=s1crn total=30 valid=9 running=5 pending=16 launched=14 failed=0 gaveup=0 forkfail=0 free_kb=6099956 sims_boxwide=7 last_event_age=0s last_event_epoch=1790460723
[00:16:15] .. alive runid=20260926-233607-1157 event_age=252s | wave=s1crn total=30 valid=9 running=5 pending=16 launched=14 failed=0 gaveup=0 forkfail=0 free_kb=6099956 sims_boxwide=7 last_event_age=0s last_event_epoch=1790460723
[00:17:15] .. alive runid=20260926-233607-1157 event_age=312s | wave=s1crn total=30 valid=9 running=5 pending=16 launched=14 failed=0 gaveup=0 forkfail=0 free_kb=6099956 sims_boxwide=7 last_event_age=0s last_event_epoch=1790460723
[00:18:15] .. alive runid=20260926-233607-1157 event_age=372s | wave=s1crn total=30 valid=9 running=5 pending=16 launched=14 failed=0 gaveup=0 forkfail=0 free_kb=6099956 sims_boxwide=7 last_event_age=0s last_event_epoch=1790460723
[00:19:15] .. alive runid=20260926-233607-1157 event_age=432s | wave=s1crn total=30 valid=9 running=5 pending=16 launched=14 failed=0 gaveup=0 forkfail=0 free_kb=6099956 sims_boxwide=7 last_event_age=0s last_event_epoch=1790460723
[00:19:32] DONE clKC_east_half_498896028 rc=0 1396s clKC east/half seed=498896028 rescued=4 dead=0 unreachable=0 never_detected=0 ff_deaths=0 terminal=265 completions=4 recycles=4 removals=4 returns=4 wall=1394s [valid 10/30] src=2a36d14ad942 ext=639cecfd9651 head=827c525864a274d58d0f711ba22efdc6814afc05
[00:19:33] LAUNCH clKC_south_half_536769381 running=5 free_kb=5970252 sims_boxwide=7 attempt=1 src=2a36d14ad942 ext=639cecfd9651 head=827c525864a274d58d0f711ba22efdc6814afc05
[00:20:15] .. alive runid=20260926-233607-1157 event_age=42s | wave=s1crn total=30 valid=10 running=5 pending=15 launched=15 failed=0 gaveup=0 forkfail=0 free_kb=5970252 sims_boxwide=7 last_event_age=0s last_event_epoch=1790461173
[00:21:15] .. alive runid=20260926-233607-1157 event_age=102s | wave=s1crn total=30 valid=10 running=5 pending=15 launched=15 failed=0 gaveup=0 forkfail=0 free_kb=5970252 sims_boxwide=7 last_event_age=0s last_event_epoch=1790461173
[00:22:07] DONE clKC_east_half_1788979460 rc=0 832s clKC east/half seed=1788979460 rescued=3 dead=1 unreachable=0 never_detected=0 ff_deaths=0 terminal=93 completions=3 recycles=3 removals=3 returns=3 wall=830s [valid 11/30] src=2a36d14ad942 ext=639cecfd9651 head=827c525864a274d58d0f711ba22efdc6814afc05
[00:22:08] LAUNCH clKC_south_half_791464433 running=5 free_kb=6099452 sims_boxwide=6 attempt=1 src=2a36d14ad942 ext=639cecfd9651 head=827c525864a274d58d0f711ba22efdc6814afc05
[00:22:16] .. alive runid=20260926-233607-1157 event_age=8s | wave=s1crn total=30 valid=11 running=5 pending=14 launched=16 failed=0 gaveup=0 forkfail=0 free_kb=6099452 sims_boxwide=6 last_event_age=0s last_event_epoch=1790461328
[00:22:56] DONE clKC_south_half_1486866530 rc=0 652s clKC south/half seed=1486866530 rescued=3 dead=1 unreachable=0 never_detected=0 ff_deaths=0 terminal=204 completions=3 recycles=3 removals=3 returns=3 wall=651s [valid 12/30] src=2a36d14ad942 ext=639cecfd9651 head=827c525864a274d58d0f711ba22efdc6814afc05
[00:22:57] LAUNCH clKC_south_half_706299103 running=5 free_kb=6082996 sims_boxwide=6 attempt=1 src=2a36d14ad942 ext=639cecfd9651 head=827c525864a274d58d0f711ba22efdc6814afc05
[00:23:16] .. alive runid=20260926-233607-1157 event_age=19s | wave=s1crn total=30 valid=12 running=5 pending=13 launched=17 failed=0 gaveup=0 forkfail=0 free_kb=6082996 sims_boxwide=6 last_event_age=0s last_event_epoch=1790461377
[00:23:51] DONE clKC_east_half_1401495347 rc=0 1060s clKC east/half seed=1401495347 rescued=2 dead=2 unreachable=0 never_detected=0 ff_deaths=0 terminal=198 completions=2 recycles=2 removals=2 returns=2 wall=1059s [valid 13/30] src=2a36d14ad942 ext=639cecfd9651 head=827c525864a274d58d0f711ba22efdc6814afc05
[00:23:52] LAUNCH clKC_south_half_1364948962 running=5 free_kb=5610360 sims_boxwide=6 attempt=1 src=2a36d14ad942 ext=639cecfd9651 head=827c525864a274d58d0f711ba22efdc6814afc05
[00:24:16] .. alive runid=20260926-233607-1157 event_age=24s | wave=s1crn total=30 valid=13 running=5 pending=12 launched=18 failed=0 gaveup=0 forkfail=0 free_kb=5610360 sims_boxwide=6 last_event_age=0s last_event_epoch=1790461432
[00:25:16] .. alive runid=20260926-233607-1157 event_age=84s | wave=s1crn total=30 valid=13 running=5 pending=12 launched=18 failed=0 gaveup=0 forkfail=0 free_kb=5610360 sims_boxwide=6 last_event_age=0s last_event_epoch=1790461432
[00:26:16] .. alive runid=20260926-233607-1157 event_age=144s | wave=s1crn total=30 valid=13 running=5 pending=12 launched=18 failed=0 gaveup=0 forkfail=0 free_kb=5610360 sims_boxwide=6 last_event_age=0s last_event_epoch=1790461432
[00:27:02] DONE clKC_east_half_133894353 rc=0 1196s clKC east/half seed=133894353 rescued=4 dead=0 unreachable=0 never_detected=0 ff_deaths=0 terminal=215 completions=4 recycles=4 removals=4 returns=4 wall=1194s [valid 14/30] src=2a36d14ad942 ext=639cecfd9651 head=827c525864a274d58d0f711ba22efdc6814afc05
[00:27:03] LAUNCH clKC_south_half_937041678 running=5 free_kb=5535972 sims_boxwide=5 attempt=1 src=2a36d14ad942 ext=639cecfd9651 head=827c525864a274d58d0f711ba22efdc6814afc05
[00:27:16] DONE clKC_south_half_536769381 rc=0 462s clKC south/half seed=536769381 rescued=4 dead=0 unreachable=0 never_detected=0 ff_deaths=0 terminal=113 completions=4 recycles=4 removals=4 returns=4 wall=458s [valid 15/30] src=2a36d14ad942 ext=639cecfd9651 head=827c525864a274d58d0f711ba22efdc6814afc05
[00:27:16] .. alive runid=20260926-233607-1157 event_age=1s | wave=s1crn total=30 valid=15 running=4 pending=11 launched=19 failed=0 gaveup=0 forkfail=0 free_kb=5535972 sims_boxwide=5 last_event_age=1s last_event_epoch=1790461635
[00:27:17] LAUNCH clKC_south_half_954838929 running=5 free_kb=5579252 sims_boxwide=5 attempt=1 src=2a36d14ad942 ext=639cecfd9651 head=827c525864a274d58d0f711ba22efdc6814afc05
[00:28:16] .. alive runid=20260926-233607-1157 event_age=59s | wave=s1crn total=30 valid=15 running=5 pending=10 launched=20 failed=0 gaveup=0 forkfail=0 free_kb=5579252 sims_boxwide=5 last_event_age=0s last_event_epoch=1790461637
[00:29:16] .. alive runid=20260926-233607-1157 event_age=119s | wave=s1crn total=30 valid=15 running=5 pending=10 launched=20 failed=0 gaveup=0 forkfail=0 free_kb=5579252 sims_boxwide=5 last_event_age=0s last_event_epoch=1790461637
[00:30:16] .. alive runid=20260926-233607-1157 event_age=179s | wave=s1crn total=30 valid=15 running=5 pending=10 launched=20 failed=0 gaveup=0 forkfail=0 free_kb=5579252 sims_boxwide=5 last_event_age=0s last_event_epoch=1790461637
[00:31:16] .. alive runid=20260926-233607-1157 event_age=239s | wave=s1crn total=30 valid=15 running=5 pending=10 launched=20 failed=0 gaveup=0 forkfail=0 free_kb=5579252 sims_boxwide=5 last_event_age=0s last_event_epoch=1790461637
[00:32:16] .. alive runid=20260926-233607-1157 event_age=299s | wave=s1crn total=30 valid=15 running=5 pending=10 launched=20 failed=0 gaveup=0 forkfail=0 free_kb=5579252 sims_boxwide=5 last_event_age=0s last_event_epoch=1790461637
[00:32:42] DONE clKC_south_half_706299103 rc=0 585s clKC south/half seed=706299103 rescued=4 dead=0 unreachable=0 never_detected=0 ff_deaths=1 terminal=172 completions=4 recycles=4 removals=4 returns=4 wall=583s [valid 16/30] src=2a36d14ad942 ext=639cecfd9651 head=827c525864a274d58d0f711ba22efdc6814afc05
[00:32:44] LAUNCH clKC_south_half_139925734 running=5 free_kb=5500800 sims_boxwide=5 attempt=1 src=2a36d14ad942 ext=639cecfd9651 head=827c525864a274d58d0f711ba22efdc6814afc05
[00:33:17] .. alive runid=20260926-233607-1157 event_age=33s | wave=s1crn total=30 valid=16 running=5 pending=9 launched=21 failed=0 gaveup=0 forkfail=0 free_kb=5500800 sims_boxwide=5 last_event_age=0s last_event_epoch=1790461964
[00:33:35] DONE clKC_south_half_1364948962 rc=0 583s clKC south/half seed=1364948962 rescued=4 dead=0 unreachable=0 never_detected=0 ff_deaths=0 terminal=149 completions=4 recycles=4 removals=4 returns=4 wall=580s [valid 17/30] src=2a36d14ad942 ext=639cecfd9651 head=827c525864a274d58d0f711ba22efdc6814afc05
[00:33:36] LAUNCH clKC_south_half_1624156665 running=5 free_kb=5455856 sims_boxwide=5 attempt=1 src=2a36d14ad942 ext=639cecfd9651 head=827c525864a274d58d0f711ba22efdc6814afc05
[00:34:08] DONE clKC_south_half_791464433 rc=0 719s clKC south/half seed=791464433 rescued=4 dead=0 unreachable=0 never_detected=0 ff_deaths=1 terminal=265 completions=4 recycles=4 removals=4 returns=4 wall=718s [valid 18/30] src=2a36d14ad942 ext=639cecfd9651 head=827c525864a274d58d0f711ba22efdc6814afc05
[00:34:09] LAUNCH clKC_south_half_285242396 running=5 free_kb=5497892 sims_boxwide=5 attempt=1 src=2a36d14ad942 ext=639cecfd9651 head=827c525864a274d58d0f711ba22efdc6814afc05
[00:34:17] .. alive runid=20260926-233607-1157 event_age=8s | wave=s1crn total=30 valid=18 running=5 pending=7 launched=23 failed=0 gaveup=0 forkfail=0 free_kb=5497892 sims_boxwide=5 last_event_age=0s last_event_epoch=1790462049
[00:35:17] .. alive runid=20260926-233607-1157 event_age=68s | wave=s1crn total=30 valid=18 running=5 pending=7 launched=23 failed=0 gaveup=0 forkfail=0 free_kb=5497892 sims_boxwide=5 last_event_age=0s last_event_epoch=1790462049
[00:36:17] .. alive runid=20260926-233607-1157 event_age=128s | wave=s1crn total=30 valid=18 running=5 pending=7 launched=23 failed=0 gaveup=0 forkfail=0 free_kb=5497892 sims_boxwide=5 last_event_age=0s last_event_epoch=1790462049
[00:36:40] DONE clKC_south_half_954838929 rc=0 562s clKC south/half seed=954838929 rescued=3 dead=1 unreachable=0 never_detected=0 ff_deaths=0 terminal=95 completions=3 recycles=3 removals=3 returns=3 wall=560s [valid 19/30] src=2a36d14ad942 ext=639cecfd9651 head=827c525864a274d58d0f711ba22efdc6814afc05
[00:36:41] LAUNCH clKC_south_half_573250932 running=5 free_kb=5440552 sims_boxwide=5 attempt=1 src=2a36d14ad942 ext=639cecfd9651 head=827c525864a274d58d0f711ba22efdc6814afc05
[00:36:57] DONE clKC_south_half_937041678 rc=0 593s clKC south/half seed=937041678 rescued=4 dead=0 unreachable=0 never_detected=0 ff_deaths=1 terminal=173 completions=4 recycles=4 removals=4 returns=4 wall=591s [valid 20/30] src=2a36d14ad942 ext=639cecfd9651 head=827c525864a274d58d0f711ba22efdc6814afc05
[00:36:58] LAUNCH clKC_south_half_1048395951 running=5 free_kb=5421420 sims_boxwide=5 attempt=1 src=2a36d14ad942 ext=639cecfd9651 head=827c525864a274d58d0f711ba22efdc6814afc05
[00:37:17] .. alive runid=20260926-233607-1157 event_age=19s | wave=s1crn total=30 valid=20 running=5 pending=5 launched=25 failed=0 gaveup=0 forkfail=0 free_kb=5421420 sims_boxwide=5 last_event_age=0s last_event_epoch=1790462218
[00:38:17] .. alive runid=20260926-233607-1157 event_age=79s | wave=s1crn total=30 valid=20 running=5 pending=5 launched=25 failed=0 gaveup=0 forkfail=0 free_kb=5421420 sims_boxwide=5 last_event_age=0s last_event_epoch=1790462218
[00:39:17] .. alive runid=20260926-233607-1157 event_age=139s | wave=s1crn total=30 valid=20 running=5 pending=5 launched=25 failed=0 gaveup=0 forkfail=0 free_kb=5421420 sims_boxwide=5 last_event_age=0s last_event_epoch=1790462218
[00:40:17] .. alive runid=20260926-233607-1157 event_age=199s | wave=s1crn total=30 valid=20 running=5 pending=5 launched=25 failed=0 gaveup=0 forkfail=0 free_kb=5421420 sims_boxwide=5 last_event_age=0s last_event_epoch=1790462218
[00:41:17] .. alive runid=20260926-233607-1157 event_age=259s | wave=s1crn total=30 valid=20 running=5 pending=5 launched=25 failed=0 gaveup=0 forkfail=0 free_kb=5421420 sims_boxwide=5 last_event_age=0s last_event_epoch=1790462218
[00:41:53] DONE clKC_south_half_1624156665 rc=0 497s clKC south/half seed=1624156665 rescued=4 dead=0 unreachable=0 never_detected=0 ff_deaths=0 terminal=134 completions=4 recycles=4 removals=4 returns=4 wall=495s [valid 21/30] src=2a36d14ad942 ext=639cecfd9651 head=827c525864a274d58d0f711ba22efdc6814afc05
[00:41:55] LAUNCH clKC_south_half_903347495 running=5 free_kb=5471212 sims_boxwide=5 attempt=1 src=2a36d14ad942 ext=639cecfd9651 head=827c525864a274d58d0f711ba22efdc6814afc05
[00:42:17] .. alive runid=20260926-233607-1157 event_age=22s | wave=s1crn total=30 valid=21 running=5 pending=4 launched=26 failed=0 gaveup=0 forkfail=0 free_kb=5471212 sims_boxwide=5 last_event_age=0s last_event_epoch=1790462515
[00:43:17] .. alive runid=20260926-233607-1157 event_age=82s | wave=s1crn total=30 valid=21 running=5 pending=4 launched=26 failed=0 gaveup=0 forkfail=0 free_kb=5471212 sims_boxwide=5 last_event_age=0s last_event_epoch=1790462515
[00:44:17] .. alive runid=20260926-233607-1157 event_age=142s | wave=s1crn total=30 valid=21 running=5 pending=4 launched=26 failed=0 gaveup=0 forkfail=0 free_kb=5471212 sims_boxwide=5 last_event_age=0s last_event_epoch=1790462515
[00:44:18] DONE clKC_south_half_139925734 rc=0 693s clKC south/half seed=139925734 rescued=3 dead=1 unreachable=0 never_detected=0 ff_deaths=0 terminal=100 completions=3 recycles=3 removals=3 returns=3 wall=692s [valid 22/30] src=2a36d14ad942 ext=639cecfd9651 head=827c525864a274d58d0f711ba22efdc6814afc05
[00:44:19] LAUNCH clKC_east_def_2038269169 running=5 free_kb=5477544 sims_boxwide=5 attempt=1 src=2a36d14ad942 ext=639cecfd9651 head=827c525864a274d58d0f711ba22efdc6814afc05
[00:44:37] DONE clKC_south_half_285242396 rc=0 627s clKC south/half seed=285242396 rescued=4 dead=0 unreachable=0 never_detected=0 ff_deaths=0 terminal=246 completions=4 recycles=4 removals=4 returns=4 wall=625s [valid 23/30] src=2a36d14ad942 ext=639cecfd9651 head=827c525864a274d58d0f711ba22efdc6814afc05
[00:44:38] LAUNCH clKC_east_def_1749069988 running=5 free_kb=5420972 sims_boxwide=5 attempt=1 src=2a36d14ad942 ext=639cecfd9651 head=827c525864a274d58d0f711ba22efdc6814afc05
[00:45:18] .. alive runid=20260926-233607-1157 event_age=40s | wave=s1crn total=30 valid=23 running=5 pending=2 launched=28 failed=0 gaveup=0 forkfail=0 free_kb=5420972 sims_boxwide=5 last_event_age=0s last_event_epoch=1790462678
[00:46:18] .. alive runid=20260926-233607-1157 event_age=100s | wave=s1crn total=30 valid=23 running=5 pending=2 launched=28 failed=0 gaveup=0 forkfail=0 free_kb=5420972 sims_boxwide=5 last_event_age=0s last_event_epoch=1790462678
[00:46:37] DONE clKC_south_half_573250932 rc=0 595s clKC south/half seed=573250932 rescued=4 dead=0 unreachable=0 never_detected=0 ff_deaths=0 terminal=229 completions=4 recycles=4 removals=4 returns=4 wall=593s [valid 24/30] src=2a36d14ad942 ext=639cecfd9651 head=827c525864a274d58d0f711ba22efdc6814afc05
[00:46:38] LAUNCH clKC_east_def_1420331661 running=5 free_kb=7376332 sims_boxwide=4 attempt=1 src=2a36d14ad942 ext=639cecfd9651 head=827c525864a274d58d0f711ba22efdc6814afc05
[00:47:18] .. alive runid=20260926-233607-1157 event_age=40s | wave=s1crn total=30 valid=24 running=5 pending=1 launched=29 failed=0 gaveup=0 forkfail=0 free_kb=7376332 sims_boxwide=4 last_event_age=0s last_event_epoch=1790462798
[00:48:18] .. alive runid=20260926-233607-1157 event_age=100s | wave=s1crn total=30 valid=24 running=5 pending=1 launched=29 failed=0 gaveup=0 forkfail=0 free_kb=7376332 sims_boxwide=4 last_event_age=0s last_event_epoch=1790462798
[00:49:13] DONE clKC_south_half_1048395951 rc=0 735s clKC south/half seed=1048395951 rescued=3 dead=1 unreachable=0 never_detected=0 ff_deaths=1 terminal=198 completions=3 recycles=3 removals=3 returns=3 wall=733s [valid 25/30] src=2a36d14ad942 ext=639cecfd9651 head=827c525864a274d58d0f711ba22efdc6814afc05
[00:49:15] LAUNCH clKC_east_def_1480870832 running=5 free_kb=7379440 sims_boxwide=4 attempt=1 src=2a36d14ad942 ext=639cecfd9651 head=827c525864a274d58d0f711ba22efdc6814afc05
[00:49:18] .. alive runid=20260926-233607-1157 event_age=3s | wave=s1crn total=30 valid=25 running=5 pending=0 launched=30 failed=0 gaveup=0 forkfail=0 free_kb=7379440 sims_boxwide=4 last_event_age=0s last_event_epoch=1790462955
[00:50:01] DONE clKC_south_half_903347495 rc=0 485s clKC south/half seed=903347495 rescued=4 dead=0 unreachable=0 never_detected=0 ff_deaths=0 terminal=149 completions=4 recycles=4 removals=4 returns=4 wall=483s [valid 26/30] src=2a36d14ad942 ext=639cecfd9651 head=827c525864a274d58d0f711ba22efdc6814afc05
[00:50:18] .. alive runid=20260926-233607-1157 event_age=18s | wave=s1crn total=30 valid=26 running=4 pending=0 launched=30 failed=0 gaveup=0 forkfail=0 free_kb=7379440 sims_boxwide=4 last_event_age=1s last_event_epoch=1790463000
[00:51:18] .. alive runid=20260926-233607-1157 event_age=78s | wave=s1crn total=30 valid=26 running=4 pending=0 launched=30 failed=0 gaveup=0 forkfail=0 free_kb=7379440 sims_boxwide=4 last_event_age=1s last_event_epoch=1790463000
[00:52:18] .. alive runid=20260926-233607-1157 event_age=138s | wave=s1crn total=30 valid=26 running=4 pending=0 launched=30 failed=0 gaveup=0 forkfail=0 free_kb=7379440 sims_boxwide=4 last_event_age=1s last_event_epoch=1790463000
[00:53:18] .. alive runid=20260926-233607-1157 event_age=198s | wave=s1crn total=30 valid=26 running=4 pending=0 launched=30 failed=0 gaveup=0 forkfail=0 free_kb=7379440 sims_boxwide=4 last_event_age=1s last_event_epoch=1790463000
[00:53:30] DONE clKC_east_def_2038269169 rc=0 550s clKC east/default seed=2038269169 rescued=4 dead=0 unreachable=0 never_detected=0 ff_deaths=0 terminal=283 completions=4 recycles=4 removals=4 returns=4 wall=548s [valid 27/30] src=2a36d14ad942 ext=639cecfd9651 head=827c525864a274d58d0f711ba22efdc6814afc05
[00:54:08] DONE clKC_east_def_1749069988 rc=0 569s clKC east/default seed=1749069988 rescued=3 dead=1 unreachable=0 never_detected=0 ff_deaths=0 terminal=278 completions=3 recycles=3 removals=3 returns=3 wall=568s [valid 28/30] src=2a36d14ad942 ext=639cecfd9651 head=827c525864a274d58d0f711ba22efdc6814afc05
[00:54:18] .. alive runid=20260926-233607-1157 event_age=11s | wave=s1crn total=30 valid=28 running=2 pending=0 launched=30 failed=0 gaveup=0 forkfail=0 free_kb=7379440 sims_boxwide=4 last_event_age=1s last_event_epoch=1790463247
[00:55:18] .. alive runid=20260926-233607-1157 event_age=71s | wave=s1crn total=30 valid=28 running=2 pending=0 launched=30 failed=0 gaveup=0 forkfail=0 free_kb=7379440 sims_boxwide=4 last_event_age=1s last_event_epoch=1790463247
[00:56:19] .. alive runid=20260926-233607-1157 event_age=132s | wave=s1crn total=30 valid=28 running=2 pending=0 launched=30 failed=0 gaveup=0 forkfail=0 free_kb=7379440 sims_boxwide=4 last_event_age=1s last_event_epoch=1790463247
[00:56:23] DONE clKC_east_def_1420331661 rc=0 584s clKC east/default seed=1420331661 rescued=4 dead=0 unreachable=0 never_detected=0 ff_deaths=0 terminal=198 completions=4 recycles=4 removals=4 returns=4 wall=582s [valid 29/30] src=2a36d14ad942 ext=639cecfd9651 head=827c525864a274d58d0f711ba22efdc6814afc05
[00:57:19] .. alive runid=20260926-233607-1157 event_age=57s | wave=s1crn total=30 valid=29 running=1 pending=0 launched=30 failed=0 gaveup=0 forkfail=0 free_kb=7379440 sims_boxwide=4 last_event_age=1s last_event_epoch=1790463382
[00:58:19] .. alive runid=20260926-233607-1157 event_age=117s | wave=s1crn total=30 valid=29 running=1 pending=0 launched=30 failed=0 gaveup=0 forkfail=0 free_kb=7379440 sims_boxwide=4 last_event_age=1s last_event_epoch=1790463382
[00:59:19] .. alive runid=20260926-233607-1157 event_age=177s | wave=s1crn total=30 valid=29 running=1 pending=0 launched=30 failed=0 gaveup=0 forkfail=0 free_kb=7379440 sims_boxwide=4 last_event_age=1s last_event_epoch=1790463382
[00:59:30] DONE clKC_east_def_1480870832 rc=0 614s clKC east/default seed=1480870832 rescued=2 dead=2 unreachable=0 never_detected=0 ff_deaths=0 terminal=229 completions=2 recycles=2 removals=2 returns=2 wall=613s [valid 30/30] src=2a36d14ad942 ext=639cecfd9651 head=827c525864a274d58d0f711ba22efdc6814afc05
[00:59:30] MAIN LOOP LEFT pending=0 running=0
[00:59:31] FINAL SUMMARY total=30 valid=30 invalid=0 missing=0
[00:59:32] FINAL wave=s1crn SUMMARY total=30 valid=30 invalid=0 missing=0 live_this_wave=0 sims_boxwide=0
[00:59:32] ALL_DCD4RB_COMPLETE wave=s1crn runid=20260926-233607-1157 valid=30/30 launched=30 failed=0 forkfail=0 src=2a36d14ad942 ext=639cecfd9651 head=827c525864a274d58d0f711ba22efdc6814afc05
[01:00:19] HEARTBEAT EXIT wave=s1crn runid=20260926-233607-1157 (sentinel)
