[16:21:10] POOL START wave=flip runid=20260927-162109-1385 restart=0 pid=1385 winpid=20040 head=5e3e5425359cfd8d267510791ed0f403db83cfff src=8888e0326d09 ext=e200301e2bdd harness=outputs/_cl_obs_stock.py dirty_tracked=0 queue=outputs/_cl_flip_queue.txt maxpar=12 minfree_kb=3500000
[16:21:11] ENV 3.10.11 mesa 1.2.1  prereg_sha256=a9b801b2bbdd2ae3 queue_sha256=ed06a78cb04e53ac
[16:21:12] SHIPPED BASE_STATION_MODE=3 BASE_STATION_RETURN_MECHANISM=2 BASE_STATION_DEPOTS=9 BASE_STATION_SPAWN_SPLIT=2 UAV_RETURN_TO_BASE_RESERVE=0.0 BASE_STATION_RETURN_MARGIN=39.23 BASE_STATION_DOCK_FIX=2 BASE_STATION_RETURN_STALL_LIMIT=3 BASE_STATION_WAYPOINT_FIX=1 ROUTE_BLOCK_STALE_CLEAR=1 VICTIM_SEARCHER_HAZARD_RETREAT_RANGE=99 BASE_STATION_FIREPROOF=1 BASE_STATION_FIREPROOF_DRY_RUN=0 VICTIM_SEARCHER_HAZARD_GATE_BOUNDS_FIX=1 FF_FIREFIGHT_EXTINGUISH=1 FF_FIREFIGHT_FIREBREAK=1 FF_FIREFIGHT_ENGAGED_RETREAT_RANGE=1 FF_FIREFIGHT_MISSION_GATE=0 FF_FIREFIGHT_DRY_RUN=0 FF_EXIT_LEG_MODE=2 FF_EXIT_LEG_HOLD=0 FF_EXIT_LEG_SERVED=1 ff_exit_leg_mode()=2 ff_exit_leg_hold()=False ff_exit_leg_served()=1
[16:21:13] SHIPPED-CONTROL head=6160438
BASE_STATION_MODE=3 BASE_STATION_RETURN_MECHANISM=2 BASE_STATION_DEPOTS=9 BASE_STATION_SPAWN_SPLIT=2 UAV_RETURN_TO_BASE_RESERVE=0.0 BASE_STATION_RETURN_MARGIN=39.23 BASE_STATION_DOCK_FIX=2 BASE_STATION_RETURN_STALL_LIMIT=3 BASE_STATION_WAYPOINT_FIX=1 ROUTE_BLOCK_STALE_CLEAR=1 VICTIM_SEARCHER_HAZARD_RETREAT_RANGE=99 BASE_STATION_FIREPROOF=1 BASE_STATION_FIREPROOF_DRY_RUN=0 VICTIM_SEARCHER_HAZARD_GATE_BOUNDS_FIX=1 FF_FIREFIGHT_EXTINGUISH=1 FF_FIREFIGHT_FIREBREAK=1 FF_FIREFIGHT_ENGAGED_RETREAT_RANGE=1 FF_FIREFIGHT_MISSION_GATE=0 FF_FIREFIGHT_DRY_RUN=0 FF_EXIT_LEG_MODE=ABSENT FF_EXIT_LEG_HOLD=ABSENT FF_EXIT_LEG_SERVED=ABSENT ff_exit_leg_mode()=ABSENT ff_exit_leg_hold()=ABSENT ff_exit_leg_served()=ABSENT
[16:21:13] VALIDATE total=69 valid=0 invalid=0 missing=69
[16:21:13] START STATE wave=flip total=69 valid=0 pending=69 live_orphans_this_wave=0 sims_boxwide=0 free_kb=17178248
[16:21:13] HEARTBEAT pid=1482 every 60s -> outputs/_cl_flip_wave.log ; state file outputs/_cl_flip_state.txt ; sentinel outputs/_cl_flip_hb_20260927-162109-1385.stop
[16:21:14] LAUNCH clFZ_east_half_101 running=1 free_kb=17162868 sims_boxwide=0 attempt=1 src=8888e0326d09 ext=e200301e2bdd head=5e3e5425359cfd8d267510791ed0f403db83cfff
[16:21:28] LAUNCH clFZ_east_half_202 running=2 free_kb=16387152 sims_boxwide=1 attempt=1 src=8888e0326d09 ext=e200301e2bdd head=5e3e5425359cfd8d267510791ed0f403db83cfff
[16:21:41] LAUNCH clFZ_east_half_303 running=3 free_kb=14612692 sims_boxwide=2 attempt=1 src=8888e0326d09 ext=e200301e2bdd head=5e3e5425359cfd8d267510791ed0f403db83cfff
[16:21:54] LAUNCH clFZ_east_half_404 running=4 free_kb=13763276 sims_boxwide=3 attempt=1 src=8888e0326d09 ext=e200301e2bdd head=5e3e5425359cfd8d267510791ed0f403db83cfff
[16:22:07] LAUNCH clFZ_east_half_505 running=5 free_kb=12805404 sims_boxwide=4 attempt=1 src=8888e0326d09 ext=e200301e2bdd head=5e3e5425359cfd8d267510791ed0f403db83cfff
[16:22:13] .. alive runid=20260927-162109-1385 event_age=6s | wave=flip total=69 valid=0 running=5 pending=64 launched=5 failed=0 gaveup=0 forkfail=0 free_kb=12805404 sims_boxwide=4 last_event_age=0s last_event_epoch=1790518927
[16:22:20] LAUNCH clFZ_south_half_101 running=6 free_kb=11891820 sims_boxwide=5 attempt=1 src=8888e0326d09 ext=e200301e2bdd head=5e3e5425359cfd8d267510791ed0f403db83cfff
[16:22:34] LAUNCH clFZ_south_half_202 running=7 free_kb=11129168 sims_boxwide=6 attempt=1 src=8888e0326d09 ext=e200301e2bdd head=5e3e5425359cfd8d267510791ed0f403db83cfff
[16:22:47] LAUNCH clFZ_south_half_303 running=8 free_kb=10222252 sims_boxwide=7 attempt=1 src=8888e0326d09 ext=e200301e2bdd head=5e3e5425359cfd8d267510791ed0f403db83cfff
[16:23:00] LAUNCH clFZ_south_half_404 running=9 free_kb=9340172 sims_boxwide=8 attempt=1 src=8888e0326d09 ext=e200301e2bdd head=5e3e5425359cfd8d267510791ed0f403db83cfff
[16:23:14] .. alive runid=20260927-162109-1385 event_age=13s | wave=flip total=69 valid=0 running=9 pending=60 launched=9 failed=0 gaveup=0 forkfail=0 free_kb=8488428 sims_boxwide=9 last_event_age=13s last_event_epoch=1790518980
[16:23:14] LAUNCH clFZ_south_half_505 running=10 free_kb=8488428 sims_boxwide=9 attempt=1 src=8888e0326d09 ext=e200301e2bdd head=5e3e5425359cfd8d267510791ed0f403db83cfff
[16:23:27] LAUNCH clFZ_east_def_101 running=11 free_kb=7595356 sims_boxwide=10 attempt=1 src=8888e0326d09 ext=e200301e2bdd head=5e3e5425359cfd8d267510791ed0f403db83cfff
[16:23:40] LAUNCH clFZ_east_def_202 running=12 free_kb=6782776 sims_boxwide=11 attempt=1 src=8888e0326d09 ext=e200301e2bdd head=5e3e5425359cfd8d267510791ed0f403db83cfff
[16:24:14] .. alive runid=20260927-162109-1385 event_age=34s | wave=flip total=69 valid=0 running=12 pending=57 launched=12 failed=0 gaveup=0 forkfail=0 free_kb=6782776 sims_boxwide=11 last_event_age=0s last_event_epoch=1790519020
[16:25:14] .. alive runid=20260927-162109-1385 event_age=94s | wave=flip total=69 valid=0 running=12 pending=57 launched=12 failed=0 gaveup=0 forkfail=0 free_kb=6782776 sims_boxwide=11 last_event_age=0s last_event_epoch=1790519020
[16:26:14] .. alive runid=20260927-162109-1385 event_age=154s | wave=flip total=69 valid=0 running=12 pending=57 launched=12 failed=0 gaveup=0 forkfail=0 free_kb=6782776 sims_boxwide=11 last_event_age=0s last_event_epoch=1790519020
[16:27:14] .. alive runid=20260927-162109-1385 event_age=214s | wave=flip total=69 valid=0 running=12 pending=57 launched=12 failed=0 gaveup=0 forkfail=0 free_kb=6782776 sims_boxwide=11 last_event_age=0s last_event_epoch=1790519020
[16:28:14] .. alive runid=20260927-162109-1385 event_age=274s | wave=flip total=69 valid=0 running=12 pending=57 launched=12 failed=0 gaveup=0 forkfail=0 free_kb=6782776 sims_boxwide=11 last_event_age=0s last_event_epoch=1790519020
[16:29:14] .. alive runid=20260927-162109-1385 event_age=334s | wave=flip total=69 valid=0 running=12 pending=57 launched=12 failed=0 gaveup=0 forkfail=0 free_kb=6782776 sims_boxwide=11 last_event_age=0s last_event_epoch=1790519020
[16:30:14] .. alive runid=20260927-162109-1385 event_age=394s | wave=flip total=69 valid=0 running=12 pending=57 launched=12 failed=0 gaveup=0 forkfail=0 free_kb=6782776 sims_boxwide=11 last_event_age=0s last_event_epoch=1790519020
[16:31:07] DONE clFZ_south_half_505 rc=0 472s clFZ south/half seed=505 rescued=3 dead=1 unreachable=0 never_detected=0 ff_deaths=0 terminal=115 completions=3 recycles=3 removals=3 returns=3 wall=471s [valid 1/69] src=8888e0326d09 ext=e200301e2bdd head=5e3e5425359cfd8d267510791ed0f403db83cfff
[16:31:08] LAUNCH clFZ_east_def_303 running=12 free_kb=6530188 sims_boxwide=11 attempt=1 src=8888e0326d09 ext=e200301e2bdd head=5e3e5425359cfd8d267510791ed0f403db83cfff
[16:31:14] .. alive runid=20260927-162109-1385 event_age=6s | wave=flip total=69 valid=1 running=12 pending=56 launched=13 failed=0 gaveup=0 forkfail=0 free_kb=6530188 sims_boxwide=11 last_event_age=0s last_event_epoch=1790519468
[16:31:21] DONE clFZ_south_half_303 rc=0 513s clFZ south/half seed=303 rescued=4 dead=0 unreachable=0 never_detected=0 ff_deaths=0 terminal=115 completions=4 recycles=4 removals=4 returns=4 wall=503s [valid 2/69] src=8888e0326d09 ext=e200301e2bdd head=5e3e5425359cfd8d267510791ed0f403db83cfff
[16:31:22] LAUNCH clFD_east_half_101 running=12 free_kb=6542896 sims_boxwide=11 attempt=1 src=8888e0326d09 ext=e200301e2bdd head=5e3e5425359cfd8d267510791ed0f403db83cfff
[16:31:47] DONE clFZ_south_half_101 rc=0 566s clFZ south/half seed=101 rescued=2 dead=2 unreachable=0 never_detected=0 ff_deaths=1 terminal=129 completions=2 recycles=2 removals=2 returns=2 wall=564s [valid 3/69] src=8888e0326d09 ext=e200301e2bdd head=5e3e5425359cfd8d267510791ed0f403db83cfff
[16:31:48] LAUNCH clFD_east_half_202 running=12 free_kb=6588556 sims_boxwide=11 attempt=1 src=8888e0326d09 ext=e200301e2bdd head=5e3e5425359cfd8d267510791ed0f403db83cfff
[16:32:14] .. alive runid=20260927-162109-1385 event_age=26s | wave=flip total=69 valid=3 running=12 pending=54 launched=15 failed=0 gaveup=0 forkfail=0 free_kb=6588556 sims_boxwide=11 last_event_age=0s last_event_epoch=1790519508
[16:32:33] DONE clFZ_east_def_202 rc=0 532s clFZ east/default seed=202 rescued=3 dead=1 unreachable=0 never_detected=0 ff_deaths=0 terminal=172 completions=3 recycles=3 removals=3 returns=3 wall=530s [valid 4/69] src=8888e0326d09 ext=e200301e2bdd head=5e3e5425359cfd8d267510791ed0f403db83cfff
[16:32:34] LAUNCH clFD_east_half_303 running=12 free_kb=6561896 sims_boxwide=11 attempt=1 src=8888e0326d09 ext=e200301e2bdd head=5e3e5425359cfd8d267510791ed0f403db83cfff
[16:33:05] DONE clFZ_east_def_101 rc=0 578s clFZ east/default seed=101 rescued=4 dead=0 unreachable=0 never_detected=0 ff_deaths=0 terminal=288 completions=4 recycles=4 removals=4 returns=4 wall=576s [valid 5/69] src=8888e0326d09 ext=e200301e2bdd head=5e3e5425359cfd8d267510791ed0f403db83cfff
[16:33:07] LAUNCH clFD_east_half_404 running=12 free_kb=6597840 sims_boxwide=11 attempt=1 src=8888e0326d09 ext=e200301e2bdd head=5e3e5425359cfd8d267510791ed0f403db83cfff
[16:33:14] .. alive runid=20260927-162109-1385 event_age=7s | wave=flip total=69 valid=5 running=12 pending=52 launched=17 failed=0 gaveup=0 forkfail=0 free_kb=6597840 sims_boxwide=11 last_event_age=0s last_event_epoch=1790519587
[16:33:33] DONE clFZ_south_half_202 rc=0 658s clFZ south/half seed=202 rescued=4 dead=0 unreachable=0 never_detected=0 ff_deaths=0 terminal=235 completions=4 recycles=4 removals=4 returns=4 wall=657s [valid 6/69] src=8888e0326d09 ext=e200301e2bdd head=5e3e5425359cfd8d267510791ed0f403db83cfff
[16:33:34] LAUNCH clFD_east_half_505 running=12 free_kb=6551656 sims_boxwide=11 attempt=1 src=8888e0326d09 ext=e200301e2bdd head=5e3e5425359cfd8d267510791ed0f403db83cfff
[16:33:54] DONE clFZ_south_half_404 rc=0 654s clFZ south/half seed=404 rescued=2 dead=0 unreachable=0 never_detected=0 ff_deaths=1 terminal=None completions=2 recycles=2 removals=2 returns=2 wall=652s [valid 7/69] src=8888e0326d09 ext=e200301e2bdd head=5e3e5425359cfd8d267510791ed0f403db83cfff
[16:33:56] LAUNCH clFD_south_half_101 running=12 free_kb=6607848 sims_boxwide=11 attempt=1 src=8888e0326d09 ext=e200301e2bdd head=5e3e5425359cfd8d267510791ed0f403db83cfff
[16:34:14] .. alive runid=20260927-162109-1385 event_age=18s | wave=flip total=69 valid=7 running=12 pending=50 launched=19 failed=0 gaveup=0 forkfail=0 free_kb=6607848 sims_boxwide=11 last_event_age=0s last_event_epoch=1790519636
[16:34:58] DONE clFZ_east_half_202 rc=0 809s clFZ east/half seed=202 rescued=3 dead=1 unreachable=0 never_detected=0 ff_deaths=0 terminal=93 completions=3 recycles=3 removals=3 returns=3 wall=808s [valid 8/69] src=8888e0326d09 ext=e200301e2bdd head=5e3e5425359cfd8d267510791ed0f403db83cfff
[16:34:59] LAUNCH clFD_south_half_202 running=12 free_kb=6560708 sims_boxwide=11 attempt=1 src=8888e0326d09 ext=e200301e2bdd head=5e3e5425359cfd8d267510791ed0f403db83cfff
[16:35:15] .. alive runid=20260927-162109-1385 event_age=16s | wave=flip total=69 valid=8 running=12 pending=49 launched=20 failed=0 gaveup=0 forkfail=0 free_kb=6560708 sims_boxwide=11 last_event_age=0s last_event_epoch=1790519699
[16:35:25] DONE clFZ_east_half_505 rc=0 797s clFZ east/half seed=505 rescued=3 dead=1 unreachable=0 never_detected=0 ff_deaths=0 terminal=94 completions=3 recycles=3 removals=3 returns=3 wall=796s [valid 9/69] src=8888e0326d09 ext=e200301e2bdd head=5e3e5425359cfd8d267510791ed0f403db83cfff
[16:35:26] LAUNCH clFD_south_half_303 running=12 free_kb=6656152 sims_boxwide=11 attempt=1 src=8888e0326d09 ext=e200301e2bdd head=5e3e5425359cfd8d267510791ed0f403db83cfff
[16:36:15] .. alive runid=20260927-162109-1385 event_age=49s | wave=flip total=69 valid=9 running=12 pending=48 launched=21 failed=0 gaveup=0 forkfail=0 free_kb=6656152 sims_boxwide=11 last_event_age=0s last_event_epoch=1790519726
[16:37:08] DONE clFZ_east_half_303 rc=0 926s clFZ east/half seed=303 rescued=3 dead=1 unreachable=0 never_detected=0 ff_deaths=0 terminal=121 completions=3 recycles=3 removals=3 returns=3 wall=925s [valid 10/69] src=8888e0326d09 ext=e200301e2bdd head=5e3e5425359cfd8d267510791ed0f403db83cfff
[16:37:09] LAUNCH clFD_south_half_404 running=12 free_kb=6577216 sims_boxwide=11 attempt=1 src=8888e0326d09 ext=e200301e2bdd head=5e3e5425359cfd8d267510791ed0f403db83cfff
[16:37:15] .. alive runid=20260927-162109-1385 event_age=6s | wave=flip total=69 valid=10 running=12 pending=47 launched=22 failed=0 gaveup=0 forkfail=0 free_kb=6577216 sims_boxwide=11 last_event_age=0s last_event_epoch=1790519829
[16:37:22] DONE clFZ_east_half_101 rc=0 967s clFZ east/half seed=101 rescued=3 dead=1 unreachable=0 never_detected=0 ff_deaths=1 terminal=135 completions=3 recycles=3 removals=3 returns=3 wall=955s [valid 11/69] src=8888e0326d09 ext=e200301e2bdd head=5e3e5425359cfd8d267510791ed0f403db83cfff
[16:37:23] LAUNCH clFD_south_half_505 running=12 free_kb=6691504 sims_boxwide=11 attempt=1 src=8888e0326d09 ext=e200301e2bdd head=5e3e5425359cfd8d267510791ed0f403db83cfff
[16:38:15] .. alive runid=20260927-162109-1385 event_age=52s | wave=flip total=69 valid=11 running=12 pending=46 launched=23 failed=0 gaveup=0 forkfail=0 free_kb=6691504 sims_boxwide=11 last_event_age=0s last_event_epoch=1790519843
[16:39:15] .. alive runid=20260927-162109-1385 event_age=112s | wave=flip total=69 valid=11 running=12 pending=46 launched=23 failed=0 gaveup=0 forkfail=0 free_kb=6691504 sims_boxwide=11 last_event_age=0s last_event_epoch=1790519843
[16:39:19] DONE clFZ_east_def_303 rc=0 490s clFZ east/default seed=303 rescued=3 dead=1 unreachable=0 never_detected=0 ff_deaths=0 terminal=137 completions=3 recycles=3 removals=3 returns=3 wall=488s [valid 12/69] src=8888e0326d09 ext=e200301e2bdd head=5e3e5425359cfd8d267510791ed0f403db83cfff
[16:39:20] LAUNCH clFD_east_def_101 running=12 free_kb=6591520 sims_boxwide=11 attempt=1 src=8888e0326d09 ext=e200301e2bdd head=5e3e5425359cfd8d267510791ed0f403db83cfff
[16:40:15] .. alive runid=20260927-162109-1385 event_age=55s | wave=flip total=69 valid=12 running=12 pending=45 launched=24 failed=0 gaveup=0 forkfail=0 free_kb=6591520 sims_boxwide=11 last_event_age=0s last_event_epoch=1790519960
[16:41:15] .. alive runid=20260927-162109-1385 event_age=115s | wave=flip total=69 valid=12 running=12 pending=45 launched=24 failed=0 gaveup=0 forkfail=0 free_kb=6591520 sims_boxwide=11 last_event_age=0s last_event_epoch=1790519960
[16:42:15] .. alive runid=20260927-162109-1385 event_age=175s | wave=flip total=69 valid=12 running=12 pending=45 launched=24 failed=0 gaveup=0 forkfail=0 free_kb=6591520 sims_boxwide=11 last_event_age=0s last_event_epoch=1790519960
[16:43:15] .. alive runid=20260927-162109-1385 event_age=235s | wave=flip total=69 valid=12 running=12 pending=45 launched=24 failed=0 gaveup=0 forkfail=0 free_kb=6591520 sims_boxwide=11 last_event_age=0s last_event_epoch=1790519960
[16:43:29] DONE clFD_south_half_101 rc=0 573s clFD south/half seed=101 rescued=2 dead=2 unreachable=0 never_detected=0 ff_deaths=1 terminal=129 completions=2 recycles=2 removals=2 returns=2 wall=571s [valid 13/69] src=8888e0326d09 ext=e200301e2bdd head=5e3e5425359cfd8d267510791ed0f403db83cfff
[16:43:31] LAUNCH clFD_east_def_202 running=12 free_kb=6425812 sims_boxwide=11 attempt=1 src=8888e0326d09 ext=e200301e2bdd head=5e3e5425359cfd8d267510791ed0f403db83cfff
[16:43:54] DONE clFD_south_half_303 rc=0 508s clFD south/half seed=303 rescued=4 dead=0 unreachable=0 never_detected=0 ff_deaths=0 terminal=115 completions=4 recycles=4 removals=4 returns=4 wall=506s [valid 14/69] src=8888e0326d09 ext=e200301e2bdd head=5e3e5425359cfd8d267510791ed0f403db83cfff
[16:43:56] LAUNCH clFD_east_def_303 running=12 free_kb=6543916 sims_boxwide=11 attempt=1 src=8888e0326d09 ext=e200301e2bdd head=5e3e5425359cfd8d267510791ed0f403db83cfff
[16:44:15] .. alive runid=20260927-162109-1385 event_age=19s | wave=flip total=69 valid=14 running=12 pending=43 launched=26 failed=0 gaveup=0 forkfail=0 free_kb=6543916 sims_boxwide=11 last_event_age=0s last_event_epoch=1790520236
[16:45:16] .. alive runid=20260927-162109-1385 event_age=79s | wave=flip total=69 valid=14 running=12 pending=43 launched=26 failed=0 gaveup=0 forkfail=0 free_kb=6543916 sims_boxwide=11 last_event_age=0s last_event_epoch=1790520236
[16:45:18] DONE clFD_south_half_505 rc=0 474s clFD south/half seed=505 rescued=3 dead=1 unreachable=0 never_detected=0 ff_deaths=0 terminal=115 completions=3 recycles=3 removals=3 returns=3 wall=472s [valid 15/69] src=8888e0326d09 ext=e200301e2bdd head=5e3e5425359cfd8d267510791ed0f403db83cfff
[16:45:19] LAUNCH clFD_east_half_2070841104 running=12 free_kb=6482104 sims_boxwide=11 attempt=1 src=8888e0326d09 ext=e200301e2bdd head=5e3e5425359cfd8d267510791ed0f403db83cfff
[16:46:06] DONE clFD_south_half_202 rc=0 666s clFD south/half seed=202 rescued=4 dead=0 unreachable=0 never_detected=0 ff_deaths=0 terminal=235 completions=4 recycles=4 removals=4 returns=4 wall=664s [valid 16/69] src=8888e0326d09 ext=e200301e2bdd head=5e3e5425359cfd8d267510791ed0f403db83cfff
[16:46:07] LAUNCH clFD_east_half_1147610331 running=12 free_kb=6561448 sims_boxwide=11 attempt=1 src=8888e0326d09 ext=e200301e2bdd head=5e3e5425359cfd8d267510791ed0f403db83cfff
[16:46:16] .. alive runid=20260927-162109-1385 event_age=9s | wave=flip total=69 valid=16 running=12 pending=41 launched=28 failed=0 gaveup=0 forkfail=0 free_kb=6561448 sims_boxwide=11 last_event_age=0s last_event_epoch=1790520367
[16:46:20] DONE clFD_east_half_202 rc=0 871s clFD east/half seed=202 rescued=3 dead=1 unreachable=0 never_detected=0 ff_deaths=0 terminal=93 completions=3 recycles=3 removals=3 returns=3 wall=860s [valid 17/69] src=8888e0326d09 ext=e200301e2bdd head=5e3e5425359cfd8d267510791ed0f403db83cfff
[16:46:21] LAUNCH clFD_east_half_1291443119 running=12 free_kb=6584936 sims_boxwide=11 attempt=1 src=8888e0326d09 ext=e200301e2bdd head=5e3e5425359cfd8d267510791ed0f403db83cfff
[16:46:55] DONE clFD_east_half_101 rc=0 932s clFD east/half seed=101 rescued=4 dead=0 unreachable=0 never_detected=0 ff_deaths=0 terminal=115 completions=4 recycles=4 removals=4 returns=4 wall=930s [valid 18/69] src=8888e0326d09 ext=e200301e2bdd head=5e3e5425359cfd8d267510791ed0f403db83cfff
[16:46:56] LAUNCH clFD_east_half_1433805104 running=12 free_kb=6578100 sims_boxwide=11 attempt=1 src=8888e0326d09 ext=e200301e2bdd head=5e3e5425359cfd8d267510791ed0f403db83cfff
[16:47:09] DONE clFD_east_half_505 rc=0 814s clFD east/half seed=505 rescued=3 dead=1 unreachable=0 never_detected=0 ff_deaths=0 terminal=94 completions=3 recycles=3 removals=3 returns=3 wall=804s [valid 19/69] src=8888e0326d09 ext=e200301e2bdd head=5e3e5425359cfd8d267510791ed0f403db83cfff
[16:47:10] LAUNCH clFD_east_half_1636723358 running=12 free_kb=6666280 sims_boxwide=11 attempt=1 src=8888e0326d09 ext=e200301e2bdd head=5e3e5425359cfd8d267510791ed0f403db83cfff
[16:47:16] .. alive runid=20260927-162109-1385 event_age=6s | wave=flip total=69 valid=19 running=12 pending=38 launched=31 failed=0 gaveup=0 forkfail=0 free_kb=6666280 sims_boxwide=11 last_event_age=0s last_event_epoch=1790520430
[16:47:51] DONE clFZ_east_half_404 rc=0 1556s clFZ east/half seed=404 rescued=4 dead=0 unreachable=0 never_detected=0 ff_deaths=1 terminal=291 completions=4 recycles=4 removals=4 returns=4 wall=1554s [valid 20/69] src=8888e0326d09 ext=e200301e2bdd head=5e3e5425359cfd8d267510791ed0f403db83cfff
[16:47:52] LAUNCH clFD_east_half_1252362635 running=12 free_kb=6655044 sims_boxwide=11 attempt=1 src=8888e0326d09 ext=e200301e2bdd head=5e3e5425359cfd8d267510791ed0f403db83cfff
[16:48:05] DONE clFD_east_half_303 rc=0 930s clFD east/half seed=303 rescued=3 dead=1 unreachable=0 never_detected=0 ff_deaths=0 terminal=121 completions=3 recycles=3 removals=3 returns=3 wall=917s [valid 21/69] src=8888e0326d09 ext=e200301e2bdd head=5e3e5425359cfd8d267510791ed0f403db83cfff
[16:48:06] LAUNCH clFD_east_half_294124329 running=12 free_kb=6719452 sims_boxwide=11 attempt=1 src=8888e0326d09 ext=e200301e2bdd head=5e3e5425359cfd8d267510791ed0f403db83cfff
[16:48:16] .. alive runid=20260927-162109-1385 event_age=10s | wave=flip total=69 valid=21 running=12 pending=36 launched=33 failed=0 gaveup=0 forkfail=0 free_kb=6719452 sims_boxwide=11 last_event_age=0s last_event_epoch=1790520486
[16:48:19] DONE clFD_south_half_404 rc=0 669s clFD south/half seed=404 rescued=2 dead=0 unreachable=0 never_detected=0 ff_deaths=1 terminal=None completions=2 recycles=2 removals=2 returns=2 wall=659s [valid 22/69] src=8888e0326d09 ext=e200301e2bdd head=5e3e5425359cfd8d267510791ed0f403db83cfff
[16:48:20] LAUNCH clFD_east_half_1723100518 running=12 free_kb=6712308 sims_boxwide=11 attempt=1 src=8888e0326d09 ext=e200301e2bdd head=5e3e5425359cfd8d267510791ed0f403db83cfff
[16:48:58] DONE clFD_east_def_101 rc=0 578s clFD east/default seed=101 rescued=4 dead=0 unreachable=0 never_detected=0 ff_deaths=0 terminal=288 completions=4 recycles=4 removals=4 returns=4 wall=576s [valid 23/69] src=8888e0326d09 ext=e200301e2bdd head=5e3e5425359cfd8d267510791ed0f403db83cfff
[16:49:00] LAUNCH clFD_east_half_1532569567 running=12 free_kb=6722032 sims_boxwide=11 attempt=1 src=8888e0326d09 ext=e200301e2bdd head=5e3e5425359cfd8d267510791ed0f403db83cfff
[16:49:16] .. alive runid=20260927-162109-1385 event_age=16s | wave=flip total=69 valid=23 running=12 pending=34 launched=35 failed=0 gaveup=0 forkfail=0 free_kb=6722032 sims_boxwide=11 last_event_age=0s last_event_epoch=1790520540
[16:50:16] .. alive runid=20260927-162109-1385 event_age=76s | wave=flip total=69 valid=23 running=12 pending=34 launched=35 failed=0 gaveup=0 forkfail=0 free_kb=6722032 sims_boxwide=11 last_event_age=0s last_event_epoch=1790520540
[16:51:16] .. alive runid=20260927-162109-1385 event_age=136s | wave=flip total=69 valid=23 running=12 pending=34 launched=35 failed=0 gaveup=0 forkfail=0 free_kb=6722032 sims_boxwide=11 last_event_age=0s last_event_epoch=1790520540
[16:52:10] DONE clFD_east_def_303 rc=0 493s clFD east/default seed=303 rescued=3 dead=1 unreachable=0 never_detected=0 ff_deaths=0 terminal=137 completions=3 recycles=3 removals=3 returns=3 wall=491s [valid 24/69] src=8888e0326d09 ext=e200301e2bdd head=5e3e5425359cfd8d267510791ed0f403db83cfff
[16:52:11] LAUNCH clFD_east_half_498896028 running=12 free_kb=6662612 sims_boxwide=11 attempt=1 src=8888e0326d09 ext=e200301e2bdd head=5e3e5425359cfd8d267510791ed0f403db83cfff
[16:52:16] .. alive runid=20260927-162109-1385 event_age=5s | wave=flip total=69 valid=24 running=12 pending=33 launched=36 failed=0 gaveup=0 forkfail=0 free_kb=6662612 sims_boxwide=11 last_event_age=0s last_event_epoch=1790520731
[16:52:28] DONE clFD_east_def_202 rc=0 537s clFD east/default seed=202 rescued=3 dead=1 unreachable=0 never_detected=0 ff_deaths=0 terminal=172 completions=3 recycles=3 removals=3 returns=3 wall=535s [valid 25/69] src=8888e0326d09 ext=e200301e2bdd head=5e3e5425359cfd8d267510791ed0f403db83cfff
[16:52:30] LAUNCH clFD_east_half_1401495347 running=12 free_kb=6695040 sims_boxwide=11 attempt=1 src=8888e0326d09 ext=e200301e2bdd head=5e3e5425359cfd8d267510791ed0f403db83cfff
[16:53:16] .. alive runid=20260927-162109-1385 event_age=46s | wave=flip total=69 valid=25 running=12 pending=32 launched=37 failed=0 gaveup=0 forkfail=0 free_kb=6695040 sims_boxwide=11 last_event_age=0s last_event_epoch=1790520750
[16:54:16] .. alive runid=20260927-162109-1385 event_age=106s | wave=flip total=69 valid=25 running=12 pending=32 launched=37 failed=0 gaveup=0 forkfail=0 free_kb=6695040 sims_boxwide=11 last_event_age=0s last_event_epoch=1790520750
[16:55:16] .. alive runid=20260927-162109-1385 event_age=166s | wave=flip total=69 valid=25 running=12 pending=32 launched=37 failed=0 gaveup=0 forkfail=0 free_kb=6695040 sims_boxwide=11 last_event_age=0s last_event_epoch=1790520750
[16:56:17] .. alive runid=20260927-162109-1385 event_age=226s | wave=flip total=69 valid=25 running=12 pending=32 launched=37 failed=0 gaveup=0 forkfail=0 free_kb=6695040 sims_boxwide=11 last_event_age=0s last_event_epoch=1790520750
[16:57:17] .. alive runid=20260927-162109-1385 event_age=287s | wave=flip total=69 valid=25 running=12 pending=32 launched=37 failed=0 gaveup=0 forkfail=0 free_kb=6695040 sims_boxwide=11 last_event_age=0s last_event_epoch=1790520750
[16:58:17] .. alive runid=20260927-162109-1385 event_age=347s | wave=flip total=69 valid=25 running=12 pending=32 launched=37 failed=0 gaveup=0 forkfail=0 free_kb=6695040 sims_boxwide=11 last_event_age=0s last_event_epoch=1790520750
[16:59:17] .. alive runid=20260927-162109-1385 event_age=407s | wave=flip total=69 valid=25 running=12 pending=32 launched=37 failed=0 gaveup=0 forkfail=0 free_kb=6695040 sims_boxwide=11 last_event_age=0s last_event_epoch=1790520750
[16:59:17] DONE clFD_east_half_404 rc=0 1570s clFD east/half seed=404 rescued=4 dead=0 unreachable=0 never_detected=0 ff_deaths=1 terminal=291 completions=4 recycles=4 removals=4 returns=4 wall=1568s [valid 26/69] src=8888e0326d09 ext=e200301e2bdd head=5e3e5425359cfd8d267510791ed0f403db83cfff
[16:59:19] LAUNCH clFD_east_half_133894353 running=12 free_kb=6586080 sims_boxwide=11 attempt=1 src=8888e0326d09 ext=e200301e2bdd head=5e3e5425359cfd8d267510791ed0f403db83cfff
[17:00:02] DONE clFD_east_half_1147610331 rc=0 834s clFD east/half seed=1147610331 rescued=2 dead=2 unreachable=0 never_detected=0 ff_deaths=0 terminal=93 completions=2 recycles=2 removals=2 returns=2 wall=832s [valid 27/69] src=8888e0326d09 ext=e200301e2bdd head=5e3e5425359cfd8d267510791ed0f403db83cfff
[17:00:03] LAUNCH clFD_east_half_1788979460 running=12 free_kb=6414668 sims_boxwide=11 attempt=1 src=8888e0326d09 ext=e200301e2bdd head=5e3e5425359cfd8d267510791ed0f403db83cfff
[17:00:17] .. alive runid=20260927-162109-1385 event_age=14s | wave=flip total=69 valid=27 running=12 pending=30 launched=39 failed=0 gaveup=0 forkfail=0 free_kb=6414668 sims_boxwide=11 last_event_age=0s last_event_epoch=1790521203
[17:01:17] .. alive runid=20260927-162109-1385 event_age=74s | wave=flip total=69 valid=27 running=12 pending=30 launched=39 failed=0 gaveup=0 forkfail=0 free_kb=6414668 sims_boxwide=11 last_event_age=0s last_event_epoch=1790521203
[17:01:22] DONE clFD_east_half_1723100518 rc=0 782s clFD east/half seed=1723100518 rescued=2 dead=2 unreachable=0 never_detected=0 ff_deaths=0 terminal=96 completions=2 recycles=2 removals=2 returns=2 wall=780s [valid 28/69] src=8888e0326d09 ext=e200301e2bdd head=5e3e5425359cfd8d267510791ed0f403db83cfff
[17:01:24] LAUNCH clFD_south_half_1486866530 running=12 free_kb=6547896 sims_boxwide=11 attempt=1 src=8888e0326d09 ext=e200301e2bdd head=5e3e5425359cfd8d267510791ed0f403db83cfff
[17:01:36] DONE clFD_east_half_2070841104 rc=0 977s clFD east/half seed=2070841104 rescued=4 dead=0 unreachable=0 never_detected=0 ff_deaths=0 terminal=122 completions=4 recycles=4 removals=4 returns=4 wall=970s [valid 29/69] src=8888e0326d09 ext=e200301e2bdd head=5e3e5425359cfd8d267510791ed0f403db83cfff
[17:01:37] DONE clFD_east_half_1636723358 rc=0 866s clFD east/half seed=1636723358 rescued=3 dead=1 unreachable=0 never_detected=0 ff_deaths=0 terminal=105 completions=3 recycles=3 removals=3 returns=3 wall=851s [valid 30/69] src=8888e0326d09 ext=e200301e2bdd head=5e3e5425359cfd8d267510791ed0f403db83cfff
[17:01:38] LAUNCH clFD_south_half_536769381 running=11 free_kb=7447788 sims_boxwide=10 attempt=1 src=8888e0326d09 ext=e200301e2bdd head=5e3e5425359cfd8d267510791ed0f403db83cfff
[17:01:52] LAUNCH clFD_south_half_791464433 running=12 free_kb=6584508 sims_boxwide=11 attempt=1 src=8888e0326d09 ext=e200301e2bdd head=5e3e5425359cfd8d267510791ed0f403db83cfff
[17:02:17] .. alive runid=20260927-162109-1385 event_age=25s | wave=flip total=69 valid=30 running=12 pending=27 launched=42 failed=0 gaveup=0 forkfail=0 free_kb=6584508 sims_boxwide=11 last_event_age=0s last_event_epoch=1790521312
[17:02:58] DONE clFD_east_half_1291443119 rc=0 997s clFD east/half seed=1291443119 rescued=4 dead=0 unreachable=0 never_detected=0 ff_deaths=0 terminal=126 completions=4 recycles=4 removals=4 returns=4 wall=995s [valid 31/69] src=8888e0326d09 ext=e200301e2bdd head=5e3e5425359cfd8d267510791ed0f403db83cfff
[17:03:00] LAUNCH clFD_south_half_706299103 running=12 free_kb=6592876 sims_boxwide=11 attempt=1 src=8888e0326d09 ext=e200301e2bdd head=5e3e5425359cfd8d267510791ed0f403db83cfff
[17:03:12] DONE clFD_east_half_294124329 rc=0 906s clFD east/half seed=294124329 rescued=4 dead=0 unreachable=0 never_detected=0 ff_deaths=0 terminal=126 completions=4 recycles=4 removals=4 returns=4 wall=899s [valid 32/69] src=8888e0326d09 ext=e200301e2bdd head=5e3e5425359cfd8d267510791ed0f403db83cfff
[17:03:14] LAUNCH clFD_south_half_1364948962 running=12 free_kb=6645988 sims_boxwide=11 attempt=1 src=8888e0326d09 ext=e200301e2bdd head=5e3e5425359cfd8d267510791ed0f403db83cfff
[17:03:17] .. alive runid=20260927-162109-1385 event_age=3s | wave=flip total=69 valid=32 running=12 pending=25 launched=44 failed=0 gaveup=0 forkfail=0 free_kb=6645988 sims_boxwide=11 last_event_age=0s last_event_epoch=1790521394
[17:04:17] .. alive runid=20260927-162109-1385 event_age=63s | wave=flip total=69 valid=32 running=12 pending=25 launched=44 failed=0 gaveup=0 forkfail=0 free_kb=6645988 sims_boxwide=11 last_event_age=0s last_event_epoch=1790521394
[17:05:17] .. alive runid=20260927-162109-1385 event_age=123s | wave=flip total=69 valid=32 running=12 pending=25 launched=44 failed=0 gaveup=0 forkfail=0 free_kb=6645988 sims_boxwide=11 last_event_age=0s last_event_epoch=1790521394
[17:06:17] .. alive runid=20260927-162109-1385 event_age=183s | wave=flip total=69 valid=32 running=12 pending=25 launched=44 failed=0 gaveup=0 forkfail=0 free_kb=6645988 sims_boxwide=11 last_event_age=0s last_event_epoch=1790521394
[17:07:17] .. alive runid=20260927-162109-1385 event_age=243s | wave=flip total=69 valid=32 running=12 pending=25 launched=44 failed=0 gaveup=0 forkfail=0 free_kb=6645988 sims_boxwide=11 last_event_age=0s last_event_epoch=1790521394
[17:07:34] DONE clFD_east_half_1433805104 rc=0 1238s clFD east/half seed=1433805104 rescued=4 dead=0 unreachable=0 never_detected=0 ff_deaths=0 terminal=217 completions=4 recycles=4 removals=4 returns=4 wall=1236s [valid 33/69] src=8888e0326d09 ext=e200301e2bdd head=5e3e5425359cfd8d267510791ed0f403db83cfff
[17:07:36] LAUNCH clFD_south_half_937041678 running=12 free_kb=6562272 sims_boxwide=11 attempt=1 src=8888e0326d09 ext=e200301e2bdd head=5e3e5425359cfd8d267510791ed0f403db83cfff
[17:08:18] .. alive runid=20260927-162109-1385 event_age=42s | wave=flip total=69 valid=33 running=12 pending=24 launched=45 failed=0 gaveup=0 forkfail=0 free_kb=6562272 sims_boxwide=11 last_event_age=0s last_event_epoch=1790521656
[17:08:22] DONE clFD_east_half_1532569567 rc=0 1161s clFD east/half seed=1532569567 rescued=3 dead=0 unreachable=1 never_detected=0 ff_deaths=1 terminal=215 completions=3 recycles=3 removals=3 returns=3 wall=1160s [valid 34/69] src=8888e0326d09 ext=e200301e2bdd head=5e3e5425359cfd8d267510791ed0f403db83cfff
[17:08:23] LAUNCH clFD_south_half_954838929 running=12 free_kb=6558192 sims_boxwide=11 attempt=1 src=8888e0326d09 ext=e200301e2bdd head=5e3e5425359cfd8d267510791ed0f403db83cfff
[17:09:03] DONE clFD_south_half_1364948962 rc=0 348s clFD south/half seed=1364948962 rescued=4 dead=0 unreachable=0 never_detected=0 ff_deaths=0 terminal=140 completions=4 recycles=4 removals=4 returns=4 wall=347s [valid 35/69] src=8888e0326d09 ext=e200301e2bdd head=5e3e5425359cfd8d267510791ed0f403db83cfff
[17:09:04] LAUNCH clFD_south_half_139925734 running=12 free_kb=6555560 sims_boxwide=11 attempt=1 src=8888e0326d09 ext=e200301e2bdd head=5e3e5425359cfd8d267510791ed0f403db83cfff
[17:09:18] .. alive runid=20260927-162109-1385 event_age=14s | wave=flip total=69 valid=35 running=12 pending=22 launched=47 failed=0 gaveup=0 forkfail=0 free_kb=6555560 sims_boxwide=11 last_event_age=0s last_event_epoch=1790521744
[17:09:35] DONE clFD_east_half_1401495347 rc=0 1024s clFD east/half seed=1401495347 rescued=3 dead=1 unreachable=0 never_detected=0 ff_deaths=0 terminal=180 completions=3 recycles=3 removals=3 returns=3 wall=1023s [valid 36/69] src=8888e0326d09 ext=e200301e2bdd head=5e3e5425359cfd8d267510791ed0f403db83cfff
[17:09:36] LAUNCH clFD_south_half_1624156665 running=12 free_kb=6514296 sims_boxwide=11 attempt=1 src=8888e0326d09 ext=e200301e2bdd head=5e3e5425359cfd8d267510791ed0f403db83cfff
[17:10:10] DONE clFD_south_half_536769381 rc=0 512s clFD south/half seed=536769381 rescued=4 dead=0 unreachable=0 never_detected=0 ff_deaths=0 terminal=118 completions=4 recycles=4 removals=4 returns=4 wall=510s [valid 37/69] src=8888e0326d09 ext=e200301e2bdd head=5e3e5425359cfd8d267510791ed0f403db83cfff
[17:10:12] LAUNCH clFD_south_half_285242396 running=12 free_kb=6563516 sims_boxwide=11 attempt=1 src=8888e0326d09 ext=e200301e2bdd head=5e3e5425359cfd8d267510791ed0f403db83cfff
[17:10:18] .. alive runid=20260927-162109-1385 event_age=6s | wave=flip total=69 valid=37 running=12 pending=20 launched=49 failed=0 gaveup=0 forkfail=0 free_kb=6563516 sims_boxwide=11 last_event_age=0s last_event_epoch=1790521812
[17:11:18] .. alive runid=20260927-162109-1385 event_age=66s | wave=flip total=69 valid=37 running=12 pending=20 launched=49 failed=0 gaveup=0 forkfail=0 free_kb=6563516 sims_boxwide=11 last_event_age=0s last_event_epoch=1790521812
[17:12:09] DONE clFD_south_half_706299103 rc=0 549s clFD south/half seed=706299103 rescued=3 dead=0 unreachable=1 never_detected=0 ff_deaths=2 terminal=185 completions=3 recycles=3 removals=3 returns=3 wall=548s [valid 38/69] src=8888e0326d09 ext=e200301e2bdd head=5e3e5425359cfd8d267510791ed0f403db83cfff
[17:12:11] LAUNCH clFD_south_half_573250932 running=12 free_kb=6576156 sims_boxwide=11 attempt=1 src=8888e0326d09 ext=e200301e2bdd head=5e3e5425359cfd8d267510791ed0f403db83cfff
[17:12:18] .. alive runid=20260927-162109-1385 event_age=7s | wave=flip total=69 valid=38 running=12 pending=19 launched=50 failed=0 gaveup=0 forkfail=0 free_kb=6576156 sims_boxwide=11 last_event_age=0s last_event_epoch=1790521931
[17:12:41] DONE clFD_south_half_1486866530 rc=0 677s clFD south/half seed=1486866530 rescued=3 dead=0 unreachable=1 never_detected=1 ff_deaths=0 terminal=210 completions=3 recycles=3 removals=3 returns=3 wall=675s [valid 39/69] src=8888e0326d09 ext=e200301e2bdd head=5e3e5425359cfd8d267510791ed0f403db83cfff
[17:12:43] LAUNCH clFD_south_half_1048395951 running=12 free_kb=6569028 sims_boxwide=11 attempt=1 src=8888e0326d09 ext=e200301e2bdd head=5e3e5425359cfd8d267510791ed0f403db83cfff
[17:12:55] DONE clFD_east_half_1252362635 rc=0 1503s clFD east/half seed=1252362635 rescued=4 dead=0 unreachable=0 never_detected=0 ff_deaths=0 terminal=259 completions=4 recycles=4 removals=4 returns=4 wall=1493s [valid 40/69] src=8888e0326d09 ext=e200301e2bdd head=5e3e5425359cfd8d267510791ed0f403db83cfff
[17:12:57] LAUNCH clFD_south_half_903347495 running=12 free_kb=6581352 sims_boxwide=11 attempt=1 src=8888e0326d09 ext=e200301e2bdd head=5e3e5425359cfd8d267510791ed0f403db83cfff
[17:13:09] DONE clFD_south_half_791464433 rc=0 677s clFD south/half seed=791464433 rescued=4 dead=0 unreachable=0 never_detected=0 ff_deaths=0 terminal=180 completions=4 recycles=4 removals=4 returns=4 wall=669s [valid 41/69] src=8888e0326d09 ext=e200301e2bdd head=5e3e5425359cfd8d267510791ed0f403db83cfff
[17:13:11] LAUNCH clFD_east_def_2038269169 running=12 free_kb=6640960 sims_boxwide=11 attempt=1 src=8888e0326d09 ext=e200301e2bdd head=5e3e5425359cfd8d267510791ed0f403db83cfff
[17:13:18] .. alive runid=20260927-162109-1385 event_age=7s | wave=flip total=69 valid=41 running=12 pending=16 launched=53 failed=0 gaveup=0 forkfail=0 free_kb=6640960 sims_boxwide=11 last_event_age=0s last_event_epoch=1790521991
[17:14:18] .. alive runid=20260927-162109-1385 event_age=67s | wave=flip total=69 valid=41 running=12 pending=16 launched=53 failed=0 gaveup=0 forkfail=0 free_kb=6640960 sims_boxwide=11 last_event_age=0s last_event_epoch=1790521991
[17:15:18] .. alive runid=20260927-162109-1385 event_age=127s | wave=flip total=69 valid=41 running=12 pending=16 launched=53 failed=0 gaveup=0 forkfail=0 free_kb=6640960 sims_boxwide=11 last_event_age=0s last_event_epoch=1790521991
[17:16:18] .. alive runid=20260927-162109-1385 event_age=187s | wave=flip total=69 valid=41 running=12 pending=16 launched=53 failed=0 gaveup=0 forkfail=0 free_kb=6640960 sims_boxwide=11 last_event_age=0s last_event_epoch=1790521991
[17:17:02] DONE clFD_east_half_498896028 rc=0 1491s clFD east/half seed=498896028 rescued=4 dead=0 unreachable=0 never_detected=0 ff_deaths=0 terminal=254 completions=4 recycles=4 removals=4 returns=4 wall=1489s [valid 42/69] src=8888e0326d09 ext=e200301e2bdd head=5e3e5425359cfd8d267510791ed0f403db83cfff
[17:17:04] LAUNCH clFD_east_def_1749069988 running=12 free_kb=6468520 sims_boxwide=11 attempt=1 src=8888e0326d09 ext=e200301e2bdd head=5e3e5425359cfd8d267510791ed0f403db83cfff
[17:17:18] .. alive runid=20260927-162109-1385 event_age=14s | wave=flip total=69 valid=42 running=12 pending=15 launched=54 failed=0 gaveup=0 forkfail=0 free_kb=6468520 sims_boxwide=11 last_event_age=0s last_event_epoch=1790522224
[17:17:42] DONE clFD_south_half_937041678 rc=0 605s clFD south/half seed=937041678 rescued=4 dead=0 unreachable=0 never_detected=0 ff_deaths=1 terminal=203 completions=4 recycles=4 removals=4 returns=4 wall=604s [valid 43/69] src=8888e0326d09 ext=e200301e2bdd head=5e3e5425359cfd8d267510791ed0f403db83cfff
[17:17:44] LAUNCH clFD_east_def_1420331661 running=12 free_kb=6485116 sims_boxwide=11 attempt=1 src=8888e0326d09 ext=e200301e2bdd head=5e3e5425359cfd8d267510791ed0f403db83cfff
[17:17:56] DONE clFD_south_half_1624156665 rc=0 500s clFD south/half seed=1624156665 rescued=4 dead=0 unreachable=0 never_detected=0 ff_deaths=0 terminal=192 completions=4 recycles=4 removals=4 returns=4 wall=491s [valid 44/69] src=8888e0326d09 ext=e200301e2bdd head=5e3e5425359cfd8d267510791ed0f403db83cfff
[17:17:58] LAUNCH clFD_east_def_1480870832 running=12 free_kb=6498312 sims_boxwide=11 attempt=1 src=8888e0326d09 ext=e200301e2bdd head=5e3e5425359cfd8d267510791ed0f403db83cfff
[17:18:19] .. alive runid=20260927-162109-1385 event_age=21s | wave=flip total=69 valid=44 running=12 pending=13 launched=56 failed=0 gaveup=0 forkfail=0 free_kb=6498312 sims_boxwide=11 last_event_age=0s last_event_epoch=1790522278
[17:18:24] DONE clFD_south_half_954838929 rc=0 600s clFD south/half seed=954838929 rescued=3 dead=1 unreachable=0 never_detected=0 ff_deaths=0 terminal=106 completions=3 recycles=3 removals=3 returns=3 wall=598s [valid 45/69] src=8888e0326d09 ext=e200301e2bdd head=5e3e5425359cfd8d267510791ed0f403db83cfff
[17:18:25] LAUNCH clFJ_east_half_101 running=12 free_kb=6542232 sims_boxwide=11 attempt=1 src=8888e0326d09 ext=e200301e2bdd head=5e3e5425359cfd8d267510791ed0f403db83cfff
[17:18:43] DONE clFD_south_half_285242396 rc=0 510s clFD south/half seed=285242396 rescued=4 dead=0 unreachable=0 never_detected=0 ff_deaths=0 terminal=177 completions=4 recycles=4 removals=4 returns=4 wall=509s [valid 46/69] src=8888e0326d09 ext=e200301e2bdd head=5e3e5425359cfd8d267510791ed0f403db83cfff
[17:18:44] LAUNCH clFJ_east_half_202 running=12 free_kb=6542028 sims_boxwide=11 attempt=1 src=8888e0326d09 ext=e200301e2bdd head=5e3e5425359cfd8d267510791ed0f403db83cfff
[17:19:19] .. alive runid=20260927-162109-1385 event_age=35s | wave=flip total=69 valid=46 running=12 pending=11 launched=58 failed=0 gaveup=0 forkfail=0 free_kb=6542028 sims_boxwide=11 last_event_age=0s last_event_epoch=1790522324
[17:19:27] DONE clFD_south_half_139925734 rc=0 623s clFD south/half seed=139925734 rescued=3 dead=1 unreachable=0 never_detected=0 ff_deaths=0 terminal=101 completions=3 recycles=3 removals=3 returns=3 wall=620s [valid 47/69] src=8888e0326d09 ext=e200301e2bdd head=5e3e5425359cfd8d267510791ed0f403db83cfff
[17:19:29] LAUNCH clFJ_east_half_303 running=12 free_kb=6475988 sims_boxwide=11 attempt=1 src=8888e0326d09 ext=e200301e2bdd head=5e3e5425359cfd8d267510791ed0f403db83cfff
[17:19:41] DONE clFD_east_half_1788979460 rc=0 1178s clFD east/half seed=1788979460 rescued=4 dead=0 unreachable=0 never_detected=0 ff_deaths=0 terminal=209 completions=4 recycles=4 removals=4 returns=4 wall=1175s [valid 48/69] src=8888e0326d09 ext=e200301e2bdd head=5e3e5425359cfd8d267510791ed0f403db83cfff
[17:19:43] LAUNCH clFJ_east_half_404 running=12 free_kb=6517168 sims_boxwide=11 attempt=1 src=8888e0326d09 ext=e200301e2bdd head=5e3e5425359cfd8d267510791ed0f403db83cfff
[17:20:19] .. alive runid=20260927-162109-1385 event_age=36s | wave=flip total=69 valid=48 running=12 pending=9 launched=60 failed=0 gaveup=0 forkfail=0 free_kb=6517168 sims_boxwide=11 last_event_age=0s last_event_epoch=1790522383
[17:20:38] DONE clFD_south_half_573250932 rc=0 507s clFD south/half seed=573250932 rescued=3 dead=0 unreachable=1 never_detected=1 ff_deaths=0 terminal=210 completions=3 recycles=3 removals=3 returns=3 wall=505s [valid 49/69] src=8888e0326d09 ext=e200301e2bdd head=5e3e5425359cfd8d267510791ed0f403db83cfff
[17:20:40] LAUNCH clFJ_east_half_505 running=12 free_kb=6562768 sims_boxwide=11 attempt=1 src=8888e0326d09 ext=e200301e2bdd head=5e3e5425359cfd8d267510791ed0f403db83cfff
[17:21:19] .. alive runid=20260927-162109-1385 event_age=39s | wave=flip total=69 valid=49 running=12 pending=8 launched=61 failed=0 gaveup=0 forkfail=0 free_kb=6562768 sims_boxwide=11 last_event_age=0s last_event_epoch=1790522440
[17:22:19] .. alive runid=20260927-162109-1385 event_age=99s | wave=flip total=69 valid=49 running=12 pending=8 launched=61 failed=0 gaveup=0 forkfail=0 free_kb=6562768 sims_boxwide=11 last_event_age=0s last_event_epoch=1790522440
[17:22:50] DONE clFD_east_def_2038269169 rc=0 578s clFD east/default seed=2038269169 rescued=3 dead=0 unreachable=1 never_detected=1 ff_deaths=0 terminal=254 completions=3 recycles=3 removals=3 returns=3 wall=577s [valid 50/69] src=8888e0326d09 ext=e200301e2bdd head=5e3e5425359cfd8d267510791ed0f403db83cfff
[17:22:51] LAUNCH clFJ_south_half_101 running=12 free_kb=6282904 sims_boxwide=11 attempt=1 src=8888e0326d09 ext=e200301e2bdd head=5e3e5425359cfd8d267510791ed0f403db83cfff
[17:23:07] DONE clFD_south_half_1048395951 rc=0 623s clFD south/half seed=1048395951 rescued=4 dead=0 unreachable=0 never_detected=0 ff_deaths=0 terminal=152 completions=4 recycles=4 removals=4 returns=4 wall=622s [valid 51/69] src=8888e0326d09 ext=e200301e2bdd head=5e3e5425359cfd8d267510791ed0f403db83cfff
[17:23:08] LAUNCH clFJ_south_half_202 running=12 free_kb=6508360 sims_boxwide=11 attempt=1 src=8888e0326d09 ext=e200301e2bdd head=5e3e5425359cfd8d267510791ed0f403db83cfff
[17:23:19] .. alive runid=20260927-162109-1385 event_age=11s | wave=flip total=69 valid=51 running=12 pending=6 launched=63 failed=0 gaveup=0 forkfail=0 free_kb=6508360 sims_boxwide=11 last_event_age=0s last_event_epoch=1790522588
[17:24:19] .. alive runid=20260927-162109-1385 event_age=71s | wave=flip total=69 valid=51 running=12 pending=6 launched=63 failed=0 gaveup=0 forkfail=0 free_kb=6508360 sims_boxwide=11 last_event_age=0s last_event_epoch=1790522588
[17:25:19] .. alive runid=20260927-162109-1385 event_age=131s | wave=flip total=69 valid=51 running=12 pending=6 launched=63 failed=0 gaveup=0 forkfail=0 free_kb=6508360 sims_boxwide=11 last_event_age=0s last_event_epoch=1790522588
[17:25:48] DONE clFD_south_half_903347495 rc=0 771s clFD south/half seed=903347495 rescued=4 dead=0 unreachable=0 never_detected=0 ff_deaths=0 terminal=276 completions=4 recycles=4 removals=4 returns=4 wall=769s [valid 52/69] src=8888e0326d09 ext=e200301e2bdd head=5e3e5425359cfd8d267510791ed0f403db83cfff
[17:25:50] LAUNCH clFJ_south_half_303 running=12 free_kb=6545828 sims_boxwide=11 attempt=1 src=8888e0326d09 ext=e200301e2bdd head=5e3e5425359cfd8d267510791ed0f403db83cfff
[17:26:19] .. alive runid=20260927-162109-1385 event_age=29s | wave=flip total=69 valid=52 running=12 pending=5 launched=64 failed=0 gaveup=0 forkfail=0 free_kb=6545828 sims_boxwide=11 last_event_age=0s last_event_epoch=1790522750
[17:26:22] DONE clFD_east_def_1749069988 rc=0 557s clFD east/default seed=1749069988 rescued=3 dead=1 unreachable=0 never_detected=0 ff_deaths=0 terminal=194 completions=3 recycles=3 removals=3 returns=3 wall=556s [valid 53/69] src=8888e0326d09 ext=e200301e2bdd head=5e3e5425359cfd8d267510791ed0f403db83cfff
[17:26:23] LAUNCH clFJ_south_half_404 running=12 free_kb=6594332 sims_boxwide=11 attempt=1 src=8888e0326d09 ext=e200301e2bdd head=5e3e5425359cfd8d267510791ed0f403db83cfff
[17:27:19] .. alive runid=20260927-162109-1385 event_age=56s | wave=flip total=69 valid=53 running=12 pending=4 launched=65 failed=0 gaveup=0 forkfail=0 free_kb=6594332 sims_boxwide=11 last_event_age=0s last_event_epoch=1790522783
[17:27:50] DONE clFD_east_def_1480870832 rc=0 591s clFD east/default seed=1480870832 rescued=2 dead=1 unreachable=1 never_detected=1 ff_deaths=0 terminal=210 completions=2 recycles=2 removals=2 returns=2 wall=590s [valid 54/69] src=8888e0326d09 ext=e200301e2bdd head=5e3e5425359cfd8d267510791ed0f403db83cfff
[17:27:51] LAUNCH clFJ_south_half_505 running=12 free_kb=6592256 sims_boxwide=11 attempt=1 src=8888e0326d09 ext=e200301e2bdd head=5e3e5425359cfd8d267510791ed0f403db83cfff
[17:28:20] .. alive runid=20260927-162109-1385 event_age=29s | wave=flip total=69 valid=54 running=12 pending=3 launched=66 failed=0 gaveup=0 forkfail=0 free_kb=6592256 sims_boxwide=11 last_event_age=0s last_event_epoch=1790522871
[17:28:33] DONE clFD_east_def_1420331661 rc=0 649s clFD east/default seed=1420331661 rescued=3 dead=1 unreachable=0 never_detected=0 ff_deaths=0 terminal=171 completions=3 recycles=3 removals=3 returns=3 wall=647s [valid 55/69] src=8888e0326d09 ext=e200301e2bdd head=5e3e5425359cfd8d267510791ed0f403db83cfff
[17:28:35] LAUNCH clFJ_east_def_101 running=12 free_kb=6614304 sims_boxwide=11 attempt=1 src=8888e0326d09 ext=e200301e2bdd head=5e3e5425359cfd8d267510791ed0f403db83cfff
[17:29:20] .. alive runid=20260927-162109-1385 event_age=45s | wave=flip total=69 valid=55 running=12 pending=2 launched=67 failed=0 gaveup=0 forkfail=0 free_kb=6614304 sims_boxwide=11 last_event_age=0s last_event_epoch=1790522915
[17:29:41] DONE clFD_east_half_133894353 rc=0 1821s clFD east/half seed=133894353 rescued=4 dead=0 unreachable=0 never_detected=0 ff_deaths=1 terminal=327 completions=4 recycles=4 removals=4 returns=4 wall=1820s [valid 56/69] src=8888e0326d09 ext=e200301e2bdd head=5e3e5425359cfd8d267510791ed0f403db83cfff
[17:29:43] LAUNCH clFJ_east_def_202 running=12 free_kb=6515196 sims_boxwide=11 attempt=1 src=8888e0326d09 ext=e200301e2bdd head=5e3e5425359cfd8d267510791ed0f403db83cfff
[17:30:20] .. alive runid=20260927-162109-1385 event_age=37s | wave=flip total=69 valid=56 running=12 pending=1 launched=68 failed=0 gaveup=0 forkfail=0 free_kb=6515196 sims_boxwide=11 last_event_age=0s last_event_epoch=1790522983
[17:31:20] .. alive runid=20260927-162109-1385 event_age=97s | wave=flip total=69 valid=56 running=12 pending=1 launched=68 failed=0 gaveup=0 forkfail=0 free_kb=6515196 sims_boxwide=11 last_event_age=0s last_event_epoch=1790522983
[17:32:20] .. alive runid=20260927-162109-1385 event_age=157s | wave=flip total=69 valid=56 running=12 pending=1 launched=68 failed=0 gaveup=0 forkfail=0 free_kb=6515196 sims_boxwide=11 last_event_age=0s last_event_epoch=1790522983
[17:32:25] DONE clFJ_south_half_101 rc=0 573s clFJ south/half seed=101 rescued=2 dead=2 unreachable=0 never_detected=0 ff_deaths=1 terminal=129 completions=2 recycles=2 removals=2 returns=2 wall=571s [valid 57/69] src=8888e0326d09 ext=e200301e2bdd head=5e3e5425359cfd8d267510791ed0f403db83cfff
[17:32:26] LAUNCH clFJ_east_def_303 running=12 free_kb=7493788 sims_boxwide=11 attempt=1 src=8888e0326d09 ext=e200301e2bdd head=5e3e5425359cfd8d267510791ed0f403db83cfff
[17:32:39] DONE clFJ_east_half_202 rc=0 834s clFJ east/half seed=202 rescued=3 dead=1 unreachable=0 never_detected=0 ff_deaths=0 terminal=93 completions=3 recycles=3 removals=3 returns=3 wall=822s [valid 58/69] src=8888e0326d09 ext=e200301e2bdd head=5e3e5425359cfd8d267510791ed0f403db83cfff
[17:33:20] .. alive runid=20260927-162109-1385 event_age=42s | wave=flip total=69 valid=58 running=11 pending=0 launched=69 failed=0 gaveup=0 forkfail=0 free_kb=7493788 sims_boxwide=11 last_event_age=1s last_event_epoch=1790523158
[17:34:05] DONE clFJ_east_half_505 rc=0 805s clFJ east/half seed=505 rescued=3 dead=1 unreachable=0 never_detected=0 ff_deaths=0 terminal=94 completions=3 recycles=3 removals=3 returns=3 wall=803s [valid 59/69] src=8888e0326d09 ext=e200301e2bdd head=5e3e5425359cfd8d267510791ed0f403db83cfff
[17:34:06] DONE clFJ_east_half_101 rc=0 940s clFJ east/half seed=101 rescued=4 dead=0 unreachable=0 never_detected=0 ff_deaths=0 terminal=115 completions=4 recycles=4 removals=4 returns=4 wall=938s [valid 60/69] src=8888e0326d09 ext=e200301e2bdd head=5e3e5425359cfd8d267510791ed0f403db83cfff
[17:34:13] DONE clFJ_south_half_202 rc=0 664s clFJ south/half seed=202 rescued=4 dead=0 unreachable=0 never_detected=0 ff_deaths=0 terminal=235 completions=4 recycles=4 removals=4 returns=4 wall=662s [valid 61/69] src=8888e0326d09 ext=e200301e2bdd head=5e3e5425359cfd8d267510791ed0f403db83cfff
[17:34:20] .. alive runid=20260927-162109-1385 event_age=8s | wave=flip total=69 valid=61 running=8 pending=0 launched=69 failed=0 gaveup=0 forkfail=0 free_kb=7493788 sims_boxwide=11 last_event_age=1s last_event_epoch=1790523252
[17:34:24] DONE clFJ_south_half_303 rc=0 513s clFJ south/half seed=303 rescued=4 dead=0 unreachable=0 never_detected=0 ff_deaths=0 terminal=115 completions=4 recycles=4 removals=4 returns=4 wall=512s [valid 62/69] src=8888e0326d09 ext=e200301e2bdd head=5e3e5425359cfd8d267510791ed0f403db83cfff
[17:34:56] DONE clFJ_east_half_303 rc=0 927s clFJ east/half seed=303 rescued=3 dead=1 unreachable=0 never_detected=0 ff_deaths=0 terminal=121 completions=3 recycles=3 removals=3 returns=3 wall=925s [valid 63/69] src=8888e0326d09 ext=e200301e2bdd head=5e3e5425359cfd8d267510791ed0f403db83cfff
[17:35:20] .. alive runid=20260927-162109-1385 event_age=24s | wave=flip total=69 valid=63 running=6 pending=0 launched=69 failed=0 gaveup=0 forkfail=0 free_kb=7493788 sims_boxwide=11 last_event_age=0s last_event_epoch=1790523296
[17:35:37] DONE clFJ_south_half_505 rc=0 465s clFJ south/half seed=505 rescued=3 dead=1 unreachable=0 never_detected=0 ff_deaths=0 terminal=115 completions=3 recycles=3 removals=3 returns=3 wall=463s [valid 64/69] src=8888e0326d09 ext=e200301e2bdd head=5e3e5425359cfd8d267510791ed0f403db83cfff
[17:36:20] .. alive runid=20260927-162109-1385 event_age=44s | wave=flip total=69 valid=64 running=5 pending=0 launched=69 failed=0 gaveup=0 forkfail=0 free_kb=7493788 sims_boxwide=11 last_event_age=1s last_event_epoch=1790523336
[17:36:56] DONE clFJ_south_half_404 rc=0 632s clFJ south/half seed=404 rescued=2 dead=0 unreachable=0 never_detected=0 ff_deaths=1 terminal=None completions=2 recycles=2 removals=2 returns=2 wall=630s [valid 65/69] src=8888e0326d09 ext=e200301e2bdd head=5e3e5425359cfd8d267510791ed0f403db83cfff
[17:37:20] .. alive runid=20260927-162109-1385 event_age=25s | wave=flip total=69 valid=65 running=4 pending=0 launched=69 failed=0 gaveup=0 forkfail=0 free_kb=7493788 sims_boxwide=11 last_event_age=1s last_event_epoch=1790523415
[17:37:42] DONE clFJ_east_def_101 rc=0 546s clFJ east/default seed=101 rescued=4 dead=0 unreachable=0 never_detected=0 ff_deaths=0 terminal=288 completions=4 recycles=4 removals=4 returns=4 wall=545s [valid 66/69] src=8888e0326d09 ext=e200301e2bdd head=5e3e5425359cfd8d267510791ed0f403db83cfff
[17:38:00] DONE clFJ_east_def_202 rc=0 496s clFJ east/default seed=202 rescued=3 dead=1 unreachable=0 never_detected=0 ff_deaths=0 terminal=172 completions=3 recycles=3 removals=3 returns=3 wall=495s [valid 67/69] src=8888e0326d09 ext=e200301e2bdd head=5e3e5425359cfd8d267510791ed0f403db83cfff
[17:38:20] .. alive runid=20260927-162109-1385 event_age=21s | wave=flip total=69 valid=67 running=2 pending=0 launched=69 failed=0 gaveup=0 forkfail=0 free_kb=7493788 sims_boxwide=11 last_event_age=1s last_event_epoch=1790523479
[17:39:21] .. alive runid=20260927-162109-1385 event_age=82s | wave=flip total=69 valid=67 running=2 pending=0 launched=69 failed=0 gaveup=0 forkfail=0 free_kb=7493788 sims_boxwide=11 last_event_age=1s last_event_epoch=1790523479
[17:39:57] DONE clFJ_east_def_303 rc=0 450s clFJ east/default seed=303 rescued=3 dead=1 unreachable=0 never_detected=0 ff_deaths=0 terminal=137 completions=3 recycles=3 removals=3 returns=3 wall=448s [valid 68/69] src=8888e0326d09 ext=e200301e2bdd head=5e3e5425359cfd8d267510791ed0f403db83cfff
[17:40:21] .. alive runid=20260927-162109-1385 event_age=25s | wave=flip total=69 valid=68 running=1 pending=0 launched=69 failed=0 gaveup=0 forkfail=0 free_kb=7493788 sims_boxwide=11 last_event_age=1s last_event_epoch=1790523596
[17:41:21] .. alive runid=20260927-162109-1385 event_age=85s | wave=flip total=69 valid=68 running=1 pending=0 launched=69 failed=0 gaveup=0 forkfail=0 free_kb=7493788 sims_boxwide=11 last_event_age=1s last_event_epoch=1790523596
[17:42:21] .. alive runid=20260927-162109-1385 event_age=145s | wave=flip total=69 valid=68 running=1 pending=0 launched=69 failed=0 gaveup=0 forkfail=0 free_kb=7493788 sims_boxwide=11 last_event_age=1s last_event_epoch=1790523596
[17:42:54] DONE clFJ_east_half_404 rc=0 1390s clFJ east/half seed=404 rescued=4 dead=0 unreachable=0 never_detected=0 ff_deaths=1 terminal=291 completions=4 recycles=4 removals=4 returns=4 wall=1389s [valid 69/69] src=8888e0326d09 ext=e200301e2bdd head=5e3e5425359cfd8d267510791ed0f403db83cfff
[17:42:54] MAIN LOOP LEFT pending=0 running=0
[17:42:57] FINAL SUMMARY total=69 valid=69 invalid=0 missing=0
[17:42:58] FINAL wave=flip SUMMARY total=69 valid=69 invalid=0 missing=0 live_this_wave=0 sims_boxwide=0
[17:42:58] ALL_DCD4RB_COMPLETE wave=flip runid=20260927-162109-1385 valid=69/69 launched=69 failed=0 forkfail=0 src=8888e0326d09 ext=e200301e2bdd head=5e3e5425359cfd8d267510791ed0f403db83cfff
[17:43:21] HEARTBEAT EXIT wave=flip runid=20260927-162109-1385 (sentinel)
