[01:41:52] POOL START wave=s2crn runid=20260927-014151-1919 restart=0 pid=1919 winpid=30908 head=e58953f06f865b15224900acb7d42a4799791ba9 src=2a36d14ad942 ext=ea7002772ad1 harness=outputs/_cl_obs_crn.py dirty_tracked=0 queue=outputs/_cl_s2_crn_queue.txt maxpar=6 minfree_kb=3500000
[01:41:53] ENV 3.10.11 mesa 1.2.1  prereg_sha256=729d98c97b8d48f8 queue_sha256=1985d63d18794e98
[01:41:54] SHIPPED BASE_STATION_MODE=3 BASE_STATION_RETURN_MECHANISM=2 BASE_STATION_DEPOTS=9 BASE_STATION_SPAWN_SPLIT=2 UAV_RETURN_TO_BASE_RESERVE=0.0 BASE_STATION_RETURN_MARGIN=39.23 BASE_STATION_DOCK_FIX=2 BASE_STATION_RETURN_STALL_LIMIT=3 BASE_STATION_WAYPOINT_FIX=1 ROUTE_BLOCK_STALE_CLEAR=1 VICTIM_SEARCHER_HAZARD_RETREAT_RANGE=99 BASE_STATION_FIREPROOF=1 BASE_STATION_FIREPROOF_DRY_RUN=0 VICTIM_SEARCHER_HAZARD_GATE_BOUNDS_FIX=1 FF_FIREFIGHT_EXTINGUISH=1 FF_FIREFIGHT_FIREBREAK=1 FF_FIREFIGHT_ENGAGED_RETREAT_RANGE=1 FF_FIREFIGHT_MISSION_GATE=0 FF_FIREFIGHT_DRY_RUN=0 FF_EXIT_LEG_MODE=0 FF_EXIT_LEG_HOLD=0 FF_EXIT_LEG_SERVED=0 ff_exit_leg_mode()=0 ff_exit_leg_hold()=False ff_exit_leg_served()=0
[01:41:55] SHIPPED-CONTROL head=6160438
BASE_STATION_MODE=3 BASE_STATION_RETURN_MECHANISM=2 BASE_STATION_DEPOTS=9 BASE_STATION_SPAWN_SPLIT=2 UAV_RETURN_TO_BASE_RESERVE=0.0 BASE_STATION_RETURN_MARGIN=39.23 BASE_STATION_DOCK_FIX=2 BASE_STATION_RETURN_STALL_LIMIT=3 BASE_STATION_WAYPOINT_FIX=1 ROUTE_BLOCK_STALE_CLEAR=1 VICTIM_SEARCHER_HAZARD_RETREAT_RANGE=99 BASE_STATION_FIREPROOF=1 BASE_STATION_FIREPROOF_DRY_RUN=0 VICTIM_SEARCHER_HAZARD_GATE_BOUNDS_FIX=1 FF_FIREFIGHT_EXTINGUISH=1 FF_FIREFIGHT_FIREBREAK=1 FF_FIREFIGHT_ENGAGED_RETREAT_RANGE=1 FF_FIREFIGHT_MISSION_GATE=0 FF_FIREFIGHT_DRY_RUN=0 FF_EXIT_LEG_MODE=ABSENT FF_EXIT_LEG_HOLD=ABSENT FF_EXIT_LEG_SERVED=ABSENT ff_exit_leg_mode()=ABSENT ff_exit_leg_hold()=ABSENT ff_exit_leg_served()=ABSENT
[01:41:55] VALIDATE total=52 valid=0 invalid=0 missing=52
[01:41:55] START STATE wave=s2crn total=52 valid=0 pending=52 live_orphans_this_wave=0 sims_boxwide=0 free_kb=16003140
[01:41:55] HEARTBEAT pid=2016 every 60s -> outputs/_cl_s2_crn_wave.log ; state file outputs/_cl_s2_crn_state.txt ; sentinel outputs/_cl_s2_crn_hb_20260927-014151-1919.stop
[01:41:57] LAUNCH clKC_east_half_101 running=1 free_kb=15991588 sims_boxwide=0 attempt=1 src=2a36d14ad942 ext=ea7002772ad1 head=e58953f06f865b15224900acb7d42a4799791ba9
[01:42:10] LAUNCH clKC_east_half_202 running=2 free_kb=14295076 sims_boxwide=1 attempt=1 src=2a36d14ad942 ext=ea7002772ad1 head=e58953f06f865b15224900acb7d42a4799791ba9
[01:42:23] LAUNCH clKC_east_half_303 running=3 free_kb=12649532 sims_boxwide=2 attempt=1 src=2a36d14ad942 ext=ea7002772ad1 head=e58953f06f865b15224900acb7d42a4799791ba9
[01:42:36] LAUNCH clKC_east_half_404 running=4 free_kb=10951740 sims_boxwide=3 attempt=1 src=2a36d14ad942 ext=ea7002772ad1 head=e58953f06f865b15224900acb7d42a4799791ba9
[01:42:49] LAUNCH clKC_east_half_505 running=5 free_kb=9153596 sims_boxwide=4 attempt=1 src=2a36d14ad942 ext=ea7002772ad1 head=e58953f06f865b15224900acb7d42a4799791ba9
[01:42:56] .. alive runid=20260927-014151-1919 event_age=7s | wave=s2crn total=52 valid=0 running=5 pending=47 launched=5 failed=0 gaveup=0 forkfail=0 free_kb=9153596 sims_boxwide=4 last_event_age=0s last_event_epoch=1790466169
[01:43:03] LAUNCH clKC_south_half_101 running=6 free_kb=7374904 sims_boxwide=5 attempt=1 src=2a36d14ad942 ext=ea7002772ad1 head=e58953f06f865b15224900acb7d42a4799791ba9
[01:43:56] .. alive runid=20260927-014151-1919 event_age=53s | wave=s2crn total=52 valid=0 running=6 pending=46 launched=6 failed=0 gaveup=0 forkfail=0 free_kb=7374904 sims_boxwide=5 last_event_age=0s last_event_epoch=1790466183
[01:44:56] .. alive runid=20260927-014151-1919 event_age=113s | wave=s2crn total=52 valid=0 running=6 pending=46 launched=6 failed=0 gaveup=0 forkfail=0 free_kb=7374904 sims_boxwide=5 last_event_age=0s last_event_epoch=1790466183
[01:45:56] .. alive runid=20260927-014151-1919 event_age=173s | wave=s2crn total=52 valid=0 running=6 pending=46 launched=6 failed=0 gaveup=0 forkfail=0 free_kb=7374904 sims_boxwide=5 last_event_age=0s last_event_epoch=1790466183
[01:46:56] .. alive runid=20260927-014151-1919 event_age=233s | wave=s2crn total=52 valid=0 running=6 pending=46 launched=6 failed=0 gaveup=0 forkfail=0 free_kb=7374904 sims_boxwide=5 last_event_age=0s last_event_epoch=1790466183
[01:47:56] .. alive runid=20260927-014151-1919 event_age=293s | wave=s2crn total=52 valid=0 running=6 pending=46 launched=6 failed=0 gaveup=0 forkfail=0 free_kb=7374904 sims_boxwide=5 last_event_age=0s last_event_epoch=1790466183
[01:48:56] .. alive runid=20260927-014151-1919 event_age=353s | wave=s2crn total=52 valid=0 running=6 pending=46 launched=6 failed=0 gaveup=0 forkfail=0 free_kb=7374904 sims_boxwide=5 last_event_age=0s last_event_epoch=1790466183
[01:49:56] .. alive runid=20260927-014151-1919 event_age=413s | wave=s2crn total=52 valid=0 running=6 pending=46 launched=6 failed=0 gaveup=0 forkfail=0 free_kb=7374904 sims_boxwide=5 last_event_age=0s last_event_epoch=1790466183
[01:50:56] .. alive runid=20260927-014151-1919 event_age=473s | wave=s2crn total=52 valid=0 running=6 pending=46 launched=6 failed=0 gaveup=0 forkfail=0 free_kb=7374904 sims_boxwide=5 last_event_age=0s last_event_epoch=1790466183
[01:51:56] .. alive runid=20260927-014151-1919 event_age=533s | wave=s2crn total=52 valid=0 running=6 pending=46 launched=6 failed=0 gaveup=0 forkfail=0 free_kb=7374904 sims_boxwide=5 last_event_age=0s last_event_epoch=1790466183
[01:52:13] DONE clKC_south_half_101 rc=0 550s clKC south/half seed=101 rescued=3 dead=1 unreachable=0 never_detected=0 ff_deaths=0 terminal=90 completions=3 recycles=3 removals=3 returns=3 wall=548s [valid 1/52] src=2a36d14ad942 ext=ea7002772ad1 head=e58953f06f865b15224900acb7d42a4799791ba9
[01:52:15] LAUNCH clKC_south_half_202 running=6 free_kb=7290912 sims_boxwide=5 attempt=1 src=2a36d14ad942 ext=ea7002772ad1 head=e58953f06f865b15224900acb7d42a4799791ba9
[01:52:56] .. alive runid=20260927-014151-1919 event_age=41s | wave=s2crn total=52 valid=1 running=6 pending=45 launched=7 failed=0 gaveup=0 forkfail=0 free_kb=7290912 sims_boxwide=5 last_event_age=0s last_event_epoch=1790466735
[01:53:56] .. alive runid=20260927-014151-1919 event_age=101s | wave=s2crn total=52 valid=1 running=6 pending=45 launched=7 failed=0 gaveup=0 forkfail=0 free_kb=7290912 sims_boxwide=5 last_event_age=0s last_event_epoch=1790466735
[01:54:57] .. alive runid=20260927-014151-1919 event_age=162s | wave=s2crn total=52 valid=1 running=6 pending=45 launched=7 failed=0 gaveup=0 forkfail=0 free_kb=7290912 sims_boxwide=5 last_event_age=0s last_event_epoch=1790466735
[01:55:57] .. alive runid=20260927-014151-1919 event_age=222s | wave=s2crn total=52 valid=1 running=6 pending=45 launched=7 failed=0 gaveup=0 forkfail=0 free_kb=7290912 sims_boxwide=5 last_event_age=0s last_event_epoch=1790466735
[01:56:57] .. alive runid=20260927-014151-1919 event_age=282s | wave=s2crn total=52 valid=1 running=6 pending=45 launched=7 failed=0 gaveup=0 forkfail=0 free_kb=7290912 sims_boxwide=5 last_event_age=0s last_event_epoch=1790466735
[01:57:38] DONE clKC_east_half_303 rc=0 915s clKC east/half seed=303 rescued=3 dead=1 unreachable=0 never_detected=0 ff_deaths=0 terminal=96 completions=3 recycles=3 removals=3 returns=3 wall=913s [valid 2/52] src=2a36d14ad942 ext=ea7002772ad1 head=e58953f06f865b15224900acb7d42a4799791ba9
[01:57:40] LAUNCH clKC_south_half_303 running=6 free_kb=7300772 sims_boxwide=5 attempt=1 src=2a36d14ad942 ext=ea7002772ad1 head=e58953f06f865b15224900acb7d42a4799791ba9
[01:57:57] .. alive runid=20260927-014151-1919 event_age=17s | wave=s2crn total=52 valid=2 running=6 pending=44 launched=8 failed=0 gaveup=0 forkfail=0 free_kb=7300772 sims_boxwide=5 last_event_age=0s last_event_epoch=1790467060
[01:58:20] DONE clKC_east_half_505 rc=0 931s clKC east/half seed=505 rescued=3 dead=1 unreachable=0 never_detected=0 ff_deaths=0 terminal=134 completions=3 recycles=3 removals=3 returns=3 wall=929s [valid 3/52] src=2a36d14ad942 ext=ea7002772ad1 head=e58953f06f865b15224900acb7d42a4799791ba9
[01:58:22] LAUNCH clKC_south_half_404 running=6 free_kb=7317292 sims_boxwide=5 attempt=1 src=2a36d14ad942 ext=ea7002772ad1 head=e58953f06f865b15224900acb7d42a4799791ba9
[01:58:57] .. alive runid=20260927-014151-1919 event_age=35s | wave=s2crn total=52 valid=3 running=6 pending=43 launched=9 failed=0 gaveup=0 forkfail=0 free_kb=7317292 sims_boxwide=5 last_event_age=0s last_event_epoch=1790467102
[01:59:27] DONE clKC_east_half_202 rc=0 1036s clKC east/half seed=202 rescued=3 dead=1 unreachable=0 never_detected=0 ff_deaths=1 terminal=171 completions=3 recycles=3 removals=3 returns=3 wall=1034s [valid 4/52] src=2a36d14ad942 ext=ea7002772ad1 head=e58953f06f865b15224900acb7d42a4799791ba9
[01:59:28] LAUNCH clKC_south_half_505 running=6 free_kb=7188140 sims_boxwide=5 attempt=1 src=2a36d14ad942 ext=ea7002772ad1 head=e58953f06f865b15224900acb7d42a4799791ba9
[01:59:43] DONE clKC_east_half_101 rc=0 1065s clKC east/half seed=101 rescued=4 dead=0 unreachable=0 never_detected=0 ff_deaths=0 terminal=182 completions=4 recycles=4 removals=4 returns=4 wall=1064s [valid 5/52] src=2a36d14ad942 ext=ea7002772ad1 head=e58953f06f865b15224900acb7d42a4799791ba9
[01:59:44] LAUNCH clKC_east_def_101 running=6 free_kb=7218780 sims_boxwide=5 attempt=1 src=2a36d14ad942 ext=ea7002772ad1 head=e58953f06f865b15224900acb7d42a4799791ba9
[01:59:57] .. alive runid=20260927-014151-1919 event_age=13s | wave=s2crn total=52 valid=5 running=6 pending=41 launched=11 failed=0 gaveup=0 forkfail=0 free_kb=7218780 sims_boxwide=5 last_event_age=0s last_event_epoch=1790467184
[02:00:42] DONE clKC_south_half_202 rc=0 507s clKC south/half seed=202 rescued=4 dead=0 unreachable=0 never_detected=0 ff_deaths=0 terminal=138 completions=4 recycles=4 removals=4 returns=4 wall=505s [valid 6/52] src=2a36d14ad942 ext=ea7002772ad1 head=e58953f06f865b15224900acb7d42a4799791ba9
[02:00:44] LAUNCH clKC_east_def_202 running=6 free_kb=7257608 sims_boxwide=5 attempt=1 src=2a36d14ad942 ext=ea7002772ad1 head=e58953f06f865b15224900acb7d42a4799791ba9
[02:00:57] .. alive runid=20260927-014151-1919 event_age=13s | wave=s2crn total=52 valid=6 running=6 pending=40 launched=12 failed=0 gaveup=0 forkfail=0 free_kb=7257608 sims_boxwide=5 last_event_age=0s last_event_epoch=1790467244
[02:01:27] DONE clKC_east_half_404 rc=0 1130s clKC east/half seed=404 rescued=2 dead=2 unreachable=0 never_detected=0 ff_deaths=1 terminal=207 completions=2 recycles=2 removals=2 returns=2 wall=1129s [valid 7/52] src=2a36d14ad942 ext=ea7002772ad1 head=e58953f06f865b15224900acb7d42a4799791ba9
[02:01:28] LAUNCH clKC_east_def_303 running=6 free_kb=7269280 sims_boxwide=5 attempt=1 src=2a36d14ad942 ext=ea7002772ad1 head=e58953f06f865b15224900acb7d42a4799791ba9
[02:01:57] .. alive runid=20260927-014151-1919 event_age=29s | wave=s2crn total=52 valid=7 running=6 pending=39 launched=13 failed=0 gaveup=0 forkfail=0 free_kb=7269280 sims_boxwide=5 last_event_age=0s last_event_epoch=1790467288
[02:02:57] .. alive runid=20260927-014151-1919 event_age=89s | wave=s2crn total=52 valid=7 running=6 pending=39 launched=13 failed=0 gaveup=0 forkfail=0 free_kb=7269280 sims_boxwide=5 last_event_age=0s last_event_epoch=1790467288
[02:03:57] .. alive runid=20260927-014151-1919 event_age=149s | wave=s2crn total=52 valid=7 running=6 pending=39 launched=13 failed=0 gaveup=0 forkfail=0 free_kb=7269280 sims_boxwide=5 last_event_age=0s last_event_epoch=1790467288
[02:04:57] .. alive runid=20260927-014151-1919 event_age=209s | wave=s2crn total=52 valid=7 running=6 pending=39 launched=13 failed=0 gaveup=0 forkfail=0 free_kb=7269280 sims_boxwide=5 last_event_age=0s last_event_epoch=1790467288
[02:05:58] .. alive runid=20260927-014151-1919 event_age=270s | wave=s2crn total=52 valid=7 running=6 pending=39 launched=13 failed=0 gaveup=0 forkfail=0 free_kb=7269280 sims_boxwide=5 last_event_age=0s last_event_epoch=1790467288
[02:06:43] DONE clKC_south_half_303 rc=0 542s clKC south/half seed=303 rescued=4 dead=0 unreachable=0 never_detected=0 ff_deaths=0 terminal=256 completions=4 recycles=4 removals=4 returns=4 wall=541s [valid 8/52] src=2a36d14ad942 ext=ea7002772ad1 head=e58953f06f865b15224900acb7d42a4799791ba9
[02:06:44] LAUNCH clKE2_east_half_101 running=6 free_kb=7312784 sims_boxwide=5 attempt=1 src=2a36d14ad942 ext=ea7002772ad1 head=e58953f06f865b15224900acb7d42a4799791ba9
[02:06:58] .. alive runid=20260927-014151-1919 event_age=14s | wave=s2crn total=52 valid=8 running=6 pending=38 launched=14 failed=0 gaveup=0 forkfail=0 free_kb=7312784 sims_boxwide=5 last_event_age=0s last_event_epoch=1790467604
[02:07:58] .. alive runid=20260927-014151-1919 event_age=74s | wave=s2crn total=52 valid=8 running=6 pending=38 launched=14 failed=0 gaveup=0 forkfail=0 free_kb=7312784 sims_boxwide=5 last_event_age=0s last_event_epoch=1790467604
[02:08:09] DONE clKC_east_def_101 rc=0 504s clKC east/default seed=101 rescued=4 dead=0 unreachable=0 never_detected=0 ff_deaths=0 terminal=215 completions=4 recycles=4 removals=4 returns=4 wall=502s [valid 9/52] src=2a36d14ad942 ext=ea7002772ad1 head=e58953f06f865b15224900acb7d42a4799791ba9
[02:08:10] LAUNCH clKE2_east_half_202 running=6 free_kb=7359556 sims_boxwide=5 attempt=1 src=2a36d14ad942 ext=ea7002772ad1 head=e58953f06f865b15224900acb7d42a4799791ba9
[02:08:46] DONE clKC_south_half_404 rc=0 623s clKC south/half seed=404 rescued=2 dead=2 unreachable=0 never_detected=0 ff_deaths=1 terminal=216 completions=2 recycles=2 removals=2 returns=2 wall=622s [valid 10/52] src=2a36d14ad942 ext=ea7002772ad1 head=e58953f06f865b15224900acb7d42a4799791ba9
[02:08:47] LAUNCH clKE2_east_half_303 running=6 free_kb=7327732 sims_boxwide=5 attempt=1 src=2a36d14ad942 ext=ea7002772ad1 head=e58953f06f865b15224900acb7d42a4799791ba9
[02:08:58] .. alive runid=20260927-014151-1919 event_age=11s | wave=s2crn total=52 valid=10 running=6 pending=36 launched=16 failed=0 gaveup=0 forkfail=0 free_kb=7327732 sims_boxwide=5 last_event_age=0s last_event_epoch=1790467727
[02:09:00] DONE clKC_south_half_505 rc=0 571s clKC south/half seed=505 rescued=4 dead=0 unreachable=0 never_detected=0 ff_deaths=0 terminal=116 completions=4 recycles=4 removals=4 returns=4 wall=563s [valid 11/52] src=2a36d14ad942 ext=ea7002772ad1 head=e58953f06f865b15224900acb7d42a4799791ba9
[02:09:01] LAUNCH clKE2_east_half_404 running=6 free_kb=7383328 sims_boxwide=5 attempt=1 src=2a36d14ad942 ext=ea7002772ad1 head=e58953f06f865b15224900acb7d42a4799791ba9
[02:09:58] .. alive runid=20260927-014151-1919 event_age=57s | wave=s2crn total=52 valid=11 running=6 pending=35 launched=17 failed=0 gaveup=0 forkfail=0 free_kb=7383328 sims_boxwide=5 last_event_age=0s last_event_epoch=1790467741
[02:10:18] DONE clKC_east_def_202 rc=0 573s clKC east/default seed=202 rescued=2 dead=1 unreachable=1 never_detected=1 ff_deaths=1 terminal=210 completions=2 recycles=2 removals=2 returns=2 wall=572s [valid 12/52] src=2a36d14ad942 ext=ea7002772ad1 head=e58953f06f865b15224900acb7d42a4799791ba9
[02:10:19] LAUNCH clKE2_east_half_505 running=6 free_kb=7276736 sims_boxwide=5 attempt=1 src=2a36d14ad942 ext=ea7002772ad1 head=e58953f06f865b15224900acb7d42a4799791ba9
[02:10:47] DONE clKC_east_def_303 rc=0 559s clKC east/default seed=303 rescued=2 dead=2 unreachable=0 never_detected=0 ff_deaths=1 terminal=126 completions=2 recycles=2 removals=2 returns=2 wall=556s [valid 13/52] src=2a36d14ad942 ext=ea7002772ad1 head=e58953f06f865b15224900acb7d42a4799791ba9
[02:10:48] LAUNCH clKE2_south_half_101 running=6 free_kb=7335728 sims_boxwide=5 attempt=1 src=2a36d14ad942 ext=ea7002772ad1 head=e58953f06f865b15224900acb7d42a4799791ba9
[02:10:58] .. alive runid=20260927-014151-1919 event_age=10s | wave=s2crn total=52 valid=13 running=6 pending=33 launched=19 failed=0 gaveup=0 forkfail=0 free_kb=7335728 sims_boxwide=5 last_event_age=1s last_event_epoch=1790467848
[02:11:58] .. alive runid=20260927-014151-1919 event_age=70s | wave=s2crn total=52 valid=13 running=6 pending=33 launched=19 failed=0 gaveup=0 forkfail=0 free_kb=7335728 sims_boxwide=5 last_event_age=1s last_event_epoch=1790467848
[02:12:58] .. alive runid=20260927-014151-1919 event_age=130s | wave=s2crn total=52 valid=13 running=6 pending=33 launched=19 failed=0 gaveup=0 forkfail=0 free_kb=7335728 sims_boxwide=5 last_event_age=1s last_event_epoch=1790467848
[02:13:58] .. alive runid=20260927-014151-1919 event_age=190s | wave=s2crn total=52 valid=13 running=6 pending=33 launched=19 failed=0 gaveup=0 forkfail=0 free_kb=7335728 sims_boxwide=5 last_event_age=1s last_event_epoch=1790467848
[02:14:58] .. alive runid=20260927-014151-1919 event_age=250s | wave=s2crn total=52 valid=13 running=6 pending=33 launched=19 failed=0 gaveup=0 forkfail=0 free_kb=7335728 sims_boxwide=5 last_event_age=1s last_event_epoch=1790467848
[02:15:58] .. alive runid=20260927-014151-1919 event_age=310s | wave=s2crn total=52 valid=13 running=6 pending=33 launched=19 failed=0 gaveup=0 forkfail=0 free_kb=7335728 sims_boxwide=5 last_event_age=1s last_event_epoch=1790467848
[02:16:59] .. alive runid=20260927-014151-1919 event_age=371s | wave=s2crn total=52 valid=13 running=6 pending=33 launched=19 failed=0 gaveup=0 forkfail=0 free_kb=7335728 sims_boxwide=5 last_event_age=1s last_event_epoch=1790467848
[02:17:59] .. alive runid=20260927-014151-1919 event_age=431s | wave=s2crn total=52 valid=13 running=6 pending=33 launched=19 failed=0 gaveup=0 forkfail=0 free_kb=7335728 sims_boxwide=5 last_event_age=1s last_event_epoch=1790467848
[02:18:59] .. alive runid=20260927-014151-1919 event_age=491s | wave=s2crn total=52 valid=13 running=6 pending=33 launched=19 failed=0 gaveup=0 forkfail=0 free_kb=7335728 sims_boxwide=5 last_event_age=1s last_event_epoch=1790467848
[02:19:59] .. alive runid=20260927-014151-1919 event_age=551s | wave=s2crn total=52 valid=13 running=6 pending=33 launched=19 failed=0 gaveup=0 forkfail=0 free_kb=7335728 sims_boxwide=5 last_event_age=1s last_event_epoch=1790467848
[02:20:07] DONE clKE2_south_half_101 rc=0 559s clKE2 south/half seed=101 rescued=3 dead=1 unreachable=0 never_detected=0 ff_deaths=0 terminal=90 completions=3 recycles=3 removals=3 returns=3 wall=556s [valid 14/52] src=2a36d14ad942 ext=ea7002772ad1 head=e58953f06f865b15224900acb7d42a4799791ba9
[02:20:09] LAUNCH clKE2_south_half_202 running=6 free_kb=7216536 sims_boxwide=5 attempt=1 src=2a36d14ad942 ext=ea7002772ad1 head=e58953f06f865b15224900acb7d42a4799791ba9
[02:20:59] .. alive runid=20260927-014151-1919 event_age=50s | wave=s2crn total=52 valid=14 running=6 pending=32 launched=20 failed=0 gaveup=0 forkfail=0 free_kb=7216536 sims_boxwide=5 last_event_age=0s last_event_epoch=1790468409
[02:21:59] .. alive runid=20260927-014151-1919 event_age=110s | wave=s2crn total=52 valid=14 running=6 pending=32 launched=20 failed=0 gaveup=0 forkfail=0 free_kb=7216536 sims_boxwide=5 last_event_age=0s last_event_epoch=1790468409
[02:22:48] DONE clKE2_east_half_202 rc=0 877s clKE2 east/half seed=202 rescued=4 dead=0 unreachable=0 never_detected=0 ff_deaths=0 terminal=127 completions=4 recycles=4 removals=4 returns=4 wall=876s [valid 15/52] src=2a36d14ad942 ext=ea7002772ad1 head=e58953f06f865b15224900acb7d42a4799791ba9
[02:22:49] LAUNCH clKE2_south_half_303 running=6 free_kb=7206752 sims_boxwide=5 attempt=1 src=2a36d14ad942 ext=ea7002772ad1 head=e58953f06f865b15224900acb7d42a4799791ba9
[02:22:59] .. alive runid=20260927-014151-1919 event_age=10s | wave=s2crn total=52 valid=15 running=6 pending=31 launched=21 failed=0 gaveup=0 forkfail=0 free_kb=7206752 sims_boxwide=5 last_event_age=0s last_event_epoch=1790468569
[02:23:59] .. alive runid=20260927-014151-1919 event_age=70s | wave=s2crn total=52 valid=15 running=6 pending=31 launched=21 failed=0 gaveup=0 forkfail=0 free_kb=7206752 sims_boxwide=5 last_event_age=0s last_event_epoch=1790468569
[02:24:09] DONE clKE2_east_half_303 rc=0 922s clKE2 east/half seed=303 rescued=3 dead=1 unreachable=0 never_detected=0 ff_deaths=0 terminal=96 completions=3 recycles=3 removals=3 returns=3 wall=920s [valid 16/52] src=2a36d14ad942 ext=ea7002772ad1 head=e58953f06f865b15224900acb7d42a4799791ba9
[02:24:11] LAUNCH clKE2_south_half_404 running=6 free_kb=7258248 sims_boxwide=5 attempt=1 src=2a36d14ad942 ext=ea7002772ad1 head=e58953f06f865b15224900acb7d42a4799791ba9
[02:24:23] DONE clKE2_east_half_101 rc=0 1059s clKE2 east/half seed=101 rescued=4 dead=0 unreachable=0 never_detected=0 ff_deaths=0 terminal=175 completions=4 recycles=4 removals=4 returns=4 wall=1051s [valid 17/52] src=2a36d14ad942 ext=ea7002772ad1 head=e58953f06f865b15224900acb7d42a4799791ba9
[02:24:25] LAUNCH clKE2_south_half_505 running=6 free_kb=7205744 sims_boxwide=5 attempt=1 src=2a36d14ad942 ext=ea7002772ad1 head=e58953f06f865b15224900acb7d42a4799791ba9
[02:24:59] .. alive runid=20260927-014151-1919 event_age=34s | wave=s2crn total=52 valid=17 running=6 pending=29 launched=23 failed=0 gaveup=0 forkfail=0 free_kb=7205744 sims_boxwide=5 last_event_age=0s last_event_epoch=1790468665
[02:25:54] DONE clKE2_east_half_505 rc=0 934s clKE2 east/half seed=505 rescued=3 dead=1 unreachable=0 never_detected=0 ff_deaths=0 terminal=134 completions=3 recycles=3 removals=3 returns=3 wall=932s [valid 18/52] src=2a36d14ad942 ext=ea7002772ad1 head=e58953f06f865b15224900acb7d42a4799791ba9
[02:25:55] LAUNCH clKE2_east_def_101 running=6 free_kb=7279528 sims_boxwide=5 attempt=1 src=2a36d14ad942 ext=ea7002772ad1 head=e58953f06f865b15224900acb7d42a4799791ba9
[02:25:59] .. alive runid=20260927-014151-1919 event_age=4s | wave=s2crn total=52 valid=18 running=6 pending=28 launched=24 failed=0 gaveup=0 forkfail=0 free_kb=7279528 sims_boxwide=5 last_event_age=0s last_event_epoch=1790468755
[02:26:59] .. alive runid=20260927-014151-1919 event_age=64s | wave=s2crn total=52 valid=18 running=6 pending=28 launched=24 failed=0 gaveup=0 forkfail=0 free_kb=7279528 sims_boxwide=5 last_event_age=0s last_event_epoch=1790468755
[02:27:56] DONE clKE2_east_half_404 rc=0 1134s clKE2 east/half seed=404 rescued=3 dead=1 unreachable=0 never_detected=0 ff_deaths=0 terminal=207 completions=3 recycles=3 removals=3 returns=3 wall=1132s [valid 19/52] src=2a36d14ad942 ext=ea7002772ad1 head=e58953f06f865b15224900acb7d42a4799791ba9
[02:27:57] LAUNCH clKE2_east_def_202 running=6 free_kb=7336232 sims_boxwide=5 attempt=1 src=2a36d14ad942 ext=ea7002772ad1 head=e58953f06f865b15224900acb7d42a4799791ba9
[02:28:00] .. alive runid=20260927-014151-1919 event_age=3s | wave=s2crn total=52 valid=19 running=6 pending=27 launched=25 failed=0 gaveup=0 forkfail=0 free_kb=7336232 sims_boxwide=5 last_event_age=0s last_event_epoch=1790468877
[02:28:41] DONE clKE2_south_half_202 rc=0 512s clKE2 south/half seed=202 rescued=4 dead=0 unreachable=0 never_detected=0 ff_deaths=0 terminal=138 completions=4 recycles=4 removals=4 returns=4 wall=510s [valid 20/52] src=2a36d14ad942 ext=ea7002772ad1 head=e58953f06f865b15224900acb7d42a4799791ba9
[02:28:43] LAUNCH clKE2_east_def_303 running=6 free_kb=7239060 sims_boxwide=5 attempt=1 src=2a36d14ad942 ext=ea7002772ad1 head=e58953f06f865b15224900acb7d42a4799791ba9
[02:29:00] .. alive runid=20260927-014151-1919 event_age=17s | wave=s2crn total=52 valid=20 running=6 pending=26 launched=26 failed=0 gaveup=0 forkfail=0 free_kb=7239060 sims_boxwide=5 last_event_age=0s last_event_epoch=1790468923
[02:30:00] .. alive runid=20260927-014151-1919 event_age=77s | wave=s2crn total=52 valid=20 running=6 pending=26 launched=26 failed=0 gaveup=0 forkfail=0 free_kb=7239060 sims_boxwide=5 last_event_age=0s last_event_epoch=1790468923
[02:31:00] .. alive runid=20260927-014151-1919 event_age=137s | wave=s2crn total=52 valid=20 running=6 pending=26 launched=26 failed=0 gaveup=0 forkfail=0 free_kb=7239060 sims_boxwide=5 last_event_age=0s last_event_epoch=1790468923
[02:31:56] DONE clKE2_south_half_303 rc=0 546s clKE2 south/half seed=303 rescued=4 dead=0 unreachable=0 never_detected=0 ff_deaths=0 terminal=256 completions=4 recycles=4 removals=4 returns=4 wall=544s [valid 21/52] src=2a36d14ad942 ext=ea7002772ad1 head=e58953f06f865b15224900acb7d42a4799791ba9
[02:31:57] LAUNCH clKH_east_half_101 running=6 free_kb=7238912 sims_boxwide=5 attempt=1 src=2a36d14ad942 ext=ea7002772ad1 head=e58953f06f865b15224900acb7d42a4799791ba9
[02:32:00] .. alive runid=20260927-014151-1919 event_age=3s | wave=s2crn total=52 valid=21 running=6 pending=25 launched=27 failed=0 gaveup=0 forkfail=0 free_kb=7238912 sims_boxwide=5 last_event_age=0s last_event_epoch=1790469117
[02:33:00] .. alive runid=20260927-014151-1919 event_age=63s | wave=s2crn total=52 valid=21 running=6 pending=25 launched=27 failed=0 gaveup=0 forkfail=0 free_kb=7238912 sims_boxwide=5 last_event_age=0s last_event_epoch=1790469117
[02:33:45] DONE clKE2_south_half_505 rc=0 559s clKE2 south/half seed=505 rescued=4 dead=0 unreachable=0 never_detected=0 ff_deaths=0 terminal=116 completions=4 recycles=4 removals=4 returns=4 wall=558s [valid 22/52] src=2a36d14ad942 ext=ea7002772ad1 head=e58953f06f865b15224900acb7d42a4799791ba9
[02:33:46] LAUNCH clKH_east_half_202 running=6 free_kb=7196192 sims_boxwide=5 attempt=1 src=2a36d14ad942 ext=ea7002772ad1 head=e58953f06f865b15224900acb7d42a4799791ba9
[02:34:00] .. alive runid=20260927-014151-1919 event_age=14s | wave=s2crn total=52 valid=22 running=6 pending=24 launched=28 failed=0 gaveup=0 forkfail=0 free_kb=7196192 sims_boxwide=5 last_event_age=0s last_event_epoch=1790469226
[02:34:17] DONE clKE2_east_def_101 rc=0 502s clKE2 east/default seed=101 rescued=4 dead=0 unreachable=0 never_detected=0 ff_deaths=0 terminal=215 completions=4 recycles=4 removals=4 returns=4 wall=500s [valid 23/52] src=2a36d14ad942 ext=ea7002772ad1 head=e58953f06f865b15224900acb7d42a4799791ba9
[02:34:19] LAUNCH clKH_east_half_303 running=6 free_kb=7229016 sims_boxwide=5 attempt=1 src=2a36d14ad942 ext=ea7002772ad1 head=e58953f06f865b15224900acb7d42a4799791ba9
[02:34:38] DONE clKE2_south_half_404 rc=0 627s clKE2 south/half seed=404 rescued=2 dead=2 unreachable=0 never_detected=0 ff_deaths=1 terminal=216 completions=2 recycles=2 removals=2 returns=2 wall=625s [valid 24/52] src=2a36d14ad942 ext=ea7002772ad1 head=e58953f06f865b15224900acb7d42a4799791ba9
[02:34:40] LAUNCH clKH_east_half_404 running=6 free_kb=7066180 sims_boxwide=5 attempt=1 src=2a36d14ad942 ext=ea7002772ad1 head=e58953f06f865b15224900acb7d42a4799791ba9
[02:35:00] .. alive runid=20260927-014151-1919 event_age=20s | wave=s2crn total=52 valid=24 running=6 pending=22 launched=30 failed=0 gaveup=0 forkfail=0 free_kb=7066180 sims_boxwide=5 last_event_age=0s last_event_epoch=1790469280
[02:36:00] .. alive runid=20260927-014151-1919 event_age=80s | wave=s2crn total=52 valid=24 running=6 pending=22 launched=30 failed=0 gaveup=0 forkfail=0 free_kb=7066180 sims_boxwide=5 last_event_age=0s last_event_epoch=1790469280
[02:36:55] DONE clKE2_east_def_202 rc=0 537s clKE2 east/default seed=202 rescued=3 dead=0 unreachable=1 never_detected=1 ff_deaths=0 terminal=210 completions=3 recycles=3 removals=3 returns=3 wall=535s [valid 25/52] src=2a36d14ad942 ext=ea7002772ad1 head=e58953f06f865b15224900acb7d42a4799791ba9
[02:36:56] LAUNCH clKH_east_half_505 running=6 free_kb=7223976 sims_boxwide=5 attempt=1 src=2a36d14ad942 ext=ea7002772ad1 head=e58953f06f865b15224900acb7d42a4799791ba9
[02:37:00] .. alive runid=20260927-014151-1919 event_age=4s | wave=s2crn total=52 valid=25 running=6 pending=21 launched=31 failed=0 gaveup=0 forkfail=0 free_kb=7223976 sims_boxwide=5 last_event_age=0s last_event_epoch=1790469416
[02:38:00] .. alive runid=20260927-014151-1919 event_age=64s | wave=s2crn total=52 valid=25 running=6 pending=21 launched=31 failed=0 gaveup=0 forkfail=0 free_kb=7223976 sims_boxwide=5 last_event_age=0s last_event_epoch=1790469416
[02:38:07] DONE clKE2_east_def_303 rc=0 563s clKE2 east/default seed=303 rescued=2 dead=2 unreachable=0 never_detected=0 ff_deaths=1 terminal=126 completions=2 recycles=2 removals=2 returns=2 wall=562s [valid 26/52] src=2a36d14ad942 ext=ea7002772ad1 head=e58953f06f865b15224900acb7d42a4799791ba9
[02:38:08] LAUNCH clKH_south_half_101 running=6 free_kb=7304276 sims_boxwide=5 attempt=1 src=2a36d14ad942 ext=ea7002772ad1 head=e58953f06f865b15224900acb7d42a4799791ba9
[02:39:01] .. alive runid=20260927-014151-1919 event_age=53s | wave=s2crn total=52 valid=26 running=6 pending=20 launched=32 failed=0 gaveup=0 forkfail=0 free_kb=7304276 sims_boxwide=5 last_event_age=0s last_event_epoch=1790469488
[02:40:01] .. alive runid=20260927-014151-1919 event_age=113s | wave=s2crn total=52 valid=26 running=6 pending=20 launched=32 failed=0 gaveup=0 forkfail=0 free_kb=7304276 sims_boxwide=5 last_event_age=0s last_event_epoch=1790469488
[02:41:01] .. alive runid=20260927-014151-1919 event_age=173s | wave=s2crn total=52 valid=26 running=6 pending=20 launched=32 failed=0 gaveup=0 forkfail=0 free_kb=7304276 sims_boxwide=5 last_event_age=0s last_event_epoch=1790469488
[02:42:01] .. alive runid=20260927-014151-1919 event_age=233s | wave=s2crn total=52 valid=26 running=6 pending=20 launched=32 failed=0 gaveup=0 forkfail=0 free_kb=7304276 sims_boxwide=5 last_event_age=0s last_event_epoch=1790469488
[02:43:01] .. alive runid=20260927-014151-1919 event_age=293s | wave=s2crn total=52 valid=26 running=6 pending=20 launched=32 failed=0 gaveup=0 forkfail=0 free_kb=7304276 sims_boxwide=5 last_event_age=0s last_event_epoch=1790469488
[02:44:01] .. alive runid=20260927-014151-1919 event_age=353s | wave=s2crn total=52 valid=26 running=6 pending=20 launched=32 failed=0 gaveup=0 forkfail=0 free_kb=7304276 sims_boxwide=5 last_event_age=0s last_event_epoch=1790469488
[02:45:01] .. alive runid=20260927-014151-1919 event_age=413s | wave=s2crn total=52 valid=26 running=6 pending=20 launched=32 failed=0 gaveup=0 forkfail=0 free_kb=7304276 sims_boxwide=5 last_event_age=0s last_event_epoch=1790469488
[02:46:01] .. alive runid=20260927-014151-1919 event_age=473s | wave=s2crn total=52 valid=26 running=6 pending=20 launched=32 failed=0 gaveup=0 forkfail=0 free_kb=7304276 sims_boxwide=5 last_event_age=0s last_event_epoch=1790469488
[02:47:01] .. alive runid=20260927-014151-1919 event_age=533s | wave=s2crn total=52 valid=26 running=6 pending=20 launched=32 failed=0 gaveup=0 forkfail=0 free_kb=7304276 sims_boxwide=5 last_event_age=0s last_event_epoch=1790469488
[02:47:25] DONE clKH_south_half_101 rc=0 556s clKH south/half seed=101 rescued=3 dead=1 unreachable=0 never_detected=0 ff_deaths=0 terminal=90 completions=3 recycles=3 removals=3 returns=3 wall=554s [valid 27/52] src=2a36d14ad942 ext=ea7002772ad1 head=e58953f06f865b15224900acb7d42a4799791ba9
[02:47:26] LAUNCH clKH_south_half_202 running=6 free_kb=7231800 sims_boxwide=5 attempt=1 src=2a36d14ad942 ext=ea7002772ad1 head=e58953f06f865b15224900acb7d42a4799791ba9
[02:48:01] .. alive runid=20260927-014151-1919 event_age=35s | wave=s2crn total=52 valid=27 running=6 pending=19 launched=33 failed=0 gaveup=0 forkfail=0 free_kb=7231800 sims_boxwide=5 last_event_age=0s last_event_epoch=1790470046
[02:49:01] .. alive runid=20260927-014151-1919 event_age=95s | wave=s2crn total=52 valid=27 running=6 pending=19 launched=33 failed=0 gaveup=0 forkfail=0 free_kb=7231800 sims_boxwide=5 last_event_age=0s last_event_epoch=1790470046
[02:49:41] DONE clKH_east_half_303 rc=0 922s clKH east/half seed=303 rescued=3 dead=1 unreachable=0 never_detected=0 ff_deaths=0 terminal=96 completions=3 recycles=3 removals=3 returns=3 wall=920s [valid 28/52] src=2a36d14ad942 ext=ea7002772ad1 head=e58953f06f865b15224900acb7d42a4799791ba9
[02:49:43] LAUNCH clKH_south_half_303 running=6 free_kb=7135840 sims_boxwide=5 attempt=1 src=2a36d14ad942 ext=ea7002772ad1 head=e58953f06f865b15224900acb7d42a4799791ba9
[02:49:55] DONE clKH_east_half_101 rc=0 1078s clKH east/half seed=101 rescued=4 dead=0 unreachable=0 never_detected=0 ff_deaths=0 terminal=182 completions=4 recycles=4 removals=4 returns=4 wall=1073s [valid 29/52] src=2a36d14ad942 ext=ea7002772ad1 head=e58953f06f865b15224900acb7d42a4799791ba9
[02:49:57] LAUNCH clKH_south_half_404 running=6 free_kb=7180260 sims_boxwide=5 attempt=1 src=2a36d14ad942 ext=ea7002772ad1 head=e58953f06f865b15224900acb7d42a4799791ba9
[02:50:01] .. alive runid=20260927-014151-1919 event_age=4s | wave=s2crn total=52 valid=29 running=6 pending=17 launched=35 failed=0 gaveup=0 forkfail=0 free_kb=7180260 sims_boxwide=5 last_event_age=0s last_event_epoch=1790470197
[02:51:02] .. alive runid=20260927-014151-1919 event_age=65s | wave=s2crn total=52 valid=29 running=6 pending=17 launched=35 failed=0 gaveup=0 forkfail=0 free_kb=7180260 sims_boxwide=5 last_event_age=0s last_event_epoch=1790470197
[02:51:13] DONE clKH_east_half_202 rc=0 1046s clKH east/half seed=202 rescued=3 dead=1 unreachable=0 never_detected=0 ff_deaths=1 terminal=171 completions=3 recycles=3 removals=3 returns=3 wall=1044s [valid 30/52] src=2a36d14ad942 ext=ea7002772ad1 head=e58953f06f865b15224900acb7d42a4799791ba9
[02:51:14] LAUNCH clKH_south_half_505 running=6 free_kb=7294400 sims_boxwide=5 attempt=1 src=2a36d14ad942 ext=ea7002772ad1 head=e58953f06f865b15224900acb7d42a4799791ba9
[02:52:02] .. alive runid=20260927-014151-1919 event_age=48s | wave=s2crn total=52 valid=30 running=6 pending=16 launched=36 failed=0 gaveup=0 forkfail=0 free_kb=7294400 sims_boxwide=5 last_event_age=0s last_event_epoch=1790470274
[02:52:27] DONE clKH_east_half_505 rc=0 930s clKH east/half seed=505 rescued=3 dead=1 unreachable=0 never_detected=0 ff_deaths=0 terminal=134 completions=3 recycles=3 removals=3 returns=3 wall=928s [valid 31/52] src=2a36d14ad942 ext=ea7002772ad1 head=e58953f06f865b15224900acb7d42a4799791ba9
[02:52:28] LAUNCH clKH_east_def_101 running=6 free_kb=7297700 sims_boxwide=5 attempt=1 src=2a36d14ad942 ext=ea7002772ad1 head=e58953f06f865b15224900acb7d42a4799791ba9
[02:53:02] .. alive runid=20260927-014151-1919 event_age=34s | wave=s2crn total=52 valid=31 running=6 pending=15 launched=37 failed=0 gaveup=0 forkfail=0 free_kb=7297700 sims_boxwide=5 last_event_age=0s last_event_epoch=1790470348
[02:54:02] .. alive runid=20260927-014151-1919 event_age=94s | wave=s2crn total=52 valid=31 running=6 pending=15 launched=37 failed=0 gaveup=0 forkfail=0 free_kb=7297700 sims_boxwide=5 last_event_age=0s last_event_epoch=1790470348
[02:54:20] DONE clKH_east_half_404 rc=0 1179s clKH east/half seed=404 rescued=3 dead=1 unreachable=0 never_detected=0 ff_deaths=0 terminal=207 completions=3 recycles=3 removals=3 returns=3 wall=1178s [valid 32/52] src=2a36d14ad942 ext=ea7002772ad1 head=e58953f06f865b15224900acb7d42a4799791ba9
[02:54:21] LAUNCH clKH_east_def_202 running=6 free_kb=7220820 sims_boxwide=5 attempt=1 src=2a36d14ad942 ext=ea7002772ad1 head=e58953f06f865b15224900acb7d42a4799791ba9
[02:55:02] .. alive runid=20260927-014151-1919 event_age=41s | wave=s2crn total=52 valid=32 running=6 pending=14 launched=38 failed=0 gaveup=0 forkfail=0 free_kb=7220820 sims_boxwide=5 last_event_age=0s last_event_epoch=1790470461
[02:56:02] .. alive runid=20260927-014151-1919 event_age=101s | wave=s2crn total=52 valid=32 running=6 pending=14 launched=38 failed=0 gaveup=0 forkfail=0 free_kb=7220820 sims_boxwide=5 last_event_age=0s last_event_epoch=1790470461
[02:56:10] DONE clKH_south_half_202 rc=0 523s clKH south/half seed=202 rescued=4 dead=0 unreachable=0 never_detected=0 ff_deaths=0 terminal=138 completions=4 recycles=4 removals=4 returns=4 wall=521s [valid 33/52] src=2a36d14ad942 ext=ea7002772ad1 head=e58953f06f865b15224900acb7d42a4799791ba9
[02:56:11] LAUNCH clKH_east_def_303 running=6 free_kb=7249292 sims_boxwide=5 attempt=1 src=2a36d14ad942 ext=ea7002772ad1 head=e58953f06f865b15224900acb7d42a4799791ba9
[02:57:02] .. alive runid=20260927-014151-1919 event_age=51s | wave=s2crn total=52 valid=33 running=6 pending=13 launched=39 failed=0 gaveup=0 forkfail=0 free_kb=7249292 sims_boxwide=5 last_event_age=0s last_event_epoch=1790470571
[02:58:02] .. alive runid=20260927-014151-1919 event_age=111s | wave=s2crn total=52 valid=33 running=6 pending=13 launched=39 failed=0 gaveup=0 forkfail=0 free_kb=7249292 sims_boxwide=5 last_event_age=0s last_event_epoch=1790470571
[02:58:46] DONE clKH_south_half_303 rc=0 543s clKH south/half seed=303 rescued=4 dead=0 unreachable=0 never_detected=0 ff_deaths=0 terminal=256 completions=4 recycles=4 removals=4 returns=4 wall=541s [valid 34/52] src=2a36d14ad942 ext=ea7002772ad1 head=e58953f06f865b15224900acb7d42a4799791ba9
[02:58:48] LAUNCH clKA_east_half_101 running=6 free_kb=7192836 sims_boxwide=5 attempt=1 src=2a36d14ad942 ext=ea7002772ad1 head=e58953f06f865b15224900acb7d42a4799791ba9
[02:59:02] .. alive runid=20260927-014151-1919 event_age=14s | wave=s2crn total=52 valid=34 running=6 pending=12 launched=40 failed=0 gaveup=0 forkfail=0 free_kb=7192836 sims_boxwide=5 last_event_age=0s last_event_epoch=1790470728
[03:00:02] .. alive runid=20260927-014151-1919 event_age=74s | wave=s2crn total=52 valid=34 running=6 pending=12 launched=40 failed=0 gaveup=0 forkfail=0 free_kb=7192836 sims_boxwide=5 last_event_age=0s last_event_epoch=1790470728
[03:00:24] DONE clKH_south_half_404 rc=0 626s clKH south/half seed=404 rescued=2 dead=2 unreachable=0 never_detected=0 ff_deaths=1 terminal=216 completions=2 recycles=2 removals=2 returns=2 wall=625s [valid 35/52] src=2a36d14ad942 ext=ea7002772ad1 head=e58953f06f865b15224900acb7d42a4799791ba9
[03:00:25] LAUNCH clKA_east_half_202 running=6 free_kb=7096952 sims_boxwide=5 attempt=1 src=2a36d14ad942 ext=ea7002772ad1 head=e58953f06f865b15224900acb7d42a4799791ba9
[03:00:38] DONE clKH_south_half_505 rc=0 563s clKH south/half seed=505 rescued=4 dead=0 unreachable=0 never_detected=0 ff_deaths=0 terminal=116 completions=4 recycles=4 removals=4 returns=4 wall=551s [valid 36/52] src=2a36d14ad942 ext=ea7002772ad1 head=e58953f06f865b15224900acb7d42a4799791ba9
[03:00:39] LAUNCH clKA_east_half_303 running=6 free_kb=7138496 sims_boxwide=5 attempt=1 src=2a36d14ad942 ext=ea7002772ad1 head=e58953f06f865b15224900acb7d42a4799791ba9
[03:00:52] DONE clKH_east_def_101 rc=0 504s clKH east/default seed=101 rescued=4 dead=0 unreachable=0 never_detected=0 ff_deaths=0 terminal=215 completions=4 recycles=4 removals=4 returns=4 wall=496s [valid 37/52] src=2a36d14ad942 ext=ea7002772ad1 head=e58953f06f865b15224900acb7d42a4799791ba9
[03:00:53] LAUNCH clKA_east_half_404 running=6 free_kb=7256156 sims_boxwide=5 attempt=1 src=2a36d14ad942 ext=ea7002772ad1 head=e58953f06f865b15224900acb7d42a4799791ba9
[03:01:02] .. alive runid=20260927-014151-1919 event_age=9s | wave=s2crn total=52 valid=37 running=6 pending=9 launched=43 failed=0 gaveup=0 forkfail=0 free_kb=7256156 sims_boxwide=5 last_event_age=0s last_event_epoch=1790470853
[03:02:03] .. alive runid=20260927-014151-1919 event_age=70s | wave=s2crn total=52 valid=37 running=6 pending=9 launched=43 failed=0 gaveup=0 forkfail=0 free_kb=7256156 sims_boxwide=5 last_event_age=0s last_event_epoch=1790470853
[03:03:03] .. alive runid=20260927-014151-1919 event_age=130s | wave=s2crn total=52 valid=37 running=6 pending=9 launched=43 failed=0 gaveup=0 forkfail=0 free_kb=7256156 sims_boxwide=5 last_event_age=0s last_event_epoch=1790470853
[03:03:59] DONE clKH_east_def_202 rc=0 577s clKH east/default seed=202 rescued=2 dead=1 unreachable=1 never_detected=1 ff_deaths=1 terminal=210 completions=2 recycles=2 removals=2 returns=2 wall=575s [valid 38/52] src=2a36d14ad942 ext=ea7002772ad1 head=e58953f06f865b15224900acb7d42a4799791ba9
[03:04:00] LAUNCH clKA_east_half_505 running=6 free_kb=7303884 sims_boxwide=5 attempt=1 src=2a36d14ad942 ext=ea7002772ad1 head=e58953f06f865b15224900acb7d42a4799791ba9
[03:04:03] .. alive runid=20260927-014151-1919 event_age=3s | wave=s2crn total=52 valid=38 running=6 pending=8 launched=44 failed=0 gaveup=0 forkfail=0 free_kb=7303884 sims_boxwide=5 last_event_age=0s last_event_epoch=1790471040
[03:05:03] .. alive runid=20260927-014151-1919 event_age=63s | wave=s2crn total=52 valid=38 running=6 pending=8 launched=44 failed=0 gaveup=0 forkfail=0 free_kb=7303884 sims_boxwide=5 last_event_age=0s last_event_epoch=1790471040
[03:05:31] DONE clKH_east_def_303 rc=0 560s clKH east/default seed=303 rescued=2 dead=2 unreachable=0 never_detected=0 ff_deaths=1 terminal=126 completions=2 recycles=2 removals=2 returns=2 wall=558s [valid 39/52] src=2a36d14ad942 ext=ea7002772ad1 head=e58953f06f865b15224900acb7d42a4799791ba9
[03:05:33] LAUNCH clKA_south_half_101 running=6 free_kb=7254452 sims_boxwide=5 attempt=1 src=2a36d14ad942 ext=ea7002772ad1 head=e58953f06f865b15224900acb7d42a4799791ba9
[03:06:03] .. alive runid=20260927-014151-1919 event_age=30s | wave=s2crn total=52 valid=39 running=6 pending=7 launched=45 failed=0 gaveup=0 forkfail=0 free_kb=7254452 sims_boxwide=5 last_event_age=0s last_event_epoch=1790471133
[03:07:03] .. alive runid=20260927-014151-1919 event_age=90s | wave=s2crn total=52 valid=39 running=6 pending=7 launched=45 failed=0 gaveup=0 forkfail=0 free_kb=7254452 sims_boxwide=5 last_event_age=0s last_event_epoch=1790471133
[03:08:03] .. alive runid=20260927-014151-1919 event_age=150s | wave=s2crn total=52 valid=39 running=6 pending=7 launched=45 failed=0 gaveup=0 forkfail=0 free_kb=7254452 sims_boxwide=5 last_event_age=0s last_event_epoch=1790471133
[03:09:03] .. alive runid=20260927-014151-1919 event_age=210s | wave=s2crn total=52 valid=39 running=6 pending=7 launched=45 failed=0 gaveup=0 forkfail=0 free_kb=7254452 sims_boxwide=5 last_event_age=0s last_event_epoch=1790471133
[03:10:03] .. alive runid=20260927-014151-1919 event_age=270s | wave=s2crn total=52 valid=39 running=6 pending=7 launched=45 failed=0 gaveup=0 forkfail=0 free_kb=7254452 sims_boxwide=5 last_event_age=0s last_event_epoch=1790471133
[03:11:03] .. alive runid=20260927-014151-1919 event_age=330s | wave=s2crn total=52 valid=39 running=6 pending=7 launched=45 failed=0 gaveup=0 forkfail=0 free_kb=7254452 sims_boxwide=5 last_event_age=0s last_event_epoch=1790471133
[03:12:03] .. alive runid=20260927-014151-1919 event_age=390s | wave=s2crn total=52 valid=39 running=6 pending=7 launched=45 failed=0 gaveup=0 forkfail=0 free_kb=7254452 sims_boxwide=5 last_event_age=0s last_event_epoch=1790471133
[03:13:04] .. alive runid=20260927-014151-1919 event_age=451s | wave=s2crn total=52 valid=39 running=6 pending=7 launched=45 failed=0 gaveup=0 forkfail=0 free_kb=7254452 sims_boxwide=5 last_event_age=0s last_event_epoch=1790471133
[03:14:04] .. alive runid=20260927-014151-1919 event_age=511s | wave=s2crn total=52 valid=39 running=6 pending=7 launched=45 failed=0 gaveup=0 forkfail=0 free_kb=7254452 sims_boxwide=5 last_event_age=0s last_event_epoch=1790471133
[03:14:35] DONE clKA_south_half_101 rc=0 541s clKA south/half seed=101 rescued=3 dead=1 unreachable=0 never_detected=0 ff_deaths=0 terminal=90 completions=3 recycles=3 removals=3 returns=3 wall=539s [valid 40/52] src=2a36d14ad942 ext=ea7002772ad1 head=e58953f06f865b15224900acb7d42a4799791ba9
[03:14:36] LAUNCH clKA_south_half_202 running=6 free_kb=12367924 sims_boxwide=5 attempt=1 src=2a36d14ad942 ext=ea7002772ad1 head=e58953f06f865b15224900acb7d42a4799791ba9
[03:14:53] DONE clKA_east_half_202 rc=0 867s clKA east/half seed=202 rescued=4 dead=0 unreachable=0 never_detected=0 ff_deaths=0 terminal=127 completions=4 recycles=4 removals=4 returns=4 wall=865s [valid 41/52] src=2a36d14ad942 ext=ea7002772ad1 head=e58953f06f865b15224900acb7d42a4799791ba9
[03:14:54] LAUNCH clKA_south_half_303 running=6 free_kb=12443852 sims_boxwide=5 attempt=1 src=2a36d14ad942 ext=ea7002772ad1 head=e58953f06f865b15224900acb7d42a4799791ba9
[03:15:04] .. alive runid=20260927-014151-1919 event_age=10s | wave=s2crn total=52 valid=41 running=6 pending=5 launched=47 failed=0 gaveup=0 forkfail=0 free_kb=12443852 sims_boxwide=5 last_event_age=0s last_event_epoch=1790471694
[03:15:47] DONE clKA_east_half_303 rc=0 908s clKA east/half seed=303 rescued=3 dead=1 unreachable=0 never_detected=0 ff_deaths=0 terminal=96 completions=3 recycles=3 removals=3 returns=3 wall=905s [valid 42/52] src=2a36d14ad942 ext=ea7002772ad1 head=e58953f06f865b15224900acb7d42a4799791ba9
[03:15:48] LAUNCH clKA_south_half_404 running=6 free_kb=13410004 sims_boxwide=5 attempt=1 src=2a36d14ad942 ext=ea7002772ad1 head=e58953f06f865b15224900acb7d42a4799791ba9
[03:16:01] DONE clKA_east_half_101 rc=0 1032s clKA east/half seed=101 rescued=4 dead=0 unreachable=0 never_detected=0 ff_deaths=0 terminal=175 completions=4 recycles=4 removals=4 returns=4 wall=1027s [valid 43/52] src=2a36d14ad942 ext=ea7002772ad1 head=e58953f06f865b15224900acb7d42a4799791ba9
[03:16:02] LAUNCH clKA_south_half_505 running=6 free_kb=13466008 sims_boxwide=5 attempt=1 src=2a36d14ad942 ext=ea7002772ad1 head=e58953f06f865b15224900acb7d42a4799791ba9
[03:16:04] .. alive runid=20260927-014151-1919 event_age=2s | wave=s2crn total=52 valid=43 running=6 pending=3 launched=49 failed=0 gaveup=0 forkfail=0 free_kb=13466008 sims_boxwide=5 last_event_age=0s last_event_epoch=1790471762
[03:17:04] .. alive runid=20260927-014151-1919 event_age=62s | wave=s2crn total=52 valid=43 running=6 pending=3 launched=49 failed=0 gaveup=0 forkfail=0 free_kb=13466008 sims_boxwide=5 last_event_age=0s last_event_epoch=1790471762
[03:18:04] .. alive runid=20260927-014151-1919 event_age=122s | wave=s2crn total=52 valid=43 running=6 pending=3 launched=49 failed=0 gaveup=0 forkfail=0 free_kb=13466008 sims_boxwide=5 last_event_age=0s last_event_epoch=1790471762
[03:19:00] DONE clKA_east_half_505 rc=0 899s clKA east/half seed=505 rescued=3 dead=1 unreachable=0 never_detected=0 ff_deaths=0 terminal=134 completions=3 recycles=3 removals=3 returns=3 wall=897s [valid 44/52] src=2a36d14ad942 ext=ea7002772ad1 head=e58953f06f865b15224900acb7d42a4799791ba9
[03:19:01] LAUNCH clKA_east_def_101 running=6 free_kb=13430656 sims_boxwide=5 attempt=1 src=2a36d14ad942 ext=ea7002772ad1 head=e58953f06f865b15224900acb7d42a4799791ba9
[03:19:04] .. alive runid=20260927-014151-1919 event_age=3s | wave=s2crn total=52 valid=44 running=6 pending=2 launched=50 failed=0 gaveup=0 forkfail=0 free_kb=13430656 sims_boxwide=5 last_event_age=0s last_event_epoch=1790471941
[03:19:38] DONE clKA_east_half_404 rc=0 1125s clKA east/half seed=404 rescued=3 dead=1 unreachable=0 never_detected=0 ff_deaths=0 terminal=207 completions=3 recycles=3 removals=3 returns=3 wall=1122s [valid 45/52] src=2a36d14ad942 ext=ea7002772ad1 head=e58953f06f865b15224900acb7d42a4799791ba9
[03:19:39] LAUNCH clKA_east_def_202 running=6 free_kb=13350472 sims_boxwide=5 attempt=1 src=2a36d14ad942 ext=ea7002772ad1 head=e58953f06f865b15224900acb7d42a4799791ba9
[03:20:04] .. alive runid=20260927-014151-1919 event_age=25s | wave=s2crn total=52 valid=45 running=6 pending=1 launched=51 failed=0 gaveup=0 forkfail=0 free_kb=13350472 sims_boxwide=5 last_event_age=0s last_event_epoch=1790471979
[03:21:04] .. alive runid=20260927-014151-1919 event_age=85s | wave=s2crn total=52 valid=45 running=6 pending=1 launched=51 failed=0 gaveup=0 forkfail=0 free_kb=13350472 sims_boxwide=5 last_event_age=0s last_event_epoch=1790471979
[03:22:04] .. alive runid=20260927-014151-1919 event_age=145s | wave=s2crn total=52 valid=45 running=6 pending=1 launched=51 failed=0 gaveup=0 forkfail=0 free_kb=13350472 sims_boxwide=5 last_event_age=0s last_event_epoch=1790471979
[03:22:35] DONE clKA_south_half_202 rc=0 478s clKA south/half seed=202 rescued=4 dead=0 unreachable=0 never_detected=0 ff_deaths=0 terminal=138 completions=4 recycles=4 removals=4 returns=4 wall=477s [valid 46/52] src=2a36d14ad942 ext=ea7002772ad1 head=e58953f06f865b15224900acb7d42a4799791ba9
[03:22:36] LAUNCH clKA_east_def_303 running=6 free_kb=13414916 sims_boxwide=5 attempt=1 src=2a36d14ad942 ext=ea7002772ad1 head=e58953f06f865b15224900acb7d42a4799791ba9
[03:23:04] .. alive runid=20260927-014151-1919 event_age=28s | wave=s2crn total=52 valid=46 running=6 pending=0 launched=52 failed=0 gaveup=0 forkfail=0 free_kb=13414916 sims_boxwide=5 last_event_age=0s last_event_epoch=1790472156
[03:23:28] DONE clKA_south_half_303 rc=0 513s clKA south/half seed=303 rescued=4 dead=0 unreachable=0 never_detected=0 ff_deaths=0 terminal=256 completions=4 recycles=4 removals=4 returns=4 wall=512s [valid 47/52] src=2a36d14ad942 ext=ea7002772ad1 head=e58953f06f865b15224900acb7d42a4799791ba9
[03:24:04] .. alive runid=20260927-014151-1919 event_age=37s | wave=s2crn total=52 valid=47 running=5 pending=0 launched=52 failed=0 gaveup=0 forkfail=0 free_kb=13414916 sims_boxwide=5 last_event_age=1s last_event_epoch=1790472207
[03:24:51] DONE clKA_south_half_505 rc=0 529s clKA south/half seed=505 rescued=4 dead=0 unreachable=0 never_detected=0 ff_deaths=0 terminal=116 completions=4 recycles=4 removals=4 returns=4 wall=527s [valid 48/52] src=2a36d14ad942 ext=ea7002772ad1 head=e58953f06f865b15224900acb7d42a4799791ba9
[03:25:05] .. alive runid=20260927-014151-1919 event_age=14s | wave=s2crn total=52 valid=48 running=4 pending=0 launched=52 failed=0 gaveup=0 forkfail=0 free_kb=13414916 sims_boxwide=5 last_event_age=0s last_event_epoch=1790472291
[03:25:24] DONE clKA_south_half_404 rc=0 575s clKA south/half seed=404 rescued=2 dead=2 unreachable=0 never_detected=0 ff_deaths=1 terminal=216 completions=2 recycles=2 removals=2 returns=2 wall=573s [valid 49/52] src=2a36d14ad942 ext=ea7002772ad1 head=e58953f06f865b15224900acb7d42a4799791ba9
[03:26:05] .. alive runid=20260927-014151-1919 event_age=42s | wave=s2crn total=52 valid=49 running=3 pending=0 launched=52 failed=0 gaveup=0 forkfail=0 free_kb=13414916 sims_boxwide=5 last_event_age=1s last_event_epoch=1790472323
[03:26:26] DONE clKA_east_def_101 rc=0 444s clKA east/default seed=101 rescued=4 dead=0 unreachable=0 never_detected=0 ff_deaths=0 terminal=215 completions=4 recycles=4 removals=4 returns=4 wall=443s [valid 50/52] src=2a36d14ad942 ext=ea7002772ad1 head=e58953f06f865b15224900acb7d42a4799791ba9
[03:27:05] .. alive runid=20260927-014151-1919 event_age=40s | wave=s2crn total=52 valid=50 running=2 pending=0 launched=52 failed=0 gaveup=0 forkfail=0 free_kb=13414916 sims_boxwide=5 last_event_age=1s last_event_epoch=1790472385
[03:27:29] DONE clKA_east_def_202 rc=0 470s clKA east/default seed=202 rescued=3 dead=0 unreachable=1 never_detected=1 ff_deaths=0 terminal=210 completions=3 recycles=3 removals=3 returns=3 wall=468s [valid 51/52] src=2a36d14ad942 ext=ea7002772ad1 head=e58953f06f865b15224900acb7d42a4799791ba9
[03:28:05] .. alive runid=20260927-014151-1919 event_age=36s | wave=s2crn total=52 valid=51 running=1 pending=0 launched=52 failed=0 gaveup=0 forkfail=0 free_kb=13414916 sims_boxwide=5 last_event_age=0s last_event_epoch=1790472449
[03:29:05] .. alive runid=20260927-014151-1919 event_age=96s | wave=s2crn total=52 valid=51 running=1 pending=0 launched=52 failed=0 gaveup=0 forkfail=0 free_kb=13414916 sims_boxwide=5 last_event_age=0s last_event_epoch=1790472449
[03:29:39] DONE clKA_east_def_303 rc=0 423s clKA east/default seed=303 rescued=2 dead=2 unreachable=0 never_detected=0 ff_deaths=1 terminal=126 completions=2 recycles=2 removals=2 returns=2 wall=421s [valid 52/52] src=2a36d14ad942 ext=ea7002772ad1 head=e58953f06f865b15224900acb7d42a4799791ba9
[03:29:39] MAIN LOOP LEFT pending=0 running=0
[03:29:41] FINAL SUMMARY total=52 valid=52 invalid=0 missing=0
[03:29:41] FINAL wave=s2crn SUMMARY total=52 valid=52 invalid=0 missing=0 live_this_wave=0 sims_boxwide=0
[03:29:41] ALL_DCD4RB_COMPLETE wave=s2crn runid=20260927-014151-1919 valid=52/52 launched=52 failed=0 forkfail=0 src=2a36d14ad942 ext=ea7002772ad1 head=e58953f06f865b15224900acb7d42a4799791ba9
[03:30:05] HEARTBEAT EXIT wave=s2crn runid=20260927-014151-1919 (sentinel)
