[03:32:51] POOL START wave=probecrn runid=20260927-033250-2408 restart=0 pid=2408 winpid=15156 head=108a0adf55acdb5743cd70a347fc7810fbcefe24 src=2a36d14ad942 ext=679f0f7f13c8 harness=outputs/_cl_probe.py dirty_tracked=0 queue=outputs/_cl_probe_crn_queue.txt maxpar=1 minfree_kb=3500000
[03:32:52] ENV 3.10.11 mesa 1.2.1  prereg_sha256=729d98c97b8d48f8 queue_sha256=5a22d9b013d47ad8
[03:32:53] SHIPPED BASE_STATION_MODE=3 BASE_STATION_RETURN_MECHANISM=2 BASE_STATION_DEPOTS=9 BASE_STATION_SPAWN_SPLIT=2 UAV_RETURN_TO_BASE_RESERVE=0.0 BASE_STATION_RETURN_MARGIN=39.23 BASE_STATION_DOCK_FIX=2 BASE_STATION_RETURN_STALL_LIMIT=3 BASE_STATION_WAYPOINT_FIX=1 ROUTE_BLOCK_STALE_CLEAR=1 VICTIM_SEARCHER_HAZARD_RETREAT_RANGE=99 BASE_STATION_FIREPROOF=1 BASE_STATION_FIREPROOF_DRY_RUN=0 VICTIM_SEARCHER_HAZARD_GATE_BOUNDS_FIX=1 FF_FIREFIGHT_EXTINGUISH=1 FF_FIREFIGHT_FIREBREAK=1 FF_FIREFIGHT_ENGAGED_RETREAT_RANGE=1 FF_FIREFIGHT_MISSION_GATE=0 FF_FIREFIGHT_DRY_RUN=0 FF_EXIT_LEG_MODE=0 FF_EXIT_LEG_HOLD=0 FF_EXIT_LEG_SERVED=0 ff_exit_leg_mode()=0 ff_exit_leg_hold()=False ff_exit_leg_served()=0
[03:32:54] SHIPPED-CONTROL head=6160438
BASE_STATION_MODE=3 BASE_STATION_RETURN_MECHANISM=2 BASE_STATION_DEPOTS=9 BASE_STATION_SPAWN_SPLIT=2 UAV_RETURN_TO_BASE_RESERVE=0.0 BASE_STATION_RETURN_MARGIN=39.23 BASE_STATION_DOCK_FIX=2 BASE_STATION_RETURN_STALL_LIMIT=3 BASE_STATION_WAYPOINT_FIX=1 ROUTE_BLOCK_STALE_CLEAR=1 VICTIM_SEARCHER_HAZARD_RETREAT_RANGE=99 BASE_STATION_FIREPROOF=1 BASE_STATION_FIREPROOF_DRY_RUN=0 VICTIM_SEARCHER_HAZARD_GATE_BOUNDS_FIX=1 FF_FIREFIGHT_EXTINGUISH=1 FF_FIREFIGHT_FIREBREAK=1 FF_FIREFIGHT_ENGAGED_RETREAT_RANGE=1 FF_FIREFIGHT_MISSION_GATE=0 FF_FIREFIGHT_DRY_RUN=0 FF_EXIT_LEG_MODE=ABSENT FF_EXIT_LEG_HOLD=ABSENT FF_EXIT_LEG_SERVED=ABSENT ff_exit_leg_mode()=ABSENT ff_exit_leg_hold()=ABSENT ff_exit_leg_served()=ABSENT
[03:32:55] VALIDATE total=6 valid=0 invalid=0 missing=6
[03:32:55] START STATE wave=probecrn total=6 valid=0 pending=6 live_orphans_this_wave=5 sims_boxwide=5 free_kb=10710508
[03:32:55] HEARTBEAT pid=2529 every 60s -> outputs/_cl_probe_crn_wave.log ; state file outputs/_cl_probe_crn_state.txt ; sentinel outputs/_cl_probe_crn_hb_20260927-033250-2408.stop
[03:32:56] LAUNCH clKPS0_south_half_1048395951 running=1 free_kb=10698048 sims_boxwide=5 attempt=1 src=2a36d14ad942 ext=679f0f7f13c8 head=108a0adf55acdb5743cd70a347fc7810fbcefe24
[03:33:55] .. alive runid=20260927-033250-2408 event_age=59s | wave=probecrn total=6 valid=0 running=1 pending=5 launched=1 failed=0 gaveup=0 forkfail=0 free_kb=10698048 sims_boxwide=5 last_event_age=0s last_event_epoch=1790472776
[03:34:55] .. alive runid=20260927-033250-2408 event_age=119s | wave=probecrn total=6 valid=0 running=1 pending=5 launched=1 failed=0 gaveup=0 forkfail=0 free_kb=10698048 sims_boxwide=5 last_event_age=0s last_event_epoch=1790472776
[03:35:55] .. alive runid=20260927-033250-2408 event_age=179s | wave=probecrn total=6 valid=0 running=1 pending=5 launched=1 failed=0 gaveup=0 forkfail=0 free_kb=10698048 sims_boxwide=5 last_event_age=0s last_event_epoch=1790472776
[03:36:55] .. alive runid=20260927-033250-2408 event_age=239s | wave=probecrn total=6 valid=0 running=1 pending=5 launched=1 failed=0 gaveup=0 forkfail=0 free_kb=10698048 sims_boxwide=5 last_event_age=0s last_event_epoch=1790472776
[03:37:56] .. alive runid=20260927-033250-2408 event_age=300s | wave=probecrn total=6 valid=0 running=1 pending=5 launched=1 failed=0 gaveup=0 forkfail=0 free_kb=10698048 sims_boxwide=5 last_event_age=0s last_event_epoch=1790472776
[03:38:56] .. alive runid=20260927-033250-2408 event_age=360s | wave=probecrn total=6 valid=0 running=1 pending=5 launched=1 failed=0 gaveup=0 forkfail=0 free_kb=10698048 sims_boxwide=5 last_event_age=0s last_event_epoch=1790472776
[03:39:56] .. alive runid=20260927-033250-2408 event_age=420s | wave=probecrn total=6 valid=0 running=1 pending=5 launched=1 failed=0 gaveup=0 forkfail=0 free_kb=10698048 sims_boxwide=5 last_event_age=0s last_event_epoch=1790472776
[03:40:56] .. alive runid=20260927-033250-2408 event_age=480s | wave=probecrn total=6 valid=0 running=1 pending=5 launched=1 failed=0 gaveup=0 forkfail=0 free_kb=10698048 sims_boxwide=5 last_event_age=0s last_event_epoch=1790472776
[03:41:56] .. alive runid=20260927-033250-2408 event_age=540s | wave=probecrn total=6 valid=0 running=1 pending=5 launched=1 failed=0 gaveup=0 forkfail=0 free_kb=10698048 sims_boxwide=5 last_event_age=0s last_event_epoch=1790472776
[03:42:56] .. alive runid=20260927-033250-2408 event_age=600s | wave=probecrn total=6 valid=0 running=1 pending=5 launched=1 failed=0 gaveup=0 forkfail=0 free_kb=10698048 sims_boxwide=5 last_event_age=0s last_event_epoch=1790472776
[03:43:56] .. alive runid=20260927-033250-2408 event_age=660s | wave=probecrn total=6 valid=0 running=1 pending=5 launched=1 failed=0 gaveup=0 forkfail=0 free_kb=10698048 sims_boxwide=5 last_event_age=0s last_event_epoch=1790472776
[03:44:56] .. alive runid=20260927-033250-2408 event_age=720s | wave=probecrn total=6 valid=0 running=1 pending=5 launched=1 failed=0 gaveup=0 forkfail=0 free_kb=10698048 sims_boxwide=5 last_event_age=0s last_event_epoch=1790472776
[03:45:08] DONE clKPS0_south_half_1048395951 rc=0 732s clKPS0 south/half seed=1048395951 rescued=3 dead=1 unreachable=0 never_detected=0 ff_deaths=2 terminal=132 completions=3 recycles=3 removals=3 returns=3 wall=730s [valid 1/6] src=2a36d14ad942 ext=679f0f7f13c8 head=108a0adf55acdb5743cd70a347fc7810fbcefe24
[03:45:10] LAUNCH clKPS0_east_half_1433805104 running=1 free_kb=4312236 sims_boxwide=8 attempt=1 src=2a36d14ad942 ext=679f0f7f13c8 head=108a0adf55acdb5743cd70a347fc7810fbcefe24
[03:45:56] .. alive runid=20260927-033250-2408 event_age=46s | wave=probecrn total=6 valid=1 running=1 pending=4 launched=2 failed=0 gaveup=0 forkfail=0 free_kb=4312236 sims_boxwide=8 last_event_age=0s last_event_epoch=1790473510
[03:46:56] .. alive runid=20260927-033250-2408 event_age=106s | wave=probecrn total=6 valid=1 running=1 pending=4 launched=2 failed=0 gaveup=0 forkfail=0 free_kb=4312236 sims_boxwide=8 last_event_age=0s last_event_epoch=1790473510
[03:47:56] .. alive runid=20260927-033250-2408 event_age=166s | wave=probecrn total=6 valid=1 running=1 pending=4 launched=2 failed=0 gaveup=0 forkfail=0 free_kb=4312236 sims_boxwide=8 last_event_age=0s last_event_epoch=1790473510
[03:48:57] .. alive runid=20260927-033250-2408 event_age=227s | wave=probecrn total=6 valid=1 running=1 pending=4 launched=2 failed=0 gaveup=0 forkfail=0 free_kb=4312236 sims_boxwide=8 last_event_age=0s last_event_epoch=1790473510
[03:49:57] .. alive runid=20260927-033250-2408 event_age=287s | wave=probecrn total=6 valid=1 running=1 pending=4 launched=2 failed=0 gaveup=0 forkfail=0 free_kb=4312236 sims_boxwide=8 last_event_age=0s last_event_epoch=1790473510
[03:50:57] .. alive runid=20260927-033250-2408 event_age=347s | wave=probecrn total=6 valid=1 running=1 pending=4 launched=2 failed=0 gaveup=0 forkfail=0 free_kb=4312236 sims_boxwide=8 last_event_age=0s last_event_epoch=1790473510
[03:51:57] .. alive runid=20260927-033250-2408 event_age=407s | wave=probecrn total=6 valid=1 running=1 pending=4 launched=2 failed=0 gaveup=0 forkfail=0 free_kb=4312236 sims_boxwide=8 last_event_age=0s last_event_epoch=1790473510
[03:52:57] .. alive runid=20260927-033250-2408 event_age=467s | wave=probecrn total=6 valid=1 running=1 pending=4 launched=2 failed=0 gaveup=0 forkfail=0 free_kb=4312236 sims_boxwide=8 last_event_age=0s last_event_epoch=1790473510
[03:53:57] .. alive runid=20260927-033250-2408 event_age=527s | wave=probecrn total=6 valid=1 running=1 pending=4 launched=2 failed=0 gaveup=0 forkfail=0 free_kb=4312236 sims_boxwide=8 last_event_age=0s last_event_epoch=1790473510
[03:54:57] .. alive runid=20260927-033250-2408 event_age=587s | wave=probecrn total=6 valid=1 running=1 pending=4 launched=2 failed=0 gaveup=0 forkfail=0 free_kb=4312236 sims_boxwide=8 last_event_age=0s last_event_epoch=1790473510
[03:55:57] .. alive runid=20260927-033250-2408 event_age=647s | wave=probecrn total=6 valid=1 running=1 pending=4 launched=2 failed=0 gaveup=0 forkfail=0 free_kb=4312236 sims_boxwide=8 last_event_age=0s last_event_epoch=1790473510
[03:56:57] .. alive runid=20260927-033250-2408 event_age=707s | wave=probecrn total=6 valid=1 running=1 pending=4 launched=2 failed=0 gaveup=0 forkfail=0 free_kb=4312236 sims_boxwide=8 last_event_age=0s last_event_epoch=1790473510
[03:57:57] .. alive runid=20260927-033250-2408 event_age=767s | wave=probecrn total=6 valid=1 running=1 pending=4 launched=2 failed=0 gaveup=0 forkfail=0 free_kb=4312236 sims_boxwide=8 last_event_age=0s last_event_epoch=1790473510
[03:58:57] .. alive runid=20260927-033250-2408 event_age=827s | wave=probecrn total=6 valid=1 running=1 pending=4 launched=2 failed=0 gaveup=0 forkfail=0 free_kb=4312236 sims_boxwide=8 last_event_age=0s last_event_epoch=1790473510
[03:59:57] .. alive runid=20260927-033250-2408 event_age=887s | wave=probecrn total=6 valid=1 running=1 pending=4 launched=2 failed=0 gaveup=0 forkfail=0 free_kb=4312236 sims_boxwide=8 last_event_age=0s last_event_epoch=1790473510
[04:00:07] DONE clKPS0_east_half_1433805104 rc=0 896s clKPS0 east/half seed=1433805104 rescued=3 dead=1 unreachable=0 never_detected=0 ff_deaths=1 terminal=99 completions=3 recycles=3 removals=3 returns=3 wall=895s [valid 2/6] src=2a36d14ad942 ext=679f0f7f13c8 head=108a0adf55acdb5743cd70a347fc7810fbcefe24
[04:00:08] LAUNCH clKPS0_east_def_1420331661 running=1 free_kb=4174220 sims_boxwide=8 attempt=1 src=2a36d14ad942 ext=679f0f7f13c8 head=108a0adf55acdb5743cd70a347fc7810fbcefe24
[04:00:58] .. alive runid=20260927-033250-2408 event_age=50s | wave=probecrn total=6 valid=2 running=1 pending=3 launched=3 failed=0 gaveup=0 forkfail=0 free_kb=4174220 sims_boxwide=8 last_event_age=0s last_event_epoch=1790474408
[04:01:58] .. alive runid=20260927-033250-2408 event_age=110s | wave=probecrn total=6 valid=2 running=1 pending=3 launched=3 failed=0 gaveup=0 forkfail=0 free_kb=4174220 sims_boxwide=8 last_event_age=0s last_event_epoch=1790474408
[04:02:58] .. alive runid=20260927-033250-2408 event_age=170s | wave=probecrn total=6 valid=2 running=1 pending=3 launched=3 failed=0 gaveup=0 forkfail=0 free_kb=4174220 sims_boxwide=8 last_event_age=0s last_event_epoch=1790474408
[04:03:58] .. alive runid=20260927-033250-2408 event_age=230s | wave=probecrn total=6 valid=2 running=1 pending=3 launched=3 failed=0 gaveup=0 forkfail=0 free_kb=4174220 sims_boxwide=8 last_event_age=0s last_event_epoch=1790474408
[04:04:58] .. alive runid=20260927-033250-2408 event_age=290s | wave=probecrn total=6 valid=2 running=1 pending=3 launched=3 failed=0 gaveup=0 forkfail=0 free_kb=4174220 sims_boxwide=8 last_event_age=0s last_event_epoch=1790474408
[04:05:58] .. alive runid=20260927-033250-2408 event_age=350s | wave=probecrn total=6 valid=2 running=1 pending=3 launched=3 failed=0 gaveup=0 forkfail=0 free_kb=4174220 sims_boxwide=8 last_event_age=0s last_event_epoch=1790474408
[04:06:58] .. alive runid=20260927-033250-2408 event_age=410s | wave=probecrn total=6 valid=2 running=1 pending=3 launched=3 failed=0 gaveup=0 forkfail=0 free_kb=4174220 sims_boxwide=8 last_event_age=0s last_event_epoch=1790474408
[04:07:58] .. alive runid=20260927-033250-2408 event_age=470s | wave=probecrn total=6 valid=2 running=1 pending=3 launched=3 failed=0 gaveup=0 forkfail=0 free_kb=4174220 sims_boxwide=8 last_event_age=0s last_event_epoch=1790474408
[04:08:58] .. alive runid=20260927-033250-2408 event_age=530s | wave=probecrn total=6 valid=2 running=1 pending=3 launched=3 failed=0 gaveup=0 forkfail=0 free_kb=4174220 sims_boxwide=8 last_event_age=0s last_event_epoch=1790474408
[04:09:58] .. alive runid=20260927-033250-2408 event_age=590s | wave=probecrn total=6 valid=2 running=1 pending=3 launched=3 failed=0 gaveup=0 forkfail=0 free_kb=4174220 sims_boxwide=8 last_event_age=0s last_event_epoch=1790474408
[04:10:47] DONE clKPS0_east_def_1420331661 rc=0 638s clKPS0 east/default seed=1420331661 rescued=2 dead=0 unreachable=2 never_detected=0 ff_deaths=1 terminal=116 completions=2 recycles=2 removals=2 returns=2 wall=636s [valid 3/6] src=2a36d14ad942 ext=679f0f7f13c8 head=108a0adf55acdb5743cd70a347fc7810fbcefe24
[04:10:48] LAUNCH clKPS1_south_half_1048395951 running=1 free_kb=4316396 sims_boxwide=8 attempt=1 src=2a36d14ad942 ext=679f0f7f13c8 head=108a0adf55acdb5743cd70a347fc7810fbcefe24
[04:10:58] .. alive runid=20260927-033250-2408 event_age=10s | wave=probecrn total=6 valid=3 running=1 pending=2 launched=4 failed=0 gaveup=0 forkfail=0 free_kb=4316396 sims_boxwide=8 last_event_age=0s last_event_epoch=1790475048
[04:11:59] .. alive runid=20260927-033250-2408 event_age=71s | wave=probecrn total=6 valid=3 running=1 pending=2 launched=4 failed=0 gaveup=0 forkfail=0 free_kb=4316396 sims_boxwide=8 last_event_age=0s last_event_epoch=1790475048
[04:12:59] .. alive runid=20260927-033250-2408 event_age=131s | wave=probecrn total=6 valid=3 running=1 pending=2 launched=4 failed=0 gaveup=0 forkfail=0 free_kb=4316396 sims_boxwide=8 last_event_age=0s last_event_epoch=1790475048
[04:13:59] .. alive runid=20260927-033250-2408 event_age=191s | wave=probecrn total=6 valid=3 running=1 pending=2 launched=4 failed=0 gaveup=0 forkfail=0 free_kb=4316396 sims_boxwide=8 last_event_age=0s last_event_epoch=1790475048
[04:14:59] .. alive runid=20260927-033250-2408 event_age=251s | wave=probecrn total=6 valid=3 running=1 pending=2 launched=4 failed=0 gaveup=0 forkfail=0 free_kb=4316396 sims_boxwide=8 last_event_age=0s last_event_epoch=1790475048
[04:15:59] .. alive runid=20260927-033250-2408 event_age=311s | wave=probecrn total=6 valid=3 running=1 pending=2 launched=4 failed=0 gaveup=0 forkfail=0 free_kb=4316396 sims_boxwide=8 last_event_age=0s last_event_epoch=1790475048
[04:16:59] .. alive runid=20260927-033250-2408 event_age=371s | wave=probecrn total=6 valid=3 running=1 pending=2 launched=4 failed=0 gaveup=0 forkfail=0 free_kb=4316396 sims_boxwide=8 last_event_age=0s last_event_epoch=1790475048
[04:17:59] .. alive runid=20260927-033250-2408 event_age=431s | wave=probecrn total=6 valid=3 running=1 pending=2 launched=4 failed=0 gaveup=0 forkfail=0 free_kb=4316396 sims_boxwide=8 last_event_age=0s last_event_epoch=1790475048
[04:18:59] .. alive runid=20260927-033250-2408 event_age=491s | wave=probecrn total=6 valid=3 running=1 pending=2 launched=4 failed=0 gaveup=0 forkfail=0 free_kb=4316396 sims_boxwide=8 last_event_age=0s last_event_epoch=1790475048
[04:19:59] .. alive runid=20260927-033250-2408 event_age=551s | wave=probecrn total=6 valid=3 running=1 pending=2 launched=4 failed=0 gaveup=0 forkfail=0 free_kb=4316396 sims_boxwide=8 last_event_age=0s last_event_epoch=1790475048
[04:20:59] .. alive runid=20260927-033250-2408 event_age=611s | wave=probecrn total=6 valid=3 running=1 pending=2 launched=4 failed=0 gaveup=0 forkfail=0 free_kb=4316396 sims_boxwide=8 last_event_age=0s last_event_epoch=1790475048
[04:21:59] .. alive runid=20260927-033250-2408 event_age=671s | wave=probecrn total=6 valid=3 running=1 pending=2 launched=4 failed=0 gaveup=0 forkfail=0 free_kb=4316396 sims_boxwide=8 last_event_age=0s last_event_epoch=1790475048
[04:23:00] .. alive runid=20260927-033250-2408 event_age=732s | wave=probecrn total=6 valid=3 running=1 pending=2 launched=4 failed=0 gaveup=0 forkfail=0 free_kb=4316396 sims_boxwide=8 last_event_age=0s last_event_epoch=1790475048
[04:23:00] DONE clKPS1_south_half_1048395951 rc=0 731s clKPS1 south/half seed=1048395951 rescued=3 dead=1 unreachable=0 never_detected=0 ff_deaths=2 terminal=132 completions=3 recycles=3 removals=3 returns=3 wall=729s [valid 4/6] src=2a36d14ad942 ext=679f0f7f13c8 head=108a0adf55acdb5743cd70a347fc7810fbcefe24
[04:23:01] LAUNCH clKPS1_east_half_1433805104 running=1 free_kb=5146328 sims_boxwide=8 attempt=1 src=2a36d14ad942 ext=679f0f7f13c8 head=108a0adf55acdb5743cd70a347fc7810fbcefe24
[04:24:00] .. alive runid=20260927-033250-2408 event_age=59s | wave=probecrn total=6 valid=4 running=1 pending=1 launched=5 failed=0 gaveup=0 forkfail=0 free_kb=5146328 sims_boxwide=8 last_event_age=0s last_event_epoch=1790475781
[04:25:00] .. alive runid=20260927-033250-2408 event_age=119s | wave=probecrn total=6 valid=4 running=1 pending=1 launched=5 failed=0 gaveup=0 forkfail=0 free_kb=5146328 sims_boxwide=8 last_event_age=0s last_event_epoch=1790475781
[04:26:00] .. alive runid=20260927-033250-2408 event_age=179s | wave=probecrn total=6 valid=4 running=1 pending=1 launched=5 failed=0 gaveup=0 forkfail=0 free_kb=5146328 sims_boxwide=8 last_event_age=0s last_event_epoch=1790475781
[04:27:00] .. alive runid=20260927-033250-2408 event_age=239s | wave=probecrn total=6 valid=4 running=1 pending=1 launched=5 failed=0 gaveup=0 forkfail=0 free_kb=5146328 sims_boxwide=8 last_event_age=0s last_event_epoch=1790475781
[04:28:00] .. alive runid=20260927-033250-2408 event_age=299s | wave=probecrn total=6 valid=4 running=1 pending=1 launched=5 failed=0 gaveup=0 forkfail=0 free_kb=5146328 sims_boxwide=8 last_event_age=0s last_event_epoch=1790475781
[04:29:00] .. alive runid=20260927-033250-2408 event_age=359s | wave=probecrn total=6 valid=4 running=1 pending=1 launched=5 failed=0 gaveup=0 forkfail=0 free_kb=5146328 sims_boxwide=8 last_event_age=0s last_event_epoch=1790475781
[04:30:00] .. alive runid=20260927-033250-2408 event_age=419s | wave=probecrn total=6 valid=4 running=1 pending=1 launched=5 failed=0 gaveup=0 forkfail=0 free_kb=5146328 sims_boxwide=8 last_event_age=0s last_event_epoch=1790475781
[04:31:00] .. alive runid=20260927-033250-2408 event_age=479s | wave=probecrn total=6 valid=4 running=1 pending=1 launched=5 failed=0 gaveup=0 forkfail=0 free_kb=5146328 sims_boxwide=8 last_event_age=0s last_event_epoch=1790475781
[04:32:00] .. alive runid=20260927-033250-2408 event_age=539s | wave=probecrn total=6 valid=4 running=1 pending=1 launched=5 failed=0 gaveup=0 forkfail=0 free_kb=5146328 sims_boxwide=8 last_event_age=0s last_event_epoch=1790475781
[04:33:00] .. alive runid=20260927-033250-2408 event_age=599s | wave=probecrn total=6 valid=4 running=1 pending=1 launched=5 failed=0 gaveup=0 forkfail=0 free_kb=5146328 sims_boxwide=8 last_event_age=0s last_event_epoch=1790475781
[04:34:01] .. alive runid=20260927-033250-2408 event_age=659s | wave=probecrn total=6 valid=4 running=1 pending=1 launched=5 failed=0 gaveup=0 forkfail=0 free_kb=5146328 sims_boxwide=8 last_event_age=0s last_event_epoch=1790475781
[04:35:01] .. alive runid=20260927-033250-2408 event_age=720s | wave=probecrn total=6 valid=4 running=1 pending=1 launched=5 failed=0 gaveup=0 forkfail=0 free_kb=5146328 sims_boxwide=8 last_event_age=0s last_event_epoch=1790475781
[04:36:01] .. alive runid=20260927-033250-2408 event_age=780s | wave=probecrn total=6 valid=4 running=1 pending=1 launched=5 failed=0 gaveup=0 forkfail=0 free_kb=5146328 sims_boxwide=8 last_event_age=0s last_event_epoch=1790475781
[04:37:01] .. alive runid=20260927-033250-2408 event_age=840s | wave=probecrn total=6 valid=4 running=1 pending=1 launched=5 failed=0 gaveup=0 forkfail=0 free_kb=5146328 sims_boxwide=8 last_event_age=0s last_event_epoch=1790475781
[04:38:01] .. alive runid=20260927-033250-2408 event_age=900s | wave=probecrn total=6 valid=4 running=1 pending=1 launched=5 failed=0 gaveup=0 forkfail=0 free_kb=5146328 sims_boxwide=8 last_event_age=0s last_event_epoch=1790475781
[04:38:08] DONE clKPS1_east_half_1433805104 rc=0 906s clKPS1 east/half seed=1433805104 rescued=3 dead=1 unreachable=0 never_detected=0 ff_deaths=1 terminal=99 completions=3 recycles=3 removals=3 returns=3 wall=904s [valid 5/6] src=2a36d14ad942 ext=679f0f7f13c8 head=108a0adf55acdb5743cd70a347fc7810fbcefe24
[04:38:09] LAUNCH clKPS1_east_def_1420331661 running=1 free_kb=4191392 sims_boxwide=8 attempt=1 src=2a36d14ad942 ext=679f0f7f13c8 head=108a0adf55acdb5743cd70a347fc7810fbcefe24
[04:39:01] .. alive runid=20260927-033250-2408 event_age=52s | wave=probecrn total=6 valid=5 running=1 pending=0 launched=6 failed=0 gaveup=0 forkfail=0 free_kb=4191392 sims_boxwide=8 last_event_age=0s last_event_epoch=1790476689
[04:40:01] .. alive runid=20260927-033250-2408 event_age=112s | wave=probecrn total=6 valid=5 running=1 pending=0 launched=6 failed=0 gaveup=0 forkfail=0 free_kb=4191392 sims_boxwide=8 last_event_age=0s last_event_epoch=1790476689
[04:41:01] .. alive runid=20260927-033250-2408 event_age=172s | wave=probecrn total=6 valid=5 running=1 pending=0 launched=6 failed=0 gaveup=0 forkfail=0 free_kb=4191392 sims_boxwide=8 last_event_age=0s last_event_epoch=1790476689
[04:42:01] .. alive runid=20260927-033250-2408 event_age=232s | wave=probecrn total=6 valid=5 running=1 pending=0 launched=6 failed=0 gaveup=0 forkfail=0 free_kb=4191392 sims_boxwide=8 last_event_age=0s last_event_epoch=1790476689
[04:43:01] .. alive runid=20260927-033250-2408 event_age=292s | wave=probecrn total=6 valid=5 running=1 pending=0 launched=6 failed=0 gaveup=0 forkfail=0 free_kb=4191392 sims_boxwide=8 last_event_age=0s last_event_epoch=1790476689
[04:44:01] .. alive runid=20260927-033250-2408 event_age=352s | wave=probecrn total=6 valid=5 running=1 pending=0 launched=6 failed=0 gaveup=0 forkfail=0 free_kb=4191392 sims_boxwide=8 last_event_age=0s last_event_epoch=1790476689
[04:45:02] .. alive runid=20260927-033250-2408 event_age=413s | wave=probecrn total=6 valid=5 running=1 pending=0 launched=6 failed=0 gaveup=0 forkfail=0 free_kb=4191392 sims_boxwide=8 last_event_age=0s last_event_epoch=1790476689
[04:46:02] .. alive runid=20260927-033250-2408 event_age=473s | wave=probecrn total=6 valid=5 running=1 pending=0 launched=6 failed=0 gaveup=0 forkfail=0 free_kb=4191392 sims_boxwide=8 last_event_age=0s last_event_epoch=1790476689
[04:47:02] .. alive runid=20260927-033250-2408 event_age=533s | wave=probecrn total=6 valid=5 running=1 pending=0 launched=6 failed=0 gaveup=0 forkfail=0 free_kb=4191392 sims_boxwide=8 last_event_age=0s last_event_epoch=1790476689
[04:48:02] .. alive runid=20260927-033250-2408 event_age=593s | wave=probecrn total=6 valid=5 running=1 pending=0 launched=6 failed=0 gaveup=0 forkfail=0 free_kb=4191392 sims_boxwide=8 last_event_age=0s last_event_epoch=1790476689
[04:48:40] DONE clKPS1_east_def_1420331661 rc=0 630s clKPS1 east/default seed=1420331661 rescued=3 dead=0 unreachable=1 never_detected=0 ff_deaths=1 terminal=157 completions=3 recycles=3 removals=3 returns=3 wall=628s [valid 6/6] src=2a36d14ad942 ext=679f0f7f13c8 head=108a0adf55acdb5743cd70a347fc7810fbcefe24
[04:48:40] MAIN LOOP LEFT pending=0 running=0
[04:48:41] FINAL SUMMARY total=6 valid=6 invalid=0 missing=0
[04:48:42] FINAL wave=probecrn SUMMARY total=6 valid=6 invalid=0 missing=0 live_this_wave=8 sims_boxwide=8
[04:48:42] POOL INCOMPLETE wave=probecrn runid=20260927-033250-2408 valid=6/6 - re-exec in 60s (restart 1/3); orphans, if any, are adopted
[04:49:02] HEARTBEAT EXIT wave=probecrn runid=20260927-033250-2408 (sentinel)
[04:49:43] POOL START wave=probecrn runid=20260927-044942-2408 restart=1 pid=2408 winpid=38880 head=108a0adf55acdb5743cd70a347fc7810fbcefe24 src=2a36d14ad942 ext=679f0f7f13c8 harness=outputs/_cl_probe.py dirty_tracked=0 queue=outputs/_cl_probe_crn_queue.txt maxpar=1 minfree_kb=3500000
[04:49:44] ENV 3.10.11 mesa 1.2.1  prereg_sha256=729d98c97b8d48f8 queue_sha256=5a22d9b013d47ad8
[04:49:45] SHIPPED BASE_STATION_MODE=3 BASE_STATION_RETURN_MECHANISM=2 BASE_STATION_DEPOTS=9 BASE_STATION_SPAWN_SPLIT=2 UAV_RETURN_TO_BASE_RESERVE=0.0 BASE_STATION_RETURN_MARGIN=39.23 BASE_STATION_DOCK_FIX=2 BASE_STATION_RETURN_STALL_LIMIT=3 BASE_STATION_WAYPOINT_FIX=1 ROUTE_BLOCK_STALE_CLEAR=1 VICTIM_SEARCHER_HAZARD_RETREAT_RANGE=99 BASE_STATION_FIREPROOF=1 BASE_STATION_FIREPROOF_DRY_RUN=0 VICTIM_SEARCHER_HAZARD_GATE_BOUNDS_FIX=1 FF_FIREFIGHT_EXTINGUISH=1 FF_FIREFIGHT_FIREBREAK=1 FF_FIREFIGHT_ENGAGED_RETREAT_RANGE=1 FF_FIREFIGHT_MISSION_GATE=0 FF_FIREFIGHT_DRY_RUN=0 FF_EXIT_LEG_MODE=0 FF_EXIT_LEG_HOLD=0 FF_EXIT_LEG_SERVED=0 ff_exit_leg_mode()=0 ff_exit_leg_hold()=False ff_exit_leg_served()=0
[04:49:46] SHIPPED-CONTROL head=6160438
BASE_STATION_MODE=3 BASE_STATION_RETURN_MECHANISM=2 BASE_STATION_DEPOTS=9 BASE_STATION_SPAWN_SPLIT=2 UAV_RETURN_TO_BASE_RESERVE=0.0 BASE_STATION_RETURN_MARGIN=39.23 BASE_STATION_DOCK_FIX=2 BASE_STATION_RETURN_STALL_LIMIT=3 BASE_STATION_WAYPOINT_FIX=1 ROUTE_BLOCK_STALE_CLEAR=1 VICTIM_SEARCHER_HAZARD_RETREAT_RANGE=99 BASE_STATION_FIREPROOF=1 BASE_STATION_FIREPROOF_DRY_RUN=0 VICTIM_SEARCHER_HAZARD_GATE_BOUNDS_FIX=1 FF_FIREFIGHT_EXTINGUISH=1 FF_FIREFIGHT_FIREBREAK=1 FF_FIREFIGHT_ENGAGED_RETREAT_RANGE=1 FF_FIREFIGHT_MISSION_GATE=0 FF_FIREFIGHT_DRY_RUN=0 FF_EXIT_LEG_MODE=ABSENT FF_EXIT_LEG_HOLD=ABSENT FF_EXIT_LEG_SERVED=ABSENT ff_exit_leg_mode()=ABSENT ff_exit_leg_hold()=ABSENT ff_exit_leg_served()=ABSENT
[04:49:47] VALIDATE total=6 valid=6 invalid=0 missing=0
[04:49:47] START STATE wave=probecrn total=6 valid=6 pending=0 live_orphans_this_wave=8 sims_boxwide=8 free_kb=4181652
[04:49:47] HEARTBEAT pid=6547 every 60s -> outputs/_cl_probe_crn_wave.log ; state file outputs/_cl_probe_crn_state.txt ; sentinel outputs/_cl_probe_crn_hb_20260927-044942-2408.stop
[04:49:47] MAIN LOOP LEFT pending=0 running=0
[04:49:48] FINAL SUMMARY total=6 valid=6 invalid=0 missing=0
[04:49:48] FINAL wave=probecrn SUMMARY total=6 valid=6 invalid=0 missing=0 live_this_wave=8 sims_boxwide=8
[04:49:48] POOL INCOMPLETE wave=probecrn runid=20260927-044942-2408 valid=6/6 - re-exec in 60s (restart 2/3); orphans, if any, are adopted
[04:50:47] HEARTBEAT EXIT wave=probecrn runid=20260927-044942-2408 (sentinel)
[04:50:50] POOL START wave=probecrn runid=20260927-045049-2408 restart=2 pid=2408 winpid=50000 head=108a0adf55acdb5743cd70a347fc7810fbcefe24 src=2a36d14ad942 ext=679f0f7f13c8 harness=outputs/_cl_probe.py dirty_tracked=0 queue=outputs/_cl_probe_crn_queue.txt maxpar=1 minfree_kb=3500000
[04:50:51] ENV 3.10.11 mesa 1.2.1  prereg_sha256=729d98c97b8d48f8 queue_sha256=5a22d9b013d47ad8
[04:50:52] SHIPPED BASE_STATION_MODE=3 BASE_STATION_RETURN_MECHANISM=2 BASE_STATION_DEPOTS=9 BASE_STATION_SPAWN_SPLIT=2 UAV_RETURN_TO_BASE_RESERVE=0.0 BASE_STATION_RETURN_MARGIN=39.23 BASE_STATION_DOCK_FIX=2 BASE_STATION_RETURN_STALL_LIMIT=3 BASE_STATION_WAYPOINT_FIX=1 ROUTE_BLOCK_STALE_CLEAR=1 VICTIM_SEARCHER_HAZARD_RETREAT_RANGE=99 BASE_STATION_FIREPROOF=1 BASE_STATION_FIREPROOF_DRY_RUN=0 VICTIM_SEARCHER_HAZARD_GATE_BOUNDS_FIX=1 FF_FIREFIGHT_EXTINGUISH=1 FF_FIREFIGHT_FIREBREAK=1 FF_FIREFIGHT_ENGAGED_RETREAT_RANGE=1 FF_FIREFIGHT_MISSION_GATE=0 FF_FIREFIGHT_DRY_RUN=0 FF_EXIT_LEG_MODE=0 FF_EXIT_LEG_HOLD=0 FF_EXIT_LEG_SERVED=0 ff_exit_leg_mode()=0 ff_exit_leg_hold()=False ff_exit_leg_served()=0
[04:50:53] SHIPPED-CONTROL head=6160438
BASE_STATION_MODE=3 BASE_STATION_RETURN_MECHANISM=2 BASE_STATION_DEPOTS=9 BASE_STATION_SPAWN_SPLIT=2 UAV_RETURN_TO_BASE_RESERVE=0.0 BASE_STATION_RETURN_MARGIN=39.23 BASE_STATION_DOCK_FIX=2 BASE_STATION_RETURN_STALL_LIMIT=3 BASE_STATION_WAYPOINT_FIX=1 ROUTE_BLOCK_STALE_CLEAR=1 VICTIM_SEARCHER_HAZARD_RETREAT_RANGE=99 BASE_STATION_FIREPROOF=1 BASE_STATION_FIREPROOF_DRY_RUN=0 VICTIM_SEARCHER_HAZARD_GATE_BOUNDS_FIX=1 FF_FIREFIGHT_EXTINGUISH=1 FF_FIREFIGHT_FIREBREAK=1 FF_FIREFIGHT_ENGAGED_RETREAT_RANGE=1 FF_FIREFIGHT_MISSION_GATE=0 FF_FIREFIGHT_DRY_RUN=0 FF_EXIT_LEG_MODE=ABSENT FF_EXIT_LEG_HOLD=ABSENT FF_EXIT_LEG_SERVED=ABSENT ff_exit_leg_mode()=ABSENT ff_exit_leg_hold()=ABSENT ff_exit_leg_served()=ABSENT
[04:50:54] VALIDATE total=6 valid=6 invalid=0 missing=0
[04:50:54] START STATE wave=probecrn total=6 valid=6 pending=0 live_orphans_this_wave=8 sims_boxwide=8 free_kb=4245428
[04:50:54] HEARTBEAT pid=6715 every 60s -> outputs/_cl_probe_crn_wave.log ; state file outputs/_cl_probe_crn_state.txt ; sentinel outputs/_cl_probe_crn_hb_20260927-045049-2408.stop
[04:50:54] MAIN LOOP LEFT pending=0 running=0
[04:50:54] FINAL SUMMARY total=6 valid=6 invalid=0 missing=0
[04:50:55] FINAL wave=probecrn SUMMARY total=6 valid=6 invalid=0 missing=0 live_this_wave=8 sims_boxwide=8
[04:50:55] POOL INCOMPLETE wave=probecrn runid=20260927-045049-2408 valid=6/6 - re-exec in 60s (restart 3/3); orphans, if any, are adopted
[04:51:54] HEARTBEAT EXIT wave=probecrn runid=20260927-045049-2408 (sentinel)
[04:51:56] POOL START wave=probecrn runid=20260927-045155-2408 restart=3 pid=2408 winpid=15296 head=108a0adf55acdb5743cd70a347fc7810fbcefe24 src=2a36d14ad942 ext=679f0f7f13c8 harness=outputs/_cl_probe.py dirty_tracked=0 queue=outputs/_cl_probe_crn_queue.txt maxpar=1 minfree_kb=3500000
[04:51:57] ENV 3.10.11 mesa 1.2.1  prereg_sha256=729d98c97b8d48f8 queue_sha256=5a22d9b013d47ad8
[04:51:58] SHIPPED BASE_STATION_MODE=3 BASE_STATION_RETURN_MECHANISM=2 BASE_STATION_DEPOTS=9 BASE_STATION_SPAWN_SPLIT=2 UAV_RETURN_TO_BASE_RESERVE=0.0 BASE_STATION_RETURN_MARGIN=39.23 BASE_STATION_DOCK_FIX=2 BASE_STATION_RETURN_STALL_LIMIT=3 BASE_STATION_WAYPOINT_FIX=1 ROUTE_BLOCK_STALE_CLEAR=1 VICTIM_SEARCHER_HAZARD_RETREAT_RANGE=99 BASE_STATION_FIREPROOF=1 BASE_STATION_FIREPROOF_DRY_RUN=0 VICTIM_SEARCHER_HAZARD_GATE_BOUNDS_FIX=1 FF_FIREFIGHT_EXTINGUISH=1 FF_FIREFIGHT_FIREBREAK=1 FF_FIREFIGHT_ENGAGED_RETREAT_RANGE=1 FF_FIREFIGHT_MISSION_GATE=0 FF_FIREFIGHT_DRY_RUN=0 FF_EXIT_LEG_MODE=0 FF_EXIT_LEG_HOLD=0 FF_EXIT_LEG_SERVED=0 ff_exit_leg_mode()=0 ff_exit_leg_hold()=False ff_exit_leg_served()=0
[04:51:59] SHIPPED-CONTROL head=6160438
BASE_STATION_MODE=3 BASE_STATION_RETURN_MECHANISM=2 BASE_STATION_DEPOTS=9 BASE_STATION_SPAWN_SPLIT=2 UAV_RETURN_TO_BASE_RESERVE=0.0 BASE_STATION_RETURN_MARGIN=39.23 BASE_STATION_DOCK_FIX=2 BASE_STATION_RETURN_STALL_LIMIT=3 BASE_STATION_WAYPOINT_FIX=1 ROUTE_BLOCK_STALE_CLEAR=1 VICTIM_SEARCHER_HAZARD_RETREAT_RANGE=99 BASE_STATION_FIREPROOF=1 BASE_STATION_FIREPROOF_DRY_RUN=0 VICTIM_SEARCHER_HAZARD_GATE_BOUNDS_FIX=1 FF_FIREFIGHT_EXTINGUISH=1 FF_FIREFIGHT_FIREBREAK=1 FF_FIREFIGHT_ENGAGED_RETREAT_RANGE=1 FF_FIREFIGHT_MISSION_GATE=0 FF_FIREFIGHT_DRY_RUN=0 FF_EXIT_LEG_MODE=ABSENT FF_EXIT_LEG_HOLD=ABSENT FF_EXIT_LEG_SERVED=ABSENT ff_exit_leg_mode()=ABSENT ff_exit_leg_hold()=ABSENT ff_exit_leg_served()=ABSENT
[04:52:00] VALIDATE total=6 valid=6 invalid=0 missing=0
[04:52:00] START STATE wave=probecrn total=6 valid=6 pending=0 live_orphans_this_wave=8 sims_boxwide=8 free_kb=4260948
[04:52:00] HEARTBEAT pid=6837 every 60s -> outputs/_cl_probe_crn_wave.log ; state file outputs/_cl_probe_crn_state.txt ; sentinel outputs/_cl_probe_crn_hb_20260927-045155-2408.stop
[04:52:00] MAIN LOOP LEFT pending=0 running=0
[04:52:01] FINAL SUMMARY total=6 valid=6 invalid=0 missing=0
[04:52:02] FINAL wave=probecrn SUMMARY total=6 valid=6 invalid=0 missing=0 live_this_wave=8 sims_boxwide=8
[04:52:02] DCD4RB_POOL_INCOMPLETE wave=probecrn runid=20260927-045155-2408 valid=6/6 gaveup=0 - NOT restarting; relaunch with outputs/_dcd4_launch.ps1 after reading the FAIL lines
[04:53:00] HEARTBEAT EXIT wave=probecrn runid=20260927-045155-2408 (sentinel)
