[01:41:32] POOL START wave=s2 runid=20260927-014131-1770 restart=0 pid=1770 winpid=40528 head=e58953f06f865b15224900acb7d42a4799791ba9 src=2a36d14ad942 ext=6fc3e7041ad3 harness=outputs/_cl_obs_stock.py dirty_tracked=0 queue=outputs/_cl_s2_queue.txt maxpar=7 minfree_kb=3500000
[01:41:33] ENV 3.10.11 mesa 1.2.1  prereg_sha256=729d98c97b8d48f8 queue_sha256=fcf7345ead3f3ea4
[01:41:33] SHIPPED BASE_STATION_MODE=3 BASE_STATION_RETURN_MECHANISM=2 BASE_STATION_DEPOTS=9 BASE_STATION_SPAWN_SPLIT=2 UAV_RETURN_TO_BASE_RESERVE=0.0 BASE_STATION_RETURN_MARGIN=39.23 BASE_STATION_DOCK_FIX=2 BASE_STATION_RETURN_STALL_LIMIT=3 BASE_STATION_WAYPOINT_FIX=1 ROUTE_BLOCK_STALE_CLEAR=1 VICTIM_SEARCHER_HAZARD_RETREAT_RANGE=99 BASE_STATION_FIREPROOF=1 BASE_STATION_FIREPROOF_DRY_RUN=0 VICTIM_SEARCHER_HAZARD_GATE_BOUNDS_FIX=1 FF_FIREFIGHT_EXTINGUISH=1 FF_FIREFIGHT_FIREBREAK=1 FF_FIREFIGHT_ENGAGED_RETREAT_RANGE=1 FF_FIREFIGHT_MISSION_GATE=0 FF_FIREFIGHT_DRY_RUN=0 FF_EXIT_LEG_MODE=0 FF_EXIT_LEG_HOLD=0 FF_EXIT_LEG_SERVED=0 ff_exit_leg_mode()=0 ff_exit_leg_hold()=False ff_exit_leg_served()=0
[01:41:34] SHIPPED-CONTROL head=6160438
BASE_STATION_MODE=3 BASE_STATION_RETURN_MECHANISM=2 BASE_STATION_DEPOTS=9 BASE_STATION_SPAWN_SPLIT=2 UAV_RETURN_TO_BASE_RESERVE=0.0 BASE_STATION_RETURN_MARGIN=39.23 BASE_STATION_DOCK_FIX=2 BASE_STATION_RETURN_STALL_LIMIT=3 BASE_STATION_WAYPOINT_FIX=1 ROUTE_BLOCK_STALE_CLEAR=1 VICTIM_SEARCHER_HAZARD_RETREAT_RANGE=99 BASE_STATION_FIREPROOF=1 BASE_STATION_FIREPROOF_DRY_RUN=0 VICTIM_SEARCHER_HAZARD_GATE_BOUNDS_FIX=1 FF_FIREFIGHT_EXTINGUISH=1 FF_FIREFIGHT_FIREBREAK=1 FF_FIREFIGHT_ENGAGED_RETREAT_RANGE=1 FF_FIREFIGHT_MISSION_GATE=0 FF_FIREFIGHT_DRY_RUN=0 FF_EXIT_LEG_MODE=ABSENT FF_EXIT_LEG_HOLD=ABSENT FF_EXIT_LEG_SERVED=ABSENT ff_exit_leg_mode()=ABSENT ff_exit_leg_hold()=ABSENT ff_exit_leg_served()=ABSENT
[01:41:35] VALIDATE total=52 valid=0 invalid=0 missing=52
[01:41:35] START STATE wave=s2 total=52 valid=0 pending=52 live_orphans_this_wave=0 sims_boxwide=0 free_kb=17730444
[01:41:35] HEARTBEAT pid=1867 every 60s -> outputs/_cl_s2_wave.log ; state file outputs/_cl_s2_state.txt ; sentinel outputs/_cl_s2_hb_20260927-014131-1770.stop
[01:41:36] LAUNCH clE2_east_half_101 running=1 free_kb=17719380 sims_boxwide=0 attempt=1 src=2a36d14ad942 ext=6fc3e7041ad3 head=e58953f06f865b15224900acb7d42a4799791ba9
[01:41:49] LAUNCH clE2_east_half_202 running=2 free_kb=16882072 sims_boxwide=1 attempt=1 src=2a36d14ad942 ext=6fc3e7041ad3 head=e58953f06f865b15224900acb7d42a4799791ba9
[01:42:02] LAUNCH clE2_east_half_303 running=3 free_kb=15151644 sims_boxwide=2 attempt=1 src=2a36d14ad942 ext=6fc3e7041ad3 head=e58953f06f865b15224900acb7d42a4799791ba9
[01:42:15] LAUNCH clE2_east_half_404 running=4 free_kb=13560432 sims_boxwide=3 attempt=1 src=2a36d14ad942 ext=6fc3e7041ad3 head=e58953f06f865b15224900acb7d42a4799791ba9
[01:42:29] LAUNCH clE2_east_half_505 running=5 free_kb=11761716 sims_boxwide=4 attempt=1 src=2a36d14ad942 ext=6fc3e7041ad3 head=e58953f06f865b15224900acb7d42a4799791ba9
[01:42:35] .. alive runid=20260927-014131-1770 event_age=6s | wave=s2 total=52 valid=0 running=5 pending=47 launched=5 failed=0 gaveup=0 forkfail=0 free_kb=11761716 sims_boxwide=4 last_event_age=0s last_event_epoch=1790466149
[01:42:42] LAUNCH clE2_south_half_101 running=6 free_kb=10060224 sims_boxwide=5 attempt=1 src=2a36d14ad942 ext=6fc3e7041ad3 head=e58953f06f865b15224900acb7d42a4799791ba9
[01:42:55] LAUNCH clE2_south_half_202 running=7 free_kb=8259736 sims_boxwide=6 attempt=1 src=2a36d14ad942 ext=6fc3e7041ad3 head=e58953f06f865b15224900acb7d42a4799791ba9
[01:43:35] .. alive runid=20260927-014131-1770 event_age=40s | wave=s2 total=52 valid=0 running=7 pending=45 launched=7 failed=0 gaveup=0 forkfail=0 free_kb=8259736 sims_boxwide=6 last_event_age=0s last_event_epoch=1790466175
[01:44:35] .. alive runid=20260927-014131-1770 event_age=100s | wave=s2 total=52 valid=0 running=7 pending=45 launched=7 failed=0 gaveup=0 forkfail=0 free_kb=8259736 sims_boxwide=6 last_event_age=0s last_event_epoch=1790466175
[01:45:35] .. alive runid=20260927-014131-1770 event_age=160s | wave=s2 total=52 valid=0 running=7 pending=45 launched=7 failed=0 gaveup=0 forkfail=0 free_kb=8259736 sims_boxwide=6 last_event_age=0s last_event_epoch=1790466175
[01:46:35] .. alive runid=20260927-014131-1770 event_age=220s | wave=s2 total=52 valid=0 running=7 pending=45 launched=7 failed=0 gaveup=0 forkfail=0 free_kb=8259736 sims_boxwide=6 last_event_age=0s last_event_epoch=1790466175
[01:47:35] .. alive runid=20260927-014131-1770 event_age=280s | wave=s2 total=52 valid=0 running=7 pending=45 launched=7 failed=0 gaveup=0 forkfail=0 free_kb=8259736 sims_boxwide=6 last_event_age=0s last_event_epoch=1790466175
[01:48:36] .. alive runid=20260927-014131-1770 event_age=341s | wave=s2 total=52 valid=0 running=7 pending=45 launched=7 failed=0 gaveup=0 forkfail=0 free_kb=8259736 sims_boxwide=6 last_event_age=0s last_event_epoch=1790466175
[01:49:36] .. alive runid=20260927-014131-1770 event_age=401s | wave=s2 total=52 valid=0 running=7 pending=45 launched=7 failed=0 gaveup=0 forkfail=0 free_kb=8259736 sims_boxwide=6 last_event_age=0s last_event_epoch=1790466175
[01:50:36] .. alive runid=20260927-014131-1770 event_age=461s | wave=s2 total=52 valid=0 running=7 pending=45 launched=7 failed=0 gaveup=0 forkfail=0 free_kb=8259736 sims_boxwide=6 last_event_age=0s last_event_epoch=1790466175
[01:51:36] .. alive runid=20260927-014131-1770 event_age=521s | wave=s2 total=52 valid=0 running=7 pending=45 launched=7 failed=0 gaveup=0 forkfail=0 free_kb=8259736 sims_boxwide=6 last_event_age=0s last_event_epoch=1790466175
[01:51:52] DONE clE2_south_half_101 rc=0 550s clE2 south/half seed=101 rescued=2 dead=2 unreachable=0 never_detected=0 ff_deaths=1 terminal=129 completions=2 recycles=2 removals=2 returns=2 wall=548s [valid 1/52] src=2a36d14ad942 ext=6fc3e7041ad3 head=e58953f06f865b15224900acb7d42a4799791ba9
[01:51:54] LAUNCH clE2_south_half_303 running=7 free_kb=7298844 sims_boxwide=6 attempt=1 src=2a36d14ad942 ext=6fc3e7041ad3 head=e58953f06f865b15224900acb7d42a4799791ba9
[01:52:36] .. alive runid=20260927-014131-1770 event_age=42s | wave=s2 total=52 valid=1 running=7 pending=44 launched=8 failed=0 gaveup=0 forkfail=0 free_kb=7298844 sims_boxwide=6 last_event_age=0s last_event_epoch=1790466714
[01:53:36] .. alive runid=20260927-014131-1770 event_age=102s | wave=s2 total=52 valid=1 running=7 pending=44 launched=8 failed=0 gaveup=0 forkfail=0 free_kb=7298844 sims_boxwide=6 last_event_age=0s last_event_epoch=1790466714
[01:53:40] DONE clE2_south_half_202 rc=0 644s clE2 south/half seed=202 rescued=4 dead=0 unreachable=0 never_detected=0 ff_deaths=0 terminal=235 completions=4 recycles=4 removals=4 returns=4 wall=642s [valid 2/52] src=2a36d14ad942 ext=6fc3e7041ad3 head=e58953f06f865b15224900acb7d42a4799791ba9
[01:53:41] LAUNCH clE2_south_half_404 running=7 free_kb=7294808 sims_boxwide=6 attempt=1 src=2a36d14ad942 ext=6fc3e7041ad3 head=e58953f06f865b15224900acb7d42a4799791ba9
[01:54:36] .. alive runid=20260927-014131-1770 event_age=55s | wave=s2 total=52 valid=2 running=7 pending=43 launched=9 failed=0 gaveup=0 forkfail=0 free_kb=7294808 sims_boxwide=6 last_event_age=0s last_event_epoch=1790466821
[01:54:58] DONE clE2_east_half_202 rc=0 788s clE2 east/half seed=202 rescued=3 dead=1 unreachable=0 never_detected=0 ff_deaths=0 terminal=93 completions=3 recycles=3 removals=3 returns=3 wall=787s [valid 3/52] src=2a36d14ad942 ext=6fc3e7041ad3 head=e58953f06f865b15224900acb7d42a4799791ba9
[01:54:59] LAUNCH clE2_south_half_505 running=7 free_kb=7209748 sims_boxwide=6 attempt=1 src=2a36d14ad942 ext=6fc3e7041ad3 head=e58953f06f865b15224900acb7d42a4799791ba9
[01:55:26] DONE clE2_east_half_505 rc=0 777s clE2 east/half seed=505 rescued=3 dead=1 unreachable=0 never_detected=0 ff_deaths=0 terminal=94 completions=3 recycles=3 removals=3 returns=3 wall=775s [valid 4/52] src=2a36d14ad942 ext=6fc3e7041ad3 head=e58953f06f865b15224900acb7d42a4799791ba9
[01:55:28] LAUNCH clE2_east_def_101 running=7 free_kb=7259232 sims_boxwide=6 attempt=1 src=2a36d14ad942 ext=6fc3e7041ad3 head=e58953f06f865b15224900acb7d42a4799791ba9
[01:55:36] .. alive runid=20260927-014131-1770 event_age=8s | wave=s2 total=52 valid=4 running=7 pending=41 launched=11 failed=0 gaveup=0 forkfail=0 free_kb=7259232 sims_boxwide=6 last_event_age=0s last_event_epoch=1790466928
[01:56:36] .. alive runid=20260927-014131-1770 event_age=68s | wave=s2 total=52 valid=4 running=7 pending=41 launched=11 failed=0 gaveup=0 forkfail=0 free_kb=7259232 sims_boxwide=6 last_event_age=0s last_event_epoch=1790466928
[01:56:38] DONE clE2_east_half_101 rc=0 901s clE2 east/half seed=101 rescued=4 dead=0 unreachable=0 never_detected=0 ff_deaths=0 terminal=115 completions=4 recycles=4 removals=4 returns=4 wall=900s [valid 5/52] src=2a36d14ad942 ext=6fc3e7041ad3 head=e58953f06f865b15224900acb7d42a4799791ba9
[01:56:39] LAUNCH clE2_east_def_202 running=7 free_kb=7265128 sims_boxwide=6 attempt=1 src=2a36d14ad942 ext=6fc3e7041ad3 head=e58953f06f865b15224900acb7d42a4799791ba9
[01:56:58] DONE clE2_east_half_303 rc=0 895s clE2 east/half seed=303 rescued=3 dead=1 unreachable=0 never_detected=0 ff_deaths=0 terminal=121 completions=3 recycles=3 removals=3 returns=3 wall=893s [valid 6/52] src=2a36d14ad942 ext=6fc3e7041ad3 head=e58953f06f865b15224900acb7d42a4799791ba9
[01:56:59] LAUNCH clE2_east_def_303 running=7 free_kb=7298472 sims_boxwide=6 attempt=1 src=2a36d14ad942 ext=6fc3e7041ad3 head=e58953f06f865b15224900acb7d42a4799791ba9
[01:57:36] .. alive runid=20260927-014131-1770 event_age=37s | wave=s2 total=52 valid=6 running=7 pending=39 launched=13 failed=0 gaveup=0 forkfail=0 free_kb=7298472 sims_boxwide=6 last_event_age=0s last_event_epoch=1790467019
[01:58:36] .. alive runid=20260927-014131-1770 event_age=97s | wave=s2 total=52 valid=6 running=7 pending=39 launched=13 failed=0 gaveup=0 forkfail=0 free_kb=7298472 sims_boxwide=6 last_event_age=0s last_event_epoch=1790467019
[01:59:37] .. alive runid=20260927-014131-1770 event_age=158s | wave=s2 total=52 valid=6 running=7 pending=39 launched=13 failed=0 gaveup=0 forkfail=0 free_kb=7298472 sims_boxwide=6 last_event_age=0s last_event_epoch=1790467019
[02:00:09] DONE clE2_south_half_303 rc=0 494s clE2 south/half seed=303 rescued=4 dead=0 unreachable=0 never_detected=0 ff_deaths=0 terminal=115 completions=4 recycles=4 removals=4 returns=4 wall=493s [valid 7/52] src=2a36d14ad942 ext=6fc3e7041ad3 head=e58953f06f865b15224900acb7d42a4799791ba9
[02:00:10] LAUNCH clH_east_half_101 running=7 free_kb=7195020 sims_boxwide=6 attempt=1 src=2a36d14ad942 ext=6fc3e7041ad3 head=e58953f06f865b15224900acb7d42a4799791ba9
[02:00:37] .. alive runid=20260927-014131-1770 event_age=27s | wave=s2 total=52 valid=7 running=7 pending=38 launched=14 failed=0 gaveup=0 forkfail=0 free_kb=7195020 sims_boxwide=6 last_event_age=0s last_event_epoch=1790467210
[02:01:37] .. alive runid=20260927-014131-1770 event_age=87s | wave=s2 total=52 valid=7 running=7 pending=38 launched=14 failed=0 gaveup=0 forkfail=0 free_kb=7195020 sims_boxwide=6 last_event_age=0s last_event_epoch=1790467210
[02:02:37] .. alive runid=20260927-014131-1770 event_age=147s | wave=s2 total=52 valid=7 running=7 pending=38 launched=14 failed=0 gaveup=0 forkfail=0 free_kb=7195020 sims_boxwide=6 last_event_age=0s last_event_epoch=1790467210
[02:02:42] DONE clE2_south_half_505 rc=0 462s clE2 south/half seed=505 rescued=3 dead=1 unreachable=0 never_detected=0 ff_deaths=0 terminal=115 completions=3 recycles=3 removals=3 returns=3 wall=461s [valid 8/52] src=2a36d14ad942 ext=6fc3e7041ad3 head=e58953f06f865b15224900acb7d42a4799791ba9
[02:02:43] LAUNCH clH_east_half_202 running=7 free_kb=7257596 sims_boxwide=6 attempt=1 src=2a36d14ad942 ext=6fc3e7041ad3 head=e58953f06f865b15224900acb7d42a4799791ba9
[02:03:37] .. alive runid=20260927-014131-1770 event_age=54s | wave=s2 total=52 valid=8 running=7 pending=37 launched=15 failed=0 gaveup=0 forkfail=0 free_kb=7257596 sims_boxwide=6 last_event_age=0s last_event_epoch=1790467363
[02:04:21] DONE clE2_south_half_404 rc=0 639s clE2 south/half seed=404 rescued=2 dead=0 unreachable=0 never_detected=0 ff_deaths=1 terminal=None completions=2 recycles=2 removals=2 returns=2 wall=637s [valid 9/52] src=2a36d14ad942 ext=6fc3e7041ad3 head=e58953f06f865b15224900acb7d42a4799791ba9
[02:04:22] LAUNCH clH_east_half_303 running=7 free_kb=7153696 sims_boxwide=6 attempt=1 src=2a36d14ad942 ext=6fc3e7041ad3 head=e58953f06f865b15224900acb7d42a4799791ba9
[02:04:37] .. alive runid=20260927-014131-1770 event_age=15s | wave=s2 total=52 valid=9 running=7 pending=36 launched=16 failed=0 gaveup=0 forkfail=0 free_kb=7153696 sims_boxwide=6 last_event_age=0s last_event_epoch=1790467462
[02:04:56] DONE clE2_east_def_101 rc=0 568s clE2 east/default seed=101 rescued=4 dead=0 unreachable=0 never_detected=0 ff_deaths=0 terminal=288 completions=4 recycles=4 removals=4 returns=4 wall=566s [valid 10/52] src=2a36d14ad942 ext=6fc3e7041ad3 head=e58953f06f865b15224900acb7d42a4799791ba9
[02:04:58] LAUNCH clH_east_half_404 running=7 free_kb=7159888 sims_boxwide=6 attempt=1 src=2a36d14ad942 ext=6fc3e7041ad3 head=e58953f06f865b15224900acb7d42a4799791ba9
[02:05:10] DONE clE2_east_def_303 rc=0 491s clE2 east/default seed=303 rescued=3 dead=1 unreachable=0 never_detected=0 ff_deaths=0 terminal=137 completions=3 recycles=3 removals=3 returns=3 wall=484s [valid 11/52] src=2a36d14ad942 ext=6fc3e7041ad3 head=e58953f06f865b15224900acb7d42a4799791ba9
[02:05:12] LAUNCH clH_east_half_505 running=7 free_kb=7210100 sims_boxwide=6 attempt=1 src=2a36d14ad942 ext=6fc3e7041ad3 head=e58953f06f865b15224900acb7d42a4799791ba9
[02:05:25] DONE clE2_east_def_202 rc=0 525s clE2 east/default seed=202 rescued=3 dead=1 unreachable=0 never_detected=0 ff_deaths=0 terminal=172 completions=3 recycles=3 removals=3 returns=3 wall=524s [valid 12/52] src=2a36d14ad942 ext=6fc3e7041ad3 head=e58953f06f865b15224900acb7d42a4799791ba9
[02:05:26] LAUNCH clH_south_half_101 running=7 free_kb=7245384 sims_boxwide=6 attempt=1 src=2a36d14ad942 ext=6fc3e7041ad3 head=e58953f06f865b15224900acb7d42a4799791ba9
[02:05:37] .. alive runid=20260927-014131-1770 event_age=11s | wave=s2 total=52 valid=12 running=7 pending=33 launched=19 failed=0 gaveup=0 forkfail=0 free_kb=7245384 sims_boxwide=6 last_event_age=0s last_event_epoch=1790467526
[02:06:37] .. alive runid=20260927-014131-1770 event_age=71s | wave=s2 total=52 valid=12 running=7 pending=33 launched=19 failed=0 gaveup=0 forkfail=0 free_kb=7245384 sims_boxwide=6 last_event_age=0s last_event_epoch=1790467526
[02:07:37] .. alive runid=20260927-014131-1770 event_age=131s | wave=s2 total=52 valid=12 running=7 pending=33 launched=19 failed=0 gaveup=0 forkfail=0 free_kb=7245384 sims_boxwide=6 last_event_age=0s last_event_epoch=1790467526
[02:07:46] DONE clE2_east_half_404 rc=0 1531s clE2 east/half seed=404 rescued=4 dead=0 unreachable=0 never_detected=0 ff_deaths=1 terminal=291 completions=4 recycles=4 removals=4 returns=4 wall=1529s [valid 13/52] src=2a36d14ad942 ext=6fc3e7041ad3 head=e58953f06f865b15224900acb7d42a4799791ba9
[02:07:48] LAUNCH clH_south_half_202 running=7 free_kb=7316716 sims_boxwide=6 attempt=1 src=2a36d14ad942 ext=6fc3e7041ad3 head=e58953f06f865b15224900acb7d42a4799791ba9
[02:08:37] .. alive runid=20260927-014131-1770 event_age=49s | wave=s2 total=52 valid=13 running=7 pending=32 launched=20 failed=0 gaveup=0 forkfail=0 free_kb=7316716 sims_boxwide=6 last_event_age=0s last_event_epoch=1790467668
[02:09:37] .. alive runid=20260927-014131-1770 event_age=109s | wave=s2 total=52 valid=13 running=7 pending=32 launched=20 failed=0 gaveup=0 forkfail=0 free_kb=7316716 sims_boxwide=6 last_event_age=0s last_event_epoch=1790467668
[02:10:38] .. alive runid=20260927-014131-1770 event_age=170s | wave=s2 total=52 valid=13 running=7 pending=32 launched=20 failed=0 gaveup=0 forkfail=0 free_kb=7316716 sims_boxwide=6 last_event_age=0s last_event_epoch=1790467668
[02:11:38] .. alive runid=20260927-014131-1770 event_age=230s | wave=s2 total=52 valid=13 running=7 pending=32 launched=20 failed=0 gaveup=0 forkfail=0 free_kb=7316716 sims_boxwide=6 last_event_age=0s last_event_epoch=1790467668
[02:12:38] .. alive runid=20260927-014131-1770 event_age=290s | wave=s2 total=52 valid=13 running=7 pending=32 launched=20 failed=0 gaveup=0 forkfail=0 free_kb=7316716 sims_boxwide=6 last_event_age=0s last_event_epoch=1790467668
[02:13:38] .. alive runid=20260927-014131-1770 event_age=350s | wave=s2 total=52 valid=13 running=7 pending=32 launched=20 failed=0 gaveup=0 forkfail=0 free_kb=7316716 sims_boxwide=6 last_event_age=0s last_event_epoch=1790467668
[02:14:38] .. alive runid=20260927-014131-1770 event_age=410s | wave=s2 total=52 valid=13 running=7 pending=32 launched=20 failed=0 gaveup=0 forkfail=0 free_kb=7316716 sims_boxwide=6 last_event_age=0s last_event_epoch=1790467668
[02:14:38] DONE clH_south_half_101 rc=0 551s clH south/half seed=101 rescued=2 dead=2 unreachable=0 never_detected=0 ff_deaths=1 terminal=129 completions=2 recycles=2 removals=2 returns=2 wall=549s [valid 14/52] src=2a36d14ad942 ext=6fc3e7041ad3 head=e58953f06f865b15224900acb7d42a4799791ba9
[02:14:39] LAUNCH clH_south_half_303 running=7 free_kb=7216888 sims_boxwide=6 attempt=1 src=2a36d14ad942 ext=6fc3e7041ad3 head=e58953f06f865b15224900acb7d42a4799791ba9
[02:15:38] .. alive runid=20260927-014131-1770 event_age=59s | wave=s2 total=52 valid=14 running=7 pending=31 launched=21 failed=0 gaveup=0 forkfail=0 free_kb=7216888 sims_boxwide=6 last_event_age=0s last_event_epoch=1790468079
[02:16:10] DONE clH_east_half_101 rc=0 960s clH east/half seed=101 rescued=3 dead=1 unreachable=0 never_detected=0 ff_deaths=1 terminal=135 completions=3 recycles=3 removals=3 returns=3 wall=958s [valid 15/52] src=2a36d14ad942 ext=6fc3e7041ad3 head=e58953f06f865b15224900acb7d42a4799791ba9
[02:16:12] LAUNCH clH_south_half_404 running=7 free_kb=7228696 sims_boxwide=5 attempt=1 src=2a36d14ad942 ext=6fc3e7041ad3 head=e58953f06f865b15224900acb7d42a4799791ba9
[02:16:24] DONE clH_east_half_202 rc=0 821s clH east/half seed=202 rescued=3 dead=1 unreachable=0 never_detected=0 ff_deaths=0 terminal=93 completions=3 recycles=3 removals=3 returns=3 wall=806s [valid 16/52] src=2a36d14ad942 ext=6fc3e7041ad3 head=e58953f06f865b15224900acb7d42a4799791ba9
[02:16:26] LAUNCH clH_south_half_505 running=7 free_kb=7322144 sims_boxwide=6 attempt=1 src=2a36d14ad942 ext=6fc3e7041ad3 head=e58953f06f865b15224900acb7d42a4799791ba9
[02:16:38] .. alive runid=20260927-014131-1770 event_age=12s | wave=s2 total=52 valid=16 running=7 pending=29 launched=23 failed=0 gaveup=0 forkfail=0 free_kb=7322144 sims_boxwide=6 last_event_age=0s last_event_epoch=1790468186
[02:17:38] .. alive runid=20260927-014131-1770 event_age=72s | wave=s2 total=52 valid=16 running=7 pending=29 launched=23 failed=0 gaveup=0 forkfail=0 free_kb=7322144 sims_boxwide=6 last_event_age=0s last_event_epoch=1790468186
[02:18:20] DONE clH_east_half_505 rc=0 788s clH east/half seed=505 rescued=3 dead=1 unreachable=0 never_detected=0 ff_deaths=0 terminal=94 completions=3 recycles=3 removals=3 returns=3 wall=786s [valid 17/52] src=2a36d14ad942 ext=6fc3e7041ad3 head=e58953f06f865b15224900acb7d42a4799791ba9
[02:18:22] LAUNCH clH_east_def_101 running=7 free_kb=7262384 sims_boxwide=6 attempt=1 src=2a36d14ad942 ext=6fc3e7041ad3 head=e58953f06f865b15224900acb7d42a4799791ba9
[02:18:35] DONE clH_south_half_202 rc=0 647s clH south/half seed=202 rescued=4 dead=0 unreachable=0 never_detected=0 ff_deaths=0 terminal=235 completions=4 recycles=4 removals=4 returns=4 wall=646s [valid 18/52] src=2a36d14ad942 ext=6fc3e7041ad3 head=e58953f06f865b15224900acb7d42a4799791ba9
[02:18:37] LAUNCH clH_east_def_202 running=7 free_kb=7297680 sims_boxwide=6 attempt=1 src=2a36d14ad942 ext=6fc3e7041ad3 head=e58953f06f865b15224900acb7d42a4799791ba9
[02:18:38] .. alive runid=20260927-014131-1770 event_age=1s | wave=s2 total=52 valid=18 running=7 pending=27 launched=25 failed=0 gaveup=0 forkfail=0 free_kb=7297680 sims_boxwide=6 last_event_age=0s last_event_epoch=1790468317
[02:19:30] DONE clH_east_half_303 rc=0 907s clH east/half seed=303 rescued=3 dead=1 unreachable=0 never_detected=0 ff_deaths=0 terminal=121 completions=3 recycles=3 removals=3 returns=3 wall=905s [valid 19/52] src=2a36d14ad942 ext=6fc3e7041ad3 head=e58953f06f865b15224900acb7d42a4799791ba9
[02:19:31] LAUNCH clH_east_def_303 running=7 free_kb=7183976 sims_boxwide=6 attempt=1 src=2a36d14ad942 ext=6fc3e7041ad3 head=e58953f06f865b15224900acb7d42a4799791ba9
[02:19:38] .. alive runid=20260927-014131-1770 event_age=7s | wave=s2 total=52 valid=19 running=7 pending=26 launched=26 failed=0 gaveup=0 forkfail=0 free_kb=7183976 sims_boxwide=6 last_event_age=0s last_event_epoch=1790468371
[02:20:38] .. alive runid=20260927-014131-1770 event_age=67s | wave=s2 total=52 valid=19 running=7 pending=26 launched=26 failed=0 gaveup=0 forkfail=0 free_kb=7183976 sims_boxwide=6 last_event_age=0s last_event_epoch=1790468371
[02:21:39] .. alive runid=20260927-014131-1770 event_age=128s | wave=s2 total=52 valid=19 running=7 pending=26 launched=26 failed=0 gaveup=0 forkfail=0 free_kb=7183976 sims_boxwide=6 last_event_age=0s last_event_epoch=1790468371
[02:22:39] .. alive runid=20260927-014131-1770 event_age=188s | wave=s2 total=52 valid=19 running=7 pending=26 launched=26 failed=0 gaveup=0 forkfail=0 free_kb=7183976 sims_boxwide=6 last_event_age=0s last_event_epoch=1790468371
[02:22:59] DONE clH_south_half_303 rc=0 500s clH south/half seed=303 rescued=4 dead=0 unreachable=0 never_detected=0 ff_deaths=0 terminal=115 completions=4 recycles=4 removals=4 returns=4 wall=498s [valid 20/52] src=2a36d14ad942 ext=6fc3e7041ad3 head=e58953f06f865b15224900acb7d42a4799791ba9
[02:23:01] LAUNCH clSN_east_half_101 running=7 free_kb=7230776 sims_boxwide=6 attempt=1 src=2a36d14ad942 ext=6fc3e7041ad3 head=e58953f06f865b15224900acb7d42a4799791ba9
[02:23:39] .. alive runid=20260927-014131-1770 event_age=38s | wave=s2 total=52 valid=20 running=7 pending=25 launched=27 failed=0 gaveup=0 forkfail=0 free_kb=7230776 sims_boxwide=6 last_event_age=0s last_event_epoch=1790468581
[02:24:12] DONE clH_south_half_505 rc=0 466s clH south/half seed=505 rescued=3 dead=1 unreachable=0 never_detected=0 ff_deaths=0 terminal=115 completions=3 recycles=3 removals=3 returns=3 wall=464s [valid 21/52] src=2a36d14ad942 ext=6fc3e7041ad3 head=e58953f06f865b15224900acb7d42a4799791ba9
[02:24:14] LAUNCH clSN_east_half_202 running=7 free_kb=7289300 sims_boxwide=6 attempt=1 src=2a36d14ad942 ext=6fc3e7041ad3 head=e58953f06f865b15224900acb7d42a4799791ba9
[02:24:39] .. alive runid=20260927-014131-1770 event_age=25s | wave=s2 total=52 valid=21 running=7 pending=24 launched=28 failed=0 gaveup=0 forkfail=0 free_kb=7289300 sims_boxwide=6 last_event_age=0s last_event_epoch=1790468654
[02:25:39] .. alive runid=20260927-014131-1770 event_age=85s | wave=s2 total=52 valid=21 running=7 pending=24 launched=28 failed=0 gaveup=0 forkfail=0 free_kb=7289300 sims_boxwide=6 last_event_age=0s last_event_epoch=1790468654
[02:26:39] .. alive runid=20260927-014131-1770 event_age=145s | wave=s2 total=52 valid=21 running=7 pending=24 launched=28 failed=0 gaveup=0 forkfail=0 free_kb=7289300 sims_boxwide=6 last_event_age=0s last_event_epoch=1790468654
[02:26:51] DONE clH_south_half_404 rc=0 638s clH south/half seed=404 rescued=2 dead=0 unreachable=0 never_detected=0 ff_deaths=1 terminal=None completions=2 recycles=2 removals=2 returns=2 wall=637s [valid 22/52] src=2a36d14ad942 ext=6fc3e7041ad3 head=e58953f06f865b15224900acb7d42a4799791ba9
[02:26:52] LAUNCH clSN_east_half_303 running=7 free_kb=7248400 sims_boxwide=6 attempt=1 src=2a36d14ad942 ext=6fc3e7041ad3 head=e58953f06f865b15224900acb7d42a4799791ba9
[02:27:23] DONE clH_east_def_202 rc=0 525s clH east/default seed=202 rescued=3 dead=1 unreachable=0 never_detected=0 ff_deaths=0 terminal=172 completions=3 recycles=3 removals=3 returns=3 wall=524s [valid 23/52] src=2a36d14ad942 ext=6fc3e7041ad3 head=e58953f06f865b15224900acb7d42a4799791ba9
[02:27:24] LAUNCH clSN_east_half_404 running=7 free_kb=7261724 sims_boxwide=6 attempt=1 src=2a36d14ad942 ext=6fc3e7041ad3 head=e58953f06f865b15224900acb7d42a4799791ba9
[02:27:37] DONE clH_east_def_303 rc=0 485s clH east/default seed=303 rescued=3 dead=1 unreachable=0 never_detected=0 ff_deaths=0 terminal=137 completions=3 recycles=3 removals=3 returns=3 wall=481s [valid 24/52] src=2a36d14ad942 ext=6fc3e7041ad3 head=e58953f06f865b15224900acb7d42a4799791ba9
[02:27:38] LAUNCH clSN_east_half_505 running=7 free_kb=7283396 sims_boxwide=6 attempt=1 src=2a36d14ad942 ext=6fc3e7041ad3 head=e58953f06f865b15224900acb7d42a4799791ba9
[02:27:39] .. alive runid=20260927-014131-1770 event_age=1s | wave=s2 total=52 valid=24 running=7 pending=21 launched=31 failed=0 gaveup=0 forkfail=0 free_kb=7283396 sims_boxwide=6 last_event_age=0s last_event_epoch=1790468858
[02:27:51] DONE clH_east_def_101 rc=0 568s clH east/default seed=101 rescued=4 dead=0 unreachable=0 never_detected=0 ff_deaths=0 terminal=288 completions=4 recycles=4 removals=4 returns=4 wall=564s [valid 25/52] src=2a36d14ad942 ext=6fc3e7041ad3 head=e58953f06f865b15224900acb7d42a4799791ba9
[02:27:52] LAUNCH clSN_south_half_101 running=7 free_kb=7262040 sims_boxwide=6 attempt=1 src=2a36d14ad942 ext=6fc3e7041ad3 head=e58953f06f865b15224900acb7d42a4799791ba9
[02:28:39] .. alive runid=20260927-014131-1770 event_age=47s | wave=s2 total=52 valid=25 running=7 pending=20 launched=32 failed=0 gaveup=0 forkfail=0 free_kb=7262040 sims_boxwide=6 last_event_age=0s last_event_epoch=1790468872
[02:29:39] .. alive runid=20260927-014131-1770 event_age=107s | wave=s2 total=52 valid=25 running=7 pending=20 launched=32 failed=0 gaveup=0 forkfail=0 free_kb=7262040 sims_boxwide=6 last_event_age=0s last_event_epoch=1790468872
[02:30:35] DONE clH_east_half_404 rc=0 1536s clH east/half seed=404 rescued=4 dead=0 unreachable=0 never_detected=0 ff_deaths=1 terminal=291 completions=4 recycles=4 removals=4 returns=4 wall=1535s [valid 26/52] src=2a36d14ad942 ext=6fc3e7041ad3 head=e58953f06f865b15224900acb7d42a4799791ba9
[02:30:36] LAUNCH clSN_south_half_202 running=7 free_kb=7151312 sims_boxwide=6 attempt=1 src=2a36d14ad942 ext=6fc3e7041ad3 head=e58953f06f865b15224900acb7d42a4799791ba9
[02:30:39] .. alive runid=20260927-014131-1770 event_age=3s | wave=s2 total=52 valid=26 running=7 pending=19 launched=33 failed=0 gaveup=0 forkfail=0 free_kb=7151312 sims_boxwide=6 last_event_age=0s last_event_epoch=1790469036
[02:31:39] .. alive runid=20260927-014131-1770 event_age=63s | wave=s2 total=52 valid=26 running=7 pending=19 launched=33 failed=0 gaveup=0 forkfail=0 free_kb=7151312 sims_boxwide=6 last_event_age=0s last_event_epoch=1790469036
[02:32:40] .. alive runid=20260927-014131-1770 event_age=124s | wave=s2 total=52 valid=26 running=7 pending=19 launched=33 failed=0 gaveup=0 forkfail=0 free_kb=7151312 sims_boxwide=6 last_event_age=0s last_event_epoch=1790469036
[02:33:40] .. alive runid=20260927-014131-1770 event_age=184s | wave=s2 total=52 valid=26 running=7 pending=19 launched=33 failed=0 gaveup=0 forkfail=0 free_kb=7151312 sims_boxwide=6 last_event_age=0s last_event_epoch=1790469036
[02:34:40] .. alive runid=20260927-014131-1770 event_age=244s | wave=s2 total=52 valid=26 running=7 pending=19 launched=33 failed=0 gaveup=0 forkfail=0 free_kb=7151312 sims_boxwide=6 last_event_age=0s last_event_epoch=1790469036
[02:35:40] .. alive runid=20260927-014131-1770 event_age=304s | wave=s2 total=52 valid=26 running=7 pending=19 launched=33 failed=0 gaveup=0 forkfail=0 free_kb=7151312 sims_boxwide=6 last_event_age=0s last_event_epoch=1790469036
[02:36:40] .. alive runid=20260927-014131-1770 event_age=364s | wave=s2 total=52 valid=26 running=7 pending=19 launched=33 failed=0 gaveup=0 forkfail=0 free_kb=7151312 sims_boxwide=6 last_event_age=0s last_event_epoch=1790469036
[02:37:07] DONE clSN_south_half_101 rc=0 555s clSN south/half seed=101 rescued=2 dead=2 unreachable=0 never_detected=0 ff_deaths=1 terminal=129 completions=2 recycles=2 removals=2 returns=2 wall=553s [valid 27/52] src=2a36d14ad942 ext=6fc3e7041ad3 head=e58953f06f865b15224900acb7d42a4799791ba9
[02:37:09] LAUNCH clSN_south_half_303 running=7 free_kb=7257288 sims_boxwide=6 attempt=1 src=2a36d14ad942 ext=6fc3e7041ad3 head=e58953f06f865b15224900acb7d42a4799791ba9
[02:37:40] DONE clSN_east_half_202 rc=0 805s clSN east/half seed=202 rescued=3 dead=1 unreachable=0 never_detected=0 ff_deaths=0 terminal=93 completions=3 recycles=3 removals=3 returns=3 wall=804s [valid 28/52] src=2a36d14ad942 ext=6fc3e7041ad3 head=e58953f06f865b15224900acb7d42a4799791ba9
[02:37:40] .. alive runid=20260927-014131-1770 event_age=1s | wave=s2 total=52 valid=28 running=6 pending=18 launched=34 failed=0 gaveup=0 forkfail=0 free_kb=7257288 sims_boxwide=6 last_event_age=1s last_event_epoch=1790469459
[02:37:41] LAUNCH clSN_south_half_404 running=7 free_kb=7240752 sims_boxwide=6 attempt=1 src=2a36d14ad942 ext=6fc3e7041ad3 head=e58953f06f865b15224900acb7d42a4799791ba9
[02:38:40] .. alive runid=20260927-014131-1770 event_age=59s | wave=s2 total=52 valid=28 running=7 pending=17 launched=35 failed=0 gaveup=0 forkfail=0 free_kb=7240752 sims_boxwide=6 last_event_age=0s last_event_epoch=1790469461
[02:39:15] DONE clSN_east_half_101 rc=0 974s clSN east/half seed=101 rescued=3 dead=1 unreachable=0 never_detected=0 ff_deaths=1 terminal=135 completions=3 recycles=3 removals=3 returns=3 wall=972s [valid 29/52] src=2a36d14ad942 ext=6fc3e7041ad3 head=e58953f06f865b15224900acb7d42a4799791ba9
[02:39:17] LAUNCH clSN_south_half_505 running=7 free_kb=7317336 sims_boxwide=6 attempt=1 src=2a36d14ad942 ext=6fc3e7041ad3 head=e58953f06f865b15224900acb7d42a4799791ba9
[02:39:40] .. alive runid=20260927-014131-1770 event_age=23s | wave=s2 total=52 valid=29 running=7 pending=16 launched=36 failed=0 gaveup=0 forkfail=0 free_kb=7317336 sims_boxwide=6 last_event_age=0s last_event_epoch=1790469557
[02:40:40] .. alive runid=20260927-014131-1770 event_age=83s | wave=s2 total=52 valid=29 running=7 pending=16 launched=36 failed=0 gaveup=0 forkfail=0 free_kb=7317336 sims_boxwide=6 last_event_age=0s last_event_epoch=1790469557
[02:40:46] DONE clSN_east_half_505 rc=0 788s clSN east/half seed=505 rescued=3 dead=1 unreachable=0 never_detected=0 ff_deaths=0 terminal=94 completions=3 recycles=3 removals=3 returns=3 wall=786s [valid 30/52] src=2a36d14ad942 ext=6fc3e7041ad3 head=e58953f06f865b15224900acb7d42a4799791ba9
[02:40:48] LAUNCH clSN_east_def_101 running=7 free_kb=7233504 sims_boxwide=6 attempt=1 src=2a36d14ad942 ext=6fc3e7041ad3 head=e58953f06f865b15224900acb7d42a4799791ba9
[02:41:30] DONE clSN_south_half_202 rc=0 653s clSN south/half seed=202 rescued=4 dead=0 unreachable=0 never_detected=0 ff_deaths=0 terminal=235 completions=4 recycles=4 removals=4 returns=4 wall=651s [valid 31/52] src=2a36d14ad942 ext=6fc3e7041ad3 head=e58953f06f865b15224900acb7d42a4799791ba9
[02:41:31] LAUNCH clSN_east_def_202 running=7 free_kb=7080996 sims_boxwide=6 attempt=1 src=2a36d14ad942 ext=6fc3e7041ad3 head=e58953f06f865b15224900acb7d42a4799791ba9
[02:41:40] .. alive runid=20260927-014131-1770 event_age=9s | wave=s2 total=52 valid=31 running=7 pending=14 launched=38 failed=0 gaveup=0 forkfail=0 free_kb=7080996 sims_boxwide=6 last_event_age=0s last_event_epoch=1790469691
[02:41:57] DONE clSN_east_half_303 rc=0 904s clSN east/half seed=303 rescued=3 dead=1 unreachable=0 never_detected=0 ff_deaths=0 terminal=121 completions=3 recycles=3 removals=3 returns=3 wall=902s [valid 32/52] src=2a36d14ad942 ext=6fc3e7041ad3 head=e58953f06f865b15224900acb7d42a4799791ba9
[02:41:58] LAUNCH clSN_east_def_303 running=7 free_kb=7185832 sims_boxwide=6 attempt=1 src=2a36d14ad942 ext=6fc3e7041ad3 head=e58953f06f865b15224900acb7d42a4799791ba9
[02:42:40] .. alive runid=20260927-014131-1770 event_age=42s | wave=s2 total=52 valid=32 running=7 pending=13 launched=39 failed=0 gaveup=0 forkfail=0 free_kb=7185832 sims_boxwide=6 last_event_age=0s last_event_epoch=1790469718
[02:43:41] .. alive runid=20260927-014131-1770 event_age=103s | wave=s2 total=52 valid=32 running=7 pending=13 launched=39 failed=0 gaveup=0 forkfail=0 free_kb=7185832 sims_boxwide=6 last_event_age=0s last_event_epoch=1790469718
[02:44:41] .. alive runid=20260927-014131-1770 event_age=163s | wave=s2 total=52 valid=32 running=7 pending=13 launched=39 failed=0 gaveup=0 forkfail=0 free_kb=7185832 sims_boxwide=6 last_event_age=0s last_event_epoch=1790469718
[02:45:30] DONE clSN_south_half_303 rc=0 500s clSN south/half seed=303 rescued=4 dead=0 unreachable=0 never_detected=0 ff_deaths=0 terminal=115 completions=4 recycles=4 removals=4 returns=4 wall=499s [valid 33/52] src=2a36d14ad942 ext=6fc3e7041ad3 head=e58953f06f865b15224900acb7d42a4799791ba9
[02:45:31] LAUNCH clA_east_half_101 running=7 free_kb=7182148 sims_boxwide=6 attempt=1 src=2a36d14ad942 ext=6fc3e7041ad3 head=e58953f06f865b15224900acb7d42a4799791ba9
[02:45:41] .. alive runid=20260927-014131-1770 event_age=10s | wave=s2 total=52 valid=33 running=7 pending=12 launched=40 failed=0 gaveup=0 forkfail=0 free_kb=7182148 sims_boxwide=6 last_event_age=0s last_event_epoch=1790469931
[02:46:41] .. alive runid=20260927-014131-1770 event_age=70s | wave=s2 total=52 valid=33 running=7 pending=12 launched=40 failed=0 gaveup=0 forkfail=0 free_kb=7182148 sims_boxwide=6 last_event_age=0s last_event_epoch=1790469931
[02:47:05] DONE clSN_south_half_505 rc=0 468s clSN south/half seed=505 rescued=3 dead=1 unreachable=0 never_detected=0 ff_deaths=0 terminal=115 completions=3 recycles=3 removals=3 returns=3 wall=466s [valid 34/52] src=2a36d14ad942 ext=6fc3e7041ad3 head=e58953f06f865b15224900acb7d42a4799791ba9
[02:47:07] LAUNCH clA_east_half_202 running=7 free_kb=7214456 sims_boxwide=6 attempt=1 src=2a36d14ad942 ext=6fc3e7041ad3 head=e58953f06f865b15224900acb7d42a4799791ba9
[02:47:41] .. alive runid=20260927-014131-1770 event_age=34s | wave=s2 total=52 valid=34 running=7 pending=11 launched=41 failed=0 gaveup=0 forkfail=0 free_kb=7214456 sims_boxwide=6 last_event_age=0s last_event_epoch=1790470027
[02:48:28] DONE clSN_south_half_404 rc=0 647s clSN south/half seed=404 rescued=2 dead=0 unreachable=0 never_detected=0 ff_deaths=1 terminal=None completions=2 recycles=2 removals=2 returns=2 wall=645s [valid 35/52] src=2a36d14ad942 ext=6fc3e7041ad3 head=e58953f06f865b15224900acb7d42a4799791ba9
[02:48:30] LAUNCH clA_east_half_303 running=7 free_kb=7207064 sims_boxwide=6 attempt=1 src=2a36d14ad942 ext=6fc3e7041ad3 head=e58953f06f865b15224900acb7d42a4799791ba9
[02:48:41] .. alive runid=20260927-014131-1770 event_age=11s | wave=s2 total=52 valid=35 running=7 pending=10 launched=42 failed=0 gaveup=0 forkfail=0 free_kb=7207064 sims_boxwide=6 last_event_age=0s last_event_epoch=1790470110
[02:49:41] .. alive runid=20260927-014131-1770 event_age=71s | wave=s2 total=52 valid=35 running=7 pending=10 launched=42 failed=0 gaveup=0 forkfail=0 free_kb=7207064 sims_boxwide=6 last_event_age=0s last_event_epoch=1790470110
[02:50:00] DONE clSN_east_def_303 rc=0 481s clSN east/default seed=303 rescued=3 dead=1 unreachable=0 never_detected=0 ff_deaths=0 terminal=137 completions=3 recycles=3 removals=3 returns=3 wall=479s [valid 36/52] src=2a36d14ad942 ext=6fc3e7041ad3 head=e58953f06f865b15224900acb7d42a4799791ba9
[02:50:01] LAUNCH clA_east_half_404 running=7 free_kb=7204256 sims_boxwide=6 attempt=1 src=2a36d14ad942 ext=6fc3e7041ad3 head=e58953f06f865b15224900acb7d42a4799791ba9
[02:50:14] DONE clSN_east_def_202 rc=0 522s clSN east/default seed=202 rescued=3 dead=1 unreachable=0 never_detected=0 ff_deaths=0 terminal=172 completions=3 recycles=3 removals=3 returns=3 wall=518s [valid 37/52] src=2a36d14ad942 ext=6fc3e7041ad3 head=e58953f06f865b15224900acb7d42a4799791ba9
[02:50:14] DONE clSN_east_def_101 rc=0 566s clSN east/default seed=101 rescued=4 dead=0 unreachable=0 never_detected=0 ff_deaths=0 terminal=288 completions=4 recycles=4 removals=4 returns=4 wall=559s [valid 38/52] src=2a36d14ad942 ext=6fc3e7041ad3 head=e58953f06f865b15224900acb7d42a4799791ba9
[02:50:15] LAUNCH clA_east_half_505 running=6 free_kb=8132524 sims_boxwide=5 attempt=1 src=2a36d14ad942 ext=6fc3e7041ad3 head=e58953f06f865b15224900acb7d42a4799791ba9
[02:50:29] LAUNCH clA_south_half_101 running=7 free_kb=7301408 sims_boxwide=6 attempt=1 src=2a36d14ad942 ext=6fc3e7041ad3 head=e58953f06f865b15224900acb7d42a4799791ba9
[02:50:41] .. alive runid=20260927-014131-1770 event_age=12s | wave=s2 total=52 valid=38 running=7 pending=7 launched=45 failed=0 gaveup=0 forkfail=0 free_kb=7301408 sims_boxwide=6 last_event_age=0s last_event_epoch=1790470229
[02:51:41] .. alive runid=20260927-014131-1770 event_age=72s | wave=s2 total=52 valid=38 running=7 pending=7 launched=45 failed=0 gaveup=0 forkfail=0 free_kb=7301408 sims_boxwide=6 last_event_age=0s last_event_epoch=1790470229
[02:52:41] .. alive runid=20260927-014131-1770 event_age=132s | wave=s2 total=52 valid=38 running=7 pending=7 launched=45 failed=0 gaveup=0 forkfail=0 free_kb=7301408 sims_boxwide=6 last_event_age=0s last_event_epoch=1790470229
[02:52:55] DONE clSN_east_half_404 rc=0 1531s clSN east/half seed=404 rescued=4 dead=0 unreachable=0 never_detected=0 ff_deaths=1 terminal=291 completions=4 recycles=4 removals=4 returns=4 wall=1529s [valid 39/52] src=2a36d14ad942 ext=6fc3e7041ad3 head=e58953f06f865b15224900acb7d42a4799791ba9
[02:52:57] LAUNCH clA_south_half_202 running=7 free_kb=7304788 sims_boxwide=6 attempt=1 src=2a36d14ad942 ext=6fc3e7041ad3 head=e58953f06f865b15224900acb7d42a4799791ba9
[02:53:41] .. alive runid=20260927-014131-1770 event_age=44s | wave=s2 total=52 valid=39 running=7 pending=6 launched=46 failed=0 gaveup=0 forkfail=0 free_kb=7304788 sims_boxwide=6 last_event_age=0s last_event_epoch=1790470377
[02:54:41] .. alive runid=20260927-014131-1770 event_age=104s | wave=s2 total=52 valid=39 running=7 pending=6 launched=46 failed=0 gaveup=0 forkfail=0 free_kb=7304788 sims_boxwide=6 last_event_age=0s last_event_epoch=1790470377
[02:55:42] .. alive runid=20260927-014131-1770 event_age=165s | wave=s2 total=52 valid=39 running=7 pending=6 launched=46 failed=0 gaveup=0 forkfail=0 free_kb=7304788 sims_boxwide=6 last_event_age=0s last_event_epoch=1790470377
[02:56:42] .. alive runid=20260927-014131-1770 event_age=225s | wave=s2 total=52 valid=39 running=7 pending=6 launched=46 failed=0 gaveup=0 forkfail=0 free_kb=7304788 sims_boxwide=6 last_event_age=0s last_event_epoch=1790470377
[02:57:42] .. alive runid=20260927-014131-1770 event_age=285s | wave=s2 total=52 valid=39 running=7 pending=6 launched=46 failed=0 gaveup=0 forkfail=0 free_kb=7304788 sims_boxwide=6 last_event_age=0s last_event_epoch=1790470377
[02:58:42] .. alive runid=20260927-014131-1770 event_age=345s | wave=s2 total=52 valid=39 running=7 pending=6 launched=46 failed=0 gaveup=0 forkfail=0 free_kb=7304788 sims_boxwide=6 last_event_age=0s last_event_epoch=1790470377
[02:59:42] .. alive runid=20260927-014131-1770 event_age=405s | wave=s2 total=52 valid=39 running=7 pending=6 launched=46 failed=0 gaveup=0 forkfail=0 free_kb=7304788 sims_boxwide=6 last_event_age=0s last_event_epoch=1790470377
[02:59:48] DONE clA_south_half_101 rc=0 558s clA south/half seed=101 rescued=2 dead=2 unreachable=0 never_detected=0 ff_deaths=1 terminal=129 completions=2 recycles=2 removals=2 returns=2 wall=557s [valid 40/52] src=2a36d14ad942 ext=6fc3e7041ad3 head=e58953f06f865b15224900acb7d42a4799791ba9
[02:59:49] LAUNCH clA_south_half_303 running=7 free_kb=7072364 sims_boxwide=6 attempt=1 src=2a36d14ad942 ext=6fc3e7041ad3 head=e58953f06f865b15224900acb7d42a4799791ba9
[03:00:27] DONE clA_east_half_202 rc=0 799s clA east/half seed=202 rescued=3 dead=1 unreachable=0 never_detected=0 ff_deaths=0 terminal=93 completions=3 recycles=3 removals=3 returns=3 wall=798s [valid 41/52] src=2a36d14ad942 ext=6fc3e7041ad3 head=e58953f06f865b15224900acb7d42a4799791ba9
[03:00:28] LAUNCH clA_south_half_404 running=7 free_kb=8003092 sims_boxwide=6 attempt=1 src=2a36d14ad942 ext=6fc3e7041ad3 head=e58953f06f865b15224900acb7d42a4799791ba9
[03:00:41] DONE clA_east_half_101 rc=0 909s clA east/half seed=101 rescued=4 dead=0 unreachable=0 never_detected=0 ff_deaths=0 terminal=115 completions=4 recycles=4 removals=4 returns=4 wall=907s [valid 42/52] src=2a36d14ad942 ext=6fc3e7041ad3 head=e58953f06f865b15224900acb7d42a4799791ba9
[03:00:42] .. alive runid=20260927-014131-1770 event_age=2s | wave=s2 total=52 valid=42 running=6 pending=4 launched=48 failed=0 gaveup=0 forkfail=0 free_kb=7176772 sims_boxwide=6 last_event_age=2s last_event_epoch=1790470840
[03:00:42] LAUNCH clA_south_half_505 running=7 free_kb=7176772 sims_boxwide=6 attempt=1 src=2a36d14ad942 ext=6fc3e7041ad3 head=e58953f06f865b15224900acb7d42a4799791ba9
[03:01:42] .. alive runid=20260927-014131-1770 event_age=60s | wave=s2 total=52 valid=42 running=7 pending=3 launched=49 failed=0 gaveup=0 forkfail=0 free_kb=7176772 sims_boxwide=6 last_event_age=0s last_event_epoch=1790470842
[03:02:42] .. alive runid=20260927-014131-1770 event_age=120s | wave=s2 total=52 valid=42 running=7 pending=3 launched=49 failed=0 gaveup=0 forkfail=0 free_kb=7176772 sims_boxwide=6 last_event_age=0s last_event_epoch=1790470842
[03:03:21] DONE clA_east_half_505 rc=0 786s clA east/half seed=505 rescued=3 dead=1 unreachable=0 never_detected=0 ff_deaths=0 terminal=94 completions=3 recycles=3 removals=3 returns=3 wall=784s [valid 43/52] src=2a36d14ad942 ext=6fc3e7041ad3 head=e58953f06f865b15224900acb7d42a4799791ba9
[03:03:23] LAUNCH clA_east_def_101 running=7 free_kb=7186044 sims_boxwide=6 attempt=1 src=2a36d14ad942 ext=6fc3e7041ad3 head=e58953f06f865b15224900acb7d42a4799791ba9
[03:03:35] DONE clA_east_half_303 rc=0 905s clA east/half seed=303 rescued=3 dead=1 unreachable=0 never_detected=0 ff_deaths=0 terminal=121 completions=3 recycles=3 removals=3 returns=3 wall=901s [valid 44/52] src=2a36d14ad942 ext=6fc3e7041ad3 head=e58953f06f865b15224900acb7d42a4799791ba9
[03:03:37] LAUNCH clA_east_def_202 running=7 free_kb=7227516 sims_boxwide=6 attempt=1 src=2a36d14ad942 ext=6fc3e7041ad3 head=e58953f06f865b15224900acb7d42a4799791ba9
[03:03:42] .. alive runid=20260927-014131-1770 event_age=5s | wave=s2 total=52 valid=44 running=7 pending=1 launched=51 failed=0 gaveup=0 forkfail=0 free_kb=7227516 sims_boxwide=6 last_event_age=0s last_event_epoch=1790471017
[03:03:49] DONE clA_south_half_202 rc=0 652s clA south/half seed=202 rescued=4 dead=0 unreachable=0 never_detected=0 ff_deaths=0 terminal=235 completions=4 recycles=4 removals=4 returns=4 wall=647s [valid 45/52] src=2a36d14ad942 ext=6fc3e7041ad3 head=e58953f06f865b15224900acb7d42a4799791ba9
[03:03:51] LAUNCH clA_east_def_303 running=7 free_kb=7284228 sims_boxwide=6 attempt=1 src=2a36d14ad942 ext=6fc3e7041ad3 head=e58953f06f865b15224900acb7d42a4799791ba9
[03:04:42] .. alive runid=20260927-014131-1770 event_age=51s | wave=s2 total=52 valid=45 running=7 pending=0 launched=52 failed=0 gaveup=0 forkfail=0 free_kb=7284228 sims_boxwide=6 last_event_age=0s last_event_epoch=1790471031
[03:05:42] .. alive runid=20260927-014131-1770 event_age=111s | wave=s2 total=52 valid=45 running=7 pending=0 launched=52 failed=0 gaveup=0 forkfail=0 free_kb=7284228 sims_boxwide=6 last_event_age=0s last_event_epoch=1790471031
[03:06:43] .. alive runid=20260927-014131-1770 event_age=172s | wave=s2 total=52 valid=45 running=7 pending=0 launched=52 failed=0 gaveup=0 forkfail=0 free_kb=7284228 sims_boxwide=6 last_event_age=0s last_event_epoch=1790471031
[03:07:43] .. alive runid=20260927-014131-1770 event_age=232s | wave=s2 total=52 valid=45 running=7 pending=0 launched=52 failed=0 gaveup=0 forkfail=0 free_kb=7284228 sims_boxwide=6 last_event_age=0s last_event_epoch=1790471031
[03:08:05] DONE clA_south_half_303 rc=0 495s clA south/half seed=303 rescued=4 dead=0 unreachable=0 never_detected=0 ff_deaths=0 terminal=115 completions=4 recycles=4 removals=4 returns=4 wall=493s [valid 46/52] src=2a36d14ad942 ext=6fc3e7041ad3 head=e58953f06f865b15224900acb7d42a4799791ba9
[03:08:28] DONE clA_south_half_505 rc=0 465s clA south/half seed=505 rescued=3 dead=1 unreachable=0 never_detected=0 ff_deaths=0 terminal=115 completions=3 recycles=3 removals=3 returns=3 wall=463s [valid 47/52] src=2a36d14ad942 ext=6fc3e7041ad3 head=e58953f06f865b15224900acb7d42a4799791ba9
[03:08:43] .. alive runid=20260927-014131-1770 event_age=16s | wave=s2 total=52 valid=47 running=5 pending=0 launched=52 failed=0 gaveup=0 forkfail=0 free_kb=7284228 sims_boxwide=6 last_event_age=1s last_event_epoch=1790471307
[03:09:43] .. alive runid=20260927-014131-1770 event_age=76s | wave=s2 total=52 valid=47 running=5 pending=0 launched=52 failed=0 gaveup=0 forkfail=0 free_kb=7284228 sims_boxwide=6 last_event_age=1s last_event_epoch=1790471307
[03:10:43] .. alive runid=20260927-014131-1770 event_age=136s | wave=s2 total=52 valid=47 running=5 pending=0 launched=52 failed=0 gaveup=0 forkfail=0 free_kb=7284228 sims_boxwide=6 last_event_age=1s last_event_epoch=1790471307
[03:11:07] DONE clA_south_half_404 rc=0 639s clA south/half seed=404 rescued=2 dead=0 unreachable=0 never_detected=0 ff_deaths=1 terminal=None completions=2 recycles=2 removals=2 returns=2 wall=637s [valid 48/52] src=2a36d14ad942 ext=6fc3e7041ad3 head=e58953f06f865b15224900acb7d42a4799791ba9
[03:11:43] .. alive runid=20260927-014131-1770 event_age=36s | wave=s2 total=52 valid=48 running=4 pending=0 launched=52 failed=0 gaveup=0 forkfail=0 free_kb=7284228 sims_boxwide=6 last_event_age=0s last_event_epoch=1790471467
[03:11:46] DONE clA_east_def_303 rc=0 474s clA east/default seed=303 rescued=3 dead=1 unreachable=0 never_detected=0 ff_deaths=0 terminal=137 completions=3 recycles=3 removals=3 returns=3 wall=473s [valid 49/52] src=2a36d14ad942 ext=6fc3e7041ad3 head=e58953f06f865b15224900acb7d42a4799791ba9
[03:12:12] DONE clA_east_def_202 rc=0 515s clA east/default seed=202 rescued=3 dead=1 unreachable=0 never_detected=0 ff_deaths=0 terminal=172 completions=3 recycles=3 removals=3 returns=3 wall=513s [valid 50/52] src=2a36d14ad942 ext=6fc3e7041ad3 head=e58953f06f865b15224900acb7d42a4799791ba9
[03:12:43] .. alive runid=20260927-014131-1770 event_age=31s | wave=s2 total=52 valid=50 running=2 pending=0 launched=52 failed=0 gaveup=0 forkfail=0 free_kb=7284228 sims_boxwide=6 last_event_age=0s last_event_epoch=1790471532
[03:12:45] DONE clA_east_def_101 rc=0 562s clA east/default seed=101 rescued=4 dead=0 unreachable=0 never_detected=0 ff_deaths=0 terminal=288 completions=4 recycles=4 removals=4 returns=4 wall=560s [valid 51/52] src=2a36d14ad942 ext=6fc3e7041ad3 head=e58953f06f865b15224900acb7d42a4799791ba9
[03:13:43] .. alive runid=20260927-014131-1770 event_age=58s | wave=s2 total=52 valid=51 running=1 pending=0 launched=52 failed=0 gaveup=0 forkfail=0 free_kb=7284228 sims_boxwide=6 last_event_age=0s last_event_epoch=1790471565
[03:14:43] .. alive runid=20260927-014131-1770 event_age=118s | wave=s2 total=52 valid=51 running=1 pending=0 launched=52 failed=0 gaveup=0 forkfail=0 free_kb=7284228 sims_boxwide=6 last_event_age=0s last_event_epoch=1790471565
[03:15:09] DONE clA_east_half_404 rc=0 1507s clA east/half seed=404 rescued=4 dead=0 unreachable=0 never_detected=0 ff_deaths=1 terminal=291 completions=4 recycles=4 removals=4 returns=4 wall=1506s [valid 52/52] src=2a36d14ad942 ext=6fc3e7041ad3 head=e58953f06f865b15224900acb7d42a4799791ba9
[03:15:09] MAIN LOOP LEFT pending=0 running=0
[03:15:10] FINAL SUMMARY total=52 valid=52 invalid=0 missing=0
[03:15:11] FINAL wave=s2 SUMMARY total=52 valid=52 invalid=0 missing=0 live_this_wave=0 sims_boxwide=0
[03:15:11] ALL_DCD4RB_COMPLETE wave=s2 runid=20260927-014131-1770 valid=52/52 launched=52 failed=0 forkfail=0 src=2a36d14ad942 ext=6fc3e7041ad3 head=e58953f06f865b15224900acb7d42a4799791ba9
[03:15:43] HEARTBEAT EXIT wave=s2 runid=20260927-014131-1770 (sentinel)
