[03:32:36] POOL START wave=probe runid=20260927-033235-2211 restart=0 pid=2211 winpid=10796 head=108a0adf55acdb5743cd70a347fc7810fbcefe24 src=2a36d14ad942 ext=679f0f7f13c8 harness=outputs/_cl_probe.py dirty_tracked=0 queue=outputs/_cl_probe_queue.txt maxpar=1 minfree_kb=3500000
[03:32:37] ENV 3.10.11 mesa 1.2.1  prereg_sha256=729d98c97b8d48f8 queue_sha256=e0e876fc72b67bcb
[03:32:38] SHIPPED BASE_STATION_MODE=3 BASE_STATION_RETURN_MECHANISM=2 BASE_STATION_DEPOTS=9 BASE_STATION_SPAWN_SPLIT=2 UAV_RETURN_TO_BASE_RESERVE=0.0 BASE_STATION_RETURN_MARGIN=39.23 BASE_STATION_DOCK_FIX=2 BASE_STATION_RETURN_STALL_LIMIT=3 BASE_STATION_WAYPOINT_FIX=1 ROUTE_BLOCK_STALE_CLEAR=1 VICTIM_SEARCHER_HAZARD_RETREAT_RANGE=99 BASE_STATION_FIREPROOF=1 BASE_STATION_FIREPROOF_DRY_RUN=0 VICTIM_SEARCHER_HAZARD_GATE_BOUNDS_FIX=1 FF_FIREFIGHT_EXTINGUISH=1 FF_FIREFIGHT_FIREBREAK=1 FF_FIREFIGHT_ENGAGED_RETREAT_RANGE=1 FF_FIREFIGHT_MISSION_GATE=0 FF_FIREFIGHT_DRY_RUN=0 FF_EXIT_LEG_MODE=0 FF_EXIT_LEG_HOLD=0 FF_EXIT_LEG_SERVED=0 ff_exit_leg_mode()=0 ff_exit_leg_hold()=False ff_exit_leg_served()=0
[03:32:39] SHIPPED-CONTROL head=6160438
BASE_STATION_MODE=3 BASE_STATION_RETURN_MECHANISM=2 BASE_STATION_DEPOTS=9 BASE_STATION_SPAWN_SPLIT=2 UAV_RETURN_TO_BASE_RESERVE=0.0 BASE_STATION_RETURN_MARGIN=39.23 BASE_STATION_DOCK_FIX=2 BASE_STATION_RETURN_STALL_LIMIT=3 BASE_STATION_WAYPOINT_FIX=1 ROUTE_BLOCK_STALE_CLEAR=1 VICTIM_SEARCHER_HAZARD_RETREAT_RANGE=99 BASE_STATION_FIREPROOF=1 BASE_STATION_FIREPROOF_DRY_RUN=0 VICTIM_SEARCHER_HAZARD_GATE_BOUNDS_FIX=1 FF_FIREFIGHT_EXTINGUISH=1 FF_FIREFIGHT_FIREBREAK=1 FF_FIREFIGHT_ENGAGED_RETREAT_RANGE=1 FF_FIREFIGHT_MISSION_GATE=0 FF_FIREFIGHT_DRY_RUN=0 FF_EXIT_LEG_MODE=ABSENT FF_EXIT_LEG_HOLD=ABSENT FF_EXIT_LEG_SERVED=ABSENT ff_exit_leg_mode()=ABSENT ff_exit_leg_hold()=ABSENT ff_exit_leg_served()=ABSENT
[03:32:40] VALIDATE total=6 valid=0 invalid=0 missing=6
[03:32:40] START STATE wave=probe total=6 valid=0 pending=6 live_orphans_this_wave=3 sims_boxwide=3 free_kb=13338268
[03:32:40] HEARTBEAT pid=2356 every 60s -> outputs/_cl_probe_wave.log ; state file outputs/_cl_probe_state.txt ; sentinel outputs/_cl_probe_hb_20260927-033235-2211.stop
[03:32:41] LAUNCH clPS0_south_half_1048395951 running=1 free_kb=13327824 sims_boxwide=3 attempt=1 src=2a36d14ad942 ext=679f0f7f13c8 head=108a0adf55acdb5743cd70a347fc7810fbcefe24
[03:33:40] .. alive runid=20260927-033235-2211 event_age=59s | wave=probe total=6 valid=0 running=1 pending=5 launched=1 failed=0 gaveup=0 forkfail=0 free_kb=13327824 sims_boxwide=3 last_event_age=0s last_event_epoch=1790472761
[03:34:40] .. alive runid=20260927-033235-2211 event_age=119s | wave=probe total=6 valid=0 running=1 pending=5 launched=1 failed=0 gaveup=0 forkfail=0 free_kb=13327824 sims_boxwide=3 last_event_age=0s last_event_epoch=1790472761
[03:35:40] .. alive runid=20260927-033235-2211 event_age=179s | wave=probe total=6 valid=0 running=1 pending=5 launched=1 failed=0 gaveup=0 forkfail=0 free_kb=13327824 sims_boxwide=3 last_event_age=0s last_event_epoch=1790472761
[03:36:40] .. alive runid=20260927-033235-2211 event_age=239s | wave=probe total=6 valid=0 running=1 pending=5 launched=1 failed=0 gaveup=0 forkfail=0 free_kb=13327824 sims_boxwide=3 last_event_age=0s last_event_epoch=1790472761
[03:37:40] .. alive runid=20260927-033235-2211 event_age=299s | wave=probe total=6 valid=0 running=1 pending=5 launched=1 failed=0 gaveup=0 forkfail=0 free_kb=13327824 sims_boxwide=3 last_event_age=0s last_event_epoch=1790472761
[03:38:40] .. alive runid=20260927-033235-2211 event_age=359s | wave=probe total=6 valid=0 running=1 pending=5 launched=1 failed=0 gaveup=0 forkfail=0 free_kb=13327824 sims_boxwide=3 last_event_age=0s last_event_epoch=1790472761
[03:39:40] .. alive runid=20260927-033235-2211 event_age=419s | wave=probe total=6 valid=0 running=1 pending=5 launched=1 failed=0 gaveup=0 forkfail=0 free_kb=13327824 sims_boxwide=3 last_event_age=0s last_event_epoch=1790472761
[03:40:40] .. alive runid=20260927-033235-2211 event_age=479s | wave=probe total=6 valid=0 running=1 pending=5 launched=1 failed=0 gaveup=0 forkfail=0 free_kb=13327824 sims_boxwide=3 last_event_age=0s last_event_epoch=1790472761
[03:41:40] .. alive runid=20260927-033235-2211 event_age=539s | wave=probe total=6 valid=0 running=1 pending=5 launched=1 failed=0 gaveup=0 forkfail=0 free_kb=13327824 sims_boxwide=3 last_event_age=0s last_event_epoch=1790472761
[03:42:41] .. alive runid=20260927-033235-2211 event_age=600s | wave=probe total=6 valid=0 running=1 pending=5 launched=1 failed=0 gaveup=0 forkfail=0 free_kb=13327824 sims_boxwide=3 last_event_age=0s last_event_epoch=1790472761
[03:43:41] .. alive runid=20260927-033235-2211 event_age=660s | wave=probe total=6 valid=0 running=1 pending=5 launched=1 failed=0 gaveup=0 forkfail=0 free_kb=13327824 sims_boxwide=3 last_event_age=0s last_event_epoch=1790472761
[03:43:46] DONE clPS0_south_half_1048395951 rc=0 664s clPS0 south/half seed=1048395951 rescued=3 dead=0 unreachable=1 never_detected=0 ff_deaths=1 terminal=162 completions=3 recycles=3 removals=3 returns=3 wall=663s [valid 1/6] src=2a36d14ad942 ext=679f0f7f13c8 head=108a0adf55acdb5743cd70a347fc7810fbcefe24
[03:43:47] LAUNCH clPS0_east_half_1433805104 running=1 free_kb=4298364 sims_boxwide=8 attempt=1 src=2a36d14ad942 ext=679f0f7f13c8 head=108a0adf55acdb5743cd70a347fc7810fbcefe24
[03:44:41] .. alive runid=20260927-033235-2211 event_age=54s | wave=probe total=6 valid=1 running=1 pending=4 launched=2 failed=0 gaveup=0 forkfail=0 free_kb=4298364 sims_boxwide=8 last_event_age=0s last_event_epoch=1790473427
[03:45:41] .. alive runid=20260927-033235-2211 event_age=114s | wave=probe total=6 valid=1 running=1 pending=4 launched=2 failed=0 gaveup=0 forkfail=0 free_kb=4298364 sims_boxwide=8 last_event_age=0s last_event_epoch=1790473427
[03:46:41] .. alive runid=20260927-033235-2211 event_age=174s | wave=probe total=6 valid=1 running=1 pending=4 launched=2 failed=0 gaveup=0 forkfail=0 free_kb=4298364 sims_boxwide=8 last_event_age=0s last_event_epoch=1790473427
[03:47:41] .. alive runid=20260927-033235-2211 event_age=234s | wave=probe total=6 valid=1 running=1 pending=4 launched=2 failed=0 gaveup=0 forkfail=0 free_kb=4298364 sims_boxwide=8 last_event_age=0s last_event_epoch=1790473427
[03:48:41] .. alive runid=20260927-033235-2211 event_age=294s | wave=probe total=6 valid=1 running=1 pending=4 launched=2 failed=0 gaveup=0 forkfail=0 free_kb=4298364 sims_boxwide=8 last_event_age=0s last_event_epoch=1790473427
[03:49:41] .. alive runid=20260927-033235-2211 event_age=354s | wave=probe total=6 valid=1 running=1 pending=4 launched=2 failed=0 gaveup=0 forkfail=0 free_kb=4298364 sims_boxwide=8 last_event_age=0s last_event_epoch=1790473427
[03:50:41] .. alive runid=20260927-033235-2211 event_age=414s | wave=probe total=6 valid=1 running=1 pending=4 launched=2 failed=0 gaveup=0 forkfail=0 free_kb=4298364 sims_boxwide=8 last_event_age=0s last_event_epoch=1790473427
[03:51:41] .. alive runid=20260927-033235-2211 event_age=474s | wave=probe total=6 valid=1 running=1 pending=4 launched=2 failed=0 gaveup=0 forkfail=0 free_kb=4298364 sims_boxwide=8 last_event_age=0s last_event_epoch=1790473427
[03:52:41] .. alive runid=20260927-033235-2211 event_age=534s | wave=probe total=6 valid=1 running=1 pending=4 launched=2 failed=0 gaveup=0 forkfail=0 free_kb=4298364 sims_boxwide=8 last_event_age=0s last_event_epoch=1790473427
[03:53:42] .. alive runid=20260927-033235-2211 event_age=595s | wave=probe total=6 valid=1 running=1 pending=4 launched=2 failed=0 gaveup=0 forkfail=0 free_kb=4298364 sims_boxwide=8 last_event_age=0s last_event_epoch=1790473427
[03:54:42] .. alive runid=20260927-033235-2211 event_age=655s | wave=probe total=6 valid=1 running=1 pending=4 launched=2 failed=0 gaveup=0 forkfail=0 free_kb=4298364 sims_boxwide=8 last_event_age=0s last_event_epoch=1790473427
[03:55:42] .. alive runid=20260927-033235-2211 event_age=715s | wave=probe total=6 valid=1 running=1 pending=4 launched=2 failed=0 gaveup=0 forkfail=0 free_kb=4298364 sims_boxwide=8 last_event_age=0s last_event_epoch=1790473427
[03:56:42] .. alive runid=20260927-033235-2211 event_age=775s | wave=probe total=6 valid=1 running=1 pending=4 launched=2 failed=0 gaveup=0 forkfail=0 free_kb=4298364 sims_boxwide=8 last_event_age=0s last_event_epoch=1790473427
[03:57:42] .. alive runid=20260927-033235-2211 event_age=835s | wave=probe total=6 valid=1 running=1 pending=4 launched=2 failed=0 gaveup=0 forkfail=0 free_kb=4298364 sims_boxwide=8 last_event_age=0s last_event_epoch=1790473427
[03:58:42] .. alive runid=20260927-033235-2211 event_age=895s | wave=probe total=6 valid=1 running=1 pending=4 launched=2 failed=0 gaveup=0 forkfail=0 free_kb=4298364 sims_boxwide=8 last_event_age=0s last_event_epoch=1790473427
[03:59:42] .. alive runid=20260927-033235-2211 event_age=955s | wave=probe total=6 valid=1 running=1 pending=4 launched=2 failed=0 gaveup=0 forkfail=0 free_kb=4298364 sims_boxwide=8 last_event_age=0s last_event_epoch=1790473427
[04:00:42] .. alive runid=20260927-033235-2211 event_age=1015s | wave=probe total=6 valid=1 running=1 pending=4 launched=2 failed=0 gaveup=0 forkfail=0 free_kb=4298364 sims_boxwide=8 last_event_age=0s last_event_epoch=1790473427
[04:01:42] .. alive runid=20260927-033235-2211 event_age=1075s | wave=probe total=6 valid=1 running=1 pending=4 launched=2 failed=0 gaveup=0 forkfail=0 free_kb=4298364 sims_boxwide=8 last_event_age=0s last_event_epoch=1790473427
[04:02:42] .. alive runid=20260927-033235-2211 event_age=1135s | wave=probe total=6 valid=1 running=1 pending=4 launched=2 failed=0 gaveup=0 forkfail=0 free_kb=4298364 sims_boxwide=8 last_event_age=0s last_event_epoch=1790473427
[04:03:42] .. alive runid=20260927-033235-2211 event_age=1195s | wave=probe total=6 valid=1 running=1 pending=4 launched=2 failed=0 gaveup=0 forkfail=0 free_kb=4298364 sims_boxwide=8 last_event_age=0s last_event_epoch=1790473427
[04:04:43] .. alive runid=20260927-033235-2211 event_age=1256s | wave=probe total=6 valid=1 running=1 pending=4 launched=2 failed=0 gaveup=0 forkfail=0 free_kb=4298364 sims_boxwide=8 last_event_age=0s last_event_epoch=1790473427
[04:05:43] .. alive runid=20260927-033235-2211 event_age=1316s | wave=probe total=6 valid=1 running=1 pending=4 launched=2 failed=0 gaveup=0 forkfail=0 free_kb=4298364 sims_boxwide=8 last_event_age=0s last_event_epoch=1790473427
[04:06:43] .. alive runid=20260927-033235-2211 event_age=1376s | wave=probe total=6 valid=1 running=1 pending=4 launched=2 failed=0 gaveup=0 forkfail=0 free_kb=4298364 sims_boxwide=8 last_event_age=0s last_event_epoch=1790473427
[04:07:03] DONE clPS0_east_half_1433805104 rc=0 1395s clPS0 east/half seed=1433805104 rescued=3 dead=1 unreachable=0 never_detected=0 ff_deaths=1 terminal=236 completions=3 recycles=3 removals=3 returns=3 wall=1393s [valid 2/6] src=2a36d14ad942 ext=679f0f7f13c8 head=108a0adf55acdb5743cd70a347fc7810fbcefe24
[04:07:04] LAUNCH clPS0_east_def_1420331661 running=1 free_kb=4295524 sims_boxwide=8 attempt=1 src=2a36d14ad942 ext=679f0f7f13c8 head=108a0adf55acdb5743cd70a347fc7810fbcefe24
[04:07:43] .. alive runid=20260927-033235-2211 event_age=39s | wave=probe total=6 valid=2 running=1 pending=3 launched=3 failed=0 gaveup=0 forkfail=0 free_kb=4295524 sims_boxwide=8 last_event_age=0s last_event_epoch=1790474824
[04:08:43] .. alive runid=20260927-033235-2211 event_age=99s | wave=probe total=6 valid=2 running=1 pending=3 launched=3 failed=0 gaveup=0 forkfail=0 free_kb=4295524 sims_boxwide=8 last_event_age=0s last_event_epoch=1790474824
[04:09:43] .. alive runid=20260927-033235-2211 event_age=159s | wave=probe total=6 valid=2 running=1 pending=3 launched=3 failed=0 gaveup=0 forkfail=0 free_kb=4295524 sims_boxwide=8 last_event_age=0s last_event_epoch=1790474824
[04:10:43] .. alive runid=20260927-033235-2211 event_age=219s | wave=probe total=6 valid=2 running=1 pending=3 launched=3 failed=0 gaveup=0 forkfail=0 free_kb=4295524 sims_boxwide=8 last_event_age=0s last_event_epoch=1790474824
[04:11:43] .. alive runid=20260927-033235-2211 event_age=279s | wave=probe total=6 valid=2 running=1 pending=3 launched=3 failed=0 gaveup=0 forkfail=0 free_kb=4295524 sims_boxwide=8 last_event_age=0s last_event_epoch=1790474824
[04:12:43] .. alive runid=20260927-033235-2211 event_age=339s | wave=probe total=6 valid=2 running=1 pending=3 launched=3 failed=0 gaveup=0 forkfail=0 free_kb=4295524 sims_boxwide=8 last_event_age=0s last_event_epoch=1790474824
[04:13:43] .. alive runid=20260927-033235-2211 event_age=399s | wave=probe total=6 valid=2 running=1 pending=3 launched=3 failed=0 gaveup=0 forkfail=0 free_kb=4295524 sims_boxwide=8 last_event_age=0s last_event_epoch=1790474824
[04:14:43] .. alive runid=20260927-033235-2211 event_age=459s | wave=probe total=6 valid=2 running=1 pending=3 launched=3 failed=0 gaveup=0 forkfail=0 free_kb=4295524 sims_boxwide=8 last_event_age=0s last_event_epoch=1790474824
[04:15:44] .. alive runid=20260927-033235-2211 event_age=520s | wave=probe total=6 valid=2 running=1 pending=3 launched=3 failed=0 gaveup=0 forkfail=0 free_kb=4295524 sims_boxwide=8 last_event_age=0s last_event_epoch=1790474824
[04:16:44] .. alive runid=20260927-033235-2211 event_age=580s | wave=probe total=6 valid=2 running=1 pending=3 launched=3 failed=0 gaveup=0 forkfail=0 free_kb=4295524 sims_boxwide=8 last_event_age=0s last_event_epoch=1790474824
[04:17:44] .. alive runid=20260927-033235-2211 event_age=640s | wave=probe total=6 valid=2 running=1 pending=3 launched=3 failed=0 gaveup=0 forkfail=0 free_kb=4295524 sims_boxwide=8 last_event_age=0s last_event_epoch=1790474824
[04:18:44] .. alive runid=20260927-033235-2211 event_age=700s | wave=probe total=6 valid=2 running=1 pending=3 launched=3 failed=0 gaveup=0 forkfail=0 free_kb=4295524 sims_boxwide=8 last_event_age=0s last_event_epoch=1790474824
[04:18:53] DONE clPS0_east_def_1420331661 rc=0 708s clPS0 east/default seed=1420331661 rescued=2 dead=1 unreachable=0 never_detected=0 ff_deaths=1 terminal=None completions=2 recycles=2 removals=2 returns=2 wall=706s [valid 3/6] src=2a36d14ad942 ext=679f0f7f13c8 head=108a0adf55acdb5743cd70a347fc7810fbcefe24
[04:18:54] LAUNCH clPS1_south_half_1048395951 running=1 free_kb=4173436 sims_boxwide=8 attempt=1 src=2a36d14ad942 ext=679f0f7f13c8 head=108a0adf55acdb5743cd70a347fc7810fbcefe24
[04:19:44] .. alive runid=20260927-033235-2211 event_age=50s | wave=probe total=6 valid=3 running=1 pending=2 launched=4 failed=0 gaveup=0 forkfail=0 free_kb=4173436 sims_boxwide=8 last_event_age=0s last_event_epoch=1790475534
[04:20:44] .. alive runid=20260927-033235-2211 event_age=110s | wave=probe total=6 valid=3 running=1 pending=2 launched=4 failed=0 gaveup=0 forkfail=0 free_kb=4173436 sims_boxwide=8 last_event_age=0s last_event_epoch=1790475534
[04:21:44] .. alive runid=20260927-033235-2211 event_age=170s | wave=probe total=6 valid=3 running=1 pending=2 launched=4 failed=0 gaveup=0 forkfail=0 free_kb=4173436 sims_boxwide=8 last_event_age=0s last_event_epoch=1790475534
[04:22:44] .. alive runid=20260927-033235-2211 event_age=230s | wave=probe total=6 valid=3 running=1 pending=2 launched=4 failed=0 gaveup=0 forkfail=0 free_kb=4173436 sims_boxwide=8 last_event_age=0s last_event_epoch=1790475534
[04:23:44] .. alive runid=20260927-033235-2211 event_age=290s | wave=probe total=6 valid=3 running=1 pending=2 launched=4 failed=0 gaveup=0 forkfail=0 free_kb=4173436 sims_boxwide=8 last_event_age=0s last_event_epoch=1790475534
[04:24:44] .. alive runid=20260927-033235-2211 event_age=350s | wave=probe total=6 valid=3 running=1 pending=2 launched=4 failed=0 gaveup=0 forkfail=0 free_kb=4173436 sims_boxwide=8 last_event_age=0s last_event_epoch=1790475534
[04:25:44] .. alive runid=20260927-033235-2211 event_age=410s | wave=probe total=6 valid=3 running=1 pending=2 launched=4 failed=0 gaveup=0 forkfail=0 free_kb=4173436 sims_boxwide=8 last_event_age=0s last_event_epoch=1790475534
[04:26:45] .. alive runid=20260927-033235-2211 event_age=471s | wave=probe total=6 valid=3 running=1 pending=2 launched=4 failed=0 gaveup=0 forkfail=0 free_kb=4173436 sims_boxwide=8 last_event_age=0s last_event_epoch=1790475534
[04:27:45] .. alive runid=20260927-033235-2211 event_age=531s | wave=probe total=6 valid=3 running=1 pending=2 launched=4 failed=0 gaveup=0 forkfail=0 free_kb=4173436 sims_boxwide=8 last_event_age=0s last_event_epoch=1790475534
[04:28:45] .. alive runid=20260927-033235-2211 event_age=591s | wave=probe total=6 valid=3 running=1 pending=2 launched=4 failed=0 gaveup=0 forkfail=0 free_kb=4173436 sims_boxwide=8 last_event_age=0s last_event_epoch=1790475534
[04:29:45] .. alive runid=20260927-033235-2211 event_age=651s | wave=probe total=6 valid=3 running=1 pending=2 launched=4 failed=0 gaveup=0 forkfail=0 free_kb=4173436 sims_boxwide=8 last_event_age=0s last_event_epoch=1790475534
[04:30:04] DONE clPS1_south_half_1048395951 rc=0 669s clPS1 south/half seed=1048395951 rescued=4 dead=0 unreachable=0 never_detected=0 ff_deaths=1 terminal=253 completions=4 recycles=4 removals=4 returns=4 wall=667s [valid 4/6] src=2a36d14ad942 ext=679f0f7f13c8 head=108a0adf55acdb5743cd70a347fc7810fbcefe24
[04:30:05] LAUNCH clPS1_east_half_1433805104 running=1 free_kb=4172512 sims_boxwide=8 attempt=1 src=2a36d14ad942 ext=679f0f7f13c8 head=108a0adf55acdb5743cd70a347fc7810fbcefe24
[04:30:45] .. alive runid=20260927-033235-2211 event_age=40s | wave=probe total=6 valid=4 running=1 pending=1 launched=5 failed=0 gaveup=0 forkfail=0 free_kb=4172512 sims_boxwide=8 last_event_age=0s last_event_epoch=1790476205
[04:31:45] .. alive runid=20260927-033235-2211 event_age=100s | wave=probe total=6 valid=4 running=1 pending=1 launched=5 failed=0 gaveup=0 forkfail=0 free_kb=4172512 sims_boxwide=8 last_event_age=0s last_event_epoch=1790476205
[04:32:45] .. alive runid=20260927-033235-2211 event_age=160s | wave=probe total=6 valid=4 running=1 pending=1 launched=5 failed=0 gaveup=0 forkfail=0 free_kb=4172512 sims_boxwide=8 last_event_age=0s last_event_epoch=1790476205
[04:33:45] .. alive runid=20260927-033235-2211 event_age=220s | wave=probe total=6 valid=4 running=1 pending=1 launched=5 failed=0 gaveup=0 forkfail=0 free_kb=4172512 sims_boxwide=8 last_event_age=0s last_event_epoch=1790476205
[04:34:45] .. alive runid=20260927-033235-2211 event_age=280s | wave=probe total=6 valid=4 running=1 pending=1 launched=5 failed=0 gaveup=0 forkfail=0 free_kb=4172512 sims_boxwide=8 last_event_age=0s last_event_epoch=1790476205
[04:35:45] .. alive runid=20260927-033235-2211 event_age=340s | wave=probe total=6 valid=4 running=1 pending=1 launched=5 failed=0 gaveup=0 forkfail=0 free_kb=4172512 sims_boxwide=8 last_event_age=0s last_event_epoch=1790476205
[04:36:45] .. alive runid=20260927-033235-2211 event_age=400s | wave=probe total=6 valid=4 running=1 pending=1 launched=5 failed=0 gaveup=0 forkfail=0 free_kb=4172512 sims_boxwide=8 last_event_age=0s last_event_epoch=1790476205
[04:37:46] .. alive runid=20260927-033235-2211 event_age=461s | wave=probe total=6 valid=4 running=1 pending=1 launched=5 failed=0 gaveup=0 forkfail=0 free_kb=4172512 sims_boxwide=8 last_event_age=0s last_event_epoch=1790476205
[04:38:46] .. alive runid=20260927-033235-2211 event_age=521s | wave=probe total=6 valid=4 running=1 pending=1 launched=5 failed=0 gaveup=0 forkfail=0 free_kb=4172512 sims_boxwide=8 last_event_age=0s last_event_epoch=1790476205
[04:39:46] .. alive runid=20260927-033235-2211 event_age=581s | wave=probe total=6 valid=4 running=1 pending=1 launched=5 failed=0 gaveup=0 forkfail=0 free_kb=4172512 sims_boxwide=8 last_event_age=0s last_event_epoch=1790476205
[04:40:46] .. alive runid=20260927-033235-2211 event_age=641s | wave=probe total=6 valid=4 running=1 pending=1 launched=5 failed=0 gaveup=0 forkfail=0 free_kb=4172512 sims_boxwide=8 last_event_age=0s last_event_epoch=1790476205
[04:41:46] .. alive runid=20260927-033235-2211 event_age=701s | wave=probe total=6 valid=4 running=1 pending=1 launched=5 failed=0 gaveup=0 forkfail=0 free_kb=4172512 sims_boxwide=8 last_event_age=0s last_event_epoch=1790476205
[04:42:46] .. alive runid=20260927-033235-2211 event_age=761s | wave=probe total=6 valid=4 running=1 pending=1 launched=5 failed=0 gaveup=0 forkfail=0 free_kb=4172512 sims_boxwide=8 last_event_age=0s last_event_epoch=1790476205
[04:43:46] .. alive runid=20260927-033235-2211 event_age=821s | wave=probe total=6 valid=4 running=1 pending=1 launched=5 failed=0 gaveup=0 forkfail=0 free_kb=4172512 sims_boxwide=8 last_event_age=0s last_event_epoch=1790476205
[04:44:46] .. alive runid=20260927-033235-2211 event_age=881s | wave=probe total=6 valid=4 running=1 pending=1 launched=5 failed=0 gaveup=0 forkfail=0 free_kb=4172512 sims_boxwide=8 last_event_age=0s last_event_epoch=1790476205
[04:45:46] .. alive runid=20260927-033235-2211 event_age=941s | wave=probe total=6 valid=4 running=1 pending=1 launched=5 failed=0 gaveup=0 forkfail=0 free_kb=4172512 sims_boxwide=8 last_event_age=0s last_event_epoch=1790476205
[04:46:46] .. alive runid=20260927-033235-2211 event_age=1001s | wave=probe total=6 valid=4 running=1 pending=1 launched=5 failed=0 gaveup=0 forkfail=0 free_kb=4172512 sims_boxwide=8 last_event_age=0s last_event_epoch=1790476205
[04:47:46] .. alive runid=20260927-033235-2211 event_age=1061s | wave=probe total=6 valid=4 running=1 pending=1 launched=5 failed=0 gaveup=0 forkfail=0 free_kb=4172512 sims_boxwide=8 last_event_age=0s last_event_epoch=1790476205
[04:48:46] .. alive runid=20260927-033235-2211 event_age=1121s | wave=probe total=6 valid=4 running=1 pending=1 launched=5 failed=0 gaveup=0 forkfail=0 free_kb=4172512 sims_boxwide=8 last_event_age=0s last_event_epoch=1790476205
[04:49:47] .. alive runid=20260927-033235-2211 event_age=1182s | wave=probe total=6 valid=4 running=1 pending=1 launched=5 failed=0 gaveup=0 forkfail=0 free_kb=4172512 sims_boxwide=8 last_event_age=0s last_event_epoch=1790476205
[04:50:47] .. alive runid=20260927-033235-2211 event_age=1242s | wave=probe total=6 valid=4 running=1 pending=1 launched=5 failed=0 gaveup=0 forkfail=0 free_kb=4172512 sims_boxwide=8 last_event_age=0s last_event_epoch=1790476205
[04:51:47] .. alive runid=20260927-033235-2211 event_age=1302s | wave=probe total=6 valid=4 running=1 pending=1 launched=5 failed=0 gaveup=0 forkfail=0 free_kb=4172512 sims_boxwide=8 last_event_age=0s last_event_epoch=1790476205
[04:52:47] .. alive runid=20260927-033235-2211 event_age=1362s | wave=probe total=6 valid=4 running=1 pending=1 launched=5 failed=0 gaveup=0 forkfail=0 free_kb=4172512 sims_boxwide=8 last_event_age=0s last_event_epoch=1790476205
[04:53:47] .. alive runid=20260927-033235-2211 event_age=1422s | wave=probe total=6 valid=4 running=1 pending=1 launched=5 failed=0 gaveup=0 forkfail=0 free_kb=4172512 sims_boxwide=8 last_event_age=0s last_event_epoch=1790476205
[04:54:47] .. alive runid=20260927-033235-2211 event_age=1482s | wave=probe total=6 valid=4 running=1 pending=1 launched=5 failed=0 gaveup=0 forkfail=0 free_kb=4172512 sims_boxwide=8 last_event_age=0s last_event_epoch=1790476205
[04:55:47] .. alive runid=20260927-033235-2211 event_age=1542s | wave=probe total=6 valid=4 running=1 pending=1 launched=5 failed=0 gaveup=0 forkfail=0 free_kb=4172512 sims_boxwide=8 last_event_age=0s last_event_epoch=1790476205
[04:56:23] DONE clPS1_east_half_1433805104 rc=0 1577s clPS1 east/half seed=1433805104 rescued=3 dead=1 unreachable=0 never_detected=0 ff_deaths=2 terminal=288 completions=3 recycles=3 removals=3 returns=3 wall=1575s [valid 5/6] src=2a36d14ad942 ext=679f0f7f13c8 head=108a0adf55acdb5743cd70a347fc7810fbcefe24
[04:56:24] LAUNCH clPS1_east_def_1420331661 running=1 free_kb=5217232 sims_boxwide=7 attempt=1 src=2a36d14ad942 ext=679f0f7f13c8 head=108a0adf55acdb5743cd70a347fc7810fbcefe24
[04:56:47] .. alive runid=20260927-033235-2211 event_age=23s | wave=probe total=6 valid=5 running=1 pending=0 launched=6 failed=0 gaveup=0 forkfail=0 free_kb=5217232 sims_boxwide=7 last_event_age=0s last_event_epoch=1790477784
[04:57:47] .. alive runid=20260927-033235-2211 event_age=83s | wave=probe total=6 valid=5 running=1 pending=0 launched=6 failed=0 gaveup=0 forkfail=0 free_kb=5217232 sims_boxwide=7 last_event_age=0s last_event_epoch=1790477784
[04:58:47] .. alive runid=20260927-033235-2211 event_age=143s | wave=probe total=6 valid=5 running=1 pending=0 launched=6 failed=0 gaveup=0 forkfail=0 free_kb=5217232 sims_boxwide=7 last_event_age=0s last_event_epoch=1790477784
[04:59:47] .. alive runid=20260927-033235-2211 event_age=203s | wave=probe total=6 valid=5 running=1 pending=0 launched=6 failed=0 gaveup=0 forkfail=0 free_kb=5217232 sims_boxwide=7 last_event_age=0s last_event_epoch=1790477784
[05:00:48] .. alive runid=20260927-033235-2211 event_age=264s | wave=probe total=6 valid=5 running=1 pending=0 launched=6 failed=0 gaveup=0 forkfail=0 free_kb=5217232 sims_boxwide=7 last_event_age=0s last_event_epoch=1790477784
[05:01:48] .. alive runid=20260927-033235-2211 event_age=324s | wave=probe total=6 valid=5 running=1 pending=0 launched=6 failed=0 gaveup=0 forkfail=0 free_kb=5217232 sims_boxwide=7 last_event_age=0s last_event_epoch=1790477784
[05:02:48] .. alive runid=20260927-033235-2211 event_age=384s | wave=probe total=6 valid=5 running=1 pending=0 launched=6 failed=0 gaveup=0 forkfail=0 free_kb=5217232 sims_boxwide=7 last_event_age=0s last_event_epoch=1790477784
[05:03:48] .. alive runid=20260927-033235-2211 event_age=444s | wave=probe total=6 valid=5 running=1 pending=0 launched=6 failed=0 gaveup=0 forkfail=0 free_kb=5217232 sims_boxwide=7 last_event_age=0s last_event_epoch=1790477784
[05:04:48] .. alive runid=20260927-033235-2211 event_age=504s | wave=probe total=6 valid=5 running=1 pending=0 launched=6 failed=0 gaveup=0 forkfail=0 free_kb=5217232 sims_boxwide=7 last_event_age=0s last_event_epoch=1790477784
[05:05:48] .. alive runid=20260927-033235-2211 event_age=564s | wave=probe total=6 valid=5 running=1 pending=0 launched=6 failed=0 gaveup=0 forkfail=0 free_kb=5217232 sims_boxwide=7 last_event_age=0s last_event_epoch=1790477784
[05:06:48] .. alive runid=20260927-033235-2211 event_age=624s | wave=probe total=6 valid=5 running=1 pending=0 launched=6 failed=0 gaveup=0 forkfail=0 free_kb=5217232 sims_boxwide=7 last_event_age=0s last_event_epoch=1790477784
[05:07:41] DONE clPS1_east_def_1420331661 rc=0 676s clPS1 east/default seed=1420331661 rescued=2 dead=1 unreachable=0 never_detected=0 ff_deaths=1 terminal=None completions=2 recycles=2 removals=2 returns=2 wall=674s [valid 6/6] src=2a36d14ad942 ext=679f0f7f13c8 head=108a0adf55acdb5743cd70a347fc7810fbcefe24
[05:07:41] MAIN LOOP LEFT pending=0 running=0
[05:07:41] FINAL SUMMARY total=6 valid=6 invalid=0 missing=0
[05:07:42] FINAL wave=probe SUMMARY total=6 valid=6 invalid=0 missing=0 live_this_wave=7 sims_boxwide=7
[05:07:42] POOL INCOMPLETE wave=probe runid=20260927-033235-2211 valid=6/6 - re-exec in 60s (restart 1/3); orphans, if any, are adopted
[05:07:48] HEARTBEAT EXIT wave=probe runid=20260927-033235-2211 (sentinel)
[05:08:43] POOL START wave=probe runid=20260927-050842-2211 restart=1 pid=2211 winpid=31028 head=108a0adf55acdb5743cd70a347fc7810fbcefe24 src=2a36d14ad942 ext=679f0f7f13c8 harness=outputs/_cl_probe.py dirty_tracked=0 queue=outputs/_cl_probe_queue.txt maxpar=1 minfree_kb=3500000
[05:08:44] ENV 3.10.11 mesa 1.2.1  prereg_sha256=729d98c97b8d48f8 queue_sha256=e0e876fc72b67bcb
[05:08:45] SHIPPED BASE_STATION_MODE=3 BASE_STATION_RETURN_MECHANISM=2 BASE_STATION_DEPOTS=9 BASE_STATION_SPAWN_SPLIT=2 UAV_RETURN_TO_BASE_RESERVE=0.0 BASE_STATION_RETURN_MARGIN=39.23 BASE_STATION_DOCK_FIX=2 BASE_STATION_RETURN_STALL_LIMIT=3 BASE_STATION_WAYPOINT_FIX=1 ROUTE_BLOCK_STALE_CLEAR=1 VICTIM_SEARCHER_HAZARD_RETREAT_RANGE=99 BASE_STATION_FIREPROOF=1 BASE_STATION_FIREPROOF_DRY_RUN=0 VICTIM_SEARCHER_HAZARD_GATE_BOUNDS_FIX=1 FF_FIREFIGHT_EXTINGUISH=1 FF_FIREFIGHT_FIREBREAK=1 FF_FIREFIGHT_ENGAGED_RETREAT_RANGE=1 FF_FIREFIGHT_MISSION_GATE=0 FF_FIREFIGHT_DRY_RUN=0 FF_EXIT_LEG_MODE=0 FF_EXIT_LEG_HOLD=0 FF_EXIT_LEG_SERVED=0 ff_exit_leg_mode()=0 ff_exit_leg_hold()=False ff_exit_leg_served()=0
[05:08:46] SHIPPED-CONTROL head=6160438
BASE_STATION_MODE=3 BASE_STATION_RETURN_MECHANISM=2 BASE_STATION_DEPOTS=9 BASE_STATION_SPAWN_SPLIT=2 UAV_RETURN_TO_BASE_RESERVE=0.0 BASE_STATION_RETURN_MARGIN=39.23 BASE_STATION_DOCK_FIX=2 BASE_STATION_RETURN_STALL_LIMIT=3 BASE_STATION_WAYPOINT_FIX=1 ROUTE_BLOCK_STALE_CLEAR=1 VICTIM_SEARCHER_HAZARD_RETREAT_RANGE=99 BASE_STATION_FIREPROOF=1 BASE_STATION_FIREPROOF_DRY_RUN=0 VICTIM_SEARCHER_HAZARD_GATE_BOUNDS_FIX=1 FF_FIREFIGHT_EXTINGUISH=1 FF_FIREFIGHT_FIREBREAK=1 FF_FIREFIGHT_ENGAGED_RETREAT_RANGE=1 FF_FIREFIGHT_MISSION_GATE=0 FF_FIREFIGHT_DRY_RUN=0 FF_EXIT_LEG_MODE=ABSENT FF_EXIT_LEG_HOLD=ABSENT FF_EXIT_LEG_SERVED=ABSENT ff_exit_leg_mode()=ABSENT ff_exit_leg_hold()=ABSENT ff_exit_leg_served()=ABSENT
[05:08:47] VALIDATE total=6 valid=6 invalid=0 missing=0
[05:08:47] START STATE wave=probe total=6 valid=6 pending=0 live_orphans_this_wave=7 sims_boxwide=7 free_kb=5092020
[05:08:48] HEARTBEAT pid=7638 every 60s -> outputs/_cl_probe_wave.log ; state file outputs/_cl_probe_state.txt ; sentinel outputs/_cl_probe_hb_20260927-050842-2211.stop
[05:08:48] MAIN LOOP LEFT pending=0 running=0
[05:08:48] FINAL SUMMARY total=6 valid=6 invalid=0 missing=0
[05:08:49] FINAL wave=probe SUMMARY total=6 valid=6 invalid=0 missing=0 live_this_wave=7 sims_boxwide=7
[05:08:49] POOL INCOMPLETE wave=probe runid=20260927-050842-2211 valid=6/6 - re-exec in 60s (restart 2/3); orphans, if any, are adopted
[05:09:48] HEARTBEAT EXIT wave=probe runid=20260927-050842-2211 (sentinel)
[05:09:50] POOL START wave=probe runid=20260927-050949-2211 restart=2 pid=2211 winpid=45952 head=108a0adf55acdb5743cd70a347fc7810fbcefe24 src=2a36d14ad942 ext=679f0f7f13c8 harness=outputs/_cl_probe.py dirty_tracked=1 queue=outputs/_cl_probe_queue.txt maxpar=1 minfree_kb=3500000
[05:09:51] ENV 3.10.11 mesa 1.2.1  prereg_sha256=729d98c97b8d48f8 queue_sha256=e0e876fc72b67bcb
[05:09:52] SHIPPED BASE_STATION_MODE=3 BASE_STATION_RETURN_MECHANISM=2 BASE_STATION_DEPOTS=9 BASE_STATION_SPAWN_SPLIT=2 UAV_RETURN_TO_BASE_RESERVE=0.0 BASE_STATION_RETURN_MARGIN=39.23 BASE_STATION_DOCK_FIX=2 BASE_STATION_RETURN_STALL_LIMIT=3 BASE_STATION_WAYPOINT_FIX=1 ROUTE_BLOCK_STALE_CLEAR=1 VICTIM_SEARCHER_HAZARD_RETREAT_RANGE=99 BASE_STATION_FIREPROOF=1 BASE_STATION_FIREPROOF_DRY_RUN=0 VICTIM_SEARCHER_HAZARD_GATE_BOUNDS_FIX=1 FF_FIREFIGHT_EXTINGUISH=1 FF_FIREFIGHT_FIREBREAK=1 FF_FIREFIGHT_ENGAGED_RETREAT_RANGE=1 FF_FIREFIGHT_MISSION_GATE=0 FF_FIREFIGHT_DRY_RUN=0 FF_EXIT_LEG_MODE=0 FF_EXIT_LEG_HOLD=0 FF_EXIT_LEG_SERVED=0 ff_exit_leg_mode()=0 ff_exit_leg_hold()=False ff_exit_leg_served()=0
[05:09:53] SHIPPED-CONTROL head=6160438
BASE_STATION_MODE=3 BASE_STATION_RETURN_MECHANISM=2 BASE_STATION_DEPOTS=9 BASE_STATION_SPAWN_SPLIT=2 UAV_RETURN_TO_BASE_RESERVE=0.0 BASE_STATION_RETURN_MARGIN=39.23 BASE_STATION_DOCK_FIX=2 BASE_STATION_RETURN_STALL_LIMIT=3 BASE_STATION_WAYPOINT_FIX=1 ROUTE_BLOCK_STALE_CLEAR=1 VICTIM_SEARCHER_HAZARD_RETREAT_RANGE=99 BASE_STATION_FIREPROOF=1 BASE_STATION_FIREPROOF_DRY_RUN=0 VICTIM_SEARCHER_HAZARD_GATE_BOUNDS_FIX=1 FF_FIREFIGHT_EXTINGUISH=1 FF_FIREFIGHT_FIREBREAK=1 FF_FIREFIGHT_ENGAGED_RETREAT_RANGE=1 FF_FIREFIGHT_MISSION_GATE=0 FF_FIREFIGHT_DRY_RUN=0 FF_EXIT_LEG_MODE=ABSENT FF_EXIT_LEG_HOLD=ABSENT FF_EXIT_LEG_SERVED=ABSENT ff_exit_leg_mode()=ABSENT ff_exit_leg_hold()=ABSENT ff_exit_leg_served()=ABSENT
[05:09:54] VALIDATE total=6 valid=6 invalid=0 missing=0
[05:09:54] START STATE wave=probe total=6 valid=6 pending=0 live_orphans_this_wave=7 sims_boxwide=7 free_kb=4964056
[05:09:54] HEARTBEAT pid=7764 every 60s -> outputs/_cl_probe_wave.log ; state file outputs/_cl_probe_state.txt ; sentinel outputs/_cl_probe_hb_20260927-050949-2211.stop
[05:09:54] MAIN LOOP LEFT pending=0 running=0
[05:09:55] FINAL SUMMARY total=6 valid=6 invalid=0 missing=0
[05:09:56] FINAL wave=probe SUMMARY total=6 valid=6 invalid=0 missing=0 live_this_wave=7 sims_boxwide=7
[05:09:56] POOL INCOMPLETE wave=probe runid=20260927-050949-2211 valid=6/6 - re-exec in 60s (restart 3/3); orphans, if any, are adopted
[05:10:55] HEARTBEAT EXIT wave=probe runid=20260927-050949-2211 (sentinel)
[05:10:57] POOL START wave=probe runid=20260927-051056-2211 restart=3 pid=2211 winpid=16308 head=108a0adf55acdb5743cd70a347fc7810fbcefe24 src=2a36d14ad942 ext=679f0f7f13c8 harness=outputs/_cl_probe.py dirty_tracked=1 queue=outputs/_cl_probe_queue.txt maxpar=1 minfree_kb=3500000
[05:10:58] ENV 3.10.11 mesa 1.2.1  prereg_sha256=729d98c97b8d48f8 queue_sha256=e0e876fc72b67bcb
[05:10:59] SHIPPED BASE_STATION_MODE=3 BASE_STATION_RETURN_MECHANISM=2 BASE_STATION_DEPOTS=9 BASE_STATION_SPAWN_SPLIT=2 UAV_RETURN_TO_BASE_RESERVE=0.0 BASE_STATION_RETURN_MARGIN=39.23 BASE_STATION_DOCK_FIX=2 BASE_STATION_RETURN_STALL_LIMIT=3 BASE_STATION_WAYPOINT_FIX=1 ROUTE_BLOCK_STALE_CLEAR=1 VICTIM_SEARCHER_HAZARD_RETREAT_RANGE=99 BASE_STATION_FIREPROOF=1 BASE_STATION_FIREPROOF_DRY_RUN=0 VICTIM_SEARCHER_HAZARD_GATE_BOUNDS_FIX=1 FF_FIREFIGHT_EXTINGUISH=1 FF_FIREFIGHT_FIREBREAK=1 FF_FIREFIGHT_ENGAGED_RETREAT_RANGE=1 FF_FIREFIGHT_MISSION_GATE=0 FF_FIREFIGHT_DRY_RUN=0 FF_EXIT_LEG_MODE=0 FF_EXIT_LEG_HOLD=0 FF_EXIT_LEG_SERVED=0 ff_exit_leg_mode()=0 ff_exit_leg_hold()=False ff_exit_leg_served()=0
[05:11:00] SHIPPED-CONTROL head=6160438
BASE_STATION_MODE=3 BASE_STATION_RETURN_MECHANISM=2 BASE_STATION_DEPOTS=9 BASE_STATION_SPAWN_SPLIT=2 UAV_RETURN_TO_BASE_RESERVE=0.0 BASE_STATION_RETURN_MARGIN=39.23 BASE_STATION_DOCK_FIX=2 BASE_STATION_RETURN_STALL_LIMIT=3 BASE_STATION_WAYPOINT_FIX=1 ROUTE_BLOCK_STALE_CLEAR=1 VICTIM_SEARCHER_HAZARD_RETREAT_RANGE=99 BASE_STATION_FIREPROOF=1 BASE_STATION_FIREPROOF_DRY_RUN=0 VICTIM_SEARCHER_HAZARD_GATE_BOUNDS_FIX=1 FF_FIREFIGHT_EXTINGUISH=1 FF_FIREFIGHT_FIREBREAK=1 FF_FIREFIGHT_ENGAGED_RETREAT_RANGE=1 FF_FIREFIGHT_MISSION_GATE=0 FF_FIREFIGHT_DRY_RUN=0 FF_EXIT_LEG_MODE=ABSENT FF_EXIT_LEG_HOLD=ABSENT FF_EXIT_LEG_SERVED=ABSENT ff_exit_leg_mode()=ABSENT ff_exit_leg_hold()=ABSENT ff_exit_leg_served()=ABSENT
[05:11:01] VALIDATE total=6 valid=6 invalid=0 missing=0
[05:11:01] START STATE wave=probe total=6 valid=6 pending=0 live_orphans_this_wave=6 sims_boxwide=6 free_kb=5002840
[05:11:01] HEARTBEAT pid=7979 every 60s -> outputs/_cl_probe_wave.log ; state file outputs/_cl_probe_state.txt ; sentinel outputs/_cl_probe_hb_20260927-051056-2211.stop
[05:11:01] MAIN LOOP LEFT pending=0 running=0
[05:11:02] FINAL SUMMARY total=6 valid=6 invalid=0 missing=0
[05:11:03] FINAL wave=probe SUMMARY total=6 valid=6 invalid=0 missing=0 live_this_wave=6 sims_boxwide=6
[05:11:03] DCD4RB_POOL_INCOMPLETE wave=probe runid=20260927-051056-2211 valid=6/6 gaveup=0 - NOT restarting; relaunch with outputs/_dcd4_launch.ps1 after reading the FAIL lines
[05:12:01] HEARTBEAT EXIT wave=probe runid=20260927-051056-2211 (sentinel)
