[18:46:28] POOL START wave=flip2 runid=20260927-184626-1480 restart=0 pid=1480 winpid=29840 head=dd2bcd0fa590f68dadf3696d3ff12db4b0336e84 src=1747b268fa86 ext=f7c65830a92d harness=outputs/_cl_obs_stock.py dirty_tracked=0 queue=outputs/_cl_flip2_queue.txt maxpar=12 minfree_kb=3500000
[18:46:28] ENV 3.10.11 mesa 1.2.1  prereg_sha256=8476cb0a200a7c75 queue_sha256=c817f444c5ca2c85
[18:46:29] SHIPPED BASE_STATION_MODE=3 BASE_STATION_RETURN_MECHANISM=2 BASE_STATION_DEPOTS=9 BASE_STATION_SPAWN_SPLIT=2 UAV_RETURN_TO_BASE_RESERVE=0.0 BASE_STATION_RETURN_MARGIN=39.23 BASE_STATION_DOCK_FIX=2 BASE_STATION_RETURN_STALL_LIMIT=3 BASE_STATION_WAYPOINT_FIX=1 ROUTE_BLOCK_STALE_CLEAR=1 VICTIM_SEARCHER_HAZARD_RETREAT_RANGE=99 BASE_STATION_FIREPROOF=1 BASE_STATION_FIREPROOF_DRY_RUN=0 VICTIM_SEARCHER_HAZARD_GATE_BOUNDS_FIX=1 FF_FIREFIGHT_EXTINGUISH=1 FF_FIREFIGHT_FIREBREAK=1 FF_FIREFIGHT_ENGAGED_RETREAT_RANGE=1 FF_FIREFIGHT_MISSION_GATE=0 FF_FIREFIGHT_DRY_RUN=0 FF_EXIT_LEG_MODE=2 FF_EXIT_LEG_HOLD=0 FF_EXIT_LEG_SERVED=1 ff_exit_leg_mode()=2 ff_exit_leg_hold()=False ff_exit_leg_served()=1
[18:46:30] SHIPPED-CONTROL head=6160438
BASE_STATION_MODE=3 BASE_STATION_RETURN_MECHANISM=2 BASE_STATION_DEPOTS=9 BASE_STATION_SPAWN_SPLIT=2 UAV_RETURN_TO_BASE_RESERVE=0.0 BASE_STATION_RETURN_MARGIN=39.23 BASE_STATION_DOCK_FIX=2 BASE_STATION_RETURN_STALL_LIMIT=3 BASE_STATION_WAYPOINT_FIX=1 ROUTE_BLOCK_STALE_CLEAR=1 VICTIM_SEARCHER_HAZARD_RETREAT_RANGE=99 BASE_STATION_FIREPROOF=1 BASE_STATION_FIREPROOF_DRY_RUN=0 VICTIM_SEARCHER_HAZARD_GATE_BOUNDS_FIX=1 FF_FIREFIGHT_EXTINGUISH=1 FF_FIREFIGHT_FIREBREAK=1 FF_FIREFIGHT_ENGAGED_RETREAT_RANGE=1 FF_FIREFIGHT_MISSION_GATE=0 FF_FIREFIGHT_DRY_RUN=0 FF_EXIT_LEG_MODE=ABSENT FF_EXIT_LEG_HOLD=ABSENT FF_EXIT_LEG_SERVED=ABSENT ff_exit_leg_mode()=ABSENT ff_exit_leg_hold()=ABSENT ff_exit_leg_served()=ABSENT
[18:46:31] VALIDATE total=82 valid=0 invalid=0 missing=82
[18:46:31] START STATE wave=flip2 total=82 valid=0 pending=82 live_orphans_this_wave=0 sims_boxwide=0 free_kb=16317024
[18:46:31] HEARTBEAT pid=1577 every 60s -> outputs/_cl_flip2_wave.log ; state file outputs/_cl_flip2_state.txt ; sentinel outputs/_cl_flip2_hb_20260927-184626-1480.stop
[18:46:32] LAUNCH clF2Z_east_half_101 running=1 free_kb=16303816 sims_boxwide=0 attempt=1 src=1747b268fa86 ext=f7c65830a92d head=dd2bcd0fa590f68dadf3696d3ff12db4b0336e84
[18:46:45] LAUNCH clF2Z_east_half_202 running=2 free_kb=15494400 sims_boxwide=1 attempt=1 src=1747b268fa86 ext=f7c65830a92d head=dd2bcd0fa590f68dadf3696d3ff12db4b0336e84
[18:46:59] LAUNCH clF2Z_east_half_303 running=3 free_kb=13762900 sims_boxwide=2 attempt=1 src=1747b268fa86 ext=f7c65830a92d head=dd2bcd0fa590f68dadf3696d3ff12db4b0336e84
[18:47:12] LAUNCH clF2Z_east_half_404 running=4 free_kb=12933672 sims_boxwide=3 attempt=1 src=1747b268fa86 ext=f7c65830a92d head=dd2bcd0fa590f68dadf3696d3ff12db4b0336e84
[18:47:25] LAUNCH clF2Z_east_half_505 running=5 free_kb=12057368 sims_boxwide=4 attempt=1 src=1747b268fa86 ext=f7c65830a92d head=dd2bcd0fa590f68dadf3696d3ff12db4b0336e84
[18:47:31] .. alive runid=20260927-184626-1480 event_age=6s | wave=flip2 total=82 valid=0 running=5 pending=77 launched=5 failed=0 gaveup=0 forkfail=0 free_kb=12057368 sims_boxwide=4 last_event_age=0s last_event_epoch=1790527645
[18:47:39] LAUNCH clF2Z_south_half_101 running=6 free_kb=11214300 sims_boxwide=5 attempt=1 src=1747b268fa86 ext=f7c65830a92d head=dd2bcd0fa590f68dadf3696d3ff12db4b0336e84
[18:47:52] LAUNCH clF2Z_south_half_202 running=7 free_kb=10301860 sims_boxwide=6 attempt=1 src=1747b268fa86 ext=f7c65830a92d head=dd2bcd0fa590f68dadf3696d3ff12db4b0336e84
[18:48:06] LAUNCH clF2Z_south_half_303 running=8 free_kb=9409180 sims_boxwide=7 attempt=1 src=1747b268fa86 ext=f7c65830a92d head=dd2bcd0fa590f68dadf3696d3ff12db4b0336e84
[18:48:19] LAUNCH clF2Z_south_half_404 running=9 free_kb=8496772 sims_boxwide=8 attempt=1 src=1747b268fa86 ext=f7c65830a92d head=dd2bcd0fa590f68dadf3696d3ff12db4b0336e84
[18:48:31] .. alive runid=20260927-184626-1480 event_age=12s | wave=flip2 total=82 valid=0 running=9 pending=73 launched=9 failed=0 gaveup=0 forkfail=0 free_kb=8496772 sims_boxwide=8 last_event_age=0s last_event_epoch=1790527699
[18:48:32] LAUNCH clF2Z_south_half_505 running=10 free_kb=7565576 sims_boxwide=9 attempt=1 src=1747b268fa86 ext=f7c65830a92d head=dd2bcd0fa590f68dadf3696d3ff12db4b0336e84
[18:48:46] LAUNCH clF2Z_east_def_101 running=11 free_kb=6747404 sims_boxwide=10 attempt=1 src=1747b268fa86 ext=f7c65830a92d head=dd2bcd0fa590f68dadf3696d3ff12db4b0336e84
[18:48:59] LAUNCH clF2Z_east_def_202 running=12 free_kb=5869480 sims_boxwide=11 attempt=1 src=1747b268fa86 ext=f7c65830a92d head=dd2bcd0fa590f68dadf3696d3ff12db4b0336e84
[18:49:31] .. alive runid=20260927-184626-1480 event_age=32s | wave=flip2 total=82 valid=0 running=12 pending=70 launched=12 failed=0 gaveup=0 forkfail=0 free_kb=5869480 sims_boxwide=11 last_event_age=0s last_event_epoch=1790527739
[18:50:32] .. alive runid=20260927-184626-1480 event_age=93s | wave=flip2 total=82 valid=0 running=12 pending=70 launched=12 failed=0 gaveup=0 forkfail=0 free_kb=5869480 sims_boxwide=11 last_event_age=0s last_event_epoch=1790527739
[18:51:32] .. alive runid=20260927-184626-1480 event_age=153s | wave=flip2 total=82 valid=0 running=12 pending=70 launched=12 failed=0 gaveup=0 forkfail=0 free_kb=5869480 sims_boxwide=11 last_event_age=0s last_event_epoch=1790527739
[18:52:32] .. alive runid=20260927-184626-1480 event_age=213s | wave=flip2 total=82 valid=0 running=12 pending=70 launched=12 failed=0 gaveup=0 forkfail=0 free_kb=5869480 sims_boxwide=11 last_event_age=0s last_event_epoch=1790527739
[18:53:23] DONE clF2Z_south_half_303 rc=0 316s clF2Z south/half seed=303 rescued=4 dead=0 unreachable=0 never_detected=0 ff_deaths=0 terminal=115 completions=4 recycles=4 removals=4 returns=4 wall=315s [valid 1/82] src=1747b268fa86 ext=f7c65830a92d head=dd2bcd0fa590f68dadf3696d3ff12db4b0336e84
[18:53:24] LAUNCH clF2Z_east_def_303 running=12 free_kb=5797276 sims_boxwide=11 attempt=1 src=1747b268fa86 ext=f7c65830a92d head=dd2bcd0fa590f68dadf3696d3ff12db4b0336e84
[18:53:32] .. alive runid=20260927-184626-1480 event_age=8s | wave=flip2 total=82 valid=1 running=12 pending=69 launched=13 failed=0 gaveup=0 forkfail=0 free_kb=5797276 sims_boxwide=11 last_event_age=0s last_event_epoch=1790528004
[18:53:37] DONE clF2Z_south_half_505 rc=0 304s clF2Z south/half seed=505 rescued=3 dead=1 unreachable=0 never_detected=0 ff_deaths=0 terminal=115 completions=3 recycles=3 removals=3 returns=3 wall=295s [valid 2/82] src=1747b268fa86 ext=f7c65830a92d head=dd2bcd0fa590f68dadf3696d3ff12db4b0336e84
[18:53:37] DONE clF2Z_south_half_101 rc=0 358s clF2Z south/half seed=101 rescued=2 dead=2 unreachable=0 never_detected=0 ff_deaths=1 terminal=129 completions=2 recycles=2 removals=2 returns=2 wall=355s [valid 3/82] src=1747b268fa86 ext=f7c65830a92d head=dd2bcd0fa590f68dadf3696d3ff12db4b0336e84
[18:53:39] LAUNCH clF2M_east_half_101 running=11 free_kb=6704660 sims_boxwide=10 attempt=1 src=1747b268fa86 ext=f7c65830a92d head=dd2bcd0fa590f68dadf3696d3ff12db4b0336e84
[18:53:52] LAUNCH clF2M_east_half_202 running=12 free_kb=5846428 sims_boxwide=11 attempt=1 src=1747b268fa86 ext=f7c65830a92d head=dd2bcd0fa590f68dadf3696d3ff12db4b0336e84
[18:54:31] DONE clF2Z_east_def_202 rc=0 331s clF2Z east/default seed=202 rescued=3 dead=1 unreachable=0 never_detected=0 ff_deaths=0 terminal=172 completions=3 recycles=3 removals=3 returns=3 wall=330s [valid 4/82] src=1747b268fa86 ext=f7c65830a92d head=dd2bcd0fa590f68dadf3696d3ff12db4b0336e84
[18:54:32] .. alive runid=20260927-184626-1480 event_age=2s | wave=flip2 total=82 valid=4 running=11 pending=67 launched=15 failed=0 gaveup=0 forkfail=0 free_kb=5774172 sims_boxwide=11 last_event_age=2s last_event_epoch=1790528070
[18:54:32] LAUNCH clF2M_east_half_303 running=12 free_kb=5774172 sims_boxwide=11 attempt=1 src=1747b268fa86 ext=f7c65830a92d head=dd2bcd0fa590f68dadf3696d3ff12db4b0336e84
[18:54:47] DONE clF2Z_east_def_101 rc=0 361s clF2Z east/default seed=101 rescued=4 dead=0 unreachable=0 never_detected=0 ff_deaths=0 terminal=288 completions=4 recycles=4 removals=4 returns=4 wall=359s [valid 5/82] src=1747b268fa86 ext=f7c65830a92d head=dd2bcd0fa590f68dadf3696d3ff12db4b0336e84
[18:54:49] LAUNCH clF2M_east_half_404 running=12 free_kb=5745012 sims_boxwide=11 attempt=1 src=1747b268fa86 ext=f7c65830a92d head=dd2bcd0fa590f68dadf3696d3ff12db4b0336e84
[18:55:01] DONE clF2Z_south_half_202 rc=0 429s clF2Z south/half seed=202 rescued=4 dead=0 unreachable=0 never_detected=0 ff_deaths=0 terminal=235 completions=4 recycles=4 removals=4 returns=4 wall=417s [valid 6/82] src=1747b268fa86 ext=f7c65830a92d head=dd2bcd0fa590f68dadf3696d3ff12db4b0336e84
[18:55:03] LAUNCH clF2M_east_half_505 running=12 free_kb=5805156 sims_boxwide=10 attempt=1 src=1747b268fa86 ext=f7c65830a92d head=dd2bcd0fa590f68dadf3696d3ff12db4b0336e84
[18:55:15] DONE clF2Z_east_half_202 rc=0 510s clF2Z east/half seed=202 rescued=3 dead=1 unreachable=0 never_detected=0 ff_deaths=0 terminal=93 completions=3 recycles=3 removals=3 returns=3 wall=507s [valid 7/82] src=1747b268fa86 ext=f7c65830a92d head=dd2bcd0fa590f68dadf3696d3ff12db4b0336e84
[18:55:16] DONE clF2Z_south_half_404 rc=0 416s clF2Z south/half seed=404 rescued=2 dead=0 unreachable=0 never_detected=0 ff_deaths=1 terminal=None completions=2 recycles=2 removals=2 returns=2 wall=401s [valid 8/82] src=1747b268fa86 ext=f7c65830a92d head=dd2bcd0fa590f68dadf3696d3ff12db4b0336e84
[18:55:17] LAUNCH clF2M_south_half_101 running=11 free_kb=6733492 sims_boxwide=10 attempt=1 src=1747b268fa86 ext=f7c65830a92d head=dd2bcd0fa590f68dadf3696d3ff12db4b0336e84
[18:55:31] LAUNCH clF2M_south_half_202 running=12 free_kb=5892792 sims_boxwide=11 attempt=1 src=1747b268fa86 ext=f7c65830a92d head=dd2bcd0fa590f68dadf3696d3ff12db4b0336e84
[18:55:32] .. alive runid=20260927-184626-1480 event_age=1s | wave=flip2 total=82 valid=8 running=12 pending=62 launched=20 failed=0 gaveup=0 forkfail=0 free_kb=5892792 sims_boxwide=11 last_event_age=0s last_event_epoch=1790528131
[18:55:44] DONE clF2Z_east_half_505 rc=0 498s clF2Z east/half seed=505 rescued=3 dead=1 unreachable=0 never_detected=0 ff_deaths=0 terminal=94 completions=3 recycles=3 removals=3 returns=3 wall=484s [valid 9/82] src=1747b268fa86 ext=f7c65830a92d head=dd2bcd0fa590f68dadf3696d3ff12db4b0336e84
[18:55:45] LAUNCH clF2M_south_half_303 running=12 free_kb=5889464 sims_boxwide=11 attempt=1 src=1747b268fa86 ext=f7c65830a92d head=dd2bcd0fa590f68dadf3696d3ff12db4b0336e84
[18:56:07] DONE clF2Z_east_half_101 rc=0 574s clF2Z east/half seed=101 rescued=3 dead=1 unreachable=0 never_detected=0 ff_deaths=1 terminal=135 completions=3 recycles=3 removals=3 returns=3 wall=573s [valid 10/82] src=1747b268fa86 ext=f7c65830a92d head=dd2bcd0fa590f68dadf3696d3ff12db4b0336e84
[18:56:08] LAUNCH clF2M_south_half_404 running=12 free_kb=5948336 sims_boxwide=11 attempt=1 src=1747b268fa86 ext=f7c65830a92d head=dd2bcd0fa590f68dadf3696d3ff12db4b0336e84
[18:56:27] DONE clF2Z_east_half_303 rc=0 567s clF2Z east/half seed=303 rescued=3 dead=1 unreachable=0 never_detected=0 ff_deaths=0 terminal=121 completions=3 recycles=3 removals=3 returns=3 wall=566s [valid 11/82] src=1747b268fa86 ext=f7c65830a92d head=dd2bcd0fa590f68dadf3696d3ff12db4b0336e84
[18:56:28] LAUNCH clF2M_south_half_505 running=12 free_kb=5978004 sims_boxwide=11 attempt=1 src=1747b268fa86 ext=f7c65830a92d head=dd2bcd0fa590f68dadf3696d3ff12db4b0336e84
[18:56:32] .. alive runid=20260927-184626-1480 event_age=4s | wave=flip2 total=82 valid=11 running=12 pending=59 launched=23 failed=0 gaveup=0 forkfail=0 free_kb=5978004 sims_boxwide=11 last_event_age=0s last_event_epoch=1790528188
[18:57:32] .. alive runid=20260927-184626-1480 event_age=64s | wave=flip2 total=82 valid=11 running=12 pending=59 launched=23 failed=0 gaveup=0 forkfail=0 free_kb=5978004 sims_boxwide=11 last_event_age=0s last_event_epoch=1790528188
[18:58:32] .. alive runid=20260927-184626-1480 event_age=124s | wave=flip2 total=82 valid=11 running=12 pending=59 launched=23 failed=0 gaveup=0 forkfail=0 free_kb=5978004 sims_boxwide=11 last_event_age=0s last_event_epoch=1790528188
[18:58:34] DONE clF2Z_east_def_303 rc=0 309s clF2Z east/default seed=303 rescued=3 dead=1 unreachable=0 never_detected=0 ff_deaths=0 terminal=137 completions=3 recycles=3 removals=3 returns=3 wall=308s [valid 12/82] src=1747b268fa86 ext=f7c65830a92d head=dd2bcd0fa590f68dadf3696d3ff12db4b0336e84
[18:58:36] LAUNCH clF2M_east_def_101 running=12 free_kb=5895056 sims_boxwide=11 attempt=1 src=1747b268fa86 ext=f7c65830a92d head=dd2bcd0fa590f68dadf3696d3ff12db4b0336e84
[18:59:32] .. alive runid=20260927-184626-1480 event_age=56s | wave=flip2 total=82 valid=12 running=12 pending=58 launched=24 failed=0 gaveup=0 forkfail=0 free_kb=5895056 sims_boxwide=11 last_event_age=0s last_event_epoch=1790528316
[19:00:33] .. alive runid=20260927-184626-1480 event_age=117s | wave=flip2 total=82 valid=12 running=12 pending=58 launched=24 failed=0 gaveup=0 forkfail=0 free_kb=5895056 sims_boxwide=11 last_event_age=0s last_event_epoch=1790528316
[19:00:56] DONE clF2M_south_half_303 rc=0 310s clF2M south/half seed=303 rescued=4 dead=0 unreachable=0 never_detected=0 ff_deaths=0 terminal=115 completions=4 recycles=4 removals=4 returns=4 wall=308s [valid 13/82] src=1747b268fa86 ext=f7c65830a92d head=dd2bcd0fa590f68dadf3696d3ff12db4b0336e84
[19:00:57] LAUNCH clF2M_east_def_202 running=12 free_kb=5760024 sims_boxwide=11 attempt=1 src=1747b268fa86 ext=f7c65830a92d head=dd2bcd0fa590f68dadf3696d3ff12db4b0336e84
[19:01:13] DONE clF2M_south_half_101 rc=0 355s clF2M south/half seed=101 rescued=2 dead=2 unreachable=0 never_detected=0 ff_deaths=1 terminal=129 completions=2 recycles=2 removals=2 returns=2 wall=353s [valid 14/82] src=1747b268fa86 ext=f7c65830a92d head=dd2bcd0fa590f68dadf3696d3ff12db4b0336e84
[19:01:14] LAUNCH clF2M_east_def_303 running=12 free_kb=5782952 sims_boxwide=11 attempt=1 src=1747b268fa86 ext=f7c65830a92d head=dd2bcd0fa590f68dadf3696d3ff12db4b0336e84
[19:01:27] DONE clF2M_south_half_505 rc=0 298s clF2M south/half seed=505 rescued=3 dead=1 unreachable=0 never_detected=0 ff_deaths=0 terminal=115 completions=3 recycles=3 removals=3 returns=3 wall=288s [valid 15/82] src=1747b268fa86 ext=f7c65830a92d head=dd2bcd0fa590f68dadf3696d3ff12db4b0336e84
[19:01:28] LAUNCH clF2D_east_half_101 running=12 free_kb=5797116 sims_boxwide=11 attempt=1 src=1747b268fa86 ext=f7c65830a92d head=dd2bcd0fa590f68dadf3696d3ff12db4b0336e84
[19:01:33] .. alive runid=20260927-184626-1480 event_age=5s | wave=flip2 total=82 valid=15 running=12 pending=55 launched=27 failed=0 gaveup=0 forkfail=0 free_kb=5797116 sims_boxwide=11 last_event_age=0s last_event_epoch=1790528488
[19:02:19] DONE clF2M_east_half_202 rc=0 507s clF2M east/half seed=202 rescued=3 dead=1 unreachable=0 never_detected=0 ff_deaths=0 terminal=93 completions=3 recycles=3 removals=3 returns=3 wall=505s [valid 16/82] src=1747b268fa86 ext=f7c65830a92d head=dd2bcd0fa590f68dadf3696d3ff12db4b0336e84
[19:02:21] LAUNCH clF2D_east_half_202 running=12 free_kb=5761192 sims_boxwide=11 attempt=1 src=1747b268fa86 ext=f7c65830a92d head=dd2bcd0fa590f68dadf3696d3ff12db4b0336e84
[19:02:33] .. alive runid=20260927-184626-1480 event_age=12s | wave=flip2 total=82 valid=16 running=12 pending=54 launched=28 failed=0 gaveup=0 forkfail=0 free_kb=5761192 sims_boxwide=11 last_event_age=0s last_event_epoch=1790528541
[19:03:01] DONE clF2M_south_half_404 rc=0 413s clF2M south/half seed=404 rescued=2 dead=0 unreachable=0 never_detected=0 ff_deaths=1 terminal=None completions=2 recycles=2 removals=2 returns=2 wall=411s [valid 17/82] src=1747b268fa86 ext=f7c65830a92d head=dd2bcd0fa590f68dadf3696d3ff12db4b0336e84
[19:03:03] LAUNCH clF2D_east_half_303 running=12 free_kb=5776636 sims_boxwide=11 attempt=1 src=1747b268fa86 ext=f7c65830a92d head=dd2bcd0fa590f68dadf3696d3ff12db4b0336e84
[19:03:15] DONE clF2M_south_half_202 rc=0 464s clF2M south/half seed=202 rescued=4 dead=0 unreachable=0 never_detected=0 ff_deaths=0 terminal=235 completions=4 recycles=4 removals=4 returns=4 wall=450s [valid 18/82] src=1747b268fa86 ext=f7c65830a92d head=dd2bcd0fa590f68dadf3696d3ff12db4b0336e84
[19:03:17] LAUNCH clF2D_east_half_404 running=12 free_kb=5808336 sims_boxwide=11 attempt=1 src=1747b268fa86 ext=f7c65830a92d head=dd2bcd0fa590f68dadf3696d3ff12db4b0336e84
[19:03:30] DONE clF2Z_east_half_404 rc=0 977s clF2Z east/half seed=404 rescued=4 dead=0 unreachable=0 never_detected=0 ff_deaths=1 terminal=291 completions=4 recycles=4 removals=4 returns=4 wall=963s [valid 19/82] src=1747b268fa86 ext=f7c65830a92d head=dd2bcd0fa590f68dadf3696d3ff12db4b0336e84
[19:03:30] DONE clF2M_east_half_505 rc=0 507s clF2M east/half seed=505 rescued=3 dead=1 unreachable=0 never_detected=0 ff_deaths=0 terminal=94 completions=3 recycles=3 removals=3 returns=3 wall=493s [valid 20/82] src=1747b268fa86 ext=f7c65830a92d head=dd2bcd0fa590f68dadf3696d3ff12db4b0336e84
[19:03:32] LAUNCH clF2D_east_half_505 running=11 free_kb=6723144 sims_boxwide=10 attempt=1 src=1747b268fa86 ext=f7c65830a92d head=dd2bcd0fa590f68dadf3696d3ff12db4b0336e84
[19:03:33] .. alive runid=20260927-184626-1480 event_age=1s | wave=flip2 total=82 valid=20 running=11 pending=51 launched=31 failed=0 gaveup=0 forkfail=0 free_kb=6723144 sims_boxwide=10 last_event_age=0s last_event_epoch=1790528612
[19:03:44] DONE clF2M_east_half_101 rc=0 605s clF2M east/half seed=101 rescued=3 dead=1 unreachable=0 never_detected=0 ff_deaths=1 terminal=135 completions=3 recycles=3 removals=3 returns=3 wall=594s [valid 21/82] src=1747b268fa86 ext=f7c65830a92d head=dd2bcd0fa590f68dadf3696d3ff12db4b0336e84
[19:03:46] LAUNCH clF2D_south_half_101 running=11 free_kb=6671424 sims_boxwide=10 attempt=1 src=1747b268fa86 ext=f7c65830a92d head=dd2bcd0fa590f68dadf3696d3ff12db4b0336e84
[19:03:58] DONE clF2M_east_half_303 rc=0 566s clF2M east/half seed=303 rescued=3 dead=1 unreachable=0 never_detected=0 ff_deaths=0 terminal=121 completions=3 recycles=3 removals=3 returns=3 wall=556s [valid 22/82] src=1747b268fa86 ext=f7c65830a92d head=dd2bcd0fa590f68dadf3696d3ff12db4b0336e84
[19:04:00] LAUNCH clF2D_south_half_202 running=11 free_kb=6742460 sims_boxwide=10 attempt=1 src=1747b268fa86 ext=f7c65830a92d head=dd2bcd0fa590f68dadf3696d3ff12db4b0336e84
[19:04:13] LAUNCH clF2D_south_half_303 running=12 free_kb=5871764 sims_boxwide=11 attempt=1 src=1747b268fa86 ext=f7c65830a92d head=dd2bcd0fa590f68dadf3696d3ff12db4b0336e84
[19:04:27] DONE clF2M_east_def_101 rc=0 351s clF2M east/default seed=101 rescued=4 dead=0 unreachable=0 never_detected=0 ff_deaths=0 terminal=288 completions=4 recycles=4 removals=4 returns=4 wall=350s [valid 23/82] src=1747b268fa86 ext=f7c65830a92d head=dd2bcd0fa590f68dadf3696d3ff12db4b0336e84
[19:04:29] LAUNCH clF2D_south_half_404 running=12 free_kb=5830124 sims_boxwide=11 attempt=1 src=1747b268fa86 ext=f7c65830a92d head=dd2bcd0fa590f68dadf3696d3ff12db4b0336e84
[19:04:33] .. alive runid=20260927-184626-1480 event_age=4s | wave=flip2 total=82 valid=23 running=12 pending=47 launched=35 failed=0 gaveup=0 forkfail=0 free_kb=5830124 sims_boxwide=11 last_event_age=0s last_event_epoch=1790528669
[19:05:33] .. alive runid=20260927-184626-1480 event_age=64s | wave=flip2 total=82 valid=23 running=12 pending=47 launched=35 failed=0 gaveup=0 forkfail=0 free_kb=5830124 sims_boxwide=11 last_event_age=0s last_event_epoch=1790528669
[19:06:14] DONE clF2M_east_def_303 rc=0 299s clF2M east/default seed=303 rescued=3 dead=1 unreachable=0 never_detected=0 ff_deaths=0 terminal=137 completions=3 recycles=3 removals=3 returns=3 wall=297s [valid 24/82] src=1747b268fa86 ext=f7c65830a92d head=dd2bcd0fa590f68dadf3696d3ff12db4b0336e84
[19:06:15] LAUNCH clF2D_south_half_505 running=12 free_kb=5886740 sims_boxwide=11 attempt=1 src=1747b268fa86 ext=f7c65830a92d head=dd2bcd0fa590f68dadf3696d3ff12db4b0336e84
[19:06:33] .. alive runid=20260927-184626-1480 event_age=18s | wave=flip2 total=82 valid=24 running=12 pending=46 launched=36 failed=0 gaveup=0 forkfail=0 free_kb=5886740 sims_boxwide=11 last_event_age=0s last_event_epoch=1790528775
[19:06:34] DONE clF2M_east_def_202 rc=0 336s clF2M east/default seed=202 rescued=3 dead=1 unreachable=0 never_detected=0 ff_deaths=0 terminal=172 completions=3 recycles=3 removals=3 returns=3 wall=335s [valid 25/82] src=1747b268fa86 ext=f7c65830a92d head=dd2bcd0fa590f68dadf3696d3ff12db4b0336e84
[19:06:35] LAUNCH clF2D_east_def_101 running=12 free_kb=5905588 sims_boxwide=11 attempt=1 src=1747b268fa86 ext=f7c65830a92d head=dd2bcd0fa590f68dadf3696d3ff12db4b0336e84
[19:07:33] .. alive runid=20260927-184626-1480 event_age=58s | wave=flip2 total=82 valid=25 running=12 pending=45 launched=37 failed=0 gaveup=0 forkfail=0 free_kb=5905588 sims_boxwide=11 last_event_age=0s last_event_epoch=1790528795
[19:08:33] .. alive runid=20260927-184626-1480 event_age=118s | wave=flip2 total=82 valid=25 running=12 pending=45 launched=37 failed=0 gaveup=0 forkfail=0 free_kb=5905588 sims_boxwide=11 last_event_age=0s last_event_epoch=1790528795
[19:09:30] DONE clF2D_south_half_303 rc=0 317s clF2D south/half seed=303 rescued=4 dead=0 unreachable=0 never_detected=0 ff_deaths=0 terminal=115 completions=4 recycles=4 removals=4 returns=4 wall=315s [valid 26/82] src=1747b268fa86 ext=f7c65830a92d head=dd2bcd0fa590f68dadf3696d3ff12db4b0336e84
[19:09:32] LAUNCH clF2D_east_def_202 running=12 free_kb=5747428 sims_boxwide=11 attempt=1 src=1747b268fa86 ext=f7c65830a92d head=dd2bcd0fa590f68dadf3696d3ff12db4b0336e84
[19:09:33] .. alive runid=20260927-184626-1480 event_age=1s | wave=flip2 total=82 valid=26 running=12 pending=44 launched=38 failed=0 gaveup=0 forkfail=0 free_kb=5747428 sims_boxwide=11 last_event_age=0s last_event_epoch=1790528972
[19:09:46] DONE clF2D_south_half_101 rc=0 359s clF2D south/half seed=101 rescued=2 dead=2 unreachable=0 never_detected=0 ff_deaths=1 terminal=129 completions=2 recycles=2 removals=2 returns=2 wall=358s [valid 27/82] src=1747b268fa86 ext=f7c65830a92d head=dd2bcd0fa590f68dadf3696d3ff12db4b0336e84
[19:09:47] LAUNCH clF2D_east_def_303 running=12 free_kb=5743108 sims_boxwide=11 attempt=1 src=1747b268fa86 ext=f7c65830a92d head=dd2bcd0fa590f68dadf3696d3ff12db4b0336e84
[19:10:33] .. alive runid=20260927-184626-1480 event_age=46s | wave=flip2 total=82 valid=27 running=12 pending=43 launched=39 failed=0 gaveup=0 forkfail=0 free_kb=5743108 sims_boxwide=11 last_event_age=0s last_event_epoch=1790528987
[19:10:42] DONE clF2D_south_half_202 rc=0 401s clF2D south/half seed=202 rescued=4 dead=0 unreachable=0 never_detected=0 ff_deaths=0 terminal=235 completions=4 recycles=4 removals=4 returns=4 wall=400s [valid 28/82] src=1747b268fa86 ext=f7c65830a92d head=dd2bcd0fa590f68dadf3696d3ff12db4b0336e84
[19:10:43] LAUNCH clF2D_east_half_2070841104 running=12 free_kb=5786488 sims_boxwide=11 attempt=1 src=1747b268fa86 ext=f7c65830a92d head=dd2bcd0fa590f68dadf3696d3ff12db4b0336e84
[19:10:56] DONE clF2D_east_half_202 rc=0 514s clF2D east/half seed=202 rescued=3 dead=1 unreachable=0 never_detected=0 ff_deaths=0 terminal=93 completions=3 recycles=3 removals=3 returns=3 wall=509s [valid 29/82] src=1747b268fa86 ext=f7c65830a92d head=dd2bcd0fa590f68dadf3696d3ff12db4b0336e84
[19:10:57] DONE clF2M_east_half_404 rc=0 967s clF2M east/half seed=404 rescued=4 dead=0 unreachable=0 never_detected=0 ff_deaths=1 terminal=291 completions=4 recycles=4 removals=4 returns=4 wall=954s [valid 30/82] src=1747b268fa86 ext=f7c65830a92d head=dd2bcd0fa590f68dadf3696d3ff12db4b0336e84
[19:10:58] LAUNCH clF2D_east_half_1147610331 running=11 free_kb=6716916 sims_boxwide=10 attempt=1 src=1747b268fa86 ext=f7c65830a92d head=dd2bcd0fa590f68dadf3696d3ff12db4b0336e84
[19:11:11] DONE clF2D_south_half_505 rc=0 295s clF2D south/half seed=505 rescued=3 dead=1 unreachable=0 never_detected=0 ff_deaths=0 terminal=115 completions=3 recycles=3 removals=3 returns=3 wall=290s [valid 31/82] src=1747b268fa86 ext=f7c65830a92d head=dd2bcd0fa590f68dadf3696d3ff12db4b0336e84
[19:11:12] DONE clF2D_east_half_101 rc=0 583s clF2D east/half seed=101 rescued=4 dead=0 unreachable=0 never_detected=0 ff_deaths=0 terminal=115 completions=4 recycles=4 removals=4 returns=4 wall=573s [valid 32/82] src=1747b268fa86 ext=f7c65830a92d head=dd2bcd0fa590f68dadf3696d3ff12db4b0336e84
[19:11:12] DONE clF2D_south_half_404 rc=0 403s clF2D south/half seed=404 rescued=2 dead=0 unreachable=0 never_detected=0 ff_deaths=1 terminal=None completions=2 recycles=2 removals=2 returns=2 wall=397s [valid 33/82] src=1747b268fa86 ext=f7c65830a92d head=dd2bcd0fa590f68dadf3696d3ff12db4b0336e84
[19:11:14] LAUNCH clF2D_east_half_1291443119 running=9 free_kb=8554752 sims_boxwide=8 attempt=1 src=1747b268fa86 ext=f7c65830a92d head=dd2bcd0fa590f68dadf3696d3ff12db4b0336e84
[19:11:27] LAUNCH clF2D_east_half_1433805104 running=10 free_kb=7660288 sims_boxwide=9 attempt=1 src=1747b268fa86 ext=f7c65830a92d head=dd2bcd0fa590f68dadf3696d3ff12db4b0336e84
[19:11:33] .. alive runid=20260927-184626-1480 event_age=6s | wave=flip2 total=82 valid=33 running=10 pending=39 launched=43 failed=0 gaveup=0 forkfail=0 free_kb=7660288 sims_boxwide=9 last_event_age=0s last_event_epoch=1790529087
[19:11:40] LAUNCH clF2D_east_half_1636723358 running=11 free_kb=6796612 sims_boxwide=10 attempt=1 src=1747b268fa86 ext=f7c65830a92d head=dd2bcd0fa590f68dadf3696d3ff12db4b0336e84
[19:11:53] DONE clF2D_east_half_505 rc=0 500s clF2D east/half seed=505 rescued=3 dead=1 unreachable=0 never_detected=0 ff_deaths=0 terminal=94 completions=3 recycles=3 removals=3 returns=3 wall=494s [valid 34/82] src=1747b268fa86 ext=f7c65830a92d head=dd2bcd0fa590f68dadf3696d3ff12db4b0336e84
[19:11:54] LAUNCH clF2D_east_half_1252362635 running=11 free_kb=6811256 sims_boxwide=10 attempt=1 src=1747b268fa86 ext=f7c65830a92d head=dd2bcd0fa590f68dadf3696d3ff12db4b0336e84
[19:12:08] LAUNCH clF2D_east_half_294124329 running=12 free_kb=5941772 sims_boxwide=11 attempt=1 src=1747b268fa86 ext=f7c65830a92d head=dd2bcd0fa590f68dadf3696d3ff12db4b0336e84
[19:12:31] DONE clF2D_east_def_101 rc=0 356s clF2D east/default seed=101 rescued=4 dead=0 unreachable=0 never_detected=0 ff_deaths=0 terminal=288 completions=4 recycles=4 removals=4 returns=4 wall=354s [valid 35/82] src=1747b268fa86 ext=f7c65830a92d head=dd2bcd0fa590f68dadf3696d3ff12db4b0336e84
[19:12:33] LAUNCH clF2D_east_half_1723100518 running=12 free_kb=5941412 sims_boxwide=11 attempt=1 src=1747b268fa86 ext=f7c65830a92d head=dd2bcd0fa590f68dadf3696d3ff12db4b0336e84
[19:12:34] .. alive runid=20260927-184626-1480 event_age=1s | wave=flip2 total=82 valid=35 running=12 pending=35 launched=47 failed=0 gaveup=0 forkfail=0 free_kb=5941412 sims_boxwide=11 last_event_age=0s last_event_epoch=1790529153
[19:12:45] DONE clF2D_east_half_303 rc=0 582s clF2D east/half seed=303 rescued=3 dead=1 unreachable=0 never_detected=0 ff_deaths=0 terminal=121 completions=3 recycles=3 removals=3 returns=3 wall=576s [valid 36/82] src=1747b268fa86 ext=f7c65830a92d head=dd2bcd0fa590f68dadf3696d3ff12db4b0336e84
[19:12:47] LAUNCH clF2D_east_half_1532569567 running=12 free_kb=5971112 sims_boxwide=11 attempt=1 src=1747b268fa86 ext=f7c65830a92d head=dd2bcd0fa590f68dadf3696d3ff12db4b0336e84
[19:13:34] .. alive runid=20260927-184626-1480 event_age=47s | wave=flip2 total=82 valid=36 running=12 pending=34 launched=48 failed=0 gaveup=0 forkfail=0 free_kb=5971112 sims_boxwide=11 last_event_age=0s last_event_epoch=1790529167
[19:14:34] .. alive runid=20260927-184626-1480 event_age=107s | wave=flip2 total=82 valid=36 running=12 pending=34 launched=48 failed=0 gaveup=0 forkfail=0 free_kb=5971112 sims_boxwide=11 last_event_age=0s last_event_epoch=1790529167
[19:14:42] DONE clF2D_east_def_303 rc=0 294s clF2D east/default seed=303 rescued=3 dead=1 unreachable=0 never_detected=0 ff_deaths=0 terminal=137 completions=3 recycles=3 removals=3 returns=3 wall=293s [valid 37/82] src=1747b268fa86 ext=f7c65830a92d head=dd2bcd0fa590f68dadf3696d3ff12db4b0336e84
[19:14:43] LAUNCH clF2D_east_half_498896028 running=12 free_kb=5797804 sims_boxwide=11 attempt=1 src=1747b268fa86 ext=f7c65830a92d head=dd2bcd0fa590f68dadf3696d3ff12db4b0336e84
[19:15:03] DONE clF2D_east_def_202 rc=0 331s clF2D east/default seed=202 rescued=3 dead=1 unreachable=0 never_detected=0 ff_deaths=0 terminal=172 completions=3 recycles=3 removals=3 returns=3 wall=329s [valid 38/82] src=1747b268fa86 ext=f7c65830a92d head=dd2bcd0fa590f68dadf3696d3ff12db4b0336e84
[19:15:05] LAUNCH clF2D_east_half_1401495347 running=12 free_kb=5857576 sims_boxwide=11 attempt=1 src=1747b268fa86 ext=f7c65830a92d head=dd2bcd0fa590f68dadf3696d3ff12db4b0336e84
[19:15:34] .. alive runid=20260927-184626-1480 event_age=29s | wave=flip2 total=82 valid=38 running=12 pending=32 launched=50 failed=0 gaveup=0 forkfail=0 free_kb=5857576 sims_boxwide=11 last_event_age=0s last_event_epoch=1790529305
[19:16:34] .. alive runid=20260927-184626-1480 event_age=89s | wave=flip2 total=82 valid=38 running=12 pending=32 launched=50 failed=0 gaveup=0 forkfail=0 free_kb=5857576 sims_boxwide=11 last_event_age=0s last_event_epoch=1790529305
[19:17:34] .. alive runid=20260927-184626-1480 event_age=149s | wave=flip2 total=82 valid=38 running=12 pending=32 launched=50 failed=0 gaveup=0 forkfail=0 free_kb=5857576 sims_boxwide=11 last_event_age=0s last_event_epoch=1790529305
[19:18:34] .. alive runid=20260927-184626-1480 event_age=209s | wave=flip2 total=82 valid=38 running=12 pending=32 launched=50 failed=0 gaveup=0 forkfail=0 free_kb=5857576 sims_boxwide=11 last_event_age=0s last_event_epoch=1790529305
[19:18:49] DONE clF2D_east_half_404 rc=0 931s clF2D east/half seed=404 rescued=4 dead=0 unreachable=0 never_detected=0 ff_deaths=1 terminal=291 completions=4 recycles=4 removals=4 returns=4 wall=930s [valid 39/82] src=1747b268fa86 ext=f7c65830a92d head=dd2bcd0fa590f68dadf3696d3ff12db4b0336e84
[19:18:50] LAUNCH clF2D_east_half_133894353 running=12 free_kb=5797228 sims_boxwide=11 attempt=1 src=1747b268fa86 ext=f7c65830a92d head=dd2bcd0fa590f68dadf3696d3ff12db4b0336e84
[19:19:34] .. alive runid=20260927-184626-1480 event_age=44s | wave=flip2 total=82 valid=39 running=12 pending=31 launched=51 failed=0 gaveup=0 forkfail=0 free_kb=5797228 sims_boxwide=11 last_event_age=0s last_event_epoch=1790529530
[19:19:52] DONE clF2D_east_half_1147610331 rc=0 533s clF2D east/half seed=1147610331 rescued=2 dead=2 unreachable=0 never_detected=0 ff_deaths=0 terminal=93 completions=2 recycles=2 removals=2 returns=2 wall=532s [valid 40/82] src=1747b268fa86 ext=f7c65830a92d head=dd2bcd0fa590f68dadf3696d3ff12db4b0336e84
[19:19:53] LAUNCH clF2D_east_half_1788979460 running=12 free_kb=5745208 sims_boxwide=11 attempt=1 src=1747b268fa86 ext=f7c65830a92d head=dd2bcd0fa590f68dadf3696d3ff12db4b0336e84
[19:20:34] DONE clF2D_east_half_1636723358 rc=0 534s clF2D east/half seed=1636723358 rescued=3 dead=1 unreachable=0 never_detected=0 ff_deaths=0 terminal=105 completions=3 recycles=3 removals=3 returns=3 wall=532s [valid 41/82] src=1747b268fa86 ext=f7c65830a92d head=dd2bcd0fa590f68dadf3696d3ff12db4b0336e84
[19:20:34] .. alive runid=20260927-184626-1480 event_age=41s | wave=flip2 total=82 valid=40 running=12 pending=30 launched=52 failed=0 gaveup=0 forkfail=0 free_kb=5745208 sims_boxwide=11 last_event_age=0s last_event_epoch=1790529593
[19:20:36] LAUNCH clF2D_south_half_1486866530 running=12 free_kb=5704012 sims_boxwide=11 attempt=1 src=1747b268fa86 ext=f7c65830a92d head=dd2bcd0fa590f68dadf3696d3ff12db4b0336e84
[19:20:48] DONE clF2D_east_half_2070841104 rc=0 605s clF2D east/half seed=2070841104 rescued=4 dead=0 unreachable=0 never_detected=0 ff_deaths=0 terminal=122 completions=4 recycles=4 removals=4 returns=4 wall=600s [valid 42/82] src=1747b268fa86 ext=f7c65830a92d head=dd2bcd0fa590f68dadf3696d3ff12db4b0336e84
[19:20:49] DONE clF2D_east_half_1723100518 rc=0 495s clF2D east/half seed=1723100518 rescued=2 dead=2 unreachable=0 never_detected=0 ff_deaths=0 terminal=96 completions=2 recycles=2 removals=2 returns=2 wall=483s [valid 43/82] src=1747b268fa86 ext=f7c65830a92d head=dd2bcd0fa590f68dadf3696d3ff12db4b0336e84
[19:20:50] LAUNCH clF2D_south_half_536769381 running=11 free_kb=6630068 sims_boxwide=10 attempt=1 src=1747b268fa86 ext=f7c65830a92d head=dd2bcd0fa590f68dadf3696d3ff12db4b0336e84
[19:21:03] DONE clF2D_east_half_294124329 rc=0 535s clF2D east/half seed=294124329 rescued=4 dead=0 unreachable=0 never_detected=0 ff_deaths=0 terminal=126 completions=4 recycles=4 removals=4 returns=4 wall=530s [valid 44/82] src=1747b268fa86 ext=f7c65830a92d head=dd2bcd0fa590f68dadf3696d3ff12db4b0336e84
[19:21:05] LAUNCH clF2D_south_half_791464433 running=11 free_kb=6714632 sims_boxwide=10 attempt=1 src=1747b268fa86 ext=f7c65830a92d head=dd2bcd0fa590f68dadf3696d3ff12db4b0336e84
[19:21:17] DONE clF2D_east_half_1291443119 rc=0 603s clF2D east/half seed=1291443119 rescued=4 dead=0 unreachable=0 never_detected=0 ff_deaths=0 terminal=126 completions=4 recycles=4 removals=4 returns=4 wall=596s [valid 45/82] src=1747b268fa86 ext=f7c65830a92d head=dd2bcd0fa590f68dadf3696d3ff12db4b0336e84
[19:21:19] LAUNCH clF2D_south_half_706299103 running=11 free_kb=6765024 sims_boxwide=10 attempt=1 src=1747b268fa86 ext=f7c65830a92d head=dd2bcd0fa590f68dadf3696d3ff12db4b0336e84
[19:21:32] LAUNCH clF2D_south_half_1364948962 running=12 free_kb=5906304 sims_boxwide=11 attempt=1 src=1747b268fa86 ext=f7c65830a92d head=dd2bcd0fa590f68dadf3696d3ff12db4b0336e84
[19:21:34] .. alive runid=20260927-184626-1480 event_age=2s | wave=flip2 total=82 valid=45 running=12 pending=25 launched=57 failed=0 gaveup=0 forkfail=0 free_kb=5906304 sims_boxwide=11 last_event_age=0s last_event_epoch=1790529692
[19:22:34] .. alive runid=20260927-184626-1480 event_age=62s | wave=flip2 total=82 valid=45 running=12 pending=25 launched=57 failed=0 gaveup=0 forkfail=0 free_kb=5906304 sims_boxwide=11 last_event_age=0s last_event_epoch=1790529692
[19:23:35] .. alive runid=20260927-184626-1480 event_age=123s | wave=flip2 total=82 valid=45 running=12 pending=25 launched=57 failed=0 gaveup=0 forkfail=0 free_kb=5906304 sims_boxwide=11 last_event_age=0s last_event_epoch=1790529692
[19:23:44] DONE clF2D_east_half_1433805104 rc=0 736s clF2D east/half seed=1433805104 rescued=4 dead=0 unreachable=0 never_detected=0 ff_deaths=0 terminal=217 completions=4 recycles=4 removals=4 returns=4 wall=735s [valid 46/82] src=1747b268fa86 ext=f7c65830a92d head=dd2bcd0fa590f68dadf3696d3ff12db4b0336e84
[19:23:45] LAUNCH clF2D_south_half_937041678 running=12 free_kb=5826428 sims_boxwide=11 attempt=1 src=1747b268fa86 ext=f7c65830a92d head=dd2bcd0fa590f68dadf3696d3ff12db4b0336e84
[19:24:07] DONE clF2D_east_half_1532569567 rc=0 679s clF2D east/half seed=1532569567 rescued=3 dead=0 unreachable=1 never_detected=0 ff_deaths=1 terminal=215 completions=3 recycles=3 removals=3 returns=3 wall=678s [valid 47/82] src=1747b268fa86 ext=f7c65830a92d head=dd2bcd0fa590f68dadf3696d3ff12db4b0336e84
[19:24:08] LAUNCH clF2D_south_half_954838929 running=12 free_kb=5819512 sims_boxwide=11 attempt=1 src=1747b268fa86 ext=f7c65830a92d head=dd2bcd0fa590f68dadf3696d3ff12db4b0336e84
[19:24:35] .. alive runid=20260927-184626-1480 event_age=27s | wave=flip2 total=82 valid=47 running=12 pending=23 launched=59 failed=0 gaveup=0 forkfail=0 free_kb=5819512 sims_boxwide=11 last_event_age=0s last_event_epoch=1790529848
[19:25:13] DONE clF2D_south_half_1364948962 rc=0 221s clF2D south/half seed=1364948962 rescued=4 dead=0 unreachable=0 never_detected=0 ff_deaths=0 terminal=140 completions=4 recycles=4 removals=4 returns=4 wall=219s [valid 48/82] src=1747b268fa86 ext=f7c65830a92d head=dd2bcd0fa590f68dadf3696d3ff12db4b0336e84
[19:25:15] LAUNCH clF2D_south_half_139925734 running=12 free_kb=5701836 sims_boxwide=11 attempt=1 src=1747b268fa86 ext=f7c65830a92d head=dd2bcd0fa590f68dadf3696d3ff12db4b0336e84
[19:25:28] DONE clF2D_east_half_1401495347 rc=0 622s clF2D east/half seed=1401495347 rescued=3 dead=1 unreachable=0 never_detected=0 ff_deaths=0 terminal=180 completions=3 recycles=3 removals=3 returns=3 wall=616s [valid 49/82] src=1747b268fa86 ext=f7c65830a92d head=dd2bcd0fa590f68dadf3696d3ff12db4b0336e84
[19:25:29] LAUNCH clF2D_south_half_1624156665 running=12 free_kb=5829536 sims_boxwide=11 attempt=1 src=1747b268fa86 ext=f7c65830a92d head=dd2bcd0fa590f68dadf3696d3ff12db4b0336e84
[19:25:35] .. alive runid=20260927-184626-1480 event_age=6s | wave=flip2 total=82 valid=49 running=12 pending=21 launched=61 failed=0 gaveup=0 forkfail=0 free_kb=5829536 sims_boxwide=11 last_event_age=0s last_event_epoch=1790529929
[19:26:12] DONE clF2D_south_half_536769381 rc=0 321s clF2D south/half seed=536769381 rescued=4 dead=0 unreachable=0 never_detected=0 ff_deaths=0 terminal=118 completions=4 recycles=4 removals=4 returns=4 wall=319s [valid 50/82] src=1747b268fa86 ext=f7c65830a92d head=dd2bcd0fa590f68dadf3696d3ff12db4b0336e84
[19:26:13] LAUNCH clF2D_south_half_285242396 running=12 free_kb=5807808 sims_boxwide=11 attempt=1 src=1747b268fa86 ext=f7c65830a92d head=dd2bcd0fa590f68dadf3696d3ff12db4b0336e84
[19:26:35] .. alive runid=20260927-184626-1480 event_age=22s | wave=flip2 total=82 valid=50 running=12 pending=20 launched=62 failed=0 gaveup=0 forkfail=0 free_kb=5807808 sims_boxwide=11 last_event_age=0s last_event_epoch=1790529973
[19:27:03] DONE clF2D_south_half_706299103 rc=0 344s clF2D south/half seed=706299103 rescued=3 dead=0 unreachable=1 never_detected=0 ff_deaths=2 terminal=185 completions=3 recycles=3 removals=3 returns=3 wall=343s [valid 51/82] src=1747b268fa86 ext=f7c65830a92d head=dd2bcd0fa590f68dadf3696d3ff12db4b0336e84
[19:27:05] LAUNCH clF2D_south_half_573250932 running=12 free_kb=5818540 sims_boxwide=11 attempt=1 src=1747b268fa86 ext=f7c65830a92d head=dd2bcd0fa590f68dadf3696d3ff12db4b0336e84
[19:27:23] DONE clF2D_east_half_1252362635 rc=0 928s clF2D east/half seed=1252362635 rescued=4 dead=0 unreachable=0 never_detected=0 ff_deaths=0 terminal=259 completions=4 recycles=4 removals=4 returns=4 wall=927s [valid 52/82] src=1747b268fa86 ext=f7c65830a92d head=dd2bcd0fa590f68dadf3696d3ff12db4b0336e84
[19:27:24] LAUNCH clF2D_south_half_1048395951 running=12 free_kb=5862636 sims_boxwide=11 attempt=1 src=1747b268fa86 ext=f7c65830a92d head=dd2bcd0fa590f68dadf3696d3ff12db4b0336e84
[19:27:35] .. alive runid=20260927-184626-1480 event_age=11s | wave=flip2 total=82 valid=52 running=12 pending=18 launched=64 failed=0 gaveup=0 forkfail=0 free_kb=5862636 sims_boxwide=11 last_event_age=0s last_event_epoch=1790530044
[19:27:38] DONE clF2D_south_half_1486866530 rc=0 421s clF2D south/half seed=1486866530 rescued=3 dead=0 unreachable=1 never_detected=1 ff_deaths=0 terminal=210 completions=3 recycles=3 removals=3 returns=3 wall=420s [valid 53/82] src=1747b268fa86 ext=f7c65830a92d head=dd2bcd0fa590f68dadf3696d3ff12db4b0336e84
[19:27:39] LAUNCH clF2D_south_half_903347495 running=12 free_kb=5870756 sims_boxwide=11 attempt=1 src=1747b268fa86 ext=f7c65830a92d head=dd2bcd0fa590f68dadf3696d3ff12db4b0336e84
[19:28:03] DONE clF2D_south_half_791464433 rc=0 418s clF2D south/half seed=791464433 rescued=4 dead=0 unreachable=0 never_detected=0 ff_deaths=0 terminal=180 completions=4 recycles=4 removals=4 returns=4 wall=417s [valid 54/82] src=1747b268fa86 ext=f7c65830a92d head=dd2bcd0fa590f68dadf3696d3ff12db4b0336e84
[19:28:05] LAUNCH clF2D_east_def_2038269169 running=12 free_kb=5841348 sims_boxwide=11 attempt=1 src=1747b268fa86 ext=f7c65830a92d head=dd2bcd0fa590f68dadf3696d3ff12db4b0336e84
[19:28:35] .. alive runid=20260927-184626-1480 event_age=30s | wave=flip2 total=82 valid=54 running=12 pending=16 launched=66 failed=0 gaveup=0 forkfail=0 free_kb=5841348 sims_boxwide=11 last_event_age=0s last_event_epoch=1790530085
[19:28:42] DONE clF2D_east_half_498896028 rc=0 838s clF2D east/half seed=498896028 rescued=4 dead=0 unreachable=0 never_detected=0 ff_deaths=0 terminal=254 completions=4 recycles=4 removals=4 returns=4 wall=836s [valid 55/82] src=1747b268fa86 ext=f7c65830a92d head=dd2bcd0fa590f68dadf3696d3ff12db4b0336e84
[19:28:43] LAUNCH clF2D_east_def_1749069988 running=12 free_kb=5857108 sims_boxwide=11 attempt=1 src=1747b268fa86 ext=f7c65830a92d head=dd2bcd0fa590f68dadf3696d3ff12db4b0336e84
[19:29:35] .. alive runid=20260927-184626-1480 event_age=52s | wave=flip2 total=82 valid=55 running=12 pending=15 launched=67 failed=0 gaveup=0 forkfail=0 free_kb=5857108 sims_boxwide=11 last_event_age=0s last_event_epoch=1790530123
[19:30:05] DONE clF2D_south_half_937041678 rc=0 379s clF2D south/half seed=937041678 rescued=4 dead=0 unreachable=0 never_detected=0 ff_deaths=1 terminal=203 completions=4 recycles=4 removals=4 returns=4 wall=377s [valid 56/82] src=1747b268fa86 ext=f7c65830a92d head=dd2bcd0fa590f68dadf3696d3ff12db4b0336e84
[19:30:06] LAUNCH clF2D_east_def_1420331661 running=12 free_kb=6551892 sims_boxwide=11 attempt=1 src=1747b268fa86 ext=f7c65830a92d head=dd2bcd0fa590f68dadf3696d3ff12db4b0336e84
[19:30:27] DONE clF2D_south_half_954838929 rc=0 379s clF2D south/half seed=954838929 rescued=3 dead=1 unreachable=0 never_detected=0 ff_deaths=0 terminal=106 completions=3 recycles=3 removals=3 returns=3 wall=377s [valid 57/82] src=1747b268fa86 ext=f7c65830a92d head=dd2bcd0fa590f68dadf3696d3ff12db4b0336e84
[19:30:29] LAUNCH clF2D_east_def_1480870832 running=12 free_kb=6553080 sims_boxwide=11 attempt=1 src=1747b268fa86 ext=f7c65830a92d head=dd2bcd0fa590f68dadf3696d3ff12db4b0336e84
[19:30:35] .. alive runid=20260927-184626-1480 event_age=6s | wave=flip2 total=82 valid=57 running=12 pending=13 launched=69 failed=0 gaveup=0 forkfail=0 free_kb=6553080 sims_boxwide=11 last_event_age=0s last_event_epoch=1790530229
[19:30:41] DONE clF2D_south_half_1624156665 rc=0 312s clF2D south/half seed=1624156665 rescued=4 dead=0 unreachable=0 never_detected=0 ff_deaths=0 terminal=192 completions=4 recycles=4 removals=4 returns=4 wall=308s [valid 58/82] src=1747b268fa86 ext=f7c65830a92d head=dd2bcd0fa590f68dadf3696d3ff12db4b0336e84
[19:30:43] LAUNCH clF2J_east_half_101 running=12 free_kb=6574888 sims_boxwide=11 attempt=1 src=1747b268fa86 ext=f7c65830a92d head=dd2bcd0fa590f68dadf3696d3ff12db4b0336e84
[19:31:32] DONE clF2D_south_half_285242396 rc=0 318s clF2D south/half seed=285242396 rescued=4 dead=0 unreachable=0 never_detected=0 ff_deaths=0 terminal=177 completions=4 recycles=4 removals=4 returns=4 wall=317s [valid 59/82] src=1747b268fa86 ext=f7c65830a92d head=dd2bcd0fa590f68dadf3696d3ff12db4b0336e84
[19:31:33] LAUNCH clF2J_east_half_202 running=12 free_kb=6593452 sims_boxwide=11 attempt=1 src=1747b268fa86 ext=f7c65830a92d head=dd2bcd0fa590f68dadf3696d3ff12db4b0336e84
[19:31:35] .. alive runid=20260927-184626-1480 event_age=2s | wave=flip2 total=82 valid=59 running=12 pending=11 launched=71 failed=0 gaveup=0 forkfail=0 free_kb=6593452 sims_boxwide=11 last_event_age=0s last_event_epoch=1790530293
[19:31:48] DONE clF2D_south_half_139925734 rc=0 392s clF2D south/half seed=139925734 rescued=3 dead=1 unreachable=0 never_detected=0 ff_deaths=0 terminal=101 completions=3 recycles=3 removals=3 returns=3 wall=391s [valid 60/82] src=1747b268fa86 ext=f7c65830a92d head=dd2bcd0fa590f68dadf3696d3ff12db4b0336e84
[19:31:49] LAUNCH clF2J_east_half_303 running=12 free_kb=6619768 sims_boxwide=11 attempt=1 src=1747b268fa86 ext=f7c65830a92d head=dd2bcd0fa590f68dadf3696d3ff12db4b0336e84
[19:32:02] DONE clF2D_east_half_1788979460 rc=0 728s clF2D east/half seed=1788979460 rescued=4 dead=0 unreachable=0 never_detected=0 ff_deaths=0 terminal=209 completions=4 recycles=4 removals=4 returns=4 wall=725s [valid 61/82] src=1747b268fa86 ext=f7c65830a92d head=dd2bcd0fa590f68dadf3696d3ff12db4b0336e84
[19:32:03] LAUNCH clF2J_east_half_404 running=12 free_kb=6639424 sims_boxwide=11 attempt=1 src=1747b268fa86 ext=f7c65830a92d head=dd2bcd0fa590f68dadf3696d3ff12db4b0336e84
[19:32:17] DONE clF2D_south_half_573250932 rc=0 312s clF2D south/half seed=573250932 rescued=3 dead=0 unreachable=1 never_detected=1 ff_deaths=0 terminal=210 completions=3 recycles=3 removals=3 returns=3 wall=310s [valid 62/82] src=1747b268fa86 ext=f7c65830a92d head=dd2bcd0fa590f68dadf3696d3ff12db4b0336e84
[19:32:19] LAUNCH clF2J_east_half_505 running=12 free_kb=6648540 sims_boxwide=11 attempt=1 src=1747b268fa86 ext=f7c65830a92d head=dd2bcd0fa590f68dadf3696d3ff12db4b0336e84
[19:32:35] .. alive runid=20260927-184626-1480 event_age=16s | wave=flip2 total=82 valid=62 running=12 pending=8 launched=74 failed=0 gaveup=0 forkfail=0 free_kb=6648540 sims_boxwide=11 last_event_age=0s last_event_epoch=1790530339
[19:33:35] .. alive runid=20260927-184626-1480 event_age=76s | wave=flip2 total=82 valid=62 running=12 pending=8 launched=74 failed=0 gaveup=0 forkfail=0 free_kb=6648540 sims_boxwide=11 last_event_age=0s last_event_epoch=1790530339
[19:33:38] DONE clF2D_south_half_1048395951 rc=0 374s clF2D south/half seed=1048395951 rescued=4 dead=0 unreachable=0 never_detected=0 ff_deaths=0 terminal=152 completions=4 recycles=4 removals=4 returns=4 wall=372s [valid 63/82] src=1747b268fa86 ext=f7c65830a92d head=dd2bcd0fa590f68dadf3696d3ff12db4b0336e84
[19:33:39] LAUNCH clF2J_south_half_101 running=12 free_kb=6655568 sims_boxwide=11 attempt=1 src=1747b268fa86 ext=f7c65830a92d head=dd2bcd0fa590f68dadf3696d3ff12db4b0336e84
[19:33:52] DONE clF2D_east_def_2038269169 rc=0 347s clF2D east/default seed=2038269169 rescued=3 dead=0 unreachable=1 never_detected=1 ff_deaths=0 terminal=254 completions=3 recycles=3 removals=3 returns=3 wall=344s [valid 64/82] src=1747b268fa86 ext=f7c65830a92d head=dd2bcd0fa590f68dadf3696d3ff12db4b0336e84
[19:33:54] LAUNCH clF2J_south_half_202 running=12 free_kb=6670828 sims_boxwide=11 attempt=1 src=1747b268fa86 ext=f7c65830a92d head=dd2bcd0fa590f68dadf3696d3ff12db4b0336e84
[19:34:18] DONE clF2D_east_def_1749069988 rc=0 335s clF2D east/default seed=1749069988 rescued=3 dead=1 unreachable=0 never_detected=0 ff_deaths=0 terminal=194 completions=3 recycles=3 removals=3 returns=3 wall=333s [valid 65/82] src=1747b268fa86 ext=f7c65830a92d head=dd2bcd0fa590f68dadf3696d3ff12db4b0336e84
[19:34:20] LAUNCH clF2J_south_half_303 running=12 free_kb=6697892 sims_boxwide=11 attempt=1 src=1747b268fa86 ext=f7c65830a92d head=dd2bcd0fa590f68dadf3696d3ff12db4b0336e84
[19:34:36] .. alive runid=20260927-184626-1480 event_age=16s | wave=flip2 total=82 valid=65 running=12 pending=5 launched=77 failed=0 gaveup=0 forkfail=0 free_kb=6697892 sims_boxwide=11 last_event_age=0s last_event_epoch=1790530460
[19:35:34] DONE clF2D_south_half_903347495 rc=0 474s clF2D south/half seed=903347495 rescued=4 dead=0 unreachable=0 never_detected=0 ff_deaths=0 terminal=276 completions=4 recycles=4 removals=4 returns=4 wall=473s [valid 66/82] src=1747b268fa86 ext=f7c65830a92d head=dd2bcd0fa590f68dadf3696d3ff12db4b0336e84
[19:35:35] LAUNCH clF2J_south_half_404 running=12 free_kb=6643924 sims_boxwide=11 attempt=1 src=1747b268fa86 ext=f7c65830a92d head=dd2bcd0fa590f68dadf3696d3ff12db4b0336e84
[19:35:36] .. alive runid=20260927-184626-1480 event_age=1s | wave=flip2 total=82 valid=66 running=12 pending=4 launched=78 failed=0 gaveup=0 forkfail=0 free_kb=6643924 sims_boxwide=11 last_event_age=0s last_event_epoch=1790530535
[19:36:21] DONE clF2D_east_def_1480870832 rc=0 351s clF2D east/default seed=1480870832 rescued=2 dead=1 unreachable=1 never_detected=1 ff_deaths=0 terminal=210 completions=2 recycles=2 removals=2 returns=2 wall=350s [valid 67/82] src=1747b268fa86 ext=f7c65830a92d head=dd2bcd0fa590f68dadf3696d3ff12db4b0336e84
[19:36:22] LAUNCH clF2J_south_half_505 running=12 free_kb=6696824 sims_boxwide=11 attempt=1 src=1747b268fa86 ext=f7c65830a92d head=dd2bcd0fa590f68dadf3696d3ff12db4b0336e84
[19:36:35] DONE clF2D_east_def_1420331661 rc=0 388s clF2D east/default seed=1420331661 rescued=3 dead=1 unreachable=0 never_detected=0 ff_deaths=0 terminal=171 completions=3 recycles=3 removals=3 returns=3 wall=379s [valid 68/82] src=1747b268fa86 ext=f7c65830a92d head=dd2bcd0fa590f68dadf3696d3ff12db4b0336e84
[19:36:36] .. alive runid=20260927-184626-1480 event_age=2s | wave=flip2 total=82 valid=68 running=11 pending=3 launched=79 failed=0 gaveup=0 forkfail=0 free_kb=6710464 sims_boxwide=11 last_event_age=1s last_event_epoch=1790530594
[19:36:36] LAUNCH clF2J_east_def_101 running=12 free_kb=6710464 sims_boxwide=11 attempt=1 src=1747b268fa86 ext=f7c65830a92d head=dd2bcd0fa590f68dadf3696d3ff12db4b0336e84
[19:37:19] DONE clF2D_east_half_133894353 rc=0 1108s clF2D east/half seed=133894353 rescued=4 dead=0 unreachable=0 never_detected=0 ff_deaths=1 terminal=327 completions=4 recycles=4 removals=4 returns=4 wall=1106s [valid 69/82] src=1747b268fa86 ext=f7c65830a92d head=dd2bcd0fa590f68dadf3696d3ff12db4b0336e84
[19:37:20] LAUNCH clF2J_east_def_202 running=12 free_kb=6660756 sims_boxwide=11 attempt=1 src=1747b268fa86 ext=f7c65830a92d head=dd2bcd0fa590f68dadf3696d3ff12db4b0336e84
[19:37:36] .. alive runid=20260927-184626-1480 event_age=16s | wave=flip2 total=82 valid=69 running=12 pending=1 launched=81 failed=0 gaveup=0 forkfail=0 free_kb=6660756 sims_boxwide=11 last_event_age=0s last_event_epoch=1790530640
[19:38:36] .. alive runid=20260927-184626-1480 event_age=76s | wave=flip2 total=82 valid=69 running=12 pending=1 launched=81 failed=0 gaveup=0 forkfail=0 free_kb=6660756 sims_boxwide=11 last_event_age=0s last_event_epoch=1790530640
[19:39:29] DONE clF2J_south_half_101 rc=0 349s clF2J south/half seed=101 rescued=2 dead=2 unreachable=0 never_detected=0 ff_deaths=1 terminal=129 completions=2 recycles=2 removals=2 returns=2 wall=347s [valid 70/82] src=1747b268fa86 ext=f7c65830a92d head=dd2bcd0fa590f68dadf3696d3ff12db4b0336e84
[19:39:30] LAUNCH clF2J_east_def_303 running=12 free_kb=6537296 sims_boxwide=11 attempt=1 src=1747b268fa86 ext=f7c65830a92d head=dd2bcd0fa590f68dadf3696d3ff12db4b0336e84
[19:39:36] .. alive runid=20260927-184626-1480 event_age=6s | wave=flip2 total=82 valid=70 running=12 pending=0 launched=82 failed=0 gaveup=0 forkfail=0 free_kb=6537296 sims_boxwide=11 last_event_age=0s last_event_epoch=1790530770
[19:39:43] DONE clF2J_south_half_303 rc=0 322s clF2J south/half seed=303 rescued=4 dead=0 unreachable=0 never_detected=0 ff_deaths=0 terminal=115 completions=4 recycles=4 removals=4 returns=4 wall=311s [valid 71/82] src=1747b268fa86 ext=f7c65830a92d head=dd2bcd0fa590f68dadf3696d3ff12db4b0336e84
[19:39:55] DONE clF2J_east_half_202 rc=0 501s clF2J east/half seed=202 rescued=3 dead=1 unreachable=0 never_detected=0 ff_deaths=0 terminal=93 completions=3 recycles=3 removals=3 returns=3 wall=499s [valid 72/82] src=1747b268fa86 ext=f7c65830a92d head=dd2bcd0fa590f68dadf3696d3ff12db4b0336e84
[19:40:16] DONE clF2J_east_half_101 rc=0 573s clF2J east/half seed=101 rescued=4 dead=0 unreachable=0 never_detected=0 ff_deaths=0 terminal=115 completions=4 recycles=4 removals=4 returns=4 wall=571s [valid 73/82] src=1747b268fa86 ext=f7c65830a92d head=dd2bcd0fa590f68dadf3696d3ff12db4b0336e84
[19:40:27] DONE clF2J_east_half_505 rc=0 487s clF2J east/half seed=505 rescued=3 dead=1 unreachable=0 never_detected=0 ff_deaths=0 terminal=94 completions=3 recycles=3 removals=3 returns=3 wall=486s [valid 74/82] src=1747b268fa86 ext=f7c65830a92d head=dd2bcd0fa590f68dadf3696d3ff12db4b0336e84
[19:40:36] .. alive runid=20260927-184626-1480 event_age=10s | wave=flip2 total=82 valid=74 running=8 pending=0 launched=82 failed=0 gaveup=0 forkfail=0 free_kb=6537296 sims_boxwide=11 last_event_age=1s last_event_epoch=1790530826
[19:40:39] DONE clF2J_south_half_202 rc=0 405s clF2J south/half seed=202 rescued=4 dead=0 unreachable=0 never_detected=0 ff_deaths=0 terminal=235 completions=4 recycles=4 removals=4 returns=4 wall=403s [valid 75/82] src=1747b268fa86 ext=f7c65830a92d head=dd2bcd0fa590f68dadf3696d3ff12db4b0336e84
[19:40:51] DONE clF2J_east_half_303 rc=0 542s clF2J east/half seed=303 rescued=3 dead=1 unreachable=0 never_detected=0 ff_deaths=0 terminal=121 completions=3 recycles=3 removals=3 returns=3 wall=540s [valid 76/82] src=1747b268fa86 ext=f7c65830a92d head=dd2bcd0fa590f68dadf3696d3ff12db4b0336e84
[19:41:06] DONE clF2J_south_half_505 rc=0 283s clF2J south/half seed=505 rescued=3 dead=1 unreachable=0 never_detected=0 ff_deaths=0 terminal=115 completions=3 recycles=3 removals=3 returns=3 wall=282s [valid 77/82] src=1747b268fa86 ext=f7c65830a92d head=dd2bcd0fa590f68dadf3696d3ff12db4b0336e84
[19:41:36] .. alive runid=20260927-184626-1480 event_age=31s | wave=flip2 total=82 valid=77 running=5 pending=0 launched=82 failed=0 gaveup=0 forkfail=0 free_kb=6537296 sims_boxwide=11 last_event_age=1s last_event_epoch=1790530865
[19:42:05] DONE clF2J_south_half_404 rc=0 390s clF2J south/half seed=404 rescued=2 dead=0 unreachable=0 never_detected=0 ff_deaths=1 terminal=None completions=2 recycles=2 removals=2 returns=2 wall=388s [valid 78/82] src=1747b268fa86 ext=f7c65830a92d head=dd2bcd0fa590f68dadf3696d3ff12db4b0336e84
[19:42:09] DONE clF2J_east_def_101 rc=0 333s clF2J east/default seed=101 rescued=4 dead=0 unreachable=0 never_detected=0 ff_deaths=0 terminal=288 completions=4 recycles=4 removals=4 returns=4 wall=331s [valid 79/82] src=1747b268fa86 ext=f7c65830a92d head=dd2bcd0fa590f68dadf3696d3ff12db4b0336e84
[19:42:30] DONE clF2J_east_def_202 rc=0 309s clF2J east/default seed=202 rescued=3 dead=1 unreachable=0 never_detected=0 ff_deaths=0 terminal=172 completions=3 recycles=3 removals=3 returns=3 wall=308s [valid 80/82] src=1747b268fa86 ext=f7c65830a92d head=dd2bcd0fa590f68dadf3696d3ff12db4b0336e84
[19:42:36] .. alive runid=20260927-184626-1480 event_age=7s | wave=flip2 total=82 valid=80 running=2 pending=0 launched=82 failed=0 gaveup=0 forkfail=0 free_kb=6537296 sims_boxwide=11 last_event_age=1s last_event_epoch=1790530949
[19:43:36] .. alive runid=20260927-184626-1480 event_age=67s | wave=flip2 total=82 valid=80 running=2 pending=0 launched=82 failed=0 gaveup=0 forkfail=0 free_kb=6537296 sims_boxwide=11 last_event_age=1s last_event_epoch=1790530949
[19:44:00] DONE clF2J_east_def_303 rc=0 270s clF2J east/default seed=303 rescued=3 dead=1 unreachable=0 never_detected=0 ff_deaths=0 terminal=137 completions=3 recycles=3 removals=3 returns=3 wall=268s [valid 81/82] src=1747b268fa86 ext=f7c65830a92d head=dd2bcd0fa590f68dadf3696d3ff12db4b0336e84
[19:44:36] .. alive runid=20260927-184626-1480 event_age=36s | wave=flip2 total=82 valid=81 running=1 pending=0 launched=82 failed=0 gaveup=0 forkfail=0 free_kb=6537296 sims_boxwide=11 last_event_age=0s last_event_epoch=1790531040
[19:45:36] .. alive runid=20260927-184626-1480 event_age=96s | wave=flip2 total=82 valid=81 running=1 pending=0 launched=82 failed=0 gaveup=0 forkfail=0 free_kb=6537296 sims_boxwide=11 last_event_age=0s last_event_epoch=1790531040
[19:46:37] .. alive runid=20260927-184626-1480 event_age=156s | wave=flip2 total=82 valid=81 running=1 pending=0 launched=82 failed=0 gaveup=0 forkfail=0 free_kb=6537296 sims_boxwide=11 last_event_age=0s last_event_epoch=1790531040
[19:46:43] DONE clF2J_east_half_404 rc=0 879s clF2J east/half seed=404 rescued=4 dead=0 unreachable=0 never_detected=0 ff_deaths=1 terminal=291 completions=4 recycles=4 removals=4 returns=4 wall=878s [valid 82/82] src=1747b268fa86 ext=f7c65830a92d head=dd2bcd0fa590f68dadf3696d3ff12db4b0336e84
[19:46:43] MAIN LOOP LEFT pending=0 running=0
[19:46:45] FINAL SUMMARY total=82 valid=82 invalid=0 missing=0
[19:46:46] FINAL wave=flip2 SUMMARY total=82 valid=82 invalid=0 missing=0 live_this_wave=0 sims_boxwide=0
[19:46:46] ALL_DCD4RB_COMPLETE wave=flip2 runid=20260927-184626-1480 valid=82/82 launched=82 failed=0 forkfail=0 src=1747b268fa86 ext=f7c65830a92d head=dd2bcd0fa590f68dadf3696d3ff12db4b0336e84
[19:47:37] HEARTBEAT EXIT wave=flip2 runid=20260927-184626-1480 (sentinel)
