POOL START 2026-09-09 09:38:52 queue=outputs/_dc_refactor_queue.txt maxpar=8 minfree_kb=2500000 free_kb_now=15848220
LAUNCH dcAref_east_half_101 running=1 free_kb=15851520 09:38:53
LAUNCH dcAref_east_half_202 running=2 free_kb=14830680 09:39:19
LAUNCH dcAref_east_half_303 running=3 free_kb=13789768 09:39:45
LAUNCH dcAref_east_half_404 running=4 free_kb=12992504 09:40:10
LAUNCH dcAref_east_half_505 running=5 free_kb=12201448 09:40:36
LAUNCH dcAref_south_half_101 running=6 free_kb=11347080 09:41:01
LAUNCH dcAref_south_half_202 running=7 free_kb=10506060 09:41:27
LAUNCH dcAref_south_half_303 running=8 free_kb=9550832 09:41:52
POOL START 2026-09-09 09:55:12 queue=outputs/_dc_refactor_queue.txt maxpar=8 minfree_kb=2500000 free_kb_now=15548016
SKIP dcAref_east_half_101 (exists)
SKIP dcAref_east_half_202 (exists)
SKIP dcAref_east_half_303 (exists)
SKIP dcAref_east_half_404 (exists)
SKIP dcAref_east_half_505 (exists)
SKIP dcAref_south_half_101 (exists)
SKIP dcAref_south_half_202 (exists)
SKIP dcAref_south_half_303 (exists)
LAUNCH dcAref_south_half_404 running=1 free_kb=15551364 09:55:13
LAUNCH dcAref_south_half_505 running=2 free_kb=14706104 09:55:38
LAUNCH dcAref_east_def_101 running=3 free_kb=13728032 09:56:04
LAUNCH dcAref_east_def_202 running=4 free_kb=13043248 09:56:29
LAUNCH dcAref_east_def_303 running=5 free_kb=12009796 09:56:55
DONE dcAref_south_half_505 rc=0 size=482665 237s dcAref south/half seed=505 rescued=3 dead=1 unreachable=0 never_detected=0 ff_deaths=0 terminal=96 completions=3 recycles=3 removals=3 returns=3 wall=235s
DONE dcAref_east_def_101 rc=0 size=524395 246s dcAref east/default seed=101 rescued=3 dead=0 unreachable=1 never_detected=1 ff_deaths=0 terminal=215 completions=3 recycles=3 removals=3 returns=3 wall=245s
DONE dcAref_south_half_404 rc=0 size=570946 305s dcAref south/half seed=404 rescued=3 dead=1 unreachable=0 never_detected=0 ff_deaths=1 terminal=187 completions=3 recycles=3 removals=3 returns=3 wall=304s
DONE dcAref_east_def_202 rc=0 size=463813 234s dcAref east/default seed=202 rescued=3 dead=1 unreachable=0 never_detected=0 ff_deaths=0 terminal=181 completions=3 recycles=3 removals=3 returns=3 wall=233s
DONE dcAref_east_def_303 rc=0 size=540732 256s dcAref east/default seed=303 rescued=3 dead=1 unreachable=0 never_detected=0 ff_deaths=0 terminal=130 completions=3 recycles=3 removals=3 returns=3 wall=255s
ALL_DIM_POOL_COMPLETE launched=5 skipped=8 2026-09-09 10:01:11
