START dcinert 10:01:12
DONE dcinert rc=0 10:44:59
DC_RBGATE_verify_COMPLETE 2026-09-09 10:44:59
START rb dcrbBa east 10:44:59
START rb dcrbAa east 10:44:59
START rb dcrbAb east 10:44:59
START rb dcrbBb east 10:44:59
START rb dcrbBc east 10:44:59
START rb dcrbAc east 10:44:59
START rb dcrbAs south 10:44:59
START rb dcrbBs south 10:44:59
OK   rb dcrbBs 11:08:13
OK   rb dcrbAs 11:08:17
OK   rb dcrbAc 11:35:33
OK   rb dcrbBc 11:36:12
OK   rb dcrbBb 11:41:21
OK   rb dcrbAb 11:42:45
OK   rb dcrbBa 11:59:17
RBGATE DONE 11:59:17
DC_RBGATE_B_COMPLETE 2026-09-09 11:59:17
OK   rb dcrbAa 12:01:07
RBGATE DONE 12:01:07
DC_RBGATE_A_COMPLETE 2026-09-09 12:01:07
