POOL START 2026-09-08 22:34:50 queue=outputs/_dc_queue.txt maxpar=10 minfree_kb=2500000 free_kb_now=5203128
SKIP dcref_east_half_101 (exists)
LAUNCH dcref_east_half_202 running=1 free_kb=5221612 22:34:51
LAUNCH dcref_east_half_303 running=2 free_kb=4346448 22:35:17
LAUNCH dcref_east_half_404 running=3 free_kb=3452756 22:35:43
LAUNCH dcref_east_half_505 running=4 free_kb=2576100 22:36:09
DONE dcref_east_half_404 rc=0 size=538202 514s dcref east/half seed=404 rescued=2 dead=2 unreachable=0 never_detected=0 ff_deaths=1 terminal=162 completions=2 recycles=2 removals=2 returns=2 wall=513s
LAUNCH dcref_south_half_101 running=4 free_kb=2905032 22:44:25
DONE dcref_east_half_505 rc=0 size=497363 530s dcref east/half seed=505 rescued=2 dead=1 unreachable=0 never_detected=0 ff_deaths=0 terminal=None completions=2 recycles=2 removals=2 returns=2 wall=528s
LAUNCH dcref_south_half_202 running=4 free_kb=2922852 22:45:06
DONE dcref_east_half_202 rc=0 size=479888 646s dcref east/half seed=202 rescued=2 dead=1 unreachable=1 never_detected=0 ff_deaths=1 terminal=237 completions=2 recycles=2 removals=2 returns=2 wall=644s
LAUNCH dcref_south_half_303 running=4 free_kb=2955436 22:45:48
DONE dcref_east_half_303 rc=0 size=547183 650s dcref east/half seed=303 rescued=3 dead=1 unreachable=0 never_detected=0 ff_deaths=0 terminal=240 completions=3 recycles=2 removals=3 returns=2 wall=648s
LAUNCH dcref_south_half_404 running=4 free_kb=2992320 22:46:14
DONE dcref_south_half_202 rc=0 size=494094 243s dcref south/half seed=202 rescued=4 dead=0 unreachable=0 never_detected=0 ff_deaths=0 terminal=193 completions=4 recycles=4 removals=4 returns=4 wall=241s
LAUNCH dcref_south_half_505 running=4 free_kb=2988040 22:49:16
DONE dcref_south_half_101 rc=0 size=564283 338s dcref south/half seed=101 rescued=3 dead=0 unreachable=0 never_detected=0 ff_deaths=1 terminal=None completions=3 recycles=3 removals=3 returns=3 wall=337s
DONE dcref_south_half_303 rc=0 size=494177 263s dcref south/half seed=303 rescued=3 dead=1 unreachable=0 never_detected=0 ff_deaths=1 terminal=216 completions=3 recycles=3 removals=3 returns=3 wall=262s
LAUNCH dcref_east_def_101 running=3 free_kb=3908104 22:50:13
LAUNCH dcref_east_def_202 running=4 free_kb=3007156 22:50:38
DONE dcref_south_half_404 rc=0 size=532154 291s dcref south/half seed=404 rescued=4 dead=0 unreachable=0 never_detected=0 ff_deaths=0 terminal=141 completions=4 recycles=4 removals=4 returns=4 wall=290s
LAUNCH dcref_east_def_303 running=4 free_kb=3039096 22:51:19
SKIP dcoff_east_half_101 (exists)
DONE dcref_south_half_505 rc=0 size=478443 264s dcref south/half seed=505 rescued=3 dead=1 unreachable=0 never_detected=0 ff_deaths=0 terminal=108 completions=3 recycles=3 removals=3 returns=3 wall=263s
LAUNCH dcoff_east_half_202 running=4 free_kb=3032964 22:53:50
DONE dcref_east_def_202 rc=0 size=460154 208s dcref east/default seed=202 rescued=3 dead=1 unreachable=0 never_detected=0 ff_deaths=1 terminal=162 completions=3 recycles=3 removals=3 returns=3 wall=206s
DONE dcref_east_def_101 rc=0 size=488631 237s dcref east/default seed=101 rescued=1 dead=2 unreachable=1 never_detected=0 ff_deaths=2 terminal=112 completions=1 recycles=1 removals=1 returns=1 wall=236s
LAUNCH dcoff_east_half_303 running=3 free_kb=3940636 22:54:16
LAUNCH dcoff_east_half_404 running=4 free_kb=3057724 22:54:41
DONE dcref_east_def_303 rc=0 size=534363 264s dcref east/default seed=303 rescued=3 dead=1 unreachable=0 never_detected=0 ff_deaths=0 terminal=125 completions=3 recycles=3 removals=3 returns=3 wall=262s
LAUNCH dcoff_east_half_505 running=4 free_kb=3058132 22:55:54
DONE dcoff_east_half_404 rc=0 size=538140 495s dcoff east/half seed=404 rescued=2 dead=2 unreachable=0 never_detected=0 ff_deaths=1 terminal=162 completions=2 recycles=2 removals=2 returns=2 wall=493s
LAUNCH dcoff_south_half_101 running=4 free_kb=3008868 23:03:05
DONE dcoff_east_half_202 rc=0 size=479826 610s dcoff east/half seed=202 rescued=2 dead=1 unreachable=1 never_detected=0 ff_deaths=1 terminal=237 completions=2 recycles=2 removals=2 returns=2 wall=608s
LAUNCH dcoff_south_half_202 running=4 free_kb=2990976 23:04:02
DONE dcoff_east_half_303 rc=0 size=547121 623s dcoff east/half seed=303 rescued=3 dead=1 unreachable=0 never_detected=0 ff_deaths=0 terminal=240 completions=3 recycles=2 removals=3 returns=2 wall=622s
LAUNCH dcoff_south_half_303 running=4 free_kb=3000536 23:04:43
DONE dcoff_east_half_505 rc=0 size=497301 542s dcoff east/half seed=505 rescued=2 dead=1 unreachable=0 never_detected=0 ff_deaths=0 terminal=None completions=2 recycles=2 removals=2 returns=2 wall=541s
LAUNCH dcoff_south_half_404 running=4 free_kb=2968888 23:05:09
DONE dcoff_south_half_202 rc=0 size=494032 235s dcoff south/half seed=202 rescued=4 dead=0 unreachable=0 never_detected=0 ff_deaths=0 terminal=193 completions=4 recycles=4 removals=4 returns=4 wall=233s
LAUNCH dcoff_south_half_505 running=4 free_kb=3031928 23:08:11
DONE dcoff_south_half_101 rc=0 size=564221 327s dcoff south/half seed=101 rescued=3 dead=0 unreachable=0 never_detected=0 ff_deaths=1 terminal=None completions=3 recycles=3 removals=3 returns=3 wall=325s
LAUNCH dcoff_east_def_101 running=4 free_kb=3029752 23:08:37
DONE dcoff_south_half_303 rc=0 size=494115 270s dcoff south/half seed=303 rescued=3 dead=1 unreachable=0 never_detected=0 ff_deaths=1 terminal=216 completions=3 recycles=3 removals=3 returns=3 wall=268s
LAUNCH dcoff_east_def_202 running=4 free_kb=3017484 23:09:18
DONE dcoff_south_half_404 rc=0 size=532092 291s dcoff south/half seed=404 rescued=4 dead=0 unreachable=0 never_detected=0 ff_deaths=0 terminal=141 completions=4 recycles=4 removals=4 returns=4 wall=289s
LAUNCH dcoff_east_def_303 running=4 free_kb=3028816 23:10:15
DONE dcoff_east_def_101 rc=0 size=488569 234s dcoff east/default seed=101 rescued=1 dead=2 unreachable=1 never_detected=0 ff_deaths=2 terminal=112 completions=1 recycles=1 removals=1 returns=1 wall=233s
DONE dcoff_south_half_505 rc=0 size=478381 262s dcoff south/half seed=505 rescued=3 dead=1 unreachable=0 never_detected=0 ff_deaths=0 terminal=108 completions=3 recycles=3 removals=3 returns=3 wall=261s
LAUNCH dcoff_east_half_606 running=3 free_kb=3898364 23:12:45
DONE dcoff_east_def_202 rc=0 size=460092 208s dcoff east/default seed=202 rescued=3 dead=1 unreachable=0 never_detected=0 ff_deaths=1 terminal=162 completions=3 recycles=3 removals=3 returns=3 wall=207s
LAUNCH dcoff_east_half_707 running=3 free_kb=3919356 23:13:11
LAUNCH dcoff_east_half_808 running=4 free_kb=3057508 23:13:36
DONE dcoff_east_def_303 rc=0 size=534301 264s dcoff east/default seed=303 rescued=3 dead=1 unreachable=0 never_detected=0 ff_deaths=0 terminal=125 completions=3 recycles=3 removals=3 returns=3 wall=263s
LAUNCH dcoff_east_half_909 running=4 free_kb=3037400 23:14:49
DONE dcoff_east_half_707 rc=0 size=382226 141s dcoff east/half seed=707 rescued=4 dead=0 unreachable=0 never_detected=0 ff_deaths=0 terminal=186 completions=4 recycles=4 removals=4 returns=4 wall=140s
LAUNCH dcoff_east_half_1010 running=4 free_kb=3005936 23:15:46
DONE dcoff_east_half_808 rc=0 size=486671 479s dcoff east/half seed=808 rescued=3 dead=1 unreachable=0 never_detected=0 ff_deaths=0 terminal=173 completions=3 recycles=3 removals=3 returns=3 wall=477s
LAUNCH dcoff_south_half_606 running=4 free_kb=2991736 23:21:39
DONE dcoff_east_half_606 rc=0 size=487308 563s dcoff east/half seed=606 rescued=3 dead=1 unreachable=0 never_detected=0 ff_deaths=1 terminal=212 completions=3 recycles=3 removals=3 returns=3 wall=562s
LAUNCH dcoff_south_half_707 running=4 free_kb=3022916 23:22:20
DONE dcoff_east_half_909 rc=0 size=507799 494s dcoff east/half seed=909 rescued=3 dead=0 unreachable=1 never_detected=0 ff_deaths=2 terminal=190 completions=3 recycles=3 removals=3 returns=3 wall=492s
LAUNCH dcoff_south_half_808 running=4 free_kb=3035532 23:23:17
DONE dcoff_east_half_1010 rc=0 size=529818 572s dcoff east/half seed=1010 rescued=1 dead=2 unreachable=0 never_detected=0 ff_deaths=1 terminal=None completions=1 recycles=1 removals=1 returns=1 wall=571s
LAUNCH dcoff_south_half_909 running=4 free_kb=3010216 23:25:32
DONE dcoff_south_half_606 rc=0 size=539678 284s dcoff south/half seed=606 rescued=2 dead=0 unreachable=1 never_detected=1 ff_deaths=0 terminal=None completions=2 recycles=2 removals=2 returns=2 wall=283s
LAUNCH dcoff_south_half_1010 running=4 free_kb=3016304 23:26:29
DONE dcoff_south_half_707 rc=0 size=450859 301s dcoff south/half seed=707 rescued=4 dead=0 unreachable=0 never_detected=0 ff_deaths=0 terminal=163 completions=4 recycles=4 removals=4 returns=4 wall=299s
LAUNCH dcA_east_half_101 running=4 free_kb=3033720 23:27:26
DONE dcoff_south_half_808 rc=0 size=482326 308s dcoff south/half seed=808 rescued=4 dead=0 unreachable=0 never_detected=0 ff_deaths=1 terminal=115 completions=4 recycles=4 removals=4 returns=4 wall=306s
LAUNCH dcA_east_half_202 running=4 free_kb=3041212 23:28:38
DONE dcoff_south_half_909 rc=0 size=531995 267s dcoff south/half seed=909 rescued=3 dead=0 unreachable=0 never_detected=0 ff_deaths=1 terminal=None completions=3 recycles=3 removals=3 returns=3 wall=266s
LAUNCH dcA_east_half_303 running=4 free_kb=2921852 23:30:06
DONE dcoff_south_half_1010 rc=0 size=505198 311s dcoff south/half seed=1010 rescued=2 dead=0 unreachable=0 never_detected=0 ff_deaths=1 terminal=None completions=2 recycles=2 removals=2 returns=2 wall=310s
LAUNCH dcA_east_half_404 running=4 free_kb=2979680 23:31:50
DONE dcA_east_half_303 rc=0 size=543955 506s dcA east/half seed=303 rescued=3 dead=1 unreachable=0 never_detected=0 ff_deaths=0 terminal=130 completions=3 recycles=3 removals=3 returns=3 wall=505s
LAUNCH dcA_east_half_505 running=4 free_kb=2952404 23:38:46
DONE dcA_east_half_202 rc=0 size=466683 645s dcA east/half seed=202 rescued=3 dead=1 unreachable=0 never_detected=0 ff_deaths=0 terminal=177 completions=3 recycles=3 removals=3 returns=3 wall=643s
LAUNCH dcA_south_half_101 running=4 free_kb=3007120 23:39:27
DONE dcA_east_half_101 rc=0 size=530868 765s dcA east/half seed=101 rescued=2 dead=0 unreachable=2 never_detected=2 ff_deaths=0 terminal=210 completions=2 recycles=2 removals=2 returns=2 wall=763s
LAUNCH dcA_south_half_202 running=4 free_kb=2997068 23:40:24
DONE dcA_east_half_404 rc=0 size=549303 772s dcA east/half seed=404 rescued=2 dead=2 unreachable=0 never_detected=0 ff_deaths=1 terminal=210 completions=2 recycles=2 removals=2 returns=2 wall=770s
LAUNCH dcA_south_half_303 running=4 free_kb=2899704 23:44:44
DONE dcA_south_half_101 rc=0 size=573689 317s dcA south/half seed=101 rescued=3 dead=1 unreachable=0 never_detected=0 ff_deaths=0 terminal=164 completions=3 recycles=3 removals=3 returns=3 wall=316s
DONE dcA_south_half_202 rc=0 size=506167 267s dcA south/half seed=202 rescued=3 dead=0 unreachable=1 never_detected=1 ff_deaths=0 terminal=210 completions=3 recycles=3 removals=3 returns=3 wall=266s
LAUNCH dcA_south_half_404 running=3 free_kb=3902100 23:45:09
LAUNCH dcA_south_half_505 running=4 free_kb=3022080 23:45:35
DONE dcA_east_half_505 rc=0 size=493559 572s dcA east/half seed=505 rescued=3 dead=1 unreachable=0 never_detected=0 ff_deaths=0 terminal=168 completions=3 recycles=3 removals=3 returns=3 wall=571s
LAUNCH dcA_east_def_101 running=4 free_kb=3018500 23:48:21
DONE dcA_south_half_303 rc=0 size=481355 236s dcA south/half seed=303 rescued=4 dead=0 unreachable=0 never_detected=0 ff_deaths=2 terminal=137 completions=4 recycles=4 removals=4 returns=4 wall=235s
LAUNCH dcA_east_def_202 running=4 free_kb=3010752 23:48:47
DONE dcA_south_half_505 rc=0 size=482861 218s dcA south/half seed=505 rescued=3 dead=1 unreachable=0 never_detected=0 ff_deaths=0 terminal=96 completions=3 recycles=3 removals=3 returns=3 wall=217s
LAUNCH dcA_east_def_303 running=4 free_kb=3027912 23:49:28
DONE dcA_south_half_404 rc=0 size=571142 293s dcA south/half seed=404 rescued=3 dead=1 unreachable=0 never_detected=0 ff_deaths=1 terminal=187 completions=3 recycles=3 removals=3 returns=3 wall=291s
LAUNCH dcA_east_half_606 running=4 free_kb=3004804 23:50:09
DONE dcA_east_def_101 rc=0 size=524591 238s dcA east/default seed=101 rescued=3 dead=0 unreachable=1 never_detected=1 ff_deaths=0 terminal=215 completions=3 recycles=3 removals=3 returns=3 wall=237s
LAUNCH dcA_east_half_707 running=4 free_kb=2998508 23:52:24
DONE dcA_east_def_202 rc=0 size=464009 232s dcA east/default seed=202 rescued=3 dead=1 unreachable=0 never_detected=0 ff_deaths=0 terminal=181 completions=3 recycles=3 removals=3 returns=3 wall=231s
LAUNCH dcA_east_half_808 running=4 free_kb=3053928 23:52:50
DONE dcA_east_def_303 rc=0 size=540928 260s dcA east/default seed=303 rescued=3 dead=1 unreachable=0 never_detected=0 ff_deaths=0 terminal=130 completions=3 recycles=3 removals=3 returns=3 wall=259s
LAUNCH dcA_east_half_909 running=4 free_kb=3016080 23:54:02
DONE dcA_east_half_707 rc=0 size=383556 156s dcA east/half seed=707 rescued=2 dead=0 unreachable=2 never_detected=2 ff_deaths=0 terminal=210 completions=2 recycles=2 removals=2 returns=2 wall=155s
LAUNCH dcA_east_half_1010 running=4 free_kb=3062580 23:55:15
DONE dcA_east_half_808 rc=0 size=499431 689s dcA east/half seed=808 rescued=2 dead=2 unreachable=0 never_detected=0 ff_deaths=0 terminal=222 completions=2 recycles=2 removals=2 returns=2 wall=688s
DONE dcA_east_half_606 rc=0 size=518685 852s dcA east/half seed=606 rescued=2 dead=0 unreachable=1 never_detected=1 ff_deaths=0 terminal=None completions=2 recycles=2 removals=2 returns=2 wall=850s
DONE dcA_east_half_1010 rc=0 size=513095 551s dcA east/half seed=1010 rescued=3 dead=1 unreachable=0 never_detected=0 ff_deaths=0 terminal=152 completions=3 recycles=3 removals=3 returns=3 wall=550s
LAUNCH dcA_south_half_606 running=2 free_kb=4781264 00:04:31
LAUNCH dcA_south_half_707 running=3 free_kb=3814264 00:04:57
LAUNCH dcA_south_half_808 running=4 free_kb=2955152 00:05:22
DONE dcA_east_half_909 rc=0 size=525789 793s dcA east/half seed=909 rescued=2 dead=1 unreachable=1 never_detected=1 ff_deaths=0 terminal=210 completions=2 recycles=2 removals=2 returns=2 wall=791s
LAUNCH dcA_south_half_909 running=4 free_kb=3036200 00:07:22
DONE dcA_south_half_707 rc=0 size=457497 212s dcA south/half seed=707 rescued=4 dead=0 unreachable=0 never_detected=0 ff_deaths=0 terminal=136 completions=4 recycles=4 removals=4 returns=4 wall=211s
LAUNCH dcA_south_half_1010 running=4 free_kb=3024280 00:08:34
DONE dcA_south_half_606 rc=0 size=568346 288s dcA south/half seed=606 rescued=3 dead=1 unreachable=0 never_detected=0 ff_deaths=0 terminal=185 completions=3 recycles=3 removals=3 returns=3 wall=286s
LAUNCH dcB_east_half_101 running=4 free_kb=3021568 00:09:31
DONE dcA_south_half_808 rc=0 size=500354 376s dcA south/half seed=808 rescued=3 dead=1 unreachable=0 never_detected=0 ff_deaths=0 terminal=144 completions=3 recycles=3 removals=3 returns=3 wall=374s
LAUNCH dcB_east_half_202 running=4 free_kb=3009528 00:11:46
DONE dcA_south_half_909 rc=0 size=545459 350s dcA south/half seed=909 rescued=4 dead=0 unreachable=0 never_detected=0 ff_deaths=0 terminal=234 completions=4 recycles=4 removals=4 returns=4 wall=349s
LAUNCH dcB_east_half_303 running=4 free_kb=2953604 00:13:14
DONE dcA_south_half_1010 rc=0 size=545017 371s dcA south/half seed=1010 rescued=4 dead=0 unreachable=0 never_detected=0 ff_deaths=1 terminal=166 completions=4 recycles=4 removals=4 returns=4 wall=370s
LAUNCH dcB_east_half_404 running=4 free_kb=3018696 00:14:58
DONE dcB_east_half_303 rc=0 size=543429 496s dcB east/half seed=303 rescued=3 dead=1 unreachable=0 never_detected=0 ff_deaths=0 terminal=130 completions=3 recycles=3 removals=3 returns=3 wall=494s
LAUNCH dcB_east_half_505 running=4 free_kb=2991396 00:21:38
DONE dcB_east_half_101 rc=0 size=529577 737s dcB east/half seed=101 rescued=2 dead=0 unreachable=2 never_detected=2 ff_deaths=0 terminal=210 completions=2 recycles=2 removals=2 returns=2 wall=735s
LAUNCH dcB_south_half_101 running=4 free_kb=3005164 00:22:04
DONE dcB_east_half_202 rc=0 size=466418 694s dcB east/half seed=202 rescued=3 dead=1 unreachable=0 never_detected=0 ff_deaths=0 terminal=177 completions=3 recycles=3 removals=3 returns=3 wall=692s
LAUNCH dcB_south_half_202 running=4 free_kb=3014104 00:23:32
=== WAVE RESUMED 2026-09-09 08:49:38 ===
POOL START 2026-09-09 08:49:38 queue=outputs/_dc_queue.txt maxpar=10 minfree_kb=2500000 free_kb_now=13938968
SKIP dcref_east_half_101 (exists)
SKIP dcref_east_half_202 (exists)
SKIP dcref_east_half_303 (exists)
SKIP dcref_east_half_404 (exists)
SKIP dcref_east_half_505 (exists)
SKIP dcref_south_half_101 (exists)
SKIP dcref_south_half_202 (exists)
SKIP dcref_south_half_303 (exists)
SKIP dcref_south_half_404 (exists)
SKIP dcref_south_half_505 (exists)
SKIP dcref_east_def_101 (exists)
SKIP dcref_east_def_202 (exists)
SKIP dcref_east_def_303 (exists)
SKIP dcoff_east_half_101 (exists)
SKIP dcoff_east_half_202 (exists)
SKIP dcoff_east_half_303 (exists)
SKIP dcoff_east_half_404 (exists)
SKIP dcoff_east_half_505 (exists)
SKIP dcoff_south_half_101 (exists)
SKIP dcoff_south_half_202 (exists)
SKIP dcoff_south_half_303 (exists)
SKIP dcoff_south_half_404 (exists)
SKIP dcoff_south_half_505 (exists)
SKIP dcoff_east_def_101 (exists)
SKIP dcoff_east_def_202 (exists)
SKIP dcoff_east_def_303 (exists)
SKIP dcoff_east_half_606 (exists)
SKIP dcoff_east_half_707 (exists)
SKIP dcoff_east_half_808 (exists)
SKIP dcoff_east_half_909 (exists)
SKIP dcoff_east_half_1010 (exists)
SKIP dcoff_south_half_606 (exists)
SKIP dcoff_south_half_707 (exists)
SKIP dcoff_south_half_808 (exists)
SKIP dcoff_south_half_909 (exists)
SKIP dcoff_south_half_1010 (exists)
SKIP dcA_east_half_101 (exists)
SKIP dcA_east_half_202 (exists)
SKIP dcA_east_half_303 (exists)
SKIP dcA_east_half_404 (exists)
SKIP dcA_east_half_505 (exists)
SKIP dcA_south_half_101 (exists)
SKIP dcA_south_half_202 (exists)
SKIP dcA_south_half_303 (exists)
SKIP dcA_south_half_404 (exists)
SKIP dcA_south_half_505 (exists)
SKIP dcA_east_def_101 (exists)
SKIP dcA_east_def_202 (exists)
SKIP dcA_east_def_303 (exists)
SKIP dcA_east_half_606 (exists)
SKIP dcA_east_half_707 (exists)
SKIP dcA_east_half_808 (exists)
SKIP dcA_east_half_909 (exists)
SKIP dcA_east_half_1010 (exists)
SKIP dcA_south_half_606 (exists)
SKIP dcA_south_half_707 (exists)
SKIP dcA_south_half_808 (exists)
SKIP dcA_south_half_909 (exists)
SKIP dcA_south_half_1010 (exists)
SKIP dcB_east_half_101 (exists)
SKIP dcB_east_half_202 (exists)
SKIP dcB_east_half_303 (exists)
LAUNCH dcB_east_half_404 running=1 free_kb=13668164 08:49:39
LAUNCH dcB_east_half_505 running=2 free_kb=13026660 08:50:05
LAUNCH dcB_south_half_101 running=3 free_kb=12190452 08:50:30
LAUNCH dcB_south_half_202 running=4 free_kb=11341076 08:50:56
LAUNCH dcB_south_half_303 running=5 free_kb=10443060 08:51:21
LAUNCH dcB_south_half_404 running=6 free_kb=9630824 08:51:47
LAUNCH dcB_south_half_505 running=7 free_kb=8782428 08:52:13
LAUNCH dcB_east_def_101 running=8 free_kb=7946044 08:52:38
LAUNCH dcB_east_def_202 running=9 free_kb=7161264 08:53:04
LAUNCH dcB_east_def_303 running=10 free_kb=6004300 08:53:30
DONE dcB_south_half_303 rc=0 size=480896 257s dcB south/half seed=303 rescued=4 dead=0 unreachable=0 never_detected=0 ff_deaths=2 terminal=137 completions=4 recycles=4 removals=4 returns=4 wall=255s
LAUNCH dcB_east_half_606 running=10 free_kb=5905364 08:55:44
DONE dcB_south_half_202 rc=0 size=506325 292s dcB south/half seed=202 rescued=3 dead=0 unreachable=1 never_detected=1 ff_deaths=0 terminal=210 completions=3 recycles=3 removals=3 returns=3 wall=290s
DONE dcB_south_half_101 rc=0 size=572533 323s dcB south/half seed=101 rescued=3 dead=1 unreachable=0 never_detected=0 ff_deaths=0 terminal=164 completions=3 recycles=3 removals=3 returns=3 wall=321s
LAUNCH dcB_east_half_707 running=9 free_kb=6934632 08:56:10
DONE dcB_south_half_505 rc=0 size=482683 245s dcB south/half seed=505 rescued=3 dead=1 unreachable=0 never_detected=0 ff_deaths=0 terminal=96 completions=3 recycles=3 removals=3 returns=3 wall=244s
LAUNCH dcB_east_half_808 running=9 free_kb=6839016 08:56:36
DONE dcB_east_def_101 rc=0 size=523735 262s dcB east/default seed=101 rescued=3 dead=0 unreachable=1 never_detected=1 ff_deaths=0 terminal=215 completions=3 recycles=3 removals=3 returns=3 wall=260s
LAUNCH dcB_east_half_909 running=9 free_kb=6878656 08:57:01
DONE dcB_south_half_404 rc=0 size=572289 320s dcB south/half seed=404 rescued=3 dead=1 unreachable=0 never_detected=0 ff_deaths=1 terminal=187 completions=3 recycles=3 removals=3 returns=3 wall=318s
DONE dcB_east_def_202 rc=0 size=464032 263s dcB east/default seed=202 rescued=3 dead=1 unreachable=0 never_detected=0 ff_deaths=0 terminal=181 completions=3 recycles=3 removals=3 returns=3 wall=261s
LAUNCH dcB_east_half_1010 running=9 free_kb=7834436 08:57:27
LAUNCH dcB_south_half_606 running=9 free_kb=6982348 08:57:53
DONE dcB_east_def_303 rc=0 size=541305 273s dcB east/default seed=303 rescued=3 dead=1 unreachable=0 never_detected=0 ff_deaths=0 terminal=130 completions=3 recycles=3 removals=3 returns=3 wall=271s
LAUNCH dcB_south_half_707 running=9 free_kb=6794520 08:58:18
LAUNCH dcB_south_half_808 running=10 free_kb=5927004 08:58:44
DONE dcB_east_half_707 rc=0 size=383727 168s dcB east/half seed=707 rescued=2 dead=0 unreachable=2 never_detected=2 ff_deaths=0 terminal=210 completions=2 recycles=2 removals=2 returns=2 wall=166s
LAUNCH dcB_south_half_909 running=10 free_kb=5925272 08:59:10
DONE dcB_east_half_505 rc=0 size=492463 590s dcB east/half seed=505 rescued=3 dead=1 unreachable=0 never_detected=0 ff_deaths=0 terminal=168 completions=3 recycles=3 removals=3 returns=3 wall=589s
LAUNCH dcB_south_half_1010 running=10 free_kb=5506276 09:00:07
SKIP dcC_east_half_101 (exists)
DONE dcB_south_half_707 rc=0 size=457477 232s dcB south/half seed=707 rescued=4 dead=0 unreachable=0 never_detected=0 ff_deaths=0 terminal=136 completions=4 recycles=4 removals=4 returns=4 wall=230s
LAUNCH dcC_east_half_202 running=10 free_kb=7155816 09:02:22
DONE dcB_east_half_404 rc=0 size=549574 772s dcB east/half seed=404 rescued=2 dead=2 unreachable=0 never_detected=0 ff_deaths=1 terminal=210 completions=2 recycles=2 removals=2 returns=2 wall=770s
LAUNCH dcC_east_half_303 running=10 free_kb=7156308 09:02:47
DONE dcB_south_half_606 rc=0 size=568681 317s dcB south/half seed=606 rescued=3 dead=1 unreachable=0 never_detected=0 ff_deaths=0 terminal=185 completions=3 recycles=3 removals=3 returns=3 wall=316s
LAUNCH dcC_east_half_404 running=10 free_kb=7697012 09:03:13
DONE dcB_south_half_808 rc=0 size=500041 415s dcB south/half seed=808 rescued=3 dead=1 unreachable=0 never_detected=0 ff_deaths=0 terminal=144 completions=3 recycles=3 removals=3 returns=3 wall=414s
LAUNCH dcC_east_half_505 running=10 free_kb=7549700 09:05:44
DONE dcB_south_half_909 rc=0 size=546630 439s dcB south/half seed=909 rescued=4 dead=0 unreachable=0 never_detected=0 ff_deaths=0 terminal=234 completions=4 recycles=4 removals=4 returns=4 wall=437s
LAUNCH dcC_south_half_101 running=10 free_kb=7624140 09:06:41
DONE dcB_south_half_1010 rc=0 size=544288 406s dcB south/half seed=1010 rescued=4 dead=0 unreachable=0 never_detected=0 ff_deaths=1 terminal=166 completions=4 recycles=4 removals=4 returns=4 wall=404s
LAUNCH dcC_south_half_202 running=10 free_kb=7878540 09:07:06
DONE dcB_east_half_1010 rc=0 size=512318 613s dcB east/half seed=1010 rescued=3 dead=1 unreachable=0 never_detected=0 ff_deaths=0 terminal=152 completions=3 recycles=3 removals=3 returns=3 wall=612s
LAUNCH dcC_south_half_303 running=10 free_kb=7727132 09:07:48
DONE dcB_east_half_808 rc=0 size=499101 768s dcB east/half seed=808 rescued=2 dead=2 unreachable=0 never_detected=0 ff_deaths=0 terminal=222 completions=2 recycles=2 removals=2 returns=2 wall=767s
LAUNCH dcC_south_half_404 running=10 free_kb=7950588 09:09:31
DONE dcB_east_half_909 rc=0 size=524609 838s dcB east/half seed=909 rescued=2 dead=1 unreachable=1 never_detected=1 ff_deaths=0 terminal=210 completions=2 recycles=2 removals=2 returns=2 wall=836s
DONE dcC_east_half_404 rc=0 size=532795 470s dcC east/half seed=404 rescued=3 dead=1 unreachable=0 never_detected=0 ff_deaths=1 terminal=102 completions=3 recycles=3 removals=3 returns=3 wall=468s
LAUNCH dcC_south_half_505 running=9 free_kb=8986000 09:11:15
DONE dcC_south_half_202 rc=0 size=508507 271s dcC south/half seed=202 rescued=3 dead=1 unreachable=0 never_detected=0 ff_deaths=0 terminal=201 completions=3 recycles=3 removals=3 returns=3 wall=270s
LAUNCH dcC_east_def_101 running=9 free_kb=8591248 09:11:40
DONE dcB_east_half_606 rc=0 size=518246 965s dcB east/half seed=606 rescued=2 dead=0 unreachable=1 never_detected=1 ff_deaths=0 terminal=None completions=2 recycles=2 removals=2 returns=2 wall=963s
DONE dcC_south_half_303 rc=0 size=495270 250s dcC south/half seed=303 rescued=3 dead=1 unreachable=0 never_detected=0 ff_deaths=0 terminal=216 completions=3 recycles=3 removals=3 returns=3 wall=249s
LAUNCH dcC_east_def_202 running=8 free_kb=9642072 09:12:06
LAUNCH dcC_east_def_303 running=9 free_kb=8462608 09:12:32
DONE dcC_east_half_303 rc=0 size=541134 599s dcC east/half seed=303 rescued=2 dead=1 unreachable=1 never_detected=1 ff_deaths=1 terminal=210 completions=2 recycles=2 removals=2 returns=2 wall=597s
LAUNCH dcC_east_half_606 running=9 free_kb=8938092 09:12:57
LAUNCH dcC_east_half_707 running=10 free_kb=7932752 09:13:23
DONE dcC_south_half_101 rc=0 size=611317 413s dcC south/half seed=101 rescued=2 dead=0 unreachable=0 never_detected=0 ff_deaths=1 terminal=None completions=2 recycles=2 removals=2 returns=2 wall=412s
LAUNCH dcC_east_half_808 running=10 free_kb=8094484 09:13:49
DONE dcC_east_half_202 rc=0 size=481456 687s dcC east/half seed=202 rescued=2 dead=1 unreachable=0 never_detected=0 ff_deaths=0 terminal=None completions=2 recycles=2 removals=2 returns=2 wall=684s
LAUNCH dcC_east_half_909 running=10 free_kb=7843188 09:14:14
DONE dcC_east_half_505 rc=0 size=498699 514s dcC east/half seed=505 rescued=3 dead=1 unreachable=0 never_detected=0 ff_deaths=0 terminal=188 completions=3 recycles=3 removals=3 returns=3 wall=513s
LAUNCH dcC_east_half_1010 running=10 free_kb=7728856 09:14:40
DONE dcC_south_half_505 rc=0 size=482396 232s dcC south/half seed=505 rescued=3 dead=1 unreachable=0 never_detected=0 ff_deaths=0 terminal=93 completions=3 recycles=3 removals=3 returns=3 wall=231s
DONE dcC_south_half_404 rc=0 size=534113 349s dcC south/half seed=404 rescued=4 dead=0 unreachable=0 never_detected=0 ff_deaths=0 terminal=130 completions=4 recycles=4 removals=4 returns=4 wall=347s
LAUNCH dcC_south_half_606 running=9 free_kb=8895064 09:15:21
LAUNCH dcC_south_half_707 running=10 free_kb=8126116 09:15:47
DONE dcC_east_half_707 rc=0 size=385123 154s dcC east/half seed=707 rescued=4 dead=0 unreachable=0 never_detected=0 ff_deaths=0 terminal=184 completions=4 recycles=4 removals=4 returns=4 wall=152s
DONE dcC_east_def_101 rc=0 size=486870 265s dcC east/default seed=101 rescued=3 dead=1 unreachable=0 never_detected=0 ff_deaths=1 terminal=165 completions=3 recycles=3 removals=3 returns=3 wall=264s
LAUNCH dcC_south_half_808 running=9 free_kb=8965184 09:16:13
DONE dcC_east_def_202 rc=0 size=462954 250s dcC east/default seed=202 rescued=2 dead=1 unreachable=1 never_detected=1 ff_deaths=1 terminal=210 completions=2 recycles=2 removals=2 returns=2 wall=249s
LAUNCH dcC_south_half_909 running=9 free_kb=8557980 09:16:39
LAUNCH dcC_south_half_1010 running=10 free_kb=7338788 09:17:04
SKIP dcD_east_half_101 (exists)
DONE dcC_east_def_303 rc=0 size=543742 298s dcC east/default seed=303 rescued=3 dead=1 unreachable=0 never_detected=0 ff_deaths=1 terminal=231 completions=3 recycles=3 removals=3 returns=3 wall=296s
LAUNCH dcD_east_half_202 running=10 free_kb=6545624 09:17:45
DONE dcC_east_half_606 rc=0 size=483074 444s dcC east/half seed=606 rescued=3 dead=1 unreachable=0 never_detected=0 ff_deaths=1 terminal=117 completions=3 recycles=3 removals=3 returns=3 wall=441s
DONE dcC_south_half_606 rc=0 size=576490 308s dcC south/half seed=606 rescued=2 dead=0 unreachable=2 never_detected=0 ff_deaths=1 terminal=172 completions=2 recycles=2 removals=2 returns=2 wall=306s
LAUNCH dcD_east_half_303 running=9 free_kb=8306156 09:20:31
DONE dcC_south_half_808 rc=0 size=498887 278s dcC south/half seed=808 rescued=4 dead=0 unreachable=0 never_detected=0 ff_deaths=0 terminal=150 completions=4 recycles=4 removals=4 returns=4 wall=277s
LAUNCH dcD_east_half_404 running=9 free_kb=7684892 09:20:57
LAUNCH dcD_east_half_505 running=10 free_kb=7917968 09:21:23
DONE dcC_south_half_707 rc=0 size=454208 356s dcC south/half seed=707 rescued=4 dead=0 unreachable=0 never_detected=0 ff_deaths=0 terminal=163 completions=4 recycles=4 removals=4 returns=4 wall=354s
LAUNCH dcD_south_half_101 running=10 free_kb=7829476 09:21:48
DONE dcC_south_half_909 rc=0 size=533676 330s dcC south/half seed=909 rescued=4 dead=0 unreachable=0 never_detected=0 ff_deaths=1 terminal=213 completions=4 recycles=4 removals=4 returns=4 wall=329s
LAUNCH dcD_south_half_202 running=10 free_kb=7863184 09:22:14
DONE dcC_east_half_909 rc=0 size=509657 493s dcC east/half seed=909 rescued=3 dead=1 unreachable=0 never_detected=0 ff_deaths=0 terminal=145 completions=3 recycles=3 removals=3 returns=3 wall=491s
DONE dcC_east_half_808 rc=0 size=486383 530s dcC east/half seed=808 rescued=3 dead=1 unreachable=0 never_detected=0 ff_deaths=1 terminal=197 completions=3 recycles=3 removals=3 returns=3 wall=529s
LAUNCH dcD_south_half_303 running=9 free_kb=8847368 09:22:40
DONE dcC_east_half_1010 rc=0 size=517093 499s dcC east/half seed=1010 rescued=3 dead=1 unreachable=0 never_detected=0 ff_deaths=1 terminal=175 completions=3 recycles=3 removals=3 returns=3 wall=498s
LAUNCH dcD_south_half_404 running=9 free_kb=8939616 09:23:05
DONE dcC_south_half_1010 rc=0 size=556752 377s dcC south/half seed=1010 rescued=3 dead=1 unreachable=0 never_detected=0 ff_deaths=0 terminal=182 completions=3 recycles=3 removals=3 returns=3 wall=375s
LAUNCH dcD_south_half_505 running=9 free_kb=9160324 09:23:31
LAUNCH dcD_east_def_101 running=10 free_kb=8279752 09:23:56
DONE dcD_east_half_202 rc=0 size=465067 431s dcD east/half seed=202 rescued=3 dead=1 unreachable=0 never_detected=0 ff_deaths=0 terminal=104 completions=3 recycles=3 removals=3 returns=3 wall=429s
LAUNCH dcD_east_def_202 running=10 free_kb=8252360 09:25:09
DONE dcD_south_half_303 rc=0 size=477060 227s dcD south/half seed=303 rescued=4 dead=0 unreachable=0 never_detected=0 ff_deaths=1 terminal=114 completions=4 recycles=4 removals=4 returns=4 wall=227s
LAUNCH dcD_east_def_303 running=10 free_kb=7878000 09:26:37
DONE dcD_south_half_202 rc=0 size=504483 266s dcD south/half seed=202 rescued=3 dead=0 unreachable=0 never_detected=0 ff_deaths=1 terminal=None completions=3 recycles=3 removals=3 returns=3 wall=265s
DONE dcD_south_half_101 rc=0 size=578167 311s dcD south/half seed=101 rescued=2 dead=1 unreachable=1 never_detected=0 ff_deaths=2 terminal=159 completions=2 recycles=2 removals=2 returns=2 wall=310s
LAUNCH dcD_east_half_606 running=9 free_kb=8835636 09:27:02
DONE dcD_south_half_505 rc=0 size=483132 227s dcD south/half seed=505 rescued=3 dead=1 unreachable=0 never_detected=0 ff_deaths=0 terminal=114 completions=3 recycles=3 removals=3 returns=3 wall=226s
LAUNCH dcD_east_half_707 running=9 free_kb=8915896 09:27:28
LAUNCH dcD_east_half_808 running=10 free_kb=8063140 09:27:53
DONE dcD_east_half_505 rc=0 size=491838 393s dcD east/half seed=505 rescued=3 dead=1 unreachable=0 never_detected=0 ff_deaths=0 terminal=109 completions=3 recycles=3 removals=3 returns=3 wall=392s
DONE dcD_south_half_404 rc=0 size=598297 292s dcD south/half seed=404 rescued=3 dead=1 unreachable=0 never_detected=0 ff_deaths=0 terminal=189 completions=3 recycles=3 removals=3 returns=3 wall=291s
DONE dcD_east_def_101 rc=0 size=523413 245s dcD east/default seed=101 rescued=3 dead=0 unreachable=1 never_detected=1 ff_deaths=0 terminal=215 completions=3 recycles=3 removals=3 returns=3 wall=243s
LAUNCH dcD_east_half_909 running=8 free_kb=9972168 09:28:19
LAUNCH dcD_east_half_1010 running=9 free_kb=9058524 09:28:45
DONE dcD_east_def_202 rc=0 size=462972 236s dcD east/default seed=202 rescued=3 dead=1 unreachable=0 never_detected=0 ff_deaths=0 terminal=181 completions=3 recycles=3 removals=3 returns=3 wall=235s
LAUNCH dcD_south_half_606 running=9 free_kb=9118968 09:29:10
LAUNCH dcD_south_half_707 running=10 free_kb=8276220 09:29:36
DONE dcD_east_half_404 rc=0 size=543595 533s dcD east/half seed=404 rescued=2 dead=2 unreachable=0 never_detected=0 ff_deaths=1 terminal=162 completions=2 recycles=2 removals=2 returns=2 wall=532s
DONE dcD_east_half_707 rc=0 size=384415 150s dcD east/half seed=707 rescued=2 dead=0 unreachable=2 never_detected=2 ff_deaths=0 terminal=210 completions=2 recycles=2 removals=2 returns=2 wall=149s
LAUNCH dcD_south_half_808 running=9 free_kb=9012156 09:30:02
DONE dcD_east_half_303 rc=0 size=551935 585s dcD east/half seed=303 rescued=3 dead=1 unreachable=0 never_detected=0 ff_deaths=0 terminal=219 completions=3 recycles=3 removals=3 returns=3 wall=582s
LAUNCH dcD_south_half_909 running=9 free_kb=9047844 09:30:27
LAUNCH dcD_south_half_1010 running=10 free_kb=8169056 09:30:53
DONE dcD_east_def_303 rc=0 size=541564 259s dcD east/default seed=303 rescued=3 dead=1 unreachable=0 never_detected=0 ff_deaths=0 terminal=130 completions=3 recycles=3 removals=3 returns=3 wall=259s
DONE dcD_south_half_707 rc=0 size=479050 243s dcD south/half seed=707 rescued=3 dead=1 unreachable=0 never_detected=0 ff_deaths=0 terminal=198 completions=3 recycles=3 removals=3 returns=3 wall=242s
DONE dcD_south_half_606 rc=0 size=556813 307s dcD south/half seed=606 rescued=3 dead=0 unreachable=1 never_detected=1 ff_deaths=1 terminal=210 completions=3 recycles=3 removals=3 returns=3 wall=305s
DONE dcD_south_half_808 rc=0 size=513750 277s dcD south/half seed=808 rescued=2 dead=1 unreachable=0 never_detected=0 ff_deaths=0 terminal=None completions=2 recycles=2 removals=2 returns=2 wall=276s
DONE dcD_east_half_808 rc=0 size=487230 447s dcD east/half seed=808 rescued=3 dead=1 unreachable=0 never_detected=0 ff_deaths=0 terminal=99 completions=3 recycles=3 removals=3 returns=3 wall=445s
DONE dcD_south_half_1010 rc=0 size=544532 344s dcD south/half seed=1010 rescued=3 dead=0 unreachable=1 never_detected=1 ff_deaths=1 terminal=210 completions=3 recycles=3 removals=3 returns=3 wall=343s
DONE dcD_south_half_909 rc=0 size=579215 415s dcD south/half seed=909 rescued=3 dead=1 unreachable=0 never_detected=0 ff_deaths=0 terminal=219 completions=3 recycles=3 removals=3 returns=3 wall=414s
DONE dcD_east_half_1010 rc=0 size=513230 527s dcD east/half seed=1010 rescued=3 dead=1 unreachable=0 never_detected=0 ff_deaths=0 terminal=105 completions=3 recycles=3 removals=3 returns=3 wall=526s
DONE dcD_east_half_909 rc=0 size=505295 557s dcD east/half seed=909 rescued=4 dead=0 unreachable=0 never_detected=0 ff_deaths=1 terminal=122 completions=4 recycles=4 removals=4 returns=4 wall=555s
DONE dcD_east_half_606 rc=0 size=490610 687s dcD east/half seed=606 rescued=3 dead=1 unreachable=0 never_detected=0 ff_deaths=1 terminal=207 completions=3 recycles=3 removals=3 returns=3 wall=686s
ALL_DIM_POOL_COMPLETE launched=64 skipped=64 2026-09-09 09:38:29
DC_WAVE_COMPLETE 2026-09-09 09:38:29
