[18:10:53] POOL START wave=controls runid=20260913-181053-6213 restart=0 pid=6213 winpid=12720 head=8414add dirty_tracked=0 queue=outputs/_dcd4rb_controls.txt maxpar=8 minfree_kb=3500000
[18:10:54] ENV 3.10.11 mesa 1.2.1  prereg_sha256=0924c993d092ddcb queue_sha256=4eecb3c01f61f3f0
[18:10:54] SHIPPED BASE_STATION_MODE=0 BASE_STATION_RETURN_MECHANISM=2 BASE_STATION_DEPOTS=0 BASE_STATION_SPAWN_SPLIT=0 UAV_RETURN_TO_BASE_RESERVE=60.0 BASE_STATION_RETURN_MARGIN=5.0 BASE_STATION_DOCK_FIX=2 BASE_STATION_RETURN_STALL_LIMIT=3 BASE_STATION_WAYPOINT_FIX=1 ROUTE_BLOCK_STALE_CLEAR=1 VICTIM_SEARCHER_HAZARD_RETREAT_RANGE=99
[18:10:55] VALIDATE total=8 valid=0 invalid=0 missing=8
[18:10:55] START STATE wave=controls total=8 valid=0 pending=8 live_orphans_this_wave=0 sims_boxwide=0 free_kb=22258496
[18:10:55] HEARTBEAT pid=6251 every 60s -> outputs/_dcd4rb_wave.log ; state file outputs/_dcd4rb_state.txt ; sentinel outputs/_dcd4rb_hb_20260913-181053-6213.stop
[18:10:56] LAUNCH drxD_south_half_707 running=1 free_kb=22246224 sims_boxwide=0 attempt=1
[18:11:08] LAUNCH drxD_east_half_1010 running=2 free_kb=21370656 sims_boxwide=1 attempt=1
[18:11:21] LAUNCH drxZ_east_def_101 running=3 free_kb=20485356 sims_boxwide=2 attempt=1
[18:11:34] LAUNCH drxZ_south_half_909 running=4 free_kb=19511140 sims_boxwide=3 attempt=1
[18:11:47] LAUNCH drxK_south_half_606 running=5 free_kb=18661936 sims_boxwide=4 attempt=1
[18:11:55] .. alive runid=20260913-181053-6213 event_age=8s | wave=controls total=8 valid=0 running=5 pending=3 launched=5 failed=0 gaveup=0 forkfail=0 free_kb=18661936 sims_boxwide=4 last_event_age=0s last_event_epoch=1789315907
[18:11:59] LAUNCH drxK_east_def_303 running=6 free_kb=17781856 sims_boxwide=5 attempt=1
[18:12:12] LAUNCH drxrbB_D_south running=7 free_kb=16910188 sims_boxwide=6 attempt=1
[18:12:25] LAUNCH drxrbZ_D_east running=8 free_kb=16022596 sims_boxwide=7 attempt=1
[18:12:55] .. alive runid=20260913-181053-6213 event_age=30s | wave=controls total=8 valid=0 running=8 pending=0 launched=8 failed=0 gaveup=0 forkfail=0 free_kb=16022596 sims_boxwide=7 last_event_age=0s last_event_epoch=1789315945
[18:13:55] .. alive runid=20260913-181053-6213 event_age=90s | wave=controls total=8 valid=0 running=8 pending=0 launched=8 failed=0 gaveup=0 forkfail=0 free_kb=16022596 sims_boxwide=7 last_event_age=0s last_event_epoch=1789315945
[18:14:37] DONE drxD_south_half_707 rc=0 220s drxD south/half seed=707 rescued=3 dead=1 unreachable=0 never_detected=0 ff_deaths=0 terminal=198 completions=3 recycles=3 removals=3 returns=3 wall=219s [valid 1/8]
[18:14:55] .. alive runid=20260913-181053-6213 event_age=19s | wave=controls total=8 valid=1 running=7 pending=0 launched=8 failed=0 gaveup=0 forkfail=0 free_kb=16022596 sims_boxwide=7 last_event_age=1s last_event_epoch=1789316076
[18:15:24] DONE drxZ_east_def_101 rc=0 243s drxZ east/default seed=101 rescued=1 dead=2 unreachable=1 never_detected=0 ff_deaths=2 terminal=112 completions=1 recycles=1 removals=1 returns=1 wall=241s [valid 2/8]
[18:15:55] .. alive runid=20260913-181053-6213 event_age=31s | wave=controls total=8 valid=2 running=6 pending=0 launched=8 failed=0 gaveup=0 forkfail=0 free_kb=16022596 sims_boxwide=7 last_event_age=0s last_event_epoch=1789316124
[18:16:13] DONE drxZ_south_half_909 rc=0 279s drxZ south/half seed=909 rescued=3 dead=0 unreachable=0 never_detected=0 ff_deaths=1 terminal=None completions=3 recycles=3 removals=3 returns=3 wall=278s [valid 3/8]
[18:16:22] DONE drxK_east_def_303 rc=0 262s drxK east/default seed=303 rescued=3 dead=1 unreachable=0 never_detected=0 ff_deaths=0 terminal=130 completions=3 recycles=3 removals=3 returns=3 wall=261s [valid 4/8]
[18:16:50] DONE drxK_south_half_606 rc=0 303s drxK south/half seed=606 rescued=3 dead=1 unreachable=0 never_detected=0 ff_deaths=0 terminal=185 completions=3 recycles=3 removals=3 returns=3 wall=302s [valid 5/8]
[18:16:56] .. alive runid=20260913-181053-6213 event_age=6s | wave=controls total=8 valid=5 running=3 pending=0 launched=8 failed=0 gaveup=0 forkfail=0 free_kb=16022596 sims_boxwide=7 last_event_age=0s last_event_epoch=1789316210
[18:17:29] DONE drxrbB_D_south rc=0 317s | drxrbB south seed 101 done 315.2s: rescued=3 dead=1 ff_deaths=0 | fires=3 recoveries=2 bad_assign=1  [valid 6/8]
[18:17:56] .. alive runid=20260913-181053-6213 event_age=27s | wave=controls total=8 valid=6 running=2 pending=0 launched=8 failed=0 gaveup=0 forkfail=0 free_kb=16022596 sims_boxwide=7 last_event_age=0s last_event_epoch=1789316249
[18:18:56] .. alive runid=20260913-181053-6213 event_age=87s | wave=controls total=8 valid=6 running=2 pending=0 launched=8 failed=0 gaveup=0 forkfail=0 free_kb=16022596 sims_boxwide=7 last_event_age=0s last_event_epoch=1789316249
[18:19:02] DONE drxD_east_half_1010 rc=0 474s drxD east/half seed=1010 rescued=3 dead=1 unreachable=0 never_detected=0 ff_deaths=0 terminal=105 completions=3 recycles=3 removals=3 returns=3 wall=472s [valid 7/8]
[18:19:56] .. alive runid=20260913-181053-6213 event_age=54s | wave=controls total=8 valid=7 running=1 pending=0 launched=8 failed=0 gaveup=0 forkfail=0 free_kb=16022596 sims_boxwide=7 last_event_age=0s last_event_epoch=1789316342
[18:20:56] .. alive runid=20260913-181053-6213 event_age=114s | wave=controls total=8 valid=7 running=1 pending=0 launched=8 failed=0 gaveup=0 forkfail=0 free_kb=16022596 sims_boxwide=7 last_event_age=0s last_event_epoch=1789316342
[18:21:56] .. alive runid=20260913-181053-6213 event_age=174s | wave=controls total=8 valid=7 running=1 pending=0 launched=8 failed=0 gaveup=0 forkfail=0 free_kb=16022596 sims_boxwide=7 last_event_age=0s last_event_epoch=1789316342
[18:22:43] DONE drxrbZ_D_east rc=0 618s | drxrbZ east seed 101 done 616.5s: rescued=2 dead=1 ff_deaths=1 | fires=5 recoveries=1 bad_assign=1  [valid 8/8]
[18:22:43] MAIN LOOP LEFT pending=0 running=0
[18:22:43] FINAL SUMMARY total=8 valid=8 invalid=0 missing=0
[18:22:44] FINAL wave=controls SUMMARY total=8 valid=8 invalid=0 missing=0 live_this_wave=0 sims_boxwide=0
[18:22:44] ALL_DCD4RB_COMPLETE wave=controls runid=20260913-181053-6213 valid=8/8 launched=8 failed=0 forkfail=0
[18:22:56] HEARTBEAT EXIT wave=controls runid=20260913-181053-6213 (sentinel)
[18:23:13] POOL START wave=wave runid=20260913-182313-6836 restart=0 pid=6836 winpid=38260 head=8414add dirty_tracked=0 queue=outputs/_dcd4rb_queue.txt maxpar=18 minfree_kb=3500000
[18:23:14] ENV 3.10.11 mesa 1.2.1  prereg_sha256=0924c993d092ddcb queue_sha256=8ecbbdd69af46c53
[18:23:14] SHIPPED BASE_STATION_MODE=0 BASE_STATION_RETURN_MECHANISM=2 BASE_STATION_DEPOTS=0 BASE_STATION_SPAWN_SPLIT=0 UAV_RETURN_TO_BASE_RESERVE=60.0 BASE_STATION_RETURN_MARGIN=5.0 BASE_STATION_DOCK_FIX=2 BASE_STATION_RETURN_STALL_LIMIT=3 BASE_STATION_WAYPOINT_FIX=1 ROUTE_BLOCK_STALE_CLEAR=1 VICTIM_SEARCHER_HAZARD_RETREAT_RANGE=99
[18:23:15] VALIDATE total=66 valid=0 invalid=0 missing=66
[18:23:15] START STATE wave=wave total=66 valid=0 pending=66 live_orphans_this_wave=0 sims_boxwide=0 free_kb=22312428
[18:23:15] HEARTBEAT pid=6876 every 60s -> outputs/_dcd4rb_wave.log ; state file outputs/_dcd4rb_state.txt ; sentinel outputs/_dcd4rb_hb_20260913-182313-6836.stop
[18:23:15] LAUNCH drgDa_D_east running=1 free_kb=22296644 sims_boxwide=0 attempt=1
[18:23:28] LAUNCH drgDb_D_east running=2 free_kb=21431856 sims_boxwide=1 attempt=1
[18:23:41] LAUNCH drgDc_D_east running=3 free_kb=20529976 sims_boxwide=2 attempt=1
[18:23:54] LAUNCH drgDs_D_south running=4 free_kb=19682604 sims_boxwide=3 attempt=1
[18:24:06] LAUNCH drgZa_D_east running=5 free_kb=18794996 sims_boxwide=4 attempt=1
[18:24:15] .. alive runid=20260913-182313-6836 event_age=9s | wave=wave total=66 valid=0 running=5 pending=61 launched=5 failed=0 gaveup=0 forkfail=0 free_kb=18794996 sims_boxwide=4 last_event_age=0s last_event_epoch=1789316646
[18:24:19] LAUNCH drgZb_D_east running=6 free_kb=17964076 sims_boxwide=5 attempt=1
[18:24:32] LAUNCH drgZc_D_east running=7 free_kb=17069012 sims_boxwide=6 attempt=1
[18:24:45] LAUNCH drgZs_D_south running=8 free_kb=16217900 sims_boxwide=7 attempt=1
[18:24:58] LAUNCH drgKa_D_east running=9 free_kb=15320660 sims_boxwide=8 attempt=1
[18:25:10] LAUNCH drgKb_D_east running=10 free_kb=14456232 sims_boxwide=9 attempt=1
[18:25:15] .. alive runid=20260913-182313-6836 event_age=5s | wave=wave total=66 valid=0 running=10 pending=56 launched=10 failed=0 gaveup=0 forkfail=0 free_kb=14456232 sims_boxwide=9 last_event_age=0s last_event_epoch=1789316710
[18:25:23] LAUNCH drgKc_D_east running=11 free_kb=13579920 sims_boxwide=10 attempt=1
[18:25:36] LAUNCH drgKs_D_south running=12 free_kb=12682412 sims_boxwide=11 attempt=1
[18:25:49] LAUNCH drhD_east_half_101 running=13 free_kb=11799824 sims_boxwide=12 attempt=1
[18:26:02] LAUNCH drhZ_east_half_101 running=14 free_kb=10863440 sims_boxwide=13 attempt=1
[18:26:15] LAUNCH drhD_east_half_202 running=15 free_kb=9993896 sims_boxwide=14 attempt=1
[18:26:15] .. alive runid=20260913-182313-6836 event_age=0s | wave=wave total=66 valid=0 running=15 pending=51 launched=15 failed=0 gaveup=0 forkfail=0 free_kb=9993896 sims_boxwide=14 last_event_age=0s last_event_epoch=1789316775
[18:26:28] LAUNCH drhZ_east_half_202 running=16 free_kb=8978408 sims_boxwide=15 attempt=1
[18:26:41] LAUNCH drhD_east_half_303 running=17 free_kb=8081720 sims_boxwide=16 attempt=1
[18:26:53] LAUNCH drhZ_east_half_303 running=18 free_kb=7270520 sims_boxwide=17 attempt=1
[18:27:15] .. alive runid=20260913-182313-6836 event_age=22s | wave=wave total=66 valid=0 running=18 pending=48 launched=18 failed=0 gaveup=0 forkfail=0 free_kb=7270520 sims_boxwide=17 last_event_age=0s last_event_epoch=1789316813
[18:28:15] .. alive runid=20260913-182313-6836 event_age=82s | wave=wave total=66 valid=0 running=18 pending=48 launched=18 failed=0 gaveup=0 forkfail=0 free_kb=7270520 sims_boxwide=17 last_event_age=0s last_event_epoch=1789316813
[18:29:15] .. alive runid=20260913-182313-6836 event_age=142s | wave=wave total=66 valid=0 running=18 pending=48 launched=18 failed=0 gaveup=0 forkfail=0 free_kb=7270520 sims_boxwide=17 last_event_age=0s last_event_epoch=1789316813
[18:30:15] .. alive runid=20260913-182313-6836 event_age=202s | wave=wave total=66 valid=0 running=18 pending=48 launched=18 failed=0 gaveup=0 forkfail=0 free_kb=7270520 sims_boxwide=17 last_event_age=0s last_event_epoch=1789316813
[18:31:15] .. alive runid=20260913-182313-6836 event_age=262s | wave=wave total=66 valid=0 running=18 pending=48 launched=18 failed=0 gaveup=0 forkfail=0 free_kb=7270520 sims_boxwide=17 last_event_age=0s last_event_epoch=1789316813
[18:32:16] .. alive runid=20260913-182313-6836 event_age=322s | wave=wave total=66 valid=0 running=18 pending=48 launched=18 failed=0 gaveup=0 forkfail=0 free_kb=7270520 sims_boxwide=17 last_event_age=0s last_event_epoch=1789316813
[18:33:16] .. alive runid=20260913-182313-6836 event_age=383s | wave=wave total=66 valid=0 running=18 pending=48 launched=18 failed=0 gaveup=0 forkfail=0 free_kb=7270520 sims_boxwide=17 last_event_age=0s last_event_epoch=1789316813
[18:34:16] .. alive runid=20260913-182313-6836 event_age=443s | wave=wave total=66 valid=0 running=18 pending=48 launched=18 failed=0 gaveup=0 forkfail=0 free_kb=7270520 sims_boxwide=17 last_event_age=0s last_event_epoch=1789316813
[18:35:16] .. alive runid=20260913-182313-6836 event_age=503s | wave=wave total=66 valid=0 running=18 pending=48 launched=18 failed=0 gaveup=0 forkfail=0 free_kb=7270520 sims_boxwide=17 last_event_age=0s last_event_epoch=1789316813
[18:35:51] DONE drhD_east_half_101 rc=0 602s drhD east/half seed=101 rescued=4 dead=0 unreachable=0 never_detected=0 ff_deaths=1 terminal=127 completions=4 recycles=4 removals=4 returns=4 wall=600s [valid 1/66]
[18:35:52] LAUNCH drhD_east_half_404 running=18 free_kb=7014684 sims_boxwide=17 attempt=1
[18:36:04] DONE drhD_east_half_202 rc=0 589s drhD east/half seed=202 rescued=3 dead=1 unreachable=0 never_detected=0 ff_deaths=0 terminal=104 completions=3 recycles=3 removals=3 returns=3 wall=581s [valid 2/66]
[18:36:05] LAUNCH drhZ_east_half_404 running=18 free_kb=7061348 sims_boxwide=17 attempt=1
[18:36:16] .. alive runid=20260913-182313-6836 event_age=11s | wave=wave total=66 valid=2 running=18 pending=46 launched=20 failed=0 gaveup=0 forkfail=0 free_kb=7061348 sims_boxwide=17 last_event_age=0s last_event_epoch=1789317365
[18:37:16] .. alive runid=20260913-182313-6836 event_age=71s | wave=wave total=66 valid=2 running=18 pending=46 launched=20 failed=0 gaveup=0 forkfail=0 free_kb=7061348 sims_boxwide=17 last_event_age=0s last_event_epoch=1789317365
[18:38:16] .. alive runid=20260913-182313-6836 event_age=131s | wave=wave total=66 valid=2 running=18 pending=46 launched=20 failed=0 gaveup=0 forkfail=0 free_kb=7061348 sims_boxwide=17 last_event_age=0s last_event_epoch=1789317365
[18:38:35] DONE drhD_east_half_303 rc=0 714s drhD east/half seed=303 rescued=3 dead=1 unreachable=0 never_detected=0 ff_deaths=0 terminal=219 completions=3 recycles=3 removals=3 returns=3 wall=713s [valid 3/66]
[18:38:36] LAUNCH drhD_east_half_505 running=18 free_kb=7103476 sims_boxwide=17 attempt=1
[18:38:49] DONE drhZ_east_half_101 rc=0 766s drhZ east/half seed=101 rescued=2 dead=1 unreachable=0 never_detected=0 ff_deaths=1 terminal=None completions=2 recycles=2 removals=2 returns=2 wall=758s [valid 4/66]
[18:38:50] LAUNCH drhZ_east_half_505 running=18 free_kb=7135616 sims_boxwide=17 attempt=1
[18:39:16] .. alive runid=20260913-182313-6836 event_age=26s | wave=wave total=66 valid=4 running=18 pending=44 launched=22 failed=0 gaveup=0 forkfail=0 free_kb=7135616 sims_boxwide=17 last_event_age=0s last_event_epoch=1789317530
[18:39:26] DONE drhZ_east_half_202 rc=0 778s drhZ east/half seed=202 rescued=2 dead=1 unreachable=1 never_detected=0 ff_deaths=1 terminal=237 completions=2 recycles=2 removals=2 returns=2 wall=777s [valid 5/66]
[18:39:27] LAUNCH drhD_east_half_606 running=18 free_kb=7131624 sims_boxwide=17 attempt=1
[18:39:50] DONE drhZ_east_half_303 rc=0 777s drhZ east/half seed=303 rescued=3 dead=1 unreachable=0 never_detected=0 ff_deaths=0 terminal=240 completions=3 recycles=2 removals=3 returns=2 wall=775s [valid 6/66]
[18:39:51] LAUNCH drhZ_east_half_606 running=18 free_kb=7166840 sims_boxwide=17 attempt=1
[18:40:16] .. alive runid=20260913-182313-6836 event_age=25s | wave=wave total=66 valid=6 running=18 pending=42 launched=24 failed=0 gaveup=0 forkfail=0 free_kb=7166840 sims_boxwide=17 last_event_age=0s last_event_epoch=1789317591
[18:41:16] .. alive runid=20260913-182313-6836 event_age=85s | wave=wave total=66 valid=6 running=18 pending=42 launched=24 failed=0 gaveup=0 forkfail=0 free_kb=7166840 sims_boxwide=17 last_event_age=0s last_event_epoch=1789317591
[18:42:16] .. alive runid=20260913-182313-6836 event_age=145s | wave=wave total=66 valid=6 running=18 pending=42 launched=24 failed=0 gaveup=0 forkfail=0 free_kb=7166840 sims_boxwide=17 last_event_age=0s last_event_epoch=1789317591
[18:43:17] .. alive runid=20260913-182313-6836 event_age=206s | wave=wave total=66 valid=6 running=18 pending=42 launched=24 failed=0 gaveup=0 forkfail=0 free_kb=7166840 sims_boxwide=17 last_event_age=0s last_event_epoch=1789317591
[18:44:17] .. alive runid=20260913-182313-6836 event_age=266s | wave=wave total=66 valid=6 running=18 pending=42 launched=24 failed=0 gaveup=0 forkfail=0 free_kb=7166840 sims_boxwide=17 last_event_age=0s last_event_epoch=1789317591
[18:45:17] .. alive runid=20260913-182313-6836 event_age=326s | wave=wave total=66 valid=6 running=18 pending=42 launched=24 failed=0 gaveup=0 forkfail=0 free_kb=7166840 sims_boxwide=17 last_event_age=0s last_event_epoch=1789317591
[18:46:16] DONE drhZ_east_half_404 rc=0 611s drhZ east/half seed=404 rescued=2 dead=2 unreachable=0 never_detected=0 ff_deaths=1 terminal=162 completions=2 recycles=2 removals=2 returns=2 wall=609s [valid 7/66]
[18:46:17] .. alive runid=20260913-182313-6836 event_age=1s | wave=wave total=66 valid=7 running=17 pending=42 launched=24 failed=0 gaveup=0 forkfail=0 free_kb=6934772 sims_boxwide=17 last_event_age=1s last_event_epoch=1789317976
[18:46:17] LAUNCH drhD_east_half_707 running=18 free_kb=6934772 sims_boxwide=17 attempt=1
[18:46:40] DONE drhD_east_half_404 rc=0 648s drhD east/half seed=404 rescued=2 dead=2 unreachable=0 never_detected=0 ff_deaths=1 terminal=162 completions=2 recycles=2 removals=2 returns=2 wall=646s [valid 8/66]
[18:46:41] LAUNCH drhZ_east_half_707 running=18 free_kb=6950396 sims_boxwide=17 attempt=1
[18:46:53] DONE drhD_east_half_505 rc=0 497s drhD east/half seed=505 rescued=3 dead=1 unreachable=0 never_detected=0 ff_deaths=0 terminal=109 completions=3 recycles=3 removals=3 returns=3 wall=494s [valid 9/66]
[18:46:54] LAUNCH drhD_east_half_808 running=18 free_kb=6980004 sims_boxwide=17 attempt=1
[18:47:17] .. alive runid=20260913-182313-6836 event_age=23s | wave=wave total=66 valid=9 running=18 pending=39 launched=27 failed=0 gaveup=0 forkfail=0 free_kb=6980004 sims_boxwide=17 last_event_age=0s last_event_epoch=1789318014
[18:48:17] .. alive runid=20260913-182313-6836 event_age=83s | wave=wave total=66 valid=9 running=18 pending=39 launched=27 failed=0 gaveup=0 forkfail=0 free_kb=6980004 sims_boxwide=17 last_event_age=0s last_event_epoch=1789318014
[18:49:13] DONE drhD_east_half_707 rc=0 176s drhD east/half seed=707 rescued=2 dead=0 unreachable=2 never_detected=2 ff_deaths=0 terminal=210 completions=2 recycles=2 removals=2 returns=2 wall=174s [valid 10/66]
[18:49:14] LAUNCH drhZ_east_half_808 running=18 free_kb=7048324 sims_boxwide=17 attempt=1
[18:49:17] .. alive runid=20260913-182313-6836 event_age=3s | wave=wave total=66 valid=10 running=18 pending=38 launched=28 failed=0 gaveup=0 forkfail=0 free_kb=7048324 sims_boxwide=17 last_event_age=0s last_event_epoch=1789318154
[18:49:41] DONE drhZ_east_half_707 rc=0 180s drhZ east/half seed=707 rescued=4 dead=0 unreachable=0 never_detected=0 ff_deaths=0 terminal=186 completions=4 recycles=4 removals=4 returns=4 wall=178s [valid 11/66]
[18:49:42] LAUNCH drhD_east_half_909 running=18 free_kb=7080360 sims_boxwide=17 attempt=1
[18:49:57] DONE drhZ_east_half_505 rc=0 667s drhZ east/half seed=505 rescued=2 dead=1 unreachable=0 never_detected=0 ff_deaths=0 terminal=None completions=2 recycles=2 removals=2 returns=2 wall=666s [valid 12/66]
[18:49:58] LAUNCH drhZ_east_half_909 running=18 free_kb=7105816 sims_boxwide=17 attempt=1
[18:50:11] DONE drgDs_D_south rc=0 1576s | drgDs south seed 101 done 346.9s: rescued=2 dead=1 ff_deaths=2 | fires=6 recoveries=3 bad_assign=1 | drgDs south seed 202 done 329.9s: rescued=3 dead=0 ff_deaths=1 | fires=7 recoveries=3 bad_assign=1 | drgDs south seed 303 done 277.2s: rescued=4 dead=0 ff_deaths=1 | fires=7 recoveries=3 bad_assign=1 | drgDs south seed 404 done 350.5s: rescued=3 dead=1 ff_deaths=0 | fires=15 recoveries=7 bad_assign=2 | drgDs south seed 505 done 266.6s: rescued=3 dead=1 ff_deaths=0 | fires=17 recoveries=9 bad_assign=3  [valid 13/66]
[18:50:11] LAUNCH drhD_east_half_111 running=18 free_kb=7119128 sims_boxwide=17 attempt=1
[18:50:17] .. alive runid=20260913-182313-6836 event_age=6s | wave=wave total=66 valid=13 running=18 pending=35 launched=31 failed=0 gaveup=0 forkfail=0 free_kb=7119128 sims_boxwide=17 last_event_age=0s last_event_epoch=1789318211
[18:51:17] .. alive runid=20260913-182313-6836 event_age=66s | wave=wave total=66 valid=13 running=18 pending=35 launched=31 failed=0 gaveup=0 forkfail=0 free_kb=7119128 sims_boxwide=17 last_event_age=0s last_event_epoch=1789318211
[18:52:02] DONE drhZ_east_half_606 rc=0 731s drhZ east/half seed=606 rescued=3 dead=1 unreachable=0 never_detected=0 ff_deaths=1 terminal=212 completions=3 recycles=3 removals=3 returns=3 wall=729s [valid 14/66]
[18:52:03] LAUNCH drhZ_east_half_111 running=18 free_kb=7036452 sims_boxwide=17 attempt=1
[18:52:15] DONE drgKs_D_south rc=0 1599s | drgKs south seed 101 done 375.1s: rescued=2 dead=1 ff_deaths=2 | fires=6 recoveries=3 bad_assign=1 | drgKs south seed 202 done 326.1s: rescued=3 dead=0 ff_deaths=1 | fires=7 recoveries=3 bad_assign=1 | drgKs south seed 303 done 273.6s: rescued=4 dead=0 ff_deaths=1 | fires=7 recoveries=3 bad_assign=1 | drgKs south seed 404 done 348.3s: rescued=3 dead=1 ff_deaths=0 | fires=15 recoveries=7 bad_assign=2 | drgKs south seed 505 done 263.7s: rescued=3 dead=1 ff_deaths=0 | fires=17 recoveries=9 bad_assign=3  [valid 15/66]
[18:52:16] LAUNCH drhD_east_half_222 running=18 free_kb=7026216 sims_boxwide=17 attempt=1
[18:52:17] .. alive runid=20260913-182313-6836 event_age=1s | wave=wave total=66 valid=15 running=18 pending=33 launched=33 failed=0 gaveup=0 forkfail=0 free_kb=7026216 sims_boxwide=17 last_event_age=0s last_event_epoch=1789318336
[18:52:28] DONE drhD_east_half_606 rc=0 781s drhD east/half seed=606 rescued=3 dead=1 unreachable=0 never_detected=0 ff_deaths=1 terminal=207 completions=3 recycles=3 removals=3 returns=3 wall=777s [valid 16/66]
[18:52:29] LAUNCH drhZ_east_half_222 running=18 free_kb=6978172 sims_boxwide=17 attempt=1
[18:53:17] .. alive runid=20260913-182313-6836 event_age=48s | wave=wave total=66 valid=16 running=18 pending=32 launched=34 failed=0 gaveup=0 forkfail=0 free_kb=6978172 sims_boxwide=17 last_event_age=0s last_event_epoch=1789318349
[18:54:18] .. alive runid=20260913-182313-6836 event_age=109s | wave=wave total=66 valid=16 running=18 pending=32 launched=34 failed=0 gaveup=0 forkfail=0 free_kb=6978172 sims_boxwide=17 last_event_age=0s last_event_epoch=1789318349
[18:54:23] DONE drgZs_D_south rc=0 1778s | drgZs south seed 101 done 406.9s: rescued=3 dead=0 ff_deaths=1 | fires=2 recoveries=1 bad_assign=0 | drgZs south seed 202 done 315.0s: rescued=4 dead=0 ff_deaths=0 | fires=2 recoveries=1 bad_assign=0 | drgZs south seed 303 done 340.6s: rescued=3 dead=1 ff_deaths=1 | fires=5 recoveries=2 bad_assign=0 | drgZs south seed 404 done 380.9s: rescued=4 dead=0 ff_deaths=0 | fires=6 recoveries=3 bad_assign=0 | drgZs south seed 505 done 333.5s: rescued=3 dead=1 ff_deaths=0 | fires=6 recoveries=3 bad_assign=0  [valid 17/66]
[18:54:24] LAUNCH drhD_east_half_333 running=18 free_kb=7075332 sims_boxwide=17 attempt=1
[18:55:18] .. alive runid=20260913-182313-6836 event_age=54s | wave=wave total=66 valid=17 running=18 pending=31 launched=35 failed=0 gaveup=0 forkfail=0 free_kb=7075332 sims_boxwide=17 last_event_age=0s last_event_epoch=1789318464
[18:55:29] DONE drhD_east_half_808 rc=0 514s drhD east/half seed=808 rescued=3 dead=1 unreachable=0 never_detected=0 ff_deaths=0 terminal=99 completions=3 recycles=3 removals=3 returns=3 wall=513s [valid 18/66]
[18:55:30] LAUNCH drhZ_east_half_333 running=18 free_kb=7032120 sims_boxwide=17 attempt=1
[18:56:18] .. alive runid=20260913-182313-6836 event_age=48s | wave=wave total=66 valid=18 running=18 pending=30 launched=36 failed=0 gaveup=0 forkfail=0 free_kb=7032120 sims_boxwide=17 last_event_age=0s last_event_epoch=1789318530
[18:56:39] DONE drgDc_D_east rc=0 1977s | drgDc east seed 111 done 553.3s: rescued=4 dead=0 ff_deaths=0 | fires=0 recoveries=0 bad_assign=0 | drgDc east seed 222 done 623.0s: rescued=4 dead=0 ff_deaths=1 | fires=0 recoveries=0 bad_assign=0 | drgDc east seed 333 done 509.8s: rescued=3 dead=1 ff_deaths=0 | fires=0 recoveries=0 bad_assign=0 | drgDc east seed 444 done 290.2s: rescued=4 dead=0 ff_deaths=0 | fires=0 recoveries=0 bad_assign=0  [valid 19/66]
[18:56:39] LAUNCH drhD_east_half_444 running=18 free_kb=6970332 sims_boxwide=17 attempt=1
[18:57:18] .. alive runid=20260913-182313-6836 event_age=39s | wave=wave total=66 valid=19 running=18 pending=29 launched=37 failed=0 gaveup=0 forkfail=0 free_kb=6970332 sims_boxwide=17 last_event_age=0s last_event_epoch=1789318599
[18:58:18] .. alive runid=20260913-182313-6836 event_age=99s | wave=wave total=66 valid=19 running=18 pending=29 launched=37 failed=0 gaveup=0 forkfail=0 free_kb=6970332 sims_boxwide=17 last_event_age=0s last_event_epoch=1789318599
[18:58:40] DONE drgKc_D_east rc=0 1996s | drgKc east seed 111 done 582.8s: rescued=4 dead=0 ff_deaths=0 | fires=0 recoveries=0 bad_assign=0 | drgKc east seed 222 done 619.5s: rescued=4 dead=0 ff_deaths=1 | fires=0 recoveries=0 bad_assign=0 | drgKc east seed 333 done 502.8s: rescued=3 dead=1 ff_deaths=0 | fires=0 recoveries=0 bad_assign=0 | drgKc east seed 444 done 289.7s: rescued=4 dead=0 ff_deaths=0 | fires=0 recoveries=0 bad_assign=0  [valid 20/66]
[18:58:40] LAUNCH drhZ_east_half_444 running=18 free_kb=7027008 sims_boxwide=17 attempt=1
[18:58:53] DONE drgDb_D_east rc=0 2125s | drgDb east seed 606 done 778.9s: rescued=3 dead=1 ff_deaths=1 | fires=2 recoveries=1 bad_assign=1 | drgDb east seed 707 done 194.7s: rescued=2 dead=0 ff_deaths=0 | fires=2 recoveries=1 bad_assign=1 | drgDb east seed 808 done 542.9s: rescued=3 dead=1 ff_deaths=0 | fires=2 recoveries=1 bad_assign=1 | drgDb east seed 909 done 606.1s: rescued=4 dead=0 ff_deaths=1 | fires=2 recoveries=1 bad_assign=1  [valid 21/66]
[18:58:54] LAUNCH drhD_south_half_101 running=18 free_kb=6999316 sims_boxwide=17 attempt=1
[18:59:11] DONE drhZ_east_half_808 rc=0 597s drhZ east/half seed=808 rescued=3 dead=1 unreachable=0 never_detected=0 ff_deaths=0 terminal=173 completions=3 recycles=3 removals=3 returns=3 wall=595s [valid 22/66]
[18:59:12] LAUNCH drhZ_south_half_101 running=18 free_kb=7015364 sims_boxwide=17 attempt=1
[18:59:18] .. alive runid=20260913-182313-6836 event_age=6s | wave=wave total=66 valid=22 running=18 pending=26 launched=40 failed=0 gaveup=0 forkfail=0 free_kb=7015364 sims_boxwide=17 last_event_age=0s last_event_epoch=1789318752
[18:59:24] DONE drhD_east_half_111 rc=0 553s drhD east/half seed=111 rescued=4 dead=0 unreachable=0 never_detected=0 ff_deaths=0 terminal=142 completions=4 recycles=4 removals=4 returns=4 wall=547s [valid 23/66]
[18:59:24] DONE drhD_east_half_909 rc=0 582s drhD east/half seed=909 rescued=4 dead=0 unreachable=0 never_detected=0 ff_deaths=1 terminal=122 completions=4 recycles=4 removals=4 returns=4 wall=576s [valid 24/66]
[18:59:25] LAUNCH drhD_south_half_202 running=17 free_kb=7930668 sims_boxwide=16 attempt=1
[18:59:38] LAUNCH drhZ_south_half_202 running=18 free_kb=6984528 sims_boxwide=17 attempt=1
[18:59:51] DONE drgZb_D_east rc=0 2131s | drgZb east seed 606 done 716.6s: rescued=3 dead=1 ff_deaths=1 | fires=3 recoveries=2 bad_assign=0 | drgZb east seed 707 done 183.0s: rescued=4 dead=0 ff_deaths=0 | fires=3 recoveries=2 bad_assign=0 | drgZb east seed 808 done 628.8s: rescued=3 dead=1 ff_deaths=0 | fires=5 recoveries=3 bad_assign=0 | drgZb east seed 909 done 594.0s: rescued=3 dead=0 ff_deaths=2 | fires=7 recoveries=3 bad_assign=0  [valid 25/66]
[18:59:51] LAUNCH drhD_south_half_303 running=18 free_kb=7059276 sims_boxwide=17 attempt=1
[19:00:04] DONE drgKb_D_east rc=0 2094s | drgKb east seed 606 done 777.1s: rescued=3 dead=1 ff_deaths=1 | fires=2 recoveries=1 bad_assign=1 | drgKb east seed 707 done 193.1s: rescued=2 dead=0 ff_deaths=0 | fires=2 recoveries=1 bad_assign=1 | drgKb east seed 808 done 526.7s: rescued=3 dead=1 ff_deaths=0 | fires=2 recoveries=1 bad_assign=1 | drgKb east seed 909 done 586.4s: rescued=4 dead=0 ff_deaths=1 | fires=2 recoveries=1 bad_assign=1  [valid 26/66]
[19:00:05] LAUNCH drhZ_south_half_303 running=18 free_kb=6918372 sims_boxwide=17 attempt=1
[19:00:18] .. alive runid=20260913-182313-6836 event_age=13s | wave=wave total=66 valid=26 running=18 pending=22 launched=44 failed=0 gaveup=0 forkfail=0 free_kb=6918372 sims_boxwide=17 last_event_age=0s last_event_epoch=1789318805
[19:00:23] DONE drhZ_east_half_909 rc=0 625s drhZ east/half seed=909 rescued=3 dead=0 unreachable=1 never_detected=0 ff_deaths=2 terminal=190 completions=3 recycles=3 removals=3 returns=3 wall=623s [valid 27/66]
[19:00:24] LAUNCH drhD_south_half_404 running=18 free_kb=6976036 sims_boxwide=17 attempt=1
[19:01:09] DONE drhZ_east_half_444 rc=0 149s drhZ east/half seed=444 rescued=3 dead=0 unreachable=1 never_detected=1 ff_deaths=0 terminal=210 completions=3 recycles=3 removals=3 returns=3 wall=147s [valid 28/66]
[19:01:10] LAUNCH drhZ_south_half_404 running=18 free_kb=6984252 sims_boxwide=17 attempt=1
[19:01:18] .. alive runid=20260913-182313-6836 event_age=8s | wave=wave total=66 valid=28 running=18 pending=20 launched=46 failed=0 gaveup=0 forkfail=0 free_kb=6984252 sims_boxwide=17 last_event_age=0s last_event_epoch=1789318870
[19:01:27] DONE drhD_east_half_444 rc=0 287s drhD east/half seed=444 rescued=4 dead=0 unreachable=0 never_detected=0 ff_deaths=0 terminal=226 completions=4 recycles=4 removals=4 returns=4 wall=285s [valid 29/66]
[19:01:27] LAUNCH drhD_south_half_505 running=18 free_kb=6902084 sims_boxwide=17 attempt=1
[19:02:03] DONE drgZc_D_east rc=0 2250s | drgZc east seed 111 done 768.8s: rescued=4 dead=0 ff_deaths=0 | fires=0 recoveries=0 bad_assign=0 | drgZc east seed 222 done 790.7s: rescued=2 dead=0 ff_deaths=0 | fires=0 recoveries=0 bad_assign=0 | drgZc east seed 333 done 535.0s: rescued=3 dead=1 ff_deaths=1 | fires=0 recoveries=0 bad_assign=0 | drgZc east seed 444 done 154.6s: rescued=3 dead=0 ff_deaths=0 | fires=0 recoveries=0 bad_assign=0  [valid 30/66]
[19:02:03] LAUNCH drhZ_south_half_505 running=18 free_kb=6949776 sims_boxwide=17 attempt=1
[19:02:16] DONE drhD_east_half_222 rc=0 600s drhD east/half seed=222 rescued=4 dead=0 unreachable=0 never_detected=0 ff_deaths=1 terminal=138 completions=4 recycles=4 removals=4 returns=4 wall=589s [valid 31/66]
[19:02:17] LAUNCH drhK_east_half_101 running=18 free_kb=6851680 sims_boxwide=17 attempt=1
[19:02:18] .. alive runid=20260913-182313-6836 event_age=1s | wave=wave total=66 valid=31 running=18 pending=17 launched=49 failed=0 gaveup=0 forkfail=0 free_kb=6851680 sims_boxwide=17 last_event_age=0s last_event_epoch=1789318937
[19:02:29] DONE drhD_east_half_333 rc=0 485s drhD east/half seed=333 rescued=3 dead=1 unreachable=0 never_detected=0 ff_deaths=0 terminal=98 completions=3 recycles=3 removals=3 returns=3 wall=476s [valid 32/66]
[19:02:30] LAUNCH drhK_east_half_202 running=18 free_kb=6903868 sims_boxwide=17 attempt=1
[19:03:18] .. alive runid=20260913-182313-6836 event_age=48s | wave=wave total=66 valid=32 running=18 pending=16 launched=50 failed=0 gaveup=0 forkfail=0 free_kb=6903868 sims_boxwide=17 last_event_age=0s last_event_epoch=1789318950
[19:03:58] DONE drhZ_east_half_333 rc=0 508s drhZ east/half seed=333 rescued=3 dead=1 unreachable=0 never_detected=0 ff_deaths=1 terminal=115 completions=3 recycles=3 removals=3 returns=3 wall=507s [valid 33/66]
[19:03:59] LAUNCH drhK_east_half_303 running=18 free_kb=6973524 sims_boxwide=17 attempt=1
[19:04:15] DONE drhZ_east_half_111 rc=0 732s drhZ east/half seed=111 rescued=4 dead=0 unreachable=0 never_detected=0 ff_deaths=0 terminal=232 completions=4 recycles=4 removals=4 returns=4 wall=730s [valid 34/66]
[19:04:16] LAUNCH drhK_east_half_404 running=18 free_kb=6991092 sims_boxwide=17 attempt=1
[19:04:19] .. alive runid=20260913-182313-6836 event_age=3s | wave=wave total=66 valid=34 running=18 pending=14 launched=52 failed=0 gaveup=0 forkfail=0 free_kb=6991092 sims_boxwide=17 last_event_age=0s last_event_epoch=1789319056
[19:04:33] DONE drhD_south_half_303 rc=0 282s drhD south/half seed=303 rescued=4 dead=0 unreachable=0 never_detected=0 ff_deaths=1 terminal=114 completions=4 recycles=4 removals=4 returns=4 wall=280s [valid 35/66]
[19:04:34] LAUNCH drhK_east_half_505 running=18 free_kb=7038676 sims_boxwide=17 attempt=1
[19:04:47] DONE drhZ_south_half_202 rc=0 308s drhZ south/half seed=202 rescued=4 dead=0 unreachable=0 never_detected=0 ff_deaths=0 terminal=193 completions=4 recycles=4 removals=4 returns=4 wall=296s [valid 36/66]
[19:04:47] DONE drhD_south_half_202 rc=0 322s drhD south/half seed=202 rescued=3 dead=0 unreachable=0 never_detected=0 ff_deaths=1 terminal=None completions=3 recycles=3 removals=3 returns=3 wall=317s [valid 37/66]
[19:04:48] LAUNCH drhK_east_half_606 running=17 free_kb=7869220 sims_boxwide=16 attempt=1
[19:05:00] DONE drhD_south_half_101 rc=0 366s drhD south/half seed=101 rescued=2 dead=1 unreachable=1 never_detected=0 ff_deaths=2 terminal=159 completions=2 recycles=2 removals=2 returns=2 wall=360s [valid 38/66]
[19:05:01] LAUNCH drhK_east_half_707 running=17 free_kb=8786656 sims_boxwide=15 attempt=1
[19:05:13] DONE drhZ_east_half_222 rc=0 764s drhZ east/half seed=222 rescued=2 dead=0 unreachable=1 never_detected=1 ff_deaths=0 terminal=None completions=2 recycles=2 removals=2 returns=2 wall=749s [valid 39/66]
[19:05:14] LAUNCH drhK_east_half_808 running=17 free_kb=7932016 sims_boxwide=16 attempt=1
[19:05:19] .. alive runid=20260913-182313-6836 event_age=5s | wave=wave total=66 valid=39 running=17 pending=10 launched=56 failed=0 gaveup=0 forkfail=0 free_kb=7932016 sims_boxwide=16 last_event_age=0s last_event_epoch=1789319114
[19:05:26] DONE drhZ_south_half_303 rc=0 321s drhZ south/half seed=303 rescued=3 dead=1 unreachable=0 never_detected=0 ff_deaths=1 terminal=216 completions=3 recycles=3 removals=3 returns=3 wall=312s [valid 40/66]
[19:05:27] LAUNCH drhK_east_half_909 running=17 free_kb=7959316 sims_boxwide=16 attempt=1
[19:05:40] LAUNCH drhK_east_half_111 running=18 free_kb=7080092 sims_boxwide=17 attempt=1
[19:05:52] DONE drhD_south_half_505 rc=0 265s drhD south/half seed=505 rescued=3 dead=1 unreachable=0 never_detected=0 ff_deaths=0 terminal=114 completions=3 recycles=3 removals=3 returns=3 wall=261s [valid 41/66]
[19:05:53] LAUNCH drhK_east_half_222 running=18 free_kb=7110628 sims_boxwide=17 attempt=1
[19:06:06] DONE drhZ_south_half_101 rc=0 413s drhZ south/half seed=101 rescued=3 dead=0 unreachable=0 never_detected=0 ff_deaths=1 terminal=None completions=3 recycles=3 removals=3 returns=3 wall=408s [valid 42/66]
[19:06:06] LAUNCH drhK_east_half_333 running=18 free_kb=7118408 sims_boxwide=17 attempt=1
[19:06:19] .. alive runid=20260913-182313-6836 event_age=13s | wave=wave total=66 valid=42 running=18 pending=6 launched=60 failed=0 gaveup=0 forkfail=0 free_kb=7118408 sims_boxwide=17 last_event_age=0s last_event_epoch=1789319166
[19:06:19] DONE drhD_south_half_404 rc=0 355s drhD south/half seed=404 rescued=3 dead=1 unreachable=0 never_detected=0 ff_deaths=0 terminal=189 completions=3 recycles=3 removals=3 returns=3 wall=348s [valid 43/66]
[19:06:20] LAUNCH drhK_east_half_444 running=18 free_kb=7133228 sims_boxwide=17 attempt=1
[19:07:15] DONE drhZ_south_half_404 rc=0 364s drhZ south/half seed=404 rescued=4 dead=0 unreachable=0 never_detected=0 ff_deaths=0 terminal=141 completions=4 recycles=4 removals=4 returns=4 wall=363s [valid 44/66]
[19:07:16] LAUNCH drhK_south_half_101 running=18 free_kb=7061832 sims_boxwide=17 attempt=1
[19:07:19] .. alive runid=20260913-182313-6836 event_age=4s | wave=wave total=66 valid=44 running=18 pending=4 launched=62 failed=0 gaveup=0 forkfail=0 free_kb=7061832 sims_boxwide=17 last_event_age=1s last_event_epoch=1789319235
[19:07:28] DONE drhZ_south_half_505 rc=0 325s drhZ south/half seed=505 rescued=3 dead=1 unreachable=0 never_detected=0 ff_deaths=0 terminal=108 completions=3 recycles=3 removals=3 returns=3 wall=321s [valid 45/66]
[19:07:29] LAUNCH drhK_south_half_202 running=18 free_kb=7176320 sims_boxwide=17 attempt=1
[19:08:01] DONE drhK_east_half_707 rc=0 179s drhK east/half seed=707 rescued=2 dead=0 unreachable=2 never_detected=2 ff_deaths=0 terminal=210 completions=2 recycles=2 removals=2 returns=2 wall=178s [valid 46/66]
[19:08:01] LAUNCH drhK_south_half_303 running=18 free_kb=7101988 sims_boxwide=17 attempt=1
[19:08:19] .. alive runid=20260913-182313-6836 event_age=18s | wave=wave total=66 valid=46 running=18 pending=2 launched=64 failed=0 gaveup=0 forkfail=0 free_kb=7101988 sims_boxwide=17 last_event_age=0s last_event_epoch=1789319281
[19:09:19] .. alive runid=20260913-182313-6836 event_age=78s | wave=wave total=66 valid=46 running=18 pending=2 launched=64 failed=0 gaveup=0 forkfail=0 free_kb=7101988 sims_boxwide=17 last_event_age=0s last_event_epoch=1789319281
[19:10:19] .. alive runid=20260913-182313-6836 event_age=138s | wave=wave total=66 valid=46 running=18 pending=2 launched=64 failed=0 gaveup=0 forkfail=0 free_kb=7101988 sims_boxwide=17 last_event_age=0s last_event_epoch=1789319281
[19:10:20] DONE drgDa_D_east rc=0 2824s | drgDa east seed 101 done 534.0s: rescued=4 dead=0 ff_deaths=1 | fires=0 recoveries=0 bad_assign=0 | drgDa east seed 202 done 537.4s: rescued=3 dead=1 ff_deaths=0 | fires=0 recoveries=0 bad_assign=0 | drgDa east seed 303 done 693.3s: rescued=3 dead=1 ff_deaths=0 | fires=5 recoveries=3 bad_assign=3 | drgDa east seed 404 done 615.2s: rescued=2 dead=2 ff_deaths=1 | fires=8 recoveries=5 bad_assign=3 | drgDa east seed 505 done 443.1s: rescued=3 dead=1 ff_deaths=0 | fires=8 recoveries=5 bad_assign=3  [valid 47/66]
[19:10:21] LAUNCH drhK_south_half_404 running=18 free_kb=6996792 sims_boxwide=17 attempt=1
[19:11:12] DONE drhK_east_half_444 rc=0 292s drhK east/half seed=444 rescued=4 dead=0 unreachable=0 never_detected=0 ff_deaths=0 terminal=226 completions=4 recycles=4 removals=4 returns=4 wall=291s [valid 48/66]
[19:11:13] LAUNCH drhK_south_half_505 running=18 free_kb=6969776 sims_boxwide=17 attempt=1
[19:11:19] .. alive runid=20260913-182313-6836 event_age=6s | wave=wave total=66 valid=48 running=18 pending=0 launched=66 failed=0 gaveup=0 forkfail=0 free_kb=6969776 sims_boxwide=17 last_event_age=0s last_event_epoch=1789319473
[19:11:26] DONE drhK_east_half_101 rc=0 548s drhK east/half seed=101 rescued=4 dead=0 unreachable=0 never_detected=0 ff_deaths=1 terminal=127 completions=4 recycles=4 removals=4 returns=4 wall=541s [valid 49/66]
[19:11:26] DONE drhK_east_half_202 rc=0 536s drhK east/half seed=202 rescued=3 dead=1 unreachable=0 never_detected=0 ff_deaths=0 terminal=104 completions=3 recycles=3 removals=3 returns=3 wall=524s [valid 50/66]
[19:12:19] .. alive runid=20260913-182313-6836 event_age=53s | wave=wave total=66 valid=50 running=16 pending=0 launched=66 failed=0 gaveup=0 forkfail=0 free_kb=6969776 sims_boxwide=17 last_event_age=0s last_event_epoch=1789319486
[19:12:22] DONE drhK_east_half_505 rc=0 468s drhK east/half seed=505 rescued=3 dead=1 unreachable=0 never_detected=0 ff_deaths=0 terminal=109 completions=3 recycles=3 removals=3 returns=3 wall=466s [valid 51/66]
[19:12:33] DONE drhK_south_half_303 rc=0 272s drhK south/half seed=303 rescued=4 dead=0 unreachable=0 never_detected=0 ff_deaths=1 terminal=114 completions=4 recycles=4 removals=4 returns=4 wall=270s [valid 52/66]
[19:12:43] DONE drhK_south_half_202 rc=0 314s drhK south/half seed=202 rescued=3 dead=0 unreachable=0 never_detected=0 ff_deaths=1 terminal=None completions=3 recycles=3 removals=3 returns=3 wall=313s [valid 53/66]
[19:13:14] DONE drhK_south_half_101 rc=0 359s drhK south/half seed=101 rescued=2 dead=1 unreachable=1 never_detected=0 ff_deaths=2 terminal=159 completions=2 recycles=2 removals=2 returns=2 wall=357s [valid 54/66]
[19:13:19] .. alive runid=20260913-182313-6836 event_age=5s | wave=wave total=66 valid=54 running=12 pending=0 launched=66 failed=0 gaveup=0 forkfail=0 free_kb=6969776 sims_boxwide=17 last_event_age=0s last_event_epoch=1789319594
[19:13:23] DONE drhK_east_half_808 rc=0 489s drhK east/half seed=808 rescued=3 dead=1 unreachable=0 never_detected=0 ff_deaths=0 terminal=99 completions=3 recycles=3 removals=3 returns=3 wall=487s [valid 55/66]
[19:13:51] DONE drhK_east_half_333 rc=0 465s drhK east/half seed=333 rescued=3 dead=1 unreachable=0 never_detected=0 ff_deaths=0 terminal=98 completions=3 recycles=3 removals=3 returns=3 wall=463s [valid 56/66]
[19:14:15] DONE drhK_east_half_404 rc=0 599s drhK east/half seed=404 rescued=2 dead=2 unreachable=0 never_detected=0 ff_deaths=1 terminal=162 completions=2 recycles=2 removals=2 returns=2 wall=598s [valid 57/66]
[19:14:19] .. alive runid=20260913-182313-6836 event_age=4s | wave=wave total=66 valid=57 running=9 pending=0 launched=66 failed=0 gaveup=0 forkfail=0 free_kb=6969776 sims_boxwide=17 last_event_age=0s last_event_epoch=1789319655
[19:14:35] DONE drhK_east_half_909 rc=0 548s drhK east/half seed=909 rescued=4 dead=0 unreachable=0 never_detected=0 ff_deaths=1 terminal=122 completions=4 recycles=4 removals=4 returns=4 wall=547s [valid 58/66]
[19:14:53] DONE drhK_east_half_303 rc=0 654s drhK east/half seed=303 rescued=3 dead=1 unreachable=0 never_detected=0 ff_deaths=0 terminal=219 completions=3 recycles=3 removals=3 returns=3 wall=653s [valid 59/66]
[19:15:00] DONE drhK_east_half_111 rc=0 560s drhK east/half seed=111 rescued=4 dead=0 unreachable=0 never_detected=0 ff_deaths=0 terminal=142 completions=4 recycles=4 removals=4 returns=4 wall=558s [valid 60/66]
[19:15:05] DONE drgKa_D_east rc=0 3007s | drgKa east seed 101 done 615.0s: rescued=4 dead=0 ff_deaths=1 | fires=0 recoveries=0 bad_assign=0 | drgKa east seed 202 done 573.0s: rescued=3 dead=1 ff_deaths=0 | fires=0 recoveries=0 bad_assign=0 | drgKa east seed 303 done 723.4s: rescued=3 dead=1 ff_deaths=0 | fires=5 recoveries=3 bad_assign=3 | drgKa east seed 404 done 652.0s: rescued=2 dead=2 ff_deaths=1 | fires=8 recoveries=5 bad_assign=3 | drgKa east seed 505 done 442.2s: rescued=3 dead=1 ff_deaths=0 | fires=8 recoveries=5 bad_assign=3  [valid 61/66]
[19:15:05] DONE drhK_south_half_505 rc=0 232s drhK south/half seed=505 rescued=3 dead=1 unreachable=0 never_detected=0 ff_deaths=0 terminal=114 completions=3 recycles=3 removals=3 returns=3 wall=231s [valid 62/66]
[19:15:16] DONE drhK_east_half_222 rc=0 563s drhK east/half seed=222 rescued=4 dead=0 unreachable=0 never_detected=0 ff_deaths=1 terminal=138 completions=4 recycles=4 removals=4 returns=4 wall=561s [valid 63/66]
[19:15:20] .. alive runid=20260913-182313-6836 event_age=4s | wave=wave total=66 valid=63 running=3 pending=0 launched=66 failed=0 gaveup=0 forkfail=0 free_kb=6969776 sims_boxwide=17 last_event_age=0s last_event_epoch=1789319716
[19:15:40] DONE drhK_south_half_404 rc=0 319s drhK south/half seed=404 rescued=3 dead=1 unreachable=0 never_detected=0 ff_deaths=0 terminal=189 completions=3 recycles=3 removals=3 returns=3 wall=318s [valid 64/66]
[19:16:18] DONE drhK_east_half_606 rc=0 689s drhK east/half seed=606 rescued=3 dead=1 unreachable=0 never_detected=0 ff_deaths=1 terminal=207 completions=3 recycles=3 removals=3 returns=3 wall=688s [valid 65/66]
[19:16:20] .. alive runid=20260913-182313-6836 event_age=3s | wave=wave total=66 valid=65 running=1 pending=0 launched=66 failed=0 gaveup=0 forkfail=0 free_kb=6969776 sims_boxwide=17 last_event_age=1s last_event_epoch=1789319777
[19:17:20] .. alive runid=20260913-182313-6836 event_age=63s | wave=wave total=66 valid=65 running=1 pending=0 launched=66 failed=0 gaveup=0 forkfail=0 free_kb=6969776 sims_boxwide=17 last_event_age=1s last_event_epoch=1789319777
[19:18:20] .. alive runid=20260913-182313-6836 event_age=123s | wave=wave total=66 valid=65 running=1 pending=0 launched=66 failed=0 gaveup=0 forkfail=0 free_kb=6969776 sims_boxwide=17 last_event_age=1s last_event_epoch=1789319777
[19:19:20] .. alive runid=20260913-182313-6836 event_age=183s | wave=wave total=66 valid=65 running=1 pending=0 launched=66 failed=0 gaveup=0 forkfail=0 free_kb=6969776 sims_boxwide=17 last_event_age=1s last_event_epoch=1789319777
[19:19:53] DONE drgZa_D_east rc=0 3347s | drgZa east seed 101 done 723.1s: rescued=2 dead=1 ff_deaths=1 | fires=5 recoveries=1 bad_assign=1 | drgZa east seed 202 done 764.4s: rescued=2 dead=1 ff_deaths=1 | fires=7 recoveries=3 bad_assign=2 | drgZa east seed 303 done 745.0s: rescued=3 dead=1 ff_deaths=0 | fires=11 recoveries=6 bad_assign=5 | drgZa east seed 404 done 600.7s: rescued=2 dead=2 ff_deaths=1 | fires=12 recoveries=6 bad_assign=5 | drgZa east seed 505 done 512.0s: rescued=2 dead=1 ff_deaths=0 | fires=13 recoveries=7 bad_assign=5  [valid 66/66]
[19:19:53] MAIN LOOP LEFT pending=0 running=0
[19:19:53] FINAL SUMMARY total=66 valid=66 invalid=0 missing=0
[19:19:54] FINAL wave=wave SUMMARY total=66 valid=66 invalid=0 missing=0 live_this_wave=0 sims_boxwide=0
[19:19:54] ALL_DCD4RB_COMPLETE wave=wave runid=20260913-182313-6836 valid=66/66 launched=66 failed=0 forkfail=0
[19:20:20] HEARTBEAT EXIT wave=wave runid=20260913-182313-6836 (sentinel)
