[21:01:36] POOL START wave=dcd4loss runid=20260913-210136-1690 restart=0 pid=1690 winpid=656 head=9d91156 dirty_tracked=0 queue=outputs/_dcd4loss_queue.txt maxpar=8 minfree_kb=3500000
[21:01:37] ENV 3.10.11 mesa 1.2.1  prereg_sha256=f5f422b59d7db16b queue_sha256=d74a3aedf7f12d77
[21:01:37] SHIPPED BASE_STATION_MODE=0 BASE_STATION_RETURN_MECHANISM=2 BASE_STATION_DEPOTS=0 BASE_STATION_SPAWN_SPLIT=0 UAV_RETURN_TO_BASE_RESERVE=60.0 BASE_STATION_RETURN_MARGIN=5.0 BASE_STATION_DOCK_FIX=2 BASE_STATION_RETURN_STALL_LIMIT=3 BASE_STATION_WAYPOINT_FIX=1 ROUTE_BLOCK_STALE_CLEAR=1 VICTIM_SEARCHER_HAZARD_RETREAT_RANGE=99
[21:01:38] VALIDATE total=8 valid=0 invalid=0 missing=8
[21:01:38] START STATE wave=dcd4loss total=8 valid=0 pending=8 live_orphans_this_wave=0 sims_boxwide=0 free_kb=23846184
[21:01:38] HEARTBEAT pid=1728 every 60s -> outputs/_dcd4loss_wave.log ; state file outputs/_dcd4loss_state.txt ; sentinel outputs/_dcd4loss_hb_20260913-210136-1690.stop
[21:01:38] LAUNCH dlS_east_half_707 running=1 free_kb=23837868 sims_boxwide=0 attempt=1
[21:01:44] LAUNCH dlS_south_half_101 running=2 free_kb=22963776 sims_boxwide=1 attempt=1
[21:01:50] LAUNCH dlS_south_half_202 running=3 free_kb=22132708 sims_boxwide=2 attempt=1
[21:01:55] LAUNCH dlS_south_half_404 running=4 free_kb=21292184 sims_boxwide=3 attempt=1
[21:02:01] LAUNCH dlF_east_half_707 running=5 free_kb=20423600 sims_boxwide=4 attempt=1
[21:02:07] LAUNCH dlF_south_half_101 running=6 free_kb=19561992 sims_boxwide=5 attempt=1
[21:02:13] LAUNCH dlF_south_half_202 running=7 free_kb=18674256 sims_boxwide=6 attempt=1
[21:02:18] LAUNCH dlF_south_half_404 running=8 free_kb=17812228 sims_boxwide=7 attempt=1
[21:02:38] .. alive runid=20260913-210136-1690 event_age=20s | wave=dcd4loss total=8 valid=0 running=8 pending=0 launched=8 failed=0 gaveup=0 forkfail=0 free_kb=17812228 sims_boxwide=7 last_event_age=0s last_event_epoch=1789326138
[21:03:38] .. alive runid=20260913-210136-1690 event_age=80s | wave=dcd4loss total=8 valid=0 running=8 pending=0 launched=8 failed=0 gaveup=0 forkfail=0 free_kb=17812228 sims_boxwide=7 last_event_age=0s last_event_epoch=1789326138
[21:04:03] DONE dlS_east_half_707 rc=0 145s dlS east/half seed=707 rescued=2 dead=0 unreachable=2 never_detected=2 ff_deaths=0 terminal=210 completions=2 recycles=2 removals=2 returns=2 wall=143s [valid 1/8]
[21:04:33] DONE dlF_east_half_707 rc=0 152s dlF east/half seed=707 rescued=2 dead=0 unreachable=2 never_detected=2 ff_deaths=0 terminal=210 completions=2 recycles=2 removals=2 returns=2 wall=150s [valid 2/8]
[21:04:38] .. alive runid=20260913-210136-1690 event_age=5s | wave=dcd4loss total=8 valid=2 running=6 pending=0 launched=8 failed=0 gaveup=0 forkfail=0 free_kb=17812228 sims_boxwide=7 last_event_age=0s last_event_epoch=1789326273
[21:05:38] .. alive runid=20260913-210136-1690 event_age=65s | wave=dcd4loss total=8 valid=2 running=6 pending=0 launched=8 failed=0 gaveup=0 forkfail=0 free_kb=17812228 sims_boxwide=7 last_event_age=0s last_event_epoch=1789326273
[21:06:08] DONE dlS_south_half_202 rc=0 258s dlS south/half seed=202 rescued=3 dead=0 unreachable=0 never_detected=0 ff_deaths=1 terminal=None completions=3 recycles=3 removals=3 returns=3 wall=257s [valid 3/8]
[21:06:13] DONE dlF_south_half_202 rc=0 240s dlF south/half seed=202 rescued=4 dead=0 unreachable=0 never_detected=0 ff_deaths=0 terminal=116 completions=4 recycles=4 removals=4 returns=4 wall=239s [valid 4/8]
[21:06:38] .. alive runid=20260913-210136-1690 event_age=25s | wave=dcd4loss total=8 valid=4 running=4 pending=0 launched=8 failed=0 gaveup=0 forkfail=0 free_kb=17812228 sims_boxwide=7 last_event_age=0s last_event_epoch=1789326373
[21:06:50] DONE dlS_south_half_101 rc=0 306s dlS south/half seed=101 rescued=2 dead=1 unreachable=1 never_detected=0 ff_deaths=2 terminal=159 completions=2 recycles=2 removals=2 returns=2 wall=305s [valid 5/8]
[21:06:58] DONE dlS_south_half_404 rc=0 303s dlS south/half seed=404 rescued=3 dead=1 unreachable=0 never_detected=0 ff_deaths=0 terminal=189 completions=3 recycles=3 removals=3 returns=3 wall=301s [valid 6/8]
[21:07:16] DONE dlF_south_half_101 rc=0 309s dlF south/half seed=101 rescued=4 dead=0 unreachable=0 never_detected=0 ff_deaths=0 terminal=164 completions=4 recycles=4 removals=4 returns=4 wall=308s [valid 7/8]
[21:07:31] DONE dlF_south_half_404 rc=0 313s dlF south/half seed=404 rescued=3 dead=1 unreachable=0 never_detected=0 ff_deaths=1 terminal=209 completions=3 recycles=3 removals=3 returns=3 wall=311s [valid 8/8]
[21:07:31] MAIN LOOP LEFT pending=0 running=0
[21:07:32] FINAL SUMMARY total=8 valid=8 invalid=0 missing=0
[21:07:32] FINAL wave=dcd4loss SUMMARY total=8 valid=8 invalid=0 missing=0 live_this_wave=0 sims_boxwide=0
[21:07:32] ALL_DCD4RB_COMPLETE wave=dcd4loss runid=20260913-210136-1690 valid=8/8 launched=8 failed=0 forkfail=0
[21:07:38] HEARTBEAT EXIT wave=dcd4loss runid=20260913-210136-1690 (sentinel)
