[15:51:09] POOL START runid=20260913-155109-1877 restart=0 pid=1877 winpid=17732 head=1122780 dirty_tracked=0 queue=outputs/_dcd4_queue.txt maxpar=12 minfree_kb=4000000
[15:51:10] ENV 3.10.11 mesa 1.2.1  prereg_sha256=3a4169a05cf199df queue_sha256=b9cf02df33a9a430
[15:51:11] VALIDATE total=96 valid=0 invalid=0 missing=96
[15:51:11] START STATE total=96 valid=0 pending=96 live_orphans_this_wave=0 sims_boxwide=0 free_kb=24529480
[15:51:11] HEARTBEAT pid=1912 every 60s -> outputs/_dcd4_wave.log ; state file outputs/_dcd4_state.txt ; sentinel outputs/_dcd4_hb_20260913-155109-1877.stop
[15:51:12] LAUNCH d4xD_east_half_303 running=1 free_kb=24521812 sims_boxwide=0 attempt=1
[15:51:24] LAUNCH d4xD_south_half_808 running=2 free_kb=23610332 sims_boxwide=1 attempt=1
[15:51:37] LAUNCH d4xA_south_half_606 running=3 free_kb=22655744 sims_boxwide=2 attempt=1
[15:51:50] LAUNCH d4xA_east_def_202 running=4 free_kb=21889992 sims_boxwide=3 attempt=1
[15:52:02] LAUNCH d4x0_east_half_404 running=5 free_kb=20978232 sims_boxwide=4 attempt=1
[15:52:11] .. alive runid=20260913-155109-1877 event_age=9s | total=96 valid=0 running=5 pending=91 launched=5 failed=0 gaveup=0 forkfail=0 free_kb=20978232 sims_boxwide=4 last_event_age=0s last_event_epoch=1789307522
[15:52:15] LAUNCH d4x0_south_half_1010 running=6 free_kb=20077804 sims_boxwide=5 attempt=1
[15:52:28] LAUNCH d4off_east_half_1686422896 running=7 free_kb=19291528 sims_boxwide=6 attempt=1
[15:52:41] LAUNCH d4D_east_half_1686422896 running=8 free_kb=18449616 sims_boxwide=7 attempt=1
[15:52:53] LAUNCH d4off_east_half_339529960 running=9 free_kb=17570204 sims_boxwide=8 attempt=1
[15:53:06] LAUNCH d4D_east_half_339529960 running=10 free_kb=16700216 sims_boxwide=9 attempt=1
[15:53:11] .. alive runid=20260913-155109-1877 event_age=5s | total=96 valid=0 running=10 pending=86 launched=10 failed=0 gaveup=0 forkfail=0 free_kb=16700216 sims_boxwide=9 last_event_age=0s last_event_epoch=1789307586
[15:53:19] LAUNCH d4off_east_half_1323590814 running=11 free_kb=15820988 sims_boxwide=10 attempt=1
[15:53:32] LAUNCH d4D_east_half_1323590814 running=12 free_kb=14932344 sims_boxwide=11 attempt=1
[15:54:11] .. alive runid=20260913-155109-1877 event_age=39s | total=96 valid=0 running=12 pending=84 launched=12 failed=0 gaveup=0 forkfail=0 free_kb=14932344 sims_boxwide=11 last_event_age=0s last_event_epoch=1789307612
[15:55:11] .. alive runid=20260913-155109-1877 event_age=99s | total=96 valid=0 running=12 pending=84 launched=12 failed=0 gaveup=0 forkfail=0 free_kb=14932344 sims_boxwide=11 last_event_age=0s last_event_epoch=1789307612
[15:56:11] .. alive runid=20260913-155109-1877 event_age=159s | total=96 valid=0 running=12 pending=84 launched=12 failed=0 gaveup=0 forkfail=0 free_kb=14932344 sims_boxwide=11 last_event_age=0s last_event_epoch=1789307612
[15:57:12] .. alive runid=20260913-155109-1877 event_age=220s | total=96 valid=0 running=12 pending=84 launched=12 failed=0 gaveup=0 forkfail=0 free_kb=14932344 sims_boxwide=11 last_event_age=0s last_event_epoch=1789307612
[15:58:12] .. alive runid=20260913-155109-1877 event_age=280s | total=96 valid=0 running=12 pending=84 launched=12 failed=0 gaveup=0 forkfail=0 free_kb=14932344 sims_boxwide=11 last_event_age=0s last_event_epoch=1789307612
[15:58:19] DONE d4xD_south_half_808 rc=0 414s d4xD south/half seed=808 rescued=2 dead=1 unreachable=0 never_detected=0 ff_deaths=0 terminal=None completions=2 recycles=2 removals=2 returns=2 wall=413s [valid 1/96]
[15:58:19] LAUNCH d4off_east_half_565244337 running=12 free_kb=14691348 sims_boxwide=11 attempt=1
[15:58:32] DONE d4xA_east_def_202 rc=0 401s d4xA east/default seed=202 rescued=3 dead=1 unreachable=0 never_detected=0 ff_deaths=0 terminal=181 completions=3 recycles=3 removals=3 returns=3 wall=394s [valid 2/96]
[15:58:32] LAUNCH d4D_east_half_565244337 running=12 free_kb=14698452 sims_boxwide=11 attempt=1
[15:59:12] .. alive runid=20260913-155109-1877 event_age=40s | total=96 valid=2 running=12 pending=82 launched=14 failed=0 gaveup=0 forkfail=0 free_kb=14698452 sims_boxwide=11 last_event_age=0s last_event_epoch=1789307912
[15:59:46] DONE d4xA_south_half_606 rc=0 488s d4xA south/half seed=606 rescued=3 dead=1 unreachable=0 never_detected=0 ff_deaths=0 terminal=185 completions=3 recycles=3 removals=3 returns=3 wall=487s [valid 3/96]
[15:59:46] LAUNCH d4off_east_half_1799457742 running=12 free_kb=14698124 sims_boxwide=11 attempt=1
[16:00:12] .. alive runid=20260913-155109-1877 event_age=26s | total=96 valid=3 running=12 pending=81 launched=15 failed=0 gaveup=0 forkfail=0 free_kb=14698124 sims_boxwide=11 last_event_age=0s last_event_epoch=1789307986
[16:01:10] DONE d4x0_south_half_1010 rc=0 535s d4x0 south/half seed=1010 rescued=2 dead=0 unreachable=0 never_detected=0 ff_deaths=1 terminal=None completions=2 recycles=2 removals=2 returns=2 wall=533s [valid 4/96]
[16:01:11] LAUNCH d4D_east_half_1799457742 running=12 free_kb=14648712 sims_boxwide=11 attempt=1
[16:01:12] .. alive runid=20260913-155109-1877 event_age=1s | total=96 valid=4 running=12 pending=80 launched=16 failed=0 gaveup=0 forkfail=0 free_kb=14648712 sims_boxwide=11 last_event_age=0s last_event_epoch=1789308071
[16:02:12] .. alive runid=20260913-155109-1877 event_age=61s | total=96 valid=4 running=12 pending=80 launched=16 failed=0 gaveup=0 forkfail=0 free_kb=14648712 sims_boxwide=11 last_event_age=0s last_event_epoch=1789308071
[16:03:12] .. alive runid=20260913-155109-1877 event_age=121s | total=96 valid=4 running=12 pending=80 launched=16 failed=0 gaveup=0 forkfail=0 free_kb=14648712 sims_boxwide=11 last_event_age=0s last_event_epoch=1789308071
[16:04:12] .. alive runid=20260913-155109-1877 event_age=181s | total=96 valid=4 running=12 pending=80 launched=16 failed=0 gaveup=0 forkfail=0 free_kb=14648712 sims_boxwide=11 last_event_age=0s last_event_epoch=1789308071
[16:05:12] .. alive runid=20260913-155109-1877 event_age=241s | total=96 valid=4 running=12 pending=80 launched=16 failed=0 gaveup=0 forkfail=0 free_kb=14648712 sims_boxwide=11 last_event_age=0s last_event_epoch=1789308071
[16:05:30] DONE d4D_east_half_1686422896 rc=0 769s d4D east/half seed=1686422896 rescued=3 dead=1 unreachable=0 never_detected=0 ff_deaths=0 terminal=104 completions=3 recycles=3 removals=3 returns=3 wall=768s [valid 5/96]
[16:05:31] LAUNCH d4off_east_half_213441142 running=12 free_kb=14667944 sims_boxwide=11 attempt=1
[16:05:46] DONE d4off_east_half_1323590814 rc=0 747s d4off east/half seed=1323590814 rescued=1 dead=0 unreachable=3 never_detected=0 ff_deaths=2 terminal=134 completions=1 recycles=1 removals=1 returns=1 wall=745s [valid 6/96]
[16:05:47] LAUNCH d4D_east_half_213441142 running=12 free_kb=14717132 sims_boxwide=11 attempt=1
[16:06:08] DONE d4D_east_half_339529960 rc=0 781s d4D east/half seed=339529960 rescued=4 dead=0 unreachable=0 never_detected=0 ff_deaths=0 terminal=142 completions=4 recycles=4 removals=4 returns=4 wall=780s [valid 7/96]
[16:06:08] LAUNCH d4off_east_half_1038975554 running=12 free_kb=14723956 sims_boxwide=11 attempt=1
[16:06:12] .. alive runid=20260913-155109-1877 event_age=4s | total=96 valid=7 running=12 pending=77 launched=19 failed=0 gaveup=0 forkfail=0 free_kb=14723956 sims_boxwide=11 last_event_age=0s last_event_epoch=1789308368
[16:06:37] DONE d4x0_east_half_404 rc=0 875s d4x0 east/half seed=404 rescued=2 dead=2 unreachable=0 never_detected=0 ff_deaths=1 terminal=162 completions=2 recycles=2 removals=2 returns=2 wall=873s [valid 8/96]
[16:06:38] LAUNCH d4D_east_half_1038975554 running=12 free_kb=14671968 sims_boxwide=11 attempt=1
[16:07:12] .. alive runid=20260913-155109-1877 event_age=34s | total=96 valid=8 running=12 pending=76 launched=20 failed=0 gaveup=0 forkfail=0 free_kb=14671968 sims_boxwide=11 last_event_age=0s last_event_epoch=1789308398
[16:07:17] DONE d4xD_east_half_303 rc=0 964s d4xD east/half seed=303 rescued=3 dead=1 unreachable=0 never_detected=0 ff_deaths=0 terminal=219 completions=3 recycles=3 removals=3 returns=3 wall=963s [valid 9/96]
[16:07:17] LAUNCH d4off_east_half_899534678 running=12 free_kb=14607840 sims_boxwide=11 attempt=1
[16:08:12] .. alive runid=20260913-155109-1877 event_age=55s | total=96 valid=9 running=12 pending=75 launched=21 failed=0 gaveup=0 forkfail=0 free_kb=14607840 sims_boxwide=11 last_event_age=0s last_event_epoch=1789308437
[16:08:27] DONE d4off_east_half_339529960 rc=0 934s d4off east/half seed=339529960 rescued=3 dead=1 unreachable=0 never_detected=0 ff_deaths=1 terminal=186 completions=3 recycles=3 removals=3 returns=3 wall=932s [valid 10/96]
[16:08:28] LAUNCH d4D_east_half_899534678 running=12 free_kb=14704144 sims_boxwide=11 attempt=1
[16:08:49] DONE d4off_east_half_1686422896 rc=0 980s d4off east/half seed=1686422896 rescued=2 dead=1 unreachable=1 never_detected=1 ff_deaths=0 terminal=210 completions=2 recycles=2 removals=2 returns=2 wall=979s [valid 11/96]
[16:08:49] LAUNCH d4off_east_half_2116546930 running=12 free_kb=14636476 sims_boxwide=11 attempt=1
[16:09:02] DONE d4D_east_half_1323590814 rc=0 929s d4D east/half seed=1323590814 rescued=3 dead=1 unreachable=0 never_detected=0 ff_deaths=0 terminal=171 completions=3 recycles=3 removals=3 returns=3 wall=922s [valid 12/96]
[16:09:02] LAUNCH d4D_east_half_2116546930 running=12 free_kb=14654672 sims_boxwide=11 attempt=1
[16:09:13] .. alive runid=20260913-155109-1877 event_age=11s | total=96 valid=12 running=12 pending=72 launched=24 failed=0 gaveup=0 forkfail=0 free_kb=14654672 sims_boxwide=11 last_event_age=0s last_event_epoch=1789308542
[16:09:47] DONE d4off_east_half_565244337 rc=0 687s d4off east/half seed=565244337 rescued=2 dead=2 unreachable=0 never_detected=0 ff_deaths=1 terminal=108 completions=2 recycles=2 removals=2 returns=2 wall=685s [valid 13/96]
[16:09:47] LAUNCH d4off_east_half_1659006522 running=12 free_kb=14673712 sims_boxwide=11 attempt=1
[16:10:13] .. alive runid=20260913-155109-1877 event_age=26s | total=96 valid=13 running=12 pending=71 launched=25 failed=0 gaveup=0 forkfail=0 free_kb=14673712 sims_boxwide=11 last_event_age=0s last_event_epoch=1789308587
[16:10:42] DONE d4D_east_half_565244337 rc=0 730s d4D east/half seed=565244337 rescued=3 dead=1 unreachable=0 never_detected=0 ff_deaths=0 terminal=136 completions=3 recycles=3 removals=3 returns=3 wall=728s [valid 14/96]
[16:10:43] LAUNCH d4D_east_half_1659006522 running=12 free_kb=14668408 sims_boxwide=11 attempt=1
[16:11:13] .. alive runid=20260913-155109-1877 event_age=30s | total=96 valid=14 running=12 pending=70 launched=26 failed=0 gaveup=0 forkfail=0 free_kb=14668408 sims_boxwide=11 last_event_age=0s last_event_epoch=1789308643
[16:12:13] .. alive runid=20260913-155109-1877 event_age=90s | total=96 valid=14 running=12 pending=70 launched=26 failed=0 gaveup=0 forkfail=0 free_kb=14668408 sims_boxwide=11 last_event_age=0s last_event_epoch=1789308643
[16:12:29] DONE d4D_east_half_1799457742 rc=0 678s d4D east/half seed=1799457742 rescued=4 dead=0 unreachable=0 never_detected=0 ff_deaths=0 terminal=133 completions=4 recycles=4 removals=4 returns=4 wall=677s [valid 15/96]
[16:12:30] LAUNCH d4off_east_half_1626974145 running=12 free_kb=14647336 sims_boxwide=11 attempt=1
[16:13:13] .. alive runid=20260913-155109-1877 event_age=43s | total=96 valid=15 running=12 pending=69 launched=27 failed=0 gaveup=0 forkfail=0 free_kb=14647336 sims_boxwide=11 last_event_age=0s last_event_epoch=1789308750
[16:13:36] DONE d4off_east_half_1799457742 rc=0 830s d4off east/half seed=1799457742 rescued=4 dead=0 unreachable=0 never_detected=0 ff_deaths=1 terminal=233 completions=4 recycles=4 removals=4 returns=4 wall=828s [valid 16/96]
[16:13:37] LAUNCH d4D_east_half_1626974145 running=12 free_kb=14636888 sims_boxwide=11 attempt=1
[16:14:13] .. alive runid=20260913-155109-1877 event_age=36s | total=96 valid=16 running=12 pending=68 launched=28 failed=0 gaveup=0 forkfail=0 free_kb=14636888 sims_boxwide=11 last_event_age=0s last_event_epoch=1789308817
[16:14:33] DONE d4D_east_half_213441142 rc=0 526s d4D east/half seed=213441142 rescued=2 dead=2 unreachable=0 never_detected=0 ff_deaths=0 terminal=111 completions=2 recycles=2 removals=2 returns=2 wall=525s [valid 17/96]
[16:14:34] LAUNCH d4off_east_half_1465634084 running=12 free_kb=14586416 sims_boxwide=11 attempt=1
[16:14:46] DONE d4off_east_half_213441142 rc=0 555s d4off east/half seed=213441142 rescued=2 dead=2 unreachable=0 never_detected=0 ff_deaths=0 terminal=131 completions=2 recycles=2 removals=2 returns=2 wall=547s [valid 18/96]
[16:14:47] LAUNCH d4D_east_half_1465634084 running=12 free_kb=14602056 sims_boxwide=11 attempt=1
[16:15:13] .. alive runid=20260913-155109-1877 event_age=26s | total=96 valid=18 running=12 pending=66 launched=30 failed=0 gaveup=0 forkfail=0 free_kb=14602056 sims_boxwide=11 last_event_age=0s last_event_epoch=1789308887
[16:15:35] DONE d4off_east_half_1038975554 rc=0 567s d4off east/half seed=1038975554 rescued=1 dead=1 unreachable=2 never_detected=0 ff_deaths=2 terminal=149 completions=1 recycles=1 removals=1 returns=1 wall=565s [valid 19/96]
[16:15:36] LAUNCH d4off_east_half_150314831 running=12 free_kb=14624220 sims_boxwide=11 attempt=1
[16:15:50] DONE d4off_east_half_899534678 rc=0 513s d4off east/half seed=899534678 rescued=2 dead=2 unreachable=0 never_detected=0 ff_deaths=1 terminal=120 completions=2 recycles=2 removals=2 returns=2 wall=511s [valid 20/96]
[16:15:51] LAUNCH d4D_east_half_150314831 running=12 free_kb=14660888 sims_boxwide=11 attempt=1
[16:16:13] .. alive runid=20260913-155109-1877 event_age=22s | total=96 valid=20 running=12 pending=64 launched=32 failed=0 gaveup=0 forkfail=0 free_kb=14660888 sims_boxwide=11 last_event_age=0s last_event_epoch=1789308951
[16:16:26] DONE d4D_east_half_899534678 rc=0 477s d4D east/half seed=899534678 rescued=3 dead=1 unreachable=0 never_detected=0 ff_deaths=1 terminal=146 completions=3 recycles=3 removals=3 returns=3 wall=476s [valid 21/96]
[16:16:26] LAUNCH d4off_south_half_207893904 running=12 free_kb=14477156 sims_boxwide=11 attempt=1
[16:17:07] DONE d4D_east_half_1038975554 rc=0 629s d4D east/half seed=1038975554 rescued=3 dead=1 unreachable=0 never_detected=0 ff_deaths=0 terminal=198 completions=3 recycles=3 removals=3 returns=3 wall=628s [valid 22/96]
[16:17:08] LAUNCH d4D_south_half_207893904 running=12 free_kb=14446404 sims_boxwide=11 attempt=1
[16:17:13] .. alive runid=20260913-155109-1877 event_age=5s | total=96 valid=22 running=12 pending=62 launched=34 failed=0 gaveup=0 forkfail=0 free_kb=14446404 sims_boxwide=11 last_event_age=0s last_event_epoch=1789309028
[16:17:28] DONE d4off_east_half_1659006522 rc=0 461s d4off east/half seed=1659006522 rescued=2 dead=2 unreachable=0 never_detected=0 ff_deaths=1 terminal=162 completions=2 recycles=2 removals=2 returns=2 wall=459s [valid 23/96]
[16:17:29] LAUNCH d4off_south_half_990257450 running=12 free_kb=14486212 sims_boxwide=11 attempt=1
[16:18:03] DONE d4D_east_half_2116546930 rc=0 541s d4D east/half seed=2116546930 rescued=3 dead=1 unreachable=0 never_detected=0 ff_deaths=1 terminal=165 completions=3 recycles=3 removals=3 returns=3 wall=539s [valid 24/96]
[16:18:04] LAUNCH d4D_south_half_990257450 running=12 free_kb=14532052 sims_boxwide=11 attempt=1
[16:18:13] .. alive runid=20260913-155109-1877 event_age=9s | total=96 valid=24 running=12 pending=60 launched=36 failed=0 gaveup=0 forkfail=0 free_kb=14532052 sims_boxwide=11 last_event_age=0s last_event_epoch=1789309084
[16:18:16] DONE d4D_east_half_1659006522 rc=0 453s d4D east/half seed=1659006522 rescued=2 dead=2 unreachable=0 never_detected=0 ff_deaths=0 terminal=111 completions=2 recycles=2 removals=2 returns=2 wall=443s [valid 25/96]
[16:18:17] LAUNCH d4off_south_half_301432237 running=12 free_kb=14619084 sims_boxwide=11 attempt=1
[16:18:48] DONE d4off_east_half_2116546930 rc=0 599s d4off east/half seed=2116546930 rescued=3 dead=0 unreachable=1 never_detected=1 ff_deaths=0 terminal=210 completions=3 recycles=3 removals=3 returns=3 wall=597s [valid 26/96]
[16:18:49] LAUNCH d4D_south_half_301432237 running=12 free_kb=14617960 sims_boxwide=11 attempt=1
[16:19:13] .. alive runid=20260913-155109-1877 event_age=24s | total=96 valid=26 running=12 pending=58 launched=38 failed=0 gaveup=0 forkfail=0 free_kb=14617960 sims_boxwide=11 last_event_age=0s last_event_epoch=1789309129
[16:20:13] .. alive runid=20260913-155109-1877 event_age=84s | total=96 valid=26 running=12 pending=58 launched=38 failed=0 gaveup=0 forkfail=0 free_kb=14617960 sims_boxwide=11 last_event_age=0s last_event_epoch=1789309129
[16:21:03] DONE d4off_south_half_207893904 rc=0 276s d4off south/half seed=207893904 rescued=4 dead=0 unreachable=0 never_detected=0 ff_deaths=0 terminal=132 completions=4 recycles=4 removals=4 returns=4 wall=275s [valid 27/96]
[16:21:03] LAUNCH d4off_south_half_423146201 running=12 free_kb=14531744 sims_boxwide=11 attempt=1
[16:21:14] .. alive runid=20260913-155109-1877 event_age=11s | total=96 valid=27 running=12 pending=57 launched=39 failed=0 gaveup=0 forkfail=0 free_kb=14531744 sims_boxwide=11 last_event_age=0s last_event_epoch=1789309263
[16:21:16] DONE d4off_south_half_990257450 rc=0 226s d4off south/half seed=990257450 rescued=3 dead=0 unreachable=1 never_detected=1 ff_deaths=0 terminal=210 completions=3 recycles=3 removals=3 returns=3 wall=217s [valid 28/96]
[16:21:16] LAUNCH d4D_south_half_423146201 running=12 free_kb=15426820 sims_boxwide=10 attempt=1
[16:21:29] DONE d4D_south_half_207893904 rc=0 261s d4D south/half seed=207893904 rescued=4 dead=0 unreachable=0 never_detected=0 ff_deaths=0 terminal=195 completions=4 recycles=4 removals=4 returns=4 wall=246s [valid 29/96]
[16:21:29] DONE d4off_east_half_1626974145 rc=0 539s d4off east/half seed=1626974145 rescued=4 dead=0 unreachable=0 never_detected=0 ff_deaths=1 terminal=181 completions=4 recycles=4 removals=4 returns=4 wall=529s [valid 30/96]
[16:21:30] LAUNCH d4off_south_half_1483537190 running=11 free_kb=15351828 sims_boxwide=10 attempt=1
[16:21:42] DONE d4D_east_half_1626974145 rc=0 485s d4D east/half seed=1626974145 rescued=3 dead=1 unreachable=0 never_detected=0 ff_deaths=0 terminal=108 completions=3 recycles=3 removals=3 returns=3 wall=475s [valid 31/96]
[16:21:43] LAUNCH d4D_south_half_1483537190 running=11 free_kb=15425628 sims_boxwide=10 attempt=1
[16:21:56] LAUNCH d4off_south_half_1587703022 running=12 free_kb=14568584 sims_boxwide=11 attempt=1
[16:22:08] DONE d4D_south_half_990257450 rc=0 244s d4D south/half seed=990257450 rescued=3 dead=0 unreachable=0 never_detected=0 ff_deaths=0 terminal=None completions=3 recycles=3 removals=3 returns=3 wall=243s [valid 32/96]
[16:22:09] LAUNCH d4D_south_half_1587703022 running=12 free_kb=14556216 sims_boxwide=11 attempt=1
[16:22:14] .. alive runid=20260913-155109-1877 event_age=5s | total=96 valid=32 running=12 pending=52 launched=44 failed=0 gaveup=0 forkfail=0 free_kb=14556216 sims_boxwide=11 last_event_age=0s last_event_epoch=1789309329
[16:23:13] DONE d4D_east_half_1465634084 rc=0 506s d4D east/half seed=1465634084 rescued=4 dead=0 unreachable=0 never_detected=0 ff_deaths=0 terminal=151 completions=4 recycles=4 removals=4 returns=4 wall=505s [valid 33/96]
[16:23:14] .. alive runid=20260913-155109-1877 event_age=1s | total=96 valid=33 running=11 pending=52 launched=44 failed=0 gaveup=0 forkfail=0 free_kb=14556216 sims_boxwide=11 last_event_age=0s last_event_epoch=1789309393
[16:23:14] LAUNCH d4off_south_half_1776294962 running=12 free_kb=14588440 sims_boxwide=11 attempt=1
[16:23:27] DONE d4D_south_half_301432237 rc=0 277s d4D south/half seed=301432237 rescued=2 dead=2 unreachable=0 never_detected=0 ff_deaths=0 terminal=192 completions=2 recycles=2 removals=2 returns=2 wall=268s [valid 34/96]
[16:23:27] LAUNCH d4D_south_half_1776294962 running=12 free_kb=14606188 sims_boxwide=11 attempt=1
[16:23:40] DONE d4off_east_half_1465634084 rc=0 545s d4off east/half seed=1465634084 rescued=4 dead=0 unreachable=0 never_detected=0 ff_deaths=0 terminal=165 completions=4 recycles=4 removals=4 returns=4 wall=534s [valid 35/96]
[16:23:40] LAUNCH d4off_south_half_2097141346 running=12 free_kb=14632496 sims_boxwide=11 attempt=1
[16:23:57] DONE d4off_south_half_301432237 rc=0 340s d4off south/half seed=301432237 rescued=3 dead=1 unreachable=0 never_detected=0 ff_deaths=1 terminal=114 completions=3 recycles=3 removals=3 returns=3 wall=339s [valid 36/96]
[16:23:58] LAUNCH d4D_south_half_2097141346 running=12 free_kb=14620928 sims_boxwide=11 attempt=1
[16:24:14] .. alive runid=20260913-155109-1877 event_age=16s | total=96 valid=36 running=12 pending=48 launched=48 failed=0 gaveup=0 forkfail=0 free_kb=14620928 sims_boxwide=11 last_event_age=0s last_event_epoch=1789309438
[16:24:28] DONE d4off_east_half_150314831 rc=0 532s d4off east/half seed=150314831 rescued=2 dead=1 unreachable=1 never_detected=1 ff_deaths=1 terminal=210 completions=2 recycles=2 removals=2 returns=2 wall=530s [valid 37/96]
[16:24:29] LAUNCH d4off_south_half_1817334565 running=12 free_kb=14574544 sims_boxwide=11 attempt=1
[16:25:14] .. alive runid=20260913-155109-1877 event_age=45s | total=96 valid=37 running=12 pending=47 launched=49 failed=0 gaveup=0 forkfail=0 free_kb=14574544 sims_boxwide=11 last_event_age=0s last_event_epoch=1789309469
[16:25:29] DONE d4D_east_half_150314831 rc=0 578s d4D east/half seed=150314831 rescued=3 dead=1 unreachable=0 never_detected=0 ff_deaths=0 terminal=153 completions=3 recycles=3 removals=3 returns=3 wall=577s [valid 38/96]
[16:25:30] LAUNCH d4D_south_half_1817334565 running=12 free_kb=14547284 sims_boxwide=11 attempt=1
[16:25:42] DONE d4off_south_half_1483537190 rc=0 252s d4off south/half seed=1483537190 rescued=3 dead=1 unreachable=0 never_detected=0 ff_deaths=0 terminal=155 completions=3 recycles=3 removals=3 returns=3 wall=239s [valid 39/96]
[16:25:43] LAUNCH d4off_south_half_752343876 running=12 free_kb=14588384 sims_boxwide=11 attempt=1
[16:25:56] DONE d4D_south_half_1483537190 rc=0 253s d4D south/half seed=1483537190 rescued=3 dead=1 unreachable=0 never_detected=0 ff_deaths=0 terminal=147 completions=3 recycles=3 removals=3 returns=3 wall=252s [valid 40/96]
[16:25:57] LAUNCH d4D_south_half_752343876 running=12 free_kb=14592328 sims_boxwide=11 attempt=1
[16:26:14] .. alive runid=20260913-155109-1877 event_age=17s | total=96 valid=40 running=12 pending=44 launched=52 failed=0 gaveup=0 forkfail=0 free_kb=14592328 sims_boxwide=11 last_event_age=0s last_event_epoch=1789309557
[16:26:25] DONE d4D_south_half_423146201 rc=0 309s d4D south/half seed=423146201 rescued=2 dead=2 unreachable=0 never_detected=0 ff_deaths=1 terminal=209 completions=2 recycles=2 removals=2 returns=2 wall=307s [valid 41/96]
[16:26:26] LAUNCH d4off_south_half_1038470813 running=12 free_kb=14535776 sims_boxwide=11 attempt=1
[16:26:38] DONE d4off_south_half_423146201 rc=0 335s d4off south/half seed=423146201 rescued=4 dead=0 unreachable=0 never_detected=0 ff_deaths=1 terminal=226 completions=4 recycles=4 removals=4 returns=4 wall=331s [valid 42/96]
[16:26:39] LAUNCH d4D_south_half_1038470813 running=12 free_kb=14552372 sims_boxwide=11 attempt=1
[16:26:51] DONE d4off_south_half_1776294962 rc=0 217s d4off south/half seed=1776294962 rescued=4 dead=0 unreachable=0 never_detected=0 ff_deaths=0 terminal=95 completions=4 recycles=4 removals=4 returns=4 wall=215s [valid 43/96]
[16:26:52] LAUNCH d4off_south_half_1989343762 running=12 free_kb=14570364 sims_boxwide=11 attempt=1
[16:27:04] DONE d4D_south_half_1587703022 rc=0 295s d4D south/half seed=1587703022 rescued=2 dead=2 unreachable=0 never_detected=0 ff_deaths=0 terminal=234 completions=2 recycles=2 removals=2 returns=2 wall=284s [valid 44/96]
[16:27:05] LAUNCH d4D_south_half_1989343762 running=12 free_kb=14580372 sims_boxwide=11 attempt=1
[16:27:14] .. alive runid=20260913-155109-1877 event_age=9s | total=96 valid=44 running=12 pending=40 launched=56 failed=0 gaveup=0 forkfail=0 free_kb=14580372 sims_boxwide=11 last_event_age=0s last_event_epoch=1789309625
[16:27:17] DONE d4D_south_half_1776294962 rc=0 230s d4D south/half seed=1776294962 rescued=3 dead=1 unreachable=0 never_detected=0 ff_deaths=0 terminal=150 completions=3 recycles=3 removals=3 returns=3 wall=227s [valid 45/96]
[16:27:18] LAUNCH d4off_south_half_3682542 running=12 free_kb=14604968 sims_boxwide=11 attempt=1
[16:27:42] DONE d4off_south_half_1587703022 rc=0 346s d4off south/half seed=1587703022 rescued=1 dead=1 unreachable=0 never_detected=0 ff_deaths=1 terminal=None completions=1 recycles=1 removals=1 returns=1 wall=345s [valid 46/96]
[16:27:43] LAUNCH d4D_south_half_3682542 running=12 free_kb=14633288 sims_boxwide=11 attempt=1
[16:27:56] DONE d4D_south_half_2097141346 rc=0 237s d4D south/half seed=2097141346 rescued=4 dead=0 unreachable=0 never_detected=0 ff_deaths=0 terminal=187 completions=4 recycles=4 removals=4 returns=4 wall=230s [valid 47/96]
[16:27:56] LAUNCH d4off_east_def_737555233 running=12 free_kb=14642344 sims_boxwide=11 attempt=1
[16:28:14] DONE d4off_south_half_1817334565 rc=0 224s d4off south/half seed=1817334565 rescued=4 dead=0 unreachable=0 never_detected=0 ff_deaths=0 terminal=111 completions=4 recycles=4 removals=4 returns=4 wall=223s [valid 48/96]
[16:28:14] .. alive runid=20260913-155109-1877 event_age=1s | total=96 valid=48 running=11 pending=37 launched=59 failed=0 gaveup=0 forkfail=0 free_kb=14642344 sims_boxwide=11 last_event_age=1s last_event_epoch=1789309693
[16:28:14] LAUNCH d4D_east_def_737555233 running=12 free_kb=14646904 sims_boxwide=11 attempt=1
[16:29:14] .. alive runid=20260913-155109-1877 event_age=60s | total=96 valid=48 running=12 pending=36 launched=60 failed=0 gaveup=0 forkfail=0 free_kb=14646904 sims_boxwide=11 last_event_age=0s last_event_epoch=1789309694
[16:29:21] DONE d4off_south_half_2097141346 rc=0 340s d4off south/half seed=2097141346 rescued=4 dead=0 unreachable=0 never_detected=0 ff_deaths=0 terminal=112 completions=4 recycles=4 removals=4 returns=4 wall=339s [valid 49/96]
[16:29:21] LAUNCH d4off_east_def_1266834353 running=12 free_kb=14589368 sims_boxwide=11 attempt=1
[16:29:42] DONE d4off_south_half_752343876 rc=0 239s d4off south/half seed=752343876 rescued=4 dead=0 unreachable=0 never_detected=0 ff_deaths=1 terminal=113 completions=4 recycles=4 removals=4 returns=4 wall=238s [valid 50/96]
[16:29:43] LAUNCH d4D_east_def_1266834353 running=12 free_kb=14493276 sims_boxwide=11 attempt=1
[16:29:56] DONE d4D_south_half_1817334565 rc=0 265s d4D south/half seed=1817334565 rescued=3 dead=0 unreachable=0 never_detected=0 ff_deaths=0 terminal=None completions=3 recycles=3 removals=3 returns=3 wall=261s [valid 51/96]
[16:29:56] LAUNCH d4off_east_def_1756726159 running=12 free_kb=14568904 sims_boxwide=11 attempt=1
[16:30:14] .. alive runid=20260913-155109-1877 event_age=18s | total=96 valid=51 running=12 pending=33 launched=63 failed=0 gaveup=0 forkfail=0 free_kb=14568904 sims_boxwide=11 last_event_age=0s last_event_epoch=1789309796
[16:30:19] DONE d4D_south_half_752343876 rc=0 261s d4D south/half seed=752343876 rescued=3 dead=1 unreachable=0 never_detected=0 ff_deaths=1 terminal=171 completions=3 recycles=3 removals=3 returns=3 wall=260s [valid 52/96]
[16:30:19] LAUNCH d4D_east_def_1756726159 running=12 free_kb=14449568 sims_boxwide=11 attempt=1
[16:30:39] DONE d4off_south_half_1038470813 rc=0 253s d4off south/half seed=1038470813 rescued=4 dead=0 unreachable=0 never_detected=0 ff_deaths=0 terminal=111 completions=4 recycles=4 removals=4 returns=4 wall=252s [valid 53/96]
[16:30:40] LAUNCH d4off_east_def_2111261717 running=12 free_kb=14499084 sims_boxwide=11 attempt=1
[16:30:52] DONE d4D_south_half_1038470813 rc=0 253s d4D south/half seed=1038470813 rescued=4 dead=0 unreachable=0 never_detected=0 ff_deaths=0 terminal=141 completions=4 recycles=4 removals=4 returns=4 wall=249s [valid 54/96]
[16:30:52] DONE d4off_south_half_1989343762 rc=0 240s d4off south/half seed=1989343762 rescued=3 dead=0 unreachable=1 never_detected=1 ff_deaths=0 terminal=210 completions=3 recycles=3 removals=3 returns=3 wall=236s [valid 55/96]
[16:30:53] LAUNCH d4D_east_def_2111261717 running=11 free_kb=15407944 sims_boxwide=10 attempt=1
[16:31:06] LAUNCH d4A_east_half_1686422896 running=12 free_kb=14530224 sims_boxwide=11 attempt=1
[16:31:14] .. alive runid=20260913-155109-1877 event_age=8s | total=96 valid=55 running=12 pending=29 launched=67 failed=0 gaveup=0 forkfail=0 free_kb=14530224 sims_boxwide=11 last_event_age=0s last_event_epoch=1789309866
[16:31:18] DONE d4D_south_half_1989343762 rc=0 253s d4D south/half seed=1989343762 rescued=4 dead=0 unreachable=0 never_detected=0 ff_deaths=1 terminal=113 completions=4 recycles=4 removals=4 returns=4 wall=241s [valid 56/96]
[16:31:19] LAUNCH d4A_east_half_339529960 running=12 free_kb=14528772 sims_boxwide=11 attempt=1
[16:32:14] .. alive runid=20260913-155109-1877 event_age=55s | total=96 valid=56 running=12 pending=28 launched=68 failed=0 gaveup=0 forkfail=0 free_kb=14528772 sims_boxwide=11 last_event_age=0s last_event_epoch=1789309879
[16:32:35] DONE d4D_south_half_3682542 rc=0 292s d4D south/half seed=3682542 rescued=3 dead=0 unreachable=0 never_detected=0 ff_deaths=1 terminal=None completions=3 recycles=3 removals=3 returns=3 wall=290s [valid 57/96]
[16:32:36] LAUNCH d4A_east_half_1323590814 running=12 free_kb=14488412 sims_boxwide=11 attempt=1
[16:32:48] DONE d4off_east_def_737555233 rc=0 292s d4off east/default seed=737555233 rescued=1 dead=1 unreachable=1 never_detected=1 ff_deaths=1 terminal=None completions=1 recycles=1 removals=1 returns=1 wall=288s [valid 58/96]
[16:32:49] LAUNCH d4A_east_half_565244337 running=12 free_kb=14533160 sims_boxwide=11 attempt=1
[16:33:15] .. alive runid=20260913-155109-1877 event_age=26s | total=96 valid=58 running=12 pending=26 launched=70 failed=0 gaveup=0 forkfail=0 free_kb=14533160 sims_boxwide=11 last_event_age=0s last_event_epoch=1789309969
[16:33:20] DONE d4off_east_def_1266834353 rc=0 239s d4off east/default seed=1266834353 rescued=4 dead=0 unreachable=0 never_detected=0 ff_deaths=1 terminal=220 completions=4 recycles=4 removals=4 returns=4 wall=237s [valid 59/96]
[16:33:21] LAUNCH d4A_east_half_1799457742 running=12 free_kb=14463424 sims_boxwide=11 attempt=1
[16:33:45] DONE d4D_east_def_1266834353 rc=0 241s d4D east/default seed=1266834353 rescued=2 dead=1 unreachable=1 never_detected=1 ff_deaths=0 terminal=219 completions=2 recycles=2 removals=2 returns=2 wall=240s [valid 60/96]
[16:33:45] LAUNCH d4A_east_half_213441142 running=12 free_kb=14463672 sims_boxwide=11 attempt=1
[16:33:58] DONE d4D_east_def_737555233 rc=0 343s d4D east/default seed=737555233 rescued=2 dead=1 unreachable=0 never_detected=0 ff_deaths=1 terminal=None completions=2 recycles=2 removals=2 returns=2 wall=333s [valid 61/96]
[16:33:58] LAUNCH d4A_east_half_1038975554 running=12 free_kb=14489820 sims_boxwide=11 attempt=1
[16:34:13] DONE d4off_east_def_1756726159 rc=0 257s d4off east/default seed=1756726159 rescued=4 dead=0 unreachable=0 never_detected=0 ff_deaths=0 terminal=180 completions=4 recycles=4 removals=4 returns=4 wall=255s [valid 62/96]
[16:34:14] LAUNCH d4A_east_half_899534678 running=12 free_kb=14511540 sims_boxwide=11 attempt=1
[16:34:15] .. alive runid=20260913-155109-1877 event_age=1s | total=96 valid=62 running=12 pending=22 launched=74 failed=0 gaveup=0 forkfail=0 free_kb=14511540 sims_boxwide=11 last_event_age=0s last_event_epoch=1789310054
[16:34:39] DONE d4D_east_def_1756726159 rc=0 259s d4D east/default seed=1756726159 rescued=4 dead=0 unreachable=0 never_detected=0 ff_deaths=0 terminal=127 completions=4 recycles=4 removals=4 returns=4 wall=258s [valid 63/96]
[16:34:39] LAUNCH d4A_east_half_2116546930 running=12 free_kb=14488148 sims_boxwide=11 attempt=1
[16:34:52] DONE d4off_east_def_2111261717 rc=0 252s d4off east/default seed=2111261717 rescued=4 dead=0 unreachable=0 never_detected=0 ff_deaths=1 terminal=206 completions=4 recycles=4 removals=4 returns=4 wall=248s [valid 64/96]
[16:34:53] LAUNCH d4A_east_half_1659006522 running=12 free_kb=14550360 sims_boxwide=11 attempt=1
[16:35:05] DONE d4D_east_def_2111261717 rc=0 252s d4D east/default seed=2111261717 rescued=1 dead=0 unreachable=2 never_detected=2 ff_deaths=0 terminal=None completions=1 recycles=1 removals=1 returns=1 wall=241s [valid 65/96]
[16:35:06] LAUNCH d4A_east_half_1626974145 running=12 free_kb=14593856 sims_boxwide=11 attempt=1
[16:35:15] .. alive runid=20260913-155109-1877 event_age=9s | total=96 valid=65 running=12 pending=19 launched=77 failed=0 gaveup=0 forkfail=0 free_kb=14593856 sims_boxwide=11 last_event_age=0s last_event_epoch=1789310106
[16:35:38] DONE d4off_south_half_3682542 rc=0 500s d4off south/half seed=3682542 rescued=3 dead=0 unreachable=1 never_detected=1 ff_deaths=0 terminal=210 completions=3 recycles=3 removals=3 returns=3 wall=499s [valid 66/96]
[16:35:39] LAUNCH d4A_east_half_1465634084 running=12 free_kb=14592400 sims_boxwide=11 attempt=1
[16:36:15] .. alive runid=20260913-155109-1877 event_age=36s | total=96 valid=66 running=12 pending=18 launched=78 failed=0 gaveup=0 forkfail=0 free_kb=14592400 sims_boxwide=11 last_event_age=0s last_event_epoch=1789310139
[16:37:15] .. alive runid=20260913-155109-1877 event_age=96s | total=96 valid=66 running=12 pending=18 launched=78 failed=0 gaveup=0 forkfail=0 free_kb=14592400 sims_boxwide=11 last_event_age=0s last_event_epoch=1789310139
[16:38:15] .. alive runid=20260913-155109-1877 event_age=156s | total=96 valid=66 running=12 pending=18 launched=78 failed=0 gaveup=0 forkfail=0 free_kb=14592400 sims_boxwide=11 last_event_age=0s last_event_epoch=1789310139
[16:39:15] .. alive runid=20260913-155109-1877 event_age=216s | total=96 valid=66 running=12 pending=18 launched=78 failed=0 gaveup=0 forkfail=0 free_kb=14592400 sims_boxwide=11 last_event_age=0s last_event_epoch=1789310139
[16:40:15] .. alive runid=20260913-155109-1877 event_age=276s | total=96 valid=66 running=12 pending=18 launched=78 failed=0 gaveup=0 forkfail=0 free_kb=14592400 sims_boxwide=11 last_event_age=0s last_event_epoch=1789310139
[16:41:15] .. alive runid=20260913-155109-1877 event_age=336s | total=96 valid=66 running=12 pending=18 launched=78 failed=0 gaveup=0 forkfail=0 free_kb=14592400 sims_boxwide=11 last_event_age=0s last_event_epoch=1789310139
[16:42:15] DONE d4A_east_half_213441142 rc=0 510s d4A east/half seed=213441142 rescued=2 dead=2 unreachable=0 never_detected=0 ff_deaths=0 terminal=78 completions=2 recycles=2 removals=2 returns=2 wall=508s [valid 67/96]
[16:42:15] .. alive runid=20260913-155109-1877 event_age=0s | total=96 valid=67 running=11 pending=18 launched=78 failed=0 gaveup=0 forkfail=0 free_kb=14592400 sims_boxwide=11 last_event_age=0s last_event_epoch=1789310535
[16:42:16] LAUNCH d4A_east_half_150314831 running=12 free_kb=14400600 sims_boxwide=11 attempt=1
[16:43:00] DONE d4A_east_half_1659006522 rc=0 487s d4A east/half seed=1659006522 rescued=2 dead=2 unreachable=0 never_detected=0 ff_deaths=0 terminal=63 completions=2 recycles=2 removals=2 returns=2 wall=486s [valid 68/96]
[16:43:01] LAUNCH d4A_south_half_207893904 running=12 free_kb=14513256 sims_boxwide=11 attempt=1
[16:43:13] DONE d4A_east_half_1686422896 rc=0 727s d4A east/half seed=1686422896 rescued=3 dead=1 unreachable=0 never_detected=0 ff_deaths=0 terminal=193 completions=3 recycles=3 removals=3 returns=3 wall=718s [valid 69/96]
[16:43:14] LAUNCH d4A_south_half_990257450 running=12 free_kb=14515632 sims_boxwide=11 attempt=1
[16:43:15] .. alive runid=20260913-155109-1877 event_age=1s | total=96 valid=69 running=12 pending=15 launched=81 failed=0 gaveup=0 forkfail=0 free_kb=14515632 sims_boxwide=11 last_event_age=0s last_event_epoch=1789310594
[16:44:15] .. alive runid=20260913-155109-1877 event_age=61s | total=96 valid=69 running=12 pending=15 launched=81 failed=0 gaveup=0 forkfail=0 free_kb=14515632 sims_boxwide=11 last_event_age=0s last_event_epoch=1789310594
[16:44:43] DONE d4A_east_half_339529960 rc=0 803s d4A east/half seed=339529960 rescued=3 dead=0 unreachable=1 never_detected=1 ff_deaths=0 terminal=210 completions=3 recycles=3 removals=3 returns=3 wall=802s [valid 70/96]
[16:44:43] LAUNCH d4A_south_half_301432237 running=12 free_kb=14592808 sims_boxwide=11 attempt=1
[16:45:16] .. alive runid=20260913-155109-1877 event_age=33s | total=96 valid=70 running=12 pending=14 launched=82 failed=0 gaveup=0 forkfail=0 free_kb=14592808 sims_boxwide=11 last_event_age=0s last_event_epoch=1789310683
[16:45:39] DONE d4A_east_half_899534678 rc=0 684s d4A east/half seed=899534678 rescued=2 dead=2 unreachable=0 never_detected=0 ff_deaths=1 terminal=195 completions=2 recycles=2 removals=2 returns=2 wall=683s [valid 71/96]
[16:45:39] LAUNCH d4A_south_half_423146201 running=12 free_kb=14581096 sims_boxwide=11 attempt=1
[16:45:52] DONE d4A_east_half_1799457742 rc=0 750s d4A east/half seed=1799457742 rescued=2 dead=2 unreachable=0 never_detected=0 ff_deaths=0 terminal=183 completions=2 recycles=2 removals=2 returns=2 wall=745s [valid 72/96]
[16:45:52] LAUNCH d4A_south_half_1483537190 running=12 free_kb=14628784 sims_boxwide=11 attempt=1
[16:46:16] .. alive runid=20260913-155109-1877 event_age=24s | total=96 valid=72 running=12 pending=12 launched=84 failed=0 gaveup=0 forkfail=0 free_kb=14628784 sims_boxwide=11 last_event_age=0s last_event_epoch=1789310752
[16:46:17] DONE d4A_east_half_1626974145 rc=0 671s d4A east/half seed=1626974145 rescued=3 dead=1 unreachable=0 never_detected=0 ff_deaths=2 terminal=170 completions=3 recycles=3 removals=3 returns=3 wall=670s [valid 73/96]
[16:46:18] LAUNCH d4A_south_half_1587703022 running=12 free_kb=14656596 sims_boxwide=11 attempt=1
[16:46:30] DONE d4A_east_half_1323590814 rc=0 834s d4A east/half seed=1323590814 rescued=2 dead=1 unreachable=1 never_detected=1 ff_deaths=0 terminal=210 completions=2 recycles=2 removals=2 returns=2 wall=826s [valid 74/96]
[16:46:31] LAUNCH d4A_south_half_1776294962 running=12 free_kb=14570172 sims_boxwide=11 attempt=1
[16:46:43] DONE d4A_east_half_565244337 rc=0 834s d4A east/half seed=565244337 rescued=2 dead=2 unreachable=0 never_detected=0 ff_deaths=1 terminal=210 completions=2 recycles=2 removals=2 returns=2 wall=824s [valid 75/96]
[16:46:43] DONE d4A_south_half_207893904 rc=0 222s d4A south/half seed=207893904 rescued=4 dead=0 unreachable=0 never_detected=0 ff_deaths=1 terminal=108 completions=4 recycles=4 removals=4 returns=4 wall=219s [valid 76/96]
[16:46:43] DONE d4A_south_half_990257450 rc=0 209s d4A south/half seed=990257450 rescued=4 dead=0 unreachable=0 never_detected=0 ff_deaths=0 terminal=101 completions=4 recycles=4 removals=4 returns=4 wall=207s [valid 77/96]
[16:46:44] LAUNCH d4A_south_half_2097141346 running=10 free_kb=16392236 sims_boxwide=9 attempt=1
[16:46:57] LAUNCH d4A_south_half_1817334565 running=11 free_kb=15498020 sims_boxwide=10 attempt=1
[16:47:10] LAUNCH d4A_south_half_752343876 running=12 free_kb=14557672 sims_boxwide=11 attempt=1
[16:47:16] .. alive runid=20260913-155109-1877 event_age=6s | total=96 valid=77 running=12 pending=7 launched=89 failed=0 gaveup=0 forkfail=0 free_kb=14557672 sims_boxwide=11 last_event_age=0s last_event_epoch=1789310830
[16:47:22] DONE d4A_east_half_2116546930 rc=0 763s d4A east/half seed=2116546930 rescued=3 dead=1 unreachable=0 never_detected=0 ff_deaths=1 terminal=217 completions=3 recycles=3 removals=3 returns=3 wall=752s [valid 78/96]
[16:47:23] LAUNCH d4A_south_half_1038470813 running=12 free_kb=14615364 sims_boxwide=11 attempt=1
[16:48:16] .. alive runid=20260913-155109-1877 event_age=53s | total=96 valid=78 running=12 pending=6 launched=90 failed=0 gaveup=0 forkfail=0 free_kb=14615364 sims_boxwide=11 last_event_age=0s last_event_epoch=1789310843
[16:48:37] DONE d4A_east_half_1465634084 rc=0 777s d4A east/half seed=1465634084 rescued=3 dead=0 unreachable=1 never_detected=1 ff_deaths=0 terminal=210 completions=3 recycles=3 removals=3 returns=3 wall=776s [valid 79/96]
[16:48:37] LAUNCH d4A_south_half_1989343762 running=12 free_kb=14657940 sims_boxwide=11 attempt=1
[16:49:16] .. alive runid=20260913-155109-1877 event_age=39s | total=96 valid=79 running=12 pending=5 launched=91 failed=0 gaveup=0 forkfail=0 free_kb=14657940 sims_boxwide=11 last_event_age=0s last_event_epoch=1789310917
[16:49:22] DONE d4A_south_half_301432237 rc=0 278s d4A south/half seed=301432237 rescued=2 dead=2 unreachable=0 never_detected=0 ff_deaths=0 terminal=192 completions=2 recycles=2 removals=2 returns=2 wall=276s [valid 80/96]
[16:49:22] LAUNCH d4A_south_half_3682542 running=12 free_kb=14656508 sims_boxwide=11 attempt=1
[16:49:43] DONE d4A_east_half_1038975554 rc=0 945s d4A east/half seed=1038975554 rescued=1 dead=1 unreachable=1 never_detected=1 ff_deaths=0 terminal=None completions=1 recycles=1 removals=1 returns=1 wall=943s [valid 81/96]
[16:49:44] LAUNCH d4A_east_def_737555233 running=12 free_kb=14669064 sims_boxwide=11 attempt=1
[16:49:58] DONE d4A_south_half_1776294962 rc=0 206s d4A south/half seed=1776294962 rescued=4 dead=0 unreachable=0 never_detected=0 ff_deaths=1 terminal=97 completions=4 recycles=4 removals=4 returns=4 wall=206s [valid 82/96]
[16:49:58] LAUNCH d4A_east_def_1266834353 running=12 free_kb=14474040 sims_boxwide=11 attempt=1
[16:50:11] DONE d4A_south_half_1483537190 rc=0 258s d4A south/half seed=1483537190 rescued=3 dead=1 unreachable=0 never_detected=0 ff_deaths=0 terminal=147 completions=3 recycles=3 removals=3 returns=3 wall=254s [valid 83/96]
[16:50:12] LAUNCH d4A_east_def_1756726159 running=12 free_kb=14517628 sims_boxwide=11 attempt=1
[16:50:16] .. alive runid=20260913-155109-1877 event_age=4s | total=96 valid=83 running=12 pending=1 launched=95 failed=0 gaveup=0 forkfail=0 free_kb=14517628 sims_boxwide=11 last_event_age=0s last_event_epoch=1789311012
[16:50:50] DONE d4A_south_half_423146201 rc=0 311s d4A south/half seed=423146201 rescued=3 dead=1 unreachable=0 never_detected=0 ff_deaths=1 terminal=208 completions=3 recycles=3 removals=3 returns=3 wall=309s [valid 84/96]
[16:50:51] LAUNCH d4A_east_def_2111261717 running=12 free_kb=14521456 sims_boxwide=11 attempt=1
[16:51:03] DONE d4A_south_half_1587703022 rc=0 285s d4A south/half seed=1587703022 rescued=3 dead=1 unreachable=0 never_detected=0 ff_deaths=1 terminal=234 completions=3 recycles=3 removals=3 returns=3 wall=278s [valid 85/96]
[16:51:16] .. alive runid=20260913-155109-1877 event_age=13s | total=96 valid=85 running=11 pending=0 launched=96 failed=0 gaveup=0 forkfail=0 free_kb=14521456 sims_boxwide=11 last_event_age=0s last_event_epoch=1789311063
[16:51:21] DONE d4A_south_half_1817334565 rc=0 264s d4A south/half seed=1817334565 rescued=3 dead=0 unreachable=0 never_detected=0 ff_deaths=0 terminal=None completions=3 recycles=3 removals=3 returns=3 wall=263s [valid 86/96]
[16:51:23] DONE d4A_south_half_2097141346 rc=0 279s d4A south/half seed=2097141346 rescued=4 dead=0 unreachable=0 never_detected=0 ff_deaths=0 terminal=220 completions=4 recycles=4 removals=4 returns=4 wall=278s [valid 87/96]
[16:51:59] DONE d4A_south_half_1038470813 rc=0 275s d4A south/half seed=1038470813 rescued=3 dead=0 unreachable=0 never_detected=0 ff_deaths=0 terminal=None completions=3 recycles=3 removals=3 returns=3 wall=274s [valid 88/96]
[16:52:16] .. alive runid=20260913-155109-1877 event_age=18s | total=96 valid=88 running=8 pending=0 launched=96 failed=0 gaveup=0 forkfail=0 free_kb=14521456 sims_boxwide=11 last_event_age=1s last_event_epoch=1789311118
[16:52:16] DONE d4A_south_half_1989343762 rc=0 219s d4A south/half seed=1989343762 rescued=4 dead=0 unreachable=0 never_detected=0 ff_deaths=1 terminal=107 completions=4 recycles=4 removals=4 returns=4 wall=217s [valid 89/96]
[16:52:35] DONE d4A_south_half_752343876 rc=0 325s d4A south/half seed=752343876 rescued=2 dead=1 unreachable=0 never_detected=0 ff_deaths=0 terminal=None completions=2 recycles=2 removals=2 returns=2 wall=324s [valid 90/96]
[16:53:16] .. alive runid=20260913-155109-1877 event_age=41s | total=96 valid=90 running=6 pending=0 launched=96 failed=0 gaveup=0 forkfail=0 free_kb=14521456 sims_boxwide=11 last_event_age=0s last_event_epoch=1789311155
[16:54:00] DONE d4A_east_def_1266834353 rc=0 242s d4A east/default seed=1266834353 rescued=1 dead=1 unreachable=2 never_detected=2 ff_deaths=0 terminal=210 completions=1 recycles=1 removals=1 returns=1 wall=240s [valid 91/96]
[16:54:15] DONE d4A_south_half_3682542 rc=0 293s d4A south/half seed=3682542 rescued=3 dead=0 unreachable=0 never_detected=0 ff_deaths=1 terminal=None completions=3 recycles=3 removals=3 returns=3 wall=291s [valid 92/96]
[16:54:16] DONE d4A_east_def_1756726159 rc=0 243s d4A east/default seed=1756726159 rescued=4 dead=0 unreachable=0 never_detected=0 ff_deaths=0 terminal=127 completions=4 recycles=4 removals=4 returns=4 wall=243s [valid 93/96]
[16:54:16] .. alive runid=20260913-155109-1877 event_age=1s | total=96 valid=93 running=3 pending=0 launched=96 failed=0 gaveup=0 forkfail=0 free_kb=14521456 sims_boxwide=11 last_event_age=1s last_event_epoch=1789311255
[16:54:25] DONE d4A_east_def_737555233 rc=0 281s d4A east/default seed=737555233 rescued=2 dead=1 unreachable=1 never_detected=1 ff_deaths=1 terminal=210 completions=2 recycles=2 removals=2 returns=2 wall=280s [valid 94/96]
[16:54:45] DONE d4A_east_def_2111261717 rc=0 234s d4A east/default seed=2111261717 rescued=1 dead=0 unreachable=3 never_detected=3 ff_deaths=0 terminal=210 completions=1 recycles=1 removals=1 returns=1 wall=233s [valid 95/96]
[16:55:02] DONE d4A_east_half_150314831 rc=0 766s d4A east/half seed=150314831 rescued=2 dead=1 unreachable=1 never_detected=1 ff_deaths=1 terminal=210 completions=2 recycles=2 removals=2 returns=2 wall=765s [valid 96/96]
[16:55:02] MAIN LOOP LEFT pending=0 running=0
[16:55:03] FINAL SUMMARY total=96 valid=96 invalid=0 missing=0
[16:55:04] FINAL SUMMARY total=96 valid=96 invalid=0 missing=0 live_this_wave=0 sims_boxwide=0
[16:55:04] ALL_DCD4_COMPLETE runid=20260913-155109-1877 valid=96/96 launched=96 failed=0 forkfail=0
[16:55:16] HEARTBEAT EXIT runid=20260913-155109-1877 (sentinel)
