POOL START 2026-09-09 16:00:41 queue=outputs/_df_queue.txt maxpar=10 minfree_kb=2500000 free_kb_now=10331512
LAUNCH dfzero_east_half_101 running=1 free_kb=10336412 16:00:41
LAUNCH dfzero_east_half_202 running=2 free_kb=9412324 16:01:07
LAUNCH dfzero_east_half_303 running=3 free_kb=8559308 16:01:32
LAUNCH dfzero_east_half_404 running=4 free_kb=7703060 16:01:58
LAUNCH dfzero_east_half_505 running=5 free_kb=6816264 16:02:24
LAUNCH dfzero_south_half_101 running=6 free_kb=5999976 16:02:49
LAUNCH dfzero_south_half_202 running=7 free_kb=5101036 16:03:15
LAUNCH dfzero_south_half_303 running=8 free_kb=4254440 16:03:40
LAUNCH dfzero_south_half_404 running=9 free_kb=3402412 16:04:06
LAUNCH dfzero_south_half_505 running=10 free_kb=2518168 16:04:47
      1 [main] bash 1827 dofork: child -1 - forked process 3944 died unexpectedly, retry 0, exit code 0xC000026B, errno 11
outputs/_dim_pool.sh: fork: retry: Resource temporarily unavailable
POOL START 2026-09-12 16:01:24 queue=outputs/_df_queue.txt maxpar=8 minfree_kb=2500000 free_kb_now=24317444
LAUNCH dfzero_east_half_101 running=1 free_kb=24286364 16:01:24
LAUNCH dfzero_east_half_202 running=2 free_kb=23403832 16:01:50
LAUNCH dfzero_east_half_303 running=3 free_kb=22574244 16:02:16
LAUNCH dfzero_east_half_404 running=4 free_kb=21771040 16:02:41
LAUNCH dfzero_east_half_505 running=5 free_kb=20931792 16:03:07
LAUNCH dfzero_south_half_101 running=6 free_kb=19105280 16:03:32
LAUNCH dfzero_south_half_202 running=7 free_kb=18247968 16:03:58
LAUNCH dfzero_south_half_303 running=8 free_kb=17303388 16:04:23
DONE dfzero_south_half_202 rc=0 size=494033 359s dfzero south/half seed=202 rescued=4 dead=0 unreachable=0 never_detected=0 ff_deaths=0 terminal=193 completions=4 recycles=4 removals=4 returns=4 wall=356s
LAUNCH dfzero_south_half_404 running=8 free_kb=17269392 16:10:04
DONE dfzero_south_half_303 rc=0 size=494116 414s dfzero south/half seed=303 rescued=3 dead=1 unreachable=0 never_detected=0 ff_deaths=1 terminal=216 completions=3 recycles=3 removals=3 returns=3 wall=410s
LAUNCH dfzero_south_half_505 running=8 free_kb=17141468 16:11:33
DONE dfzero_south_half_101 rc=0 size=564222 500s dfzero south/half seed=101 rescued=3 dead=0 unreachable=0 never_detected=0 ff_deaths=1 terminal=None completions=3 recycles=3 removals=3 returns=3 wall=497s
LAUNCH dfzero_east_def_101 running=8 free_kb=17166132 16:11:59
DONE dfzero_east_half_404 rc=0 size=538141 742s dfzero east/half seed=404 rescued=2 dead=2 unreachable=0 never_detected=0 ff_deaths=1 terminal=162 completions=2 recycles=2 removals=2 returns=2 wall=740s
DONE dfzero_east_half_101 rc=0 size=543960 832s dfzero east/half seed=101 rescued=2 dead=1 unreachable=0 never_detected=0 ff_deaths=1 terminal=None completions=2 recycles=2 removals=2 returns=2 wall=828s
LAUNCH dfzero_east_def_202 running=7 free_kb=18051772 16:15:18
LAUNCH dfzero_east_def_303 running=8 free_kb=17220564 16:15:44
DONE dfzero_east_half_505 rc=0 size=497302 795s dfzero east/half seed=505 rescued=2 dead=1 unreachable=0 never_detected=0 ff_deaths=0 terminal=None completions=2 recycles=2 removals=2 returns=2 wall=794s
LAUNCH dfzero_east_half_606 running=8 free_kb=17104772 16:16:26
DONE dfzero_east_half_303 rc=0 size=547122 916s dfzero east/half seed=303 rescued=3 dead=1 unreachable=0 never_detected=0 ff_deaths=0 terminal=240 completions=3 recycles=2 removals=3 returns=2 wall=914s
DONE dfzero_east_half_202 rc=0 size=479827 948s dfzero east/half seed=202 rescued=2 dead=1 unreachable=1 never_detected=0 ff_deaths=1 terminal=237 completions=2 recycles=2 removals=2 returns=2 wall=946s
LAUNCH dfzero_east_half_707 running=7 free_kb=17981036 16:17:39
LAUNCH dfzero_east_half_808 running=8 free_kb=17235736 16:18:05
DONE dfzero_south_half_404 rc=0 size=532093 488s dfzero south/half seed=404 rescued=4 dead=0 unreachable=0 never_detected=0 ff_deaths=0 terminal=141 completions=4 recycles=4 removals=4 returns=4 wall=485s
LAUNCH dfzero_east_half_909 running=8 free_kb=17190884 16:18:31
DONE dfzero_east_def_101 rc=0 size=488570 397s dfzero east/default seed=101 rescued=1 dead=2 unreachable=1 never_detected=0 ff_deaths=2 terminal=112 completions=1 recycles=1 removals=1 returns=1 wall=394s
DONE dfzero_south_half_505 rc=0 size=478382 439s dfzero south/half seed=505 rescued=3 dead=1 unreachable=0 never_detected=0 ff_deaths=0 terminal=108 completions=3 recycles=3 removals=3 returns=3 wall=436s
LAUNCH dfzero_east_half_1010 running=7 free_kb=18182580 16:18:57
LAUNCH dfzero_south_half_606 running=8 free_kb=17230820 16:19:22
DONE dfzero_east_def_202 rc=0 size=460093 355s dfzero east/default seed=202 rescued=3 dead=1 unreachable=0 never_detected=0 ff_deaths=1 terminal=162 completions=3 recycles=3 removals=3 returns=3 wall=351s
LAUNCH dfzero_south_half_707 running=8 free_kb=17201428 16:21:23
DONE dfzero_east_half_707 rc=0 size=382227 238s dfzero east/half seed=707 rescued=4 dead=0 unreachable=0 never_detected=0 ff_deaths=0 terminal=186 completions=4 recycles=4 removals=4 returns=4 wall=235s
LAUNCH dfzero_south_half_808 running=8 free_kb=17138920 16:21:49
DONE dfzero_east_def_303 rc=0 size=534302 480s dfzero east/default seed=303 rescued=3 dead=1 unreachable=0 never_detected=0 ff_deaths=0 terminal=125 completions=3 recycles=3 removals=3 returns=3 wall=476s
LAUNCH dfzero_south_half_909 running=8 free_kb=17198556 16:23:50
DONE dfzero_south_half_606 rc=0 size=539679 520s dfzero south/half seed=606 rescued=2 dead=0 unreachable=1 never_detected=1 ff_deaths=0 terminal=None completions=2 recycles=2 removals=2 returns=2 wall=517s
LAUNCH dfzero_south_half_1010 running=8 free_kb=17104272 16:28:13
DONE dfzero_south_half_707 rc=0 size=450860 537s dfzero south/half seed=707 rescued=4 dead=0 unreachable=0 never_detected=0 ff_deaths=0 terminal=163 completions=4 recycles=4 removals=4 returns=4 wall=533s
LAUNCH dfkill_east_half_101 running=8 free_kb=17053940 16:30:30
DONE dfzero_south_half_808 rc=0 size=482327 555s dfzero south/half seed=808 rescued=4 dead=0 unreachable=0 never_detected=0 ff_deaths=1 terminal=115 completions=4 recycles=4 removals=4 returns=4 wall=552s
LAUNCH dfkill_east_half_202 running=8 free_kb=17057996 16:31:11
DONE dfzero_south_half_909 rc=0 size=531996 484s dfzero south/half seed=909 rescued=3 dead=0 unreachable=0 never_detected=0 ff_deaths=1 terminal=None completions=3 recycles=3 removals=3 returns=3 wall=480s
LAUNCH dfkill_east_half_303 running=8 free_kb=17054836 16:32:09
DONE dfzero_east_half_808 rc=0 size=486672 855s dfzero east/half seed=808 rescued=3 dead=1 unreachable=0 never_detected=0 ff_deaths=0 terminal=173 completions=3 recycles=3 removals=3 returns=3 wall=852s
LAUNCH dfkill_east_half_404 running=8 free_kb=17102436 16:32:35
DONE dfzero_east_half_909 rc=0 size=507800 865s dfzero east/half seed=909 rescued=3 dead=0 unreachable=1 never_detected=0 ff_deaths=2 terminal=190 completions=3 recycles=3 removals=3 returns=3 wall=862s
LAUNCH dfkill_east_half_505 running=8 free_kb=17126596 16:33:01
DONE dfzero_east_half_606 rc=0 size=487310 1007s dfzero east/half seed=606 rescued=3 dead=1 unreachable=0 never_detected=0 ff_deaths=1 terminal=212 completions=3 recycles=3 removals=3 returns=3 wall=1004s
LAUNCH dfkill_south_half_101 running=8 free_kb=17122484 16:33:26
DONE dfzero_east_half_1010 rc=0 size=529820 1026s dfzero east/half seed=1010 rescued=1 dead=2 unreachable=0 never_detected=0 ff_deaths=1 terminal=None completions=1 recycles=1 removals=1 returns=1 wall=1023s
LAUNCH dfkill_south_half_202 running=8 free_kb=17121788 16:36:15
DONE dfzero_south_half_1010 rc=0 size=505199 563s dfzero south/half seed=1010 rescued=2 dead=0 unreachable=0 never_detected=0 ff_deaths=1 terminal=None completions=2 recycles=2 removals=2 returns=2 wall=560s
LAUNCH dfkill_south_half_303 running=8 free_kb=17111540 16:37:44
DONE dfkill_south_half_101 rc=0 size=572592 530s dfkill south/half seed=101 rescued=3 dead=1 unreachable=0 never_detected=0 ff_deaths=0 terminal=164 completions=3 recycles=3 removals=3 returns=3 wall=526s
LAUNCH dfkill_south_half_404 running=8 free_kb=17010492 16:42:22
DONE dfkill_south_half_202 rc=0 size=506384 489s dfkill south/half seed=202 rescued=3 dead=0 unreachable=1 never_detected=1 ff_deaths=0 terminal=210 completions=3 recycles=3 removals=3 returns=3 wall=486s
LAUNCH dfkill_south_half_505 running=8 free_kb=17087764 16:44:39
DONE dfkill_south_half_303 rc=0 size=480955 419s dfkill south/half seed=303 rescued=4 dead=0 unreachable=0 never_detected=0 ff_deaths=2 terminal=137 completions=4 recycles=4 removals=4 returns=4 wall=416s
LAUNCH dfkill_east_def_101 running=8 free_kb=17109964 16:45:04
DONE dfkill_east_half_303 rc=0 size=543488 869s dfkill east/half seed=303 rescued=3 dead=1 unreachable=0 never_detected=0 ff_deaths=0 terminal=130 completions=3 recycles=3 removals=3 returns=3 wall=865s
LAUNCH dfkill_east_def_202 running=8 free_kb=17019956 16:46:49
DONE dfkill_east_half_202 rc=0 size=466478 1102s dfkill east/half seed=202 rescued=3 dead=1 unreachable=0 never_detected=0 ff_deaths=0 terminal=177 completions=3 recycles=3 removals=3 returns=3 wall=1098s
DONE dfkill_east_half_505 rc=0 size=492522 992s dfkill east/half seed=505 rescued=3 dead=1 unreachable=0 never_detected=0 ff_deaths=0 terminal=168 completions=3 recycles=3 removals=3 returns=3 wall=989s
LAUNCH dfkill_east_def_303 running=7 free_kb=17941808 16:49:37
LAUNCH dfkill_east_half_606 running=8 free_kb=17071680 16:50:03
DONE dfkill_south_half_404 rc=0 size=572348 508s dfkill south/half seed=404 rescued=3 dead=1 unreachable=0 never_detected=0 ff_deaths=1 terminal=187 completions=3 recycles=3 removals=3 returns=3 wall=504s
DONE dfkill_south_half_505 rc=0 size=482742 381s dfkill south/half seed=505 rescued=3 dead=1 unreachable=0 never_detected=0 ff_deaths=0 terminal=96 completions=3 recycles=3 removals=3 returns=3 wall=378s
LAUNCH dfkill_east_half_707 running=8 free_kb=17976428 16:51:00
LAUNCH dfkill_east_half_808 running=8 free_kb=16974552 16:51:26
DONE dfkill_east_def_101 rc=0 size=523794 397s dfkill east/default seed=101 rescued=3 dead=0 unreachable=1 never_detected=1 ff_deaths=0 terminal=215 completions=3 recycles=3 removals=3 returns=3 wall=394s
DONE dfkill_east_half_101 rc=0 size=529637 1281s dfkill east/half seed=101 rescued=2 dead=0 unreachable=2 never_detected=2 ff_deaths=0 terminal=210 completions=2 recycles=2 removals=2 returns=2 wall=1278s
LAUNCH dfkill_east_half_909 running=7 free_kb=17869144 16:51:52
LAUNCH dfkill_east_half_1010 running=8 free_kb=17014936 16:52:18
DONE dfkill_east_half_404 rc=0 size=549634 1234s dfkill east/half seed=404 rescued=2 dead=2 unreachable=0 never_detected=0 ff_deaths=1 terminal=210 completions=2 recycles=2 removals=2 returns=2 wall=1231s
LAUNCH dfkill_south_half_606 running=8 free_kb=17138304 16:53:15
DONE dfkill_east_def_202 rc=0 size=464091 390s dfkill east/default seed=202 rescued=3 dead=1 unreachable=0 never_detected=0 ff_deaths=0 terminal=181 completions=3 recycles=3 removals=3 returns=3 wall=386s
LAUNCH dfkill_south_half_707 running=8 free_kb=17055688 16:53:41
DONE dfkill_east_half_707 rc=0 size=383786 253s dfkill east/half seed=707 rescued=2 dead=0 unreachable=2 never_detected=2 ff_deaths=0 terminal=210 completions=2 recycles=2 removals=2 returns=2 wall=250s
LAUNCH dfkill_south_half_808 running=8 free_kb=17003272 16:55:26
DONE dfkill_east_def_303 rc=0 size=541364 423s dfkill east/default seed=303 rescued=3 dead=1 unreachable=0 never_detected=0 ff_deaths=0 terminal=130 completions=3 recycles=3 removals=3 returns=3 wall=419s
LAUNCH dfkill_south_half_909 running=8 free_kb=16841228 16:56:55
DONE dfkill_south_half_707 rc=0 size=457536 369s dfkill south/half seed=707 rescued=4 dead=0 unreachable=0 never_detected=0 ff_deaths=0 terminal=136 completions=4 recycles=4 removals=4 returns=4 wall=366s
LAUNCH dfkill_south_half_1010 running=8 free_kb=16951096 16:59:59
DONE dfkill_south_half_606 rc=0 size=568740 494s dfkill south/half seed=606 rescued=3 dead=1 unreachable=0 never_detected=0 ff_deaths=0 terminal=185 completions=3 recycles=3 removals=3 returns=3 wall=491s
LAUNCH dfm2ref_east_half_101 running=8 free_kb=17694188 17:01:44
DONE dfkill_south_half_808 rc=0 size=500100 587s dfkill south/half seed=808 rescued=3 dead=1 unreachable=0 never_detected=0 ff_deaths=0 terminal=144 completions=3 recycles=3 removals=3 returns=3 wall=584s
LAUNCH dfm2ref_east_half_202 running=8 free_kb=17802744 17:05:18
DONE dfkill_east_half_1010 rc=0 size=512377 866s dfkill east/half seed=1010 rescued=3 dead=1 unreachable=0 never_detected=0 ff_deaths=0 terminal=152 completions=3 recycles=3 removals=3 returns=3 wall=863s
DONE dfkill_south_half_909 rc=0 size=546689 590s dfkill south/half seed=909 rescued=4 dead=0 unreachable=0 never_detected=0 ff_deaths=0 terminal=234 completions=4 recycles=4 removals=4 returns=4 wall=587s
LAUNCH dfm2ref_east_half_303 running=7 free_kb=18729136 17:06:46
LAUNCH dfm2ref_east_half_404 running=8 free_kb=17879368 17:07:12
DONE dfkill_south_half_1010 rc=0 size=544347 503s dfkill south/half seed=1010 rescued=4 dead=0 unreachable=0 never_detected=0 ff_deaths=1 terminal=166 completions=4 recycles=4 removals=4 returns=4 wall=499s
LAUNCH dfm2ref_east_half_505 running=8 free_kb=17846856 17:08:25
DONE dfkill_east_half_808 rc=0 size=499161 1049s dfkill east/half seed=808 rescued=2 dead=2 unreachable=0 never_detected=0 ff_deaths=0 terminal=222 completions=2 recycles=2 removals=2 returns=2 wall=1045s
LAUNCH dfm2ref_south_half_101 running=8 free_kb=17965624 17:09:06
DONE dfkill_east_half_909 rc=0 size=524669 1186s dfkill east/half seed=909 rescued=2 dead=1 unreachable=1 never_detected=1 ff_deaths=0 terminal=210 completions=2 recycles=2 removals=2 returns=2 wall=1183s
LAUNCH dfm2ref_south_half_202 running=8 free_kb=17826608 17:11:53
DONE dfkill_east_half_606 rc=0 size=518306 1332s dfkill east/half seed=606 rescued=2 dead=0 unreachable=1 never_detected=1 ff_deaths=0 terminal=None completions=2 recycles=2 removals=2 returns=2 wall=1329s
LAUNCH dfm2ref_south_half_303 running=8 free_kb=17914124 17:12:19
DONE dfm2ref_south_half_101 rc=0 size=573770 403s dfm2ref south/half seed=101 rescued=3 dead=1 unreachable=0 never_detected=0 ff_deaths=0 terminal=164 completions=3 recycles=3 removals=3 returns=3 wall=400s
LAUNCH dfm2ref_south_half_404 running=8 free_kb=17841624 17:15:53
DONE dfm2ref_south_half_303 rc=0 size=482204 321s dfm2ref south/half seed=303 rescued=4 dead=0 unreachable=0 never_detected=0 ff_deaths=2 terminal=137 completions=4 recycles=4 removals=4 returns=4 wall=319s
LAUNCH dfm2ref_south_half_505 running=8 free_kb=17946532 17:17:53
DONE dfm2ref_south_half_202 rc=0 size=507574 371s dfm2ref south/half seed=202 rescued=3 dead=0 unreachable=1 never_detected=1 ff_deaths=0 terminal=210 completions=3 recycles=3 removals=3 returns=3 wall=369s
LAUNCH dfm2ref_east_def_101 running=8 free_kb=17960628 17:18:19
DONE dfm2ref_east_half_303 rc=0 size=543859 700s dfm2ref east/half seed=303 rescued=3 dead=1 unreachable=0 never_detected=0 ff_deaths=0 terminal=130 completions=3 recycles=3 removals=3 returns=3 wall=698s
LAUNCH dfm2ref_east_def_202 running=8 free_kb=17940900 17:18:44
DONE dfm2ref_east_half_101 rc=0 size=530452 1038s dfm2ref east/half seed=101 rescued=2 dead=0 unreachable=2 never_detected=2 ff_deaths=0 terminal=210 completions=2 recycles=2 removals=2 returns=2 wall=1035s
LAUNCH dfm2ref_east_def_303 running=8 free_kb=17947364 17:19:10
DONE dfm2ref_east_half_202 rc=0 size=466947 855s dfm2ref east/half seed=202 rescued=3 dead=1 unreachable=0 never_detected=0 ff_deaths=0 terminal=177 completions=3 recycles=3 removals=3 returns=3 wall=852s
LAUNCH dfm2fix_east_half_101 running=8 free_kb=17971552 17:19:36
DONE dfm2ref_east_half_505 rc=0 size=495401 759s dfm2ref east/half seed=505 rescued=3 dead=1 unreachable=0 never_detected=0 ff_deaths=0 terminal=168 completions=3 recycles=3 removals=3 returns=3 wall=757s
LAUNCH dfm2fix_east_half_202 running=8 free_kb=17939752 17:21:20
DONE dfm2ref_south_half_404 rc=0 size=571956 390s dfm2ref south/half seed=404 rescued=3 dead=1 unreachable=0 never_detected=0 ff_deaths=1 terminal=187 completions=3 recycles=3 removals=3 returns=3 wall=387s
LAUNCH dfm2fix_east_half_303 running=8 free_kb=17862232 17:22:33
DONE dfm2ref_south_half_505 rc=0 size=482851 307s dfm2ref south/half seed=505 rescued=3 dead=1 unreachable=0 never_detected=0 ff_deaths=0 terminal=96 completions=3 recycles=3 removals=3 returns=3 wall=305s
LAUNCH dfm2fix_east_half_404 running=8 free_kb=17943932 17:23:14
DONE dfm2ref_east_def_101 rc=0 size=525306 321s dfm2ref east/default seed=101 rescued=3 dead=0 unreachable=1 never_detected=1 ff_deaths=0 terminal=215 completions=3 recycles=3 removals=3 returns=3 wall=319s
DONE dfm2ref_east_def_202 rc=0 size=464663 311s dfm2ref east/default seed=202 rescued=3 dead=1 unreachable=0 never_detected=0 ff_deaths=0 terminal=181 completions=3 recycles=3 removals=3 returns=3 wall=308s
LAUNCH dfm2fix_east_half_505 running=8 free_kb=18884292 17:23:56
LAUNCH dfm2fix_south_half_101 running=8 free_kb=18032452 17:24:21
DONE dfm2ref_east_half_404 rc=0 size=549557 1035s dfm2ref east/half seed=404 rescued=2 dead=2 unreachable=0 never_detected=0 ff_deaths=1 terminal=210 completions=2 recycles=2 removals=2 returns=2 wall=1032s
LAUNCH dfm2fix_south_half_202 running=8 free_kb=17952388 17:24:47
DONE dfm2ref_east_def_303 rc=0 size=543544 361s dfm2ref east/default seed=303 rescued=3 dead=1 unreachable=0 never_detected=0 ff_deaths=0 terminal=130 completions=3 recycles=3 removals=3 returns=3 wall=359s
LAUNCH dfm2fix_south_half_303 running=8 free_kb=17951184 17:25:13
DONE dfm2fix_south_half_303 rc=0 size=482148 315s dfm2fix south/half seed=303 rescued=4 dead=0 unreachable=0 never_detected=0 ff_deaths=2 terminal=137 completions=4 recycles=4 removals=4 returns=4 wall=312s
LAUNCH dfm2fix_south_half_404 running=8 free_kb=17849976 17:30:36
DONE dfm2fix_south_half_202 rc=0 size=507518 368s dfm2fix south/half seed=202 rescued=3 dead=0 unreachable=1 never_detected=1 ff_deaths=0 terminal=210 completions=3 recycles=3 removals=3 returns=3 wall=366s
LAUNCH dfm2fix_south_half_505 running=8 free_kb=17877704 17:31:02
DONE dfm2fix_south_half_101 rc=0 size=573714 410s dfm2fix south/half seed=101 rescued=3 dead=1 unreachable=0 never_detected=0 ff_deaths=0 terminal=164 completions=3 recycles=3 removals=3 returns=3 wall=407s
LAUNCH dfm2fix_east_def_101 running=8 free_kb=17699088 17:31:28
DONE dfm2fix_east_half_303 rc=0 size=543820 703s dfm2fix east/half seed=303 rescued=3 dead=1 unreachable=0 never_detected=0 ff_deaths=0 terminal=130 completions=3 recycles=3 removals=3 returns=3 wall=700s
LAUNCH dfm2fix_east_def_202 running=8 free_kb=17841064 17:34:31
DONE dfm2fix_east_half_202 rc=0 size=466891 865s dfm2fix east/half seed=202 rescued=3 dead=1 unreachable=0 never_detected=0 ff_deaths=0 terminal=177 completions=3 recycles=3 removals=3 returns=3 wall=862s
LAUNCH dfm2fix_east_def_303 running=8 free_kb=17804908 17:35:59
DONE dfm2fix_south_half_505 rc=0 size=482795 316s dfm2fix south/half seed=505 rescued=3 dead=1 unreachable=0 never_detected=0 ff_deaths=0 terminal=96 completions=3 recycles=3 removals=3 returns=3 wall=313s
LAUNCH dfB_east_half_101 running=8 free_kb=17789576 17:36:25
DONE dfm2fix_east_half_505 rc=0 size=495197 775s dfm2fix east/half seed=505 rescued=3 dead=1 unreachable=0 never_detected=0 ff_deaths=0 terminal=168 completions=3 recycles=3 removals=3 returns=3 wall=773s
DONE dfm2fix_east_half_101 rc=0 size=530335 1043s dfm2fix east/half seed=101 rescued=2 dead=0 unreachable=2 never_detected=2 ff_deaths=0 terminal=210 completions=2 recycles=2 removals=2 returns=2 wall=1040s
LAUNCH dfB_east_half_202 running=7 free_kb=18727536 17:37:06
DONE dfm2fix_south_half_404 rc=0 size=571592 392s dfm2fix south/half seed=404 rescued=3 dead=1 unreachable=0 never_detected=0 ff_deaths=1 terminal=187 completions=3 recycles=3 removals=3 returns=3 wall=388s
DONE dfm2fix_east_def_101 rc=0 size=525250 343s dfm2fix east/default seed=101 rescued=3 dead=0 unreachable=1 never_detected=1 ff_deaths=0 terminal=215 completions=3 recycles=3 removals=3 returns=3 wall=340s
LAUNCH dfB_east_half_303 running=6 free_kb=19644848 17:37:32
LAUNCH dfB_east_half_404 running=7 free_kb=18737748 17:37:57
LAUNCH dfB_east_half_505 running=8 free_kb=17893620 17:38:23
DONE dfm2fix_east_def_202 rc=0 size=464607 290s dfm2fix east/default seed=202 rescued=3 dead=1 unreachable=0 never_detected=0 ff_deaths=0 terminal=181 completions=3 recycles=3 removals=3 returns=3 wall=288s
LAUNCH dfB_south_half_101 running=8 free_kb=17895584 17:39:36
DONE dfm2fix_east_half_404 rc=0 size=549416 1025s dfm2fix east/half seed=404 rescued=2 dead=2 unreachable=0 never_detected=0 ff_deaths=1 terminal=210 completions=2 recycles=2 removals=2 returns=2 wall=1023s
LAUNCH dfB_south_half_202 running=8 free_kb=17948884 17:40:33
DONE dfm2fix_east_def_303 rc=0 size=543488 336s dfm2fix east/default seed=303 rescued=3 dead=1 unreachable=0 never_detected=0 ff_deaths=0 terminal=130 completions=3 recycles=3 removals=3 returns=3 wall=333s
LAUNCH dfB_south_half_303 running=8 free_kb=17882068 17:41:45
DONE dfB_south_half_101 rc=0 size=572572 380s dfB south/half seed=101 rescued=3 dead=1 unreachable=0 never_detected=0 ff_deaths=0 terminal=164 completions=3 recycles=3 removals=3 returns=3 wall=378s
LAUNCH dfB_south_half_404 running=8 free_kb=17736832 17:46:06
DONE dfB_south_half_202 rc=0 size=506325 352s dfB south/half seed=202 rescued=3 dead=0 unreachable=1 never_detected=1 ff_deaths=0 terminal=210 completions=3 recycles=3 removals=3 returns=3 wall=350s
LAUNCH dfB_south_half_505 running=8 free_kb=17635704 17:46:32
DONE dfB_south_half_303 rc=0 size=480948 308s dfB south/half seed=303 rescued=4 dead=0 unreachable=0 never_detected=0 ff_deaths=2 terminal=137 completions=4 recycles=4 removals=4 returns=4 wall=306s
LAUNCH dfB_east_def_101 running=8 free_kb=14297016 17:46:59
DONE dfB_east_half_303 rc=0 size=543429 656s dfB east/half seed=303 rescued=3 dead=1 unreachable=0 never_detected=0 ff_deaths=0 terminal=130 completions=3 recycles=3 removals=3 returns=3 wall=654s
LAUNCH dfB_east_def_202 running=8 free_kb=14291132 17:48:44
DONE dfB_east_half_202 rc=0 size=466347 903s dfB east/half seed=202 rescued=3 dead=1 unreachable=0 never_detected=0 ff_deaths=0 terminal=177 completions=3 recycles=3 removals=3 returns=3 wall=900s
LAUNCH dfB_east_def_303 running=8 free_kb=14153104 17:52:20
DONE dfB_east_half_505 rc=0 size=492463 839s dfB east/half seed=505 rescued=3 dead=1 unreachable=0 never_detected=0 ff_deaths=0 terminal=168 completions=3 recycles=3 removals=3 returns=3 wall=835s
LAUNCH dfB_east_half_606 running=8 free_kb=14231984 17:52:46
DONE dfB_south_half_505 rc=0 size=482683 444s dfB south/half seed=505 rescued=3 dead=1 unreachable=0 never_detected=0 ff_deaths=0 terminal=96 completions=3 recycles=3 removals=3 returns=3 wall=442s
LAUNCH dfB_east_half_707 running=8 free_kb=14269508 17:54:00
SKIP dfB_east_half_808 (exists)
DONE dfB_east_def_101 rc=0 size=523735 498s dfB east/default seed=101 rescued=3 dead=0 unreachable=1 never_detected=1 ff_deaths=0 terminal=215 completions=3 recycles=3 removals=3 returns=3 wall=495s
LAUNCH dfB_east_half_909 running=8 free_kb=14282132 17:55:29
DONE dfB_east_half_101 rc=0 size=529578 1155s dfB east/half seed=101 rescued=2 dead=0 unreachable=2 never_detected=2 ff_deaths=0 terminal=210 completions=2 recycles=2 removals=2 returns=2 wall=1152s
LAUNCH dfB_east_half_1010 running=8 free_kb=14331764 17:55:55
DONE dfB_south_half_404 rc=0 size=571744 604s dfB south/half seed=404 rescued=3 dead=1 unreachable=0 never_detected=0 ff_deaths=1 terminal=187 completions=3 recycles=3 removals=3 returns=3 wall=601s
LAUNCH dfB_south_half_606 running=8 free_kb=14317880 17:56:21
DONE dfB_east_def_202 rc=0 size=464032 490s dfB east/default seed=202 rescued=3 dead=1 unreachable=0 never_detected=0 ff_deaths=0 terminal=181 completions=3 recycles=3 removals=3 returns=3 wall=486s
DONE dfB_east_half_404 rc=0 size=549497 1145s dfB east/half seed=404 rescued=2 dead=2 unreachable=0 never_detected=0 ff_deaths=1 terminal=210 completions=2 recycles=2 removals=2 returns=2 wall=1142s
LAUNCH dfB_south_half_707 running=8 free_kb=15094388 17:57:03
LAUNCH dfB_south_half_808 running=8 free_kb=14254652 17:57:28
DONE dfB_east_half_707 rc=0 size=383727 278s dfB east/half seed=707 rescued=2 dead=0 unreachable=2 never_detected=2 ff_deaths=0 terminal=210 completions=2 recycles=2 removals=2 returns=2 wall=274s
LAUNCH dfB_south_half_909 running=8 free_kb=14297136 17:58:41
DONE dfB_east_def_303 rc=0 size=541305 475s dfB east/default seed=303 rescued=3 dead=1 unreachable=0 never_detected=0 ff_deaths=0 terminal=130 completions=3 recycles=3 removals=3 returns=3 wall=470s
LAUNCH dfB_south_half_1010 running=8 free_kb=14222552 18:00:26
DONE dfB_south_half_707 rc=0 size=457477 336s dfB south/half seed=707 rescued=4 dead=0 unreachable=0 never_detected=0 ff_deaths=0 terminal=136 completions=4 recycles=4 removals=4 returns=4 wall=333s
LAUNCH dfA_east_half_101 running=8 free_kb=14233684 18:02:42
DONE dfB_south_half_606 rc=0 size=568543 458s dfB south/half seed=606 rescued=3 dead=1 unreachable=0 never_detected=0 ff_deaths=0 terminal=185 completions=3 recycles=3 removals=3 returns=3 wall=455s
LAUNCH dfA_east_half_202 running=8 free_kb=14250140 18:04:10
DONE dfB_south_half_808 rc=0 size=500041 600s dfB south/half seed=808 rescued=3 dead=1 unreachable=0 never_detected=0 ff_deaths=0 terminal=144 completions=3 recycles=3 removals=3 returns=3 wall=596s
LAUNCH dfA_east_half_303 running=8 free_kb=14081748 18:07:30
DONE dfB_south_half_909 rc=0 size=545803 623s dfB south/half seed=909 rescued=4 dead=0 unreachable=0 never_detected=0 ff_deaths=0 terminal=234 completions=4 recycles=4 removals=4 returns=4 wall=620s
LAUNCH dfA_east_half_404 running=8 free_kb=14230900 18:09:14
DONE dfB_south_half_1010 rc=0 size=544288 574s dfB south/half seed=1010 rescued=4 dead=0 unreachable=0 never_detected=0 ff_deaths=1 terminal=166 completions=4 recycles=4 removals=4 returns=4 wall=571s
LAUNCH dfA_east_half_505 running=8 free_kb=14212432 18:10:11
DONE dfB_east_half_1010 rc=0 size=512318 915s dfB east/half seed=1010 rescued=3 dead=1 unreachable=0 never_detected=0 ff_deaths=0 terminal=152 completions=3 recycles=3 removals=3 returns=3 wall=911s
LAUNCH dfA_south_half_101 running=8 free_kb=14096984 18:11:24
DONE dfB_east_half_909 rc=0 size=524610 1305s dfB east/half seed=909 rescued=2 dead=1 unreachable=1 never_detected=1 ff_deaths=0 terminal=210 completions=2 recycles=2 removals=2 returns=2 wall=1301s
LAUNCH dfA_south_half_202 running=8 free_kb=14976368 18:17:20
DONE dfB_east_half_606 rc=0 size=518247 1474s dfB east/half seed=606 rescued=2 dead=0 unreachable=1 never_detected=1 ff_deaths=0 terminal=None completions=2 recycles=2 removals=2 returns=2 wall=1470s
LAUNCH dfA_south_half_303 running=8 free_kb=14132904 18:17:46
DONE dfA_south_half_101 rc=0 size=573689 494s dfA south/half seed=101 rescued=3 dead=1 unreachable=0 never_detected=0 ff_deaths=0 terminal=164 completions=3 recycles=3 removals=3 returns=3 wall=490s
LAUNCH dfA_south_half_404 running=8 free_kb=14115200 18:19:46
DONE dfA_east_half_303 rc=0 size=543955 789s dfA east/half seed=303 rescued=3 dead=1 unreachable=0 never_detected=0 ff_deaths=0 terminal=130 completions=3 recycles=3 removals=3 returns=3 wall=786s
LAUNCH dfA_south_half_505 running=8 free_kb=14109668 18:20:43
DONE dfA_east_half_202 rc=0 size=466684 1014s dfA east/half seed=202 rescued=3 dead=1 unreachable=0 never_detected=0 ff_deaths=0 terminal=177 completions=3 recycles=3 removals=3 returns=3 wall=1010s
LAUNCH dfA_east_def_101 running=8 free_kb=14162212 18:21:09
DONE dfA_east_half_101 rc=0 size=530869 1185s dfA east/half seed=101 rescued=2 dead=0 unreachable=2 never_detected=2 ff_deaths=0 terminal=210 completions=2 recycles=2 removals=2 returns=2 wall=1181s
LAUNCH dfA_east_def_202 running=8 free_kb=14155772 18:22:38
DONE dfA_south_half_303 rc=0 size=481355 376s dfA south/half seed=303 rescued=4 dead=0 unreachable=0 never_detected=0 ff_deaths=2 terminal=137 completions=4 recycles=4 removals=4 returns=4 wall=373s
LAUNCH dfA_east_def_303 running=8 free_kb=14098316 18:24:06
DONE dfA_south_half_202 rc=0 size=506167 427s dfA south/half seed=202 rescued=3 dead=0 unreachable=1 never_detected=1 ff_deaths=0 terminal=210 completions=3 recycles=3 removals=3 returns=3 wall=423s
LAUNCH dfA_east_half_606 running=8 free_kb=15018064 18:24:32
DONE dfA_east_half_505 rc=0 size=493559 902s dfA east/half seed=505 rescued=3 dead=1 unreachable=0 never_detected=0 ff_deaths=0 terminal=168 completions=3 recycles=3 removals=3 returns=3 wall=898s
LAUNCH dfA_east_half_707 running=8 free_kb=15074480 18:25:29
DONE dfA_south_half_505 rc=0 size=482861 338s dfA south/half seed=505 rescued=3 dead=1 unreachable=0 never_detected=0 ff_deaths=0 terminal=96 completions=3 recycles=3 removals=3 returns=3 wall=335s
LAUNCH dfA_east_half_808 running=8 free_kb=15039252 18:26:26
DONE dfA_east_def_101 rc=0 size=524591 366s dfA east/default seed=101 rescued=3 dead=0 unreachable=1 never_detected=1 ff_deaths=0 terminal=215 completions=3 recycles=3 removals=3 returns=3 wall=362s
DONE dfA_south_half_404 rc=0 size=571142 451s dfA south/half seed=404 rescued=3 dead=1 unreachable=0 never_detected=0 ff_deaths=1 terminal=187 completions=3 recycles=3 removals=3 returns=3 wall=446s
LAUNCH dfA_east_half_909 running=7 free_kb=15887948 18:27:23
LAUNCH dfA_east_half_1010 running=8 free_kb=15034076 18:27:49
DONE dfA_east_def_202 rc=0 size=464009 347s dfA east/default seed=202 rescued=3 dead=1 unreachable=0 never_detected=0 ff_deaths=0 terminal=181 completions=3 recycles=3 removals=3 returns=3 wall=344s
LAUNCH dfA_south_half_606 running=8 free_kb=14973180 18:28:30
DONE dfA_east_half_404 rc=0 size=549304 1191s dfA east/half seed=404 rescued=2 dead=2 unreachable=0 never_detected=0 ff_deaths=1 terminal=210 completions=2 recycles=2 removals=2 returns=2 wall=1188s
LAUNCH dfA_south_half_707 running=8 free_kb=15042092 18:29:12
DONE dfA_east_half_707 rc=0 size=383556 224s dfA east/half seed=707 rescued=2 dead=0 unreachable=2 never_detected=2 ff_deaths=0 terminal=210 completions=2 recycles=2 removals=2 returns=2 wall=221s
LAUNCH dfA_south_half_808 running=8 free_kb=15087524 18:29:38
DONE dfA_east_def_303 rc=0 size=540928 376s dfA east/default seed=303 rescued=3 dead=1 unreachable=0 never_detected=0 ff_deaths=0 terminal=130 completions=3 recycles=3 removals=3 returns=3 wall=372s
LAUNCH dfA_south_half_909 running=8 free_kb=15116624 18:30:35
DONE dfA_south_half_707 rc=0 size=457497 309s dfA south/half seed=707 rescued=4 dead=0 unreachable=0 never_detected=0 ff_deaths=0 terminal=136 completions=4 recycles=4 removals=4 returns=4 wall=306s
LAUNCH dfA_south_half_1010 running=8 free_kb=14977412 18:34:24
DONE dfA_south_half_606 rc=0 size=568437 417s dfA south/half seed=606 rescued=3 dead=1 unreachable=0 never_detected=0 ff_deaths=0 terminal=185 completions=3 recycles=3 removals=3 returns=3 wall=414s
LAUNCH dfC_east_half_101 running=8 free_kb=15030968 18:35:37
DONE dfA_south_half_808 rc=0 size=500232 540s dfA south/half seed=808 rescued=3 dead=1 unreachable=0 never_detected=0 ff_deaths=0 terminal=144 completions=3 recycles=3 removals=3 returns=3 wall=537s
LAUNCH dfC_east_half_202 running=8 free_kb=14967760 18:38:39
DONE dfA_south_half_909 rc=0 size=545459 506s dfA south/half seed=909 rescued=4 dead=0 unreachable=0 never_detected=0 ff_deaths=0 terminal=234 completions=4 recycles=4 removals=4 returns=4 wall=503s
LAUNCH dfC_east_half_303 running=8 free_kb=14949304 18:39:05
DONE dfA_east_half_1010 rc=0 size=513095 796s dfA east/half seed=1010 rescued=3 dead=1 unreachable=0 never_detected=0 ff_deaths=0 terminal=152 completions=3 recycles=3 removals=3 returns=3 wall=793s
LAUNCH dfC_east_half_404 running=8 free_kb=15013480 18:41:20
DONE dfA_east_half_808 rc=0 size=499431 1002s dfA east/half seed=808 rescued=2 dead=2 unreachable=0 never_detected=0 ff_deaths=0 terminal=222 completions=2 recycles=2 removals=2 returns=2 wall=998s
DONE dfA_south_half_1010 rc=0 size=545017 533s dfA south/half seed=1010 rescued=4 dead=0 unreachable=0 never_detected=0 ff_deaths=1 terminal=166 completions=4 recycles=4 removals=4 returns=4 wall=530s
LAUNCH dfC_east_half_505 running=7 free_kb=15901640 18:43:20
LAUNCH dfC_south_half_101 running=8 free_kb=15010076 18:43:45
DONE dfA_east_half_606 rc=0 size=518686 1244s dfA east/half seed=606 rescued=2 dead=0 unreachable=1 never_detected=1 ff_deaths=0 terminal=None completions=2 recycles=2 removals=2 returns=2 wall=1241s
LAUNCH dfC_south_half_202 running=8 free_kb=15917184 18:45:29
DONE dfA_east_half_909 rc=0 size=525790 1155s dfA east/half seed=909 rescued=2 dead=1 unreachable=1 never_detected=1 ff_deaths=0 terminal=210 completions=2 recycles=2 removals=2 returns=2 wall=1152s
LAUNCH dfC_south_half_303 running=8 free_kb=15787104 18:46:42
DONE dfC_east_half_101 rc=0 size=533967 757s dfC east/half seed=101 rescued=3 dead=1 unreachable=0 never_detected=0 ff_deaths=1 terminal=219 completions=3 recycles=3 removals=3 returns=3 wall=754s
LAUNCH dfC_south_half_404 running=8 free_kb=15842072 18:48:27
DONE dfC_east_half_404 rc=0 size=532931 584s dfC east/half seed=404 rescued=3 dead=1 unreachable=0 never_detected=0 ff_deaths=1 terminal=102 completions=3 recycles=3 removals=3 returns=3 wall=581s
LAUNCH dfC_south_half_505 running=8 free_kb=15837084 18:51:13
DONE dfC_south_half_202 rc=0 size=508097 346s dfC south/half seed=202 rescued=3 dead=1 unreachable=0 never_detected=0 ff_deaths=0 terminal=201 completions=3 recycles=3 removals=3 returns=3 wall=342s
DONE dfC_east_half_303 rc=0 size=541616 745s dfC east/half seed=303 rescued=2 dead=1 unreachable=1 never_detected=1 ff_deaths=1 terminal=210 completions=2 recycles=2 removals=2 returns=2 wall=742s
LAUNCH dfC_east_def_101 running=7 free_kb=17532064 18:51:39
DONE dfC_south_half_303 rc=0 size=495241 316s dfC south/half seed=303 rescued=3 dead=1 unreachable=0 never_detected=0 ff_deaths=0 terminal=216 completions=3 recycles=3 removals=3 returns=3 wall=313s
LAUNCH dfC_east_def_202 running=7 free_kb=17566720 18:52:05
DONE dfC_south_half_101 rc=0 size=611519 524s dfC south/half seed=101 rescued=2 dead=0 unreachable=0 never_detected=0 ff_deaths=1 terminal=None completions=2 recycles=2 removals=2 returns=2 wall=520s
LAUNCH dfC_east_def_303 running=7 free_kb=17634832 18:52:30
LAUNCH dfC_east_half_606 running=8 free_kb=16791128 18:52:56
DONE dfC_east_half_202 rc=0 size=481308 864s dfC east/half seed=202 rescued=2 dead=1 unreachable=0 never_detected=0 ff_deaths=0 terminal=None completions=2 recycles=2 removals=2 returns=2 wall=860s
LAUNCH dfC_east_half_707 running=8 free_kb=16738884 18:53:22
DONE dfC_east_half_505 rc=0 size=498520 649s dfC east/half seed=505 rescued=3 dead=1 unreachable=0 never_detected=0 ff_deaths=0 terminal=188 completions=3 recycles=3 removals=3 returns=3 wall=646s
LAUNCH dfC_east_half_808 running=8 free_kb=16829848 18:54:18
DONE dfC_south_half_404 rc=0 size=534381 409s dfC south/half seed=404 rescued=4 dead=0 unreachable=0 never_detected=0 ff_deaths=0 terminal=130 completions=4 recycles=4 removals=4 returns=4 wall=406s
DONE dfC_south_half_505 rc=0 size=482453 253s dfC south/half seed=505 rescued=3 dead=1 unreachable=0 never_detected=0 ff_deaths=0 terminal=93 completions=3 recycles=3 removals=3 returns=3 wall=250s
LAUNCH dfC_east_half_909 running=7 free_kb=17735120 18:55:31
LAUNCH dfC_east_half_1010 running=8 free_kb=16794580 18:55:57
DONE dfC_east_half_707 rc=0 size=385123 170s dfC east/half seed=707 rescued=4 dead=0 unreachable=0 never_detected=0 ff_deaths=0 terminal=184 completions=4 recycles=4 removals=4 returns=4 wall=168s
LAUNCH dfC_south_half_606 running=8 free_kb=16794228 18:56:22
DONE dfC_east_def_101 rc=0 size=486827 293s dfC east/default seed=101 rescued=3 dead=1 unreachable=0 never_detected=0 ff_deaths=1 terminal=165 completions=3 recycles=3 removals=3 returns=3 wall=290s
DONE dfC_east_def_202 rc=0 size=462954 283s dfC east/default seed=202 rescued=2 dead=1 unreachable=1 never_detected=1 ff_deaths=1 terminal=210 completions=2 recycles=2 removals=2 returns=2 wall=281s
LAUNCH dfC_south_half_707 running=8 free_kb=17647784 18:56:48
LAUNCH dfC_south_half_808 running=8 free_kb=16779868 18:57:14
DONE dfC_east_def_303 rc=0 size=543583 332s dfC east/default seed=303 rescued=3 dead=1 unreachable=0 never_detected=0 ff_deaths=1 terminal=231 completions=3 recycles=3 removals=3 returns=3 wall=329s
LAUNCH dfC_south_half_909 running=8 free_kb=16739536 18:58:10
DONE dfC_east_half_606 rc=0 size=483136 514s dfC east/half seed=606 rescued=3 dead=1 unreachable=0 never_detected=0 ff_deaths=1 terminal=117 completions=3 recycles=3 removals=3 returns=3 wall=511s
LAUNCH dfC_south_half_1010 running=8 free_kb=16639004 19:01:44
DONE dfC_south_half_606 rc=0 size=576490 366s dfC south/half seed=606 rescued=2 dead=0 unreachable=2 never_detected=0 ff_deaths=1 terminal=172 completions=2 recycles=2 removals=2 returns=2 wall=363s
LAUNCH dfD_east_half_101 running=8 free_kb=16673216 19:02:41
DONE dfC_south_half_808 rc=0 size=499154 336s dfC south/half seed=808 rescued=4 dead=0 unreachable=0 never_detected=0 ff_deaths=0 terminal=150 completions=4 recycles=4 removals=4 returns=4 wall=334s
LAUNCH dfD_east_half_202 running=8 free_kb=16713852 19:03:06
DONE dfC_south_half_707 rc=0 size=454159 430s dfC south/half seed=707 rescued=4 dead=0 unreachable=0 never_detected=0 ff_deaths=0 terminal=163 completions=4 recycles=4 removals=4 returns=4 wall=426s
LAUNCH dfD_east_half_303 running=8 free_kb=17666924 19:04:03
DONE dfC_east_half_909 rc=0 size=509724 532s dfC east/half seed=909 rescued=3 dead=1 unreachable=0 never_detected=0 ff_deaths=0 terminal=145 completions=3 recycles=3 removals=3 returns=3 wall=529s
LAUNCH dfD_east_half_404 running=8 free_kb=17682212 19:04:29
DONE dfC_east_half_808 rc=0 size=486482 619s dfC east/half seed=808 rescued=3 dead=1 unreachable=0 never_detected=0 ff_deaths=1 terminal=197 completions=3 recycles=3 removals=3 returns=3 wall=616s
DONE dfC_south_half_909 rc=0 size=533444 399s dfC south/half seed=909 rescued=4 dead=0 unreachable=0 never_detected=0 ff_deaths=1 terminal=213 completions=4 recycles=4 removals=4 returns=4 wall=397s
LAUNCH dfD_east_half_505 running=7 free_kb=18600268 19:04:54
LAUNCH dfD_south_half_101 running=8 free_kb=17663772 19:05:20
DONE dfC_east_half_1010 rc=0 size=517093 604s dfC east/half seed=1010 rescued=3 dead=1 unreachable=0 never_detected=0 ff_deaths=1 terminal=175 completions=3 recycles=3 removals=3 returns=3 wall=602s
LAUNCH dfD_south_half_202 running=8 free_kb=17777772 19:06:17
DONE dfC_south_half_1010 rc=0 size=556878 412s dfC south/half seed=1010 rescued=3 dead=1 unreachable=0 never_detected=0 ff_deaths=0 terminal=182 completions=3 recycles=3 removals=3 returns=3 wall=410s
LAUNCH dfD_south_half_303 running=8 free_kb=17673508 19:08:47
DONE dfD_south_half_101 rc=0 size=578167 333s dfD south/half seed=101 rescued=2 dead=1 unreachable=1 never_detected=0 ff_deaths=2 terminal=159 completions=2 recycles=2 removals=2 returns=2 wall=331s
DONE dfD_east_half_202 rc=0 size=465067 472s dfD east/half seed=202 rescued=3 dead=1 unreachable=0 never_detected=0 ff_deaths=0 terminal=104 completions=3 recycles=3 removals=3 returns=3 wall=469s
LAUNCH dfD_south_half_404 running=7 free_kb=18513440 19:11:02
DONE dfD_south_half_202 rc=0 size=504483 290s dfD south/half seed=202 rescued=3 dead=0 unreachable=0 never_detected=0 ff_deaths=1 terminal=None completions=3 recycles=3 removals=3 returns=3 wall=288s
DONE dfD_east_half_101 rc=0 size=492666 523s dfD east/half seed=101 rescued=4 dead=0 unreachable=0 never_detected=0 ff_deaths=1 terminal=127 completions=4 recycles=4 removals=4 returns=4 wall=520s
LAUNCH dfD_south_half_505 running=6 free_kb=19299760 19:11:27
DONE dfD_east_half_505 rc=0 size=491838 417s dfD east/half seed=505 rescued=3 dead=1 unreachable=0 never_detected=0 ff_deaths=0 terminal=109 completions=3 recycles=3 removals=3 returns=3 wall=414s
LAUNCH dfD_east_def_101 running=6 free_kb=19382384 19:11:53
LAUNCH dfD_east_def_202 running=7 free_kb=18534692 19:12:18
LAUNCH dfD_east_def_303 running=8 free_kb=17689300 19:12:44
DONE dfD_south_half_303 rc=0 size=477060 245s dfD south/half seed=303 rescued=4 dead=0 unreachable=0 never_detected=0 ff_deaths=1 terminal=114 completions=4 recycles=4 removals=4 returns=4 wall=242s
LAUNCH dfD_east_half_606 running=8 free_kb=17698848 19:13:10
DONE dfD_east_half_404 rc=0 size=543595 572s dfD east/half seed=404 rescued=2 dead=2 unreachable=0 never_detected=0 ff_deaths=1 terminal=162 completions=2 recycles=2 removals=2 returns=2 wall=570s
LAUNCH dfD_east_half_707 running=8 free_kb=17683980 19:14:06
DONE dfD_east_half_303 rc=0 size=551957 624s dfD east/half seed=303 rescued=3 dead=1 unreachable=0 never_detected=0 ff_deaths=0 terminal=219 completions=3 recycles=3 removals=3 returns=3 wall=621s
LAUNCH dfD_east_half_808 running=8 free_kb=17688324 19:14:32
DONE dfD_south_half_505 rc=0 size=483132 243s dfD south/half seed=505 rescued=3 dead=1 unreachable=0 never_detected=0 ff_deaths=0 terminal=114 completions=3 recycles=3 removals=3 returns=3 wall=240s
LAUNCH dfD_east_half_909 running=8 free_kb=17692848 19:15:44
DONE dfD_east_def_101 rc=0 size=523413 254s dfD east/default seed=101 rescued=3 dead=0 unreachable=1 never_detected=1 ff_deaths=0 terminal=215 completions=3 recycles=3 removals=3 returns=3 wall=252s
LAUNCH dfD_east_half_1010 running=8 free_kb=18530424 19:16:10
DONE dfD_south_half_404 rc=0 size=598297 308s dfD south/half seed=404 rescued=3 dead=1 unreachable=0 never_detected=0 ff_deaths=0 terminal=189 completions=3 recycles=3 removals=3 returns=3 wall=306s
DONE dfD_east_def_202 rc=0 size=462972 253s dfD east/default seed=202 rescued=3 dead=1 unreachable=0 never_detected=0 ff_deaths=0 terminal=181 completions=3 recycles=3 removals=3 returns=3 wall=251s
LAUNCH dfD_south_half_606 running=7 free_kb=18434432 19:16:36
DONE dfD_east_half_707 rc=0 size=384415 162s dfD east/half seed=707 rescued=2 dead=0 unreachable=2 never_detected=2 ff_deaths=0 terminal=210 completions=2 recycles=2 removals=2 returns=2 wall=159s
LAUNCH dfD_south_half_707 running=7 free_kb=18502612 19:17:01
DONE dfD_east_def_303 rc=0 size=541564 279s dfD east/default seed=303 rescued=3 dead=1 unreachable=0 never_detected=0 ff_deaths=0 terminal=130 completions=3 recycles=3 removals=3 returns=3 wall=276s
LAUNCH dfD_south_half_808 running=7 free_kb=18573936 19:17:27
LAUNCH dfD_south_half_909 running=8 free_kb=17731044 19:17:52
DONE dfD_south_half_707 rc=0 size=479050 238s dfD south/half seed=707 rescued=3 dead=1 unreachable=0 never_detected=0 ff_deaths=0 terminal=198 completions=3 recycles=3 removals=3 returns=3 wall=236s
LAUNCH dfD_south_half_1010 running=8 free_kb=17632868 19:21:09
DONE dfD_south_half_606 rc=0 size=556813 306s dfD south/half seed=606 rescued=3 dead=0 unreachable=1 never_detected=1 ff_deaths=1 terminal=210 completions=3 recycles=3 removals=3 returns=3 wall=304s
LAUNCH dfW0_east_half_101 running=8 free_kb=17601848 19:21:50
DONE dfD_east_half_808 rc=0 size=487230 440s dfD east/half seed=808 rescued=3 dead=1 unreachable=0 never_detected=0 ff_deaths=0 terminal=99 completions=3 recycles=3 removals=3 returns=3 wall=438s
LAUNCH dfW0_east_half_202 running=8 free_kb=17633504 19:22:16
DONE dfD_south_half_808 rc=0 size=513750 292s dfD south/half seed=808 rescued=2 dead=1 unreachable=0 never_detected=0 ff_deaths=0 terminal=None completions=2 recycles=2 removals=2 returns=2 wall=290s
LAUNCH dfW0_east_half_303 running=8 free_kb=17622424 19:22:42
DONE dfD_east_half_1010 rc=0 size=513230 457s dfD east/half seed=1010 rescued=3 dead=1 unreachable=0 never_detected=0 ff_deaths=0 terminal=105 completions=3 recycles=3 removals=3 returns=3 wall=457s
LAUNCH dfW0_east_half_404 running=8 free_kb=17663536 19:23:52
DONE dfD_south_half_909 rc=0 size=579215 363s dfD south/half seed=909 rescued=3 dead=1 unreachable=0 never_detected=0 ff_deaths=0 terminal=219 completions=3 recycles=3 removals=3 returns=3 wall=363s
DONE dfD_east_half_606 rc=0 size=490610 651s dfD east/half seed=606 rescued=3 dead=1 unreachable=0 never_detected=0 ff_deaths=1 terminal=207 completions=3 recycles=3 removals=3 returns=3 wall=651s
LAUNCH dfW0_east_half_505 running=7 free_kb=18573416 19:24:18
LAUNCH dfW1_east_half_101 running=8 free_kb=17684256 19:24:43
DONE dfD_east_half_909 rc=0 size=505295 546s dfD east/half seed=909 rescued=4 dead=0 unreachable=0 never_detected=0 ff_deaths=1 terminal=122 completions=4 recycles=4 removals=4 returns=4 wall=546s
LAUNCH dfW1_east_half_202 running=8 free_kb=17731204 19:25:09
DONE dfD_south_half_1010 rc=0 size=544532 309s dfD south/half seed=1010 rescued=3 dead=0 unreachable=1 never_detected=1 ff_deaths=1 terminal=210 completions=3 recycles=3 removals=3 returns=3 wall=308s
LAUNCH dfW1_east_half_303 running=8 free_kb=17665096 19:26:21
DONE dfW0_east_half_202 rc=0 size=463299 446s dfW0 east/half seed=202 rescued=3 dead=1 unreachable=0 never_detected=0 ff_deaths=0 terminal=104 completions=3 recycles=3 removals=3 returns=3 wall=446s
LAUNCH dfW1_east_half_404 running=8 free_kb=17605428 19:29:54
DONE dfW0_east_half_101 rc=0 size=490727 508s dfW0 east/half seed=101 rescued=4 dead=0 unreachable=0 never_detected=0 ff_deaths=1 terminal=127 completions=4 recycles=4 removals=4 returns=4 wall=507s
LAUNCH dfW1_east_half_505 running=8 free_kb=17601468 19:30:19
DONE dfW0_east_half_505 rc=0 size=489967 415s dfW0 east/half seed=505 rescued=3 dead=1 unreachable=0 never_detected=0 ff_deaths=0 terminal=109 completions=3 recycles=3 removals=3 returns=3 wall=413s
DONE dfW0_east_half_303 rc=0 size=550035 598s dfW0 east/half seed=303 rescued=3 dead=1 unreachable=0 never_detected=0 ff_deaths=0 terminal=219 completions=3 recycles=3 removals=3 returns=3 wall=599s
DONE dfW1_east_half_202 rc=0 size=463447 458s dfW1 east/half seed=202 rescued=3 dead=1 unreachable=0 never_detected=0 ff_deaths=0 terminal=104 completions=3 recycles=3 removals=3 returns=3 wall=456s
DONE dfW0_east_half_404 rc=0 size=541294 559s dfW0 east/half seed=404 rescued=2 dead=2 unreachable=0 never_detected=0 ff_deaths=1 terminal=162 completions=2 recycles=2 removals=2 returns=2 wall=557s
DONE dfW1_east_half_101 rc=0 size=490727 509s dfW1 east/half seed=101 rescued=4 dead=0 unreachable=0 never_detected=0 ff_deaths=1 terminal=127 completions=4 recycles=4 removals=4 returns=4 wall=507s
DONE dfW1_east_half_303 rc=0 size=550066 594s dfW1 east/half seed=303 rescued=3 dead=1 unreachable=0 never_detected=0 ff_deaths=0 terminal=219 completions=3 recycles=3 removals=3 returns=3 wall=591s
DONE dfW1_east_half_505 rc=0 size=489967 382s dfW1 east/half seed=505 rescued=3 dead=1 unreachable=0 never_detected=0 ff_deaths=0 terminal=109 completions=3 recycles=3 removals=3 returns=3 wall=379s
DONE dfW1_east_half_404 rc=0 size=541246 515s dfW1 east/half seed=404 rescued=2 dead=2 unreachable=0 never_detected=0 ff_deaths=1 terminal=162 completions=2 recycles=2 removals=2 returns=2 wall=513s
ALL_DIM_POOL_COMPLETE launched=173 skipped=1 2026-09-12 19:38:29
