[13:32:37] POOL START wave=w1 runid=20260920-133237-15203 restart=0 pid=15203 winpid=6984 head=6281542 dirty_tracked=5 queue=outputs/_dfp_queue.txt maxpar=12 minfree_kb=3500000
[13:32:38] ENV 3.10.11 mesa 1.2.1  prereg_sha256=811159b44341abdc queue_sha256=a7def3266f345f9e
[13:32:38] SHIPPED BASE_STATION_MODE=3 BASE_STATION_RETURN_MECHANISM=2 BASE_STATION_DEPOTS=9 BASE_STATION_SPAWN_SPLIT=2 UAV_RETURN_TO_BASE_RESERVE=0.0 BASE_STATION_RETURN_MARGIN=39.23 BASE_STATION_DOCK_FIX=2 BASE_STATION_RETURN_STALL_LIMIT=3 BASE_STATION_WAYPOINT_FIX=1 ROUTE_BLOCK_STALE_CLEAR=1 VICTIM_SEARCHER_HAZARD_RETREAT_RANGE=99 BASE_STATION_FIREPROOF=1 BASE_STATION_FIREPROOF_DRY_RUN=0
[13:32:39] SHIPPED-CONTROL BASE_STATION_MODE=3 BASE_STATION_DEPOTS=9 BASE_STATION_FIREPROOF=ABSENT
[13:32:39] VALIDATE total=100 valid=0 invalid=0 missing=100
[13:32:39] START STATE wave=w1 total=100 valid=0 pending=100 live_orphans_this_wave=0 sims_boxwide=0 free_kb=16429564
[13:32:39] HEARTBEAT pid=15244 every 60s -> outputs/_dfp_wave.log ; state file outputs/_dfp_state.txt ; sentinel outputs/_dfp_hb_20260920-133237-15203.stop
[13:32:40] LAUNCH dfpB_east_half_101 running=1 free_kb=16424296 sims_boxwide=0 attempt=1
[13:32:53] LAUNCH dfpB_east_half_202 running=2 free_kb=15863808 sims_boxwide=1 attempt=1
[13:33:06] LAUNCH dfpB_east_half_303 running=3 free_kb=15024684 sims_boxwide=2 attempt=1
[13:33:18] LAUNCH dfpB_east_half_404 running=4 free_kb=15027292 sims_boxwide=3 attempt=1
[13:33:31] LAUNCH dfpB_east_half_505 running=5 free_kb=14191828 sims_boxwide=4 attempt=1
[13:33:40] .. alive runid=20260920-133237-15203 event_age=9s | wave=w1 total=100 valid=0 running=5 pending=95 launched=5 failed=0 gaveup=0 forkfail=0 free_kb=14191828 sims_boxwide=4 last_event_age=0s last_event_epoch=1789904011
[13:33:44] LAUNCH dfpB_south_half_101 running=6 free_kb=14108216 sims_boxwide=5 attempt=1
[13:33:57] LAUNCH dfpB_south_half_202 running=7 free_kb=13220988 sims_boxwide=6 attempt=1
[13:34:10] LAUNCH dfpB_south_half_303 running=8 free_kb=12354284 sims_boxwide=7 attempt=1
[13:34:22] LAUNCH dfpB_south_half_404 running=9 free_kb=11409844 sims_boxwide=8 attempt=1
[13:34:35] LAUNCH dfpB_south_half_505 running=10 free_kb=9725556 sims_boxwide=9 attempt=1
[13:34:40] .. alive runid=20260920-133237-15203 event_age=5s | wave=w1 total=100 valid=0 running=10 pending=90 launched=10 failed=0 gaveup=0 forkfail=0 free_kb=9725556 sims_boxwide=9 last_event_age=0s last_event_epoch=1789904075
[13:34:48] LAUNCH dfpB_east_def_101 running=11 free_kb=8835156 sims_boxwide=10 attempt=1
[13:35:01] LAUNCH dfpB_east_def_202 running=12 free_kb=7959176 sims_boxwide=11 attempt=1
[13:35:40] .. alive runid=20260920-133237-15203 event_age=39s | wave=w1 total=100 valid=0 running=12 pending=88 launched=12 failed=0 gaveup=0 forkfail=0 free_kb=7959176 sims_boxwide=11 last_event_age=0s last_event_epoch=1789904101
[13:36:40] .. alive runid=20260920-133237-15203 event_age=99s | wave=w1 total=100 valid=0 running=12 pending=88 launched=12 failed=0 gaveup=0 forkfail=0 free_kb=7959176 sims_boxwide=11 last_event_age=0s last_event_epoch=1789904101
[13:37:40] .. alive runid=20260920-133237-15203 event_age=159s | wave=w1 total=100 valid=0 running=12 pending=88 launched=12 failed=0 gaveup=0 forkfail=0 free_kb=7959176 sims_boxwide=11 last_event_age=0s last_event_epoch=1789904101
[13:38:40] .. alive runid=20260920-133237-15203 event_age=219s | wave=w1 total=100 valid=0 running=12 pending=88 launched=12 failed=0 gaveup=0 forkfail=0 free_kb=7959176 sims_boxwide=11 last_event_age=0s last_event_epoch=1789904101
[13:39:40] .. alive runid=20260920-133237-15203 event_age=279s | wave=w1 total=100 valid=0 running=12 pending=88 launched=12 failed=0 gaveup=0 forkfail=0 free_kb=7959176 sims_boxwide=11 last_event_age=0s last_event_epoch=1789904101
[13:40:40] .. alive runid=20260920-133237-15203 event_age=339s | wave=w1 total=100 valid=0 running=12 pending=88 launched=12 failed=0 gaveup=0 forkfail=0 free_kb=7959176 sims_boxwide=11 last_event_age=0s last_event_epoch=1789904101
[13:40:44] DONE dfpB_south_half_303 rc=0 393s dfpB south/half seed=303 rescued=4 dead=0 unreachable=0 never_detected=0 ff_deaths=1 terminal=114 completions=4 recycles=4 removals=4 returns=4 wall=392s [valid 1/100]
[13:40:45] LAUNCH dfpB_east_def_303 running=12 free_kb=7951768 sims_boxwide=11 attempt=1
[13:41:08] DONE dfpB_south_half_505 rc=0 393s dfpB south/half seed=505 rescued=3 dead=1 unreachable=0 never_detected=0 ff_deaths=0 terminal=114 completions=3 recycles=3 removals=3 returns=3 wall=391s [valid 2/100]
[13:41:09] LAUNCH dfpOFF_east_half_101 running=12 free_kb=8032064 sims_boxwide=11 attempt=1
[13:41:40] .. alive runid=20260920-133237-15203 event_age=31s | wave=w1 total=100 valid=2 running=12 pending=86 launched=14 failed=0 gaveup=0 forkfail=0 free_kb=8032064 sims_boxwide=11 last_event_age=0s last_event_epoch=1789904469
[13:41:43] DONE dfpB_south_half_202 rc=0 465s dfpB south/half seed=202 rescued=3 dead=0 unreachable=0 never_detected=0 ff_deaths=1 terminal=None completions=3 recycles=3 removals=3 returns=3 wall=464s [valid 3/100]
[13:41:44] LAUNCH dfpOFF_east_half_202 running=12 free_kb=7997772 sims_boxwide=11 attempt=1
[13:41:56] DONE dfpB_east_def_202 rc=0 415s dfpB east/default seed=202 rescued=3 dead=1 unreachable=0 never_detected=0 ff_deaths=0 terminal=181 completions=3 recycles=3 removals=3 returns=3 wall=407s [valid 4/100]
[13:41:56] DONE dfpB_east_def_101 rc=0 428s dfpB east/default seed=101 rescued=3 dead=0 unreachable=1 never_detected=1 ff_deaths=0 terminal=215 completions=3 recycles=3 removals=3 returns=3 wall=415s [valid 5/100]
[13:41:57] LAUNCH dfpOFF_east_half_303 running=11 free_kb=8912828 sims_boxwide=10 attempt=1
[13:42:10] LAUNCH dfpOFF_east_half_404 running=12 free_kb=8067468 sims_boxwide=11 attempt=1
[13:42:23] DONE dfpB_south_half_101 rc=0 518s dfpB south/half seed=101 rescued=2 dead=1 unreachable=1 never_detected=0 ff_deaths=2 terminal=159 completions=2 recycles=2 removals=2 returns=2 wall=517s [valid 6/100]
[13:42:23] LAUNCH dfpOFF_east_half_505 running=12 free_kb=8065892 sims_boxwide=11 attempt=1
[13:42:40] .. alive runid=20260920-133237-15203 event_age=17s | wave=w1 total=100 valid=6 running=12 pending=82 launched=18 failed=0 gaveup=0 forkfail=0 free_kb=8065892 sims_boxwide=11 last_event_age=0s last_event_epoch=1789904543
[13:42:52] DONE dfpB_south_half_404 rc=0 510s dfpB south/half seed=404 rescued=3 dead=1 unreachable=0 never_detected=0 ff_deaths=0 terminal=189 completions=3 recycles=3 removals=3 returns=3 wall=508s [valid 7/100]
[13:42:53] LAUNCH dfpOFF_south_half_101 running=12 free_kb=8060236 sims_boxwide=11 attempt=1
[13:43:40] .. alive runid=20260920-133237-15203 event_age=47s | wave=w1 total=100 valid=7 running=12 pending=81 launched=19 failed=0 gaveup=0 forkfail=0 free_kb=8060236 sims_boxwide=11 last_event_age=0s last_event_epoch=1789904573
[13:44:41] .. alive runid=20260920-133237-15203 event_age=108s | wave=w1 total=100 valid=7 running=12 pending=81 launched=19 failed=0 gaveup=0 forkfail=0 free_kb=8060236 sims_boxwide=11 last_event_age=0s last_event_epoch=1789904573
[13:44:43] DONE dfpB_east_half_505 rc=0 672s dfpB east/half seed=505 rescued=3 dead=1 unreachable=0 never_detected=0 ff_deaths=0 terminal=109 completions=3 recycles=3 removals=3 returns=3 wall=670s [valid 8/100]
[13:44:44] LAUNCH dfpOFF_south_half_202 running=12 free_kb=8004628 sims_boxwide=11 attempt=1
[13:45:10] DONE dfpB_east_half_202 rc=0 736s dfpB east/half seed=202 rescued=3 dead=1 unreachable=0 never_detected=0 ff_deaths=0 terminal=104 completions=3 recycles=3 removals=3 returns=3 wall=735s [valid 9/100]
[13:45:11] LAUNCH dfpOFF_south_half_303 running=12 free_kb=7104924 sims_boxwide=11 attempt=1
[13:45:41] .. alive runid=20260920-133237-15203 event_age=30s | wave=w1 total=100 valid=9 running=12 pending=79 launched=21 failed=0 gaveup=0 forkfail=0 free_kb=7104924 sims_boxwide=11 last_event_age=0s last_event_epoch=1789904711
[13:46:09] DONE dfpB_east_half_101 rc=0 809s dfpB east/half seed=101 rescued=4 dead=0 unreachable=0 never_detected=0 ff_deaths=1 terminal=127 completions=4 recycles=4 removals=4 returns=4 wall=808s [valid 10/100]
[13:46:10] LAUNCH dfpOFF_south_half_404 running=12 free_kb=7100292 sims_boxwide=11 attempt=1
[13:46:41] .. alive runid=20260920-133237-15203 event_age=31s | wave=w1 total=100 valid=10 running=12 pending=78 launched=22 failed=0 gaveup=0 forkfail=0 free_kb=7100292 sims_boxwide=11 last_event_age=0s last_event_epoch=1789904770
[13:47:41] .. alive runid=20260920-133237-15203 event_age=91s | wave=w1 total=100 valid=10 running=12 pending=78 launched=22 failed=0 gaveup=0 forkfail=0 free_kb=7100292 sims_boxwide=11 last_event_age=0s last_event_epoch=1789904770
[13:48:24] DONE dfpB_east_def_303 rc=0 459s dfpB east/default seed=303 rescued=3 dead=1 unreachable=0 never_detected=0 ff_deaths=0 terminal=130 completions=3 recycles=3 removals=3 returns=3 wall=458s [valid 11/100]
[13:48:25] LAUNCH dfpOFF_south_half_505 running=12 free_kb=6987792 sims_boxwide=11 attempt=1
[13:48:41] DONE dfpB_east_half_404 rc=0 922s dfpB east/half seed=404 rescued=2 dead=2 unreachable=0 never_detected=0 ff_deaths=1 terminal=162 completions=2 recycles=2 removals=2 returns=2 wall=921s [valid 12/100]
[13:48:41] .. alive runid=20260920-133237-15203 event_age=1s | wave=w1 total=100 valid=12 running=11 pending=77 launched=23 failed=0 gaveup=0 forkfail=0 free_kb=6987792 sims_boxwide=11 last_event_age=1s last_event_epoch=1789904920
[13:48:42] LAUNCH dfpOFF_east_def_101 running=12 free_kb=6741428 sims_boxwide=11 attempt=1
[13:49:27] DONE dfpB_east_half_303 rc=0 981s dfpB east/half seed=303 rescued=3 dead=1 unreachable=0 never_detected=0 ff_deaths=0 terminal=219 completions=3 recycles=3 removals=3 returns=3 wall=980s [valid 13/100]
[13:49:28] LAUNCH dfpOFF_east_def_202 running=12 free_kb=7595508 sims_boxwide=11 attempt=1
[13:49:41] .. alive runid=20260920-133237-15203 event_age=13s | wave=w1 total=100 valid=13 running=12 pending=75 launched=25 failed=0 gaveup=0 forkfail=0 free_kb=7595508 sims_boxwide=11 last_event_age=0s last_event_epoch=1789904968
[13:50:36] DONE dfpOFF_south_half_101 rc=0 463s dfpOFF south/half seed=101 rescued=2 dead=1 unreachable=1 never_detected=0 ff_deaths=2 terminal=159 completions=2 recycles=2 removals=2 returns=2 wall=461s [valid 14/100]
[13:50:37] LAUNCH dfpOFF_east_def_303 running=12 free_kb=4182828 sims_boxwide=15 attempt=1
[13:50:41] .. alive runid=20260920-133237-15203 event_age=4s | wave=w1 total=100 valid=14 running=12 pending=74 launched=26 failed=0 gaveup=0 forkfail=0 free_kb=4182828 sims_boxwide=15 last_event_age=0s last_event_epoch=1789905037
[13:50:49] DONE dfpOFF_south_half_303 rc=0 338s dfpOFF south/half seed=303 rescued=4 dead=0 unreachable=0 never_detected=0 ff_deaths=1 terminal=114 completions=4 recycles=4 removals=4 returns=4 wall=336s [valid 15/100]
[13:50:50] LAUNCH dfpDRY_east_half_101 running=12 free_kb=4201592 sims_boxwide=15 attempt=1
[13:51:14] DONE dfpOFF_south_half_202 rc=0 389s dfpOFF south/half seed=202 rescued=3 dead=0 unreachable=0 never_detected=0 ff_deaths=1 terminal=None completions=3 recycles=3 removals=3 returns=3 wall=388s [valid 16/100]
[13:51:15] LAUNCH dfpDRY_east_half_202 running=12 free_kb=4209184 sims_boxwide=15 attempt=1
[13:51:41] .. alive runid=20260920-133237-15203 event_age=26s | wave=w1 total=100 valid=16 running=12 pending=72 launched=28 failed=0 gaveup=0 forkfail=0 free_kb=4209184 sims_boxwide=15 last_event_age=0s last_event_epoch=1789905075
[13:52:18] DONE dfpOFF_east_half_505 rc=0 594s dfpOFF east/half seed=505 rescued=3 dead=1 unreachable=0 never_detected=0 ff_deaths=0 terminal=109 completions=3 recycles=3 removals=3 returns=3 wall=593s [valid 17/100]
[13:52:19] LAUNCH dfpDRY_east_half_303 running=12 free_kb=3726012 sims_boxwide=15 attempt=1
[13:52:37] DONE dfpOFF_east_half_202 rc=0 653s dfpOFF east/half seed=202 rescued=3 dead=1 unreachable=0 never_detected=0 ff_deaths=0 terminal=104 completions=3 recycles=3 removals=3 returns=3 wall=651s [valid 18/100]
[13:52:38] LAUNCH dfpDRY_east_half_404 running=12 free_kb=4573296 sims_boxwide=15 attempt=1
[13:52:41] .. alive runid=20260920-133237-15203 event_age=3s | wave=w1 total=100 valid=18 running=12 pending=70 launched=30 failed=0 gaveup=0 forkfail=0 free_kb=4573296 sims_boxwide=15 last_event_age=0s last_event_epoch=1789905158
[13:53:01] DONE dfpOFF_south_half_404 rc=0 410s dfpOFF south/half seed=404 rescued=3 dead=1 unreachable=0 never_detected=0 ff_deaths=0 terminal=189 completions=3 recycles=3 removals=3 returns=3 wall=409s [valid 19/100]
[13:53:02] LAUNCH dfpDRY_east_half_505 running=12 free_kb=5408020 sims_boxwide=15 attempt=1
[13:53:14] DONE dfpOFF_south_half_505 rc=0 289s dfpOFF south/half seed=505 rescued=3 dead=1 unreachable=0 never_detected=0 ff_deaths=0 terminal=114 completions=3 recycles=3 removals=3 returns=3 wall=275s [valid 20/100]
[13:53:15] LAUNCH dfpDRY_south_half_101 running=12 free_kb=6293972 sims_boxwide=14 attempt=1
[13:53:27] DONE dfpOFF_east_half_101 rc=0 738s dfpOFF east/half seed=101 rescued=4 dead=0 unreachable=0 never_detected=0 ff_deaths=1 terminal=127 completions=4 recycles=4 removals=4 returns=4 wall=724s [valid 21/100]
[13:53:28] LAUNCH dfpDRY_south_half_202 running=12 free_kb=5292836 sims_boxwide=15 attempt=1
[13:53:41] DONE dfpOFF_east_def_101 rc=0 299s dfpOFF east/default seed=101 rescued=3 dead=0 unreachable=1 never_detected=1 ff_deaths=0 terminal=215 completions=3 recycles=3 removals=3 returns=3 wall=298s [valid 22/100]
[13:53:41] .. alive runid=20260920-133237-15203 event_age=0s | wave=w1 total=100 valid=22 running=11 pending=67 launched=33 failed=0 gaveup=0 forkfail=0 free_kb=5292836 sims_boxwide=15 last_event_age=0s last_event_epoch=1789905221
[13:53:42] LAUNCH dfpDRY_south_half_303 running=12 free_kb=5220848 sims_boxwide=15 attempt=1
[13:54:36] DONE dfpOFF_east_def_202 rc=0 307s dfpOFF east/default seed=202 rescued=3 dead=1 unreachable=0 never_detected=0 ff_deaths=0 terminal=181 completions=3 recycles=3 removals=3 returns=3 wall=306s [valid 23/100]
[13:54:37] LAUNCH dfpDRY_south_half_404 running=12 free_kb=5205296 sims_boxwide=15 attempt=1
[13:54:41] .. alive runid=20260920-133237-15203 event_age=4s | wave=w1 total=100 valid=23 running=12 pending=65 launched=35 failed=0 gaveup=0 forkfail=0 free_kb=5205296 sims_boxwide=15 last_event_age=0s last_event_epoch=1789905277
[13:55:42] .. alive runid=20260920-133237-15203 event_age=65s | wave=w1 total=100 valid=23 running=12 pending=65 launched=35 failed=0 gaveup=0 forkfail=0 free_kb=5205296 sims_boxwide=15 last_event_age=0s last_event_epoch=1789905277
[13:55:49] DONE dfpOFF_east_half_404 rc=0 819s dfpOFF east/half seed=404 rescued=2 dead=2 unreachable=0 never_detected=0 ff_deaths=1 terminal=162 completions=2 recycles=2 removals=2 returns=2 wall=818s [valid 24/100]
[13:55:50] LAUNCH dfpDRY_south_half_505 running=12 free_kb=5949580 sims_boxwide=14 attempt=1
[13:56:03] DONE dfpOFF_east_half_303 rc=0 845s dfpOFF east/half seed=303 rescued=3 dead=1 unreachable=0 never_detected=0 ff_deaths=0 terminal=219 completions=3 recycles=3 removals=3 returns=3 wall=831s [valid 25/100]
[13:56:04] THROTTLE free_kb=2627820 <= 3500000 running=11
[13:56:23] DONE dfpOFF_east_def_303 rc=0 346s dfpOFF east/default seed=303 rescued=3 dead=1 unreachable=0 never_detected=0 ff_deaths=0 terminal=130 completions=3 recycles=3 removals=3 returns=3 wall=344s [valid 26/100]
[13:56:24] LAUNCH dfpDRY_east_def_101 running=11 free_kb=4736020 sims_boxwide=14 attempt=1
[13:56:37] LAUNCH dfpDRY_east_def_202 running=12 free_kb=4963436 sims_boxwide=15 attempt=1
[13:56:42] .. alive runid=20260920-133237-15203 event_age=5s | wave=w1 total=100 valid=26 running=12 pending=62 launched=38 failed=0 gaveup=0 forkfail=0 free_kb=4963436 sims_boxwide=15 last_event_age=0s last_event_epoch=1789905397
[13:57:42] .. alive runid=20260920-133237-15203 event_age=65s | wave=w1 total=100 valid=26 running=12 pending=62 launched=38 failed=0 gaveup=0 forkfail=0 free_kb=4963436 sims_boxwide=15 last_event_age=0s last_event_epoch=1789905397
[13:58:42] .. alive runid=20260920-133237-15203 event_age=125s | wave=w1 total=100 valid=26 running=12 pending=62 launched=38 failed=0 gaveup=0 forkfail=0 free_kb=4963436 sims_boxwide=15 last_event_age=0s last_event_epoch=1789905397
[13:58:51] DONE dfpDRY_south_half_303 rc=0 309s dfpDRY south/half seed=303 rescued=4 dead=0 unreachable=0 never_detected=0 ff_deaths=1 terminal=114 completions=4 recycles=4 removals=4 returns=4 wall=307s [valid 27/100]
[13:58:52] LAUNCH dfpDRY_east_def_303 running=12 free_kb=4845596 sims_boxwide=15 attempt=1
[13:59:29] DONE dfpDRY_south_half_202 rc=0 361s dfpDRY south/half seed=202 rescued=3 dead=0 unreachable=0 never_detected=0 ff_deaths=1 terminal=None completions=3 recycles=3 removals=3 returns=3 wall=359s [valid 28/100]
[13:59:30] LAUNCH dfpON_east_half_101 running=12 free_kb=4792324 sims_boxwide=15 attempt=1
[13:59:42] .. alive runid=20260920-133237-15203 event_age=12s | wave=w1 total=100 valid=28 running=12 pending=60 launched=40 failed=0 gaveup=0 forkfail=0 free_kb=4792324 sims_boxwide=15 last_event_age=0s last_event_epoch=1789905570
[14:00:02] DONE dfpDRY_south_half_101 rc=0 407s dfpDRY south/half seed=101 rescued=2 dead=1 unreachable=1 never_detected=0 ff_deaths=2 terminal=159 completions=2 recycles=2 removals=2 returns=2 wall=405s [valid 29/100]
[14:00:03] LAUNCH dfpON_east_half_202 running=12 free_kb=4412736 sims_boxwide=15 attempt=1
[14:00:33] DONE dfpDRY_east_half_202 rc=0 557s dfpDRY east/half seed=202 rescued=3 dead=1 unreachable=0 never_detected=0 ff_deaths=0 terminal=104 completions=3 recycles=3 removals=3 returns=3 wall=556s [valid 30/100]
[14:00:33] LAUNCH dfpON_east_half_303 running=12 free_kb=5019172 sims_boxwide=15 attempt=1
[14:00:42] .. alive runid=20260920-133237-15203 event_age=9s | wave=w1 total=100 valid=30 running=12 pending=58 launched=42 failed=0 gaveup=0 forkfail=0 free_kb=5019172 sims_boxwide=15 last_event_age=0s last_event_epoch=1789905633
[14:00:47] DONE dfpDRY_south_half_505 rc=0 297s dfpDRY south/half seed=505 rescued=3 dead=1 unreachable=0 never_detected=0 ff_deaths=0 terminal=114 completions=3 recycles=3 removals=3 returns=3 wall=295s [valid 31/100]
[14:00:48] LAUNCH dfpON_east_half_404 running=12 free_kb=4864408 sims_boxwide=15 attempt=1
[14:01:00] DONE dfpDRY_south_half_404 rc=0 383s dfpDRY south/half seed=404 rescued=3 dead=1 unreachable=0 never_detected=0 ff_deaths=0 terminal=189 completions=3 recycles=3 removals=3 returns=3 wall=381s [valid 32/100]
[14:01:01] LAUNCH dfpON_east_half_505 running=12 free_kb=4815744 sims_boxwide=15 attempt=1
[14:01:14] DONE dfpDRY_east_half_101 rc=0 623s dfpDRY east/half seed=101 rescued=4 dead=0 unreachable=0 never_detected=0 ff_deaths=1 terminal=127 completions=4 recycles=4 removals=4 returns=4 wall=621s [valid 33/100]
[14:01:15] LAUNCH dfpON_south_half_101 running=12 free_kb=4863516 sims_boxwide=15 attempt=1
[14:01:39] DONE dfpDRY_east_def_101 rc=0 315s dfpDRY east/default seed=101 rescued=3 dead=0 unreachable=1 never_detected=1 ff_deaths=0 terminal=215 completions=3 recycles=3 removals=3 returns=3 wall=313s [valid 34/100]
[14:01:40] LAUNCH dfpON_south_half_202 running=12 free_kb=6375900 sims_boxwide=14 attempt=1
[14:01:42] .. alive runid=20260920-133237-15203 event_age=2s | wave=w1 total=100 valid=34 running=12 pending=54 launched=46 failed=0 gaveup=0 forkfail=0 free_kb=6375900 sims_boxwide=14 last_event_age=0s last_event_epoch=1789905700
[14:01:53] DONE dfpDRY_east_def_202 rc=0 315s dfpDRY east/default seed=202 rescued=3 dead=1 unreachable=0 never_detected=0 ff_deaths=0 terminal=181 completions=3 recycles=3 removals=3 returns=3 wall=313s [valid 35/100]
[14:01:53] DONE dfpDRY_east_half_505 rc=0 531s dfpDRY east/half seed=505 rescued=3 dead=1 unreachable=0 never_detected=0 ff_deaths=0 terminal=109 completions=3 recycles=3 removals=3 returns=3 wall=516s [valid 36/100]
[14:01:54] LAUNCH dfpON_south_half_303 running=11 free_kb=6743548 sims_boxwide=14 attempt=1
[14:02:07] LAUNCH dfpON_south_half_404 running=12 free_kb=5872996 sims_boxwide=15 attempt=1
[14:02:42] .. alive runid=20260920-133237-15203 event_age=35s | wave=w1 total=100 valid=36 running=12 pending=52 launched=48 failed=0 gaveup=0 forkfail=0 free_kb=5872996 sims_boxwide=15 last_event_age=0s last_event_epoch=1789905727
[14:03:42] .. alive runid=20260920-133237-15203 event_age=95s | wave=w1 total=100 valid=36 running=12 pending=52 launched=48 failed=0 gaveup=0 forkfail=0 free_kb=5872996 sims_boxwide=15 last_event_age=0s last_event_epoch=1789905727
[14:03:56] DONE dfpDRY_east_half_404 rc=0 677s dfpDRY east/half seed=404 rescued=2 dead=2 unreachable=0 never_detected=0 ff_deaths=1 terminal=162 completions=2 recycles=2 removals=2 returns=2 wall=676s [valid 37/100]
[14:03:57] LAUNCH dfpON_south_half_505 running=12 free_kb=5974828 sims_boxwide=15 attempt=1
[14:04:09] DONE dfpDRY_east_def_303 rc=0 317s dfpDRY east/default seed=303 rescued=3 dead=1 unreachable=0 never_detected=0 ff_deaths=0 terminal=130 completions=3 recycles=3 removals=3 returns=3 wall=313s [valid 38/100]
[14:04:10] LAUNCH dfpON_east_def_101 running=12 free_kb=5987432 sims_boxwide=15 attempt=1
[14:04:22] DONE dfpDRY_east_half_303 rc=0 723s dfpDRY east/half seed=303 rescued=3 dead=1 unreachable=0 never_detected=0 ff_deaths=0 terminal=219 completions=3 recycles=3 removals=3 returns=3 wall=718s [valid 39/100]
[14:04:23] LAUNCH dfpON_east_def_202 running=12 free_kb=6011456 sims_boxwide=15 attempt=1
[14:04:42] .. alive runid=20260920-133237-15203 event_age=19s | wave=w1 total=100 valid=39 running=12 pending=49 launched=51 failed=0 gaveup=0 forkfail=0 free_kb=6011456 sims_boxwide=15 last_event_age=0s last_event_epoch=1789905863
[14:05:43] .. alive runid=20260920-133237-15203 event_age=80s | wave=w1 total=100 valid=39 running=12 pending=49 launched=51 failed=0 gaveup=0 forkfail=0 free_kb=6011456 sims_boxwide=15 last_event_age=0s last_event_epoch=1789905863
[14:06:20] DONE dfpON_south_half_303 rc=0 265s dfpON south/half seed=303 rescued=4 dead=0 unreachable=0 never_detected=0 ff_deaths=0 terminal=114 completions=4 recycles=4 removals=4 returns=4 wall=264s [valid 40/100]
[14:06:20] LAUNCH dfpON_east_def_303 running=12 free_kb=6010244 sims_boxwide=15 attempt=1
[14:06:33] DONE dfpON_south_half_101 rc=0 317s dfpON south/half seed=101 rescued=2 dead=2 unreachable=0 never_detected=0 ff_deaths=1 terminal=129 completions=2 recycles=2 removals=2 returns=2 wall=310s [valid 41/100]
[14:06:34] LAUNCH dfpB_east_half_606 running=12 free_kb=6049516 sims_boxwide=15 attempt=1
[14:06:43] .. alive runid=20260920-133237-15203 event_age=9s | wave=w1 total=100 valid=41 running=12 pending=47 launched=53 failed=0 gaveup=0 forkfail=0 free_kb=6049516 sims_boxwide=15 last_event_age=0s last_event_epoch=1789905994
[14:06:56] DONE dfpON_south_half_202 rc=0 316s dfpON south/half seed=202 rescued=3 dead=1 unreachable=0 never_detected=0 ff_deaths=0 terminal=201 completions=3 recycles=3 removals=3 returns=3 wall=314s [valid 42/100]
[14:06:57] LAUNCH dfpB_east_half_707 running=12 free_kb=6044936 sims_boxwide=15 attempt=1
[14:07:43] .. alive runid=20260920-133237-15203 event_age=46s | wave=w1 total=100 valid=42 running=12 pending=46 launched=54 failed=0 gaveup=0 forkfail=0 free_kb=6044936 sims_boxwide=15 last_event_age=0s last_event_epoch=1789906017
[14:07:45] DONE dfpON_south_half_404 rc=0 337s dfpON south/half seed=404 rescued=3 dead=1 unreachable=0 never_detected=0 ff_deaths=0 terminal=193 completions=3 recycles=3 removals=3 returns=3 wall=336s [valid 43/100]
[14:07:46] LAUNCH dfpB_east_half_808 running=12 free_kb=6010808 sims_boxwide=15 attempt=1
[14:08:13] DONE dfpON_south_half_505 rc=0 255s dfpON south/half seed=505 rescued=3 dead=1 unreachable=0 never_detected=0 ff_deaths=0 terminal=114 completions=3 recycles=3 removals=3 returns=3 wall=254s [valid 44/100]
[14:08:14] LAUNCH dfpB_east_half_909 running=12 free_kb=6012476 sims_boxwide=15 attempt=1
[14:08:26] DONE dfpON_east_half_202 rc=0 503s dfpON east/half seed=202 rescued=3 dead=1 unreachable=0 never_detected=0 ff_deaths=0 terminal=104 completions=3 recycles=3 removals=3 returns=3 wall=493s [valid 45/100]
[14:08:27] LAUNCH dfpB_east_half_1010 running=12 free_kb=6036300 sims_boxwide=15 attempt=1
[14:08:40] DONE dfpON_east_def_101 rc=0 270s dfpON east/default seed=101 rescued=3 dead=0 unreachable=1 never_detected=1 ff_deaths=0 terminal=210 completions=3 recycles=3 removals=3 returns=3 wall=268s [valid 46/100]
[14:08:41] LAUNCH dfpB_south_half_606 running=12 free_kb=6061588 sims_boxwide=15 attempt=1
[14:08:43] .. alive runid=20260920-133237-15203 event_age=2s | wave=w1 total=100 valid=46 running=12 pending=42 launched=58 failed=0 gaveup=0 forkfail=0 free_kb=6061588 sims_boxwide=15 last_event_age=0s last_event_epoch=1789906121
[14:08:53] DONE dfpON_east_half_505 rc=0 472s dfpON east/half seed=505 rescued=3 dead=1 unreachable=0 never_detected=0 ff_deaths=1 terminal=109 completions=3 recycles=3 removals=3 returns=3 wall=465s [valid 47/100]
[14:08:53] DONE dfpON_east_half_101 rc=0 563s dfpON east/half seed=101 rescued=4 dead=0 unreachable=0 never_detected=0 ff_deaths=1 terminal=127 completions=4 recycles=4 removals=4 returns=4 wall=558s [valid 48/100]
[14:08:54] DONE dfpON_east_def_202 rc=0 270s dfpON east/default seed=202 rescued=3 dead=1 unreachable=0 never_detected=0 ff_deaths=0 terminal=181 completions=3 recycles=3 removals=3 returns=3 wall=259s [valid 49/100]
[14:08:54] LAUNCH dfpB_south_half_707 running=10 free_kb=7853056 sims_boxwide=13 attempt=1
[14:09:07] LAUNCH dfpB_south_half_808 running=11 free_kb=6986728 sims_boxwide=14 attempt=1
[14:09:20] LAUNCH dfpB_south_half_909 running=12 free_kb=6098236 sims_boxwide=15 attempt=1
[14:09:34] DONE dfpON_east_half_303 rc=0 541s dfpON east/half seed=303 rescued=3 dead=1 unreachable=0 never_detected=0 ff_deaths=0 terminal=186 completions=3 recycles=3 removals=3 returns=3 wall=539s [valid 50/100]
[14:09:35] LAUNCH dfpB_south_half_1010 running=12 free_kb=6127308 sims_boxwide=15 attempt=1
[14:09:43] .. alive runid=20260920-133237-15203 event_age=8s | wave=w1 total=100 valid=50 running=12 pending=38 launched=62 failed=0 gaveup=0 forkfail=0 free_kb=6127308 sims_boxwide=15 last_event_age=0s last_event_epoch=1789906175
[14:09:53] DONE dfpB_east_half_707 rc=0 175s dfpB east/half seed=707 rescued=2 dead=0 unreachable=2 never_detected=2 ff_deaths=0 terminal=210 completions=2 recycles=2 removals=2 returns=2 wall=174s [valid 51/100]
[14:09:53] LAUNCH dfpON_east_half_606 running=12 free_kb=6118856 sims_boxwide=15 attempt=1
[14:10:43] .. alive runid=20260920-133237-15203 event_age=50s | wave=w1 total=100 valid=51 running=12 pending=37 launched=63 failed=0 gaveup=0 forkfail=0 free_kb=6118856 sims_boxwide=15 last_event_age=0s last_event_epoch=1789906193
[14:10:51] DONE dfpON_east_def_303 rc=0 271s dfpON east/default seed=303 rescued=3 dead=1 unreachable=0 never_detected=0 ff_deaths=1 terminal=138 completions=3 recycles=3 removals=3 returns=3 wall=269s [valid 52/100]
[14:10:52] LAUNCH dfpON_east_half_707 running=12 free_kb=6041556 sims_boxwide=15 attempt=1
[14:11:43] .. alive runid=20260920-133237-15203 event_age=51s | wave=w1 total=100 valid=52 running=12 pending=36 launched=64 failed=0 gaveup=0 forkfail=0 free_kb=6041556 sims_boxwide=15 last_event_age=0s last_event_epoch=1789906252
[14:12:43] .. alive runid=20260920-133237-15203 event_age=111s | wave=w1 total=100 valid=52 running=12 pending=36 launched=64 failed=0 gaveup=0 forkfail=0 free_kb=6041556 sims_boxwide=15 last_event_age=0s last_event_epoch=1789906252
[14:13:13] DONE dfpB_south_half_707 rc=0 259s dfpB south/half seed=707 rescued=3 dead=1 unreachable=0 never_detected=0 ff_deaths=0 terminal=198 completions=3 recycles=3 removals=3 returns=3 wall=257s [valid 53/100]
[14:13:14] LAUNCH dfpON_east_half_808 running=12 free_kb=6005036 sims_boxwide=15 attempt=1
[14:13:43] .. alive runid=20260920-133237-15203 event_age=29s | wave=w1 total=100 valid=53 running=12 pending=35 launched=65 failed=0 gaveup=0 forkfail=0 free_kb=6005036 sims_boxwide=15 last_event_age=0s last_event_epoch=1789906394
[14:13:49] DONE dfpON_east_half_707 rc=0 177s dfpON east/half seed=707 rescued=2 dead=0 unreachable=2 never_detected=2 ff_deaths=0 terminal=210 completions=2 recycles=2 removals=2 returns=2 wall=175s [valid 54/100]
[14:13:50] LAUNCH dfpON_east_half_909 running=12 free_kb=5996540 sims_boxwide=15 attempt=1
[14:14:05] DONE dfpB_south_half_808 rc=0 297s dfpB south/half seed=808 rescued=2 dead=1 unreachable=0 never_detected=0 ff_deaths=0 terminal=None completions=2 recycles=2 removals=2 returns=2 wall=296s [valid 55/100]
[14:14:05] LAUNCH dfpON_east_half_1010 running=12 free_kb=6004000 sims_boxwide=15 attempt=1
[14:14:18] DONE dfpB_south_half_606 rc=0 337s dfpB south/half seed=606 rescued=3 dead=0 unreachable=1 never_detected=1 ff_deaths=1 terminal=210 completions=3 recycles=3 removals=3 returns=3 wall=332s [valid 56/100]
[14:14:19] LAUNCH dfpON_south_half_606 running=12 free_kb=6036564 sims_boxwide=15 attempt=1
[14:14:33] DONE dfpON_east_half_404 rc=0 824s dfpON east/half seed=404 rescued=3 dead=1 unreachable=0 never_detected=0 ff_deaths=0 terminal=232 completions=3 recycles=3 removals=3 returns=3 wall=823s [valid 57/100]
[14:14:33] LAUNCH dfpON_south_half_707 running=12 free_kb=6054100 sims_boxwide=15 attempt=1
[14:14:43] .. alive runid=20260920-133237-15203 event_age=10s | wave=w1 total=100 valid=57 running=12 pending=31 launched=69 failed=0 gaveup=0 forkfail=0 free_kb=6054100 sims_boxwide=15 last_event_age=0s last_event_epoch=1789906473
[14:15:16] DONE dfpB_south_half_1010 rc=0 340s dfpB south/half seed=1010 rescued=3 dead=0 unreachable=1 never_detected=1 ff_deaths=1 terminal=210 completions=3 recycles=3 removals=3 returns=3 wall=339s [valid 58/100]
[14:15:16] LAUNCH dfpON_south_half_808 running=12 free_kb=6014008 sims_boxwide=15 attempt=1
[14:15:43] .. alive runid=20260920-133237-15203 event_age=27s | wave=w1 total=100 valid=58 running=12 pending=30 launched=70 failed=0 gaveup=0 forkfail=0 free_kb=6014008 sims_boxwide=15 last_event_age=0s last_event_epoch=1789906516
[14:15:46] DONE dfpB_east_half_808 rc=0 480s dfpB east/half seed=808 rescued=3 dead=1 unreachable=0 never_detected=0 ff_deaths=0 terminal=99 completions=3 recycles=3 removals=3 returns=3 wall=479s [valid 59/100]
[14:15:47] LAUNCH dfpON_south_half_909 running=12 free_kb=5975292 sims_boxwide=15 attempt=1
[14:15:59] DONE dfpB_south_half_909 rc=0 399s dfpB south/half seed=909 rescued=3 dead=1 unreachable=0 never_detected=0 ff_deaths=0 terminal=219 completions=3 recycles=3 removals=3 returns=3 wall=395s [valid 60/100]
[14:16:00] LAUNCH dfpON_south_half_1010 running=12 free_kb=6011984 sims_boxwide=15 attempt=1
[14:16:44] .. alive runid=20260920-133237-15203 event_age=44s | wave=w1 total=100 valid=60 running=12 pending=28 launched=72 failed=0 gaveup=0 forkfail=0 free_kb=6011984 sims_boxwide=15 last_event_age=0s last_event_epoch=1789906560
[14:16:54] DONE dfpB_east_half_1010 rc=0 507s dfpB east/half seed=1010 rescued=3 dead=1 unreachable=0 never_detected=0 ff_deaths=0 terminal=105 completions=3 recycles=3 removals=3 returns=3 wall=505s [valid 61/100]
[14:16:55] LAUNCH dfpB_east_half_111 running=12 free_kb=5972136 sims_boxwide=15 attempt=1
[14:17:23] DONE dfpB_east_half_909 rc=0 549s dfpB east/half seed=909 rescued=4 dead=0 unreachable=0 never_detected=0 ff_deaths=1 terminal=122 completions=4 recycles=4 removals=4 returns=4 wall=548s [valid 62/100]
[14:17:24] LAUNCH dfpB_east_half_222 running=12 free_kb=6018888 sims_boxwide=15 attempt=1
[14:17:44] .. alive runid=20260920-133237-15203 event_age=20s | wave=w1 total=100 valid=62 running=12 pending=26 launched=74 failed=0 gaveup=0 forkfail=0 free_kb=6018888 sims_boxwide=15 last_event_age=0s last_event_epoch=1789906644
[14:18:31] DONE dfpB_east_half_606 rc=0 717s dfpB east/half seed=606 rescued=3 dead=1 unreachable=0 never_detected=0 ff_deaths=1 terminal=207 completions=3 recycles=3 removals=3 returns=3 wall=716s [valid 63/100]
[14:18:32] LAUNCH dfpB_east_half_333 running=12 free_kb=5962420 sims_boxwide=15 attempt=1
[14:18:44] .. alive runid=20260920-133237-15203 event_age=12s | wave=w1 total=100 valid=63 running=12 pending=25 launched=75 failed=0 gaveup=0 forkfail=0 free_kb=5962420 sims_boxwide=15 last_event_age=0s last_event_epoch=1789906712
[14:19:04] DONE dfpON_south_half_707 rc=0 271s dfpON south/half seed=707 rescued=4 dead=0 unreachable=0 never_detected=0 ff_deaths=0 terminal=203 completions=4 recycles=4 removals=4 returns=4 wall=269s [valid 64/100]
[14:19:05] LAUNCH dfpB_east_half_444 running=12 free_kb=5969324 sims_boxwide=15 attempt=1
[14:19:40] DONE dfpON_south_half_606 rc=0 321s dfpON south/half seed=606 rescued=3 dead=1 unreachable=0 never_detected=0 ff_deaths=1 terminal=106 completions=3 recycles=3 removals=3 returns=3 wall=320s [valid 65/100]
[14:19:41] LAUNCH dfpON_east_half_111 running=12 free_kb=6003224 sims_boxwide=15 attempt=1
[14:19:44] .. alive runid=20260920-133237-15203 event_age=3s | wave=w1 total=100 valid=65 running=12 pending=23 launched=77 failed=0 gaveup=0 forkfail=0 free_kb=6003224 sims_boxwide=15 last_event_age=0s last_event_epoch=1789906781
[14:20:01] DONE dfpON_south_half_808 rc=0 285s dfpON south/half seed=808 rescued=3 dead=0 unreachable=0 never_detected=0 ff_deaths=0 terminal=None completions=3 recycles=3 removals=3 returns=3 wall=283s [valid 66/100]
[14:20:02] LAUNCH dfpON_east_half_222 running=12 free_kb=5995712 sims_boxwide=15 attempt=1
[14:20:44] .. alive runid=20260920-133237-15203 event_age=42s | wave=w1 total=100 valid=66 running=12 pending=22 launched=78 failed=0 gaveup=0 forkfail=0 free_kb=5995712 sims_boxwide=15 last_event_age=0s last_event_epoch=1789906802
[14:21:14] DONE dfpON_east_half_808 rc=0 479s dfpON east/half seed=808 rescued=3 dead=1 unreachable=0 never_detected=0 ff_deaths=0 terminal=99 completions=3 recycles=3 removals=3 returns=3 wall=478s [valid 67/100]
[14:21:15] LAUNCH dfpON_east_half_333 running=12 free_kb=6014996 sims_boxwide=14 attempt=1
[14:21:27] DONE dfpON_south_half_1010 rc=0 327s dfpON south/half seed=1010 rescued=3 dead=1 unreachable=0 never_detected=0 ff_deaths=0 terminal=231 completions=3 recycles=3 removals=3 returns=3 wall=312s [valid 68/100]
[14:21:28] LAUNCH dfpON_east_half_444 running=12 free_kb=5999892 sims_boxwide=15 attempt=1
[14:21:44] .. alive runid=20260920-133237-15203 event_age=16s | wave=w1 total=100 valid=68 running=12 pending=20 launched=80 failed=0 gaveup=0 forkfail=0 free_kb=5999892 sims_boxwide=15 last_event_age=0s last_event_epoch=1789906888
[14:22:32] DONE dfpON_south_half_909 rc=0 405s dfpON south/half seed=909 rescued=4 dead=0 unreachable=0 never_detected=0 ff_deaths=0 terminal=233 completions=4 recycles=4 removals=4 returns=4 wall=404s [valid 69/100]
[14:22:33] LAUNCH dfpB_west_half_101 running=12 free_kb=5970340 sims_boxwide=15 attempt=1
[14:22:44] .. alive runid=20260920-133237-15203 event_age=11s | wave=w1 total=100 valid=69 running=12 pending=19 launched=81 failed=0 gaveup=0 forkfail=0 free_kb=5970340 sims_boxwide=15 last_event_age=0s last_event_epoch=1789906953
[14:22:46] DONE dfpON_east_half_1010 rc=0 520s dfpON east/half seed=1010 rescued=3 dead=1 unreachable=0 never_detected=0 ff_deaths=1 terminal=105 completions=3 recycles=3 removals=3 returns=3 wall=508s [valid 70/100]
[14:22:46] LAUNCH dfpB_west_half_202 running=12 free_kb=6873604 sims_boxwide=14 attempt=1
[14:22:59] DONE dfpON_east_half_909 rc=0 548s dfpON east/half seed=909 rescued=4 dead=0 unreachable=0 never_detected=0 ff_deaths=0 terminal=122 completions=4 recycles=4 removals=4 returns=4 wall=545s [valid 71/100]
[14:23:00] LAUNCH dfpB_west_half_303 running=12 free_kb=6018620 sims_boxwide=15 attempt=1
[14:23:12] DONE dfpON_east_half_606 rc=0 799s dfpON east/half seed=606 rescued=4 dead=0 unreachable=0 never_detected=0 ff_deaths=0 terminal=235 completions=4 recycles=4 removals=4 returns=4 wall=795s [valid 72/100]
[14:23:13] LAUNCH dfpB_west_half_404 running=12 free_kb=6036704 sims_boxwide=15 attempt=1
[14:23:40] DONE dfpB_east_half_444 rc=0 275s dfpB east/half seed=444 rescued=4 dead=0 unreachable=0 never_detected=0 ff_deaths=0 terminal=226 completions=4 recycles=4 removals=4 returns=4 wall=273s [valid 73/100]
[14:23:41] LAUNCH dfpB_west_half_505 running=12 free_kb=6023072 sims_boxwide=15 attempt=1
[14:23:44] .. alive runid=20260920-133237-15203 event_age=3s | wave=w1 total=100 valid=73 running=12 pending=15 launched=85 failed=0 gaveup=0 forkfail=0 free_kb=6023072 sims_boxwide=15 last_event_age=0s last_event_epoch=1789907021
[14:24:44] .. alive runid=20260920-133237-15203 event_age=63s | wave=w1 total=100 valid=73 running=12 pending=15 launched=85 failed=0 gaveup=0 forkfail=0 free_kb=6023072 sims_boxwide=15 last_event_age=0s last_event_epoch=1789907021
[14:25:44] .. alive runid=20260920-133237-15203 event_age=123s | wave=w1 total=100 valid=73 running=12 pending=15 launched=85 failed=0 gaveup=0 forkfail=0 free_kb=6023072 sims_boxwide=15 last_event_age=0s last_event_epoch=1789907021
[14:25:51] DONE dfpB_east_half_111 rc=0 536s dfpB east/half seed=111 rescued=4 dead=0 unreachable=0 never_detected=0 ff_deaths=0 terminal=142 completions=4 recycles=4 removals=4 returns=4 wall=535s [valid 74/100]
[14:25:52] LAUNCH dfpB_north_half_101 running=12 free_kb=5973004 sims_boxwide=15 attempt=1
[14:26:05] DONE dfpON_east_half_444 rc=0 276s dfpON east/half seed=444 rescued=4 dead=0 unreachable=0 never_detected=0 ff_deaths=0 terminal=226 completions=4 recycles=4 removals=4 returns=4 wall=272s [valid 75/100]
[14:26:05] LAUNCH dfpB_north_half_202 running=12 free_kb=6005772 sims_boxwide=15 attempt=1
[14:26:20] DONE dfpB_east_half_333 rc=0 468s dfpB east/half seed=333 rescued=3 dead=1 unreachable=0 never_detected=0 ff_deaths=0 terminal=98 completions=3 recycles=3 removals=3 returns=3 wall=467s [valid 76/100]
[14:26:21] LAUNCH dfpB_north_half_303 running=12 free_kb=6021432 sims_boxwide=15 attempt=1
[14:26:44] .. alive runid=20260920-133237-15203 event_age=23s | wave=w1 total=100 valid=76 running=12 pending=12 launched=88 failed=0 gaveup=0 forkfail=0 free_kb=6021432 sims_boxwide=15 last_event_age=0s last_event_epoch=1789907181
[14:26:51] DONE dfpB_east_half_222 rc=0 566s dfpB east/half seed=222 rescued=4 dead=0 unreachable=0 never_detected=0 ff_deaths=1 terminal=138 completions=4 recycles=4 removals=4 returns=4 wall=565s [valid 77/100]
[14:26:52] LAUNCH dfpB_north_half_404 running=12 free_kb=6047868 sims_boxwide=15 attempt=1
[14:27:45] .. alive runid=20260920-133237-15203 event_age=53s | wave=w1 total=100 valid=77 running=12 pending=11 launched=89 failed=0 gaveup=0 forkfail=0 free_kb=6047868 sims_boxwide=15 last_event_age=0s last_event_epoch=1789907212
[14:28:45] .. alive runid=20260920-133237-15203 event_age=113s | wave=w1 total=100 valid=77 running=12 pending=11 launched=89 failed=0 gaveup=0 forkfail=0 free_kb=6047868 sims_boxwide=15 last_event_age=0s last_event_epoch=1789907212
[14:28:47] DONE dfpON_east_half_111 rc=0 545s dfpON east/half seed=111 rescued=4 dead=0 unreachable=0 never_detected=0 ff_deaths=0 terminal=142 completions=4 recycles=4 removals=4 returns=4 wall=544s [valid 78/100]
[14:28:48] LAUNCH dfpB_north_half_505 running=12 free_kb=5944252 sims_boxwide=15 attempt=1
[14:29:02] DONE dfpON_east_half_333 rc=0 467s dfpON east/half seed=333 rescued=3 dead=1 unreachable=0 never_detected=0 ff_deaths=1 terminal=98 completions=3 recycles=3 removals=3 returns=3 wall=466s [valid 79/100]
[14:29:03] LAUNCH dfpON_west_half_101 running=12 free_kb=5956820 sims_boxwide=15 attempt=1
[14:29:28] DONE dfpON_east_half_222 rc=0 565s dfpON east/half seed=222 rescued=4 dead=0 unreachable=0 never_detected=0 ff_deaths=0 terminal=134 completions=4 recycles=4 removals=4 returns=4 wall=564s [valid 80/100]
[14:29:28] LAUNCH dfpON_west_half_202 running=12 free_kb=5960888 sims_boxwide=15 attempt=1
[14:29:45] .. alive runid=20260920-133237-15203 event_age=17s | wave=w1 total=100 valid=80 running=12 pending=8 launched=92 failed=0 gaveup=0 forkfail=0 free_kb=5960888 sims_boxwide=15 last_event_age=0s last_event_epoch=1789907368
[14:29:53] DONE dfpB_north_half_101 rc=0 241s dfpB north/half seed=101 rescued=4 dead=0 unreachable=0 never_detected=0 ff_deaths=0 terminal=171 completions=4 recycles=4 removals=4 returns=4 wall=239s [valid 81/100]
[14:29:54] LAUNCH dfpON_west_half_303 running=12 free_kb=5977660 sims_boxwide=15 attempt=1
[14:30:45] .. alive runid=20260920-133237-15203 event_age=51s | wave=w1 total=100 valid=81 running=12 pending=7 launched=93 failed=0 gaveup=0 forkfail=0 free_kb=5977660 sims_boxwide=15 last_event_age=0s last_event_epoch=1789907394
[14:31:11] DONE dfpB_north_half_202 rc=0 305s dfpB north/half seed=202 rescued=3 dead=0 unreachable=1 never_detected=1 ff_deaths=0 terminal=210 completions=3 recycles=3 removals=3 returns=3 wall=304s [valid 82/100]
[14:31:12] LAUNCH dfpON_west_half_404 running=12 free_kb=5932420 sims_boxwide=15 attempt=1
[14:31:24] DONE dfpB_west_half_101 rc=0 531s dfpB west/half seed=101 rescued=3 dead=1 unreachable=0 never_detected=0 ff_deaths=1 terminal=156 completions=3 recycles=3 removals=3 returns=3 wall=528s [valid 83/100]
[14:31:24] DONE dfpB_west_half_505 rc=0 463s dfpB west/half seed=505 rescued=0 dead=0 unreachable=4 never_detected=0 ff_deaths=1 terminal=104 completions=0 recycles=0 removals=0 returns=0 wall=452s [valid 84/100]
[14:31:24] DONE dfpB_west_half_202 rc=0 518s dfpB west/half seed=202 rescued=3 dead=1 unreachable=0 never_detected=0 ff_deaths=1 terminal=155 completions=3 recycles=3 removals=3 returns=3 wall=514s [valid 85/100]
[14:31:25] DONE dfpB_north_half_404 rc=0 272s dfpB north/half seed=404 rescued=2 dead=1 unreachable=1 never_detected=0 ff_deaths=1 terminal=189 completions=2 recycles=2 removals=2 returns=2 wall=263s [valid 86/100]
[14:31:25] LAUNCH dfpON_west_half_505 running=9 free_kb=8628676 sims_boxwide=12 attempt=1
[14:31:38] LAUNCH dfpON_north_half_101 running=10 free_kb=7732720 sims_boxwide=13 attempt=1
[14:31:45] .. alive runid=20260920-133237-15203 event_age=7s | wave=w1 total=100 valid=86 running=10 pending=4 launched=96 failed=0 gaveup=0 forkfail=0 free_kb=7732720 sims_boxwide=13 last_event_age=0s last_event_epoch=1789907498
[14:31:51] LAUNCH dfpON_north_half_202 running=11 free_kb=6871848 sims_boxwide=14 attempt=1
[14:32:04] LAUNCH dfpON_north_half_303 running=12 free_kb=5991328 sims_boxwide=15 attempt=1
[14:32:45] .. alive runid=20260920-133237-15203 event_age=41s | wave=w1 total=100 valid=86 running=12 pending=2 launched=98 failed=0 gaveup=0 forkfail=0 free_kb=5991328 sims_boxwide=15 last_event_age=0s last_event_epoch=1789907524
[14:33:45] .. alive runid=20260920-133237-15203 event_age=101s | wave=w1 total=100 valid=86 running=12 pending=2 launched=98 failed=0 gaveup=0 forkfail=0 free_kb=5991328 sims_boxwide=15 last_event_age=0s last_event_epoch=1789907524
[14:34:02] DONE dfpB_west_half_303 rc=0 662s dfpB west/half seed=303 rescued=4 dead=0 unreachable=0 never_detected=0 ff_deaths=0 terminal=199 completions=4 recycles=4 removals=4 returns=4 wall=661s [valid 87/100]
[14:34:03] LAUNCH dfpON_north_half_404 running=12 free_kb=5937896 sims_boxwide=15 attempt=1
[14:34:23] DONE dfpB_north_half_303 rc=0 482s dfpB north/half seed=303 rescued=3 dead=1 unreachable=0 never_detected=0 ff_deaths=2 terminal=183 completions=3 recycles=3 removals=3 returns=3 wall=480s [valid 88/100]
[14:34:24] LAUNCH dfpON_north_half_505 running=12 free_kb=5972404 sims_boxwide=15 attempt=1
[14:34:45] .. alive runid=20260920-133237-15203 event_age=21s | wave=w1 total=100 valid=88 running=12 pending=0 launched=100 failed=0 gaveup=0 forkfail=0 free_kb=5972404 sims_boxwide=15 last_event_age=0s last_event_epoch=1789907664
[14:35:38] DONE dfpON_north_half_101 rc=0 240s dfpON north/half seed=101 rescued=4 dead=0 unreachable=0 never_detected=0 ff_deaths=0 terminal=171 completions=4 recycles=4 removals=4 returns=4 wall=238s [valid 89/100]
[14:35:45] .. alive runid=20260920-133237-15203 event_age=7s | wave=w1 total=100 valid=89 running=11 pending=0 launched=100 failed=0 gaveup=0 forkfail=0 free_kb=5972404 sims_boxwide=15 last_event_age=0s last_event_epoch=1789907738
[14:35:46] DONE dfpB_west_half_404 rc=0 753s dfpB west/half seed=404 rescued=4 dead=0 unreachable=0 never_detected=0 ff_deaths=0 terminal=219 completions=4 recycles=4 removals=4 returns=4 wall=752s [valid 90/100]
[14:36:42] DONE dfpON_north_half_202 rc=0 291s dfpON north/half seed=202 rescued=3 dead=0 unreachable=1 never_detected=1 ff_deaths=0 terminal=210 completions=3 recycles=3 removals=3 returns=3 wall=289s [valid 91/100]
[14:36:45] .. alive runid=20260920-133237-15203 event_age=3s | wave=w1 total=100 valid=91 running=9 pending=0 launched=100 failed=0 gaveup=0 forkfail=0 free_kb=5972404 sims_boxwide=15 last_event_age=0s last_event_epoch=1789907802
[14:37:03] DONE dfpB_north_half_505 rc=0 495s dfpB north/half seed=505 rescued=3 dead=1 unreachable=0 never_detected=0 ff_deaths=0 terminal=150 completions=3 recycles=3 removals=3 returns=3 wall=494s [valid 92/100]
[14:37:19] DONE dfpON_north_half_303 rc=0 314s dfpON north/half seed=303 rescued=3 dead=1 unreachable=0 never_detected=0 ff_deaths=1 terminal=159 completions=3 recycles=3 removals=3 returns=3 wall=313s [valid 93/100]
[14:37:39] DONE dfpON_west_half_202 rc=0 491s dfpON west/half seed=202 rescued=3 dead=1 unreachable=0 never_detected=0 ff_deaths=1 terminal=153 completions=3 recycles=3 removals=3 returns=3 wall=489s [valid 94/100]
[14:37:45] DONE dfpON_north_half_404 rc=0 222s dfpON north/half seed=404 rescued=3 dead=1 unreachable=0 never_detected=0 ff_deaths=0 terminal=201 completions=3 recycles=3 removals=3 returns=3 wall=221s [valid 95/100]
[14:37:45] .. alive runid=20260920-133237-15203 event_age=0s | wave=w1 total=100 valid=95 running=5 pending=0 launched=100 failed=0 gaveup=0 forkfail=0 free_kb=5972404 sims_boxwide=15 last_event_age=0s last_event_epoch=1789907865
[14:37:55] DONE dfpON_west_half_101 rc=0 532s dfpON west/half seed=101 rescued=2 dead=1 unreachable=1 never_detected=0 ff_deaths=2 terminal=158 completions=2 recycles=2 removals=2 returns=2 wall=530s [valid 96/100]
[14:38:32] DONE dfpON_west_half_505 rc=0 426s dfpON west/half seed=505 rescued=0 dead=0 unreachable=4 never_detected=0 ff_deaths=1 terminal=104 completions=0 recycles=0 removals=0 returns=0 wall=425s [valid 97/100]
[14:38:45] .. alive runid=20260920-133237-15203 event_age=14s | wave=w1 total=100 valid=97 running=3 pending=0 launched=100 failed=0 gaveup=0 forkfail=0 free_kb=5972404 sims_boxwide=15 last_event_age=1s last_event_epoch=1789907911
[14:39:36] DONE dfpON_north_half_505 rc=0 312s dfpON north/half seed=505 rescued=3 dead=1 unreachable=0 never_detected=0 ff_deaths=0 terminal=141 completions=3 recycles=3 removals=3 returns=3 wall=311s [valid 98/100]
[14:39:46] .. alive runid=20260920-133237-15203 event_age=10s | wave=w1 total=100 valid=98 running=2 pending=0 launched=100 failed=0 gaveup=0 forkfail=0 free_kb=5972404 sims_boxwide=15 last_event_age=0s last_event_epoch=1789907976
[14:40:00] DONE dfpON_west_half_303 rc=0 606s dfpON west/half seed=303 rescued=4 dead=0 unreachable=0 never_detected=0 ff_deaths=0 terminal=199 completions=4 recycles=4 removals=4 returns=4 wall=605s [valid 99/100]
[14:40:46] .. alive runid=20260920-133237-15203 event_age=46s | wave=w1 total=100 valid=99 running=1 pending=0 launched=100 failed=0 gaveup=0 forkfail=0 free_kb=5972404 sims_boxwide=15 last_event_age=0s last_event_epoch=1789908000
[14:41:46] .. alive runid=20260920-133237-15203 event_age=106s | wave=w1 total=100 valid=99 running=1 pending=0 launched=100 failed=0 gaveup=0 forkfail=0 free_kb=5972404 sims_boxwide=15 last_event_age=0s last_event_epoch=1789908000
[14:42:46] .. alive runid=20260920-133237-15203 event_age=166s | wave=w1 total=100 valid=99 running=1 pending=0 launched=100 failed=0 gaveup=0 forkfail=0 free_kb=5972404 sims_boxwide=15 last_event_age=0s last_event_epoch=1789908000
[14:43:27] DONE dfpON_west_half_404 rc=0 735s dfpON west/half seed=404 rescued=2 dead=0 unreachable=0 never_detected=0 ff_deaths=0 terminal=None completions=2 recycles=2 removals=2 returns=2 wall=734s [valid 100/100]
[14:43:27] MAIN LOOP LEFT pending=0 running=0
[14:43:28] FINAL SUMMARY total=100 valid=100 invalid=0 missing=0
[14:43:29] FINAL wave=w1 SUMMARY total=100 valid=100 invalid=0 missing=0 live_this_wave=4 sims_boxwide=4
[14:43:29] POOL INCOMPLETE wave=w1 runid=20260920-133237-15203 valid=100/100 - re-exec in 60s (restart 1/3); orphans, if any, are adopted
[14:43:46] HEARTBEAT EXIT wave=w1 runid=20260920-133237-15203 (sentinel)
[14:44:29] POOL START wave=w1 runid=20260920-144429-15203 restart=1 pid=15203 winpid=27304 head=6281542 dirty_tracked=5 queue=outputs/_dfp_queue.txt maxpar=12 minfree_kb=3500000
[14:44:30] ENV 3.10.11 mesa 1.2.1  prereg_sha256=811159b44341abdc queue_sha256=a7def3266f345f9e
[14:44:30] SHIPPED BASE_STATION_MODE=3 BASE_STATION_RETURN_MECHANISM=2 BASE_STATION_DEPOTS=9 BASE_STATION_SPAWN_SPLIT=2 UAV_RETURN_TO_BASE_RESERVE=0.0 BASE_STATION_RETURN_MARGIN=39.23 BASE_STATION_DOCK_FIX=2 BASE_STATION_RETURN_STALL_LIMIT=3 BASE_STATION_WAYPOINT_FIX=1 ROUTE_BLOCK_STALE_CLEAR=1 VICTIM_SEARCHER_HAZARD_RETREAT_RANGE=99 BASE_STATION_FIREPROOF=1 BASE_STATION_FIREPROOF_DRY_RUN=0
[14:44:30] SHIPPED-CONTROL BASE_STATION_MODE=3 BASE_STATION_DEPOTS=9 BASE_STATION_FIREPROOF=ABSENT
[14:44:32] VALIDATE total=100 valid=100 invalid=0 missing=0
[14:44:32] START STATE wave=w1 total=100 valid=100 pending=0 live_orphans_this_wave=4 sims_boxwide=4 free_kb=16395344
[14:44:32] HEARTBEAT pid=19352 every 60s -> outputs/_dfp_wave.log ; state file outputs/_dfp_state.txt ; sentinel outputs/_dfp_hb_20260920-144429-15203.stop
[14:44:32] MAIN LOOP LEFT pending=0 running=0
[14:44:32] FINAL SUMMARY total=100 valid=100 invalid=0 missing=0
[14:44:33] FINAL wave=w1 SUMMARY total=100 valid=100 invalid=0 missing=0 live_this_wave=4 sims_boxwide=4
[14:44:33] POOL INCOMPLETE wave=w1 runid=20260920-144429-15203 valid=100/100 - re-exec in 60s (restart 2/3); orphans, if any, are adopted
[14:45:32] HEARTBEAT EXIT wave=w1 runid=20260920-144429-15203 (sentinel)
[14:45:33] POOL START wave=w1 runid=20260920-144533-15203 restart=2 pid=15203 winpid=28212 head=6281542 dirty_tracked=5 queue=outputs/_dfp_queue.txt maxpar=12 minfree_kb=3500000
[14:45:34] ENV 3.10.11 mesa 1.2.1  prereg_sha256=811159b44341abdc queue_sha256=a7def3266f345f9e
[14:45:34] SHIPPED BASE_STATION_MODE=3 BASE_STATION_RETURN_MECHANISM=2 BASE_STATION_DEPOTS=9 BASE_STATION_SPAWN_SPLIT=2 UAV_RETURN_TO_BASE_RESERVE=0.0 BASE_STATION_RETURN_MARGIN=39.23 BASE_STATION_DOCK_FIX=2 BASE_STATION_RETURN_STALL_LIMIT=3 BASE_STATION_WAYPOINT_FIX=1 ROUTE_BLOCK_STALE_CLEAR=1 VICTIM_SEARCHER_HAZARD_RETREAT_RANGE=99 BASE_STATION_FIREPROOF=1 BASE_STATION_FIREPROOF_DRY_RUN=0
[14:45:34] SHIPPED-CONTROL BASE_STATION_MODE=3 BASE_STATION_DEPOTS=9 BASE_STATION_FIREPROOF=ABSENT
[14:45:36] VALIDATE total=100 valid=100 invalid=0 missing=0
[14:45:36] START STATE wave=w1 total=100 valid=100 pending=0 live_orphans_this_wave=4 sims_boxwide=4 free_kb=16375440
[14:45:36] HEARTBEAT pid=19405 every 60s -> outputs/_dfp_wave.log ; state file outputs/_dfp_state.txt ; sentinel outputs/_dfp_hb_20260920-144533-15203.stop
[14:45:36] MAIN LOOP LEFT pending=0 running=0
[14:45:37] FINAL SUMMARY total=100 valid=100 invalid=0 missing=0
[14:45:37] FINAL wave=w1 SUMMARY total=100 valid=100 invalid=0 missing=0 live_this_wave=4 sims_boxwide=4
[14:45:37] POOL INCOMPLETE wave=w1 runid=20260920-144533-15203 valid=100/100 - re-exec in 60s (restart 3/3); orphans, if any, are adopted
[14:46:36] HEARTBEAT EXIT wave=w1 runid=20260920-144533-15203 (sentinel)
[14:46:38] POOL START wave=w1 runid=20260920-144637-15203 restart=3 pid=15203 winpid=37296 head=6281542 dirty_tracked=5 queue=outputs/_dfp_queue.txt maxpar=12 minfree_kb=3500000
[14:46:38] ENV 3.10.11 mesa 1.2.1  prereg_sha256=811159b44341abdc queue_sha256=a7def3266f345f9e
[14:46:39] SHIPPED BASE_STATION_MODE=3 BASE_STATION_RETURN_MECHANISM=2 BASE_STATION_DEPOTS=9 BASE_STATION_SPAWN_SPLIT=2 UAV_RETURN_TO_BASE_RESERVE=0.0 BASE_STATION_RETURN_MARGIN=39.23 BASE_STATION_DOCK_FIX=2 BASE_STATION_RETURN_STALL_LIMIT=3 BASE_STATION_WAYPOINT_FIX=1 ROUTE_BLOCK_STALE_CLEAR=1 VICTIM_SEARCHER_HAZARD_RETREAT_RANGE=99 BASE_STATION_FIREPROOF=1 BASE_STATION_FIREPROOF_DRY_RUN=0
[14:46:39] SHIPPED-CONTROL BASE_STATION_MODE=3 BASE_STATION_DEPOTS=9 BASE_STATION_FIREPROOF=ABSENT
[14:46:40] VALIDATE total=100 valid=100 invalid=0 missing=0
[14:46:40] START STATE wave=w1 total=100 valid=100 pending=0 live_orphans_this_wave=4 sims_boxwide=4 free_kb=16415780
[14:46:40] HEARTBEAT pid=19458 every 60s -> outputs/_dfp_wave.log ; state file outputs/_dfp_state.txt ; sentinel outputs/_dfp_hb_20260920-144637-15203.stop
[14:46:40] MAIN LOOP LEFT pending=0 running=0
[14:46:41] FINAL SUMMARY total=100 valid=100 invalid=0 missing=0
[14:46:41] FINAL wave=w1 SUMMARY total=100 valid=100 invalid=0 missing=0 live_this_wave=4 sims_boxwide=4
[14:46:41] DCD4RB_POOL_INCOMPLETE wave=w1 runid=20260920-144637-15203 valid=100/100 gaveup=0 - NOT restarting; relaunch with outputs/_dcd4_launch.ps1 after reading the FAIL lines
[14:47:40] HEARTBEAT EXIT wave=w1 runid=20260920-144637-15203 (sentinel)
