[18:18:54] POOL START wave=postfix runid=20260920-181854-2200 restart=0 pid=2200 winpid=29808 head=6281542 dirty_tracked=5 queue=outputs/_dfp_postfix_queue.txt maxpar=4 minfree_kb=3500000
[18:18:55] ENV 3.10.11 mesa 1.2.1  prereg_sha256=811159b44341abdc queue_sha256=a912e9c57867674f
[18:18:55] SHIPPED BASE_STATION_MODE=3 BASE_STATION_RETURN_MECHANISM=2 BASE_STATION_DEPOTS=9 BASE_STATION_SPAWN_SPLIT=2 UAV_RETURN_TO_BASE_RESERVE=0.0 BASE_STATION_RETURN_MARGIN=39.23 BASE_STATION_DOCK_FIX=2 BASE_STATION_RETURN_STALL_LIMIT=3 BASE_STATION_WAYPOINT_FIX=1 ROUTE_BLOCK_STALE_CLEAR=1 VICTIM_SEARCHER_HAZARD_RETREAT_RANGE=99 BASE_STATION_FIREPROOF=1 BASE_STATION_FIREPROOF_DRY_RUN=0
[18:18:56] SHIPPED-CONTROL BASE_STATION_MODE=3 BASE_STATION_DEPOTS=9 BASE_STATION_FIREPROOF=ABSENT
[18:18:56] VALIDATE total=4 valid=0 invalid=0 missing=4
[18:18:56] START STATE wave=postfix total=4 valid=0 pending=4 live_orphans_this_wave=4 sims_boxwide=4 free_kb=5604372
[18:18:56] HEARTBEAT pid=2241 every 60s -> outputs/_dfp_postfix_wave.log ; state file outputs/_dfppf_state.txt ; sentinel outputs/_dfppf_hb_20260920-181854-2200.stop
[18:18:57] DEFERRED 4 pending job(s) are live in orphaned processes: outputs/_ffr_dfpXOFF_east_half_101.json outputs/_ffr_dfpXB_east_half_101.json outputs/_ffr_dfpXDRY_east_half_101.json outputs/_ffr_dfpXON_east_half_101.json
[18:19:56] .. alive runid=20260920-181854-2200 event_age=60s | wave=postfix total=4 valid=0 running=0 pending=4 launched=0 failed=0 gaveup=0 forkfail=0 free_kb=5598004 sims_boxwide=4 last_event_age=32s last_event_epoch=1789921136
[18:20:57] .. alive runid=20260920-181854-2200 event_age=121s | wave=postfix total=4 valid=0 running=0 pending=4 launched=0 failed=0 gaveup=0 forkfail=0 free_kb=5550600 sims_boxwide=4 last_event_age=95s last_event_epoch=1789921136
[18:21:57] .. alive runid=20260920-181854-2200 event_age=181s | wave=postfix total=4 valid=0 running=0 pending=4 launched=0 failed=0 gaveup=0 forkfail=0 free_kb=5579528 sims_boxwide=4 last_event_age=158s last_event_epoch=1789921136
[18:22:57] .. alive runid=20260920-181854-2200 event_age=241s | wave=postfix total=4 valid=0 running=0 pending=4 launched=0 failed=0 gaveup=0 forkfail=0 free_kb=5486560 sims_boxwide=4 last_event_age=220s last_event_epoch=1789921136
[18:23:57] .. alive runid=20260920-181854-2200 event_age=301s | wave=postfix total=4 valid=0 running=0 pending=4 launched=0 failed=0 gaveup=0 forkfail=0 free_kb=5432520 sims_boxwide=4 last_event_age=283s last_event_epoch=1789921136
[18:24:10] DEFERRED 4 pending job(s) are live in orphaned processes: outputs/_ffr_dfpXOFF_east_half_101.json outputs/_ffr_dfpXB_east_half_101.json outputs/_ffr_dfpXDRY_east_half_101.json outputs/_ffr_dfpXON_east_half_101.json
[18:24:57] .. alive runid=20260920-181854-2200 event_age=361s | wave=postfix total=4 valid=0 running=0 pending=4 launched=0 failed=0 gaveup=0 forkfail=0 free_kb=4522092 sims_boxwide=4 last_event_age=346s last_event_epoch=1789921136
[18:25:57] .. alive runid=20260920-181854-2200 event_age=421s | wave=postfix total=4 valid=0 running=0 pending=4 launched=0 failed=0 gaveup=0 forkfail=0 free_kb=4652772 sims_boxwide=4 last_event_age=409s last_event_epoch=1789921136
[18:26:57] .. alive runid=20260920-181854-2200 event_age=481s | wave=postfix total=4 valid=0 running=0 pending=4 launched=0 failed=0 gaveup=0 forkfail=0 free_kb=5526044 sims_boxwide=4 last_event_age=471s last_event_epoch=1789921136
[18:27:18] ADOPTED dfpXB_east_half_101 (orphan finished, VALID) [valid 1/4]
[18:27:18] ADOPTED dfpXOFF_east_half_101 (orphan finished, VALID) [valid 2/4]
[18:27:19] ADOPTED dfpXDRY_east_half_101 (orphan finished, VALID) [valid 3/4]
[18:27:19] ADOPTED dfpXON_east_half_101 (orphan finished, VALID) [valid 4/4]
[18:27:19] MAIN LOOP LEFT pending=0 running=0
[18:27:19] FINAL SUMMARY total=4 valid=4 invalid=0 missing=0
[18:27:20] FINAL wave=postfix SUMMARY total=4 valid=4 invalid=0 missing=0 live_this_wave=0 sims_boxwide=0
[18:27:20] ALL_DCD4RB_COMPLETE wave=postfix runid=20260920-181854-2200 valid=4/4 launched=0 failed=0 forkfail=0
[18:27:57] HEARTBEAT EXIT wave=postfix runid=20260920-181854-2200 (sentinel)
