[18:04:30] POOL START wave=crn runid=20260920-180430-1664 restart=0 pid=1664 winpid=21800 head=6281542 dirty_tracked=5 queue=outputs/_dfp_crn_queue.txt maxpar=12 minfree_kb=3500000
[18:04:32] ENV 3.10.11 mesa 1.2.1  prereg_sha256=811159b44341abdc queue_sha256=318870dcbdc8df4e
[18:04:33] SHIPPED BASE_STATION_MODE=3 BASE_STATION_RETURN_MECHANISM=2 BASE_STATION_DEPOTS=9 BASE_STATION_SPAWN_SPLIT=2 UAV_RETURN_TO_BASE_RESERVE=0.0 BASE_STATION_RETURN_MARGIN=39.23 BASE_STATION_DOCK_FIX=2 BASE_STATION_RETURN_STALL_LIMIT=3 BASE_STATION_WAYPOINT_FIX=1 ROUTE_BLOCK_STALE_CLEAR=1 VICTIM_SEARCHER_HAZARD_RETREAT_RANGE=99 BASE_STATION_FIREPROOF=1 BASE_STATION_FIREPROOF_DRY_RUN=0
[18:04:33] SHIPPED-CONTROL BASE_STATION_MODE=3 BASE_STATION_DEPOTS=9 BASE_STATION_FIREPROOF=ABSENT
[18:04:34] VALIDATE total=66 valid=0 invalid=0 missing=66
[18:04:34] START STATE wave=crn total=66 valid=0 pending=66 live_orphans_this_wave=0 sims_boxwide=0 free_kb=19606592
[18:04:34] HEARTBEAT pid=1705 every 60s -> outputs/_dfp_crn_wave.log ; state file outputs/_dfpcrn_state.txt ; sentinel outputs/_dfpcrn_hb_20260920-180430-1664.stop
[18:04:34] LAUNCH dfpCB_east_half_101 running=1 free_kb=19601968 sims_boxwide=0 attempt=1
[18:04:47] LAUNCH dfpCB_east_half_202 running=2 free_kb=18808704 sims_boxwide=1 attempt=1
[18:05:00] LAUNCH dfpCB_east_half_303 running=3 free_kb=17920004 sims_boxwide=2 attempt=1
[18:05:12] LAUNCH dfpCB_east_half_404 running=4 free_kb=17094788 sims_boxwide=3 attempt=1
[18:05:25] LAUNCH dfpCB_east_half_505 running=5 free_kb=16260896 sims_boxwide=4 attempt=1
[18:05:34] .. alive runid=20260920-180430-1664 event_age=9s | wave=crn total=66 valid=0 running=5 pending=61 launched=5 failed=0 gaveup=0 forkfail=0 free_kb=16260896 sims_boxwide=4 last_event_age=0s last_event_epoch=1789920325
[18:05:38] LAUNCH dfpCB_south_half_101 running=6 free_kb=15405456 sims_boxwide=5 attempt=1
[18:05:51] LAUNCH dfpCB_south_half_202 running=7 free_kb=14526752 sims_boxwide=6 attempt=1
[18:06:04] LAUNCH dfpCB_south_half_303 running=8 free_kb=13613472 sims_boxwide=7 attempt=1
[18:06:16] LAUNCH dfpCB_south_half_404 running=9 free_kb=12723880 sims_boxwide=8 attempt=1
[18:06:29] LAUNCH dfpCB_south_half_505 running=10 free_kb=11830464 sims_boxwide=9 attempt=1
[18:06:34] .. alive runid=20260920-180430-1664 event_age=5s | wave=crn total=66 valid=0 running=10 pending=56 launched=10 failed=0 gaveup=0 forkfail=0 free_kb=11830464 sims_boxwide=9 last_event_age=0s last_event_epoch=1789920389
[18:06:42] LAUNCH dfpCB_east_def_101 running=11 free_kb=10942700 sims_boxwide=10 attempt=1
[18:06:55] LAUNCH dfpCB_east_def_202 running=12 free_kb=10038696 sims_boxwide=11 attempt=1
[18:07:34] .. alive runid=20260920-180430-1664 event_age=39s | wave=crn total=66 valid=0 running=12 pending=54 launched=12 failed=0 gaveup=0 forkfail=0 free_kb=10038696 sims_boxwide=11 last_event_age=0s last_event_epoch=1789920415
[18:08:34] .. alive runid=20260920-180430-1664 event_age=99s | wave=crn total=66 valid=0 running=12 pending=54 launched=12 failed=0 gaveup=0 forkfail=0 free_kb=10038696 sims_boxwide=11 last_event_age=0s last_event_epoch=1789920415
[18:09:34] .. alive runid=20260920-180430-1664 event_age=159s | wave=crn total=66 valid=0 running=12 pending=54 launched=12 failed=0 gaveup=0 forkfail=0 free_kb=10038696 sims_boxwide=11 last_event_age=0s last_event_epoch=1789920415
[18:09:48] DONE dfpCB_south_half_303 rc=0 224s dfpCB south/half seed=303 rescued=4 dead=0 unreachable=0 never_detected=0 ff_deaths=0 terminal=128 completions=4 recycles=4 removals=4 returns=4 wall=223s [valid 1/66]
[18:09:49] LAUNCH dfpCB_east_def_303 running=12 free_kb=9923208 sims_boxwide=11 attempt=1
[18:10:01] DONE dfpCB_south_half_101 rc=0 263s dfpCB south/half seed=101 rescued=3 dead=1 unreachable=0 never_detected=0 ff_deaths=0 terminal=112 completions=3 recycles=3 removals=3 returns=3 wall=254s [valid 2/66]
[18:10:02] LAUNCH dfpCB_east_half_606 running=12 free_kb=9938168 sims_boxwide=11 attempt=1
[18:10:34] .. alive runid=20260920-180430-1664 event_age=32s | wave=crn total=66 valid=2 running=12 pending=52 launched=14 failed=0 gaveup=0 forkfail=0 free_kb=9938168 sims_boxwide=11 last_event_age=0s last_event_epoch=1789920602
[18:10:38] DONE dfpCB_south_half_202 rc=0 287s dfpCB south/half seed=202 rescued=4 dead=0 unreachable=0 never_detected=0 ff_deaths=0 terminal=183 completions=4 recycles=4 removals=4 returns=4 wall=285s [valid 3/66]
[18:10:39] LAUNCH dfpCB_east_half_707 running=12 free_kb=8867524 sims_boxwide=11 attempt=1
[18:10:51] DONE dfpCB_south_half_505 rc=0 262s dfpCB south/half seed=505 rescued=4 dead=0 unreachable=0 never_detected=0 ff_deaths=0 terminal=119 completions=4 recycles=4 removals=4 returns=4 wall=252s [valid 4/66]
[18:10:52] LAUNCH dfpCB_east_half_808 running=12 free_kb=8792028 sims_boxwide=11 attempt=1
[18:11:11] DONE dfpCB_east_def_101 rc=0 268s dfpCB east/default seed=101 rescued=2 dead=0 unreachable=0 never_detected=0 ff_deaths=1 terminal=None completions=2 recycles=2 removals=2 returns=2 wall=267s [valid 5/66]
[18:11:11] LAUNCH dfpCB_east_half_909 running=12 free_kb=9193340 sims_boxwide=11 attempt=1
[18:11:34] .. alive runid=20260920-180430-1664 event_age=23s | wave=crn total=66 valid=5 running=12 pending=49 launched=17 failed=0 gaveup=0 forkfail=0 free_kb=9193340 sims_boxwide=11 last_event_age=0s last_event_epoch=1789920671
[18:11:36] DONE dfpCB_east_def_202 rc=0 280s dfpCB east/default seed=202 rescued=2 dead=1 unreachable=1 never_detected=1 ff_deaths=2 terminal=210 completions=2 recycles=2 removals=2 returns=2 wall=279s [valid 6/66]
[18:11:36] LAUNCH dfpCB_east_half_1010 running=12 free_kb=9178276 sims_boxwide=11 attempt=1
[18:11:49] DONE dfpCB_south_half_404 rc=0 333s dfpCB south/half seed=404 rescued=2 dead=2 unreachable=0 never_detected=0 ff_deaths=0 terminal=183 completions=2 recycles=2 removals=2 returns=2 wall=321s [valid 7/66]
[18:11:50] LAUNCH dfpCB_south_half_606 running=12 free_kb=9057980 sims_boxwide=11 attempt=1
[18:12:34] .. alive runid=20260920-180430-1664 event_age=44s | wave=crn total=66 valid=7 running=12 pending=47 launched=19 failed=0 gaveup=0 forkfail=0 free_kb=9057980 sims_boxwide=11 last_event_age=0s last_event_epoch=1789920710
[18:13:16] DONE dfpCB_east_half_303 rc=0 496s dfpCB east/half seed=303 rescued=3 dead=1 unreachable=0 never_detected=0 ff_deaths=2 terminal=111 completions=3 recycles=3 removals=3 returns=3 wall=495s [valid 8/66]
[18:13:17] LAUNCH dfpCB_south_half_707 running=12 free_kb=9982820 sims_boxwide=11 attempt=1
[18:13:29] DONE dfpCB_east_half_505 rc=0 484s dfpCB east/half seed=505 rescued=3 dead=1 unreachable=0 never_detected=0 ff_deaths=0 terminal=137 completions=3 recycles=3 removals=3 returns=3 wall=475s [valid 9/66]
[18:13:30] LAUNCH dfpCB_south_half_808 running=12 free_kb=9098180 sims_boxwide=11 attempt=1
[18:13:34] .. alive runid=20260920-180430-1664 event_age=4s | wave=crn total=66 valid=9 running=12 pending=45 launched=21 failed=0 gaveup=0 forkfail=0 free_kb=9098180 sims_boxwide=11 last_event_age=0s last_event_epoch=1789920810
[18:13:43] DONE dfpCB_east_half_101 rc=0 549s dfpCB east/half seed=101 rescued=4 dead=0 unreachable=0 never_detected=0 ff_deaths=0 terminal=182 completions=4 recycles=4 removals=4 returns=4 wall=547s [valid 10/66]
[18:13:44] LAUNCH dfpCB_south_half_909 running=12 free_kb=9111844 sims_boxwide=11 attempt=1
[18:14:31] DONE dfpCB_east_def_303 rc=0 282s dfpCB east/default seed=303 rescued=2 dead=2 unreachable=0 never_detected=0 ff_deaths=1 terminal=126 completions=2 recycles=2 removals=2 returns=2 wall=281s [valid 11/66]
[18:14:32] LAUNCH dfpCB_south_half_1010 running=12 free_kb=9100428 sims_boxwide=11 attempt=1
[18:14:34] .. alive runid=20260920-180430-1664 event_age=2s | wave=crn total=66 valid=11 running=12 pending=43 launched=23 failed=0 gaveup=0 forkfail=0 free_kb=9100428 sims_boxwide=11 last_event_age=0s last_event_epoch=1789920872
[18:15:03] DONE dfpCB_east_half_202 rc=0 616s dfpCB east/half seed=202 rescued=4 dead=0 unreachable=0 never_detected=0 ff_deaths=0 terminal=203 completions=4 recycles=4 removals=4 returns=4 wall=614s [valid 12/66]
[18:15:04] LAUNCH dfpCB_west_half_101 running=12 free_kb=9154196 sims_boxwide=11 attempt=1
[18:15:35] .. alive runid=20260920-180430-1664 event_age=31s | wave=crn total=66 valid=12 running=12 pending=42 launched=24 failed=0 gaveup=0 forkfail=0 free_kb=9154196 sims_boxwide=11 last_event_age=0s last_event_epoch=1789920904
[18:16:24] DONE dfpCB_east_half_404 rc=0 672s dfpCB east/half seed=404 rescued=3 dead=1 unreachable=0 never_detected=0 ff_deaths=1 terminal=210 completions=3 recycles=3 removals=3 returns=3 wall=670s [valid 13/66]
[18:16:25] LAUNCH dfpCB_west_half_202 running=12 free_kb=9978472 sims_boxwide=11 attempt=1
[18:16:35] .. alive runid=20260920-180430-1664 event_age=10s | wave=crn total=66 valid=13 running=12 pending=41 launched=25 failed=0 gaveup=0 forkfail=0 free_kb=9978472 sims_boxwide=11 last_event_age=0s last_event_epoch=1789920985
[18:17:22] DONE dfpCB_south_half_606 rc=0 332s dfpCB south/half seed=606 rescued=3 dead=1 unreachable=0 never_detected=0 ff_deaths=1 terminal=116 completions=3 recycles=3 removals=3 returns=3 wall=331s [valid 14/66]
[18:17:23] LAUNCH dfpCB_west_half_303 running=12 free_kb=9030980 sims_boxwide=11 attempt=1
[18:17:35] .. alive runid=20260920-180430-1664 event_age=12s | wave=crn total=66 valid=14 running=12 pending=40 launched=26 failed=0 gaveup=0 forkfail=0 free_kb=9030980 sims_boxwide=11 last_event_age=0s last_event_epoch=1789921043
[18:17:56] DONE dfpCB_south_half_707 rc=0 278s dfpCB south/half seed=707 rescued=3 dead=0 unreachable=0 never_detected=0 ff_deaths=0 terminal=None completions=3 recycles=3 removals=3 returns=3 wall=277s [valid 15/66]
[18:17:57] LAUNCH dfpCB_west_half_404 running=12 free_kb=6466056 sims_boxwide=11 attempt=1
[18:18:09] DONE dfpCB_south_half_808 rc=0 279s dfpCB south/half seed=808 rescued=3 dead=1 unreachable=0 never_detected=0 ff_deaths=0 terminal=164 completions=3 recycles=3 removals=3 returns=3 wall=271s [valid 16/66]
[18:18:09] DONE dfpCB_east_half_808 rc=0 437s dfpCB east/half seed=808 rescued=3 dead=1 unreachable=0 never_detected=0 ff_deaths=1 terminal=99 completions=3 recycles=3 removals=3 returns=3 wall=425s [valid 17/66]
[18:18:10] LAUNCH dfpCB_west_half_505 running=11 free_kb=7375592 sims_boxwide=10 attempt=1
[18:18:23] LAUNCH dfpCB_north_half_101 running=12 free_kb=6463128 sims_boxwide=11 attempt=1
[18:18:35] .. alive runid=20260920-180430-1664 event_age=12s | wave=crn total=66 valid=17 running=12 pending=37 launched=29 failed=0 gaveup=0 forkfail=0 free_kb=6463128 sims_boxwide=11 last_event_age=0s last_event_epoch=1789921103
[18:18:35] DONE dfpCB_south_half_909 rc=0 291s dfpCB south/half seed=909 rescued=3 dead=0 unreachable=1 never_detected=0 ff_deaths=2 terminal=239 completions=3 recycles=3 removals=3 returns=3 wall=280s [valid 18/66]
[18:18:36] LAUNCH dfpCB_north_half_202 running=12 free_kb=7359292 sims_boxwide=10 attempt=1
[18:18:48] DONE dfpCB_east_half_707 rc=0 489s dfpCB east/half seed=707 rescued=3 dead=1 unreachable=0 never_detected=0 ff_deaths=0 terminal=94 completions=3 recycles=3 removals=3 returns=3 wall=475s [valid 19/66]
[18:18:49] LAUNCH dfpCB_north_half_303 running=12 free_kb=6452776 sims_boxwide=11 attempt=1
[18:19:03] DONE dfpCB_east_half_606 rc=0 541s dfpCB east/half seed=606 rescued=4 dead=0 unreachable=0 never_detected=0 ff_deaths=0 terminal=167 completions=4 recycles=4 removals=4 returns=4 wall=540s [valid 20/66]
[18:19:04] LAUNCH dfpCB_north_half_404 running=12 free_kb=6469864 sims_boxwide=11 attempt=1
[18:19:35] .. alive runid=20260920-180430-1664 event_age=31s | wave=crn total=66 valid=20 running=12 pending=34 launched=32 failed=0 gaveup=0 forkfail=0 free_kb=6469864 sims_boxwide=11 last_event_age=0s last_event_epoch=1789921144
[18:20:17] DONE dfpCB_east_half_1010 rc=0 521s dfpCB east/half seed=1010 rescued=4 dead=0 unreachable=0 never_detected=0 ff_deaths=0 terminal=146 completions=4 recycles=4 removals=4 returns=4 wall=519s [valid 21/66]
[18:20:18] LAUNCH dfpCB_north_half_505 running=12 free_kb=6365472 sims_boxwide=11 attempt=1
[18:20:35] .. alive runid=20260920-180430-1664 event_age=17s | wave=crn total=66 valid=21 running=12 pending=33 launched=33 failed=0 gaveup=0 forkfail=0 free_kb=6365472 sims_boxwide=11 last_event_age=0s last_event_epoch=1789921218
[18:20:40] DONE dfpCB_east_half_909 rc=0 569s dfpCB east/half seed=909 rescued=3 dead=1 unreachable=0 never_detected=0 ff_deaths=1 terminal=180 completions=3 recycles=3 removals=3 returns=3 wall=567s [valid 22/66]
[18:20:41] LAUNCH dfpCON_east_half_101 running=12 free_kb=6406136 sims_boxwide=11 attempt=1
[18:21:35] .. alive runid=20260920-180430-1664 event_age=54s | wave=crn total=66 valid=22 running=12 pending=32 launched=34 failed=0 gaveup=0 forkfail=0 free_kb=6406136 sims_boxwide=11 last_event_age=0s last_event_epoch=1789921241
[18:21:35] DONE dfpCB_south_half_1010 rc=0 423s dfpCB south/half seed=1010 rescued=3 dead=0 unreachable=1 never_detected=1 ff_deaths=0 terminal=210 completions=3 recycles=3 removals=3 returns=3 wall=421s [valid 23/66]
[18:21:36] LAUNCH dfpCON_east_half_202 running=12 free_kb=6445344 sims_boxwide=11 attempt=1
[18:22:35] .. alive runid=20260920-180430-1664 event_age=59s | wave=crn total=66 valid=23 running=12 pending=31 launched=35 failed=0 gaveup=0 forkfail=0 free_kb=6445344 sims_boxwide=11 last_event_age=0s last_event_epoch=1789921296
[18:22:45] DONE dfpCB_north_half_101 rc=0 262s dfpCB north/half seed=101 rescued=4 dead=0 unreachable=0 never_detected=0 ff_deaths=0 terminal=169 completions=4 recycles=4 removals=4 returns=4 wall=261s [valid 24/66]
[18:22:46] LAUNCH dfpCON_east_half_303 running=12 free_kb=6378700 sims_boxwide=11 attempt=1
[18:23:23] DONE dfpCB_west_half_101 rc=0 499s dfpCB west/half seed=101 rescued=3 dead=1 unreachable=0 never_detected=0 ff_deaths=0 terminal=122 completions=3 recycles=3 removals=3 returns=3 wall=497s [valid 25/66]
[18:23:24] LAUNCH dfpCON_east_half_404 running=12 free_kb=6228956 sims_boxwide=11 attempt=1
[18:23:35] .. alive runid=20260920-180430-1664 event_age=11s | wave=crn total=66 valid=25 running=12 pending=29 launched=37 failed=0 gaveup=0 forkfail=0 free_kb=6228956 sims_boxwide=11 last_event_age=0s last_event_epoch=1789921404
[18:23:36] DONE dfpCB_north_half_404 rc=0 272s dfpCB north/half seed=404 rescued=3 dead=0 unreachable=0 never_detected=0 ff_deaths=0 terminal=None completions=3 recycles=3 removals=3 returns=3 wall=266s [valid 26/66]
[18:23:37] LAUNCH dfpCON_east_half_505 running=12 free_kb=6249364 sims_boxwide=11 attempt=1
[18:24:35] .. alive runid=20260920-180430-1664 event_age=58s | wave=crn total=66 valid=26 running=12 pending=28 launched=38 failed=0 gaveup=0 forkfail=0 free_kb=6249364 sims_boxwide=11 last_event_age=0s last_event_epoch=1789921417
[18:24:38] DONE dfpCB_west_half_303 rc=0 435s dfpCB west/half seed=303 rescued=0 dead=1 unreachable=3 never_detected=0 ff_deaths=1 terminal=74 completions=0 recycles=0 removals=0 returns=0 wall=433s [valid 27/66]
[18:24:39] LAUNCH dfpCON_south_half_101 running=12 free_kb=5313280 sims_boxwide=11 attempt=1
[18:25:23] DONE dfpCB_north_half_505 rc=0 305s dfpCB north/half seed=505 rescued=2 dead=2 unreachable=0 never_detected=0 ff_deaths=2 terminal=180 completions=2 recycles=2 removals=2 returns=2 wall=303s [valid 28/66]
[18:25:24] LAUNCH dfpCON_south_half_202 running=12 free_kb=5569828 sims_boxwide=11 attempt=1
[18:25:35] .. alive runid=20260920-180430-1664 event_age=11s | wave=crn total=66 valid=28 running=12 pending=26 launched=40 failed=0 gaveup=0 forkfail=0 free_kb=5569828 sims_boxwide=11 last_event_age=0s last_event_epoch=1789921524
[18:25:58] DONE dfpCB_north_half_202 rc=0 441s dfpCB north/half seed=202 rescued=3 dead=0 unreachable=1 never_detected=1 ff_deaths=0 terminal=210 completions=3 recycles=3 removals=3 returns=3 wall=440s [valid 29/66]
[18:25:59] LAUNCH dfpCON_south_half_303 running=12 free_kb=5511964 sims_boxwide=11 attempt=1
[18:26:16] DONE dfpCB_north_half_303 rc=0 446s dfpCB north/half seed=303 rescued=3 dead=1 unreachable=0 never_detected=0 ff_deaths=0 terminal=186 completions=3 recycles=3 removals=3 returns=3 wall=445s [valid 30/66]
[18:26:16] LAUNCH dfpCON_south_half_404 running=12 free_kb=5549784 sims_boxwide=11 attempt=1
[18:26:29] DONE dfpCB_west_half_202 rc=0 604s dfpCB west/half seed=202 rescued=2 dead=2 unreachable=0 never_detected=0 ff_deaths=0 terminal=169 completions=2 recycles=2 removals=2 returns=2 wall=594s [valid 31/66]
[18:26:30] LAUNCH dfpCON_south_half_505 running=12 free_kb=5563252 sims_boxwide=11 attempt=1
[18:26:35] .. alive runid=20260920-180430-1664 event_age=5s | wave=crn total=66 valid=31 running=12 pending=23 launched=43 failed=0 gaveup=0 forkfail=0 free_kb=5563252 sims_boxwide=11 last_event_age=0s last_event_epoch=1789921590
[18:27:36] .. alive runid=20260920-180430-1664 event_age=66s | wave=crn total=66 valid=31 running=12 pending=23 launched=43 failed=0 gaveup=0 forkfail=0 free_kb=5563252 sims_boxwide=11 last_event_age=0s last_event_epoch=1789921590
[18:27:40] DONE dfpCB_west_half_505 rc=0 569s dfpCB west/half seed=505 rescued=4 dead=0 unreachable=0 never_detected=0 ff_deaths=0 terminal=148 completions=4 recycles=4 removals=4 returns=4 wall=568s [valid 32/66]
[18:27:40] LAUNCH dfpCON_east_def_101 running=12 free_kb=9844696 sims_boxwide=11 attempt=1
[18:28:25] DONE dfpCB_west_half_404 rc=0 628s dfpCB west/half seed=404 rescued=4 dead=0 unreachable=0 never_detected=0 ff_deaths=0 terminal=189 completions=4 recycles=4 removals=4 returns=4 wall=627s [valid 33/66]
[18:28:26] LAUNCH dfpCON_east_def_202 running=12 free_kb=8981572 sims_boxwide=11 attempt=1
[18:28:36] .. alive runid=20260920-180430-1664 event_age=10s | wave=crn total=66 valid=33 running=12 pending=21 launched=45 failed=0 gaveup=0 forkfail=0 free_kb=8981572 sims_boxwide=11 last_event_age=0s last_event_epoch=1789921706
[18:29:25] DONE dfpCON_south_half_101 rc=0 286s dfpCON south/half seed=101 rescued=3 dead=1 unreachable=0 never_detected=0 ff_deaths=0 terminal=112 completions=3 recycles=3 removals=3 returns=3 wall=285s [valid 34/66]
[18:29:26] LAUNCH dfpCON_east_def_303 running=12 free_kb=8857264 sims_boxwide=11 attempt=1
[18:29:36] .. alive runid=20260920-180430-1664 event_age=10s | wave=crn total=66 valid=34 running=12 pending=20 launched=46 failed=0 gaveup=0 forkfail=0 free_kb=8857264 sims_boxwide=11 last_event_age=0s last_event_epoch=1789921766
[18:30:14] DONE dfpCON_south_half_303 rc=0 255s dfpCON south/half seed=303 rescued=4 dead=0 unreachable=0 never_detected=0 ff_deaths=0 terminal=128 completions=4 recycles=4 removals=4 returns=4 wall=254s [valid 35/66]
[18:30:15] LAUNCH dfpCON_east_half_606 running=12 free_kb=8960460 sims_boxwide=11 attempt=1
[18:30:36] .. alive runid=20260920-180430-1664 event_age=21s | wave=crn total=66 valid=35 running=12 pending=19 launched=47 failed=0 gaveup=0 forkfail=0 free_kb=8960460 sims_boxwide=11 last_event_age=0s last_event_epoch=1789921815
[18:30:37] DONE dfpCON_south_half_202 rc=0 313s dfpCON south/half seed=202 rescued=4 dead=0 unreachable=0 never_detected=0 ff_deaths=0 terminal=183 completions=4 recycles=4 removals=4 returns=4 wall=311s [valid 36/66]
[18:30:38] LAUNCH dfpCON_east_half_707 running=12 free_kb=9085124 sims_boxwide=11 attempt=1
[18:31:18] DONE dfpCON_south_half_505 rc=0 288s dfpCON south/half seed=505 rescued=4 dead=0 unreachable=0 never_detected=0 ff_deaths=0 terminal=119 completions=4 recycles=4 removals=4 returns=4 wall=287s [valid 37/66]
[18:31:19] LAUNCH dfpCON_east_half_808 running=12 free_kb=9609720 sims_boxwide=11 attempt=1
[18:31:36] .. alive runid=20260920-180430-1664 event_age=17s | wave=crn total=66 valid=37 running=12 pending=17 launched=49 failed=0 gaveup=0 forkfail=0 free_kb=9609720 sims_boxwide=11 last_event_age=0s last_event_epoch=1789921879
[18:31:41] DONE dfpCON_east_half_101 rc=0 660s dfpCON east/half seed=101 rescued=4 dead=0 unreachable=0 never_detected=0 ff_deaths=0 terminal=182 completions=4 recycles=4 removals=4 returns=4 wall=659s [valid 38/66]
[18:31:42] LAUNCH dfpCON_east_half_909 running=12 free_kb=8802948 sims_boxwide=11 attempt=1
[18:32:12] DONE dfpCON_south_half_404 rc=0 356s dfpCON south/half seed=404 rescued=2 dead=2 unreachable=0 never_detected=0 ff_deaths=0 terminal=183 completions=2 recycles=2 removals=2 returns=2 wall=354s [valid 39/66]
[18:32:13] LAUNCH dfpCON_east_half_1010 running=12 free_kb=8826176 sims_boxwide=11 attempt=1
[18:32:25] DONE dfpCON_east_half_303 rc=0 579s dfpCON east/half seed=303 rescued=3 dead=1 unreachable=0 never_detected=0 ff_deaths=2 terminal=111 completions=3 recycles=3 removals=3 returns=3 wall=573s [valid 40/66]
[18:32:26] LAUNCH dfpCON_south_half_606 running=12 free_kb=8022188 sims_boxwide=11 attempt=1
[18:32:36] .. alive runid=20260920-180430-1664 event_age=10s | wave=crn total=66 valid=40 running=12 pending=14 launched=52 failed=0 gaveup=0 forkfail=0 free_kb=8022188 sims_boxwide=11 last_event_age=0s last_event_epoch=1789921946
[18:32:40] DONE dfpCON_east_def_101 rc=0 300s dfpCON east/default seed=101 rescued=2 dead=0 unreachable=0 never_detected=0 ff_deaths=1 terminal=None completions=2 recycles=2 removals=2 returns=2 wall=298s [valid 41/66]
[18:32:41] LAUNCH dfpCON_south_half_707 running=12 free_kb=8025860 sims_boxwide=11 attempt=1
[18:32:53] DONE dfpCON_east_half_505 rc=0 556s dfpCON east/half seed=505 rescued=3 dead=1 unreachable=0 never_detected=0 ff_deaths=0 terminal=137 completions=3 recycles=3 removals=3 returns=3 wall=546s [valid 42/66]
[18:32:54] LAUNCH dfpCON_south_half_808 running=12 free_kb=8024988 sims_boxwide=11 attempt=1
[18:33:36] .. alive runid=20260920-180430-1664 event_age=42s | wave=crn total=66 valid=42 running=12 pending=12 launched=54 failed=0 gaveup=0 forkfail=0 free_kb=8024988 sims_boxwide=11 last_event_age=0s last_event_epoch=1789921974
[18:33:55] DONE dfpCON_east_def_202 rc=0 328s dfpCON east/default seed=202 rescued=2 dead=1 unreachable=1 never_detected=1 ff_deaths=2 terminal=210 completions=2 recycles=2 removals=2 returns=2 wall=327s [valid 43/66]
[18:33:55] LAUNCH dfpCON_south_half_909 running=12 free_kb=7947260 sims_boxwide=11 attempt=1
[18:34:08] DONE dfpCON_east_half_202 rc=0 751s dfpCON east/half seed=202 rescued=4 dead=0 unreachable=0 never_detected=0 ff_deaths=0 terminal=203 completions=4 recycles=4 removals=4 returns=4 wall=748s [valid 44/66]
[18:34:09] LAUNCH dfpCON_south_half_1010 running=12 free_kb=7996088 sims_boxwide=11 attempt=1
[18:34:36] .. alive runid=20260920-180430-1664 event_age=27s | wave=crn total=66 valid=44 running=12 pending=10 launched=56 failed=0 gaveup=0 forkfail=0 free_kb=7996088 sims_boxwide=11 last_event_age=0s last_event_epoch=1789922049
[18:35:21] DONE dfpCON_east_def_303 rc=0 355s dfpCON east/default seed=303 rescued=2 dead=2 unreachable=0 never_detected=0 ff_deaths=1 terminal=126 completions=2 recycles=2 removals=2 returns=2 wall=353s [valid 45/66]
[18:35:22] LAUNCH dfpCON_west_half_101 running=12 free_kb=8124284 sims_boxwide=11 attempt=1
[18:35:36] .. alive runid=20260920-180430-1664 event_age=14s | wave=crn total=66 valid=45 running=12 pending=9 launched=57 failed=0 gaveup=0 forkfail=0 free_kb=8124284 sims_boxwide=11 last_event_age=0s last_event_epoch=1789922122
[18:36:36] .. alive runid=20260920-180430-1664 event_age=74s | wave=crn total=66 valid=45 running=12 pending=9 launched=57 failed=0 gaveup=0 forkfail=0 free_kb=8124284 sims_boxwide=11 last_event_age=0s last_event_epoch=1789922122
[18:37:36] .. alive runid=20260920-180430-1664 event_age=134s | wave=crn total=66 valid=45 running=12 pending=9 launched=57 failed=0 gaveup=0 forkfail=0 free_kb=8124284 sims_boxwide=11 last_event_age=0s last_event_epoch=1789922122
[18:38:36] .. alive runid=20260920-180430-1664 event_age=194s | wave=crn total=66 valid=45 running=12 pending=9 launched=57 failed=0 gaveup=0 forkfail=0 free_kb=8124284 sims_boxwide=11 last_event_age=0s last_event_epoch=1789922122
[18:39:37] .. alive runid=20260920-180430-1664 event_age=255s | wave=crn total=66 valid=45 running=12 pending=9 launched=57 failed=0 gaveup=0 forkfail=0 free_kb=8124284 sims_boxwide=11 last_event_age=0s last_event_epoch=1789922122
[18:39:40] DONE dfpCON_east_half_404 rc=0 976s dfpCON east/half seed=404 rescued=3 dead=1 unreachable=0 never_detected=0 ff_deaths=1 terminal=232 completions=3 recycles=3 removals=3 returns=3 wall=974s [valid 46/66]
[18:39:41] LAUNCH dfpCON_west_half_202 running=12 free_kb=7887740 sims_boxwide=11 attempt=1
[18:39:53] DONE dfpCON_south_half_707 rc=0 432s dfpCON south/half seed=707 rescued=4 dead=0 unreachable=0 never_detected=0 ff_deaths=1 terminal=193 completions=4 recycles=4 removals=4 returns=4 wall=421s [valid 47/66]
[18:39:54] LAUNCH dfpCON_west_half_303 running=12 free_kb=7867468 sims_boxwide=11 attempt=1
[18:40:20] DONE dfpCON_south_half_808 rc=0 446s dfpCON south/half seed=808 rescued=4 dead=0 unreachable=0 never_detected=0 ff_deaths=0 terminal=215 completions=4 recycles=4 removals=4 returns=4 wall=444s [valid 48/66]
[18:40:21] LAUNCH dfpCON_west_half_404 running=12 free_kb=7999004 sims_boxwide=11 attempt=1
[18:40:37] DONE dfpCON_south_half_606 rc=0 490s dfpCON south/half seed=606 rescued=3 dead=1 unreachable=0 never_detected=0 ff_deaths=1 terminal=116 completions=3 recycles=3 removals=3 returns=3 wall=489s [valid 49/66]
[18:40:37] .. alive runid=20260920-180430-1664 event_age=1s | wave=crn total=66 valid=49 running=11 pending=6 launched=60 failed=0 gaveup=0 forkfail=0 free_kb=7999004 sims_boxwide=11 last_event_age=1s last_event_epoch=1789922436
[18:40:37] LAUNCH dfpCON_west_half_505 running=12 free_kb=7962400 sims_boxwide=11 attempt=1
[18:41:24] DONE dfpCON_south_half_909 rc=0 449s dfpCON south/half seed=909 rescued=3 dead=0 unreachable=1 never_detected=0 ff_deaths=2 terminal=239 completions=3 recycles=3 removals=3 returns=3 wall=446s [valid 50/66]
[18:41:25] LAUNCH dfpCON_north_half_101 running=12 free_kb=7909136 sims_boxwide=11 attempt=1
[18:41:37] .. alive runid=20260920-180430-1664 event_age=12s | wave=crn total=66 valid=50 running=12 pending=4 launched=62 failed=0 gaveup=0 forkfail=0 free_kb=7909136 sims_boxwide=11 last_event_age=0s last_event_epoch=1789922485
[18:41:45] DONE dfpCON_east_half_808 rc=0 626s dfpCON east/half seed=808 rescued=3 dead=1 unreachable=0 never_detected=0 ff_deaths=1 terminal=99 completions=3 recycles=3 removals=3 returns=3 wall=625s [valid 51/66]
[18:41:46] LAUNCH dfpCON_north_half_202 running=12 free_kb=7946900 sims_boxwide=11 attempt=1
[18:42:22] DONE dfpCON_east_half_707 rc=0 704s dfpCON east/half seed=707 rescued=3 dead=1 unreachable=0 never_detected=0 ff_deaths=0 terminal=94 completions=3 recycles=3 removals=3 returns=3 wall=703s [valid 52/66]
[18:42:23] LAUNCH dfpCON_north_half_303 running=12 free_kb=7919680 sims_boxwide=11 attempt=1
[18:42:37] .. alive runid=20260920-180430-1664 event_age=14s | wave=crn total=66 valid=52 running=12 pending=2 launched=64 failed=0 gaveup=0 forkfail=0 free_kb=7919680 sims_boxwide=11 last_event_age=0s last_event_epoch=1789922543
[18:42:57] DONE dfpCON_south_half_1010 rc=0 528s dfpCON south/half seed=1010 rescued=4 dead=0 unreachable=0 never_detected=0 ff_deaths=0 terminal=217 completions=4 recycles=4 removals=4 returns=4 wall=527s [valid 53/66]
[18:42:58] LAUNCH dfpCON_north_half_404 running=12 free_kb=8104880 sims_boxwide=11 attempt=1
[18:43:11] DONE dfpCON_east_half_606 rc=0 775s dfpCON east/half seed=606 rescued=4 dead=0 unreachable=0 never_detected=0 ff_deaths=0 terminal=167 completions=4 recycles=4 removals=4 returns=4 wall=766s [valid 54/66]
[18:43:11] LAUNCH dfpCON_north_half_505 running=12 free_kb=8119900 sims_boxwide=11 attempt=1
[18:43:37] .. alive runid=20260920-180430-1664 event_age=26s | wave=crn total=66 valid=54 running=12 pending=0 launched=66 failed=0 gaveup=0 forkfail=0 free_kb=8119900 sims_boxwide=11 last_event_age=0s last_event_epoch=1789922591
[18:44:37] .. alive runid=20260920-180430-1664 event_age=86s | wave=crn total=66 valid=54 running=12 pending=0 launched=66 failed=0 gaveup=0 forkfail=0 free_kb=8119900 sims_boxwide=11 last_event_age=0s last_event_epoch=1789922591
[18:45:03] DONE dfpCON_east_half_1010 rc=0 770s dfpCON east/half seed=1010 rescued=4 dead=0 unreachable=0 never_detected=0 ff_deaths=0 terminal=146 completions=4 recycles=4 removals=4 returns=4 wall=768s [valid 55/66]
[18:45:37] .. alive runid=20260920-180430-1664 event_age=34s | wave=crn total=66 valid=55 running=11 pending=0 launched=66 failed=0 gaveup=0 forkfail=0 free_kb=8119900 sims_boxwide=11 last_event_age=0s last_event_epoch=1789922703
[18:46:37] .. alive runid=20260920-180430-1664 event_age=94s | wave=crn total=66 valid=55 running=11 pending=0 launched=66 failed=0 gaveup=0 forkfail=0 free_kb=8119900 sims_boxwide=11 last_event_age=0s last_event_epoch=1789922703
[18:47:09] DONE dfpCON_north_half_101 rc=0 344s dfpCON north/half seed=101 rescued=4 dead=0 unreachable=0 never_detected=0 ff_deaths=0 terminal=169 completions=4 recycles=4 removals=4 returns=4 wall=343s [valid 56/66]
[18:47:19] DONE dfpCON_west_half_101 rc=0 717s dfpCON west/half seed=101 rescued=3 dead=1 unreachable=0 never_detected=0 ff_deaths=0 terminal=122 completions=3 recycles=3 removals=3 returns=3 wall=716s [valid 57/66]
[18:47:37] .. alive runid=20260920-180430-1664 event_age=18s | wave=crn total=66 valid=57 running=9 pending=0 launched=66 failed=0 gaveup=0 forkfail=0 free_kb=8119900 sims_boxwide=11 last_event_age=0s last_event_epoch=1789922839
[18:48:02] DONE dfpCON_north_half_404 rc=0 304s dfpCON north/half seed=404 rescued=3 dead=0 unreachable=0 never_detected=0 ff_deaths=0 terminal=None completions=3 recycles=3 removals=3 returns=3 wall=302s [valid 58/66]
[18:48:23] DONE dfpCON_north_half_505 rc=0 312s dfpCON north/half seed=505 rescued=2 dead=2 unreachable=0 never_detected=0 ff_deaths=2 terminal=180 completions=2 recycles=2 removals=2 returns=2 wall=310s [valid 59/66]
[18:48:36] DONE dfpCON_east_half_909 rc=0 1014s dfpCON east/half seed=909 rescued=3 dead=0 unreachable=0 never_detected=0 ff_deaths=1 terminal=None completions=3 recycles=3 removals=3 returns=3 wall=1012s [valid 60/66]
[18:48:37] .. alive runid=20260920-180430-1664 event_age=1s | wave=crn total=66 valid=60 running=6 pending=0 launched=66 failed=0 gaveup=0 forkfail=0 free_kb=8119900 sims_boxwide=11 last_event_age=0s last_event_epoch=1789922916
[18:48:39] DONE dfpCON_west_half_303 rc=0 525s dfpCON west/half seed=303 rescued=0 dead=1 unreachable=3 never_detected=0 ff_deaths=1 terminal=74 completions=0 recycles=0 removals=0 returns=0 wall=524s [valid 61/66]
[18:48:53] DONE dfpCON_north_half_303 rc=0 390s dfpCON north/half seed=303 rescued=3 dead=1 unreachable=0 never_detected=0 ff_deaths=0 terminal=186 completions=3 recycles=3 removals=3 returns=3 wall=388s [valid 62/66]
[18:49:28] DONE dfpCON_north_half_202 rc=0 462s dfpCON north/half seed=202 rescued=3 dead=0 unreachable=1 never_detected=1 ff_deaths=0 terminal=210 completions=3 recycles=3 removals=3 returns=3 wall=461s [valid 63/66]
[18:49:37] .. alive runid=20260920-180430-1664 event_age=9s | wave=crn total=66 valid=63 running=3 pending=0 launched=66 failed=0 gaveup=0 forkfail=0 free_kb=8119900 sims_boxwide=11 last_event_age=0s last_event_epoch=1789922968
[18:50:37] .. alive runid=20260920-180430-1664 event_age=69s | wave=crn total=66 valid=63 running=3 pending=0 launched=66 failed=0 gaveup=0 forkfail=0 free_kb=8119900 sims_boxwide=11 last_event_age=0s last_event_epoch=1789922968
[18:50:47] DONE dfpCON_west_half_505 rc=0 610s dfpCON west/half seed=505 rescued=4 dead=0 unreachable=0 never_detected=0 ff_deaths=0 terminal=148 completions=4 recycles=4 removals=4 returns=4 wall=608s [valid 64/66]
[18:50:54] DONE dfpCON_west_half_202 rc=0 673s dfpCON west/half seed=202 rescued=2 dead=2 unreachable=0 never_detected=0 ff_deaths=0 terminal=169 completions=2 recycles=2 removals=2 returns=2 wall=672s [valid 65/66]
[18:51:38] .. alive runid=20260920-180430-1664 event_age=44s | wave=crn total=66 valid=65 running=1 pending=0 launched=66 failed=0 gaveup=0 forkfail=0 free_kb=8119900 sims_boxwide=11 last_event_age=0s last_event_epoch=1789923054
[18:52:00] DONE dfpCON_west_half_404 rc=0 699s dfpCON west/half seed=404 rescued=4 dead=0 unreachable=0 never_detected=0 ff_deaths=0 terminal=189 completions=4 recycles=4 removals=4 returns=4 wall=698s [valid 66/66]
[18:52:00] MAIN LOOP LEFT pending=0 running=0
[18:52:01] FINAL SUMMARY total=66 valid=66 invalid=0 missing=0
[18:52:01] FINAL wave=crn SUMMARY total=66 valid=66 invalid=0 missing=0 live_this_wave=0 sims_boxwide=0
[18:52:01] ALL_DCD4RB_COMPLETE wave=crn runid=20260920-180430-1664 valid=66/66 launched=66 failed=0 forkfail=0
[18:52:38] HEARTBEAT EXIT wave=crn runid=20260920-180430-1664 (sentinel)
