[13:01:14] POOL START wave=pilot runid=20260920-130114-4355 restart=0 pid=4355 winpid=10448 head=6281542 dirty_tracked=3 queue=outputs/_dfp_pilot_queue.txt maxpar=4 minfree_kb=3500000
[13:01:15] ENV 3.10.11 mesa 1.2.1  prereg_sha256=b4ada2ffe0db015a queue_sha256=4b0b356e08fac688
[13:01:16] SHIPPED BASE_STATION_MODE=3 BASE_STATION_RETURN_MECHANISM=2 BASE_STATION_DEPOTS=9 BASE_STATION_SPAWN_SPLIT=2 UAV_RETURN_TO_BASE_RESERVE=0.0 BASE_STATION_RETURN_MARGIN=39.23 BASE_STATION_DOCK_FIX=2 BASE_STATION_RETURN_STALL_LIMIT=3 BASE_STATION_WAYPOINT_FIX=1 ROUTE_BLOCK_STALE_CLEAR=1 VICTIM_SEARCHER_HAZARD_RETREAT_RANGE=99
[13:01:16] VALIDATE total=4 valid=0 invalid=0 missing=4
[13:01:16] START STATE wave=pilot total=4 valid=0 pending=4 live_orphans_this_wave=0 sims_boxwide=0 free_kb=19167160
[13:01:16] HEARTBEAT pid=4393 every 60s -> outputs/_dfp_pilot_wave.log ; state file outputs/_dfppilot_state.txt ; sentinel outputs/_dfppilot_hb_20260920-130114-4355.stop
[13:01:17] LAUNCH dfpB_east_half_101 running=1 free_kb=19154308 sims_boxwide=0 attempt=1
[13:01:30] LAUNCH dfpOFF_east_half_101 running=2 free_kb=18242880 sims_boxwide=1 attempt=1
[13:01:42] LAUNCH dfpDRY_east_half_101 running=3 free_kb=17402384 sims_boxwide=2 attempt=1
[13:01:55] LAUNCH dfpON_east_half_101 running=4 free_kb=16514488 sims_boxwide=3 attempt=1
[13:02:16] .. alive runid=20260920-130114-4355 event_age=21s | wave=pilot total=4 valid=0 running=4 pending=0 launched=4 failed=0 gaveup=0 forkfail=0 free_kb=16514488 sims_boxwide=3 last_event_age=0s last_event_epoch=1789902115
[13:03:17] .. alive runid=20260920-130114-4355 event_age=82s | wave=pilot total=4 valid=0 running=4 pending=0 launched=4 failed=0 gaveup=0 forkfail=0 free_kb=16514488 sims_boxwide=3 last_event_age=0s last_event_epoch=1789902115
[13:04:17] .. alive runid=20260920-130114-4355 event_age=142s | wave=pilot total=4 valid=0 running=4 pending=0 launched=4 failed=0 gaveup=0 forkfail=0 free_kb=16514488 sims_boxwide=3 last_event_age=0s last_event_epoch=1789902115
[13:05:17] .. alive runid=20260920-130114-4355 event_age=202s | wave=pilot total=4 valid=0 running=4 pending=0 launched=4 failed=0 gaveup=0 forkfail=0 free_kb=16514488 sims_boxwide=3 last_event_age=0s last_event_epoch=1789902115
[13:06:17] .. alive runid=20260920-130114-4355 event_age=262s | wave=pilot total=4 valid=0 running=4 pending=0 launched=4 failed=0 gaveup=0 forkfail=0 free_kb=16514488 sims_boxwide=3 last_event_age=0s last_event_epoch=1789902115
[13:07:17] .. alive runid=20260920-130114-4355 event_age=322s | wave=pilot total=4 valid=0 running=4 pending=0 launched=4 failed=0 gaveup=0 forkfail=0 free_kb=16514488 sims_boxwide=3 last_event_age=0s last_event_epoch=1789902115
[13:08:17] .. alive runid=20260920-130114-4355 event_age=382s | wave=pilot total=4 valid=0 running=4 pending=0 launched=4 failed=0 gaveup=0 forkfail=0 free_kb=16514488 sims_boxwide=3 last_event_age=0s last_event_epoch=1789902115
[13:09:17] .. alive runid=20260920-130114-4355 event_age=442s | wave=pilot total=4 valid=0 running=4 pending=0 launched=4 failed=0 gaveup=0 forkfail=0 free_kb=16514488 sims_boxwide=3 last_event_age=0s last_event_epoch=1789902115
[13:10:17] .. alive runid=20260920-130114-4355 event_age=502s | wave=pilot total=4 valid=0 running=4 pending=0 launched=4 failed=0 gaveup=0 forkfail=0 free_kb=16514488 sims_boxwide=3 last_event_age=0s last_event_epoch=1789902115
[13:10:53] DONE dfpB_east_half_101 rc=0 576s dfpB east/half seed=101 rescued=4 dead=0 unreachable=0 never_detected=0 ff_deaths=1 terminal=127 completions=4 recycles=4 removals=4 returns=4 wall=574s [valid 1/4]
[13:11:02] DONE dfpOFF_east_half_101 rc=0 572s dfpOFF east/half seed=101 rescued=4 dead=0 unreachable=0 never_detected=0 ff_deaths=1 terminal=127 completions=4 recycles=4 removals=4 returns=4 wall=570s [valid 2/4]
[13:11:17] .. alive runid=20260920-130114-4355 event_age=15s | wave=pilot total=4 valid=2 running=2 pending=0 launched=4 failed=0 gaveup=0 forkfail=0 free_kb=16514488 sims_boxwide=3 last_event_age=0s last_event_epoch=1789902662
[13:11:34] DONE dfpDRY_east_half_101 rc=0 592s dfpDRY east/half seed=101 rescued=4 dead=0 unreachable=0 never_detected=0 ff_deaths=1 terminal=127 completions=4 recycles=4 removals=4 returns=4 wall=590s [valid 3/4]
[13:11:47] DONE dfpON_east_half_101 rc=0 592s dfpON east/half seed=101 rescued=4 dead=0 unreachable=0 never_detected=0 ff_deaths=1 terminal=127 completions=4 recycles=4 removals=4 returns=4 wall=590s [valid 4/4]
[13:11:47] MAIN LOOP LEFT pending=0 running=0
[13:11:47] FINAL SUMMARY total=4 valid=4 invalid=0 missing=0
[13:11:48] FINAL wave=pilot SUMMARY total=4 valid=4 invalid=0 missing=0 live_this_wave=0 sims_boxwide=0
[13:11:48] ALL_DCD4RB_COMPLETE wave=pilot runid=20260920-130114-4355 valid=4/4 launched=4 failed=0 forkfail=0
[13:12:17] HEARTBEAT EXIT wave=pilot runid=20260920-130114-4355 (sentinel)
