[13:49:42] POOL START wave=rb runid=20260920-134941-16117 restart=0 pid=16117 winpid=36288 head=6281542 dirty_tracked=5 queue=outputs/_dfp_rb_queue.txt maxpar=4 minfree_kb=3500000
[13:49:43] ENV 3.10.11 mesa 1.2.1  prereg_sha256=811159b44341abdc queue_sha256=a8ad5a746c73e7d9
[13:49:43] SHIPPED BASE_STATION_MODE=3 BASE_STATION_RETURN_MECHANISM=2 BASE_STATION_DEPOTS=9 BASE_STATION_SPAWN_SPLIT=2 UAV_RETURN_TO_BASE_RESERVE=0.0 BASE_STATION_RETURN_MARGIN=39.23 BASE_STATION_DOCK_FIX=2 BASE_STATION_RETURN_STALL_LIMIT=3 BASE_STATION_WAYPOINT_FIX=1 ROUTE_BLOCK_STALE_CLEAR=1 VICTIM_SEARCHER_HAZARD_RETREAT_RANGE=99 BASE_STATION_FIREPROOF=1 BASE_STATION_FIREPROOF_DRY_RUN=0
[13:49:43] SHIPPED-CONTROL BASE_STATION_MODE=3 BASE_STATION_DEPOTS=9 BASE_STATION_FIREPROOF=ABSENT
[13:49:44] VALIDATE total=8 valid=0 invalid=0 missing=8
[13:49:44] START STATE wave=rb total=8 valid=0 pending=8 live_orphans_this_wave=0 sims_boxwide=12 free_kb=6665096
[13:49:44] HEARTBEAT pid=16163 every 60s -> outputs/_dfp_rb_wave.log ; state file outputs/_dfprb_state.txt ; sentinel outputs/_dfprb_hb_20260920-134941-16117.stop
[13:49:45] LAUNCH dfpRBGa_D_east running=1 free_kb=6661984 sims_boxwide=12 attempt=1
[13:49:58] LAUNCH dfpRBGb_D_east running=2 free_kb=5714980 sims_boxwide=13 attempt=1
[13:50:11] LAUNCH dfpRBGc_D_east running=3 free_kb=4907236 sims_boxwide=14 attempt=1
[13:50:24] LAUNCH dfpRBGs_D_south running=4 free_kb=4121008 sims_boxwide=15 attempt=1
[13:50:44] .. alive runid=20260920-134941-16117 event_age=20s | wave=rb total=8 valid=0 running=4 pending=4 launched=4 failed=0 gaveup=0 forkfail=0 free_kb=4121008 sims_boxwide=15 last_event_age=0s last_event_epoch=1789905024
[13:51:44] .. alive runid=20260920-134941-16117 event_age=80s | wave=rb total=8 valid=0 running=4 pending=4 launched=4 failed=0 gaveup=0 forkfail=0 free_kb=4121008 sims_boxwide=15 last_event_age=0s last_event_epoch=1789905024
[13:52:44] .. alive runid=20260920-134941-16117 event_age=140s | wave=rb total=8 valid=0 running=4 pending=4 launched=4 failed=0 gaveup=0 forkfail=0 free_kb=4121008 sims_boxwide=15 last_event_age=0s last_event_epoch=1789905024
[13:53:44] .. alive runid=20260920-134941-16117 event_age=200s | wave=rb total=8 valid=0 running=4 pending=4 launched=4 failed=0 gaveup=0 forkfail=0 free_kb=4121008 sims_boxwide=15 last_event_age=0s last_event_epoch=1789905024
[13:54:44] .. alive runid=20260920-134941-16117 event_age=260s | wave=rb total=8 valid=0 running=4 pending=4 launched=4 failed=0 gaveup=0 forkfail=0 free_kb=4121008 sims_boxwide=15 last_event_age=0s last_event_epoch=1789905024
[13:55:45] .. alive runid=20260920-134941-16117 event_age=321s | wave=rb total=8 valid=0 running=4 pending=4 launched=4 failed=0 gaveup=0 forkfail=0 free_kb=4121008 sims_boxwide=15 last_event_age=0s last_event_epoch=1789905024
[13:56:45] .. alive runid=20260920-134941-16117 event_age=381s | wave=rb total=8 valid=0 running=4 pending=4 launched=4 failed=0 gaveup=0 forkfail=0 free_kb=4121008 sims_boxwide=15 last_event_age=0s last_event_epoch=1789905024
[13:57:45] .. alive runid=20260920-134941-16117 event_age=441s | wave=rb total=8 valid=0 running=4 pending=4 launched=4 failed=0 gaveup=0 forkfail=0 free_kb=4121008 sims_boxwide=15 last_event_age=0s last_event_epoch=1789905024
[13:58:45] .. alive runid=20260920-134941-16117 event_age=501s | wave=rb total=8 valid=0 running=4 pending=4 launched=4 failed=0 gaveup=0 forkfail=0 free_kb=4121008 sims_boxwide=15 last_event_age=0s last_event_epoch=1789905024
[13:59:45] .. alive runid=20260920-134941-16117 event_age=561s | wave=rb total=8 valid=0 running=4 pending=4 launched=4 failed=0 gaveup=0 forkfail=0 free_kb=4121008 sims_boxwide=15 last_event_age=0s last_event_epoch=1789905024
[14:00:45] .. alive runid=20260920-134941-16117 event_age=621s | wave=rb total=8 valid=0 running=4 pending=4 launched=4 failed=0 gaveup=0 forkfail=0 free_kb=4121008 sims_boxwide=15 last_event_age=0s last_event_epoch=1789905024
[14:01:45] .. alive runid=20260920-134941-16117 event_age=681s | wave=rb total=8 valid=0 running=4 pending=4 launched=4 failed=0 gaveup=0 forkfail=0 free_kb=4121008 sims_boxwide=15 last_event_age=0s last_event_epoch=1789905024
[14:02:45] .. alive runid=20260920-134941-16117 event_age=741s | wave=rb total=8 valid=0 running=4 pending=4 launched=4 failed=0 gaveup=0 forkfail=0 free_kb=4121008 sims_boxwide=15 last_event_age=0s last_event_epoch=1789905024
[14:03:45] .. alive runid=20260920-134941-16117 event_age=801s | wave=rb total=8 valid=0 running=4 pending=4 launched=4 failed=0 gaveup=0 forkfail=0 free_kb=4121008 sims_boxwide=15 last_event_age=0s last_event_epoch=1789905024
[14:04:45] .. alive runid=20260920-134941-16117 event_age=861s | wave=rb total=8 valid=0 running=4 pending=4 launched=4 failed=0 gaveup=0 forkfail=0 free_kb=4121008 sims_boxwide=15 last_event_age=0s last_event_epoch=1789905024
[14:05:45] .. alive runid=20260920-134941-16117 event_age=921s | wave=rb total=8 valid=0 running=4 pending=4 launched=4 failed=0 gaveup=0 forkfail=0 free_kb=4121008 sims_boxwide=15 last_event_age=0s last_event_epoch=1789905024
[14:06:46] .. alive runid=20260920-134941-16117 event_age=982s | wave=rb total=8 valid=0 running=4 pending=4 launched=4 failed=0 gaveup=0 forkfail=0 free_kb=4121008 sims_boxwide=15 last_event_age=0s last_event_epoch=1789905024
[14:07:46] .. alive runid=20260920-134941-16117 event_age=1042s | wave=rb total=8 valid=0 running=4 pending=4 launched=4 failed=0 gaveup=0 forkfail=0 free_kb=4121008 sims_boxwide=15 last_event_age=0s last_event_epoch=1789905024
[14:08:46] .. alive runid=20260920-134941-16117 event_age=1102s | wave=rb total=8 valid=0 running=4 pending=4 launched=4 failed=0 gaveup=0 forkfail=0 free_kb=4121008 sims_boxwide=15 last_event_age=0s last_event_epoch=1789905024
[14:09:46] .. alive runid=20260920-134941-16117 event_age=1162s | wave=rb total=8 valid=0 running=4 pending=4 launched=4 failed=0 gaveup=0 forkfail=0 free_kb=4121008 sims_boxwide=15 last_event_age=0s last_event_epoch=1789905024
[14:10:46] .. alive runid=20260920-134941-16117 event_age=1222s | wave=rb total=8 valid=0 running=4 pending=4 launched=4 failed=0 gaveup=0 forkfail=0 free_kb=4121008 sims_boxwide=15 last_event_age=0s last_event_epoch=1789905024
[14:11:46] .. alive runid=20260920-134941-16117 event_age=1282s | wave=rb total=8 valid=0 running=4 pending=4 launched=4 failed=0 gaveup=0 forkfail=0 free_kb=4121008 sims_boxwide=15 last_event_age=0s last_event_epoch=1789905024
[14:12:46] .. alive runid=20260920-134941-16117 event_age=1342s | wave=rb total=8 valid=0 running=4 pending=4 launched=4 failed=0 gaveup=0 forkfail=0 free_kb=4121008 sims_boxwide=15 last_event_age=0s last_event_epoch=1789905024
[14:13:46] .. alive runid=20260920-134941-16117 event_age=1402s | wave=rb total=8 valid=0 running=4 pending=4 launched=4 failed=0 gaveup=0 forkfail=0 free_kb=4121008 sims_boxwide=15 last_event_age=0s last_event_epoch=1789905024
[14:14:46] .. alive runid=20260920-134941-16117 event_age=1462s | wave=rb total=8 valid=0 running=4 pending=4 launched=4 failed=0 gaveup=0 forkfail=0 free_kb=4121008 sims_boxwide=15 last_event_age=0s last_event_epoch=1789905024
[14:15:46] .. alive runid=20260920-134941-16117 event_age=1522s | wave=rb total=8 valid=0 running=4 pending=4 launched=4 failed=0 gaveup=0 forkfail=0 free_kb=4121008 sims_boxwide=15 last_event_age=0s last_event_epoch=1789905024
[14:16:17] DONE dfpRBGs_D_south rc=0 1553s | dfpRBGs south seed 101 done 349.2s: rescued=2 dead=2 ff_deaths=1 | fires=4 recoveries=3 bad_assign=1 | dfpRBGs south seed 202 done 363.7s: rescued=3 dead=1 ff_deaths=0 | fires=8 recoveries=5 bad_assign=2 | dfpRBGs south seed 303 done 254.0s: rescued=4 dead=0 ff_deaths=0 | fires=8 recoveries=5 bad_assign=2 | dfpRBGs south seed 404 done 329.2s: rescued=3 dead=1 ff_deaths=0 | fires=17 recoveries=10 bad_assign=4 | dfpRBGs south seed 505 done 255.2s: rescued=3 dead=1 ff_deaths=0 | fires=19 recoveries=12 bad_assign=5  [valid 1/8]
[14:16:18] LAUNCH dfpRBCa_D_east running=4 free_kb=6011096 sims_boxwide=15 attempt=1
[14:16:46] .. alive runid=20260920-134941-16117 event_age=28s | wave=rb total=8 valid=1 running=4 pending=3 launched=5 failed=0 gaveup=0 forkfail=0 free_kb=6011096 sims_boxwide=15 last_event_age=0s last_event_epoch=1789906578
[14:17:47] .. alive runid=20260920-134941-16117 event_age=89s | wave=rb total=8 valid=1 running=4 pending=3 launched=5 failed=0 gaveup=0 forkfail=0 free_kb=6011096 sims_boxwide=15 last_event_age=0s last_event_epoch=1789906578
[14:18:47] .. alive runid=20260920-134941-16117 event_age=149s | wave=rb total=8 valid=1 running=4 pending=3 launched=5 failed=0 gaveup=0 forkfail=0 free_kb=6011096 sims_boxwide=15 last_event_age=0s last_event_epoch=1789906578
[14:19:47] .. alive runid=20260920-134941-16117 event_age=209s | wave=rb total=8 valid=1 running=4 pending=3 launched=5 failed=0 gaveup=0 forkfail=0 free_kb=6011096 sims_boxwide=15 last_event_age=0s last_event_epoch=1789906578
[14:20:47] .. alive runid=20260920-134941-16117 event_age=269s | wave=rb total=8 valid=1 running=4 pending=3 launched=5 failed=0 gaveup=0 forkfail=0 free_kb=6011096 sims_boxwide=15 last_event_age=0s last_event_epoch=1789906578
[14:21:47] .. alive runid=20260920-134941-16117 event_age=329s | wave=rb total=8 valid=1 running=4 pending=3 launched=5 failed=0 gaveup=0 forkfail=0 free_kb=6011096 sims_boxwide=15 last_event_age=0s last_event_epoch=1789906578
[14:22:46] DONE dfpRBGc_D_east rc=0 1955s | dfpRBGc east seed 111 done 624.6s: rescued=4 dead=0 ff_deaths=0 | fires=0 recoveries=0 bad_assign=0 | dfpRBGc east seed 222 done 579.4s: rescued=4 dead=0 ff_deaths=0 | fires=0 recoveries=0 bad_assign=0 | dfpRBGc east seed 333 done 473.3s: rescued=3 dead=1 ff_deaths=1 | fires=0 recoveries=0 bad_assign=0 | dfpRBGc east seed 444 done 276.5s: rescued=4 dead=0 ff_deaths=0 | fires=0 recoveries=0 bad_assign=0  [valid 2/8]
[14:22:47] .. alive runid=20260920-134941-16117 event_age=1s | wave=rb total=8 valid=2 running=3 pending=3 launched=5 failed=0 gaveup=0 forkfail=0 free_kb=6073068 sims_boxwide=15 last_event_age=1s last_event_epoch=1789906966
[14:22:47] LAUNCH dfpRBCb_D_east running=4 free_kb=6073068 sims_boxwide=15 attempt=1
[14:23:47] .. alive runid=20260920-134941-16117 event_age=60s | wave=rb total=8 valid=2 running=4 pending=2 launched=6 failed=0 gaveup=0 forkfail=0 free_kb=6073068 sims_boxwide=15 last_event_age=0s last_event_epoch=1789906967
[14:24:47] .. alive runid=20260920-134941-16117 event_age=120s | wave=rb total=8 valid=2 running=4 pending=2 launched=6 failed=0 gaveup=0 forkfail=0 free_kb=6073068 sims_boxwide=15 last_event_age=0s last_event_epoch=1789906967
[14:25:08] DONE dfpRBGb_D_east rc=0 2110s | dfpRBGb east seed 606 done 903.0s: rescued=4 dead=0 ff_deaths=0 | fires=0 recoveries=0 bad_assign=0 | dfpRBGb east seed 707 done 175.9s: rescued=2 dead=0 ff_deaths=0 | fires=0 recoveries=0 bad_assign=0 | dfpRBGb east seed 808 done 473.5s: rescued=3 dead=1 ff_deaths=0 | fires=0 recoveries=0 bad_assign=0 | dfpRBGb east seed 909 done 556.5s: rescued=4 dead=0 ff_deaths=0 | fires=0 recoveries=0 bad_assign=0  [valid 3/8]
[14:25:09] LAUNCH dfpRBCc_D_east running=4 free_kb=6008340 sims_boxwide=15 attempt=1
[14:25:47] .. alive runid=20260920-134941-16117 event_age=38s | wave=rb total=8 valid=3 running=4 pending=1 launched=7 failed=0 gaveup=0 forkfail=0 free_kb=6008340 sims_boxwide=15 last_event_age=0s last_event_epoch=1789907109
[14:26:47] .. alive runid=20260920-134941-16117 event_age=98s | wave=rb total=8 valid=3 running=4 pending=1 launched=7 failed=0 gaveup=0 forkfail=0 free_kb=6008340 sims_boxwide=15 last_event_age=0s last_event_epoch=1789907109
[14:27:47] .. alive runid=20260920-134941-16117 event_age=158s | wave=rb total=8 valid=3 running=4 pending=1 launched=7 failed=0 gaveup=0 forkfail=0 free_kb=6008340 sims_boxwide=15 last_event_age=0s last_event_epoch=1789907109
[14:28:48] .. alive runid=20260920-134941-16117 event_age=219s | wave=rb total=8 valid=3 running=4 pending=1 launched=7 failed=0 gaveup=0 forkfail=0 free_kb=6008340 sims_boxwide=15 last_event_age=0s last_event_epoch=1789907109
[14:29:48] .. alive runid=20260920-134941-16117 event_age=279s | wave=rb total=8 valid=3 running=4 pending=1 launched=7 failed=0 gaveup=0 forkfail=0 free_kb=6008340 sims_boxwide=15 last_event_age=0s last_event_epoch=1789907109
[14:30:48] .. alive runid=20260920-134941-16117 event_age=339s | wave=rb total=8 valid=3 running=4 pending=1 launched=7 failed=0 gaveup=0 forkfail=0 free_kb=6008340 sims_boxwide=15 last_event_age=0s last_event_epoch=1789907109
[14:31:48] .. alive runid=20260920-134941-16117 event_age=399s | wave=rb total=8 valid=3 running=4 pending=1 launched=7 failed=0 gaveup=0 forkfail=0 free_kb=6008340 sims_boxwide=15 last_event_age=0s last_event_epoch=1789907109
[14:32:48] .. alive runid=20260920-134941-16117 event_age=459s | wave=rb total=8 valid=3 running=4 pending=1 launched=7 failed=0 gaveup=0 forkfail=0 free_kb=6008340 sims_boxwide=15 last_event_age=0s last_event_epoch=1789907109
[14:33:48] .. alive runid=20260920-134941-16117 event_age=519s | wave=rb total=8 valid=3 running=4 pending=1 launched=7 failed=0 gaveup=0 forkfail=0 free_kb=6008340 sims_boxwide=15 last_event_age=0s last_event_epoch=1789907109
[14:34:48] .. alive runid=20260920-134941-16117 event_age=579s | wave=rb total=8 valid=3 running=4 pending=1 launched=7 failed=0 gaveup=0 forkfail=0 free_kb=6008340 sims_boxwide=15 last_event_age=0s last_event_epoch=1789907109
[14:35:48] .. alive runid=20260920-134941-16117 event_age=639s | wave=rb total=8 valid=3 running=4 pending=1 launched=7 failed=0 gaveup=0 forkfail=0 free_kb=6008340 sims_boxwide=15 last_event_age=0s last_event_epoch=1789907109
[14:36:48] .. alive runid=20260920-134941-16117 event_age=699s | wave=rb total=8 valid=3 running=4 pending=1 launched=7 failed=0 gaveup=0 forkfail=0 free_kb=6008340 sims_boxwide=15 last_event_age=0s last_event_epoch=1789907109
[14:37:29] DONE dfpRBGa_D_east rc=0 2864s | dfpRBGa east seed 101 done 614.7s: rescued=4 dead=0 ff_deaths=1 | fires=0 recoveries=0 bad_assign=0 | dfpRBGa east seed 202 done 502.4s: rescued=3 dead=1 ff_deaths=0 | fires=0 recoveries=0 bad_assign=0 | dfpRBGa east seed 303 done 540.9s: rescued=3 dead=1 ff_deaths=0 | fires=9 recoveries=5 bad_assign=4 | dfpRBGa east seed 404 done 780.4s: rescued=3 dead=1 ff_deaths=0 | fires=12 recoveries=7 bad_assign=4 | dfpRBGa east seed 505 done 423.9s: rescued=3 dead=1 ff_deaths=1 | fires=12 recoveries=7 bad_assign=4  [valid 4/8]
[14:37:30] LAUNCH dfpRBCs_D_south running=4 free_kb=11286004 sims_boxwide=10 attempt=1
[14:37:48] .. alive runid=20260920-134941-16117 event_age=18s | wave=rb total=8 valid=4 running=4 pending=0 launched=8 failed=0 gaveup=0 forkfail=0 free_kb=11286004 sims_boxwide=10 last_event_age=0s last_event_epoch=1789907850
[14:38:48] .. alive runid=20260920-134941-16117 event_age=78s | wave=rb total=8 valid=4 running=4 pending=0 launched=8 failed=0 gaveup=0 forkfail=0 free_kb=11286004 sims_boxwide=10 last_event_age=0s last_event_epoch=1789907850
[14:39:48] .. alive runid=20260920-134941-16117 event_age=138s | wave=rb total=8 valid=4 running=4 pending=0 launched=8 failed=0 gaveup=0 forkfail=0 free_kb=11286004 sims_boxwide=10 last_event_age=0s last_event_epoch=1789907850
[14:40:49] .. alive runid=20260920-134941-16117 event_age=199s | wave=rb total=8 valid=4 running=4 pending=0 launched=8 failed=0 gaveup=0 forkfail=0 free_kb=11286004 sims_boxwide=10 last_event_age=0s last_event_epoch=1789907850
[14:41:49] .. alive runid=20260920-134941-16117 event_age=259s | wave=rb total=8 valid=4 running=4 pending=0 launched=8 failed=0 gaveup=0 forkfail=0 free_kb=11286004 sims_boxwide=10 last_event_age=0s last_event_epoch=1789907850
[14:42:49] .. alive runid=20260920-134941-16117 event_age=319s | wave=rb total=8 valid=4 running=4 pending=0 launched=8 failed=0 gaveup=0 forkfail=0 free_kb=11286004 sims_boxwide=10 last_event_age=0s last_event_epoch=1789907850
[14:43:49] .. alive runid=20260920-134941-16117 event_age=379s | wave=rb total=8 valid=4 running=4 pending=0 launched=8 failed=0 gaveup=0 forkfail=0 free_kb=11286004 sims_boxwide=10 last_event_age=0s last_event_epoch=1789907850
[14:44:49] .. alive runid=20260920-134941-16117 event_age=439s | wave=rb total=8 valid=4 running=4 pending=0 launched=8 failed=0 gaveup=0 forkfail=0 free_kb=11286004 sims_boxwide=10 last_event_age=0s last_event_epoch=1789907850
[14:45:49] .. alive runid=20260920-134941-16117 event_age=499s | wave=rb total=8 valid=4 running=4 pending=0 launched=8 failed=0 gaveup=0 forkfail=0 free_kb=11286004 sims_boxwide=10 last_event_age=0s last_event_epoch=1789907850
[14:46:49] .. alive runid=20260920-134941-16117 event_age=559s | wave=rb total=8 valid=4 running=4 pending=0 launched=8 failed=0 gaveup=0 forkfail=0 free_kb=11286004 sims_boxwide=10 last_event_age=0s last_event_epoch=1789907850
[14:47:49] .. alive runid=20260920-134941-16117 event_age=619s | wave=rb total=8 valid=4 running=4 pending=0 launched=8 failed=0 gaveup=0 forkfail=0 free_kb=11286004 sims_boxwide=10 last_event_age=0s last_event_epoch=1789907850
[14:48:49] .. alive runid=20260920-134941-16117 event_age=679s | wave=rb total=8 valid=4 running=4 pending=0 launched=8 failed=0 gaveup=0 forkfail=0 free_kb=11286004 sims_boxwide=10 last_event_age=0s last_event_epoch=1789907850
[14:49:49] .. alive runid=20260920-134941-16117 event_age=739s | wave=rb total=8 valid=4 running=4 pending=0 launched=8 failed=0 gaveup=0 forkfail=0 free_kb=11286004 sims_boxwide=10 last_event_age=0s last_event_epoch=1789907850
[14:50:49] .. alive runid=20260920-134941-16117 event_age=799s | wave=rb total=8 valid=4 running=4 pending=0 launched=8 failed=0 gaveup=0 forkfail=0 free_kb=11286004 sims_boxwide=10 last_event_age=0s last_event_epoch=1789907850
[14:51:21] DONE dfpRBCb_D_east rc=0 1714s | dfpRBCb east seed 606 done 711.0s: rescued=3 dead=1 ff_deaths=1 | fires=2 recoveries=1 bad_assign=1 | dfpRBCb east seed 707 done 161.1s: rescued=2 dead=0 ff_deaths=0 | fires=2 recoveries=1 bad_assign=1 | dfpRBCb east seed 808 done 398.4s: rescued=3 dead=1 ff_deaths=0 | fires=2 recoveries=1 bad_assign=1 | dfpRBCb east seed 909 done 441.7s: rescued=4 dead=0 ff_deaths=1 | fires=2 recoveries=1 bad_assign=1  [valid 5/8]
[14:51:49] .. alive runid=20260920-134941-16117 event_age=28s | wave=rb total=8 valid=5 running=3 pending=0 launched=8 failed=0 gaveup=0 forkfail=0 free_kb=11286004 sims_boxwide=10 last_event_age=0s last_event_epoch=1789908681
[14:52:42] DONE dfpRBCc_D_east rc=0 1652s | dfpRBCc east seed 111 done 546.5s: rescued=4 dead=0 ff_deaths=0 | fires=0 recoveries=0 bad_assign=0 | dfpRBCc east seed 222 done 499.7s: rescued=4 dead=0 ff_deaths=1 | fires=0 recoveries=0 bad_assign=0 | dfpRBCc east seed 333 done 382.2s: rescued=3 dead=1 ff_deaths=0 | fires=0 recoveries=0 bad_assign=0 | dfpRBCc east seed 444 done 222.5s: rescued=4 dead=0 ff_deaths=0 | fires=0 recoveries=0 bad_assign=0  [valid 6/8]
[14:52:49] .. alive runid=20260920-134941-16117 event_age=8s | wave=rb total=8 valid=6 running=2 pending=0 launched=8 failed=0 gaveup=0 forkfail=0 free_kb=11286004 sims_boxwide=10 last_event_age=1s last_event_epoch=1789908761
[14:53:50] .. alive runid=20260920-134941-16117 event_age=69s | wave=rb total=8 valid=6 running=2 pending=0 launched=8 failed=0 gaveup=0 forkfail=0 free_kb=11286004 sims_boxwide=10 last_event_age=1s last_event_epoch=1789908761
[14:54:50] .. alive runid=20260920-134941-16117 event_age=129s | wave=rb total=8 valid=6 running=2 pending=0 launched=8 failed=0 gaveup=0 forkfail=0 free_kb=11286004 sims_boxwide=10 last_event_age=1s last_event_epoch=1789908761
[14:55:50] .. alive runid=20260920-134941-16117 event_age=189s | wave=rb total=8 valid=6 running=2 pending=0 launched=8 failed=0 gaveup=0 forkfail=0 free_kb=11286004 sims_boxwide=10 last_event_age=1s last_event_epoch=1789908761
[14:56:50] .. alive runid=20260920-134941-16117 event_age=249s | wave=rb total=8 valid=6 running=2 pending=0 launched=8 failed=0 gaveup=0 forkfail=0 free_kb=11286004 sims_boxwide=10 last_event_age=1s last_event_epoch=1789908761
[14:57:13] DONE dfpRBCa_D_east rc=0 2455s | dfpRBCa east seed 101 done 541.5s: rescued=4 dead=0 ff_deaths=1 | fires=0 recoveries=0 bad_assign=0 | dfpRBCa east seed 202 done 492.6s: rescued=3 dead=1 ff_deaths=0 | fires=0 recoveries=0 bad_assign=0 | dfpRBCa east seed 303 done 582.1s: rescued=3 dead=1 ff_deaths=0 | fires=5 recoveries=3 bad_assign=3 | dfpRBCa east seed 404 done 488.1s: rescued=2 dead=2 ff_deaths=1 | fires=8 recoveries=5 bad_assign=3 | dfpRBCa east seed 505 done 349.3s: rescued=3 dead=1 ff_deaths=0 | fires=8 recoveries=5 bad_assign=3  [valid 7/8]
[14:57:50] .. alive runid=20260920-134941-16117 event_age=37s | wave=rb total=8 valid=7 running=1 pending=0 launched=8 failed=0 gaveup=0 forkfail=0 free_kb=11286004 sims_boxwide=10 last_event_age=0s last_event_epoch=1789909033
[14:57:54] DONE dfpRBCs_D_south rc=0 1224s | dfpRBCs south seed 101 done 293.6s: rescued=2 dead=1 ff_deaths=2 | fires=6 recoveries=3 bad_assign=1 | dfpRBCs south seed 202 done 248.0s: rescued=3 dead=0 ff_deaths=1 | fires=7 recoveries=3 bad_assign=1 | dfpRBCs south seed 303 done 211.2s: rescued=4 dead=0 ff_deaths=1 | fires=7 recoveries=3 bad_assign=1 | dfpRBCs south seed 404 done 266.9s: rescued=3 dead=1 ff_deaths=0 | fires=15 recoveries=7 bad_assign=2 | dfpRBCs south seed 505 done 203.5s: rescued=3 dead=1 ff_deaths=0 | fires=17 recoveries=9 bad_assign=3  [valid 8/8]
[14:57:54] MAIN LOOP LEFT pending=0 running=0
[14:57:55] FINAL SUMMARY total=8 valid=8 invalid=0 missing=0
[14:57:55] FINAL wave=rb SUMMARY total=8 valid=8 invalid=0 missing=0 live_this_wave=0 sims_boxwide=0
[14:57:55] ALL_DCD4RB_COMPLETE wave=rb runid=20260920-134941-16117 valid=8/8 launched=8 failed=0 forkfail=0
[14:58:50] HEARTBEAT EXIT wave=rb runid=20260920-134941-16117 (sentinel)
