POOL START 2026-09-06 18:54:45 queue=outputs/_dim_queue.txt maxpar=13 minfree_kb=3000000 free_kb_now=8815408
LAUNCH dimbase_east_half_101 running=1 free_kb=8824252 18:54:46
LAUNCH dimbase_east_half_202 running=2 free_kb=7992928 18:55:11
LAUNCH dimbase_east_half_303 running=3 free_kb=7093956 18:55:37
LAUNCH dimbase_east_half_404 running=4 free_kb=6200144 18:56:03
LAUNCH dimbase_east_half_505 running=5 free_kb=5327748 18:56:28
LAUNCH dimbase_south_half_101 running=6 free_kb=4454712 18:56:54
LAUNCH dimbase_south_half_202 running=7 free_kb=3496312 18:57:20
DONE dimbase_south_half_202 rc=0 size=304122 319s dimbase south/half seed=202 rescued=4 dead=0 unreachable=0 never_detected=0 ff_deaths=0 terminal=202 completions=4 recycles=4 removals=4 returns=4 wall=318s
DONE dimbase_south_half_101 rc=0 size=373639 392s dimbase south/half seed=101 rescued=3 dead=0 unreachable=0 never_detected=0 ff_deaths=1 terminal=None completions=3 recycles=3 removals=3 returns=3 wall=390s
LAUNCH dimbase_south_half_303 running=6 free_kb=3662368 19:03:31
DONE dimbase_east_half_101 rc=0 size=350034 635s dimbase east/half seed=101 rescued=2 dead=1 unreachable=0 never_detected=0 ff_deaths=1 terminal=None completions=2 recycles=2 removals=2 returns=2 wall=634s
LAUNCH dimbase_south_half_404 running=6 free_kb=3583348 19:05:31
DONE dimbase_east_half_404 rc=0 size=347154 572s dimbase east/half seed=404 rescued=2 dead=2 unreachable=0 never_detected=0 ff_deaths=1 terminal=162 completions=2 recycles=2 removals=2 returns=2 wall=571s
DONE dimbase_east_half_202 rc=0 size=283735 639s dimbase east/half seed=202 rescued=2 dead=1 unreachable=1 never_detected=1 ff_deaths=1 terminal=210 completions=2 recycles=2 removals=2 returns=2 wall=638s
LAUNCH dimbase_south_half_505 running=5 free_kb=4614008 19:05:56
LAUNCH dimbase_east_def_101 running=6 free_kb=3717000 19:06:22
DONE dimbase_east_half_505 rc=0 size=304561 597s dimbase east/half seed=505 rescued=2 dead=1 unreachable=0 never_detected=0 ff_deaths=0 terminal=None completions=2 recycles=2 removals=2 returns=2 wall=595s
LAUNCH dimbase_east_def_202 running=6 free_kb=3729156 19:06:48
DONE dimbase_east_half_303 rc=0 size=354740 694s dimbase east/half seed=303 rescued=3 dead=1 unreachable=0 never_detected=0 ff_deaths=0 terminal=240 completions=3 recycles=2 removals=3 returns=2 wall=692s
LAUNCH dimbase_east_def_303 running=6 free_kb=4663572 19:07:13
LAUNCH dimfix_east_half_101 running=7 free_kb=3776204 19:07:39
DONE dimbase_south_half_303 rc=0 size=301586 280s dimbase south/half seed=303 rescued=3 dead=1 unreachable=0 never_detected=0 ff_deaths=1 terminal=216 completions=3 recycles=3 removals=3 returns=3 wall=278s
LAUNCH dimfix_east_half_202 running=7 free_kb=4643444 19:08:20
LAUNCH dimfix_east_half_303 running=8 free_kb=3786696 19:08:46
DONE dimbase_east_def_101 rc=0 size=304204 237s dimbase east/default seed=101 rescued=1 dead=2 unreachable=1 never_detected=0 ff_deaths=2 terminal=109 completions=1 recycles=1 removals=1 returns=1 wall=236s
DONE dimbase_south_half_404 rc=0 size=341687 291s dimbase south/half seed=404 rescued=4 dead=0 unreachable=0 never_detected=0 ff_deaths=0 terminal=119 completions=4 recycles=4 removals=4 returns=4 wall=290s
LAUNCH dimfix_east_half_404 running=7 free_kb=4647200 19:10:30
DONE dimbase_east_def_202 rc=0 size=271642 222s dimbase east/default seed=202 rescued=3 dead=1 unreachable=0 never_detected=0 ff_deaths=1 terminal=171 completions=3 recycles=3 removals=3 returns=3 wall=221s
DONE dimbase_south_half_505 rc=0 size=287353 283s dimbase south/half seed=505 rescued=3 dead=1 unreachable=0 never_detected=0 ff_deaths=0 terminal=108 completions=3 recycles=3 removals=3 returns=3 wall=281s
LAUNCH dimfix_east_half_505 running=6 free_kb=5554736 19:10:56
LAUNCH dimfix_south_half_101 running=7 free_kb=4635480 19:11:21
LAUNCH dimfix_south_half_202 running=8 free_kb=3789644 19:11:47
DONE dimbase_east_def_303 rc=0 size=346939 281s dimbase east/default seed=303 rescued=3 dead=1 unreachable=0 never_detected=0 ff_deaths=0 terminal=125 completions=3 recycles=3 removals=3 returns=3 wall=279s
LAUNCH dimfix_south_half_303 running=8 free_kb=3623344 19:12:13
DONE dimfix_south_half_303 rc=0 size=285692 259s dimfix south/half seed=303 rescued=4 dead=0 unreachable=0 never_detected=0 ff_deaths=1 terminal=210 completions=4 recycles=4 removals=4 returns=4 wall=257s
DONE dimfix_south_half_202 rc=0 size=304102 286s dimfix south/half seed=202 rescued=4 dead=0 unreachable=0 never_detected=0 ff_deaths=0 terminal=199 completions=4 recycles=4 removals=4 returns=4 wall=285s
LAUNCH dimfix_south_half_404 running=7 free_kb=4552116 19:16:34
LAUNCH dimfix_south_half_505 running=8 free_kb=3687972 19:17:00
DONE dimfix_east_half_101 rc=0 size=349978 624s dimfix east/half seed=101 rescued=2 dead=1 unreachable=0 never_detected=0 ff_deaths=1 terminal=None completions=2 recycles=2 removals=2 returns=2 wall=622s
DONE dimfix_east_half_303 rc=0 size=346922 558s dimfix east/half seed=303 rescued=2 dead=1 unreachable=1 never_detected=1 ff_deaths=0 terminal=210 completions=2 recycles=2 removals=2 returns=2 wall=557s
DONE dimfix_south_half_101 rc=0 size=340502 404s dimfix south/half seed=101 rescued=3 dead=1 unreachable=0 never_detected=0 ff_deaths=0 terminal=215 completions=3 recycles=3 removals=3 returns=3 wall=402s
LAUNCH dimfix_east_def_101 running=6 free_kb=5496984 19:18:13
LAUNCH dimfix_east_def_202 running=7 free_kb=4562628 19:18:38
DONE dimfix_east_half_202 rc=0 size=284101 630s dimfix east/half seed=202 rescued=2 dead=1 unreachable=1 never_detected=1 ff_deaths=0 terminal=210 completions=2 recycles=2 removals=2 returns=2 wall=628s
DONE dimfix_east_half_404 rc=0 size=346591 512s dimfix east/half seed=404 rescued=2 dead=2 unreachable=0 never_detected=0 ff_deaths=2 terminal=162 completions=2 recycles=2 removals=2 returns=2 wall=511s
LAUNCH dimfix_east_def_303 running=6 free_kb=5476516 19:19:04
DONE dimfix_east_half_505 rc=0 size=293242 511s dimfix east/half seed=505 rescued=4 dead=0 unreachable=0 never_detected=0 ff_deaths=1 terminal=173 completions=4 recycles=4 removals=4 returns=4 wall=510s
LAUNCH dimctrl_east_half_101 running=6 free_kb=5474504 19:19:30
LAUNCH dimctrl_east_half_202 running=7 free_kb=4601700 19:19:55
LAUNCH dimctrl_east_half_303 running=8 free_kb=3754216 19:20:21
DONE dimfix_south_half_505 rc=0 size=287182 272s dimfix south/half seed=505 rescued=3 dead=1 unreachable=0 never_detected=0 ff_deaths=0 terminal=101 completions=3 recycles=3 removals=3 returns=3 wall=271s
LAUNCH dimctrl_east_half_404 running=8 free_kb=3729156 19:21:34
DONE dimfix_east_def_101 rc=0 size=303391 243s dimfix east/default seed=101 rescued=1 dead=2 unreachable=1 never_detected=0 ff_deaths=2 terminal=110 completions=1 recycles=1 removals=1 returns=1 wall=242s
DONE dimfix_east_def_202 rc=0 size=271550 225s dimfix east/default seed=202 rescued=3 dead=1 unreachable=0 never_detected=0 ff_deaths=1 terminal=168 completions=3 recycles=3 removals=3 returns=3 wall=223s
LAUNCH dimctrl_east_half_505 running=7 free_kb=4629488 19:22:31
LAUNCH dimctrl_south_half_101 running=8 free_kb=3749012 19:22:57
DONE dimfix_south_half_404 rc=0 size=363282 394s dimfix south/half seed=404 rescued=4 dead=0 unreachable=0 never_detected=0 ff_deaths=0 terminal=191 completions=4 recycles=4 removals=4 returns=4 wall=392s
LAUNCH dimctrl_south_half_202 running=8 free_kb=3717788 19:23:23
DONE dimfix_east_def_303 rc=0 size=346837 290s dimfix east/default seed=303 rescued=3 dead=1 unreachable=0 never_detected=0 ff_deaths=0 terminal=125 completions=3 recycles=3 removals=3 returns=3 wall=288s
LAUNCH dimctrl_south_half_303 running=8 free_kb=3733364 19:24:04
DONE dimctrl_south_half_202 rc=0 size=304348 298s dimctrl south/half seed=202 rescued=4 dead=0 unreachable=0 never_detected=0 ff_deaths=0 terminal=202 completions=4 recycles=4 removals=4 returns=4 wall=297s
LAUNCH dimctrl_south_half_404 running=8 free_kb=3587744 19:28:26
DONE dimctrl_south_half_303 rc=0 size=301812 296s dimctrl south/half seed=303 rescued=3 dead=1 unreachable=0 never_detected=0 ff_deaths=1 terminal=216 completions=3 recycles=3 removals=3 returns=3 wall=295s
DONE dimctrl_south_half_101 rc=0 size=373865 365s dimctrl south/half seed=101 rescued=3 dead=0 unreachable=0 never_detected=0 ff_deaths=1 terminal=None completions=3 recycles=3 removals=3 returns=3 wall=363s
LAUNCH dimctrl_south_half_505 running=7 free_kb=4516796 19:29:07
LAUNCH dimctrl_east_def_101 running=8 free_kb=3655624 19:29:33
DONE dimctrl_east_half_101 rc=0 size=350260 615s dimctrl east/half seed=101 rescued=2 dead=1 unreachable=0 never_detected=0 ff_deaths=1 terminal=None completions=2 recycles=2 removals=2 returns=2 wall=614s
LAUNCH dimctrl_east_def_202 running=8 free_kb=3681412 19:29:59
DONE dimctrl_east_half_202 rc=0 size=283961 618s dimctrl east/half seed=202 rescued=2 dead=1 unreachable=1 never_detected=1 ff_deaths=1 terminal=210 completions=2 recycles=2 removals=2 returns=2 wall=616s
LAUNCH dimctrl_east_def_303 running=8 free_kb=3620548 19:30:24
DONE dimctrl_east_half_404 rc=0 size=347380 555s dimctrl east/half seed=404 rescued=2 dead=2 unreachable=0 never_detected=0 ff_deaths=1 terminal=162 completions=2 recycles=2 removals=2 returns=2 wall=553s
LAUNCH diminst_east_half_101 running=8 free_kb=3638172 19:30:50
DONE dimctrl_east_half_303 rc=0 size=354966 701s dimctrl east/half seed=303 rescued=3 dead=1 unreachable=0 never_detected=0 ff_deaths=0 terminal=240 completions=3 recycles=2 removals=3 returns=2 wall=699s
LAUNCH diminst_east_half_202 running=8 free_kb=3592020 19:32:03
DONE dimctrl_east_half_505 rc=0 size=304787 576s dimctrl east/half seed=505 rescued=2 dead=1 unreachable=0 never_detected=0 ff_deaths=0 terminal=None completions=2 recycles=2 removals=2 returns=2 wall=575s
LAUNCH diminst_east_half_303 running=8 free_kb=3595496 19:32:29
DONE dimctrl_south_half_404 rc=0 size=341913 300s dimctrl south/half seed=404 rescued=4 dead=0 unreachable=0 never_detected=0 ff_deaths=0 terminal=119 completions=4 recycles=4 removals=4 returns=4 wall=299s
DONE dimctrl_east_def_101 rc=0 size=304430 245s dimctrl east/default seed=101 rescued=1 dead=2 unreachable=1 never_detected=0 ff_deaths=2 terminal=109 completions=1 recycles=1 removals=1 returns=1 wall=243s
LAUNCH diminst_east_half_404 running=7 free_kb=4526000 19:33:42
DONE dimctrl_east_def_202 rc=0 size=271868 230s dimctrl east/default seed=202 rescued=3 dead=1 unreachable=0 never_detected=0 ff_deaths=1 terminal=171 completions=3 recycles=3 removals=3 returns=3 wall=229s
DONE dimctrl_south_half_505 rc=0 size=287579 288s dimctrl south/half seed=505 rescued=3 dead=1 unreachable=0 never_detected=0 ff_deaths=0 terminal=108 completions=3 recycles=3 removals=3 returns=3 wall=286s
LAUNCH diminst_east_half_505 running=6 free_kb=5428584 19:34:07
LAUNCH diminst_south_half_101 running=7 free_kb=4554600 19:34:33
LAUNCH diminst_south_half_202 running=8 free_kb=3662696 19:34:59
DONE dimctrl_east_def_303 rc=0 size=347165 292s dimctrl east/default seed=303 rescued=3 dead=1 unreachable=0 never_detected=0 ff_deaths=0 terminal=125 completions=3 recycles=3 removals=3 returns=3 wall=290s
LAUNCH diminst_south_half_303 running=8 free_kb=3673520 19:35:24
DONE diminst_south_half_303 rc=0 size=320313 262s diminst south/half seed=303 rescued=4 dead=0 unreachable=0 never_detected=0 ff_deaths=1 terminal=210 completions=4 recycles=4 removals=4 returns=4 wall=260s
DONE diminst_south_half_202 rc=0 size=336231 293s diminst south/half seed=202 rescued=4 dead=0 unreachable=0 never_detected=0 ff_deaths=0 terminal=199 completions=4 recycles=4 removals=4 returns=4 wall=291s
LAUNCH diminst_south_half_404 running=7 free_kb=4525800 19:40:02
LAUNCH diminst_south_half_505 running=8 free_kb=3647468 19:40:27
DONE diminst_south_half_101 rc=0 size=375971 392s diminst south/half seed=101 rescued=3 dead=1 unreachable=0 never_detected=0 ff_deaths=0 terminal=215 completions=3 recycles=3 removals=3 returns=3 wall=390s
LAUNCH diminst_east_def_101 running=8 free_kb=3640644 19:41:09
DONE diminst_east_half_101 rc=0 size=381656 629s diminst east/half seed=101 rescued=2 dead=1 unreachable=0 never_detected=0 ff_deaths=1 terminal=None completions=2 recycles=2 removals=2 returns=2 wall=627s
LAUNCH diminst_east_def_202 running=8 free_kb=3641372 19:41:35
DONE diminst_east_half_303 rc=0 size=386024 562s diminst east/half seed=303 rescued=2 dead=1 unreachable=1 never_detected=1 ff_deaths=0 terminal=210 completions=2 recycles=2 removals=2 returns=2 wall=560s
LAUNCH diminst_east_def_303 running=8 free_kb=3655608 19:42:00
DONE diminst_east_half_404 rc=0 size=393672 517s diminst east/half seed=404 rescued=2 dead=2 unreachable=0 never_detected=0 ff_deaths=2 terminal=162 completions=2 recycles=2 removals=2 returns=2 wall=515s
LAUNCH dimfreshbase_east_half_606 running=8 free_kb=3695152 19:42:26
DONE diminst_east_half_202 rc=0 size=307399 625s diminst east/half seed=202 rescued=2 dead=1 unreachable=1 never_detected=1 ff_deaths=0 terminal=210 completions=2 recycles=2 removals=2 returns=2 wall=623s
LAUNCH dimfreshbase_east_half_707 running=8 free_kb=3682656 19:42:52
DONE diminst_east_half_505 rc=0 size=332611 549s diminst east/half seed=505 rescued=4 dead=0 unreachable=0 never_detected=0 ff_deaths=1 terminal=173 completions=4 recycles=4 removals=4 returns=4 wall=548s
LAUNCH dimfreshbase_east_half_808 running=8 free_kb=3704144 19:43:17
DONE diminst_south_half_505 rc=0 size=343380 279s diminst south/half seed=505 rescued=3 dead=1 unreachable=0 never_detected=0 ff_deaths=0 terminal=101 completions=3 recycles=3 removals=3 returns=3 wall=277s
LAUNCH dimfreshbase_east_half_909 running=8 free_kb=3685192 19:45:18
DONE diminst_east_def_202 rc=0 size=303667 229s diminst east/default seed=202 rescued=3 dead=1 unreachable=0 never_detected=0 ff_deaths=1 terminal=168 completions=3 recycles=3 removals=3 returns=3 wall=228s
DONE diminst_east_def_101 rc=0 size=342314 256s diminst east/default seed=101 rescued=1 dead=2 unreachable=1 never_detected=0 ff_deaths=2 terminal=110 completions=1 recycles=1 removals=1 returns=1 wall=254s
DONE dimfreshbase_east_half_707 rc=0 size=192210 158s dimfreshbase east/half seed=707 rescued=4 dead=0 unreachable=0 never_detected=0 ff_deaths=0 terminal=186 completions=4 recycles=4 removals=4 returns=4 wall=157s
LAUNCH dimfreshbase_east_half_1010 running=6 free_kb=5466640 19:45:43
LAUNCH dimfreshbase_south_half_606 running=7 free_kb=4567908 19:46:09
LAUNCH dimfreshbase_south_half_707 running=8 free_kb=3713756 19:46:35
DONE diminst_south_half_404 rc=0 size=415712 410s diminst south/half seed=404 rescued=4 dead=0 unreachable=0 never_detected=0 ff_deaths=0 terminal=191 completions=4 recycles=4 removals=4 returns=4 wall=409s
DONE diminst_east_def_303 rc=0 size=376397 296s diminst east/default seed=303 rescued=3 dead=1 unreachable=0 never_detected=0 ff_deaths=0 terminal=125 completions=3 recycles=3 removals=3 returns=3 wall=294s
LAUNCH dimfreshbase_south_half_808 running=7 free_kb=4614464 19:47:00
LAUNCH dimfreshbase_south_half_909 running=8 free_kb=3546788 19:47:26
DONE dimfreshbase_east_half_606 rc=0 size=292879 493s dimfreshbase east/half seed=606 rescued=1 dead=1 unreachable=2 never_detected=0 ff_deaths=2 terminal=125 completions=1 recycles=1 removals=1 returns=1 wall=492s
LAUNCH dimfreshbase_south_half_1010 running=8 free_kb=3591636 19:50:45
DONE dimfreshbase_south_half_606 rc=0 size=348166 311s dimfreshbase south/half seed=606 rescued=2 dead=0 unreachable=1 never_detected=1 ff_deaths=0 terminal=None completions=2 recycles=2 removals=2 returns=2 wall=309s
LAUNCH dimfreshfix_east_half_606 running=8 free_kb=3611252 19:51:27
DONE dimfreshbase_east_half_808 rc=0 size=296165 508s dimfreshbase east/half seed=808 rescued=3 dead=1 unreachable=0 never_detected=0 ff_deaths=0 terminal=173 completions=3 recycles=3 removals=3 returns=3 wall=506s
LAUNCH dimfreshfix_east_half_707 running=8 free_kb=3670764 19:51:52
DONE dimfreshbase_south_half_707 rc=0 size=259422 335s dimfreshbase south/half seed=707 rescued=4 dead=0 unreachable=0 never_detected=0 ff_deaths=0 terminal=163 completions=4 recycles=4 removals=4 returns=4 wall=333s
LAUNCH dimfreshfix_east_half_808 running=8 free_kb=3645028 19:52:18
DONE dimfreshbase_south_half_808 rc=0 size=293642 340s dimfreshbase south/half seed=808 rescued=4 dead=0 unreachable=0 never_detected=0 ff_deaths=1 terminal=134 completions=4 recycles=4 removals=4 returns=4 wall=338s
DONE dimfreshbase_south_half_909 rc=0 size=342052 317s dimfreshbase south/half seed=909 rescued=3 dead=0 unreachable=0 never_detected=0 ff_deaths=1 terminal=None completions=3 recycles=3 removals=3 returns=3 wall=315s
LAUNCH dimfreshfix_east_half_909 running=8 free_kb=4561040 19:52:44
LAUNCH dimfreshfix_east_half_1010 running=8 free_kb=3701288 19:53:10
DONE dimfreshbase_east_half_1010 rc=0 size=326557 454s dimfreshbase east/half seed=1010 rescued=1 dead=1 unreachable=2 never_detected=0 ff_deaths=1 terminal=112 completions=1 recycles=1 removals=1 returns=1 wall=452s
LAUNCH dimfreshfix_south_half_606 running=8 free_kb=3693112 19:53:35
DONE dimfreshbase_east_half_909 rc=0 size=317213 533s dimfreshbase east/half seed=909 rescued=3 dead=0 unreachable=1 never_detected=0 ff_deaths=2 terminal=190 completions=3 recycles=3 removals=3 returns=3 wall=532s
LAUNCH dimfreshfix_south_half_707 running=8 free_kb=3694204 19:54:17
DONE dimfreshfix_east_half_707 rc=0 size=191023 148s dimfreshfix east/half seed=707 rescued=4 dead=0 unreachable=0 never_detected=0 ff_deaths=0 terminal=175 completions=4 recycles=4 removals=4 returns=4 wall=146s
LAUNCH dimfreshfix_south_half_808 running=8 free_kb=3692636 19:54:42
DONE dimfreshbase_south_half_1010 rc=0 size=313857 340s dimfreshbase south/half seed=1010 rescued=2 dead=0 unreachable=0 never_detected=0 ff_deaths=1 terminal=None completions=2 recycles=2 removals=2 returns=2 wall=338s
LAUNCH dimfreshfix_south_half_909 running=8 free_kb=3644556 19:56:27
DONE dimfreshfix_south_half_606 rc=0 size=339690 348s dimfreshfix south/half seed=606 rescued=3 dead=1 unreachable=0 never_detected=0 ff_deaths=1 terminal=165 completions=3 recycles=3 removals=3 returns=3 wall=346s
LAUNCH dimfreshfix_south_half_1010 running=8 free_kb=3616368 19:59:30
DONE dimfreshfix_east_half_606 rc=0 size=293546 487s dimfreshfix east/half seed=606 rescued=1 dead=1 unreachable=2 never_detected=0 ff_deaths=1 terminal=123 completions=1 recycles=1 removals=1 returns=1 wall=486s
LAUNCH dimpinall_east_half_101 running=8 free_kb=3647684 19:59:55
DONE dimfreshfix_south_half_707 rc=0 size=280341 376s dimfreshfix south/half seed=707 rescued=3 dead=1 unreachable=0 never_detected=0 ff_deaths=0 terminal=198 completions=3 recycles=3 removals=3 returns=3 wall=375s
LAUNCH dimpinall_east_half_202 running=8 free_kb=3641596 20:00:37
DONE dimfreshfix_east_half_808 rc=0 size=296185 513s dimfreshfix east/half seed=808 rescued=3 dead=1 unreachable=0 never_detected=0 ff_deaths=0 terminal=173 completions=3 recycles=3 removals=3 returns=3 wall=511s
LAUNCH dimpinall_east_half_303 running=8 free_kb=3626456 20:01:03
DONE dimfreshfix_east_half_909 rc=0 size=337723 537s dimfreshfix east/half seed=909 rescued=3 dead=1 unreachable=0 never_detected=0 ff_deaths=1 terminal=189 completions=3 recycles=3 removals=3 returns=3 wall=535s
LAUNCH dimpinall_east_half_404 running=8 free_kb=3630788 20:01:44
DONE dimfreshfix_south_half_909 rc=0 size=343271 398s dimfreshfix south/half seed=909 rescued=3 dead=0 unreachable=0 never_detected=0 ff_deaths=1 terminal=None completions=3 recycles=3 removals=3 returns=3 wall=396s
LAUNCH dimpinall_east_half_505 running=8 free_kb=3662060 20:03:13
DONE dimfreshfix_south_half_808 rc=0 size=311163 518s dimfreshfix south/half seed=808 rescued=3 dead=0 unreachable=0 never_detected=0 ff_deaths=1 terminal=None completions=3 recycles=3 removals=3 returns=3 wall=516s
LAUNCH dimpinall_south_half_101 running=8 free_kb=3640820 20:03:39
DONE dimfreshfix_east_half_1010 rc=0 size=337248 637s dimfreshfix east/half seed=1010 rescued=1 dead=2 unreachable=0 never_detected=0 ff_deaths=1 terminal=None completions=1 recycles=1 removals=1 returns=1 wall=636s
DONE dimfreshfix_south_half_1010 rc=0 size=320196 271s dimfreshfix south/half seed=1010 rescued=3 dead=1 unreachable=0 never_detected=0 ff_deaths=1 terminal=158 completions=3 recycles=3 removals=3 returns=3 wall=269s
LAUNCH dimpinall_south_half_202 running=7 free_kb=4575744 20:04:04
LAUNCH dimpinall_south_half_303 running=8 free_kb=3577352 20:04:30
DONE dimpinall_south_half_202 rc=0 size=304481 305s dimpinall south/half seed=202 rescued=4 dead=0 unreachable=0 never_detected=0 ff_deaths=0 terminal=202 completions=4 recycles=4 removals=4 returns=4 wall=303s
LAUNCH dimpinall_south_half_404 running=8 free_kb=3439896 20:09:24
DONE dimpinall_south_half_303 rc=0 size=301945 318s dimpinall south/half seed=303 rescued=3 dead=1 unreachable=0 never_detected=0 ff_deaths=1 terminal=216 completions=3 recycles=3 removals=3 returns=3 wall=316s
LAUNCH dimpinall_south_half_505 running=8 free_kb=4307592 20:09:50
DONE dimpinall_south_half_101 rc=0 size=373998 371s dimpinall south/half seed=101 rescued=3 dead=0 unreachable=0 never_detected=0 ff_deaths=1 terminal=None completions=3 recycles=3 removals=3 returns=3 wall=369s
LAUNCH dimpinall_east_def_101 running=8 free_kb=3434940 20:10:15
DONE dimpinall_east_half_101 rc=0 size=350392 634s dimpinall east/half seed=101 rescued=2 dead=1 unreachable=0 never_detected=0 ff_deaths=1 terminal=None completions=2 recycles=2 removals=2 returns=2 wall=632s
LAUNCH dimpinall_east_def_202 running=8 free_kb=3446364 20:10:41
DONE dimpinall_east_half_404 rc=0 size=347513 565s dimpinall east/half seed=404 rescued=2 dead=2 unreachable=0 never_detected=0 ff_deaths=1 terminal=162 completions=2 recycles=2 removals=2 returns=2 wall=563s
LAUNCH dimpinall_east_def_303 running=8 free_kb=3461768 20:11:23
DONE dimpinall_east_half_202 rc=0 size=284093 646s dimpinall east/half seed=202 rescued=2 dead=1 unreachable=1 never_detected=1 ff_deaths=1 terminal=210 completions=2 recycles=2 removals=2 returns=2 wall=645s
LAUNCH dimA_east_half_101 running=8 free_kb=3527748 20:11:48
DONE dimpinall_east_half_303 rc=0 size=355098 677s dimpinall east/half seed=303 rescued=3 dead=1 unreachable=0 never_detected=0 ff_deaths=0 terminal=240 completions=3 recycles=2 removals=3 returns=2 wall=675s
LAUNCH dimA_east_half_202 running=8 free_kb=3587648 20:12:30
DONE dimpinall_east_half_505 rc=0 size=304919 578s dimpinall east/half seed=505 rescued=2 dead=1 unreachable=0 never_detected=0 ff_deaths=0 terminal=None completions=2 recycles=2 removals=2 returns=2 wall=577s
LAUNCH dimA_east_half_303 running=8 free_kb=3615272 20:12:56
DONE dimpinall_east_def_101 rc=0 size=304564 249s dimpinall east/default seed=101 rescued=1 dead=2 unreachable=1 never_detected=0 ff_deaths=2 terminal=109 completions=1 recycles=1 removals=1 returns=1 wall=246s
LAUNCH dimA_east_half_404 running=8 free_kb=3623428 20:14:25
DONE dimpinall_south_half_404 rc=0 size=342046 306s dimpinall south/half seed=404 rescued=4 dead=0 unreachable=0 never_detected=0 ff_deaths=0 terminal=119 completions=4 recycles=4 removals=4 returns=4 wall=304s
DONE dimpinall_east_def_202 rc=0 size=272001 233s dimpinall east/default seed=202 rescued=3 dead=1 unreachable=0 never_detected=0 ff_deaths=1 terminal=171 completions=3 recycles=3 removals=3 returns=3 wall=231s
DONE dimpinall_south_half_505 rc=0 size=287712 293s dimpinall south/half seed=505 rescued=3 dead=1 unreachable=0 never_detected=0 ff_deaths=0 terminal=108 completions=3 recycles=3 removals=3 returns=3 wall=291s
LAUNCH dimA_east_half_505 running=6 free_kb=5408396 20:14:50
LAUNCH dimA_south_half_101 running=7 free_kb=4547764 20:15:16
LAUNCH dimA_south_half_202 running=8 free_kb=3651460 20:15:42
DONE dimpinall_east_def_303 rc=0 size=347299 291s dimpinall east/default seed=303 rescued=3 dead=1 unreachable=0 never_detected=0 ff_deaths=0 terminal=125 completions=3 recycles=3 removals=3 returns=3 wall=290s
LAUNCH dimA_south_half_303 running=8 free_kb=3638460 20:16:23
DONE dimA_south_half_202 rc=0 size=304421 307s dimA south/half seed=202 rescued=4 dead=0 unreachable=0 never_detected=0 ff_deaths=0 terminal=202 completions=4 recycles=4 removals=4 returns=4 wall=306s
LAUNCH dimA_south_half_404 running=8 free_kb=3593816 20:21:00
DONE dimA_south_half_303 rc=0 size=301887 292s dimA south/half seed=303 rescued=3 dead=1 unreachable=0 never_detected=0 ff_deaths=1 terminal=216 completions=3 recycles=3 removals=3 returns=3 wall=290s
DONE dimA_south_half_101 rc=0 size=373943 362s dimA south/half seed=101 rescued=3 dead=0 unreachable=0 never_detected=0 ff_deaths=1 terminal=None completions=3 recycles=3 removals=3 returns=3 wall=360s
LAUNCH dimA_south_half_505 running=7 free_kb=4502040 20:21:26
LAUNCH dimA_east_def_101 running=8 free_kb=3610448 20:21:52
DONE dimA_east_half_101 rc=0 size=350332 638s dimA east/half seed=101 rescued=2 dead=1 unreachable=0 never_detected=0 ff_deaths=1 terminal=None completions=2 recycles=2 removals=2 returns=2 wall=636s
LAUNCH dimA_east_def_202 running=8 free_kb=3636376 20:22:33
DONE dimA_east_half_202 rc=0 size=284033 617s dimA east/half seed=202 rescued=2 dead=1 unreachable=1 never_detected=1 ff_deaths=1 terminal=210 completions=2 recycles=2 removals=2 returns=2 wall=615s
LAUNCH dimA_east_def_303 running=8 free_kb=3633372 20:22:59
DONE dimA_east_half_404 rc=0 size=347432 542s dimA east/half seed=404 rescued=2 dead=2 unreachable=0 never_detected=0 ff_deaths=1 terminal=162 completions=2 recycles=2 removals=2 returns=2 wall=540s
LAUNCH dimB_east_half_101 running=8 free_kb=3648124 20:23:41
DONE dimA_east_half_303 rc=0 size=355038 670s dimA east/half seed=303 rescued=3 dead=1 unreachable=0 never_detected=0 ff_deaths=0 terminal=240 completions=3 recycles=2 removals=3 returns=2 wall=669s
LAUNCH dimB_east_half_202 running=8 free_kb=3662860 20:24:22
DONE dimA_east_half_505 rc=0 size=304859 652s dimA east/half seed=505 rescued=2 dead=1 unreachable=0 never_detected=0 ff_deaths=0 terminal=None completions=2 recycles=2 removals=2 returns=2 wall=650s
LAUNCH dimB_east_half_303 running=8 free_kb=3644328 20:25:51
DONE dimA_south_half_404 rc=0 size=342051 303s dimA south/half seed=404 rescued=4 dead=0 unreachable=0 never_detected=0 ff_deaths=0 terminal=119 completions=4 recycles=4 removals=4 returns=4 wall=301s
DONE dimA_east_def_101 rc=0 size=304423 262s dimA east/default seed=101 rescued=1 dead=2 unreachable=1 never_detected=0 ff_deaths=2 terminal=109 completions=1 recycles=1 removals=1 returns=1 wall=260s
DONE dimA_south_half_505 rc=0 size=287652 289s dimA south/half seed=505 rescued=3 dead=1 unreachable=0 never_detected=0 ff_deaths=0 terminal=108 completions=3 recycles=3 removals=3 returns=3 wall=287s
DONE dimA_east_def_202 rc=0 size=271972 223s dimA east/default seed=202 rescued=3 dead=1 unreachable=0 never_detected=0 ff_deaths=1 terminal=171 completions=3 recycles=3 removals=3 returns=3 wall=221s
LAUNCH dimB_east_half_404 running=6 free_kb=6320656 20:26:16
LAUNCH dimB_east_half_505 running=6 free_kb=5437196 20:26:42
LAUNCH dimB_south_half_101 running=7 free_kb=4561136 20:27:08
LAUNCH dimB_south_half_202 running=8 free_kb=3696812 20:27:33
DONE dimA_east_def_303 rc=0 size=347238 289s dimA east/default seed=303 rescued=3 dead=1 unreachable=0 never_detected=0 ff_deaths=0 terminal=125 completions=3 recycles=3 removals=3 returns=3 wall=287s
LAUNCH dimB_south_half_303 running=8 free_kb=3671416 20:27:59
DONE dimB_south_half_303 rc=0 size=286096 260s dimB south/half seed=303 rescued=4 dead=0 unreachable=0 never_detected=0 ff_deaths=1 terminal=210 completions=4 recycles=4 removals=4 returns=4 wall=258s
LAUNCH dimB_south_half_404 running=8 free_kb=3463840 20:32:21
DONE dimB_south_half_202 rc=0 size=304506 292s dimB south/half seed=202 rescued=4 dead=0 unreachable=0 never_detected=0 ff_deaths=0 terminal=199 completions=4 recycles=4 removals=4 returns=4 wall=290s
LAUNCH dimB_south_half_505 running=8 free_kb=3539184 20:32:46
DONE dimB_south_half_101 rc=0 size=340906 384s dimB south/half seed=101 rescued=3 dead=1 unreachable=0 never_detected=0 ff_deaths=0 terminal=215 completions=3 recycles=3 removals=3 returns=3 wall=383s
LAUNCH dimB_east_def_101 running=8 free_kb=3470536 20:33:43
DONE dimB_east_half_101 rc=0 size=350382 635s dimB east/half seed=101 rescued=2 dead=1 unreachable=0 never_detected=0 ff_deaths=1 terminal=None completions=2 recycles=2 removals=2 returns=2 wall=634s
DONE dimB_east_half_202 rc=0 size=284505 602s dimB east/half seed=202 rescued=2 dead=1 unreachable=1 never_detected=1 ff_deaths=0 terminal=210 completions=2 recycles=2 removals=2 returns=2 wall=600s
LAUNCH dimB_east_def_202 running=7 free_kb=4438604 20:34:25
DONE dimB_east_half_404 rc=0 size=348847 505s dimB east/half seed=404 rescued=2 dead=2 unreachable=0 never_detected=0 ff_deaths=2 terminal=162 completions=2 recycles=2 removals=2 returns=2 wall=503s
LAUNCH dimB_east_def_303 running=7 free_kb=4425080 20:34:51
DONE dimB_east_half_303 rc=0 size=347326 560s dimB east/half seed=303 rescued=2 dead=1 unreachable=1 never_detected=1 ff_deaths=0 terminal=210 completions=2 recycles=2 removals=2 returns=2 wall=559s
LAUNCH dimC_east_half_101 running=7 free_kb=4468096 20:35:16
DONE dimB_east_half_505 rc=0 size=293661 518s dimB east/half seed=505 rescued=4 dead=0 unreachable=0 never_detected=0 ff_deaths=1 terminal=173 completions=4 recycles=4 removals=4 returns=4 wall=517s
LAUNCH dimC_east_half_202 running=7 free_kb=4499072 20:35:42
LAUNCH dimC_east_half_303 running=8 free_kb=3521644 20:36:08
DONE dimB_south_half_505 rc=0 size=287586 277s dimB south/half seed=505 rescued=3 dead=1 unreachable=0 never_detected=0 ff_deaths=0 terminal=101 completions=3 recycles=3 removals=3 returns=3 wall=275s
LAUNCH dimC_east_half_404 running=8 free_kb=3628520 20:37:36
DONE dimB_east_def_101 rc=0 size=303879 245s dimB east/default seed=101 rescued=1 dead=2 unreachable=1 never_detected=0 ff_deaths=2 terminal=110 completions=1 recycles=1 removals=1 returns=1 wall=242s
LAUNCH dimC_east_half_505 running=8 free_kb=3600036 20:38:02
DONE dimB_east_def_202 rc=0 size=271955 225s dimB east/default seed=202 rescued=3 dead=1 unreachable=0 never_detected=0 ff_deaths=1 terminal=168 completions=3 recycles=3 removals=3 returns=3 wall=224s
LAUNCH dimC_south_half_101 running=8 free_kb=3655288 20:38:28
DONE dimB_south_half_404 rc=0 size=363759 395s dimB south/half seed=404 rescued=4 dead=0 unreachable=0 never_detected=0 ff_deaths=0 terminal=191 completions=4 recycles=4 removals=4 returns=4 wall=394s
LAUNCH dimC_south_half_202 running=8 free_kb=3647164 20:39:09
DONE dimB_east_def_303 rc=0 size=347242 290s dimB east/default seed=303 rescued=3 dead=1 unreachable=0 never_detected=0 ff_deaths=0 terminal=125 completions=3 recycles=3 removals=3 returns=3 wall=289s
LAUNCH dimC_south_half_303 running=8 free_kb=3522128 20:39:51
DONE dimC_south_half_202 rc=0 size=304452 297s dimC south/half seed=202 rescued=4 dead=0 unreachable=0 never_detected=0 ff_deaths=0 terminal=202 completions=4 recycles=4 removals=4 returns=4 wall=295s
LAUNCH dimC_south_half_404 running=8 free_kb=3546040 20:44:12
DONE dimC_south_half_101 rc=0 size=373969 372s dimC south/half seed=101 rescued=3 dead=0 unreachable=0 never_detected=0 ff_deaths=1 terminal=None completions=3 recycles=3 removals=3 returns=3 wall=371s
DONE dimC_south_half_303 rc=0 size=301916 292s dimC south/half seed=303 rescued=3 dead=1 unreachable=0 never_detected=0 ff_deaths=1 terminal=216 completions=3 recycles=3 removals=3 returns=3 wall=291s
LAUNCH dimC_south_half_505 running=7 free_kb=4468240 20:44:54
LAUNCH dimC_east_def_101 running=8 free_kb=3603016 20:45:19
DONE dimC_east_half_101 rc=0 size=350363 611s dimC east/half seed=101 rescued=2 dead=1 unreachable=0 never_detected=0 ff_deaths=1 terminal=None completions=2 recycles=2 removals=2 returns=2 wall=609s
LAUNCH dimC_east_def_202 running=8 free_kb=3607368 20:45:45
DONE dimC_east_half_202 rc=0 size=284064 635s dimC east/half seed=202 rescued=2 dead=1 unreachable=1 never_detected=1 ff_deaths=1 terminal=210 completions=2 recycles=2 removals=2 returns=2 wall=634s
LAUNCH dimC_east_def_303 running=8 free_kb=3611764 20:46:27
DONE dimC_east_half_404 rc=0 size=347484 548s dimC east/half seed=404 rescued=2 dead=2 unreachable=0 never_detected=0 ff_deaths=1 terminal=162 completions=2 recycles=2 removals=2 returns=2 wall=546s
DONE dimC_east_half_505 rc=0 size=304890 561s dimC east/half seed=505 rescued=2 dead=1 unreachable=0 never_detected=0 ff_deaths=0 terminal=None completions=2 recycles=2 removals=2 returns=2 wall=559s
DONE dimC_east_half_303 rc=0 size=355069 676s dimC east/half seed=303 rescued=3 dead=1 unreachable=0 never_detected=0 ff_deaths=0 terminal=240 completions=3 recycles=2 removals=3 returns=2 wall=675s
DONE dimC_south_half_404 rc=0 size=342017 296s dimC south/half seed=404 rescued=4 dead=0 unreachable=0 never_detected=0 ff_deaths=0 terminal=119 completions=4 recycles=4 removals=4 returns=4 wall=294s
DONE dimC_east_def_101 rc=0 size=304535 244s dimC east/default seed=101 rescued=1 dead=2 unreachable=1 never_detected=0 ff_deaths=2 terminal=109 completions=1 recycles=1 removals=1 returns=1 wall=242s
DONE dimC_east_def_202 rc=0 size=271972 222s dimC east/default seed=202 rescued=3 dead=1 unreachable=0 never_detected=0 ff_deaths=1 terminal=171 completions=3 recycles=3 removals=3 returns=3 wall=220s
DONE dimC_south_half_505 rc=0 size=287683 281s dimC south/half seed=505 rescued=3 dead=1 unreachable=0 never_detected=0 ff_deaths=0 terminal=108 completions=3 recycles=3 removals=3 returns=3 wall=279s
DONE dimC_east_def_303 rc=0 size=347270 273s dimC east/default seed=303 rescued=3 dead=1 unreachable=0 never_detected=0 ff_deaths=0 terminal=125 completions=3 recycles=3 removals=3 returns=3 wall=272s
ALL_DIM_POOL_COMPLETE launched=124 skipped=0 2026-09-06 20:51:00
