2026-10-06 03:38:30 START E:\Projects\SAS_wt\dispatch\outputs\_dp_q_on.jsonl 64 runs maxpar=12 min_free=3.0
2026-10-06 03:38:30 LAUNCH dp1r_A_E pid=32096 free=9.6GB running=1
2026-10-06 03:38:32 LAUNCH dp1r_A_N pid=43568 free=8.8GB running=2
2026-10-06 03:38:34 LAUNCH dp1r_A_S pid=51464 free=8.0GB running=3
2026-10-06 03:38:36 LAUNCH dp1r_A_W pid=36692 free=7.1GB running=4
2026-10-06 03:38:38 LAUNCH dp1r_B_E pid=53396 free=6.3GB running=5
2026-10-06 03:38:40 LAUNCH dp1r_B_N pid=53392 free=5.3GB running=6
2026-10-06 03:38:42 LAUNCH dp1r_B_S pid=3428 free=4.6GB running=7
2026-10-06 03:38:44 LAUNCH dp1r_B_W pid=55948 free=3.8GB running=8
2026-10-06 03:39:06 LAUNCH dp1r_C_E pid=40932 free=3.0GB running=9
2026-10-06 03:47:49 DONE dp1r_A_E rc=0 559s
2026-10-06 03:47:59 DONE dp1r_A_S rc=0 565s
2026-10-06 03:47:59 LAUNCH dp1r_C_N pid=55908 free=3.7GB running=8
2026-10-06 03:50:11 DONE dp1r_B_S rc=0 689s
2026-10-06 03:50:11 LAUNCH dp1r_C_S pid=28640 free=3.6GB running=8
2026-10-06 03:50:48 DONE dp1r_A_N rc=0 736s
2026-10-06 03:50:48 LAUNCH dp1r_C_W pid=50112 free=3.7GB running=8
2026-10-06 03:50:50 LAUNCH dp1r_D_E pid=29620 free=3.8GB running=9
2026-10-06 03:50:57 DONE dp1r_A_W rc=0 741s
2026-10-06 03:51:37 DONE dp1r_B_N rc=0 777s
2026-10-06 03:51:37 DONE dp1r_B_W rc=0 773s
2026-10-06 03:51:37 LAUNCH dp1r_D_N pid=38792 free=4.7GB running=7
2026-10-06 03:51:39 LAUNCH dp1r_D_S pid=54976 free=3.8GB running=8
2026-10-06 03:51:41 LAUNCH dp1r_D_W pid=53504 free=3.0GB running=9
2026-10-06 03:56:48 DONE dp1r_C_N rc=0 530s
2026-10-06 04:02:29 DONE dp1r_C_S rc=0 738s
2026-10-06 04:02:29 LAUNCH dp1r2_A_E pid=23436 free=3.7GB running=8
2026-10-06 04:03:01 DONE dp1r_D_N rc=0 684s
2026-10-06 04:03:01 LAUNCH dp1r2_A_N pid=56124 free=3.8GB running=8
2026-10-06 04:03:08 DONE dp1r_D_W rc=0 687s
2026-10-06 04:03:08 LAUNCH dp1r2_A_S pid=53308 free=3.8GB running=8
2026-10-06 04:03:30 DONE dp1r_C_E rc=0 1464s
2026-10-06 04:03:30 LAUNCH dp1r2_A_W pid=20724 free=3.8GB running=8
2026-10-06 04:03:32 LAUNCH dp1r2_B_E pid=12620 free=3.0GB running=9
2026-10-06 04:03:59 DONE dp1r_D_S rc=0 740s
2026-10-06 04:06:24 DONE dp1r_B_E rc=0 1666s
2026-10-06 04:06:24 LAUNCH dp1r2_B_N pid=10416 free=3.8GB running=8
2026-10-06 04:06:31 LAUNCH dp1r2_B_S pid=40324 free=3.0GB running=9
2026-10-06 04:11:49 DONE dp1r2_A_E rc=0 560s
2026-10-06 04:12:34 DONE dp1r2_A_N rc=0 573s
2026-10-06 04:12:34 DONE dp1r2_A_S rc=0 566s
2026-10-06 04:12:34 LAUNCH dp1r2_B_W pid=46624 free=4.6GB running=7
2026-10-06 04:12:36 LAUNCH dp1r2_C_E pid=54820 free=3.8GB running=8
2026-10-06 04:12:38 LAUNCH dp1r2_C_N pid=41588 free=3.0GB running=9
2026-10-06 04:13:00 DONE dp1r_D_E rc=0 1330s
2026-10-06 04:13:00 LAUNCH dp1r2_C_S pid=54316 free=3.0GB running=9
2026-10-06 04:14:52 DONE dp1r2_A_W rc=0 682s
2026-10-06 04:15:37 DONE dp1r2_B_N rc=0 553s
2026-10-06 04:15:37 LAUNCH dp1r2_C_W pid=52456 free=3.7GB running=8
2026-10-06 04:16:04 DONE dp1r_C_W rc=0 1516s
2026-10-06 04:16:04 LAUNCH dp1r2_D_E pid=35724 free=3.8GB running=8
2026-10-06 04:16:06 LAUNCH dp1r2_D_N pid=7856 free=3.0GB running=9
2026-10-06 04:17:28 DONE dp1r2_B_S rc=0 657s
2026-10-06 04:17:33 LAUNCH dp1r2_D_S pid=28224 free=3.0GB running=9
2026-10-06 04:21:10 DONE dp1r2_C_S rc=0 491s
2026-10-06 04:23:16 DONE dp1r2_C_N rc=0 638s
2026-10-06 04:23:16 LAUNCH dp1r2_D_W pid=10416 free=3.7GB running=8
2026-10-06 04:24:33 DONE dp1r2_B_W rc=0 719s
2026-10-06 04:24:33 LAUNCH dp1u_A_E pid=53268 free=3.7GB running=8
2026-10-06 04:24:45 DONE dp1r2_B_E rc=0 1273s
2026-10-06 04:24:45 LAUNCH dp1u_A_N pid=40932 free=3.8GB running=8
2026-10-06 04:25:42 DONE dp1r2_D_S rc=0 489s
2026-10-06 04:25:42 LAUNCH dp1u_A_S pid=14140 free=3.8GB running=8
2026-10-06 04:25:49 LAUNCH dp1u_A_W pid=55948 free=3.0GB running=9
2026-10-06 04:27:56 DONE dp1r2_D_N rc=0 710s
2026-10-06 04:28:06 LAUNCH dp1u_B_E pid=20372 free=3.1GB running=9
2026-10-06 04:28:33 DONE dp1r2_C_W rc=0 776s
2026-10-06 04:32:33 LAUNCH dp1u_B_N pid=54780 free=3.0GB running=9
2026-10-06 04:33:40 DONE dp1u_A_E rc=0 548s
2026-10-06 04:33:40 LAUNCH dp1u_B_S pid=41632 free=3.0GB running=9
2026-10-06 04:36:17 DONE dp1u_A_N rc=0 693s
2026-10-06 04:36:22 DONE dp1r2_C_E rc=0 1427s
2026-10-06 04:36:22 LAUNCH dp1u_B_W pid=52548 free=3.8GB running=8
2026-10-06 04:36:25 LAUNCH dp1u_C_E pid=37152 free=3.8GB running=9
2026-10-06 04:36:27 LAUNCH dp1u_C_N pid=29132 free=3.0GB running=10
2026-10-06 04:36:34 DONE dp1u_A_S rc=0 652s
2026-10-06 04:36:59 DONE dp1u_A_W rc=0 670s
2026-10-06 04:36:59 LAUNCH dp1u_C_S pid=10412 free=3.1GB running=9
2026-10-06 04:37:16 DONE dp1r2_D_W rc=0 840s
2026-10-06 04:37:16 LAUNCH dp1u_C_W pid=41532 free=3.1GB running=9
2026-10-06 04:37:48 DONE dp1r2_D_E rc=0 1304s
2026-10-06 04:37:48 LAUNCH dp1u_D_E pid=55156 free=3.1GB running=9
2026-10-06 04:42:45 DONE dp1u_B_N rc=0 612s
2026-10-06 04:45:45 DONE dp1u_C_N rc=0 559s
2026-10-06 04:45:45 LAUNCH dp1u_D_N pid=44336 free=3.7GB running=8
2026-10-06 04:46:02 LAUNCH dp1u_D_S pid=42360 free=3.0GB running=9
2026-10-06 04:46:39 DONE dp1u_B_S rc=0 779s
2026-10-06 04:47:29 LAUNCH dp1u_D_W pid=28032 free=3.0GB running=9
2026-10-06 04:48:21 DONE dp1u_C_S rc=0 683s
2026-10-06 04:48:26 LAUNCH dp1u2_A_E pid=48948 free=3.0GB running=9
2026-10-06 04:48:59 DONE dp1u_B_W rc=0 756s
2026-10-06 04:48:59 LAUNCH dp1u2_A_N pid=50408 free=3.0GB running=9
2026-10-06 04:55:26 DONE dp1u_D_S rc=0 564s
2026-10-06 04:56:51 DONE dp1u_B_E rc=0 1725s
2026-10-06 04:56:51 LAUNCH dp1u2_A_S pid=47840 free=3.6GB running=8
2026-10-06 04:57:33 DONE dp1u_D_N rc=0 708s
2026-10-06 04:57:33 LAUNCH dp1u2_A_W pid=27484 free=3.8GB running=8
2026-10-06 04:58:15 DONE dp1u2_A_E rc=0 589s
2026-10-06 04:58:15 LAUNCH dp1u2_B_E pid=42244 free=3.5GB running=8
2026-10-06 04:59:17 DONE dp1u_D_W rc=0 708s
2026-10-06 04:59:17 LAUNCH dp1u2_B_N pid=37320 free=3.7GB running=8
2026-10-06 05:00:19 DONE dp1u2_A_N rc=0 681s
2026-10-06 05:00:19 LAUNCH dp1u2_B_S pid=36368 free=3.6GB running=8
2026-10-06 05:02:07 DONE dp1u_D_E rc=0 1459s
2026-10-06 05:02:07 LAUNCH dp1u2_B_W pid=26368 free=3.8GB running=8
2026-10-06 05:03:04 LAUNCH dp1u2_C_E pid=55028 free=3.0GB running=9
2026-10-06 05:04:31 DONE dp1u_C_E rc=0 1686s
2026-10-06 05:06:01 LAUNCH dp1u2_C_N pid=42632 free=3.0GB running=9
2026-10-06 05:08:23 DONE dp1u2_A_S rc=0 692s
2026-10-06 05:09:43 DONE dp1u2_A_W rc=0 730s
2026-10-06 05:09:43 LAUNCH dp1u2_C_S pid=44956 free=3.6GB running=8
2026-10-06 05:09:45 LAUNCH dp1u2_C_W pid=42512 free=3.6GB running=9
2026-10-06 05:09:52 DONE dp1u2_B_N rc=0 635s
2026-10-06 05:10:17 DONE dp1u2_B_E rc=0 722s
2026-10-06 05:10:17 LAUNCH dp1u2_D_E pid=53388 free=3.6GB running=8
2026-10-06 05:11:04 LAUNCH dp1u2_D_N pid=51536 free=3.0GB running=9
2026-10-06 05:11:11 DONE dp1u2_B_S rc=0 652s
2026-10-06 05:11:11 LAUNCH dp1u2_D_S pid=29816 free=3.0GB running=9
2026-10-06 05:13:54 DONE dp1u2_B_W rc=0 707s
2026-10-06 05:16:04 DONE dp1u_C_W rc=0 2328s
2026-10-06 05:16:04 LAUNCH dp1u2_D_W pid=7220 free=3.8GB running=8
2026-10-06 05:17:16 DONE dp1u2_C_N rc=0 675s
2026-10-06 05:18:36 DONE dp1u2_C_S rc=0 533s
2026-10-06 05:19:01 DONE dp1u2_D_S rc=0 470s
2026-10-06 05:22:06 DONE dp1u2_C_W rc=0 741s
2026-10-06 05:22:16 DONE dp1u2_D_N rc=0 672s
2026-10-06 05:25:26 DONE dp1u2_C_E rc=0 1343s
2026-10-06 05:31:22 DONE dp1u2_D_E rc=0 1264s
2026-10-06 05:38:37 DONE dp1u2_D_W rc=0 1353s
2026-10-06 05:38:42 ALL_MF2_COMPLETE E:\Projects\SAS_wt\dispatch\outputs\_dp_q_on.jsonl 64/64 0 FAIL
