2026-10-06 06:49:03 START E:\Projects\SAS_wt\dispatch\outputs\_dp_q_evidence.jsonl 22 runs maxpar=12 min_free=3.0
2026-10-06 06:49:03 LAUNCH dpE10n pid=40276 free=9.7GB running=1
2026-10-06 06:49:05 LAUNCH dpE10c pid=39728 free=8.9GB running=2
2026-10-06 06:49:07 LAUNCH dpE11n pid=45852 free=8.1GB running=3
2026-10-06 06:49:09 LAUNCH dpE11c pid=12144 free=7.3GB running=4
2026-10-06 06:49:11 LAUNCH dpE20n_D_W pid=48564 free=6.3GB running=5
2026-10-06 06:49:13 LAUNCH dpE20c_D_W pid=49456 free=5.2GB running=6
2026-10-06 06:49:15 LAUNCH dpE21n_D_W pid=27552 free=4.5GB running=7
2026-10-06 06:49:17 LAUNCH dpE21c_D_W pid=46392 free=3.7GB running=8
2026-10-06 06:59:05 DONE dpE10c rc=0 600s
2026-10-06 06:59:05 LAUNCH dpE2f0n_D_W pid=50408 free=3.7GB running=8
2026-10-06 06:59:12 DONE dpE11n rc=0 605s
2026-10-06 06:59:12 LAUNCH dpE2f0c_D_W pid=54340 free=3.7GB running=8
2026-10-06 06:59:14 LAUNCH dpE2f1n_D_W pid=53748 free=3.8GB running=9
2026-10-06 06:59:21 DONE dpE11c rc=0 612s
2026-10-06 07:00:31 DONE dpE10n rc=0 688s
2026-10-06 07:00:31 LAUNCH dpE2f1c_D_W pid=26580 free=3.7GB running=8
2026-10-06 07:08:34 DONE dpE20n_D_W rc=0 1162s
2026-10-06 07:08:34 LAUNCH dpEx0n_D_N pid=55288 free=3.8GB running=8
2026-10-06 07:15:21 DONE dpE21n_D_W rc=0 1566s
2026-10-06 07:15:21 LAUNCH dpEx0c_D_N pid=36804 free=3.2GB running=8
2026-10-06 07:18:38 DONE dpE20c_D_W rc=0 1765s
2026-10-06 07:18:38 LAUNCH dpEx1n_D_N pid=50496 free=3.7GB running=8
2026-10-06 07:19:10 DONE dpE2f0n_D_W rc=0 1205s
2026-10-06 07:19:10 LAUNCH dpEx1c_D_N pid=20200 free=3.7GB running=8
2026-10-06 07:19:22 DONE dpE21c_D_W rc=0 1805s
2026-10-06 07:19:22 LAUNCH dpE30c_D_N pid=36744 free=3.6GB running=8
2026-10-06 07:20:35 DONE dpEx0n_D_N rc=0 721s
2026-10-06 07:20:35 LAUNCH dpE31c_D_N pid=12812 free=3.7GB running=8
2026-10-06 07:23:07 DONE dpE2f1n_D_W rc=0 1433s
2026-10-06 07:23:07 LAUNCH dpE4d0c_D_N pid=46616 free=3.7GB running=8
2026-10-06 07:27:19 DONE dpEx0c_D_N rc=0 718s
2026-10-06 07:27:19 LAUNCH dpE4d1c_D_N pid=52588 free=3.7GB running=8
2026-10-06 07:29:01 DONE dpE2f0c_D_W rc=0 1789s
2026-10-06 07:29:01 LAUNCH dpE4g0c_D_N pid=28572 free=3.7GB running=8
2026-10-06 07:30:03 DONE dpE2f1c_D_W rc=0 1772s
2026-10-06 07:30:03 LAUNCH dpE4g1c_D_N pid=54640 free=3.5GB running=8
2026-10-06 07:30:20 DONE dpEx1n_D_N rc=0 702s
2026-10-06 07:30:35 DONE dpEx1c_D_N rc=0 685s
2026-10-06 07:32:50 DONE dpE30c_D_N rc=0 808s
2026-10-06 07:33:00 DONE dpE4d0c_D_N rc=0 594s
2026-10-06 07:34:15 DONE dpE31c_D_N rc=0 821s
2026-10-06 07:36:46 DONE dpE4d1c_D_N rc=0 567s
2026-10-06 07:38:11 DONE dpE4g1c_D_N rc=0 488s
2026-10-06 07:38:16 DONE dpE4g0c_D_N rc=0 555s
2026-10-06 07:38:21 ALL_MF2_COMPLETE E:\Projects\SAS_wt\dispatch\outputs\_dp_q_evidence.jsonl 22/22 0 FAIL
