2026-10-05 22:46:28 START E:\Projects\SAS_wt\dispatch\outputs\_dp_q_identity.jsonl 136 runs maxpar=12 min_free=3.0
2026-10-05 22:46:28 LAUNCH dpRr_A_E pid=27220 free=9.0GB running=1
2026-10-05 22:46:30 LAUNCH dpRr_A_N pid=36956 free=8.2GB running=2
2026-10-05 22:46:32 LAUNCH dpRr_A_S pid=45088 free=7.3GB running=3
2026-10-05 22:46:34 LAUNCH dpRr_A_W pid=50160 free=6.5GB running=4
2026-10-05 22:46:36 LAUNCH dpRr_B_E pid=29024 free=5.7GB running=5
2026-10-05 22:46:38 LAUNCH dpRr_B_N pid=41612 free=4.9GB running=6
2026-10-05 22:46:40 LAUNCH dpRr_B_S pid=56188 free=4.0GB running=7
2026-10-05 22:46:42 LAUNCH dpRr_B_W pid=27764 free=3.1GB running=8
2026-10-05 22:55:50 DONE dpRr_A_E rc=0 562s
2026-10-05 22:55:50 LAUNCH dpRr_C_E pid=56296 free=3.2GB running=8
2026-10-05 22:56:07 DONE dpRr_A_S rc=0 575s
2026-10-05 22:56:07 LAUNCH dpRr_C_N pid=4344 free=3.2GB running=8
2026-10-05 22:58:19 DONE dpRr_B_S rc=0 699s
2026-10-05 22:58:19 LAUNCH dpRr_C_S pid=49584 free=3.2GB running=8
2026-10-05 22:58:41 DONE dpRr_A_W rc=0 727s
2026-10-05 22:58:41 LAUNCH dpRr_C_W pid=40640 free=3.2GB running=8
2026-10-05 22:58:53 DONE dpRr_A_N rc=0 743s
2026-10-05 22:58:53 LAUNCH dpRr_D_E pid=10704 free=3.2GB running=8
2026-10-05 22:59:15 DONE dpRr_B_N rc=0 757s
2026-10-05 22:59:15 LAUNCH dpRr_D_N pid=31828 free=3.3GB running=8
2026-10-05 22:59:32 DONE dpRr_B_W rc=0 770s
2026-10-05 22:59:32 LAUNCH dpRr_D_S pid=50472 free=3.2GB running=8
2026-10-05 23:04:49 DONE dpRr_C_N rc=0 523s
2026-10-05 23:04:49 LAUNCH dpRr_D_W pid=23272 free=3.1GB running=8
2026-10-05 23:10:22 DONE dpRr_C_S rc=0 723s
2026-10-05 23:10:22 DONE dpRr_D_N rc=0 667s
2026-10-05 23:10:22 LAUNCH dpRr2_A_E pid=8460 free=4.0GB running=7
2026-10-05 23:10:24 LAUNCH dpRr2_A_N pid=33672 free=3.1GB running=8
2026-10-05 23:11:41 DONE dpRr_D_S rc=0 729s
2026-10-05 23:11:41 LAUNCH dpRr2_A_S pid=38568 free=3.2GB running=8
2026-10-05 23:13:53 DONE dpRr_B_E rc=0 1637s
2026-10-05 23:13:53 LAUNCH dpRr2_A_W pid=51124 free=3.1GB running=8
2026-10-05 23:15:55 DONE dpRr_D_W rc=0 666s
2026-10-05 23:15:55 LAUNCH dpRr2_B_E pid=52920 free=3.1GB running=8
2026-10-05 23:19:33 DONE dpRr2_A_E rc=0 551s
2026-10-05 23:19:33 LAUNCH dpRr2_B_N pid=54676 free=3.1GB running=8
2026-10-05 23:20:00 DONE dpRr_C_E rc=0 1450s
2026-10-05 23:20:00 DONE dpRr2_A_N rc=0 576s
2026-10-05 23:20:00 LAUNCH dpRr2_B_S pid=11656 free=3.9GB running=7
2026-10-05 23:20:02 LAUNCH dpRr2_B_W pid=52332 free=3.1GB running=8
2026-10-05 23:20:29 DONE dpRr_D_E rc=0 1296s
2026-10-05 23:20:29 LAUNCH dpRr2_C_E pid=49280 free=3.2GB running=8
2026-10-05 23:21:01 DONE dpRr2_A_S rc=0 560s
2026-10-05 23:21:01 LAUNCH dpRr2_C_N pid=56208 free=3.3GB running=8
2026-10-05 23:23:43 DONE dpRr_C_W rc=0 1502s
2026-10-05 23:23:43 LAUNCH dpRr2_C_S pid=48924 free=3.3GB running=8
2026-10-05 23:25:10 DONE dpRr2_A_W rc=0 677s
2026-10-05 23:25:10 LAUNCH dpRr2_C_W pid=55048 free=3.2GB running=8
2026-10-05 23:28:22 DONE dpRr2_B_N rc=0 530s
2026-10-05 23:28:22 LAUNCH dpRr2_D_E pid=29388 free=3.2GB running=8
2026-10-05 23:31:04 DONE dpRr2_B_S rc=0 665s
2026-10-05 23:31:04 LAUNCH dpRr2_D_N pid=55900 free=3.2GB running=8
2026-10-05 23:31:42 DONE dpRr2_B_W rc=0 700s
2026-10-05 23:31:42 DONE dpRr2_C_N rc=0 641s
2026-10-05 23:31:42 LAUNCH dpRr2_D_S pid=22680 free=4.1GB running=7
2026-10-05 23:31:44 LAUNCH dpRr2_D_W pid=51416 free=3.3GB running=8
2026-10-05 23:31:46 LAUNCH dpRu_A_E pid=50112 free=3.3GB running=9
2026-10-05 23:31:53 DONE dpRr2_C_S rc=0 490s
2026-10-05 23:36:33 DONE dpRr2_B_E rc=0 1238s
2026-10-05 23:36:33 LAUNCH dpRu_A_N pid=50236 free=3.2GB running=8
2026-10-05 23:37:40 DONE dpRr2_C_W rc=0 750s
2026-10-05 23:37:40 LAUNCH dpRu_A_S pid=43756 free=3.2GB running=8
2026-10-05 23:39:42 DONE dpRr2_D_S rc=0 481s
2026-10-05 23:39:42 LAUNCH dpRu_A_W pid=29432 free=3.1GB running=8
2026-10-05 23:40:39 DONE dpRu_A_E rc=0 534s
2026-10-05 23:40:39 LAUNCH dpRu_B_E pid=42328 free=3.2GB running=8
2026-10-05 23:42:21 DONE dpRr2_D_N rc=0 677s
2026-10-05 23:42:21 LAUNCH dpRu_B_N pid=54760 free=3.2GB running=8
2026-10-05 23:43:44 DONE dpRr2_C_E rc=0 1395s
2026-10-05 23:43:44 LAUNCH dpRu_B_S pid=24808 free=3.3GB running=8
2026-10-05 23:45:21 DONE dpRr2_D_W rc=0 817s
2026-10-05 23:45:21 LAUNCH dpRu_B_W pid=37152 free=3.2GB running=8
2026-10-05 23:48:13 DONE dpRu_A_N rc=0 700s
2026-10-05 23:48:13 DONE dpRu_A_S rc=0 633s
2026-10-05 23:48:13 LAUNCH dpRu_C_E pid=29000 free=4.1GB running=7
2026-10-05 23:48:15 LAUNCH dpRu_C_N pid=28500 free=3.3GB running=8
2026-10-05 23:49:37 DONE dpRr2_D_E rc=0 1275s
2026-10-05 23:49:37 LAUNCH dpRu_C_S pid=47500 free=3.2GB running=8
2026-10-05 23:50:39 DONE dpRu_A_W rc=0 657s
2026-10-05 23:50:39 LAUNCH dpRu_C_W pid=36820 free=3.3GB running=8
2026-10-05 23:52:46 DONE dpRu_B_N rc=0 625s
2026-10-05 23:52:46 LAUNCH dpRu_D_E pid=11676 free=3.3GB running=8
2026-10-05 23:55:59 DONE dpRu_B_S rc=0 735s
2026-10-05 23:55:59 LAUNCH dpRu_D_N pid=45272 free=3.2GB running=8
2026-10-05 23:57:26 DONE dpRu_C_N rc=0 551s
2026-10-05 23:57:26 LAUNCH dpRu_D_S pid=30828 free=3.2GB running=8
2026-10-05 23:57:38 DONE dpRu_B_W rc=0 737s
2026-10-05 23:57:38 LAUNCH dpRu_D_W pid=37284 free=3.3GB running=8
2026-10-06 00:00:30 DONE dpRu_C_S rc=0 653s
2026-10-06 00:00:30 LAUNCH dpRu2_A_E pid=46092 free=3.1GB running=8
2026-10-06 00:06:32 DONE dpRu_B_E rc=0 1553s
2026-10-06 00:06:32 LAUNCH dpRu2_A_N pid=56172 free=3.1GB running=8
2026-10-06 00:06:44 DONE dpRu_D_S rc=0 559s
2026-10-06 00:06:44 LAUNCH dpRu2_A_S pid=45288 free=3.2GB running=8
2026-10-06 00:07:31 DONE dpRu_D_N rc=0 693s
2026-10-06 00:07:31 LAUNCH dpRu2_A_W pid=23172 free=3.2GB running=8
2026-10-06 00:09:13 DONE dpRu_D_W rc=0 696s
2026-10-06 00:09:13 LAUNCH dpRu2_B_E pid=39704 free=3.2GB running=8
2026-10-06 00:10:16 DONE dpRu2_A_E rc=0 586s
2026-10-06 00:10:16 LAUNCH dpRu2_B_N pid=29184 free=3.2GB running=8
2026-10-06 00:11:38 DONE dpRu_C_E rc=0 1405s
2026-10-06 00:11:38 LAUNCH dpRu2_B_S pid=37152 free=3.4GB running=8
2026-10-06 00:16:20 DONE dpRu_D_E rc=0 1414s
2026-10-06 00:16:20 LAUNCH dpRu2_B_W pid=29028 free=3.3GB running=8
2026-10-06 00:17:27 DONE dpRu2_A_N rc=0 655s
2026-10-06 00:17:27 LAUNCH dpRu2_C_E pid=55556 free=3.3GB running=8
2026-10-06 00:17:59 DONE dpRu2_A_S rc=0 675s
2026-10-06 00:17:59 LAUNCH dpRu2_C_N pid=43760 free=3.3GB running=8
2026-10-06 00:19:26 DONE dpRu2_A_W rc=0 715s
2026-10-06 00:19:26 LAUNCH dpRu2_C_S pid=30564 free=3.3GB running=8
2026-10-06 00:20:38 DONE dpRu_C_W rc=0 1799s
2026-10-06 00:20:38 DONE dpRu2_B_N rc=0 623s
2026-10-06 00:20:38 LAUNCH dpRu2_C_W pid=28056 free=4.2GB running=7
2026-10-06 00:20:40 LAUNCH dpRu2_D_E pid=29504 free=3.4GB running=8
2026-10-06 00:20:53 DONE dpRu2_B_E rc=0 699s
2026-10-06 00:20:53 LAUNCH dpRu2_D_N pid=55412 free=3.4GB running=8
2026-10-06 00:22:10 DONE dpRu2_B_S rc=0 632s
2026-10-06 00:22:10 LAUNCH dpRu2_D_S pid=37236 free=3.5GB running=8
2026-10-06 00:27:47 DONE dpRu2_B_W rc=0 687s
2026-10-06 00:27:47 LAUNCH dpRu2_D_W pid=43308 free=3.3GB running=8
2026-10-06 00:28:14 DONE dpRu2_C_S rc=0 528s
2026-10-06 00:28:14 LAUNCH dp0r_A_E pid=56172 free=3.4GB running=8
2026-10-06 00:29:21 DONE dpRu2_C_N rc=0 682s
2026-10-06 00:29:21 LAUNCH dp0r_A_N pid=28664 free=3.3GB running=8
2026-10-06 00:29:53 DONE dpRu2_D_S rc=0 464s
2026-10-06 00:29:53 LAUNCH dp0r_A_S pid=29192 free=3.3GB running=8
2026-10-06 00:32:20 DONE dpRu2_D_N rc=0 688s
2026-10-06 00:32:20 LAUNCH dp0r_A_W pid=26628 free=3.4GB running=8
2026-10-06 00:33:32 DONE dpRu2_C_W rc=0 774s
2026-10-06 00:33:32 LAUNCH dp0r_B_E pid=28060 free=3.4GB running=8
2026-10-06 00:37:40 DONE dp0r_A_E rc=0 566s
2026-10-06 00:37:40 LAUNCH dp0r_B_N pid=53460 free=3.4GB running=8
2026-10-06 00:39:27 DONE dp0r_A_S rc=0 574s
2026-10-06 00:39:27 LAUNCH dp0r_B_S pid=48216 free=3.2GB running=8
2026-10-06 00:40:54 DONE dpRu2_C_E rc=0 1407s
2026-10-06 00:40:54 LAUNCH dp0r_B_W pid=33700 free=3.3GB running=8
2026-10-06 00:41:51 DONE dp0r_A_N rc=0 750s
2026-10-06 00:41:51 LAUNCH dp0r_C_E pid=28428 free=3.3GB running=8
2026-10-06 00:43:08 DONE dpRu2_D_E rc=0 1348s
2026-10-06 00:43:08 LAUNCH dp0r_C_N pid=20572 free=3.4GB running=8
2026-10-06 00:44:35 DONE dp0r_A_W rc=0 735s
2026-10-06 00:44:35 LAUNCH dp0r_C_S pid=53572 free=3.3GB running=8
2026-10-06 00:50:23 DONE dp0r_B_N rc=0 763s
2026-10-06 00:50:23 LAUNCH dp0r_C_W pid=30360 free=3.3GB running=8
2026-10-06 00:51:05 DONE dp0r_B_S rc=0 698s
2026-10-06 00:51:05 LAUNCH dp0r_D_E pid=38944 free=3.4GB running=8
2026-10-06 00:51:52 DONE dp0r_C_N rc=0 524s
2026-10-06 00:51:52 LAUNCH dp0r_D_N pid=42880 free=3.4GB running=8
2026-10-06 00:53:39 DONE dp0r_B_W rc=0 765s
2026-10-06 00:53:39 LAUNCH dp0r_D_S pid=26732 free=3.2GB running=8
2026-10-06 00:56:06 DONE dpRu2_D_W rc=0 1699s
2026-10-06 00:56:06 LAUNCH dp0r_D_W pid=44176 free=3.3GB running=8
2026-10-06 00:56:38 DONE dp0r_C_S rc=0 723s
2026-10-06 00:56:38 LAUNCH dp0r2_A_E pid=51712 free=3.4GB running=8
2026-10-06 01:01:10 DONE dp0r_B_E rc=0 1658s
2026-10-06 01:01:11 LAUNCH dp0r2_A_N pid=17472 free=3.3GB running=8
2026-10-06 01:03:08 DONE dp0r_D_N rc=0 676s
2026-10-06 01:03:08 LAUNCH dp0r2_A_S pid=39116 free=3.3GB running=8
2026-10-06 01:05:45 DONE dp0r_C_E rc=0 1434s
2026-10-06 01:05:45 LAUNCH dp0r2_A_W pid=49312 free=3.2GB running=8
2026-10-06 01:05:47 LAUNCH dp0r2_B_E pid=53136 free=3.2GB running=9
2026-10-06 01:05:49 LAUNCH dp0r2_B_N pid=29496 free=3.3GB running=10
2026-10-06 01:05:56 DONE dp0r_D_S rc=0 737s
2026-10-06 01:05:56 DONE dp0r2_A_E rc=0 558s
2026-10-06 01:07:16 DONE dp0r_D_W rc=0 670s
2026-10-06 01:07:16 LAUNCH dp0r2_B_S pid=23908 free=3.3GB running=8
2026-10-06 01:10:43 DONE dp0r2_A_N rc=0 573s
2026-10-06 01:10:43 LAUNCH dp0r2_B_W pid=10416 free=3.2GB running=8
2026-10-06 01:12:30 DONE dp0r2_A_S rc=0 563s
2026-10-06 01:12:30 LAUNCH dp0r2_C_E pid=34100 free=3.3GB running=8
2026-10-06 01:12:37 DONE dp0r_D_E rc=0 1293s
2026-10-06 01:12:37 LAUNCH dp0r2_C_N pid=25060 free=3.4GB running=8
2026-10-06 01:14:45 DONE dp0r2_B_N rc=0 536s
2026-10-06 01:14:45 LAUNCH dp0r2_C_S pid=37056 free=3.2GB running=8
2026-10-06 01:15:22 DONE dp0r_C_W rc=0 1499s
2026-10-06 01:15:22 LAUNCH dp0r2_C_W pid=55664 free=3.3GB running=8
2026-10-06 01:16:59 DONE dp0r2_A_W rc=0 674s
2026-10-06 01:16:59 LAUNCH dp0r2_D_E pid=29528 free=3.3GB running=8
2026-10-06 01:18:16 DONE dp0r2_B_S rc=0 660s
2026-10-06 01:18:16 LAUNCH dp0r2_D_N pid=55368 free=3.3GB running=8
2026-10-06 01:22:28 DONE dp0r2_B_W rc=0 705s
2026-10-06 01:22:28 LAUNCH dp0r2_D_S pid=43024 free=3.2GB running=8
2026-10-06 01:22:50 DONE dp0r2_C_S rc=0 486s
2026-10-06 01:22:50 LAUNCH dp0r2_D_W pid=52908 free=3.2GB running=8
2026-10-06 01:23:27 DONE dp0r2_C_N rc=0 650s
2026-10-06 01:23:27 LAUNCH dp0u_A_E pid=24508 free=3.3GB running=8
2026-10-06 01:26:30 DONE dp0r2_B_E rc=0 1243s
2026-10-06 01:26:30 LAUNCH dp0u_A_N pid=50508 free=3.3GB running=8
2026-10-06 01:27:57 DONE dp0r2_C_W rc=0 755s
2026-10-06 01:27:57 LAUNCH dp0u_A_S pid=18632 free=3.4GB running=8
2026-10-06 01:29:39 DONE dp0r2_D_N rc=0 683s
2026-10-06 01:29:39 LAUNCH dp0u_A_W pid=28056 free=3.3GB running=8
2026-10-06 01:30:31 DONE dp0r2_D_S rc=0 483s
2026-10-06 01:30:31 LAUNCH dp0u_B_E pid=26676 free=3.3GB running=8
2026-10-06 01:32:23 DONE dp0u_A_E rc=0 536s
2026-10-06 01:32:23 LAUNCH dp0u_B_N pid=8964 free=3.3GB running=8
2026-10-06 01:35:50 DONE dp0r2_C_E rc=0 1400s
2026-10-06 01:35:50 LAUNCH dp0u_B_S pid=16788 free=3.3GB running=8
2026-10-06 01:36:37 DONE dp0r2_D_W rc=0 827s
2026-10-06 01:36:37 LAUNCH dp0u_B_W pid=51504 free=3.4GB running=8
2026-10-06 01:38:00 DONE dp0u_A_N rc=0 690s
2026-10-06 01:38:00 LAUNCH dp0u_C_E pid=34476 free=3.4GB running=8
2026-10-06 01:38:27 DONE dp0r2_D_E rc=0 1288s
2026-10-06 01:38:27 LAUNCH dp0u_C_N pid=24172 free=3.4GB running=8
2026-10-06 01:38:29 LAUNCH dp0u_C_S pid=55856 free=3.4GB running=9
2026-10-06 01:38:36 DONE dp0u_A_S rc=0 639s
2026-10-06 01:40:36 DONE dp0u_A_W rc=0 657s
2026-10-06 01:40:36 LAUNCH dp0u_C_W pid=54872 free=3.3GB running=8
2026-10-06 01:42:43 DONE dp0u_B_N rc=0 620s
2026-10-06 01:42:43 LAUNCH dp0u_D_E pid=43540 free=3.4GB running=8
2026-10-06 01:47:45 DONE dp0u_C_N rc=0 559s
2026-10-06 01:47:45 LAUNCH dp0u_D_N pid=52024 free=3.3GB running=8
2026-10-06 01:48:12 DONE dp0u_B_S rc=0 742s
2026-10-06 01:48:12 LAUNCH dp0u_D_S pid=29636 free=3.3GB running=8
2026-10-06 01:49:09 DONE dp0u_B_W rc=0 752s
2026-10-06 01:49:09 LAUNCH dp0u_D_W pid=39892 free=3.2GB running=8
2026-10-06 01:49:26 DONE dp0u_C_S rc=0 658s
2026-10-06 01:49:26 LAUNCH dp0u2_A_E pid=27632 free=3.1GB running=8
2026-10-06 01:56:49 DONE dp0u_B_E rc=0 1578s
2026-10-06 01:56:49 LAUNCH dp0u2_A_N pid=54652 free=3.3GB running=8
2026-10-06 01:57:36 DONE dp0u_D_S rc=0 564s
2026-10-06 01:57:36 LAUNCH dp0u2_A_S pid=26924 free=3.3GB running=8
2026-10-06 01:59:13 DONE dp0u2_A_E rc=0 587s
2026-10-06 01:59:13 LAUNCH dp0u2_A_W pid=29128 free=3.4GB running=8
2026-10-06 01:59:20 DONE dp0u_D_N rc=0 695s
2026-10-06 01:59:20 LAUNCH dp0u2_B_E pid=5128 free=3.3GB running=8
2026-10-06 02:00:47 DONE dp0u_D_W rc=0 698s
2026-10-06 02:00:47 LAUNCH dp0u2_B_N pid=44136 free=3.3GB running=8
2026-10-06 02:01:34 DONE dp0u_C_E rc=0 1415s
2026-10-06 02:01:34 LAUNCH dp0u2_B_S pid=21152 free=3.4GB running=8
2026-10-06 02:06:22 DONE dp0u_D_E rc=0 1419s
2026-10-06 02:06:22 LAUNCH dp0u2_B_W pid=52260 free=3.3GB running=8
2026-10-06 02:07:44 DONE dp0u2_A_N rc=0 655s
2026-10-06 02:07:44 LAUNCH dp0u2_C_E pid=54512 free=3.4GB running=8
2026-10-06 02:08:51 DONE dp0u2_A_S rc=0 675s
2026-10-06 02:08:51 LAUNCH dp0u2_C_N pid=49756 free=3.3GB running=8
2026-10-06 02:10:33 DONE dp0u_C_W rc=0 1797s
2026-10-06 02:10:33 LAUNCH dp0u2_C_S pid=43796 free=3.2GB running=8
2026-10-06 02:11:05 DONE dp0u2_A_W rc=0 712s
2026-10-06 02:11:05 DONE dp0u2_B_E rc=0 705s
2026-10-06 02:11:05 DONE dp0u2_B_N rc=0 618s
2026-10-06 02:11:05 LAUNCH dp0u2_C_W pid=47056 free=5.0GB running=6
2026-10-06 02:11:07 LAUNCH dp0u2_D_E pid=54788 free=4.2GB running=7
2026-10-06 02:11:09 LAUNCH dp0u2_D_N pid=30732 free=3.4GB running=8
2026-10-06 02:12:06 DONE dp0u2_B_S rc=0 632s
2026-10-06 02:12:06 LAUNCH dp0u2_D_S pid=50172 free=3.4GB running=8
2026-10-06 02:17:49 DONE dp0u2_B_W rc=0 687s
2026-10-06 02:17:49 LAUNCH dp0u2_D_W pid=56272 free=3.3GB running=8
2026-10-06 02:19:26 DONE dp0u2_C_S rc=0 533s
2026-10-06 02:19:26 LAUNCH dpGRa pid=52244 free=3.1GB running=8
2026-10-06 02:19:48 DONE dp0u2_D_S rc=0 462s
2026-10-06 02:19:48 LAUNCH dpGRb pid=26008 free=3.2GB running=8
2026-10-06 02:20:00 DONE dp0u2_C_N rc=0 669s
2026-10-06 02:20:00 LAUNCH dpGRc pid=53036 free=3.2GB running=8
2026-10-06 02:22:42 DONE dp0u2_D_N rc=0 693s
2026-10-06 02:22:42 LAUNCH dpGRs pid=46400 free=3.4GB running=8
2026-10-06 02:23:54 DONE dp0u2_C_W rc=0 769s
2026-10-06 02:23:54 LAUNCH dpG0a pid=31092 free=3.3GB running=8
2026-10-06 02:31:02 DONE dp0u2_C_E rc=0 1398s
2026-10-06 02:31:02 LAUNCH dpG0b pid=29680 free=3.3GB running=8
2026-10-06 02:33:34 DONE dp0u2_D_E rc=0 1347s
2026-10-06 02:33:34 LAUNCH dpG0c pid=53012 free=3.4GB running=8
2026-10-06 02:45:46 LAUNCH dpG0s pid=41016 free=3.0GB running=9
2026-10-06 02:46:18 DONE dp0u2_D_W rc=0 1710s
2026-10-06 03:06:15 DONE dpGRc rc=0 2775s
2026-10-06 03:06:30 DONE dpGRs rc=0 2628s
2026-10-06 03:15:35 DONE dpGRb rc=0 3347s
2026-10-06 03:19:10 DONE dpG0c rc=0 2737s
2026-10-06 03:25:03 DONE dpG0b rc=0 3241s
2026-10-06 03:27:03 DONE dpG0s rc=0 2477s
2026-10-06 03:35:13 DONE dpGRa rc=0 4548s
2026-10-06 03:37:43 DONE dpG0a rc=0 4429s
2026-10-06 03:37:48 ALL_MF2_COMPLETE E:\Projects\SAS_wt\dispatch\outputs\_dp_q_identity.jsonl 136/136 0 FAIL
