START d_east_default_101 10:51:04
START d_east_default_202 10:51:04
START d_east_default_303 10:51:04
START d_east_half_101 10:51:04
START d_east_half_202 10:51:04
START d_east_half_303 10:51:05
START d_east_half_404 10:51:05
START d_east_half_505 10:51:05
START d_south_half_101 10:51:05
START d_south_half_202 10:51:05
START d_south_half_303 10:51:05
START d_south_half_404 10:51:06
OK   d_south_half_303 10:57:53
OK   d_east_default_202 10:57:53
OK   d_east_default_101 10:58:36
OK   d_south_half_202 10:59:07
OK   d_east_default_303 10:59:37
OK   d_south_half_404 10:59:43
OK   d_south_half_101 11:00:37
OK   d_east_half_404 11:03:42
OK   d_east_half_303 11:03:55
OK   d_east_half_505 11:04:03
OK   d_east_half_101 11:05:43
OK   d_east_half_202 11:06:36
START d_south_half_505 11:06:36
START d_east_half_606 11:06:36
START d_east_half_707 11:06:37
START d_east_half_808 11:06:37
START d_east_half_909 11:06:37
START d_east_half_1010 11:06:37
START d_south_half_606 11:06:37
START d_south_half_707 11:06:37
START d_south_half_808 11:06:38
START d_south_half_909 11:06:38
START d_south_half_1010 11:06:38
OK   d_east_half_707 11:09:06
OK   d_south_half_909 11:11:16
OK   d_south_half_505 11:11:23
OK   d_south_half_606 11:11:32
OK   d_south_half_707 11:11:47
OK   d_south_half_808 11:12:03
OK   d_south_half_1010 11:12:13
OK   d_east_half_909 11:13:24
OK   d_east_half_808 11:14:23
OK   d_east_half_1010 11:15:31
OK   d_east_half_606 11:16:34
FAN DONE arm=d 11:16:34
