START a_east_default_101 09:31:54
START a_east_default_202 09:31:54
START a_east_default_303 09:31:54
START a_east_half_101 09:31:54
START a_east_half_202 09:31:54
START a_east_half_303 09:31:55
START a_east_half_404 09:31:55
START a_east_half_505 09:31:55
START a_south_half_101 09:31:55
START a_south_half_202 09:31:55
START a_south_half_303 09:31:55
START a_south_half_404 09:31:55
START a_south_half_505 09:31:56
START a_east_half_606 09:31:56
START a_east_half_707 09:31:56
START a_east_half_808 09:31:56
OK   a_east_half_707 09:36:07
OK   a_east_default_202 09:38:17
OK   a_south_half_303 09:38:24
OK   a_east_default_101 09:39:04
OK   a_south_half_505 09:39:35
OK   a_south_half_202 09:39:35
OK   a_east_default_303 09:40:04
OK   a_south_half_404 09:40:21
OK   a_south_half_101 09:41:14
OK   a_east_half_404 09:44:26
OK   a_east_half_808 09:44:39
OK   a_east_half_303 09:44:41
OK   a_east_half_505 09:44:52
OK   a_east_half_101 09:46:16
OK   a_east_half_202 09:47:29
OK   a_east_half_606 09:47:59
START a_east_half_909 09:47:59
START a_east_half_1010 09:47:59
START a_south_half_606 09:48:00
START a_south_half_707 09:48:00
START a_south_half_808 09:48:00
START a_south_half_909 09:48:00
START a_south_half_1010 09:48:00
OK   a_south_half_909 09:54:46
OK   a_south_half_606 09:54:59
OK   a_south_half_707 09:55:11
OK   a_south_half_808 09:55:36
OK   a_south_half_1010 09:55:43
OK   a_east_half_909 09:57:51
OK   a_east_half_1010 09:59:56
FAN DONE arm=a 09:59:56
START b_east_default_101 09:59:56
START b_east_default_202 09:59:57
START b_east_default_303 09:59:57
START b_east_half_101 09:59:57
START b_east_half_202 09:59:57
START b_east_half_303 09:59:57
START b_east_half_404 09:59:57
START b_east_half_505 09:59:57
START b_south_half_101 09:59:58
START b_south_half_202 09:59:58
START b_south_half_303 09:59:58
START b_south_half_404 09:59:58
START b_south_half_505 09:59:58
START b_east_half_606 09:59:58
START b_east_half_707 09:59:59
START b_east_half_808 09:59:59
OK   b_east_half_707 10:04:00
OK   b_east_default_202 10:06:06
OK   b_south_half_303 10:06:19
OK   b_east_default_101 10:06:53
OK   b_south_half_202 10:07:33
OK   b_south_half_505 10:07:36
OK   b_east_default_303 10:08:02
OK   b_south_half_404 10:08:15
OK   b_south_half_101 10:09:08
OK   b_east_half_303 10:13:09
OK   b_east_half_404 10:13:11
OK   b_east_half_808 10:13:13
OK   b_east_half_505 10:13:30
OK   b_east_half_101 10:15:14
OK   b_east_half_202 10:16:23
OK   b_east_half_606 10:17:14
START b_east_half_909 10:17:14
START b_east_half_1010 10:17:14
START b_south_half_606 10:17:15
START b_south_half_707 10:17:15
START b_south_half_808 10:17:15
START b_south_half_909 10:17:15
START b_south_half_1010 10:17:15
OK   b_south_half_909 10:24:26
OK   b_south_half_606 10:24:46
OK   b_south_half_707 10:25:06
OK   b_south_half_808 10:25:24
OK   b_south_half_1010 10:25:48
OK   b_east_half_909 10:28:01
OK   b_east_half_1010 10:31:21
FAN DONE arm=b 10:31:21
START none_east_half_111 10:31:21
START none_east_half_222 10:31:22
START none_east_half_333 10:31:22
START none_east_half_444 10:31:22
OK   none_east_half_444 10:34:18
OK   none_east_half_333 10:43:25
OK   none_east_half_111 10:46:23
OK   none_east_half_222 10:47:08
FAN DONE arm=none 10:47:08
ALL FANS DONE 10:47:08
