START a_east_half_111 11:17:19
START a_east_half_222 11:17:19
START a_east_half_333 11:17:19
START a_east_half_444 11:17:20
OK   a_east_half_444 11:19:19
OK   a_east_half_333 11:25:00
OK   a_east_half_111 11:26:13
OK   a_east_half_222 11:27:05
FAN DONE arm=a 11:27:05
START b_east_half_111 11:27:05
START b_east_half_222 11:27:06
START b_east_half_333 11:27:06
START b_east_half_444 11:27:06
OK   b_east_half_444 11:29:05
OK   b_east_half_333 11:34:41
OK   b_east_half_111 11:36:06
OK   b_east_half_222 11:36:42
FAN DONE arm=b 11:36:42
START c_east_half_111 11:36:42
START c_east_half_222 11:36:42
START c_east_half_333 11:36:42
START c_east_half_444 11:36:43
OK   c_east_half_444 11:38:45
OK   c_east_half_333 11:44:22
OK   c_east_half_111 11:45:27
OK   c_east_half_222 11:46:29
FAN DONE arm=c 11:46:29
START d_east_half_111 11:46:29
START d_east_half_222 11:46:29
START d_east_half_333 11:46:29
START d_east_half_444 11:46:29
OK   d_east_half_444 11:48:27
OK   d_east_half_333 11:53:56
OK   d_east_half_111 11:55:09
OK   d_east_half_222 11:56:04
FAN DONE arm=d 11:56:04
EXT ARMS DONE
