START c_east_default_101 10:07:14
START c_east_default_202 10:07:14
START c_east_default_303 10:07:14
START c_east_half_101 10:07:14
START c_east_half_202 10:07:14
START c_east_half_303 10:07:14
START c_east_half_404 10:07:15
START c_east_half_505 10:07:15
OK   c_east_default_202 10:13:24
OK   c_east_default_101 10:14:12
OK   c_east_default_303 10:15:09
OK   c_east_half_404 10:19:34
OK   c_east_half_303 10:19:43
OK   c_east_half_505 10:20:11
OK   c_east_half_101 10:22:03
OK   c_east_half_202 10:23:17
START c_south_half_101 10:23:17
START c_south_half_202 10:23:17
START c_south_half_303 10:23:17
START c_south_half_404 10:23:17
START c_south_half_505 10:23:18
START c_east_half_606 10:23:18
START c_east_half_707 10:23:18
START c_east_half_808 10:23:18
OK   c_east_half_707 10:27:24
OK   c_south_half_303 10:29:21
OK   c_south_half_202 10:30:21
OK   c_south_half_505 10:30:30
OK   c_south_half_404 10:30:56
OK   c_south_half_101 10:31:43
OK   c_east_half_808 10:35:11
OK   c_east_half_606 10:38:34
START c_east_half_909 10:38:34
START c_east_half_1010 10:38:34
START c_south_half_606 10:38:35
START c_south_half_707 10:38:35
START c_south_half_808 10:38:35
START c_south_half_909 10:38:35
START c_south_half_1010 10:38:35
OK   c_south_half_909 10:45:40
OK   c_south_half_606 10:45:57
OK   c_south_half_707 10:46:06
OK   c_south_half_808 10:46:34
OK   c_south_half_1010 10:46:54
OK   c_east_half_909 10:48:28
OK   c_east_half_1010 10:50:48
FAN DONE arm=c 10:50:48
