START none_east_default_101 08:58:50
START none_east_default_202 08:58:50
START none_east_default_303 08:58:50
START none_east_half_101 08:58:50
START none_east_half_202 08:58:50
START none_east_half_303 08:58:50
START none_east_half_404 08:58:51
START none_east_half_505 08:58:51
START none_south_half_101 08:58:51
START none_south_half_202 08:58:51
START none_south_half_303 08:58:51
START none_south_half_404 08:58:51
OK   none_east_default_202 09:04:48
OK   none_south_half_303 09:05:04
OK   none_east_default_101 09:05:38
OK   none_south_half_202 09:06:23
OK   none_east_default_303 09:06:38
OK   none_south_half_404 09:06:54
OK   none_south_half_101 09:07:40
OK   none_east_half_404 09:11:01
OK   none_east_half_303 09:11:03
OK   none_east_half_505 09:11:18
OK   none_east_half_101 09:12:42
OK   none_east_half_202 09:13:40
START none_south_half_505 09:13:40
START none_east_half_606 09:13:40
START none_east_half_707 09:13:40
START none_east_half_808 09:13:40
START none_east_half_909 09:13:41
START none_east_half_1010 09:13:41
START none_south_half_606 09:13:41
START none_south_half_707 09:13:41
START none_south_half_808 09:13:41
START none_south_half_909 09:13:41
START none_south_half_1010 09:13:42
OK   none_east_half_707 09:17:30
OK   none_south_half_505 09:21:05
OK   none_south_half_909 09:21:09
OK   none_south_half_606 09:21:20
OK   none_south_half_707 09:21:29
OK   none_south_half_808 09:21:50
OK   none_south_half_1010 09:22:15
OK   none_east_half_909 09:24:12
OK   none_east_half_808 09:25:40
OK   none_east_half_1010 09:27:23
OK   none_east_half_606 09:28:29
FAN DONE arm=none 09:28:29
