2026-10-01 08:08:33 START E:\Projects\SAS\outputs\_fb3_q_id.jsonl 16 runs maxpar=14 min_free=3.0
2026-10-01 08:08:33 LAUNCH fb3id_A_E pid=47452 free=17.1GB running=1
2026-10-01 08:08:35 LAUNCH fb3id_A_N pid=26000 free=16.3GB running=2
2026-10-01 08:08:37 LAUNCH fb3id_A_S pid=51800 free=15.5GB running=3
2026-10-01 08:08:39 LAUNCH fb3id_A_W pid=44000 free=14.6GB running=4
2026-10-01 08:08:41 LAUNCH fb3id_B_E pid=40376 free=13.8GB running=5
2026-10-01 08:08:43 LAUNCH fb3id_B_N pid=46288 free=13.0GB running=6
2026-10-01 08:08:45 LAUNCH fb3id_B_S pid=13368 free=12.2GB running=7
2026-10-01 08:08:47 LAUNCH fb3id_B_W pid=30280 free=11.4GB running=8
2026-10-01 08:08:49 LAUNCH fb3id_C_E pid=35796 free=10.5GB running=9
2026-10-01 08:08:51 LAUNCH fb3id_C_N pid=46468 free=9.7GB running=10
2026-10-01 08:08:53 LAUNCH fb3id_C_S pid=46896 free=8.9GB running=11
2026-10-01 08:08:55 LAUNCH fb3id_C_W pid=40140 free=8.2GB running=12
2026-10-01 08:08:57 LAUNCH fb3id_D_E pid=43424 free=7.3GB running=13
2026-10-01 08:08:59 LAUNCH fb3id_D_N pid=16536 free=6.5GB running=14
2026-10-01 08:12:27 DONE fb3id_B_W rc=0 219s
2026-10-01 08:12:27 LAUNCH fb3id_D_S pid=16144 free=6.3GB running=14
2026-10-01 08:14:49 DONE fb3id_A_S rc=0 371s
2026-10-01 08:14:49 LAUNCH fb3id_D_W pid=28616 free=6.0GB running=14
2026-10-01 08:15:31 DONE fb3id_A_E rc=0 417s
2026-10-01 08:15:36 DONE fb3id_C_N rc=0 404s
2026-10-01 08:15:56 DONE fb3id_A_W rc=0 436s
2026-10-01 08:16:01 DONE fb3id_B_N rc=0 437s
2026-10-01 08:16:01 DONE fb3id_B_S rc=0 435s
2026-10-01 08:16:51 DONE fb3id_A_N rc=0 495s
2026-10-01 08:17:46 DONE fb3id_D_E rc=0 528s
2026-10-01 08:17:51 DONE fb3id_B_E rc=0 549s
2026-10-01 08:18:06 DONE fb3id_C_S rc=0 552s
2026-10-01 08:18:06 DONE fb3id_D_N rc=0 546s
2026-10-01 08:19:26 DONE fb3id_C_W rc=0 631s
2026-10-01 08:19:51 DONE fb3id_C_E rc=0 662s
2026-10-01 08:20:31 DONE fb3id_D_S rc=0 484s
2026-10-01 08:25:31 DONE fb3id_D_W rc=0 643s
2026-10-01 08:25:36 ALL_MF2_COMPLETE E:\Projects\SAS\outputs\_fb3_q_id.jsonl 16/16 0 FAIL
