2026-10-01 14:06:32 START E:\Projects\SAS\outputs\_fb3_q_rescreen.jsonl 100 runs maxpar=14 min_free=3.0
2026-10-01 14:06:32 LAUNCH fb3ha pid=16244 free=16.9GB running=1
2026-10-01 14:06:34 LAUNCH fb3hb pid=44884 free=16.1GB running=2
2026-10-01 14:06:36 LAUNCH fb3hc pid=48152 free=15.2GB running=3
2026-10-01 14:06:38 LAUNCH fb3hs pid=29628 free=14.4GB running=4
2026-10-01 14:06:40 LAUNCH fb3idc_A_E pid=41264 free=13.6GB running=5
2026-10-01 14:06:42 LAUNCH fb3idc_A_N pid=50976 free=12.8GB running=6
2026-10-01 14:06:44 LAUNCH fb3idc_A_S pid=2860 free=12.0GB running=7
2026-10-01 14:06:46 LAUNCH fb3idc_A_W pid=47376 free=11.2GB running=8
2026-10-01 14:06:48 LAUNCH fb3idc_B_E pid=51524 free=10.4GB running=9
2026-10-01 14:06:50 LAUNCH fb3idc_B_N pid=45896 free=9.5GB running=10
2026-10-01 14:06:52 LAUNCH fb3idc_B_S pid=14756 free=8.7GB running=11
2026-10-01 14:06:54 LAUNCH fb3idc_B_W pid=9204 free=7.9GB running=12
2026-10-01 14:06:56 LAUNCH fb3idc_C_E pid=43128 free=7.1GB running=13
2026-10-01 14:06:58 LAUNCH fb3idc_C_N pid=25904 free=6.3GB running=14
2026-10-01 14:12:21 DONE fb3idc_B_W rc=0 326s
2026-10-01 14:12:21 LAUNCH fb3idc_C_S pid=22788 free=5.7GB running=14
2026-10-01 14:15:58 DONE fb3idc_A_S rc=0 554s
2026-10-01 14:15:58 LAUNCH fb3idc_C_W pid=46568 free=5.7GB running=14
2026-10-01 14:16:55 DONE fb3idc_C_N rc=0 597s
2026-10-01 14:16:55 LAUNCH fb3idc_D_E pid=41364 free=5.7GB running=14
2026-10-01 14:17:02 DONE fb3idc_A_E rc=0 622s
2026-10-01 14:17:02 LAUNCH fb3idc_D_N pid=39200 free=5.7GB running=14
2026-10-01 14:17:24 DONE fb3idc_B_N rc=0 634s
2026-10-01 14:17:24 LAUNCH fb3idc_D_S pid=16544 free=5.8GB running=14
2026-10-01 14:17:31 DONE fb3idc_B_S rc=0 639s
2026-10-01 14:17:31 LAUNCH fb3idc_D_W pid=42768 free=5.8GB running=14
2026-10-01 14:17:48 DONE fb3idc_A_W rc=0 662s
2026-10-01 14:17:48 LAUNCH fb3bfr_A_E pid=52068 free=5.9GB running=14
2026-10-01 14:18:55 DONE fb3idc_A_N rc=0 733s
2026-10-01 14:18:55 LAUNCH fb3bfr_A_N pid=46288 free=5.8GB running=14
2026-10-01 14:20:28 DONE fb3idc_B_E rc=0 819s
2026-10-01 14:20:28 LAUNCH fb3bfr_A_S pid=46260 free=5.7GB running=14
2026-10-01 14:24:30 DONE fb3idc_C_E rc=0 1054s
2026-10-01 14:24:30 LAUNCH fb3bfr_A_W pid=47940 free=5.7GB running=14
2026-10-01 14:26:17 DONE fb3idc_C_S rc=0 836s
2026-10-01 14:26:17 LAUNCH fb3bfr_B_E pid=44688 free=5.7GB running=14
2026-10-01 14:28:39 DONE fb3bfr_A_E rc=0 651s
2026-10-01 14:28:39 LAUNCH fb3bfr_B_N pid=1948 free=5.7GB running=14
2026-10-01 14:29:11 DONE fb3bfr_A_S rc=0 523s
2026-10-01 14:29:11 LAUNCH fb3bfr_B_S pid=47864 free=5.7GB running=14
2026-10-01 14:30:23 DONE fb3idc_D_S rc=0 779s
2026-10-01 14:30:23 LAUNCH fb3bfr_B_W pid=40956 free=5.8GB running=14
2026-10-01 14:30:30 DONE fb3idc_D_E rc=0 815s
2026-10-01 14:30:30 LAUNCH fb3bfr_C_E pid=5788 free=5.8GB running=14
2026-10-01 14:30:47 DONE fb3idc_D_N rc=0 825s
2026-10-01 14:30:47 LAUNCH fb3bfr_C_N pid=45712 free=5.8GB running=14
2026-10-01 14:31:09 DONE fb3bfr_A_N rc=0 734s
2026-10-01 14:31:09 LAUNCH fb3bfr_C_S pid=42140 free=5.8GB running=14
2026-10-01 14:32:51 DONE fb3idc_C_W rc=0 1013s
2026-10-01 14:32:51 LAUNCH fb3bfr_C_W pid=25852 free=5.9GB running=14
2026-10-01 14:35:49 DONE fb3bfr_B_W rc=0 325s
2026-10-01 14:35:49 LAUNCH fb3bfr_D_E pid=43072 free=5.7GB running=14
2026-10-01 14:37:16 DONE fb3idc_D_W rc=0 1184s
2026-10-01 14:37:16 DONE fb3bfr_A_W rc=0 766s
2026-10-01 14:37:16 LAUNCH fb3bfr_D_N pid=46544 free=6.6GB running=13
2026-10-01 14:37:18 LAUNCH fb3bfr_D_S pid=45376 free=5.7GB running=14
2026-10-01 14:38:25 DONE fb3bfr_B_E rc=0 728s
2026-10-01 14:38:25 LAUNCH fb3bfr_D_W pid=50348 free=5.8GB running=14
2026-10-01 14:39:52 DONE fb3bfr_B_N rc=0 673s
2026-10-01 14:39:52 LAUNCH fb3bfr2_A_E pid=40488 free=5.8GB running=14
2026-10-01 14:40:49 DONE fb3bfr_C_N rc=0 602s
2026-10-01 14:40:49 LAUNCH fb3bfr2_A_N pid=16412 free=5.8GB running=14
2026-10-01 14:41:06 DONE fb3bfr_B_S rc=0 715s
2026-10-01 14:41:06 LAUNCH fb3bfr2_A_S pid=2632 free=5.9GB running=14
2026-10-01 14:44:13 DONE fb3bfr_C_S rc=0 784s
2026-10-01 14:44:13 LAUNCH fb3bfr2_A_W pid=41568 free=5.9GB running=14
2026-10-01 14:47:30 DONE fb3bfr_C_E rc=0 1020s
2026-10-01 14:47:30 LAUNCH fb3bfr2_B_E pid=18456 free=5.8GB running=14
2026-10-01 14:48:07 DONE fb3bfr_D_N rc=0 652s
2026-10-01 14:48:07 LAUNCH fb3bfr2_B_N pid=32248 free=5.8GB running=14
2026-10-01 14:48:44 DONE fb3bfr_C_W rc=0 953s
2026-10-01 14:48:44 LAUNCH fb3bfr2_B_S pid=43112 free=5.9GB running=14
2026-10-01 14:48:51 DONE fb3bfr_D_S rc=0 694s
2026-10-01 14:48:51 LAUNCH fb3bfr2_B_W pid=39868 free=5.9GB running=14
2026-10-01 14:49:18 DONE fb3bfr2_A_E rc=0 567s
2026-10-01 14:49:18 LAUNCH fb3bfr2_C_E pid=616 free=5.9GB running=14
2026-10-01 14:50:15 DONE fb3bfr_D_E rc=0 867s
2026-10-01 14:50:15 LAUNCH fb3bfr2_C_N pid=35608 free=5.9GB running=14
2026-10-01 14:50:22 DONE fb3hs rc=0 2624s
2026-10-01 14:50:22 LAUNCH fb3bfr2_C_S pid=47212 free=5.9GB running=14
2026-10-01 14:50:30 DONE fb3bfr2_A_S rc=0 564s
2026-10-01 14:50:30 LAUNCH fb3bfr2_C_W pid=21004 free=6.0GB running=14
2026-10-01 14:51:27 DONE fb3bfr2_A_N rc=0 638s
2026-10-01 14:51:27 LAUNCH fb3bfr2_D_E pid=50592 free=6.0GB running=14
2026-10-01 14:54:14 DONE fb3hc rc=0 2858s
2026-10-01 14:54:14 LAUNCH fb3bfr2_D_N pid=12956 free=5.9GB running=14
2026-10-01 14:54:56 DONE fb3bfr2_A_W rc=0 643s
2026-10-01 14:54:56 LAUNCH fb3bfr2_D_S pid=48464 free=5.9GB running=14
2026-10-01 14:56:58 DONE fb3bfr_D_W rc=0 1113s
2026-10-01 14:56:58 LAUNCH fb3bfr2_D_W pid=4684 free=5.9GB running=14
2026-10-01 14:58:50 DONE fb3bfr2_C_S rc=0 507s
2026-10-01 14:58:50 LAUNCH fb3bdr_A_E pid=43232 free=5.1GB running=14
2026-10-01 14:58:57 DONE fb3hb rc=0 3143s
2026-10-01 14:58:57 LAUNCH fb3bdr_A_N pid=30016 free=4.7GB running=14
2026-10-01 14:59:49 DONE fb3bfr2_B_N rc=0 702s
2026-10-01 14:59:49 LAUNCH fb3bdr_A_S pid=49916 free=5.8GB running=14
2026-10-01 15:00:31 DONE fb3bfr2_B_E rc=0 781s
2026-10-01 15:00:31 DONE fb3bfr2_B_S rc=0 707s
2026-10-01 15:00:31 LAUNCH fb3bdr_A_W pid=18484 free=6.7GB running=13
2026-10-01 15:00:33 LAUNCH fb3bdr_B_E pid=45804 free=5.7GB running=14
2026-10-01 15:01:00 DONE fb3bfr2_C_E rc=0 702s
2026-10-01 15:01:00 LAUNCH fb3bdr_B_N pid=51960 free=5.9GB running=14
2026-10-01 15:01:07 DONE fb3bfr2_C_N rc=0 652s
2026-10-01 15:01:07 LAUNCH fb3bdr_B_S pid=44472 free=5.9GB running=14
2026-10-01 15:04:34 DONE fb3bfr2_D_S rc=0 579s
2026-10-01 15:04:34 LAUNCH fb3bdr_B_W pid=7844 free=5.6GB running=14
2026-10-01 15:06:36 DONE fb3bfr2_D_N rc=0 743s
2026-10-01 15:06:36 LAUNCH fb3bdr_C_E pid=38216 free=5.8GB running=14
2026-10-01 15:06:43 DONE fb3bfr2_B_W rc=0 1072s
2026-10-01 15:06:43 LAUNCH fb3bdr_C_N pid=6512 free=5.9GB running=14
2026-10-01 15:07:10 DONE fb3bfr2_C_W rc=0 1001s
2026-10-01 15:07:10 LAUNCH fb3bdr_C_S pid=45328 free=5.9GB running=14
2026-10-01 15:07:23 DONE fb3bdr_A_S rc=0 454s
2026-10-01 15:07:23 LAUNCH fb3bdr_C_W pid=44480 free=5.9GB running=14
2026-10-01 15:08:00 DONE fb3bfr2_D_E rc=0 993s
2026-10-01 15:08:00 DONE fb3bdr_A_E rc=0 550s
2026-10-01 15:08:00 LAUNCH fb3bdr_D_E pid=5032 free=6.7GB running=13
2026-10-01 15:08:02 LAUNCH fb3bdr_D_N pid=23372 free=5.9GB running=14
2026-10-01 15:08:14 DONE fb3bdr_B_W rc=0 219s
2026-10-01 15:08:14 LAUNCH fb3bdr_D_S pid=49512 free=5.9GB running=14
2026-10-01 15:08:51 DONE fb3bdr_A_N rc=0 594s
2026-10-01 15:08:51 LAUNCH fb3bdr_D_W pid=48192 free=5.9GB running=14
2026-10-01 15:09:23 DONE fb3bdr_A_W rc=0 532s
2026-10-01 15:09:23 LAUNCH fb3bdr2_A_E pid=49644 free=5.9GB running=14
2026-10-01 15:09:30 DONE fb3bdr_B_N rc=0 510s
2026-10-01 15:09:30 LAUNCH fb3bdr2_A_N pid=16816 free=5.9GB running=14
2026-10-01 15:09:57 DONE fb3bdr_B_E rc=0 564s
2026-10-01 15:09:57 LAUNCH fb3bdr2_A_S pid=27972 free=5.9GB running=14
2026-10-01 15:10:04 DONE fb3bdr_B_S rc=0 537s
2026-10-01 15:10:04 LAUNCH fb3bdr2_A_W pid=21084 free=6.0GB running=14
2026-10-01 15:13:16 DONE fb3bfr2_D_W rc=0 978s
2026-10-01 15:13:16 DONE fb3bdr_C_N rc=0 392s
2026-10-01 15:13:16 LAUNCH fb3bdr2_B_E pid=45892 free=6.8GB running=13
2026-10-01 15:13:18 LAUNCH fb3bdr2_B_N pid=42016 free=5.9GB running=14
2026-10-01 15:14:25 DONE fb3bdr_D_N rc=0 383s
2026-10-01 15:14:25 LAUNCH fb3bdr2_B_S pid=40264 free=5.9GB running=14
2026-10-01 15:15:12 DONE fb3bdr2_A_E rc=0 349s
2026-10-01 15:15:12 LAUNCH fb3bdr2_B_W pid=47844 free=5.8GB running=14
2026-10-01 15:15:19 DONE fb3bdr_C_S rc=0 489s
2026-10-01 15:15:19 LAUNCH fb3bdr2_C_E pid=40996 free=5.9GB running=14
2026-10-01 15:15:26 DONE fb3ha rc=0 4134s
2026-10-01 15:15:26 LAUNCH fb3bdr2_C_N pid=34296 free=5.9GB running=14
2026-10-01 15:15:38 DONE fb3bdr2_A_S rc=0 341s
2026-10-01 15:15:38 LAUNCH fb3bdr2_C_S pid=33292 free=5.9GB running=14
2026-10-01 15:16:00 DONE fb3bdr_D_S rc=0 466s
2026-10-01 15:16:00 LAUNCH fb3bdr2_C_W pid=33420 free=5.9GB running=14
2026-10-01 15:16:22 DONE fb3bdr2_A_N rc=0 412s
2026-10-01 15:16:22 LAUNCH fb3bdr2_D_E pid=51724 free=5.9GB running=14
2026-10-01 15:16:44 DONE fb3bdr2_A_W rc=0 400s
2026-10-01 15:16:44 LAUNCH fb3bdr2_D_N pid=32108 free=5.9GB running=14
2026-10-01 15:16:56 DONE fb3bdr_C_W rc=0 574s
2026-10-01 15:16:56 LAUNCH fb3bdr2_D_S pid=49800 free=6.0GB running=14
2026-10-01 15:17:03 DONE fb3bdr_C_E rc=0 627s
2026-10-01 15:17:03 LAUNCH fb3bdr2_D_W pid=44788 free=6.0GB running=14
2026-10-01 15:17:55 DONE fb3bdr_D_E rc=0 596s
2026-10-01 15:17:55 LAUNCH fb3vs3r_A_E pid=41472 free=6.0GB running=14
2026-10-01 15:20:17 DONE fb3bdr2_B_N rc=0 419s
2026-10-01 15:20:17 LAUNCH fb3vs3r_A_N pid=51712 free=5.9GB running=14
2026-10-01 15:20:49 DONE fb3bdr_D_W rc=0 719s
2026-10-01 15:20:49 LAUNCH fb3vs3r_A_S pid=41908 free=5.9GB running=14
2026-10-01 15:21:01 DONE fb3bdr2_C_S rc=0 323s
2026-10-01 15:21:01 LAUNCH fb3vs3r_A_W pid=9204 free=5.9GB running=14
2026-10-01 15:21:09 DONE fb3bdr2_B_E rc=0 473s
2026-10-01 15:21:09 LAUNCH fb3vs3r_B_E pid=4684 free=5.9GB running=14
2026-10-01 15:21:51 DONE fb3bdr2_C_N rc=0 385s
2026-10-01 15:21:51 LAUNCH fb3vs3r_B_N pid=21008 free=5.9GB running=14
2026-10-01 15:22:08 DONE fb3bdr2_B_S rc=0 463s
2026-10-01 15:22:08 LAUNCH fb3vs3r_B_S pid=46216 free=6.0GB running=14
2026-10-01 15:23:05 DONE fb3bdr2_C_E rc=0 466s
2026-10-01 15:23:05 LAUNCH fb3vs3r_B_W pid=15888 free=6.0GB running=14
2026-10-01 15:23:17 DONE fb3bdr2_D_S rc=0 380s
2026-10-01 15:23:17 LAUNCH fb3vs3r_C_E pid=20656 free=6.0GB running=14
2026-10-01 15:24:59 DONE fb3vs3r_A_E rc=0 423s
2026-10-01 15:24:59 LAUNCH fb3vs3r_C_N pid=10460 free=5.8GB running=14
2026-10-01 15:25:06 DONE fb3bdr2_D_N rc=0 502s
2026-10-01 15:25:06 LAUNCH fb3vs3r_C_S pid=40412 free=5.8GB running=14
2026-10-01 15:26:38 DONE fb3vs3r_A_S rc=0 348s
2026-10-01 15:26:38 LAUNCH fb3vs3r_C_W pid=36656 free=5.8GB running=14
2026-10-01 15:26:45 DONE fb3vs3r_B_W rc=0 220s
2026-10-01 15:26:45 LAUNCH fb3vs3r_D_E pid=43096 free=5.8GB running=14
2026-10-01 15:26:52 DONE fb3bdr2_C_W rc=0 652s
2026-10-01 15:26:52 LAUNCH fb3vs3r_D_N pid=28060 free=5.8GB running=14
2026-10-01 15:27:39 DONE fb3bdr2_B_W rc=0 747s
2026-10-01 15:27:39 DONE fb3bdr2_D_E rc=0 677s
2026-10-01 15:27:39 LAUNCH fb3vs3r_D_S pid=50704 free=6.7GB running=13
2026-10-01 15:27:41 LAUNCH fb3vs3r_D_W pid=4644 free=5.9GB running=14
2026-10-01 15:27:48 DONE fb3vs3r_B_E rc=0 400s
2026-10-01 15:28:08 DONE fb3vs3r_A_N rc=0 471s
2026-10-01 15:28:18 DONE fb3vs3r_A_W rc=0 437s
2026-10-01 15:29:03 DONE fb3vs3r_B_S rc=0 416s
2026-10-01 15:29:23 DONE fb3bdr2_D_W rc=0 740s
2026-10-01 15:29:48 DONE fb3vs3r_B_N rc=0 478s
2026-10-01 15:31:28 DONE fb3vs3r_C_N rc=0 390s
2026-10-01 15:32:23 DONE fb3vs3r_C_S rc=0 438s
2026-10-01 15:33:23 DONE fb3vs3r_C_E rc=0 607s
2026-10-01 15:33:53 DONE fb3vs3r_D_S rc=0 374s
2026-10-01 15:34:23 DONE fb3vs3r_D_N rc=0 451s
2026-10-01 15:35:58 DONE fb3vs3r_C_W rc=0 561s
2026-10-01 15:39:04 DONE fb3vs3r_D_E rc=0 739s
2026-10-01 15:43:49 DONE fb3vs3r_D_W rc=0 968s
2026-10-01 15:43:54 ALL_MF2_COMPLETE E:\Projects\SAS\outputs\_fb3_q_rescreen.jsonl 100/100 0 FAIL
