2026-10-01 08:43:34 START E:\Projects\SAS\outputs\_fb3_q_screen.jsonl 164 runs maxpar=14 min_free=3.0
2026-10-01 08:43:34 LAUNCH fb3ga pid=14464 free=17.1GB running=1
2026-10-01 08:43:36 LAUNCH fb3gb pid=29108 free=16.3GB running=2
2026-10-01 08:43:38 LAUNCH fb3gc pid=32200 free=15.5GB running=3
2026-10-01 08:43:40 LAUNCH fb3gs pid=40052 free=14.7GB running=4
2026-10-01 08:43:42 LAUNCH fb3idb_A_E pid=44720 free=13.8GB running=5
2026-10-01 08:43:44 LAUNCH fb3idb_A_N pid=30652 free=13.0GB running=6
2026-10-01 08:43:46 LAUNCH fb3idb_A_S pid=14144 free=12.2GB running=7
2026-10-01 08:43:48 LAUNCH fb3idb_A_W pid=50816 free=11.4GB running=8
2026-10-01 08:43:51 LAUNCH fb3idb_B_E pid=43296 free=10.5GB running=9
2026-10-01 08:43:53 LAUNCH fb3idb_B_N pid=45972 free=9.7GB running=10
2026-10-01 08:43:55 LAUNCH fb3idb_B_S pid=48576 free=8.9GB running=11
2026-10-01 08:43:57 LAUNCH fb3idb_B_W pid=34788 free=8.1GB running=12
2026-10-01 08:43:59 LAUNCH fb3idb_C_E pid=47340 free=7.3GB running=13
2026-10-01 08:44:01 LAUNCH fb3idb_C_N pid=28616 free=6.5GB running=14
2026-10-01 08:47:33 DONE fb3idb_B_W rc=0 216s
2026-10-01 08:47:33 LAUNCH fb3idb_C_S pid=35332 free=6.4GB running=14
2026-10-01 08:49:55 DONE fb3idb_A_S rc=0 368s
2026-10-01 08:49:55 LAUNCH fb3idb_C_W pid=50900 free=6.2GB running=14
2026-10-01 08:50:37 DONE fb3idb_C_N rc=0 396s
2026-10-01 08:50:37 LAUNCH fb3idb_D_E pid=46600 free=6.2GB running=14
2026-10-01 08:50:49 DONE fb3idb_A_E rc=0 426s
2026-10-01 08:50:49 LAUNCH fb3idb_D_N pid=37040 free=6.3GB running=14
2026-10-01 08:51:16 DONE fb3idb_B_N rc=0 443s
2026-10-01 08:51:16 LAUNCH fb3idb_D_S pid=35488 free=6.3GB running=14
2026-10-01 08:51:23 DONE fb3idb_A_W rc=0 454s
2026-10-01 08:51:23 DONE fb3idb_B_S rc=0 448s
2026-10-01 08:51:23 LAUNCH fb3idb_D_W pid=44716 free=7.2GB running=13
2026-10-01 08:51:25 LAUNCH fb3bf_A_E pid=32484 free=6.4GB running=14
2026-10-01 08:51:47 DONE fb3idb_A_N rc=0 482s
2026-10-01 08:51:47 LAUNCH fb3bf_A_N pid=46908 free=6.4GB running=14
2026-10-01 08:53:04 DONE fb3idb_B_E rc=0 553s
2026-10-01 08:53:04 LAUNCH fb3bf_A_S pid=48712 free=6.4GB running=14
2026-10-01 08:55:31 DONE fb3idb_C_E rc=0 693s
2026-10-01 08:55:31 LAUNCH fb3bf_A_W pid=26856 free=6.3GB running=14
2026-10-01 08:56:43 DONE fb3idb_C_S rc=0 551s
2026-10-01 08:56:43 LAUNCH fb3bf_B_E pid=2316 free=6.3GB running=14
2026-10-01 08:58:00 DONE fb3bf_A_S rc=0 296s
2026-10-01 08:58:00 LAUNCH fb3bf_B_N pid=36156 free=6.3GB running=14
2026-10-01 08:58:22 DONE fb3bf_A_E rc=0 417s
2026-10-01 08:58:22 LAUNCH fb3bf_B_S pid=23880 free=6.3GB running=14
2026-10-01 08:59:14 DONE fb3idb_D_E rc=0 518s
2026-10-01 08:59:14 LAUNCH fb3bf_B_W pid=11804 free=6.3GB running=14
2026-10-01 08:59:26 DONE fb3bf_A_N rc=0 459s
2026-10-01 08:59:26 LAUNCH fb3bf_C_E pid=35712 free=6.3GB running=14
2026-10-01 08:59:38 DONE fb3idb_D_S rc=0 503s
2026-10-01 08:59:38 LAUNCH fb3bf_C_N pid=10684 free=6.3GB running=14
2026-10-01 09:00:00 DONE fb3idb_D_N rc=0 552s
2026-10-01 09:00:00 LAUNCH fb3bf_C_S pid=47504 free=6.3GB running=14
2026-10-01 09:00:37 DONE fb3idb_C_W rc=0 643s
2026-10-01 09:00:37 LAUNCH fb3bf_C_W pid=44812 free=6.2GB running=14
2026-10-01 09:02:25 DONE fb3bf_A_W rc=0 413s
2026-10-01 09:02:25 LAUNCH fb3bf_D_E pid=44360 free=6.3GB running=14
2026-10-01 09:02:42 DONE fb3bf_B_W rc=0 207s
2026-10-01 09:02:42 LAUNCH fb3bf_D_N pid=42812 free=6.3GB running=14
2026-10-01 09:03:49 DONE fb3idb_D_W rc=0 746s
2026-10-01 09:03:49 LAUNCH fb3bf_D_S pid=41912 free=6.3GB running=14
2026-10-01 09:05:01 DONE fb3bf_B_S rc=0 398s
2026-10-01 09:05:01 LAUNCH fb3bf_D_W pid=51760 free=6.2GB running=14
2026-10-01 09:05:13 DONE fb3bf_B_N rc=0 432s
2026-10-01 09:05:13 LAUNCH fb3bf2_A_E pid=47076 free=6.2GB running=14
2026-10-01 09:05:35 DONE fb3bf_B_E rc=0 532s
2026-10-01 09:05:35 LAUNCH fb3bf2_A_N pid=45312 free=6.3GB running=14
2026-10-01 09:05:52 DONE fb3bf_C_N rc=0 373s
2026-10-01 09:05:52 LAUNCH fb3bf2_A_S pid=42648 free=6.3GB running=14
2026-10-01 09:08:24 DONE fb3bf_C_S rc=0 503s
2026-10-01 09:08:24 LAUNCH fb3bf2_A_W pid=20024 free=6.3GB running=14
2026-10-01 09:09:26 DONE fb3bf_D_N rc=0 404s
2026-10-01 09:09:26 LAUNCH fb3bf2_B_E pid=40372 free=6.2GB running=14
2026-10-01 09:09:38 DONE fb3gs rc=0 1558s
2026-10-01 09:09:38 LAUNCH fb3bf2_B_N pid=51484 free=5.7GB running=14
2026-10-01 09:10:05 DONE fb3bf_C_E rc=0 639s
2026-10-01 09:10:05 LAUNCH fb3bf2_B_S pid=48788 free=6.1GB running=14
2026-10-01 09:10:47 DONE fb3bf2_A_S rc=0 295s
2026-10-01 09:10:47 LAUNCH fb3bf2_B_W pid=30772 free=6.2GB running=14
2026-10-01 09:10:59 DONE fb3bf_D_S rc=0 430s
2026-10-01 09:10:59 LAUNCH fb3bf2_C_E pid=41528 free=6.2GB running=14
2026-10-01 09:11:11 DONE fb3bf2_A_E rc=0 358s
2026-10-01 09:11:11 LAUNCH fb3bf2_C_N pid=45032 free=6.3GB running=14
2026-10-01 09:11:48 DONE fb3bf_D_E rc=0 564s
2026-10-01 09:11:48 LAUNCH fb3bf2_C_S pid=39096 free=6.3GB running=14
2026-10-01 09:12:25 DONE fb3bf2_A_N rc=0 410s
2026-10-01 09:12:25 LAUNCH fb3bf2_C_W pid=43060 free=6.3GB running=14
2026-10-01 09:12:47 DONE fb3gc rc=0 1749s
2026-10-01 09:12:47 LAUNCH fb3bf2_D_E pid=45636 free=6.3GB running=14
2026-10-01 09:13:04 DONE fb3bf_C_W rc=0 747s
2026-10-01 09:13:04 LAUNCH fb3bf2_D_N pid=45392 free=6.4GB running=14
2026-10-01 09:15:11 DONE fb3bf2_A_W rc=0 407s
2026-10-01 09:15:11 LAUNCH fb3bf2_D_S pid=34804 free=6.2GB running=14
2026-10-01 09:15:53 DONE fb3bf_D_W rc=0 653s
2026-10-01 09:15:53 LAUNCH fb3bf2_D_W pid=41924 free=6.2GB running=14
2026-10-01 09:16:05 DONE fb3gb rc=0 1949s
2026-10-01 09:16:05 LAUNCH fb3lo_A_E pid=25720 free=6.3GB running=14
2026-10-01 09:16:47 DONE fb3bf2_B_N rc=0 429s
2026-10-01 09:16:47 LAUNCH fb3lo_A_N pid=18476 free=6.3GB running=14
2026-10-01 09:17:14 DONE fb3bf2_B_S rc=0 429s
2026-10-01 09:17:14 LAUNCH fb3lo_A_S pid=30340 free=6.2GB running=14
2026-10-01 09:17:21 DONE fb3bf2_B_E rc=0 476s
2026-10-01 09:17:22 DONE fb3bf2_C_S rc=0 333s
2026-10-01 09:17:22 LAUNCH fb3lo_A_W pid=40432 free=7.1GB running=13
2026-10-01 09:17:24 LAUNCH fb3lo_B_E pid=43816 free=6.3GB running=14
2026-10-01 09:18:36 DONE fb3bf2_C_N rc=0 444s
2026-10-01 09:18:36 LAUNCH fb3lo_B_N pid=5496 free=6.3GB running=14
2026-10-01 09:18:43 DONE fb3bf2_C_E rc=0 464s
2026-10-01 09:18:43 LAUNCH fb3lo_B_S pid=8200 free=6.4GB running=14
2026-10-01 09:20:50 DONE fb3bf2_D_S rc=0 338s
2026-10-01 09:20:50 LAUNCH fb3lo_B_W pid=45764 free=6.3GB running=14
2026-10-01 09:21:22 DONE fb3bf2_D_N rc=0 497s
2026-10-01 09:21:22 LAUNCH fb3lo_C_E pid=46528 free=6.3GB running=14
2026-10-01 09:21:34 DONE fb3bf2_B_W rc=0 647s
2026-10-01 09:21:34 LAUNCH fb3lo_C_N pid=44096 free=6.3GB running=14
2026-10-01 09:22:36 DONE fb3lo_A_S rc=0 321s
2026-10-01 09:22:36 LAUNCH fb3lo_C_S pid=36032 free=6.2GB running=14
2026-10-01 09:22:43 DONE fb3bf2_D_E rc=0 596s
2026-10-01 09:22:43 LAUNCH fb3lo_C_W pid=49352 free=6.3GB running=14
2026-10-01 09:22:50 DONE fb3lo_A_E rc=0 405s
2026-10-01 09:22:50 LAUNCH fb3lo_D_E pid=35648 free=6.3GB running=14
2026-10-01 09:23:22 DONE fb3bf2_C_W rc=0 657s
2026-10-01 09:23:22 LAUNCH fb3lo_D_N pid=49572 free=6.2GB running=14
2026-10-01 09:24:14 DONE fb3lo_B_W rc=0 204s
2026-10-01 09:24:14 LAUNCH fb3lo_D_S pid=45724 free=6.2GB running=14
2026-10-01 09:24:21 DONE fb3lo_B_E rc=0 417s
2026-10-01 09:24:21 LAUNCH fb3lo_D_W pid=42076 free=6.2GB running=14
2026-10-01 09:24:33 DONE fb3lo_A_W rc=0 432s
2026-10-01 09:24:33 LAUNCH fb3lo2_A_E pid=52072 free=6.3GB running=14
2026-10-01 09:25:10 DONE fb3lo_A_N rc=0 503s
2026-10-01 09:25:10 LAUNCH fb3lo2_A_N pid=4340 free=6.2GB running=14
2026-10-01 09:25:17 DONE fb3lo_B_S rc=0 394s
2026-10-01 09:25:17 LAUNCH fb3lo2_A_S pid=45252 free=6.3GB running=14
2026-10-01 09:25:34 DONE fb3lo_B_N rc=0 419s
2026-10-01 09:25:34 LAUNCH fb3lo2_A_W pid=32676 free=6.4GB running=14
2026-10-01 09:27:41 DONE fb3lo_C_N rc=0 367s
2026-10-01 09:27:41 LAUNCH fb3lo2_B_E pid=40392 free=6.3GB running=14
2026-10-01 09:28:08 DONE fb3bf2_D_W rc=0 735s
2026-10-01 09:28:08 LAUNCH fb3lo2_B_N pid=50452 free=6.3GB running=14
2026-10-01 09:29:30 DONE fb3lo_D_N rc=0 368s
2026-10-01 09:29:30 LAUNCH fb3lo2_B_S pid=42744 free=6.2GB running=14
2026-10-01 09:29:52 DONE fb3ga rc=0 2778s
2026-10-01 09:29:52 LAUNCH fb3lo2_B_W pid=25752 free=6.2GB running=14
2026-10-01 09:30:19 DONE fb3lo_D_E rc=0 449s
2026-10-01 09:30:19 LAUNCH fb3lo2_C_E pid=48104 free=6.3GB running=14
2026-10-01 09:30:46 DONE fb3lo_C_S rc=0 491s
2026-10-01 09:30:46 DONE fb3lo2_A_S rc=0 329s
2026-10-01 09:30:46 LAUNCH fb3lo2_C_N pid=49800 free=7.1GB running=13
2026-10-01 09:30:48 LAUNCH fb3lo2_C_S pid=47732 free=6.3GB running=14
2026-10-01 09:31:31 DONE fb3lo2_A_E rc=0 417s
2026-10-01 09:31:31 LAUNCH fb3lo2_C_W pid=52172 free=6.3GB running=14
2026-10-01 09:32:08 DONE fb3lo2_A_N rc=0 417s
2026-10-01 09:32:08 LAUNCH fb3lo2_D_E pid=49316 free=6.3GB running=14
2026-10-01 09:32:15 DONE fb3lo2_A_W rc=0 400s
2026-10-01 09:32:15 LAUNCH fb3lo2_D_N pid=43260 free=6.3GB running=14
2026-10-01 09:32:22 DONE fb3lo_D_S rc=0 488s
2026-10-01 09:32:22 LAUNCH fb3lo2_D_S pid=21288 free=6.4GB running=14
2026-10-01 09:33:09 DONE fb3lo_C_E rc=0 707s
2026-10-01 09:33:09 LAUNCH fb3lo2_D_W pid=25852 free=6.3GB running=14
2026-10-01 09:34:41 DONE fb3lo2_B_N rc=0 392s
2026-10-01 09:34:41 LAUNCH fb3bd_A_E pid=17212 free=6.3GB running=14
2026-10-01 09:35:28 DONE fb3lo2_B_E rc=0 467s
2026-10-01 09:35:28 LAUNCH fb3bd_A_N pid=49080 free=6.2GB running=14
2026-10-01 09:36:10 DONE fb3lo2_C_S rc=0 321s
2026-10-01 09:36:10 LAUNCH fb3bd_A_S pid=34360 free=4.5GB running=14
2026-10-01 09:36:37 DONE fb3lo_D_W rc=0 736s
2026-10-01 09:36:37 LAUNCH fb3bd_A_W pid=49712 free=4.5GB running=14
2026-10-01 09:37:14 DONE fb3lo2_C_N rc=0 387s
2026-10-01 09:37:14 LAUNCH fb3bd_B_E pid=5824 free=4.5GB running=14
2026-10-01 09:37:26 DONE fb3lo2_B_S rc=0 476s
2026-10-01 09:37:26 LAUNCH fb3bd_B_N pid=45920 free=4.6GB running=14
2026-10-01 09:38:23 DONE fb3lo2_C_E rc=0 484s
2026-10-01 09:38:23 LAUNCH fb3bd_B_S pid=21008 free=4.6GB running=14
2026-10-01 09:38:40 DONE fb3lo2_D_S rc=0 378s
2026-10-01 09:38:40 LAUNCH fb3bd_B_W pid=42172 free=4.6GB running=14
2026-10-01 09:39:37 DONE fb3lo2_D_N rc=0 442s
2026-10-01 09:39:37 LAUNCH fb3bd_C_E pid=49284 free=4.5GB running=14
2026-10-01 09:40:54 DONE fb3lo_C_W rc=0 1091s
2026-10-01 09:40:54 LAUNCH fb3bd_C_N pid=45936 free=4.5GB running=14
2026-10-01 09:41:11 DONE fb3lo2_B_W rc=0 679s
2026-10-01 09:41:11 LAUNCH fb3bd_C_S pid=8524 free=4.5GB running=14
2026-10-01 09:41:23 DONE fb3bd_A_S rc=0 313s
2026-10-01 09:41:23 LAUNCH fb3bd_C_W pid=38844 free=4.5GB running=14
2026-10-01 09:41:45 DONE fb3lo2_C_W rc=0 615s
2026-10-01 09:41:45 LAUNCH fb3bd_D_E pid=27084 free=4.5GB running=14
2026-10-01 09:42:12 DONE fb3bd_A_E rc=0 452s
2026-10-01 09:42:12 LAUNCH fb3bd_D_N pid=45500 free=4.6GB running=14
2026-10-01 09:42:19 DONE fb3bd_B_W rc=0 219s
2026-10-01 09:42:19 LAUNCH fb3bd_D_S pid=28692 free=4.6GB running=14
2026-10-01 09:43:56 DONE fb3bd_A_N rc=0 509s
2026-10-01 09:43:56 LAUNCH fb3bd_D_W pid=46956 free=5.4GB running=14
2026-10-01 09:44:03 DONE fb3lo2_D_E rc=0 716s
2026-10-01 09:44:03 LAUNCH fb3bd2_A_E pid=48260 free=5.4GB running=14
2026-10-01 09:44:25 DONE fb3bd_A_W rc=0 469s
2026-10-01 09:44:25 LAUNCH fb3bd2_A_N pid=5532 free=5.4GB running=14
2026-10-01 09:44:52 DONE fb3lo2_D_W rc=0 704s
2026-10-01 09:44:52 LAUNCH fb3bd2_A_S pid=49040 free=6.2GB running=14
2026-10-01 09:45:05 DONE fb3bd_B_N rc=0 459s
2026-10-01 09:45:05 LAUNCH fb3bd2_A_W pid=32980 free=6.2GB running=14
2026-10-01 09:45:17 DONE fb3bd_B_S rc=0 414s
2026-10-01 09:45:17 LAUNCH fb3bd2_B_E pid=39296 free=6.3GB running=14
2026-10-01 09:45:34 DONE fb3bd_B_E rc=0 500s
2026-10-01 09:45:34 LAUNCH fb3bd2_B_N pid=19588 free=6.4GB running=14
2026-10-01 09:47:36 DONE fb3bd_C_N rc=0 402s
2026-10-01 09:47:36 LAUNCH fb3bd2_B_S pid=50532 free=6.3GB running=14
2026-10-01 09:48:53 DONE fb3bd_D_N rc=0 400s
2026-10-01 09:48:53 LAUNCH fb3bd2_B_W pid=6072 free=6.2GB running=14
2026-10-01 09:49:35 DONE fb3bd_C_S rc=0 504s
2026-10-01 09:49:35 DONE fb3bd_D_S rc=0 435s
2026-10-01 09:49:35 LAUNCH fb3bd2_C_E pid=48296 free=7.1GB running=13
2026-10-01 09:49:37 LAUNCH fb3bd2_C_N pid=42900 free=6.3GB running=14
2026-10-01 09:49:44 DONE fb3bd2_A_S rc=0 291s
2026-10-01 09:49:44 LAUNCH fb3bd2_C_S pid=4788 free=6.3GB running=14
2026-10-01 09:50:11 DONE fb3bd2_A_E rc=0 367s
2026-10-01 09:50:11 LAUNCH fb3bd2_C_W pid=10536 free=6.3GB running=14
2026-10-01 09:50:33 DONE fb3bd_C_E rc=0 656s
2026-10-01 09:50:33 LAUNCH fb3bd2_D_E pid=15996 free=6.3GB running=14
2026-10-01 09:51:05 DONE fb3bd_D_E rc=0 560s
2026-10-01 09:51:05 LAUNCH fb3bd2_D_N pid=51884 free=6.3GB running=14
2026-10-01 09:51:17 DONE fb3bd2_A_N rc=0 412s
2026-10-01 09:51:17 LAUNCH fb3bd2_D_S pid=43292 free=6.4GB running=14
2026-10-01 09:51:54 DONE fb3bd_C_W rc=0 631s
2026-10-01 09:51:54 LAUNCH fb3bd2_D_W pid=28488 free=6.4GB running=14
2026-10-01 09:52:01 DONE fb3bd2_A_W rc=0 417s
2026-10-01 09:52:01 LAUNCH fb3rw_A_E pid=26492 free=6.4GB running=14
2026-10-01 09:52:13 DONE fb3bd2_B_N rc=0 399s
2026-10-01 09:52:13 LAUNCH fb3rw_A_N pid=49276 free=6.4GB running=14
2026-10-01 09:53:10 DONE fb3bd2_B_E rc=0 474s
2026-10-01 09:53:10 LAUNCH fb3rw_A_S pid=34572 free=6.4GB running=14
2026-10-01 09:54:57 DONE fb3bd_D_W rc=0 661s
2026-10-01 09:54:57 LAUNCH fb3rw_A_W pid=2848 free=6.2GB running=14
2026-10-01 09:55:14 DONE fb3bd2_C_S rc=0 330s
2026-10-01 09:55:14 LAUNCH fb3rw_B_E pid=32908 free=6.2GB running=14
2026-10-01 09:55:21 DONE fb3bd2_B_S rc=0 466s
2026-10-01 09:55:21 LAUNCH fb3rw_B_N pid=40428 free=6.3GB running=14
2026-10-01 09:56:08 DONE fb3bd2_C_N rc=0 392s
2026-10-01 09:56:08 LAUNCH fb3rw_B_S pid=38096 free=6.3GB running=14
2026-10-01 09:57:05 DONE fb3bd2_C_E rc=0 451s
2026-10-01 09:57:05 DONE fb3bd2_D_S rc=0 348s
2026-10-01 09:57:05 LAUNCH fb3rw_B_W pid=39876 free=7.2GB running=13
2026-10-01 09:57:07 LAUNCH fb3rw_C_E pid=28060 free=6.4GB running=14
2026-10-01 09:58:19 DONE fb3rw_A_E rc=0 378s
2026-10-01 09:58:19 LAUNCH fb3rw_C_N pid=51248 free=6.2GB running=14
2026-10-01 09:58:47 DONE fb3rw_A_S rc=0 336s
2026-10-01 09:58:47 LAUNCH fb3rw_C_S pid=42132 free=6.3GB running=14
2026-10-01 09:59:44 DONE fb3bd2_B_W rc=0 651s
2026-10-01 09:59:44 LAUNCH fb3rw_C_W pid=32628 free=6.2GB running=14
2026-10-01 10:00:21 DONE fb3rw_B_W rc=0 195s
2026-10-01 10:00:21 LAUNCH fb3rw_D_E pid=45436 free=6.3GB running=14
2026-10-01 10:00:38 DONE fb3rw_A_N rc=0 505s
2026-10-01 10:00:38 LAUNCH fb3rw_D_N pid=45828 free=6.2GB running=14
2026-10-01 10:01:05 DONE fb3bd2_D_E rc=0 632s
2026-10-01 10:01:05 LAUNCH fb3rw_D_S pid=39008 free=6.1GB running=14
2026-10-01 10:01:32 DONE fb3bd2_D_N rc=0 627s
2026-10-01 10:01:32 LAUNCH fb3rw_D_W pid=44068 free=6.2GB running=14
2026-10-01 10:01:49 DONE fb3rw_A_W rc=0 412s
2026-10-01 10:01:49 LAUNCH fb3vs0_A_E pid=25576 free=6.3GB running=14
2026-10-01 10:01:56 DONE fb3rw_B_S rc=0 347s
2026-10-01 10:01:56 LAUNCH fb3vs0_A_N pid=45912 free=6.3GB running=14
2026-10-01 10:02:48 DONE fb3rw_B_N rc=0 447s
2026-10-01 10:02:48 LAUNCH fb3vs0_A_S pid=46184 free=6.3GB running=14
2026-10-01 10:04:00 DONE fb3bd2_C_W rc=0 829s
2026-10-01 10:04:00 LAUNCH fb3vs0_A_W pid=33484 free=6.3GB running=14
2026-10-01 10:04:17 DONE fb3bd2_D_W rc=0 743s
2026-10-01 10:04:17 LAUNCH fb3vs0_B_E pid=26828 free=6.3GB running=14
2026-10-01 10:05:29 DONE fb3rw_C_N rc=0 430s
2026-10-01 10:05:29 LAUNCH fb3vs0_B_N pid=48320 free=6.3GB running=14
2026-10-01 10:06:31 DONE fb3rw_C_S rc=0 465s
2026-10-01 10:06:31 LAUNCH fb3vs0_B_S pid=40796 free=6.4GB running=14
2026-10-01 10:07:48 DONE fb3rw_D_S rc=0 403s
2026-10-01 10:07:48 LAUNCH fb3vs0_B_W pid=43884 free=6.3GB running=14
2026-10-01 10:07:55 DONE fb3rw_D_N rc=0 437s
2026-10-01 10:07:55 LAUNCH fb3vs0_C_E pid=51000 free=6.4GB running=14
2026-10-01 10:08:57 DONE fb3vs0_A_S rc=0 369s
2026-10-01 10:08:57 LAUNCH fb3vs0_C_N pid=43280 free=6.3GB running=14
2026-10-01 10:09:04 DONE fb3vs0_A_N rc=0 428s
2026-10-01 10:09:04 LAUNCH fb3vs0_C_S pid=43048 free=6.3GB running=14
2026-10-01 10:09:11 DONE fb3vs0_A_E rc=0 442s
2026-10-01 10:09:11 LAUNCH fb3vs0_C_W pid=41076 free=6.3GB running=14
2026-10-01 10:09:58 DONE fb3rw_B_E rc=0 884s
2026-10-01 10:09:58 LAUNCH fb3vs0_D_E pid=49992 free=6.3GB running=14
2026-10-01 10:11:15 DONE fb3vs0_B_W rc=0 207s
2026-10-01 10:11:15 LAUNCH fb3vs0_D_N pid=50588 free=6.3GB running=14
2026-10-01 10:11:52 DONE fb3vs0_A_W rc=0 472s
2026-10-01 10:11:52 LAUNCH fb3vs0_D_S pid=43608 free=6.3GB running=14
2026-10-01 10:12:19 DONE fb3vs0_B_E rc=0 483s
2026-10-01 10:12:19 LAUNCH fb3vs0_D_W pid=41688 free=6.4GB running=14
2026-10-01 10:13:57 DONE fb3vs0_B_N rc=0 508s
2026-10-01 10:13:57 LAUNCH fb3vs3_A_E pid=14900 free=6.3GB running=14
2026-10-01 10:14:19 DONE fb3vs0_B_S rc=0 468s
2026-10-01 10:14:19 LAUNCH fb3vs3_A_N pid=40016 free=6.3GB running=14
2026-10-01 10:15:41 DONE fb3rw_C_W rc=0 957s
2026-10-01 10:15:41 LAUNCH fb3vs3_A_S pid=50020 free=6.3GB running=14
2026-10-01 10:16:28 DONE fb3vs0_C_N rc=0 451s
2026-10-01 10:16:28 LAUNCH fb3vs3_A_W pid=11288 free=6.3GB running=14
2026-10-01 10:16:35 DONE fb3rw_C_E rc=0 1167s
2026-10-01 10:16:35 LAUNCH fb3vs3_B_E pid=23736 free=6.3GB running=14
2026-10-01 10:17:17 DONE fb3vs0_C_S rc=0 493s
2026-10-01 10:17:17 LAUNCH fb3vs3_B_N pid=43856 free=6.4GB running=14
2026-10-01 10:18:49 DONE fb3vs0_C_W rc=0 578s
2026-10-01 10:18:49 LAUNCH fb3vs3_B_S pid=48368 free=6.4GB running=14
2026-10-01 10:19:31 DONE fb3vs0_C_E rc=0 696s
2026-10-01 10:19:31 LAUNCH fb3vs3_B_W pid=1148 free=6.3GB running=14
2026-10-01 10:19:38 DONE fb3rw_D_E rc=0 1157s
2026-10-01 10:19:38 LAUNCH fb3vs3_C_E pid=40708 free=6.3GB running=14
2026-10-01 10:19:55 DONE fb3vs0_D_S rc=0 483s
2026-10-01 10:19:55 LAUNCH fb3vs3_C_N pid=44136 free=6.3GB running=14
2026-10-01 10:20:42 DONE fb3vs3_A_S rc=0 301s
2026-10-01 10:20:42 LAUNCH fb3vs3_C_S pid=44232 free=6.3GB running=14
2026-10-01 10:21:14 DONE fb3vs0_D_E rc=0 676s
2026-10-01 10:21:14 DONE fb3vs0_D_N rc=0 599s
2026-10-01 10:21:14 LAUNCH fb3vs3_C_W pid=8460 free=7.1GB running=13
2026-10-01 10:21:16 LAUNCH fb3vs3_D_E pid=6396 free=7.2GB running=14
2026-10-01 10:21:23 DONE fb3vs3_A_E rc=0 447s
2026-10-01 10:21:23 LAUNCH fb3vs3_D_N pid=48812 free=6.4GB running=14
2026-10-01 10:22:05 DONE fb3rw_D_W rc=0 1233s
2026-10-01 10:22:05 DONE fb3vs3_A_N rc=0 467s
2026-10-01 10:22:05 LAUNCH fb3vs3_D_S pid=48620 free=7.2GB running=13
2026-10-01 10:22:07 LAUNCH fb3vs3_D_W pid=34788 free=6.3GB running=14
2026-10-01 10:22:59 DONE fb3vs3_B_W rc=0 208s
2026-10-01 10:23:29 DONE fb3vs3_B_E rc=0 415s
2026-10-01 10:23:34 DONE fb3vs3_B_N rc=0 378s
2026-10-01 10:23:49 DONE fb3vs3_A_W rc=0 442s
2026-10-01 10:25:35 DONE fb3vs3_B_S rc=0 406s
2026-10-01 10:26:40 DONE fb3vs3_C_N rc=0 405s
2026-10-01 10:27:35 DONE fb3vs0_D_W rc=0 915s
2026-10-01 10:28:00 DONE fb3vs3_D_S rc=0 354s
2026-10-01 10:28:40 DONE fb3vs3_C_S rc=0 478s
2026-10-01 10:28:45 DONE fb3vs3_D_N rc=0 442s
2026-10-01 10:30:35 DONE fb3vs3_D_E rc=0 559s
2026-10-01 10:31:05 DONE fb3vs3_C_E rc=0 687s
2026-10-01 10:32:20 DONE fb3vs3_C_W rc=0 666s
2026-10-01 10:34:00 DONE fb3vs3_D_W rc=0 713s
2026-10-01 10:34:05 ALL_MF2_COMPLETE E:\Projects\SAS\outputs\_fb3_q_screen.jsonl 164/164 0 FAIL
