2026-10-01 18:55:39 START E:\Projects\SAS\outputs\_fb3_q_idf.jsonl 16 runs maxpar=14 min_free=3.0
2026-10-01 18:55:39 LAUNCH fb3idf_A_E pid=28692 free=16.2GB running=1
2026-10-01 18:55:41 LAUNCH fb3idf_A_N pid=45336 free=14.5GB running=2
2026-10-01 18:55:43 LAUNCH fb3idf_A_S pid=38832 free=13.7GB running=3
2026-10-01 18:55:45 LAUNCH fb3idf_A_W pid=46488 free=12.7GB running=4
2026-10-01 18:55:47 LAUNCH fb3idf_B_E pid=49184 free=12.1GB running=5
2026-10-01 18:55:49 LAUNCH fb3idf_B_N pid=40024 free=11.2GB running=6
2026-10-01 18:55:51 LAUNCH fb3idf_B_S pid=8188 free=10.4GB running=7
2026-10-01 18:55:53 LAUNCH fb3idf_B_W pid=42324 free=9.6GB running=8
2026-10-01 18:55:55 LAUNCH fb3idf_C_E pid=40612 free=8.8GB running=9
2026-10-01 18:55:57 LAUNCH fb3idf_C_N pid=14120 free=7.9GB running=10
2026-10-01 18:55:59 LAUNCH fb3idf_C_S pid=48832 free=7.1GB running=11
2026-10-01 18:56:01 LAUNCH fb3idf_C_W pid=41188 free=6.3GB running=12
2026-10-01 18:56:03 LAUNCH fb3idf_D_E pid=42008 free=5.5GB running=13
2026-10-01 18:56:05 LAUNCH fb3idf_D_N pid=45816 free=4.7GB running=14
2026-10-01 19:01:37 DONE fb3idf_B_W rc=0 344s
2026-10-01 19:01:37 LAUNCH fb3idf_D_S pid=41260 free=4.4GB running=14
2026-10-01 19:05:10 DONE fb3idf_A_S rc=0 566s
2026-10-01 19:05:10 LAUNCH fb3idf_D_W pid=49108 free=4.4GB running=14
2026-10-01 19:06:02 DONE fb3idf_A_E rc=0 622s
2026-10-01 19:06:02 DONE fb3idf_C_N rc=0 604s
2026-10-01 19:06:17 DONE fb3idf_B_S rc=0 625s
2026-10-01 19:06:22 DONE fb3idf_B_N rc=0 632s
2026-10-01 19:06:27 DONE fb3idf_A_W rc=0 642s
2026-10-01 19:07:12 DONE fb3idf_A_N rc=0 691s
2026-10-01 19:08:07 DONE fb3idf_D_E rc=0 723s
2026-10-01 19:08:07 DONE fb3idf_D_N rc=0 722s
2026-10-01 19:08:17 DONE fb3idf_B_E rc=0 750s
2026-10-01 19:08:32 DONE fb3idf_C_S rc=0 753s
2026-10-01 19:09:42 DONE fb3idf_C_W rc=0 821s
2026-10-01 19:10:47 DONE fb3idf_D_S rc=0 550s
2026-10-01 19:10:52 DONE fb3idf_C_E rc=0 897s
2026-10-01 19:16:02 DONE fb3idf_D_W rc=0 653s
2026-10-01 19:16:07 ALL_MF2_COMPLETE E:\Projects\SAS\outputs\_fb3_q_idf.jsonl 16/16 0 FAIL
