2026-10-01 20:44:34 START E:\Projects\SAS\outputs\_fb3_q_idg.jsonl 16 runs maxpar=14 min_free=3.0
2026-10-01 20:44:34 LAUNCH fb3idg_A_E pid=29136 free=23.8GB running=1
2026-10-01 20:44:36 LAUNCH fb3idg_A_N pid=5596 free=22.2GB running=2
2026-10-01 20:44:38 LAUNCH fb3idg_A_S pid=21596 free=21.4GB running=3
2026-10-01 20:44:40 LAUNCH fb3idg_A_W pid=26568 free=20.6GB running=4
2026-10-01 20:44:42 LAUNCH fb3idg_B_E pid=2496 free=19.7GB running=5
2026-10-01 20:44:44 LAUNCH fb3idg_B_N pid=36356 free=18.9GB running=6
2026-10-01 20:44:46 LAUNCH fb3idg_B_S pid=15852 free=18.1GB running=7
2026-10-01 20:44:48 LAUNCH fb3idg_B_W pid=29116 free=17.3GB running=8
2026-10-01 20:44:50 LAUNCH fb3idg_C_E pid=12476 free=16.5GB running=9
2026-10-01 20:44:52 LAUNCH fb3idg_C_N pid=16732 free=15.7GB running=10
2026-10-01 20:44:54 LAUNCH fb3idg_C_S pid=36340 free=14.9GB running=11
2026-10-01 20:44:56 LAUNCH fb3idg_C_W pid=9124 free=14.0GB running=12
2026-10-01 20:44:58 LAUNCH fb3idg_D_E pid=32320 free=13.2GB running=13
2026-10-01 20:45:00 LAUNCH fb3idg_D_N pid=12708 free=12.4GB running=14
2026-10-01 20:50:32 DONE fb3idg_B_W rc=0 344s
2026-10-01 20:50:32 LAUNCH fb3idg_D_S pid=8636 free=12.2GB running=14
2026-10-01 20:54:34 DONE fb3idg_A_S rc=0 597s
2026-10-01 20:54:34 LAUNCH fb3idg_D_W pid=16436 free=12.2GB running=14
2026-10-01 20:55:41 DONE fb3idg_C_N rc=0 650s
2026-10-01 20:56:11 DONE fb3idg_A_E rc=0 698s
2026-10-01 20:56:27 DONE fb3idg_B_N rc=0 703s
2026-10-01 20:56:27 DONE fb3idg_B_S rc=0 701s
2026-10-01 20:56:42 DONE fb3idg_A_W rc=0 722s
2026-10-01 20:57:52 DONE fb3idg_A_N rc=0 796s
2026-10-01 20:59:17 DONE fb3idg_B_E rc=0 875s
2026-10-01 20:59:22 DONE fb3idg_D_E rc=0 864s
2026-10-01 20:59:37 DONE fb3idg_D_N rc=0 877s
2026-10-01 20:59:57 DONE fb3idg_C_S rc=0 903s
2026-10-01 21:02:07 DONE fb3idg_C_W rc=0 1031s
2026-10-01 21:02:47 DONE fb3idg_C_E rc=0 1077s
2026-10-01 21:03:37 DONE fb3idg_D_S rc=0 785s
2026-10-01 21:12:42 DONE fb3idg_D_W rc=0 1088s
2026-10-01 21:12:47 ALL_MF2_COMPLETE E:\Projects\SAS\outputs\_fb3_q_idg.jsonl 16/16 0 FAIL
