[RescueInvariant] step=169 victim=victim_0 assigned but firefighters=[]
[RescueInvariant] step=170 victim=victim_0 assigned but firefighters=[]
[RescueInvariant] step=171 victim=victim_0 assigned but firefighters=[]
[RescueInvariant] step=174 victim=victim_0 assigned but firefighters=[]
[RescueInvariant] step=175 victim=victim_0 assigned but firefighters=[]
[RescueInvariant] step=176 victim=victim_0 assigned but firefighters=[]
[RescueInvariant] step=177 victim=victim_0 assigned but firefighters=[]
[RescueInvariant] step=178 victim=victim_0 assigned but firefighters=[]
[RescueInvariant] step=179 victim=victim_0 assigned but firefighters=[]
[RescueInvariant] step=180 victim=victim_0 assigned but firefighters=[]
[RescueInvariant] step=181 victim=victim_0 assigned but firefighters=[]
[RescueInvariant] step=182 victim=victim_0 assigned but firefighters=[]
[RescueInvariant] step=183 victim=victim_0 assigned but firefighters=[]
[RescueInvariant] step=184 victim=victim_0 assigned but firefighters=[]
[RescueInvariant] step=185 victim=victim_0 assigned but firefighters=[]
[RescueInvariant] step=189 victim=victim_0 assigned but firefighters=[]
[RescueInvariant] step=190 victim=victim_0 assigned but firefighters=[]
[RescueInvariant] step=191 victim=victim_0 assigned but firefighters=[]
drgZa east seed 101 done 723.1s: rescued=2 dead=1 ff_deaths=1 | fires=5 recoveries=1 bad_assign=1
drgZa east seed 202 done 764.4s: rescued=2 dead=1 ff_deaths=1 | fires=7 recoveries=3 bad_assign=2
[RescueInvariant] step=61 victim=victim_0 assigned but firefighters=[]
[RescueInvariant] step=62 victim=victim_0 assigned but firefighters=[]
[RescueInvariant] step=63 victim=victim_0 assigned but firefighters=[]
[RescueInvariant] step=64 victim=victim_0 assigned but firefighters=[]
[RescueInvariant] step=65 victim=victim_0 assigned but firefighters=[]
[RescueInvariant] step=66 victim=victim_0 assigned but firefighters=[]
[RescueInvariant] step=67 victim=victim_0 assigned but firefighters=[]
[RescueInvariant] step=68 victim=victim_0 assigned but firefighters=[]
[RescueInvariant] step=69 victim=victim_0 assigned but firefighters=[]
[RescueInvariant] step=70 victim=victim_0 assigned but firefighters=[]
[RescueInvariant] step=71 victim=victim_0 assigned but firefighters=[]
[RescueInvariant] step=72 victim=victim_0 assigned but firefighters=[]
[RescueInvariant] step=73 victim=victim_0 assigned but firefighters=[]
[RescueInvariant] step=74 victim=victim_0 assigned but firefighters=[]
[RescueInvariant] step=78 victim=victim_0 assigned but firefighters=['ff_unit_0', 'ff_unit_1']
[RescueInvariant] step=78 firefighter=ff_unit_1 assigned to victim_0 but victim firefighter_id=ff_unit_0
[RescueInvariant] step=79 victim=victim_0 assigned but firefighters=['ff_unit_0', 'ff_unit_1']
[RescueInvariant] step=79 firefighter=ff_unit_1 assigned to victim_0 but victim firefighter_id=ff_unit_0
[RescueInvariant] step=80 victim=victim_0 assigned but firefighters=['ff_unit_0', 'ff_unit_1']
[RescueInvariant] step=80 firefighter=ff_unit_1 assigned to victim_0 but victim firefighter_id=ff_unit_0
[RescueInvariant] step=81 victim=victim_0 assigned but firefighters=['ff_unit_0', 'ff_unit_1']
[RescueInvariant] step=81 firefighter=ff_unit_1 assigned to victim_0 but victim firefighter_id=ff_unit_0
[RescueInvariant] step=82 victim=victim_0 assigned but firefighters=['ff_unit_0', 'ff_unit_1']
[RescueInvariant] step=82 firefighter=ff_unit_1 assigned to victim_0 but victim firefighter_id=ff_unit_0
[RescueInvariant] step=83 victim=victim_0 assigned but firefighters=['ff_unit_0', 'ff_unit_1']
[RescueInvariant] step=83 firefighter=ff_unit_1 assigned to victim_0 but victim firefighter_id=ff_unit_0
[RescueInvariant] step=84 victim=victim_0 assigned but firefighters=['ff_unit_0', 'ff_unit_1']
[RescueInvariant] step=84 firefighter=ff_unit_1 assigned to victim_0 but victim firefighter_id=ff_unit_0
[RescueInvariant] step=85 victim=victim_0 assigned but firefighters=['ff_unit_0', 'ff_unit_1']
[RescueInvariant] step=85 firefighter=ff_unit_1 assigned to victim_0 but victim firefighter_id=ff_unit_0
[RescueInvariant] step=86 victim=victim_0 assigned but firefighters=['ff_unit_0', 'ff_unit_1']
[RescueInvariant] step=86 firefighter=ff_unit_1 assigned to victim_0 but victim firefighter_id=ff_unit_0
[RescueInvariant] step=87 victim=victim_0 assigned but firefighters=['ff_unit_0', 'ff_unit_1']
[RescueInvariant] step=87 firefighter=ff_unit_1 assigned to victim_0 but victim firefighter_id=ff_unit_0
[RescueInvariant] step=88 victim=victim_0 assigned but firefighters=['ff_unit_0', 'ff_unit_1']
[RescueInvariant] step=88 firefighter=ff_unit_1 assigned to victim_0 but victim firefighter_id=ff_unit_0
[RescueInvariant] step=89 victim=victim_0 assigned but firefighters=['ff_unit_0', 'ff_unit_1']
[RescueInvariant] step=89 firefighter=ff_unit_1 assigned to victim_0 but victim firefighter_id=ff_unit_0
[RescueInvariant] step=90 victim=victim_0 assigned but firefighters=['ff_unit_0', 'ff_unit_1']
[RescueInvariant] step=90 firefighter=ff_unit_1 assigned to victim_0 but victim firefighter_id=ff_unit_0
[RescueInvariant] step=91 victim=victim_0 assigned but firefighters=['ff_unit_0', 'ff_unit_1']
[RescueInvariant] step=91 firefighter=ff_unit_1 assigned to victim_0 but victim firefighter_id=ff_unit_0
[RescueInvariant] step=92 victim=victim_0 assigned but firefighters=['ff_unit_0', 'ff_unit_1']
[RescueInvariant] step=92 firefighter=ff_unit_1 assigned to victim_0 but victim firefighter_id=ff_unit_0
[RescueInvariant] step=93 victim=victim_0 assigned but firefighters=['ff_unit_0', 'ff_unit_1']
[RescueInvariant] step=93 firefighter=ff_unit_1 assigned to victim_0 but victim firefighter_id=ff_unit_0
[RescueInvariant] step=94 victim=victim_0 assigned but firefighters=['ff_unit_0', 'ff_unit_1']
[RescueInvariant] step=94 firefighter=ff_unit_1 assigned to victim_0 but victim firefighter_id=ff_unit_0
[RescueInvariant] step=95 victim=victim_0 assigned but firefighters=['ff_unit_0', 'ff_unit_1']
[RescueInvariant] step=95 firefighter=ff_unit_1 assigned to victim_0 but victim firefighter_id=ff_unit_0
[RescueInvariant] step=96 victim=victim_0 assigned but firefighters=['ff_unit_0', 'ff_unit_1']
[RescueInvariant] step=96 firefighter=ff_unit_1 assigned to victim_0 but victim firefighter_id=ff_unit_0
[RescueInvariant] step=97 victim=victim_0 assigned but firefighters=['ff_unit_0', 'ff_unit_1']
[RescueInvariant] step=97 firefighter=ff_unit_1 assigned to victim_0 but victim firefighter_id=ff_unit_0
[RescueInvariant] step=98 victim=victim_0 assigned but firefighters=['ff_unit_0', 'ff_unit_1']
[RescueInvariant] step=98 firefighter=ff_unit_1 assigned to victim_0 but victim firefighter_id=ff_unit_0
[RescueInvariant] step=99 victim=victim_0 assigned but firefighters=['ff_unit_0', 'ff_unit_1']
[RescueInvariant] step=99 firefighter=ff_unit_1 assigned to victim_0 but victim firefighter_id=ff_unit_0
[RescueInvariant] step=100 victim=victim_0 assigned but firefighters=['ff_unit_0', 'ff_unit_1']
[RescueInvariant] step=100 firefighter=ff_unit_1 assigned to victim_0 but victim firefighter_id=ff_unit_0
drgZa east seed 303 done 745.0s: rescued=3 dead=1 ff_deaths=0 | fires=11 recoveries=6 bad_assign=5
drgZa east seed 404 done 600.7s: rescued=2 dead=2 ff_deaths=1 | fires=12 recoveries=6 bad_assign=5
drgZa east seed 505 done 512.0s: rescued=2 dead=1 ff_deaths=0 | fires=13 recoveries=7 bad_assign=5
E:\Projects\SAS\outputs\_rblatch_camp2_drgZa_D_east.json
