[RescueInvariant] step=207 victim=victim_0 assigned but firefighters=[]
[RescueInvariant] step=208 victim=victim_0 assigned but firefighters=[]
[RescueInvariant] step=209 victim=victim_0 assigned but firefighters=[]
[RescueInvariant] step=210 victim=victim_0 assigned but firefighters=[]
[RescueInvariant] step=211 victim=victim_0 assigned but firefighters=[]
[RescueInvariant] step=212 victim=victim_0 assigned but firefighters=[]
[RescueInvariant] step=213 victim=victim_0 assigned but firefighters=[]
[RescueInvariant] step=214 victim=victim_0 assigned but firefighters=[]
[RescueInvariant] step=215 victim=victim_0 assigned but firefighters=[]
[RescueInvariant] step=216 victim=victim_0 assigned but firefighters=[]
[RescueInvariant] step=217 victim=victim_0 assigned but firefighters=[]
[RescueInvariant] step=218 victim=victim_0 assigned but firefighters=[]
[RescueInvariant] step=219 victim=victim_0 assigned but firefighters=[]
[RescueInvariant] step=220 victim=victim_0 assigned but firefighters=[]
[RescueInvariant] step=221 victim=victim_0 assigned but firefighters=[]
[RescueInvariant] step=223 victim=victim_0 assigned but firefighters=['ff_unit_0', 'ff_unit_1']
[RescueInvariant] step=223 firefighter=ff_unit_1 assigned to victim_0 but victim firefighter_id=ff_unit_0
[RescueInvariant] step=224 victim=victim_0 assigned but firefighters=['ff_unit_0', 'ff_unit_1']
[RescueInvariant] step=224 firefighter=ff_unit_1 assigned to victim_0 but victim firefighter_id=ff_unit_0
[RescueInvariant] step=225 victim=victim_0 assigned but firefighters=['ff_unit_0', 'ff_unit_1']
[RescueInvariant] step=225 firefighter=ff_unit_1 assigned to victim_0 but victim firefighter_id=ff_unit_0
[RescueInvariant] step=226 victim=victim_0 assigned but firefighters=['ff_unit_0', 'ff_unit_1']
[RescueInvariant] step=226 firefighter=ff_unit_1 assigned to victim_0 but victim firefighter_id=ff_unit_0
[RescueInvariant] step=227 victim=victim_0 assigned but firefighters=['ff_unit_0', 'ff_unit_1']
[RescueInvariant] step=227 firefighter=ff_unit_1 assigned to victim_0 but victim firefighter_id=ff_unit_0
[RescueInvariant] step=228 victim=victim_0 assigned but firefighters=['ff_unit_0', 'ff_unit_1']
[RescueInvariant] step=228 firefighter=ff_unit_1 assigned to victim_0 but victim firefighter_id=ff_unit_0
[RescueInvariant] step=229 victim=victim_0 assigned but firefighters=['ff_unit_0', 'ff_unit_1']
[RescueInvariant] step=229 firefighter=ff_unit_1 assigned to victim_0 but victim firefighter_id=ff_unit_0
[RescueInvariant] step=230 victim=victim_0 assigned but firefighters=['ff_unit_0', 'ff_unit_1']
[RescueInvariant] step=230 firefighter=ff_unit_1 assigned to victim_0 but victim firefighter_id=ff_unit_0
[RescueInvariant] step=231 victim=victim_0 assigned but firefighters=['ff_unit_0', 'ff_unit_1']
[RescueInvariant] step=231 firefighter=ff_unit_1 assigned to victim_0 but victim firefighter_id=ff_unit_0
[RescueInvariant] step=232 victim=victim_0 assigned but firefighters=['ff_unit_0', 'ff_unit_1']
[RescueInvariant] step=232 firefighter=ff_unit_1 assigned to victim_0 but victim firefighter_id=ff_unit_0
[RescueInvariant] step=233 victim=victim_0 assigned but firefighters=['ff_unit_0', 'ff_unit_1']
[RescueInvariant] step=233 firefighter=ff_unit_1 assigned to victim_0 but victim firefighter_id=ff_unit_0
[RescueInvariant] step=234 victim=victim_0 assigned but firefighters=['ff_unit_0', 'ff_unit_1']
[RescueInvariant] step=234 firefighter=ff_unit_1 assigned to victim_0 but victim firefighter_id=ff_unit_0
[RescueInvariant] step=235 victim=victim_0 assigned but firefighters=['ff_unit_0', 'ff_unit_1']
[RescueInvariant] step=235 firefighter=ff_unit_1 assigned to victim_0 but victim firefighter_id=ff_unit_0
[RescueInvariant] step=236 victim=victim_0 assigned but firefighters=['ff_unit_0', 'ff_unit_1']
[RescueInvariant] step=236 firefighter=ff_unit_1 assigned to victim_0 but victim firefighter_id=ff_unit_0
[RescueInvariant] step=237 victim=victim_0 assigned but firefighters=['ff_unit_0', 'ff_unit_1']
[RescueInvariant] step=237 firefighter=ff_unit_1 assigned to victim_0 but victim firefighter_id=ff_unit_0
[RescueInvariant] step=238 victim=victim_0 assigned but firefighters=['ff_unit_0', 'ff_unit_1']
[RescueInvariant] step=238 firefighter=ff_unit_1 assigned to victim_0 but victim firefighter_id=ff_unit_0
[RescueInvariant] step=239 victim=victim_0 assigned but firefighters=['ff_unit_0', 'ff_unit_1']
[RescueInvariant] step=239 firefighter=ff_unit_1 assigned to victim_0 but victim firefighter_id=ff_unit_0
[RescueInvariant] step=240 victim=victim_0 assigned but firefighters=['ff_unit_0', 'ff_unit_1']
[RescueInvariant] step=240 firefighter=ff_unit_1 assigned to victim_0 but victim firefighter_id=ff_unit_0
dfrbb east seed 606 done 1535.7s: rescued=2 dead=0 ff_deaths=0 | fires=4 recoveries=2 bad_assign=3
dfrbb east seed 707 done 238.6s: rescued=2 dead=0 ff_deaths=0 | fires=4 recoveries=2 bad_assign=3
dfrbb east seed 808 done 1012.3s: rescued=2 dead=2 ff_deaths=0 | fires=6 recoveries=4 bad_assign=4
dfrbb east seed 909 done 1077.4s: rescued=2 dead=1 ff_deaths=0 | fires=6 recoveries=4 bad_assign=4
E:\Projects\SAS\outputs\_rblatch_camp2_dfrbb_D_east.json
