dcrbBa east seed 101 done 760.4s: rescued=2 dead=0 ff_deaths=0 | fires=0 recoveries=0 bad_assign=0
dcrbBa east seed 202 done 651.9s: rescued=3 dead=1 ff_deaths=0 | fires=0 recoveries=0 bad_assign=0
[RescueInvariant] step=62 victim=victim_0 assigned but firefighters=[]
[RescueInvariant] step=63 victim=victim_0 assigned but firefighters=[]
[RescueInvariant] step=64 victim=victim_0 assigned but firefighters=[]
[RescueInvariant] step=65 victim=victim_0 assigned but firefighters=[]
[RescueInvariant] step=66 victim=victim_0 assigned but firefighters=[]
[RescueInvariant] step=67 victim=victim_0 assigned but firefighters=[]
[RescueInvariant] step=68 victim=victim_0 assigned but firefighters=[]
[RescueInvariant] step=69 victim=victim_0 assigned but firefighters=[]
[RescueInvariant] step=70 victim=victim_0 assigned but firefighters=[]
[RescueInvariant] step=71 victim=victim_0 assigned but firefighters=[]
[RescueInvariant] step=72 victim=victim_0 assigned but firefighters=[]
[RescueInvariant] step=73 victim=victim_0 assigned but firefighters=[]
[RescueInvariant] step=74 victim=victim_0 assigned but firefighters=[]
[RescueInvariant] step=75 victim=victim_0 assigned but firefighters=[]
[RescueInvariant] step=76 victim=victim_0 assigned but firefighters=[]
[RescueInvariant] step=77 victim=victim_0 assigned but firefighters=[]
[RescueInvariant] step=78 victim=victim_0 assigned but firefighters=['ff_unit_0', 'ff_unit_1']
[RescueInvariant] step=78 firefighter=ff_unit_1 assigned to victim_0 but victim firefighter_id=ff_unit_0
[RescueInvariant] step=81 victim=victim_0 assigned but firefighters=['ff_unit_0', 'ff_unit_1']
[RescueInvariant] step=81 firefighter=ff_unit_1 assigned to victim_0 but victim firefighter_id=ff_unit_0
[RescueInvariant] step=82 victim=victim_0 assigned but firefighters=['ff_unit_0', 'ff_unit_1']
[RescueInvariant] step=82 firefighter=ff_unit_1 assigned to victim_0 but victim firefighter_id=ff_unit_0
[RescueInvariant] step=83 victim=victim_0 assigned but firefighters=['ff_unit_0', 'ff_unit_1']
[RescueInvariant] step=83 firefighter=ff_unit_1 assigned to victim_0 but victim firefighter_id=ff_unit_0
[RescueInvariant] step=84 victim=victim_0 assigned but firefighters=['ff_unit_0', 'ff_unit_1']
[RescueInvariant] step=84 firefighter=ff_unit_1 assigned to victim_0 but victim firefighter_id=ff_unit_0
[RescueInvariant] step=87 victim=victim_0 assigned but firefighters=['ff_unit_0', 'ff_unit_1']
[RescueInvariant] step=87 firefighter=ff_unit_1 assigned to victim_0 but victim firefighter_id=ff_unit_0
[RescueInvariant] step=88 victim=victim_0 assigned but firefighters=['ff_unit_0', 'ff_unit_1']
[RescueInvariant] step=88 firefighter=ff_unit_1 assigned to victim_0 but victim firefighter_id=ff_unit_0
[RescueInvariant] step=89 victim=victim_0 assigned but firefighters=['ff_unit_0', 'ff_unit_1']
[RescueInvariant] step=89 firefighter=ff_unit_1 assigned to victim_0 but victim firefighter_id=ff_unit_0
[RescueInvariant] step=90 victim=victim_0 assigned but firefighters=['ff_unit_0', 'ff_unit_1']
[RescueInvariant] step=90 firefighter=ff_unit_1 assigned to victim_0 but victim firefighter_id=ff_unit_0
[RescueInvariant] step=91 victim=victim_0 assigned but firefighters=['ff_unit_0', 'ff_unit_1']
[RescueInvariant] step=91 firefighter=ff_unit_1 assigned to victim_0 but victim firefighter_id=ff_unit_0
[RescueInvariant] step=92 victim=victim_0 assigned but firefighters=['ff_unit_0', 'ff_unit_1']
[RescueInvariant] step=92 firefighter=ff_unit_1 assigned to victim_0 but victim firefighter_id=ff_unit_0
[RescueInvariant] step=93 victim=victim_0 assigned but firefighters=['ff_unit_0', 'ff_unit_1']
[RescueInvariant] step=93 firefighter=ff_unit_1 assigned to victim_0 but victim firefighter_id=ff_unit_0
[RescueInvariant] step=94 victim=victim_0 assigned but firefighters=['ff_unit_0', 'ff_unit_1']
[RescueInvariant] step=94 firefighter=ff_unit_1 assigned to victim_0 but victim firefighter_id=ff_unit_0
[RescueInvariant] step=95 victim=victim_0 assigned but firefighters=['ff_unit_0', 'ff_unit_1']
[RescueInvariant] step=95 firefighter=ff_unit_1 assigned to victim_0 but victim firefighter_id=ff_unit_0
[RescueInvariant] step=102 victim=victim_0 assigned but firefighters=['ff_unit_0', 'ff_unit_1']
[RescueInvariant] step=102 firefighter=ff_unit_1 assigned to victim_0 but victim firefighter_id=ff_unit_0
[RescueInvariant] step=103 victim=victim_0 assigned but firefighters=['ff_unit_0', 'ff_unit_1']
[RescueInvariant] step=103 firefighter=ff_unit_1 assigned to victim_0 but victim firefighter_id=ff_unit_0
[RescueInvariant] step=104 victim=victim_0 assigned but firefighters=['ff_unit_0', 'ff_unit_1']
[RescueInvariant] step=104 firefighter=ff_unit_1 assigned to victim_0 but victim firefighter_id=ff_unit_0
[RescueInvariant] step=105 victim=victim_0 assigned but firefighters=['ff_unit_0', 'ff_unit_1']
[RescueInvariant] step=105 firefighter=ff_unit_1 assigned to victim_0 but victim firefighter_id=ff_unit_0
[RescueInvariant] step=106 victim=victim_0 assigned but firefighters=['ff_unit_0', 'ff_unit_1']
[RescueInvariant] step=106 firefighter=ff_unit_1 assigned to victim_0 but victim firefighter_id=ff_unit_0
[RescueInvariant] step=107 victim=victim_0 assigned but firefighters=['ff_unit_0', 'ff_unit_1']
[RescueInvariant] step=107 firefighter=ff_unit_1 assigned to victim_0 but victim firefighter_id=ff_unit_0
[RescueInvariant] step=108 victim=victim_0 assigned but firefighters=['ff_unit_0', 'ff_unit_1']
[RescueInvariant] step=108 firefighter=ff_unit_1 assigned to victim_0 but victim firefighter_id=ff_unit_0
[RescueInvariant] step=109 victim=victim_0 assigned but firefighters=['ff_unit_0', 'ff_unit_1']
[RescueInvariant] step=109 firefighter=ff_unit_1 assigned to victim_0 but victim firefighter_id=ff_unit_0
[RescueInvariant] step=110 victim=victim_0 assigned but firefighters=['ff_unit_0', 'ff_unit_1']
[RescueInvariant] step=110 firefighter=ff_unit_1 assigned to victim_0 but victim firefighter_id=ff_unit_0
[RescueInvariant] step=111 victim=victim_0 assigned but firefighters=['ff_unit_0', 'ff_unit_1']
[RescueInvariant] step=111 firefighter=ff_unit_1 assigned to victim_0 but victim firefighter_id=ff_unit_0
[RescueInvariant] step=112 victim=victim_0 assigned but firefighters=['ff_unit_0', 'ff_unit_1']
[RescueInvariant] step=112 firefighter=ff_unit_1 assigned to victim_0 but victim firefighter_id=ff_unit_0
[RescueInvariant] step=113 victim=victim_0 assigned but firefighters=['ff_unit_0', 'ff_unit_1']
[RescueInvariant] step=113 firefighter=ff_unit_1 assigned to victim_0 but victim firefighter_id=ff_unit_0
[RescueInvariant] step=114 victim=victim_0 assigned but firefighters=['ff_unit_0', 'ff_unit_1']
[RescueInvariant] step=114 firefighter=ff_unit_1 assigned to victim_0 but victim firefighter_id=ff_unit_0
[RescueInvariant] step=115 victim=victim_0 assigned but firefighters=['ff_unit_0', 'ff_unit_1']
[RescueInvariant] step=115 firefighter=ff_unit_1 assigned to victim_0 but victim firefighter_id=ff_unit_0
[RescueInvariant] step=116 victim=victim_0 assigned but firefighters=['ff_unit_0', 'ff_unit_1']
[RescueInvariant] step=116 firefighter=ff_unit_1 assigned to victim_0 but victim firefighter_id=ff_unit_0
[RescueInvariant] step=117 victim=victim_0 assigned but firefighters=['ff_unit_0', 'ff_unit_1']
[RescueInvariant] step=117 firefighter=ff_unit_1 assigned to victim_0 but victim firefighter_id=ff_unit_0
[RescueInvariant] step=118 victim=victim_0 assigned but firefighters=['ff_unit_0', 'ff_unit_1']
[RescueInvariant] step=118 firefighter=ff_unit_1 assigned to victim_0 but victim firefighter_id=ff_unit_0
[RescueInvariant] step=119 victim=victim_0 assigned but firefighters=['ff_unit_0', 'ff_unit_1']
[RescueInvariant] step=119 firefighter=ff_unit_1 assigned to victim_0 but victim firefighter_id=ff_unit_0
[RescueInvariant] step=120 victim=victim_0 assigned but firefighters=['ff_unit_0', 'ff_unit_1']
[RescueInvariant] step=120 firefighter=ff_unit_1 assigned to victim_0 but victim firefighter_id=ff_unit_0
[RescueInvariant] step=121 victim=victim_0 assigned but firefighters=['ff_unit_0', 'ff_unit_1']
[RescueInvariant] step=121 firefighter=ff_unit_1 assigned to victim_0 but victim firefighter_id=ff_unit_0
[RescueInvariant] step=122 victim=victim_0 assigned but firefighters=['ff_unit_0', 'ff_unit_1']
[RescueInvariant] step=122 firefighter=ff_unit_1 assigned to victim_0 but victim firefighter_id=ff_unit_0
[RescueInvariant] step=123 victim=victim_0 assigned but firefighters=['ff_unit_0', 'ff_unit_1']
[RescueInvariant] step=123 firefighter=ff_unit_1 assigned to victim_0 but victim firefighter_id=ff_unit_0
[RescueInvariant] step=124 victim=victim_0 assigned but firefighters=['ff_unit_0', 'ff_unit_1']
[RescueInvariant] step=124 firefighter=ff_unit_1 assigned to victim_0 but victim firefighter_id=ff_unit_0
[RescueInvariant] step=125 victim=victim_0 assigned but firefighters=['ff_unit_0', 'ff_unit_1']
[RescueInvariant] step=125 firefighter=ff_unit_1 assigned to victim_0 but victim firefighter_id=ff_unit_0
[RescueInvariant] step=126 victim=victim_0 assigned but firefighters=['ff_unit_0', 'ff_unit_1']
[RescueInvariant] step=126 firefighter=ff_unit_1 assigned to victim_0 but victim firefighter_id=ff_unit_0
[RescueInvariant] step=127 victim=victim_0 assigned but firefighters=['ff_unit_0', 'ff_unit_1']
[RescueInvariant] step=127 firefighter=ff_unit_1 assigned to victim_0 but victim firefighter_id=ff_unit_0
[RescueInvariant] step=128 victim=victim_0 assigned but firefighters=['ff_unit_0', 'ff_unit_1']
[RescueInvariant] step=128 firefighter=ff_unit_1 assigned to victim_0 but victim firefighter_id=ff_unit_0
[RescueInvariant] step=129 victim=victim_0 assigned but firefighters=['ff_unit_0', 'ff_unit_1']
[RescueInvariant] step=129 firefighter=ff_unit_1 assigned to victim_0 but victim firefighter_id=ff_unit_0
dcrbBa east seed 303 done 829.9s: rescued=3 dead=1 ff_deaths=0 | fires=7 recoveries=2 bad_assign=3
dcrbBa east seed 404 done 1256.7s: rescued=2 dead=2 ff_deaths=1 | fires=9 recoveries=4 bad_assign=3
dcrbBa east seed 505 done 957.6s: rescued=3 dead=1 ff_deaths=0 | fires=12 recoveries=7 bad_assign=6
E:\Projects\SAS\outputs\_rblatch_camp2_dcrbBa_D_east.json
