[09:28:58] POOL START runid=20260915-092858-1421 restart=0 pid=1421 winpid=3632 head=003ed91 dirty_tracked=0 queue=outputs/_firemech_queue_canonical.txt maxpar=11 minfree_kb=6000000
[09:28:59] ENV 3.10.11 mesa 1.2.1  prereg_sha256=795d7faf6e71095d queue_sha256=8d1cc79539d7ccbe
[09:29:00] VALIDATE total=117 valid=0 invalid=0 missing=117
[09:29:00] START STATE total=117 valid=0 pending=117 live_orphans_this_wave=0 sims_boxwide=0 free_kb=25820164
[09:29:00] HEARTBEAT pid=1456 every 60s -> outputs/_firemech_wave_canonical.log ; state file outputs/_firemech_canon_state.txt ; sentinel outputs/_firemech_canon_hb_20260915-092858-1421.stop
[09:29:00] LAUNCH fmOFF_east_half_101 running=1 free_kb=25810076 sims_boxwide=0 attempt=1
[09:29:13] LAUNCH fmOFF_east_half_202 running=2 free_kb=24032544 sims_boxwide=1 attempt=1
[09:29:26] LAUNCH fmOFF_east_half_303 running=3 free_kb=23135384 sims_boxwide=2 attempt=1
[09:29:38] LAUNCH fmOFF_east_half_404 running=4 free_kb=22305260 sims_boxwide=3 attempt=1
[09:29:51] LAUNCH fmOFF_east_half_505 running=5 free_kb=21341476 sims_boxwide=4 attempt=1
[09:30:00] .. alive runid=20260915-092858-1421 event_age=9s | total=117 valid=0 running=5 pending=112 launched=5 failed=0 gaveup=0 forkfail=0 free_kb=21341476 sims_boxwide=4 last_event_age=0s last_event_epoch=1789457391
[09:30:04] LAUNCH fmOFF_south_half_101 running=6 free_kb=20306684 sims_boxwide=5 attempt=1
[09:30:17] LAUNCH fmOFF_south_half_202 running=7 free_kb=19443800 sims_boxwide=6 attempt=1
[09:30:30] LAUNCH fmOFF_south_half_303 running=8 free_kb=18567232 sims_boxwide=7 attempt=1
[09:30:42] LAUNCH fmOFF_south_half_404 running=9 free_kb=17647924 sims_boxwide=8 attempt=1
[09:30:55] LAUNCH fmOFF_south_half_505 running=10 free_kb=16783024 sims_boxwide=9 attempt=1
[09:31:00] .. alive runid=20260915-092858-1421 event_age=5s | total=117 valid=0 running=10 pending=107 launched=10 failed=0 gaveup=0 forkfail=0 free_kb=16783024 sims_boxwide=9 last_event_age=0s last_event_epoch=1789457455
[09:31:08] LAUNCH fmOFF_east_def_101 running=11 free_kb=15980148 sims_boxwide=10 attempt=1
[09:32:00] .. alive runid=20260915-092858-1421 event_age=52s | total=117 valid=0 running=11 pending=106 launched=11 failed=0 gaveup=0 forkfail=0 free_kb=15980148 sims_boxwide=10 last_event_age=0s last_event_epoch=1789457468
[09:33:00] .. alive runid=20260915-092858-1421 event_age=112s | total=117 valid=0 running=11 pending=106 launched=11 failed=0 gaveup=0 forkfail=0 free_kb=15980148 sims_boxwide=10 last_event_age=0s last_event_epoch=1789457468
[09:34:00] .. alive runid=20260915-092858-1421 event_age=172s | total=117 valid=0 running=11 pending=106 launched=11 failed=0 gaveup=0 forkfail=0 free_kb=15980148 sims_boxwide=10 last_event_age=0s last_event_epoch=1789457468
[09:34:30] DONE fmOFF_south_half_303 rc=0 240s fmOFF south/half seed=303 rescued=4 dead=0 unreachable=0 never_detected=0 ff_deaths=1 terminal=114 completions=4 recycles=4 removals=4 returns=4 wall=239s [valid 1/117]
[09:34:31] LAUNCH fmOFF_east_def_202 running=11 free_kb=16179660 sims_boxwide=10 attempt=1
[09:34:54] DONE fmOFF_south_half_505 rc=0 239s fmOFF south/half seed=505 rescued=3 dead=1 unreachable=0 never_detected=0 ff_deaths=0 terminal=114 completions=3 recycles=3 removals=3 returns=3 wall=237s [valid 2/117]
[09:34:55] LAUNCH fmOFF_east_def_303 running=11 free_kb=16215200 sims_boxwide=10 attempt=1
[09:35:00] .. alive runid=20260915-092858-1421 event_age=5s | total=117 valid=2 running=11 pending=104 launched=13 failed=0 gaveup=0 forkfail=0 free_kb=16215200 sims_boxwide=10 last_event_age=0s last_event_epoch=1789457695
[09:35:07] DONE fmOFF_south_half_202 rc=0 290s fmOFF south/half seed=202 rescued=3 dead=0 unreachable=0 never_detected=0 ff_deaths=1 terminal=None completions=3 recycles=3 removals=3 returns=3 wall=277s [valid 3/117]
[09:35:08] LAUNCH fmEFS_east_half_101 running=11 free_kb=16236540 sims_boxwide=10 attempt=1
[09:35:20] DONE fmOFF_east_def_101 rc=0 252s fmOFF east/default seed=101 rescued=3 dead=0 unreachable=1 never_detected=1 ff_deaths=0 terminal=215 completions=3 recycles=3 removals=3 returns=3 wall=250s [valid 4/117]
[09:35:21] LAUNCH fmEFS_east_half_202 running=11 free_kb=16234124 sims_boxwide=10 attempt=1
[09:35:33] DONE fmOFF_south_half_101 rc=0 329s fmOFF south/half seed=101 rescued=2 dead=1 unreachable=1 never_detected=0 ff_deaths=2 terminal=159 completions=2 recycles=2 removals=2 returns=2 wall=319s [valid 5/117]
[09:35:34] LAUNCH fmEFS_east_half_303 running=11 free_kb=16256300 sims_boxwide=10 attempt=1
[09:35:49] DONE fmOFF_south_half_404 rc=0 307s fmOFF south/half seed=404 rescued=3 dead=1 unreachable=0 never_detected=0 ff_deaths=0 terminal=189 completions=3 recycles=3 removals=3 returns=3 wall=305s [valid 6/117]
[09:35:50] LAUNCH fmEFS_east_half_404 running=11 free_kb=16278400 sims_boxwide=10 attempt=1
[09:36:00] .. alive runid=20260915-092858-1421 event_age=10s | total=117 valid=6 running=11 pending=100 launched=17 failed=0 gaveup=0 forkfail=0 free_kb=16278400 sims_boxwide=10 last_event_age=0s last_event_epoch=1789457750
[09:36:40] DONE fmOFF_east_half_505 rc=0 409s fmOFF east/half seed=505 rescued=3 dead=1 unreachable=0 never_detected=0 ff_deaths=0 terminal=109 completions=3 recycles=3 removals=3 returns=3 wall=407s [valid 7/117]
[09:36:41] LAUNCH fmEFS_east_half_505 running=11 free_kb=16265952 sims_boxwide=10 attempt=1
[09:36:53] DONE fmOFF_east_half_202 rc=0 460s fmOFF east/half seed=202 rescued=3 dead=1 unreachable=0 never_detected=0 ff_deaths=0 terminal=104 completions=3 recycles=3 removals=3 returns=3 wall=452s [valid 8/117]
[09:36:54] LAUNCH fmEFS_south_half_101 running=11 free_kb=16298036 sims_boxwide=10 attempt=1
[09:37:00] .. alive runid=20260915-092858-1421 event_age=6s | total=117 valid=8 running=11 pending=98 launched=19 failed=0 gaveup=0 forkfail=0 free_kb=16298036 sims_boxwide=10 last_event_age=0s last_event_epoch=1789457814
[09:37:06] DONE fmOFF_east_half_101 rc=0 486s fmOFF east/half seed=101 rescued=4 dead=0 unreachable=0 never_detected=0 ff_deaths=1 terminal=127 completions=4 recycles=4 removals=4 returns=4 wall=484s [valid 9/117]
[09:37:07] LAUNCH fmEFS_south_half_202 running=11 free_kb=16313360 sims_boxwide=10 attempt=1
[09:38:00] .. alive runid=20260915-092858-1421 event_age=53s | total=117 valid=9 running=11 pending=97 launched=20 failed=0 gaveup=0 forkfail=0 free_kb=16313360 sims_boxwide=10 last_event_age=0s last_event_epoch=1789457827
[09:38:34] DONE fmOFF_east_def_202 rc=0 243s fmOFF east/default seed=202 rescued=3 dead=1 unreachable=0 never_detected=0 ff_deaths=0 terminal=181 completions=3 recycles=3 removals=3 returns=3 wall=242s [valid 10/117]
[09:38:35] LAUNCH fmEFS_south_half_303 running=11 free_kb=16177036 sims_boxwide=10 attempt=1
[09:38:49] DONE fmOFF_east_half_404 rc=0 551s fmOFF east/half seed=404 rescued=2 dead=2 unreachable=0 never_detected=0 ff_deaths=1 terminal=162 completions=2 recycles=2 removals=2 returns=2 wall=549s [valid 11/117]
[09:38:50] LAUNCH fmEFS_south_half_404 running=11 free_kb=16225424 sims_boxwide=10 attempt=1
[09:39:00] .. alive runid=20260915-092858-1421 event_age=10s | total=117 valid=11 running=11 pending=95 launched=22 failed=0 gaveup=0 forkfail=0 free_kb=16225424 sims_boxwide=10 last_event_age=0s last_event_epoch=1789457930
[09:39:23] DONE fmOFF_east_def_303 rc=0 268s fmOFF east/default seed=303 rescued=3 dead=1 unreachable=0 never_detected=0 ff_deaths=0 terminal=130 completions=3 recycles=3 removals=3 returns=3 wall=267s [valid 12/117]
[09:39:24] LAUNCH fmEFS_south_half_505 running=11 free_kb=16239340 sims_boxwide=10 attempt=1
[09:39:36] DONE fmOFF_east_half_303 rc=0 610s fmOFF east/half seed=303 rescued=3 dead=1 unreachable=0 never_detected=0 ff_deaths=0 terminal=219 completions=3 recycles=3 removals=3 returns=3 wall=601s [valid 13/117]
[09:39:37] LAUNCH fmEFS_east_def_101 running=11 free_kb=16267388 sims_boxwide=10 attempt=1
[09:40:00] .. alive runid=20260915-092858-1421 event_age=23s | total=117 valid=13 running=11 pending=93 launched=24 failed=0 gaveup=0 forkfail=0 free_kb=16267388 sims_boxwide=10 last_event_age=0s last_event_epoch=1789457977
[09:41:01] .. alive runid=20260915-092858-1421 event_age=84s | total=117 valid=13 running=11 pending=93 launched=24 failed=0 gaveup=0 forkfail=0 free_kb=16267388 sims_boxwide=10 last_event_age=0s last_event_epoch=1789457977
[09:41:28] DONE fmEFS_south_half_202 rc=0 261s fmEFS south/half seed=202 rescued=4 dead=0 unreachable=0 never_detected=0 ff_deaths=0 terminal=167 completions=4 recycles=4 removals=4 returns=4 wall=259s [valid 14/117]
[09:41:29] LAUNCH fmEFS_east_def_202 running=11 free_kb=16049024 sims_boxwide=10 attempt=1
[09:42:01] .. alive runid=20260915-092858-1421 event_age=32s | total=117 valid=14 running=11 pending=92 launched=25 failed=0 gaveup=0 forkfail=0 free_kb=16049024 sims_boxwide=10 last_event_age=0s last_event_epoch=1789458089
[09:42:05] DONE fmEFS_south_half_101 rc=0 311s fmEFS south/half seed=101 rescued=2 dead=1 unreachable=1 never_detected=0 ff_deaths=2 terminal=147 completions=2 recycles=2 removals=2 returns=2 wall=309s [valid 15/117]
[09:42:06] LAUNCH fmEFS_east_def_303 running=11 free_kb=16103868 sims_boxwide=10 attempt=1
[09:42:18] DONE fmEFS_east_half_202 rc=0 417s fmEFS east/half seed=202 rescued=3 dead=1 unreachable=0 never_detected=0 ff_deaths=0 terminal=93 completions=3 recycles=3 removals=3 returns=3 wall=408s [valid 16/117]
[09:42:18] DONE fmEFS_south_half_303 rc=0 223s fmEFS south/half seed=303 rescued=4 dead=0 unreachable=0 never_detected=0 ff_deaths=0 terminal=115 completions=4 recycles=4 removals=4 returns=4 wall=221s [valid 17/117]
[09:42:19] LAUNCH fmDRY_east_half_101 running=10 free_kb=17042232 sims_boxwide=9 attempt=1
[09:42:32] LAUNCH fmDRY_east_half_202 running=11 free_kb=16168404 sims_boxwide=10 attempt=1
[09:43:01] .. alive runid=20260915-092858-1421 event_age=29s | total=117 valid=17 running=11 pending=89 launched=28 failed=0 gaveup=0 forkfail=0 free_kb=16168404 sims_boxwide=10 last_event_age=0s last_event_epoch=1789458152
[09:43:01] DONE fmEFS_south_half_505 rc=0 217s fmEFS south/half seed=505 rescued=3 dead=1 unreachable=0 never_detected=0 ff_deaths=0 terminal=115 completions=3 recycles=3 removals=3 returns=3 wall=216s [valid 18/117]
[09:43:02] LAUNCH fmDRY_east_half_303 running=11 free_kb=16135052 sims_boxwide=10 attempt=1
[09:43:15] DONE fmEFS_east_half_303 rc=0 460s fmEFS east/half seed=303 rescued=3 dead=1 unreachable=0 never_detected=0 ff_deaths=0 terminal=121 completions=3 recycles=3 removals=3 returns=3 wall=456s [valid 19/117]
[09:43:15] LAUNCH fmDRY_east_half_404 running=11 free_kb=16193672 sims_boxwide=10 attempt=1
[09:43:35] DONE fmEFS_east_half_101 rc=0 507s fmEFS east/half seed=101 rescued=3 dead=1 unreachable=0 never_detected=0 ff_deaths=1 terminal=135 completions=3 recycles=3 removals=3 returns=3 wall=506s [valid 20/117]
[09:43:36] LAUNCH fmDRY_east_half_505 running=11 free_kb=16190636 sims_boxwide=10 attempt=1
[09:43:48] DONE fmEFS_east_def_101 rc=0 251s fmEFS east/default seed=101 rescued=3 dead=0 unreachable=1 never_detected=1 ff_deaths=0 terminal=220 completions=3 recycles=3 removals=3 returns=3 wall=239s [valid 21/117]
[09:43:49] LAUNCH fmDRY_south_half_101 running=11 free_kb=16204972 sims_boxwide=10 attempt=1
[09:44:01] .. alive runid=20260915-092858-1421 event_age=12s | total=117 valid=21 running=11 pending=85 launched=32 failed=0 gaveup=0 forkfail=0 free_kb=16204972 sims_boxwide=10 last_event_age=0s last_event_epoch=1789458229
[09:44:01] DONE fmEFS_east_half_505 rc=0 440s fmEFS east/half seed=505 rescued=3 dead=1 unreachable=0 never_detected=0 ff_deaths=0 terminal=94 completions=3 recycles=3 removals=3 returns=3 wall=431s [valid 22/117]
[09:44:01] DONE fmEFS_south_half_404 rc=0 311s fmEFS south/half seed=404 rescued=1 dead=2 unreachable=0 never_detected=0 ff_deaths=1 terminal=None completions=1 recycles=1 removals=1 returns=1 wall=307s [valid 23/117]
[09:44:02] LAUNCH fmDRY_south_half_202 running=10 free_kb=17109076 sims_boxwide=9 attempt=1
[09:44:15] LAUNCH fmDRY_south_half_303 running=11 free_kb=16244000 sims_boxwide=10 attempt=1
[09:45:01] .. alive runid=20260915-092858-1421 event_age=46s | total=117 valid=23 running=11 pending=83 launched=34 failed=0 gaveup=0 forkfail=0 free_kb=16244000 sims_boxwide=10 last_event_age=0s last_event_epoch=1789458255
[09:45:02] DONE fmEFS_east_half_404 rc=0 552s fmEFS east/half seed=404 rescued=3 dead=1 unreachable=0 never_detected=0 ff_deaths=1 terminal=162 completions=3 recycles=3 removals=3 returns=3 wall=551s [valid 24/117]
[09:45:03] LAUNCH fmDRY_south_half_404 running=11 free_kb=16229868 sims_boxwide=10 attempt=1
[09:45:20] DONE fmEFS_east_def_202 rc=0 231s fmEFS east/default seed=202 rescued=3 dead=1 unreachable=0 never_detected=0 ff_deaths=0 terminal=172 completions=3 recycles=3 removals=3 returns=3 wall=230s [valid 25/117]
[09:45:21] LAUNCH fmDRY_south_half_505 running=11 free_kb=16269692 sims_boxwide=10 attempt=1
[09:46:01] .. alive runid=20260915-092858-1421 event_age=40s | total=117 valid=25 running=11 pending=81 launched=36 failed=0 gaveup=0 forkfail=0 free_kb=16269692 sims_boxwide=10 last_event_age=0s last_event_epoch=1789458321
[09:46:28] DONE fmEFS_east_def_303 rc=0 262s fmEFS east/default seed=303 rescued=3 dead=1 unreachable=0 never_detected=0 ff_deaths=1 terminal=149 completions=3 recycles=3 removals=3 returns=3 wall=261s [valid 26/117]
[09:46:29] LAUNCH fmDRY_east_def_101 running=11 free_kb=16227124 sims_boxwide=10 attempt=1
[09:47:01] .. alive runid=20260915-092858-1421 event_age=32s | total=117 valid=26 running=11 pending=80 launched=37 failed=0 gaveup=0 forkfail=0 free_kb=16227124 sims_boxwide=10 last_event_age=0s last_event_epoch=1789458389
[09:48:01] .. alive runid=20260915-092858-1421 event_age=92s | total=117 valid=26 running=11 pending=80 launched=37 failed=0 gaveup=0 forkfail=0 free_kb=16227124 sims_boxwide=10 last_event_age=0s last_event_epoch=1789458389
[09:48:16] DONE fmDRY_south_half_303 rc=0 241s fmDRY south/half seed=303 rescued=4 dead=0 unreachable=0 never_detected=0 ff_deaths=1 terminal=115 completions=4 recycles=4 removals=4 returns=4 wall=240s [valid 27/117]
[09:48:17] LAUNCH fmDRY_east_def_202 running=11 free_kb=16085760 sims_boxwide=10 attempt=1
[09:48:29] DONE fmDRY_south_half_202 rc=0 267s fmDRY south/half seed=202 rescued=4 dead=0 unreachable=0 never_detected=0 ff_deaths=0 terminal=167 completions=4 recycles=4 removals=4 returns=4 wall=266s [valid 28/117]
[09:48:30] LAUNCH fmDRY_east_def_303 running=11 free_kb=16187844 sims_boxwide=10 attempt=1
[09:49:01] .. alive runid=20260915-092858-1421 event_age=31s | total=117 valid=28 running=11 pending=78 launched=39 failed=0 gaveup=0 forkfail=0 free_kb=16187844 sims_boxwide=10 last_event_age=0s last_event_epoch=1789458510
[09:49:05] DONE fmDRY_south_half_101 rc=0 315s fmDRY south/half seed=101 rescued=2 dead=1 unreachable=1 never_detected=0 ff_deaths=2 terminal=147 completions=2 recycles=2 removals=2 returns=2 wall=314s [valid 29/117]
[09:49:05] LAUNCH fmF_east_half_101 running=11 free_kb=16183212 sims_boxwide=10 attempt=1
[09:49:21] DONE fmDRY_south_half_505 rc=0 240s fmDRY south/half seed=505 rescued=3 dead=1 unreachable=0 never_detected=0 ff_deaths=0 terminal=115 completions=3 recycles=3 removals=3 returns=3 wall=239s [valid 30/117]
[09:49:22] LAUNCH fmF_east_half_202 running=11 free_kb=16177512 sims_boxwide=10 attempt=1
[09:49:34] DONE fmDRY_east_half_202 rc=0 422s fmDRY east/half seed=202 rescued=3 dead=1 unreachable=0 never_detected=0 ff_deaths=0 terminal=93 completions=3 recycles=3 removals=3 returns=3 wall=418s [valid 31/117]
[09:49:35] LAUNCH fmF_east_half_303 running=11 free_kb=16200248 sims_boxwide=10 attempt=1
[09:50:01] .. alive runid=20260915-092858-1421 event_age=26s | total=117 valid=31 running=11 pending=75 launched=42 failed=0 gaveup=0 forkfail=0 free_kb=16200248 sims_boxwide=10 last_event_age=0s last_event_epoch=1789458575
[09:50:18] DONE fmDRY_south_half_404 rc=0 314s fmDRY south/half seed=404 rescued=2 dead=1 unreachable=0 never_detected=0 ff_deaths=1 terminal=None completions=2 recycles=2 removals=2 returns=2 wall=313s [valid 32/117]
[09:50:18] LAUNCH fmF_east_half_404 running=11 free_kb=16178528 sims_boxwide=10 attempt=1
[09:50:31] DONE fmDRY_east_half_505 rc=0 414s fmDRY east/half seed=505 rescued=3 dead=1 unreachable=0 never_detected=0 ff_deaths=0 terminal=94 completions=3 recycles=3 removals=3 returns=3 wall=409s [valid 33/117]
[09:50:31] LAUNCH fmF_east_half_505 running=11 free_kb=16201380 sims_boxwide=10 attempt=1
[09:50:44] DONE fmDRY_east_def_101 rc=0 255s fmDRY east/default seed=101 rescued=2 dead=0 unreachable=1 never_detected=1 ff_deaths=0 terminal=None completions=2 recycles=2 removals=2 returns=2 wall=252s [valid 34/117]
[09:50:44] LAUNCH fmF_south_half_101 running=11 free_kb=16203040 sims_boxwide=10 attempt=1
[09:50:57] DONE fmDRY_east_half_303 rc=0 475s fmDRY east/half seed=303 rescued=3 dead=1 unreachable=0 never_detected=0 ff_deaths=0 terminal=121 completions=3 recycles=3 removals=3 returns=3 wall=466s [valid 35/117]
[09:50:58] LAUNCH fmF_south_half_202 running=11 free_kb=16254656 sims_boxwide=10 attempt=1
[09:51:01] .. alive runid=20260915-092858-1421 event_age=3s | total=117 valid=35 running=11 pending=71 launched=46 failed=0 gaveup=0 forkfail=0 free_kb=16254656 sims_boxwide=10 last_event_age=0s last_event_epoch=1789458658
[09:51:11] DONE fmDRY_east_half_101 rc=0 532s fmDRY east/half seed=101 rescued=3 dead=1 unreachable=0 never_detected=0 ff_deaths=0 terminal=138 completions=3 recycles=3 removals=3 returns=3 wall=531s [valid 36/117]
[09:51:12] LAUNCH fmF_south_half_303 running=11 free_kb=16263572 sims_boxwide=10 attempt=1
[09:52:01] .. alive runid=20260915-092858-1421 event_age=49s | total=117 valid=36 running=11 pending=70 launched=47 failed=0 gaveup=0 forkfail=0 free_kb=16263572 sims_boxwide=10 last_event_age=0s last_event_epoch=1789458672
[09:52:23] DONE fmDRY_east_def_202 rc=0 246s fmDRY east/default seed=202 rescued=3 dead=1 unreachable=0 never_detected=0 ff_deaths=0 terminal=175 completions=3 recycles=3 removals=3 returns=3 wall=245s [valid 37/117]
[09:52:24] LAUNCH fmF_south_half_404 running=11 free_kb=16223356 sims_boxwide=10 attempt=1
[09:52:36] DONE fmDRY_east_half_404 rc=0 561s fmDRY east/half seed=404 rescued=3 dead=1 unreachable=0 never_detected=0 ff_deaths=1 terminal=162 completions=3 recycles=3 removals=3 returns=3 wall=551s [valid 38/117]
[09:52:37] LAUNCH fmF_south_half_505 running=11 free_kb=16247704 sims_boxwide=10 attempt=1
[09:52:57] DONE fmDRY_east_def_303 rc=0 267s fmDRY east/default seed=303 rescued=3 dead=1 unreachable=0 never_detected=0 ff_deaths=1 terminal=149 completions=3 recycles=3 removals=3 returns=3 wall=265s [valid 39/117]
[09:52:58] LAUNCH fmF_east_def_101 running=11 free_kb=16202620 sims_boxwide=10 attempt=1
[09:53:02] .. alive runid=20260915-092858-1421 event_age=4s | total=117 valid=39 running=11 pending=67 launched=50 failed=0 gaveup=0 forkfail=0 free_kb=16202620 sims_boxwide=10 last_event_age=0s last_event_epoch=1789458778
[09:54:02] .. alive runid=20260915-092858-1421 event_age=64s | total=117 valid=39 running=11 pending=67 launched=50 failed=0 gaveup=0 forkfail=0 free_kb=16202620 sims_boxwide=10 last_event_age=0s last_event_epoch=1789458778
[09:54:52] DONE fmF_south_half_303 rc=0 220s fmF south/half seed=303 rescued=4 dead=0 unreachable=0 never_detected=0 ff_deaths=0 terminal=115 completions=4 recycles=4 removals=4 returns=4 wall=218s [valid 40/117]
[09:54:53] LAUNCH fmF_east_def_202 running=11 free_kb=16031636 sims_boxwide=10 attempt=1
[09:55:02] .. alive runid=20260915-092858-1421 event_age=9s | total=117 valid=40 running=11 pending=66 launched=51 failed=0 gaveup=0 forkfail=0 free_kb=16031636 sims_boxwide=10 last_event_age=0s last_event_epoch=1789458893
[09:55:23] DONE fmF_south_half_202 rc=0 265s fmF south/half seed=202 rescued=4 dead=0 unreachable=0 never_detected=0 ff_deaths=0 terminal=167 completions=4 recycles=4 removals=4 returns=4 wall=264s [valid 41/117]
[09:55:24] LAUNCH fmF_east_def_303 running=11 free_kb=16152764 sims_boxwide=10 attempt=1
[09:56:02] .. alive runid=20260915-092858-1421 event_age=38s | total=117 valid=41 running=11 pending=65 launched=52 failed=0 gaveup=0 forkfail=0 free_kb=16152764 sims_boxwide=10 last_event_age=0s last_event_epoch=1789458924
[09:56:05] DONE fmF_south_half_101 rc=0 320s fmF south/half seed=101 rescued=2 dead=1 unreachable=1 never_detected=0 ff_deaths=2 terminal=147 completions=2 recycles=2 removals=2 returns=2 wall=318s [valid 42/117]
[09:56:05] LAUNCH fmES_east_half_101 running=11 free_kb=16147180 sims_boxwide=10 attempt=1
[09:56:18] DONE fmF_east_half_202 rc=0 415s fmF east/half seed=202 rescued=3 dead=1 unreachable=0 never_detected=0 ff_deaths=0 terminal=93 completions=3 recycles=3 removals=3 returns=3 wall=404s [valid 43/117]
[09:56:18] LAUNCH fmES_east_half_202 running=11 free_kb=16176636 sims_boxwide=10 attempt=1
[09:56:31] DONE fmF_south_half_505 rc=0 233s fmF south/half seed=505 rescued=3 dead=1 unreachable=0 never_detected=0 ff_deaths=0 terminal=115 completions=3 recycles=3 removals=3 returns=3 wall=222s [valid 44/117]
[09:56:31] LAUNCH fmES_east_half_303 running=11 free_kb=16196104 sims_boxwide=10 attempt=1
[09:57:02] .. alive runid=20260915-092858-1421 event_age=31s | total=117 valid=44 running=11 pending=62 launched=55 failed=0 gaveup=0 forkfail=0 free_kb=16196104 sims_boxwide=10 last_event_age=0s last_event_epoch=1789458991
[09:57:03] DONE fmF_east_def_101 rc=0 245s fmF east/default seed=101 rescued=3 dead=0 unreachable=1 never_detected=1 ff_deaths=0 terminal=233 completions=3 recycles=3 removals=3 returns=3 wall=244s [valid 45/117]
[09:57:04] LAUNCH fmES_east_half_404 running=11 free_kb=16167108 sims_boxwide=10 attempt=1
[09:57:16] DONE fmF_east_half_303 rc=0 461s fmF east/half seed=303 rescued=3 dead=1 unreachable=0 never_detected=0 ff_deaths=0 terminal=121 completions=3 recycles=3 removals=3 returns=3 wall=454s [valid 46/117]
[09:57:17] LAUNCH fmES_east_half_505 running=11 free_kb=16202572 sims_boxwide=10 attempt=1
[09:57:29] DONE fmF_east_half_505 rc=0 418s fmF east/half seed=505 rescued=3 dead=1 unreachable=0 never_detected=0 ff_deaths=0 terminal=94 completions=3 recycles=3 removals=3 returns=3 wall=415s [valid 47/117]
[09:57:30] LAUNCH fmES_south_half_101 running=11 free_kb=16243264 sims_boxwide=10 attempt=1
[09:57:42] DONE fmF_east_half_101 rc=0 517s fmF east/half seed=101 rescued=3 dead=1 unreachable=0 never_detected=0 ff_deaths=1 terminal=135 completions=3 recycles=3 removals=3 returns=3 wall=511s [valid 48/117]
[09:57:43] DONE fmF_south_half_404 rc=0 318s fmF south/half seed=404 rescued=1 dead=2 unreachable=0 never_detected=0 ff_deaths=1 terminal=None completions=1 recycles=1 removals=1 returns=1 wall=307s [valid 49/117]
[09:57:43] LAUNCH fmES_south_half_202 running=10 free_kb=17131168 sims_boxwide=9 attempt=1
[09:57:56] LAUNCH fmES_south_half_303 running=11 free_kb=16236628 sims_boxwide=10 attempt=1
[09:58:02] .. alive runid=20260915-092858-1421 event_age=6s | total=117 valid=49 running=11 pending=57 launched=60 failed=0 gaveup=0 forkfail=0 free_kb=16236628 sims_boxwide=10 last_event_age=0s last_event_epoch=1789459076
[09:58:36] DONE fmF_east_def_202 rc=0 223s fmF east/default seed=202 rescued=3 dead=1 unreachable=0 never_detected=0 ff_deaths=0 terminal=188 completions=3 recycles=3 removals=3 returns=3 wall=222s [valid 50/117]
[09:58:37] LAUNCH fmES_south_half_404 running=11 free_kb=16227256 sims_boxwide=10 attempt=1
[09:59:02] .. alive runid=20260915-092858-1421 event_age=25s | total=117 valid=50 running=11 pending=56 launched=61 failed=0 gaveup=0 forkfail=0 free_kb=16227256 sims_boxwide=10 last_event_age=0s last_event_epoch=1789459117
[09:59:31] DONE fmF_east_half_404 rc=0 553s fmF east/half seed=404 rescued=3 dead=1 unreachable=0 never_detected=0 ff_deaths=1 terminal=162 completions=3 recycles=3 removals=3 returns=3 wall=551s [valid 51/117]
[09:59:32] LAUNCH fmES_south_half_505 running=11 free_kb=15957456 sims_boxwide=10 attempt=1
[09:59:45] DONE fmF_east_def_303 rc=0 261s fmF east/default seed=303 rescued=3 dead=1 unreachable=0 never_detected=0 ff_deaths=1 terminal=149 completions=3 recycles=3 removals=3 returns=3 wall=260s [valid 52/117]
[09:59:46] LAUNCH fmES_east_def_101 running=11 free_kb=16044120 sims_boxwide=10 attempt=1
[10:00:02] .. alive runid=20260915-092858-1421 event_age=16s | total=117 valid=52 running=11 pending=54 launched=63 failed=0 gaveup=0 forkfail=0 free_kb=16044120 sims_boxwide=10 last_event_age=0s last_event_epoch=1789459186
[10:01:02] .. alive runid=20260915-092858-1421 event_age=76s | total=117 valid=52 running=11 pending=54 launched=63 failed=0 gaveup=0 forkfail=0 free_kb=16044120 sims_boxwide=10 last_event_age=0s last_event_epoch=1789459186
[10:01:59] DONE fmES_south_half_303 rc=0 243s fmES south/half seed=303 rescued=4 dead=0 unreachable=0 never_detected=0 ff_deaths=1 terminal=115 completions=4 recycles=4 removals=4 returns=4 wall=241s [valid 53/117]
[10:02:00] LAUNCH fmES_east_def_202 running=11 free_kb=15902452 sims_boxwide=10 attempt=1
[10:02:02] .. alive runid=20260915-092858-1421 event_age=2s | total=117 valid=53 running=11 pending=53 launched=64 failed=0 gaveup=0 forkfail=0 free_kb=15902452 sims_boxwide=10 last_event_age=0s last_event_epoch=1789459320
[10:02:28] DONE fmES_south_half_202 rc=0 284s fmES south/half seed=202 rescued=4 dead=0 unreachable=0 never_detected=0 ff_deaths=0 terminal=169 completions=4 recycles=4 removals=4 returns=4 wall=283s [valid 54/117]
[10:02:28] LAUNCH fmES_east_def_303 running=11 free_kb=16031840 sims_boxwide=10 attempt=1
[10:02:46] DONE fmES_south_half_101 rc=0 316s fmES south/half seed=101 rescued=3 dead=1 unreachable=0 never_detected=0 ff_deaths=1 terminal=164 completions=3 recycles=3 removals=3 returns=3 wall=315s [valid 55/117]
[10:02:47] LAUNCH fmFS_east_half_101 running=11 free_kb=16052040 sims_boxwide=10 attempt=1
[10:03:02] .. alive runid=20260915-092858-1421 event_age=15s | total=117 valid=55 running=11 pending=51 launched=66 failed=0 gaveup=0 forkfail=0 free_kb=16052040 sims_boxwide=10 last_event_age=0s last_event_epoch=1789459367
[10:03:04] DONE fmES_south_half_505 rc=0 212s fmES south/half seed=505 rescued=3 dead=1 unreachable=0 never_detected=0 ff_deaths=0 terminal=115 completions=3 recycles=3 removals=3 returns=3 wall=211s [valid 56/117]
[10:03:05] LAUNCH fmFS_east_half_202 running=11 free_kb=16092032 sims_boxwide=10 attempt=1
[10:03:17] DONE fmES_south_half_404 rc=0 280s fmES south/half seed=404 rescued=2 dead=2 unreachable=0 never_detected=0 ff_deaths=0 terminal=199 completions=2 recycles=2 removals=2 returns=2 wall=274s [valid 57/117]
[10:03:18] LAUNCH fmFS_east_half_303 running=11 free_kb=16093628 sims_boxwide=10 attempt=1
[10:03:30] DONE fmES_east_half_202 rc=0 432s fmES east/half seed=202 rescued=3 dead=1 unreachable=0 never_detected=0 ff_deaths=0 terminal=94 completions=3 recycles=3 removals=3 returns=3 wall=429s [valid 58/117]
[10:03:31] LAUNCH fmFS_east_half_404 running=11 free_kb=16104888 sims_boxwide=10 attempt=1
[10:03:43] DONE fmES_east_def_101 rc=0 237s fmES east/default seed=101 rescued=3 dead=1 unreachable=0 never_detected=0 ff_deaths=0 terminal=180 completions=3 recycles=3 removals=3 returns=3 wall=234s [valid 59/117]
[10:03:44] LAUNCH fmFS_east_half_505 running=11 free_kb=16138292 sims_boxwide=10 attempt=1
[10:04:00] DONE fmES_east_half_505 rc=0 403s fmES east/half seed=505 rescued=3 dead=1 unreachable=0 never_detected=0 ff_deaths=1 terminal=94 completions=3 recycles=3 removals=3 returns=3 wall=402s [valid 60/117]
[10:04:01] LAUNCH fmFS_south_half_101 running=11 free_kb=16133772 sims_boxwide=10 attempt=1
[10:04:02] .. alive runid=20260915-092858-1421 event_age=1s | total=117 valid=60 running=11 pending=46 launched=71 failed=0 gaveup=0 forkfail=0 free_kb=16133772 sims_boxwide=10 last_event_age=0s last_event_epoch=1789459441
[10:04:30] DONE fmES_east_half_303 rc=0 478s fmES east/half seed=303 rescued=3 dead=1 unreachable=0 never_detected=0 ff_deaths=0 terminal=121 completions=3 recycles=3 removals=3 returns=3 wall=477s [valid 61/117]
[10:04:30] LAUNCH fmFS_south_half_202 running=11 free_kb=16149364 sims_boxwide=10 attempt=1
[10:04:43] DONE fmES_east_half_101 rc=0 517s fmES east/half seed=101 rescued=3 dead=1 unreachable=0 never_detected=0 ff_deaths=1 terminal=141 completions=3 recycles=3 removals=3 returns=3 wall=513s [valid 62/117]
[10:04:43] LAUNCH fmFS_south_half_303 running=11 free_kb=16158092 sims_boxwide=10 attempt=1
[10:05:02] .. alive runid=20260915-092858-1421 event_age=19s | total=117 valid=62 running=11 pending=44 launched=73 failed=0 gaveup=0 forkfail=0 free_kb=16158092 sims_boxwide=10 last_event_age=0s last_event_epoch=1789459483
[10:05:46] DONE fmES_east_half_404 rc=0 521s fmES east/half seed=404 rescued=3 dead=1 unreachable=0 never_detected=0 ff_deaths=1 terminal=133 completions=3 recycles=3 removals=3 returns=3 wall=520s [valid 63/117]
[10:05:46] LAUNCH fmFS_south_half_404 running=11 free_kb=16074000 sims_boxwide=10 attempt=1
[10:06:03] .. alive runid=20260915-092858-1421 event_age=17s | total=117 valid=63 running=11 pending=43 launched=74 failed=0 gaveup=0 forkfail=0 free_kb=16074000 sims_boxwide=10 last_event_age=0s last_event_epoch=1789459546
[10:06:39] DONE fmES_east_def_202 rc=0 279s fmES east/default seed=202 rescued=1 dead=1 unreachable=0 never_detected=0 ff_deaths=0 terminal=None completions=1 recycles=1 removals=1 returns=1 wall=278s [valid 64/117]
[10:06:40] LAUNCH fmFS_south_half_505 running=11 free_kb=15983064 sims_boxwide=10 attempt=1
[10:06:56] DONE fmES_east_def_303 rc=0 268s fmES east/default seed=303 rescued=3 dead=1 unreachable=0 never_detected=0 ff_deaths=1 terminal=149 completions=3 recycles=3 removals=3 returns=3 wall=266s [valid 65/117]
[10:06:57] LAUNCH fmFS_east_def_101 running=11 free_kb=15994756 sims_boxwide=10 attempt=1
[10:07:03] .. alive runid=20260915-092858-1421 event_age=6s | total=117 valid=65 running=11 pending=41 launched=76 failed=0 gaveup=0 forkfail=0 free_kb=15994756 sims_boxwide=10 last_event_age=0s last_event_epoch=1789459617
[10:08:03] .. alive runid=20260915-092858-1421 event_age=66s | total=117 valid=65 running=11 pending=41 launched=76 failed=0 gaveup=0 forkfail=0 free_kb=15994756 sims_boxwide=10 last_event_age=0s last_event_epoch=1789459617
[10:08:29] DONE fmFS_south_half_303 rc=0 226s fmFS south/half seed=303 rescued=4 dead=0 unreachable=0 never_detected=0 ff_deaths=0 terminal=115 completions=4 recycles=4 removals=4 returns=4 wall=224s [valid 66/117]
[10:08:30] LAUNCH fmFS_east_def_202 running=11 free_kb=16092432 sims_boxwide=10 attempt=1
[10:08:49] DONE fmFS_south_half_202 rc=0 259s fmFS south/half seed=202 rescued=4 dead=0 unreachable=0 never_detected=0 ff_deaths=0 terminal=167 completions=4 recycles=4 removals=4 returns=4 wall=257s [valid 67/117]
[10:08:50] LAUNCH fmFS_east_def_303 running=11 free_kb=16125136 sims_boxwide=10 attempt=1
[10:09:03] .. alive runid=20260915-092858-1421 event_age=13s | total=117 valid=67 running=11 pending=39 launched=78 failed=0 gaveup=0 forkfail=0 free_kb=16125136 sims_boxwide=10 last_event_age=0s last_event_epoch=1789459730
[10:09:16] DONE fmFS_south_half_101 rc=0 315s fmFS south/half seed=101 rescued=2 dead=1 unreachable=1 never_detected=0 ff_deaths=2 terminal=147 completions=2 recycles=2 removals=2 returns=2 wall=314s [valid 68/117]
[10:09:17] LAUNCH fmE_east_half_101 running=11 free_kb=16124632 sims_boxwide=10 attempt=1
[10:10:02] DONE fmFS_east_half_202 rc=0 417s fmFS east/half seed=202 rescued=3 dead=1 unreachable=0 never_detected=0 ff_deaths=0 terminal=93 completions=3 recycles=3 removals=3 returns=3 wall=416s [valid 69/117]
[10:10:03] LAUNCH fmE_east_half_202 running=11 free_kb=16070420 sims_boxwide=10 attempt=1
[10:10:03] .. alive runid=20260915-092858-1421 event_age=0s | total=117 valid=69 running=11 pending=37 launched=80 failed=0 gaveup=0 forkfail=0 free_kb=16070420 sims_boxwide=10 last_event_age=0s last_event_epoch=1789459803
[10:10:22] DONE fmFS_south_half_505 rc=0 221s fmFS south/half seed=505 rescued=3 dead=1 unreachable=0 never_detected=0 ff_deaths=0 terminal=115 completions=3 recycles=3 removals=3 returns=3 wall=220s [valid 70/117]
[10:10:23] LAUNCH fmE_east_half_303 running=11 free_kb=16873840 sims_boxwide=10 attempt=1
[10:10:35] DONE fmFS_east_half_505 rc=0 411s fmFS east/half seed=505 rescued=3 dead=1 unreachable=0 never_detected=0 ff_deaths=0 terminal=94 completions=3 recycles=3 removals=3 returns=3 wall=405s [valid 71/117]
[10:10:36] LAUNCH fmE_east_half_404 running=11 free_kb=16929480 sims_boxwide=10 attempt=1
[10:10:50] DONE fmFS_east_half_303 rc=0 452s fmFS east/half seed=303 rescued=3 dead=1 unreachable=0 never_detected=0 ff_deaths=0 terminal=121 completions=3 recycles=3 removals=3 returns=3 wall=451s [valid 72/117]
[10:10:51] LAUNCH fmE_east_half_505 running=11 free_kb=16940064 sims_boxwide=10 attempt=1
[10:11:03] .. alive runid=20260915-092858-1421 event_age=12s | total=117 valid=72 running=11 pending=34 launched=83 failed=0 gaveup=0 forkfail=0 free_kb=16940064 sims_boxwide=10 last_event_age=0s last_event_epoch=1789459851
[10:11:03] DONE fmFS_south_half_404 rc=0 317s fmFS south/half seed=404 rescued=1 dead=2 unreachable=0 never_detected=0 ff_deaths=1 terminal=None completions=1 recycles=1 removals=1 returns=1 wall=305s [valid 73/117]
[10:11:04] LAUNCH fmE_south_half_101 running=11 free_kb=16947748 sims_boxwide=10 attempt=1
[10:11:16] DONE fmFS_east_half_101 rc=0 509s fmFS east/half seed=101 rescued=3 dead=1 unreachable=0 never_detected=0 ff_deaths=1 terminal=135 completions=3 recycles=3 removals=3 returns=3 wall=504s [valid 74/117]
[10:11:16] DONE fmFS_east_def_101 rc=0 259s fmFS east/default seed=101 rescued=1 dead=1 unreachable=1 never_detected=1 ff_deaths=0 terminal=None completions=1 recycles=1 removals=1 returns=1 wall=254s [valid 75/117]
[10:11:17] LAUNCH fmE_south_half_202 running=10 free_kb=17858308 sims_boxwide=9 attempt=1
[10:11:30] LAUNCH fmE_south_half_303 running=11 free_kb=17046736 sims_boxwide=10 attempt=1
[10:12:03] .. alive runid=20260915-092858-1421 event_age=33s | total=117 valid=75 running=11 pending=31 launched=86 failed=0 gaveup=0 forkfail=0 free_kb=17046736 sims_boxwide=10 last_event_age=0s last_event_epoch=1789459890
[10:12:32] DONE fmFS_east_def_202 rc=0 242s fmFS east/default seed=202 rescued=3 dead=1 unreachable=0 never_detected=0 ff_deaths=0 terminal=194 completions=3 recycles=3 removals=3 returns=3 wall=241s [valid 76/117]
[10:12:33] LAUNCH fmE_south_half_404 running=11 free_kb=16808696 sims_boxwide=10 attempt=1
[10:12:45] DONE fmFS_east_half_404 rc=0 554s fmFS east/half seed=404 rescued=3 dead=1 unreachable=0 never_detected=0 ff_deaths=1 terminal=162 completions=3 recycles=3 removals=3 returns=3 wall=553s [valid 77/117]
[10:12:46] LAUNCH fmE_south_half_505 running=11 free_kb=16793036 sims_boxwide=10 attempt=1
[10:13:03] .. alive runid=20260915-092858-1421 event_age=17s | total=117 valid=77 running=11 pending=29 launched=88 failed=0 gaveup=0 forkfail=0 free_kb=16793036 sims_boxwide=10 last_event_age=0s last_event_epoch=1789459966
[10:13:24] DONE fmFS_east_def_303 rc=0 273s fmFS east/default seed=303 rescued=3 dead=1 unreachable=0 never_detected=0 ff_deaths=1 terminal=149 completions=3 recycles=3 removals=3 returns=3 wall=272s [valid 78/117]
[10:13:24] LAUNCH fmE_east_def_101 running=11 free_kb=16898920 sims_boxwide=10 attempt=1
[10:14:03] .. alive runid=20260915-092858-1421 event_age=39s | total=117 valid=78 running=11 pending=28 launched=89 failed=0 gaveup=0 forkfail=0 free_kb=16898920 sims_boxwide=10 last_event_age=0s last_event_epoch=1789460004
[10:15:03] .. alive runid=20260915-092858-1421 event_age=99s | total=117 valid=78 running=11 pending=28 launched=89 failed=0 gaveup=0 forkfail=0 free_kb=16898920 sims_boxwide=10 last_event_age=0s last_event_epoch=1789460004
[10:15:35] DONE fmE_south_half_303 rc=0 245s fmE south/half seed=303 rescued=4 dead=0 unreachable=0 never_detected=0 ff_deaths=1 terminal=114 completions=4 recycles=4 removals=4 returns=4 wall=244s [valid 79/117]
[10:15:36] LAUNCH fmE_east_def_202 running=11 free_kb=16909412 sims_boxwide=10 attempt=1
[10:16:02] DONE fmE_south_half_202 rc=0 285s fmE south/half seed=202 rescued=3 dead=0 unreachable=0 never_detected=0 ff_deaths=1 terminal=None completions=3 recycles=3 removals=3 returns=3 wall=284s [valid 80/117]
[10:16:03] LAUNCH fmE_east_def_303 running=11 free_kb=16920332 sims_boxwide=10 attempt=1
[10:16:03] .. alive runid=20260915-092858-1421 event_age=0s | total=117 valid=80 running=11 pending=26 launched=91 failed=0 gaveup=0 forkfail=0 free_kb=16920332 sims_boxwide=10 last_event_age=0s last_event_epoch=1789460163
[10:16:29] DONE fmE_south_half_101 rc=0 324s fmE south/half seed=101 rescued=2 dead=1 unreachable=1 never_detected=0 ff_deaths=2 terminal=159 completions=2 recycles=2 removals=2 returns=2 wall=323s [valid 81/117]
[10:16:29] LAUNCH fmEF_east_half_101 running=11 free_kb=16961480 sims_boxwide=10 attempt=1
[10:16:42] DONE fmE_south_half_505 rc=0 235s fmE south/half seed=505 rescued=3 dead=1 unreachable=0 never_detected=0 ff_deaths=0 terminal=114 completions=3 recycles=3 removals=3 returns=3 wall=226s [valid 82/117]
[10:16:42] LAUNCH fmEF_east_half_202 running=11 free_kb=16934292 sims_boxwide=10 attempt=1
[10:17:03] .. alive runid=20260915-092858-1421 event_age=21s | total=117 valid=82 running=11 pending=24 launched=93 failed=0 gaveup=0 forkfail=0 free_kb=16934292 sims_boxwide=10 last_event_age=0s last_event_epoch=1789460202
[10:17:43] DONE fmE_east_def_101 rc=0 259s fmE east/default seed=101 rescued=3 dead=0 unreachable=1 never_detected=1 ff_deaths=0 terminal=215 completions=3 recycles=3 removals=3 returns=3 wall=257s [valid 83/117]
[10:17:44] LAUNCH fmEF_east_half_303 running=11 free_kb=16739236 sims_boxwide=10 attempt=1
[10:17:57] DONE fmE_east_half_101 rc=0 519s fmE east/half seed=101 rescued=4 dead=0 unreachable=0 never_detected=0 ff_deaths=1 terminal=127 completions=4 recycles=4 removals=4 returns=4 wall=506s [valid 84/117]
[10:17:57] DONE fmE_east_half_202 rc=0 474s fmE east/half seed=202 rescued=3 dead=1 unreachable=0 never_detected=0 ff_deaths=0 terminal=104 completions=3 recycles=3 removals=3 returns=3 wall=465s [valid 85/117]
[10:17:57] DONE fmE_south_half_404 rc=0 324s fmE south/half seed=404 rescued=3 dead=1 unreachable=0 never_detected=0 ff_deaths=0 terminal=189 completions=3 recycles=3 removals=3 returns=3 wall=320s [valid 86/117]
[10:17:58] LAUNCH fmEF_east_half_404 running=9 free_kb=18512004 sims_boxwide=8 attempt=1
[10:18:04] .. alive runid=20260915-092858-1421 event_age=5s | total=117 valid=86 running=9 pending=22 launched=95 failed=0 gaveup=0 forkfail=0 free_kb=18512004 sims_boxwide=8 last_event_age=0s last_event_epoch=1789460278
[10:18:10] DONE fmE_east_half_505 rc=0 439s fmE east/half seed=505 rescued=3 dead=1 unreachable=0 never_detected=0 ff_deaths=0 terminal=109 completions=3 recycles=3 removals=3 returns=3 wall=430s [valid 87/117]
[10:18:11] LAUNCH fmEF_east_half_505 running=9 free_kb=18495148 sims_boxwide=8 attempt=1
[10:18:24] LAUNCH fmEF_south_half_101 running=10 free_kb=17683912 sims_boxwide=9 attempt=1
[10:18:36] LAUNCH fmEF_south_half_202 running=11 free_kb=16871828 sims_boxwide=10 attempt=1
[10:19:04] .. alive runid=20260915-092858-1421 event_age=28s | total=117 valid=87 running=11 pending=19 launched=98 failed=0 gaveup=0 forkfail=0 free_kb=16871828 sims_boxwide=10 last_event_age=0s last_event_epoch=1789460316
[10:20:04] .. alive runid=20260915-092858-1421 event_age=88s | total=117 valid=87 running=11 pending=19 launched=98 failed=0 gaveup=0 forkfail=0 free_kb=16871828 sims_boxwide=10 last_event_age=0s last_event_epoch=1789460316
[10:20:57] DONE fmE_east_def_202 rc=0 321s fmE east/default seed=202 rescued=3 dead=1 unreachable=0 never_detected=0 ff_deaths=0 terminal=181 completions=3 recycles=3 removals=3 returns=3 wall=320s [valid 88/117]
[10:20:58] LAUNCH fmEF_south_half_303 running=11 free_kb=16733792 sims_boxwide=10 attempt=1
[10:21:04] .. alive runid=20260915-092858-1421 event_age=6s | total=117 valid=88 running=11 pending=18 launched=99 failed=0 gaveup=0 forkfail=0 free_kb=16733792 sims_boxwide=10 last_event_age=0s last_event_epoch=1789460458
[10:21:17] DONE fmE_east_half_404 rc=0 641s fmE east/half seed=404 rescued=2 dead=2 unreachable=0 never_detected=0 ff_deaths=1 terminal=162 completions=2 recycles=2 removals=2 returns=2 wall=640s [valid 89/117]
[10:21:18] LAUNCH fmEF_south_half_404 running=11 free_kb=16741020 sims_boxwide=10 attempt=1
[10:22:04] .. alive runid=20260915-092858-1421 event_age=46s | total=117 valid=89 running=11 pending=17 launched=100 failed=0 gaveup=0 forkfail=0 free_kb=16741020 sims_boxwide=10 last_event_age=0s last_event_epoch=1789460478
[10:22:24] DONE fmE_east_def_303 rc=0 381s fmE east/default seed=303 rescued=3 dead=1 unreachable=0 never_detected=0 ff_deaths=0 terminal=130 completions=3 recycles=3 removals=3 returns=3 wall=379s [valid 90/117]
[10:22:25] LAUNCH fmEF_south_half_505 running=11 free_kb=16641664 sims_boxwide=10 attempt=1
[10:22:47] DONE fmE_east_half_303 rc=0 745s fmE east/half seed=303 rescued=3 dead=1 unreachable=0 never_detected=0 ff_deaths=0 terminal=219 completions=3 recycles=3 removals=3 returns=3 wall=743s [valid 91/117]
[10:22:48] LAUNCH fmEF_east_def_101 running=11 free_kb=16697044 sims_boxwide=10 attempt=1
[10:23:04] .. alive runid=20260915-092858-1421 event_age=16s | total=117 valid=91 running=11 pending=15 launched=102 failed=0 gaveup=0 forkfail=0 free_kb=16697044 sims_boxwide=10 last_event_age=0s last_event_epoch=1789460568
[10:24:04] .. alive runid=20260915-092858-1421 event_age=76s | total=117 valid=91 running=11 pending=15 launched=102 failed=0 gaveup=0 forkfail=0 free_kb=16697044 sims_boxwide=10 last_event_age=0s last_event_epoch=1789460568
[10:25:04] .. alive runid=20260915-092858-1421 event_age=136s | total=117 valid=91 running=11 pending=15 launched=102 failed=0 gaveup=0 forkfail=0 free_kb=16697044 sims_boxwide=10 last_event_age=0s last_event_epoch=1789460568
[10:25:13] DONE fmEF_south_half_202 rc=0 397s fmEF south/half seed=202 rescued=4 dead=0 unreachable=0 never_detected=0 ff_deaths=0 terminal=167 completions=4 recycles=4 removals=4 returns=4 wall=395s [valid 92/117]
[10:25:14] LAUNCH fmEF_east_def_202 running=11 free_kb=16761484 sims_boxwide=10 attempt=1
[10:26:04] .. alive runid=20260915-092858-1421 event_age=50s | total=117 valid=92 running=11 pending=14 launched=103 failed=0 gaveup=0 forkfail=0 free_kb=16761484 sims_boxwide=10 last_event_age=0s last_event_epoch=1789460714
[10:26:09] DONE fmEF_south_half_101 rc=0 464s fmEF south/half seed=101 rescued=2 dead=1 unreachable=1 never_detected=0 ff_deaths=2 terminal=147 completions=2 recycles=2 removals=2 returns=2 wall=463s [valid 93/117]
[10:26:09] LAUNCH fmEF_east_def_303 running=11 free_kb=16769952 sims_boxwide=10 attempt=1
[10:26:37] DONE fmEF_south_half_303 rc=0 339s fmEF south/half seed=303 rescued=4 dead=0 unreachable=0 never_detected=0 ff_deaths=0 terminal=115 completions=4 recycles=4 removals=4 returns=4 wall=337s [valid 94/117]
[10:26:38] LAUNCH fmS_east_half_101 running=11 free_kb=16813220 sims_boxwide=10 attempt=1
[10:27:02] DONE fmEF_east_half_202 rc=0 620s fmEF east/half seed=202 rescued=3 dead=1 unreachable=0 never_detected=0 ff_deaths=0 terminal=93 completions=3 recycles=3 removals=3 returns=3 wall=618s [valid 95/117]
[10:27:03] LAUNCH fmS_east_half_202 running=11 free_kb=16807052 sims_boxwide=10 attempt=1
[10:27:04] .. alive runid=20260915-092858-1421 event_age=1s | total=117 valid=95 running=11 pending=11 launched=106 failed=0 gaveup=0 forkfail=0 free_kb=16807052 sims_boxwide=10 last_event_age=0s last_event_epoch=1789460823
[10:28:04] .. alive runid=20260915-092858-1421 event_age=61s | total=117 valid=95 running=11 pending=11 launched=106 failed=0 gaveup=0 forkfail=0 free_kb=16807052 sims_boxwide=10 last_event_age=0s last_event_epoch=1789460823
[10:28:06] DONE fmEF_south_half_505 rc=0 341s fmEF south/half seed=505 rescued=3 dead=1 unreachable=0 never_detected=0 ff_deaths=0 terminal=115 completions=3 recycles=3 removals=3 returns=3 wall=340s [valid 96/117]
[10:28:07] LAUNCH fmS_east_half_303 running=11 free_kb=16751848 sims_boxwide=10 attempt=1
[10:28:36] DONE fmEF_east_half_505 rc=0 625s fmEF east/half seed=505 rescued=3 dead=1 unreachable=0 never_detected=0 ff_deaths=0 terminal=94 completions=3 recycles=3 removals=3 returns=3 wall=624s [valid 97/117]
[10:28:37] LAUNCH fmS_east_half_404 running=11 free_kb=16790060 sims_boxwide=10 attempt=1
[10:29:04] .. alive runid=20260915-092858-1421 event_age=27s | total=117 valid=97 running=11 pending=9 launched=108 failed=0 gaveup=0 forkfail=0 free_kb=16790060 sims_boxwide=10 last_event_age=0s last_event_epoch=1789460917
[10:29:12] DONE fmEF_east_def_101 rc=0 384s fmEF east/default seed=101 rescued=3 dead=0 unreachable=1 never_detected=1 ff_deaths=0 terminal=233 completions=3 recycles=3 removals=3 returns=3 wall=382s [valid 98/117]
[10:29:13] LAUNCH fmS_east_half_505 running=11 free_kb=16803372 sims_boxwide=10 attempt=1
[10:29:25] DONE fmEF_south_half_404 rc=0 487s fmEF south/half seed=404 rescued=1 dead=2 unreachable=0 never_detected=0 ff_deaths=1 terminal=None completions=1 recycles=1 removals=1 returns=1 wall=478s [valid 99/117]
[10:29:25] DONE fmEF_east_half_101 rc=0 776s fmEF east/half seed=101 rescued=3 dead=1 unreachable=0 never_detected=0 ff_deaths=1 terminal=135 completions=3 recycles=3 removals=3 returns=3 wall=764s [valid 100/117]
[10:29:26] LAUNCH fmS_south_half_101 running=10 free_kb=18547144 sims_boxwide=8 attempt=1
[10:29:38] DONE fmEF_east_half_303 rc=0 714s fmEF east/half seed=303 rescued=3 dead=1 unreachable=0 never_detected=0 ff_deaths=0 terminal=121 completions=3 recycles=3 removals=3 returns=3 wall=700s [valid 101/117]
[10:29:39] LAUNCH fmS_south_half_202 running=10 free_kb=17623824 sims_boxwide=9 attempt=1
[10:29:52] LAUNCH fmS_south_half_303 running=11 free_kb=16651136 sims_boxwide=10 attempt=1
[10:30:05] .. alive runid=20260915-092858-1421 event_age=13s | total=117 valid=101 running=11 pending=5 launched=112 failed=0 gaveup=0 forkfail=0 free_kb=16651136 sims_boxwide=10 last_event_age=0s last_event_epoch=1789460992
[10:30:47] DONE fmEF_east_def_202 rc=0 332s fmEF east/default seed=202 rescued=3 dead=1 unreachable=0 never_detected=0 ff_deaths=0 terminal=188 completions=3 recycles=3 removals=3 returns=3 wall=331s [valid 102/117]
[10:30:47] LAUNCH fmS_south_half_404 running=11 free_kb=16574120 sims_boxwide=10 attempt=1
[10:31:05] .. alive runid=20260915-092858-1421 event_age=18s | total=117 valid=102 running=11 pending=4 launched=113 failed=0 gaveup=0 forkfail=0 free_kb=16574120 sims_boxwide=10 last_event_age=0s last_event_epoch=1789461047
[10:32:01] DONE fmEF_east_half_404 rc=0 843s fmEF east/half seed=404 rescued=3 dead=1 unreachable=0 never_detected=0 ff_deaths=1 terminal=162 completions=3 recycles=3 removals=3 returns=3 wall=842s [valid 103/117]
[10:32:02] LAUNCH fmS_south_half_505 running=11 free_kb=16719248 sims_boxwide=10 attempt=1
[10:32:05] .. alive runid=20260915-092858-1421 event_age=3s | total=117 valid=103 running=11 pending=3 launched=114 failed=0 gaveup=0 forkfail=0 free_kb=16719248 sims_boxwide=10 last_event_age=0s last_event_epoch=1789461122
[10:32:54] DONE fmEF_east_def_303 rc=0 405s fmEF east/default seed=303 rescued=3 dead=1 unreachable=0 never_detected=0 ff_deaths=1 terminal=149 completions=3 recycles=3 removals=3 returns=3 wall=403s [valid 104/117]
[10:32:55] LAUNCH fmS_east_def_101 running=11 free_kb=16697728 sims_boxwide=10 attempt=1
[10:33:05] .. alive runid=20260915-092858-1421 event_age=11s | total=117 valid=104 running=11 pending=2 launched=115 failed=0 gaveup=0 forkfail=0 free_kb=16697728 sims_boxwide=10 last_event_age=1s last_event_epoch=1789461174
[10:34:05] .. alive runid=20260915-092858-1421 event_age=71s | total=117 valid=104 running=11 pending=2 launched=115 failed=0 gaveup=0 forkfail=0 free_kb=16697728 sims_boxwide=10 last_event_age=1s last_event_epoch=1789461174
[10:35:05] .. alive runid=20260915-092858-1421 event_age=131s | total=117 valid=104 running=11 pending=2 launched=115 failed=0 gaveup=0 forkfail=0 free_kb=16697728 sims_boxwide=10 last_event_age=1s last_event_epoch=1789461174
[10:35:50] DONE fmS_south_half_303 rc=0 358s fmS south/half seed=303 rescued=4 dead=0 unreachable=0 never_detected=0 ff_deaths=1 terminal=114 completions=4 recycles=4 removals=4 returns=4 wall=357s [valid 105/117]
[10:35:51] LAUNCH fmS_east_def_202 running=11 free_kb=16674040 sims_boxwide=10 attempt=1
[10:36:05] .. alive runid=20260915-092858-1421 event_age=14s | total=117 valid=105 running=11 pending=1 launched=116 failed=0 gaveup=0 forkfail=0 free_kb=16674040 sims_boxwide=10 last_event_age=0s last_event_epoch=1789461351
[10:36:44] DONE fmS_south_half_202 rc=0 425s fmS south/half seed=202 rescued=3 dead=0 unreachable=0 never_detected=0 ff_deaths=1 terminal=None completions=3 recycles=3 removals=3 returns=3 wall=423s [valid 106/117]
[10:36:45] LAUNCH fmS_east_def_303 running=11 free_kb=16729600 sims_boxwide=10 attempt=1
[10:37:05] .. alive runid=20260915-092858-1421 event_age=20s | total=117 valid=106 running=11 pending=0 launched=117 failed=0 gaveup=0 forkfail=0 free_kb=16729600 sims_boxwide=10 last_event_age=0s last_event_epoch=1789461405
[10:37:26] DONE fmS_south_half_101 rc=0 479s fmS south/half seed=101 rescued=2 dead=1 unreachable=1 never_detected=0 ff_deaths=2 terminal=159 completions=2 recycles=2 removals=2 returns=2 wall=478s [valid 107/117]
[10:38:02] DONE fmS_south_half_505 rc=0 360s fmS south/half seed=505 rescued=3 dead=1 unreachable=0 never_detected=0 ff_deaths=0 terminal=114 completions=3 recycles=3 removals=3 returns=3 wall=359s [valid 108/117]
[10:38:05] .. alive runid=20260915-092858-1421 event_age=3s | total=117 valid=108 running=9 pending=0 launched=117 failed=0 gaveup=0 forkfail=0 free_kb=16729600 sims_boxwide=10 last_event_age=0s last_event_epoch=1789461482
[10:38:24] DONE fmS_east_half_202 rc=0 681s fmS east/half seed=202 rescued=3 dead=1 unreachable=0 never_detected=0 ff_deaths=0 terminal=104 completions=3 recycles=3 removals=3 returns=3 wall=679s [valid 109/117]
[10:38:28] DONE fmS_south_half_404 rc=0 461s fmS south/half seed=404 rescued=3 dead=1 unreachable=0 never_detected=0 ff_deaths=0 terminal=189 completions=3 recycles=3 removals=3 returns=3 wall=459s [valid 110/117]
[10:39:05] .. alive runid=20260915-092858-1421 event_age=37s | total=117 valid=110 running=7 pending=0 launched=117 failed=0 gaveup=0 forkfail=0 free_kb=16729600 sims_boxwide=10 last_event_age=0s last_event_epoch=1789461508
[10:39:06] DONE fmS_east_half_101 rc=0 748s fmS east/half seed=101 rescued=4 dead=0 unreachable=0 never_detected=0 ff_deaths=1 terminal=127 completions=4 recycles=4 removals=4 returns=4 wall=747s [valid 111/117]
[10:39:13] DONE fmS_east_def_101 rc=0 379s fmS east/default seed=101 rescued=3 dead=0 unreachable=1 never_detected=1 ff_deaths=0 terminal=215 completions=3 recycles=3 removals=3 returns=3 wall=377s [valid 112/117]
[10:39:17] DONE fmS_east_half_505 rc=0 604s fmS east/half seed=505 rescued=3 dead=1 unreachable=0 never_detected=0 ff_deaths=0 terminal=109 completions=3 recycles=3 removals=3 returns=3 wall=603s [valid 113/117]
[10:40:05] .. alive runid=20260915-092858-1421 event_age=48s | total=117 valid=113 running=4 pending=0 launched=117 failed=0 gaveup=0 forkfail=0 free_kb=16729600 sims_boxwide=10 last_event_age=0s last_event_epoch=1789461557
[10:41:05] .. alive runid=20260915-092858-1421 event_age=108s | total=117 valid=113 running=4 pending=0 launched=117 failed=0 gaveup=0 forkfail=0 free_kb=16729600 sims_boxwide=10 last_event_age=0s last_event_epoch=1789461557
[10:41:26] DONE fmS_east_def_202 rc=0 335s fmS east/default seed=202 rescued=3 dead=1 unreachable=0 never_detected=0 ff_deaths=0 terminal=181 completions=3 recycles=3 removals=3 returns=3 wall=334s [valid 114/117]
[10:41:48] DONE fmS_east_half_404 rc=0 791s fmS east/half seed=404 rescued=2 dead=2 unreachable=0 never_detected=0 ff_deaths=1 terminal=162 completions=2 recycles=2 removals=2 returns=2 wall=789s [valid 115/117]
[10:42:06] .. alive runid=20260915-092858-1421 event_age=18s | total=117 valid=115 running=2 pending=0 launched=117 failed=0 gaveup=0 forkfail=0 free_kb=16729600 sims_boxwide=10 last_event_age=0s last_event_epoch=1789461708
[10:43:06] .. alive runid=20260915-092858-1421 event_age=78s | total=117 valid=115 running=2 pending=0 launched=117 failed=0 gaveup=0 forkfail=0 free_kb=16729600 sims_boxwide=10 last_event_age=0s last_event_epoch=1789461708
[10:43:08] DONE fmS_east_half_303 rc=0 901s fmS east/half seed=303 rescued=3 dead=1 unreachable=0 never_detected=0 ff_deaths=0 terminal=219 completions=3 recycles=3 removals=3 returns=3 wall=899s [valid 116/117]
[10:43:22] DONE fmS_east_def_303 rc=0 397s fmS east/default seed=303 rescued=3 dead=1 unreachable=0 never_detected=0 ff_deaths=0 terminal=130 completions=3 recycles=3 removals=3 returns=3 wall=396s [valid 117/117]
[10:43:22] MAIN LOOP LEFT pending=0 running=0
[10:43:23] FINAL SUMMARY total=117 valid=117 invalid=0 missing=0
[10:43:23] FINAL SUMMARY total=117 valid=117 invalid=0 missing=0 live_this_wave=0 sims_boxwide=0
[10:43:23] ALL_DCD4_COMPLETE runid=20260915-092858-1421 valid=117/117 launched=117 failed=0 forkfail=0
[10:44:06] HEARTBEAT EXIT runid=20260915-092858-1421 (sentinel)
