[11:40:58] POOL START runid=20260915-114058-5131 restart=0 pid=5131 winpid=31008 head=003ed91 dirty_tracked=1 queue=outputs/_firemech_queue_rbff.txt maxpar=6 minfree_kb=6000000
[11:40:59] ENV 3.10.11 mesa 1.2.1  prereg_sha256=795d7faf6e71095d queue_sha256=c6aa5d4b3c631309
[11:41:00] VALIDATE total=12 valid=0 invalid=0 missing=12
[11:41:00] START STATE total=12 valid=0 pending=12 live_orphans_this_wave=0 sims_boxwide=0 free_kb=19852572
[11:41:00] HEARTBEAT pid=5166 every 60s -> outputs/_firemech_wave_rbff.log ; state file outputs/_firemech_rbff_state.txt ; sentinel outputs/_firemech_rbff_hb_20260915-114058-5131.stop
[11:41:01] LAUNCH fmOFF_east_half_111 running=1 free_kb=19835264 sims_boxwide=0 attempt=1
[11:41:14] LAUNCH fmOFF_east_half_222 running=2 free_kb=18993916 sims_boxwide=1 attempt=1
[11:41:26] LAUNCH fmOFF_east_half_333 running=3 free_kb=18106116 sims_boxwide=2 attempt=1
[11:41:39] LAUNCH fmOFF_east_half_444 running=4 free_kb=17250812 sims_boxwide=3 attempt=1
[11:41:52] LAUNCH fmEFS_east_half_111 running=5 free_kb=17230900 sims_boxwide=4 attempt=1
[11:42:00] .. alive runid=20260915-114058-5131 event_age=8s | total=12 valid=0 running=5 pending=7 launched=5 failed=0 gaveup=0 forkfail=0 free_kb=17230900 sims_boxwide=4 last_event_age=0s last_event_epoch=1789465312
[11:42:05] LAUNCH fmEFS_east_half_222 running=6 free_kb=15478104 sims_boxwide=5 attempt=1
[11:43:00] .. alive runid=20260915-114058-5131 event_age=55s | total=12 valid=0 running=6 pending=6 launched=6 failed=0 gaveup=0 forkfail=0 free_kb=15478104 sims_boxwide=5 last_event_age=0s last_event_epoch=1789465325
[11:44:00] .. alive runid=20260915-114058-5131 event_age=115s | total=12 valid=0 running=6 pending=6 launched=6 failed=0 gaveup=0 forkfail=0 free_kb=15478104 sims_boxwide=5 last_event_age=0s last_event_epoch=1789465325
[11:45:00] .. alive runid=20260915-114058-5131 event_age=175s | total=12 valid=0 running=6 pending=6 launched=6 failed=0 gaveup=0 forkfail=0 free_kb=15478104 sims_boxwide=5 last_event_age=0s last_event_epoch=1789465325
[11:45:54] DONE fmOFF_east_half_444 rc=0 254s fmOFF east/half seed=444 rescued=4 dead=0 unreachable=0 never_detected=0 ff_deaths=0 terminal=226 completions=4 recycles=4 removals=4 returns=4 wall=253s [valid 1/12]
[11:45:54] LAUNCH fmEFS_east_half_333 running=6 free_kb=15219528 sims_boxwide=5 attempt=1
[11:46:00] .. alive runid=20260915-114058-5131 event_age=6s | total=12 valid=1 running=6 pending=5 launched=7 failed=0 gaveup=0 forkfail=0 free_kb=15219528 sims_boxwide=5 last_event_age=0s last_event_epoch=1789465554
[11:47:01] .. alive runid=20260915-114058-5131 event_age=67s | total=12 valid=1 running=6 pending=5 launched=7 failed=0 gaveup=0 forkfail=0 free_kb=15219528 sims_boxwide=5 last_event_age=0s last_event_epoch=1789465554
[11:48:01] .. alive runid=20260915-114058-5131 event_age=127s | total=12 valid=1 running=6 pending=5 launched=7 failed=0 gaveup=0 forkfail=0 free_kb=15219528 sims_boxwide=5 last_event_age=0s last_event_epoch=1789465554
[11:48:32] DONE fmOFF_east_half_333 rc=0 426s fmOFF east/half seed=333 rescued=3 dead=1 unreachable=0 never_detected=0 ff_deaths=0 terminal=98 completions=3 recycles=3 removals=3 returns=3 wall=425s [valid 2/12]
[11:48:33] LAUNCH fmEFS_east_half_444 running=6 free_kb=15590828 sims_boxwide=5 attempt=1
[11:49:01] .. alive runid=20260915-114058-5131 event_age=28s | total=12 valid=2 running=6 pending=4 launched=8 failed=0 gaveup=0 forkfail=0 free_kb=15590828 sims_boxwide=5 last_event_age=0s last_event_epoch=1789465713
[11:49:17] DONE fmOFF_east_half_111 rc=0 496s fmOFF east/half seed=111 rescued=4 dead=0 unreachable=0 never_detected=0 ff_deaths=0 terminal=142 completions=4 recycles=4 removals=4 returns=4 wall=495s [valid 3/12]
[11:49:18] LAUNCH fmF_east_half_111 running=6 free_kb=15614172 sims_boxwide=5 attempt=1
[11:49:42] DONE fmEFS_east_half_111 rc=0 470s fmEFS east/half seed=111 rescued=4 dead=0 unreachable=0 never_detected=0 ff_deaths=0 terminal=130 completions=4 recycles=4 removals=4 returns=4 wall=469s [valid 4/12]
[11:49:43] LAUNCH fmF_east_half_222 running=6 free_kb=15620792 sims_boxwide=5 attempt=1
[11:49:55] DONE fmOFF_east_half_222 rc=0 521s fmOFF east/half seed=222 rescued=4 dead=0 unreachable=0 never_detected=0 ff_deaths=1 terminal=138 completions=4 recycles=4 removals=4 returns=4 wall=515s [valid 5/12]
[11:49:56] LAUNCH fmF_east_half_333 running=6 free_kb=15655428 sims_boxwide=5 attempt=1
[11:50:01] .. alive runid=20260915-114058-5131 event_age=5s | total=12 valid=5 running=6 pending=1 launched=11 failed=0 gaveup=0 forkfail=0 free_kb=15655428 sims_boxwide=5 last_event_age=0s last_event_epoch=1789465796
[11:50:08] DONE fmEFS_east_half_222 rc=0 483s fmEFS east/half seed=222 rescued=4 dead=0 unreachable=0 never_detected=0 ff_deaths=0 terminal=123 completions=4 recycles=4 removals=4 returns=4 wall=479s [valid 6/12]
[11:50:09] LAUNCH fmF_east_half_444 running=6 free_kb=15643776 sims_boxwide=5 attempt=1
[11:51:01] .. alive runid=20260915-114058-5131 event_age=52s | total=12 valid=6 running=6 pending=0 launched=12 failed=0 gaveup=0 forkfail=0 free_kb=15643776 sims_boxwide=5 last_event_age=0s last_event_epoch=1789465809
[11:52:01] .. alive runid=20260915-114058-5131 event_age=112s | total=12 valid=6 running=6 pending=0 launched=12 failed=0 gaveup=0 forkfail=0 free_kb=15643776 sims_boxwide=5 last_event_age=0s last_event_epoch=1789465809
[11:52:41] DONE fmEFS_east_half_444 rc=0 248s fmEFS east/half seed=444 rescued=4 dead=0 unreachable=0 never_detected=0 ff_deaths=0 terminal=226 completions=4 recycles=4 removals=4 returns=4 wall=246s [valid 7/12]
[11:52:56] DONE fmEFS_east_half_333 rc=0 421s fmEFS east/half seed=333 rescued=3 dead=1 unreachable=0 never_detected=0 ff_deaths=0 terminal=104 completions=3 recycles=3 removals=3 returns=3 wall=420s [valid 8/12]
[11:53:01] .. alive runid=20260915-114058-5131 event_age=6s | total=12 valid=8 running=4 pending=0 launched=12 failed=0 gaveup=0 forkfail=0 free_kb=15643776 sims_boxwide=5 last_event_age=1s last_event_epoch=1789465975
[11:54:01] .. alive runid=20260915-114058-5131 event_age=66s | total=12 valid=8 running=4 pending=0 launched=12 failed=0 gaveup=0 forkfail=0 free_kb=15643776 sims_boxwide=5 last_event_age=1s last_event_epoch=1789465975
[11:54:14] DONE fmF_east_half_444 rc=0 245s fmF east/half seed=444 rescued=4 dead=0 unreachable=0 never_detected=0 ff_deaths=0 terminal=226 completions=4 recycles=4 removals=4 returns=4 wall=243s [valid 9/12]
[11:55:01] .. alive runid=20260915-114058-5131 event_age=47s | total=12 valid=9 running=3 pending=0 launched=12 failed=0 gaveup=0 forkfail=0 free_kb=15643776 sims_boxwide=5 last_event_age=0s last_event_epoch=1789466054
[11:56:01] .. alive runid=20260915-114058-5131 event_age=107s | total=12 valid=9 running=3 pending=0 launched=12 failed=0 gaveup=0 forkfail=0 free_kb=15643776 sims_boxwide=5 last_event_age=0s last_event_epoch=1789466054
[11:56:58] DONE fmF_east_half_333 rc=0 422s fmF east/half seed=333 rescued=3 dead=1 unreachable=0 never_detected=0 ff_deaths=0 terminal=104 completions=3 recycles=3 removals=3 returns=3 wall=420s [valid 10/12]
[11:56:58] DONE fmF_east_half_111 rc=0 460s fmF east/half seed=111 rescued=4 dead=0 unreachable=0 never_detected=0 ff_deaths=0 terminal=130 completions=4 recycles=4 removals=4 returns=4 wall=459s [valid 11/12]
[11:57:01] .. alive runid=20260915-114058-5131 event_age=3s | total=12 valid=11 running=1 pending=0 launched=12 failed=0 gaveup=0 forkfail=0 free_kb=15643776 sims_boxwide=5 last_event_age=0s last_event_epoch=1789466218
[11:57:35] DONE fmF_east_half_222 rc=0 472s fmF east/half seed=222 rescued=4 dead=0 unreachable=0 never_detected=0 ff_deaths=0 terminal=123 completions=4 recycles=4 removals=4 returns=4 wall=471s [valid 12/12]
[11:57:35] MAIN LOOP LEFT pending=0 running=0
[11:57:35] FINAL SUMMARY total=12 valid=12 invalid=0 missing=0
[11:57:36] FINAL SUMMARY total=12 valid=12 invalid=0 missing=0 live_this_wave=0 sims_boxwide=0
[11:57:36] ALL_DCD4_COMPLETE runid=20260915-114058-5131 valid=12/12 launched=12 failed=0 forkfail=0
[11:58:01] HEARTBEAT EXIT runid=20260915-114058-5131 (sentinel)
