[10:43:46] POOL START runid=20260915-104346-3544 restart=0 pid=3544 winpid=28996 head=003ed91 dirty_tracked=0 queue=outputs/_firemech_queue_fresh.txt maxpar=11 minfree_kb=6000000
[10:43:47] ENV 3.10.11 mesa 1.2.1  prereg_sha256=795d7faf6e71095d queue_sha256=13b52fb915dc9496
[10:43:47] VALIDATE total=60 valid=0 invalid=0 missing=60
[10:43:47] START STATE total=60 valid=0 pending=60 live_orphans_this_wave=0 sims_boxwide=0 free_kb=25034276
[10:43:47] HEARTBEAT pid=3580 every 60s -> outputs/_firemech_wave_fresh.log ; state file outputs/_firemech_fresh_state.txt ; sentinel outputs/_firemech_fresh_hb_20260915-104346-3544.stop
[10:43:48] LAUNCH fmOFF_east_half_606 running=1 free_kb=24935540 sims_boxwide=0 attempt=1
[10:44:01] LAUNCH fmOFF_east_half_707 running=2 free_kb=24614708 sims_boxwide=1 attempt=1
[10:44:14] LAUNCH fmOFF_east_half_808 running=3 free_kb=23812392 sims_boxwide=2 attempt=1
[10:44:26] LAUNCH fmOFF_east_half_909 running=4 free_kb=22933824 sims_boxwide=3 attempt=1
[10:44:39] LAUNCH fmOFF_east_half_1010 running=5 free_kb=21997732 sims_boxwide=4 attempt=1
[10:44:47] .. alive runid=20260915-104346-3544 event_age=8s | total=60 valid=0 running=5 pending=55 launched=5 failed=0 gaveup=0 forkfail=0 free_kb=21997732 sims_boxwide=4 last_event_age=0s last_event_epoch=1789461879
[10:44:52] LAUNCH fmOFF_south_half_606 running=6 free_kb=20186192 sims_boxwide=5 attempt=1
[10:45:04] LAUNCH fmOFF_south_half_707 running=7 free_kb=18322416 sims_boxwide=6 attempt=1
[10:45:17] LAUNCH fmOFF_south_half_808 running=8 free_kb=16632776 sims_boxwide=7 attempt=1
[10:45:30] LAUNCH fmOFF_south_half_909 running=9 free_kb=14894220 sims_boxwide=8 attempt=1
[10:45:43] LAUNCH fmOFF_south_half_1010 running=10 free_kb=13141360 sims_boxwide=9 attempt=1
[10:45:48] .. alive runid=20260915-104346-3544 event_age=5s | total=60 valid=0 running=10 pending=50 launched=10 failed=0 gaveup=0 forkfail=0 free_kb=13141360 sims_boxwide=9 last_event_age=0s last_event_epoch=1789461943
[10:45:56] LAUNCH fmEFS_east_half_606 running=11 free_kb=11394996 sims_boxwide=10 attempt=1
[10:46:48] .. alive runid=20260915-104346-3544 event_age=52s | total=60 valid=0 running=11 pending=49 launched=11 failed=0 gaveup=0 forkfail=0 free_kb=11394996 sims_boxwide=10 last_event_age=0s last_event_epoch=1789461956
[10:47:48] .. alive runid=20260915-104346-3544 event_age=112s | total=60 valid=0 running=11 pending=49 launched=11 failed=0 gaveup=0 forkfail=0 free_kb=11394996 sims_boxwide=10 last_event_age=0s last_event_epoch=1789461956
[10:47:51] DONE fmOFF_east_half_707 rc=0 230s fmOFF east/half seed=707 rescued=2 dead=0 unreachable=2 never_detected=2 ff_deaths=0 terminal=210 completions=2 recycles=2 removals=2 returns=2 wall=229s [valid 1/60]
[10:47:52] LAUNCH fmEFS_east_half_707 running=11 free_kb=11482084 sims_boxwide=10 attempt=1
[10:48:48] .. alive runid=20260915-104346-3544 event_age=56s | total=60 valid=1 running=11 pending=48 launched=12 failed=0 gaveup=0 forkfail=0 free_kb=11482084 sims_boxwide=10 last_event_age=0s last_event_epoch=1789462072
[10:49:48] .. alive runid=20260915-104346-3544 event_age=116s | total=60 valid=1 running=11 pending=48 launched=12 failed=0 gaveup=0 forkfail=0 free_kb=11482084 sims_boxwide=10 last_event_age=0s last_event_epoch=1789462072
[10:50:48] .. alive runid=20260915-104346-3544 event_age=176s | total=60 valid=1 running=11 pending=48 launched=12 failed=0 gaveup=0 forkfail=0 free_kb=11482084 sims_boxwide=10 last_event_age=0s last_event_epoch=1789462072
[10:51:29] DONE fmOFF_south_half_707 rc=0 384s fmOFF south/half seed=707 rescued=3 dead=1 unreachable=0 never_detected=0 ff_deaths=0 terminal=198 completions=3 recycles=3 removals=3 returns=3 wall=383s [valid 2/60]
[10:51:29] LAUNCH fmEFS_east_half_808 running=11 free_kb=11388604 sims_boxwide=10 attempt=1
[10:51:48] .. alive runid=20260915-104346-3544 event_age=19s | total=60 valid=2 running=11 pending=47 launched=13 failed=0 gaveup=0 forkfail=0 free_kb=11388604 sims_boxwide=10 last_event_age=0s last_event_epoch=1789462289
[10:52:12] DONE fmEFS_east_half_707 rc=0 260s fmEFS east/half seed=707 rescued=2 dead=0 unreachable=2 never_detected=2 ff_deaths=0 terminal=210 completions=2 recycles=2 removals=2 returns=2 wall=259s [valid 3/60]
[10:52:13] LAUNCH fmEFS_east_half_909 running=11 free_kb=11388240 sims_boxwide=10 attempt=1
[10:52:42] DONE fmOFF_south_half_808 rc=0 444s fmOFF south/half seed=808 rescued=2 dead=1 unreachable=0 never_detected=0 ff_deaths=0 terminal=None completions=2 recycles=2 removals=2 returns=2 wall=443s [valid 4/60]
[10:52:42] LAUNCH fmEFS_east_half_1010 running=11 free_kb=11442152 sims_boxwide=10 attempt=1
[10:52:48] .. alive runid=20260915-104346-3544 event_age=6s | total=60 valid=4 running=11 pending=45 launched=15 failed=0 gaveup=0 forkfail=0 free_kb=11442152 sims_boxwide=10 last_event_age=0s last_event_epoch=1789462362
[10:53:04] DONE fmOFF_south_half_606 rc=0 492s fmOFF south/half seed=606 rescued=3 dead=0 unreachable=1 never_detected=1 ff_deaths=1 terminal=210 completions=3 recycles=3 removals=3 returns=3 wall=491s [valid 5/60]
[10:53:05] LAUNCH fmEFS_south_half_606 running=11 free_kb=11413844 sims_boxwide=10 attempt=1
[10:53:48] .. alive runid=20260915-104346-3544 event_age=43s | total=60 valid=5 running=11 pending=44 launched=16 failed=0 gaveup=0 forkfail=0 free_kb=11413844 sims_boxwide=10 last_event_age=0s last_event_epoch=1789462385
[10:54:11] DONE fmOFF_south_half_1010 rc=0 508s fmOFF south/half seed=1010 rescued=3 dead=0 unreachable=1 never_detected=1 ff_deaths=1 terminal=210 completions=3 recycles=3 removals=3 returns=3 wall=507s [valid 6/60]
[10:54:12] LAUNCH fmEFS_south_half_707 running=11 free_kb=11427604 sims_boxwide=10 attempt=1
[10:54:48] .. alive runid=20260915-104346-3544 event_age=36s | total=60 valid=6 running=11 pending=43 launched=17 failed=0 gaveup=0 forkfail=0 free_kb=11427604 sims_boxwide=10 last_event_age=0s last_event_epoch=1789462452
[10:55:06] DONE fmOFF_south_half_909 rc=0 576s fmOFF south/half seed=909 rescued=3 dead=1 unreachable=0 never_detected=0 ff_deaths=0 terminal=219 completions=3 recycles=3 removals=3 returns=3 wall=574s [valid 7/60]
[10:55:07] LAUNCH fmEFS_south_half_808 running=11 free_kb=11400912 sims_boxwide=10 attempt=1
[10:55:48] .. alive runid=20260915-104346-3544 event_age=41s | total=60 valid=7 running=11 pending=42 launched=18 failed=0 gaveup=0 forkfail=0 free_kb=11400912 sims_boxwide=10 last_event_age=0s last_event_epoch=1789462507
[10:56:01] DONE fmOFF_east_half_808 rc=0 706s fmOFF east/half seed=808 rescued=3 dead=1 unreachable=0 never_detected=0 ff_deaths=0 terminal=99 completions=3 recycles=3 removals=3 returns=3 wall=706s [valid 8/60]
[10:56:01] LAUNCH fmEFS_south_half_909 running=11 free_kb=11380972 sims_boxwide=10 attempt=1
[10:56:48] .. alive runid=20260915-104346-3544 event_age=47s | total=60 valid=8 running=11 pending=41 launched=19 failed=0 gaveup=0 forkfail=0 free_kb=11380972 sims_boxwide=10 last_event_age=0s last_event_epoch=1789462561
[10:57:15] DONE fmOFF_east_half_1010 rc=0 756s fmOFF east/half seed=1010 rescued=3 dead=1 unreachable=0 never_detected=0 ff_deaths=0 terminal=105 completions=3 recycles=3 removals=3 returns=3 wall=755s [valid 9/60]
[10:57:16] LAUNCH fmEFS_south_half_1010 running=11 free_kb=11380444 sims_boxwide=10 attempt=1
[10:57:49] .. alive runid=20260915-104346-3544 event_age=33s | total=60 valid=9 running=11 pending=40 launched=20 failed=0 gaveup=0 forkfail=0 free_kb=11380444 sims_boxwide=10 last_event_age=0s last_event_epoch=1789462636
[10:58:00] DONE fmOFF_east_half_909 rc=0 814s fmOFF east/half seed=909 rescued=4 dead=0 unreachable=0 never_detected=0 ff_deaths=1 terminal=122 completions=4 recycles=4 removals=4 returns=4 wall=813s [valid 10/60]
[10:58:01] LAUNCH fmDRY_east_half_606 running=11 free_kb=11360620 sims_boxwide=10 attempt=1
[10:58:49] .. alive runid=20260915-104346-3544 event_age=48s | total=60 valid=10 running=11 pending=39 launched=21 failed=0 gaveup=0 forkfail=0 free_kb=11360620 sims_boxwide=10 last_event_age=0s last_event_epoch=1789462681
[10:59:49] .. alive runid=20260915-104346-3544 event_age=108s | total=60 valid=10 running=11 pending=39 launched=21 failed=0 gaveup=0 forkfail=0 free_kb=11360620 sims_boxwide=10 last_event_age=0s last_event_epoch=1789462681
[11:00:30] DONE fmEFS_south_half_707 rc=0 378s fmEFS south/half seed=707 rescued=3 dead=1 unreachable=0 never_detected=0 ff_deaths=0 terminal=198 completions=3 recycles=3 removals=3 returns=3 wall=376s [valid 11/60]
[11:00:31] LAUNCH fmDRY_east_half_707 running=11 free_kb=11234796 sims_boxwide=10 attempt=1
[11:00:49] .. alive runid=20260915-104346-3544 event_age=18s | total=60 valid=11 running=11 pending=38 launched=22 failed=0 gaveup=0 forkfail=0 free_kb=11234796 sims_boxwide=10 last_event_age=0s last_event_epoch=1789462831
[11:01:00] DONE fmOFF_east_half_606 rc=0 1031s fmOFF east/half seed=606 rescued=3 dead=1 unreachable=0 never_detected=0 ff_deaths=1 terminal=207 completions=3 recycles=3 removals=3 returns=3 wall=1030s [valid 12/60]
[11:01:00] LAUNCH fmDRY_east_half_808 running=11 free_kb=11262984 sims_boxwide=10 attempt=1
[11:01:20] DONE fmEFS_south_half_606 rc=0 495s fmEFS south/half seed=606 rescued=3 dead=0 unreachable=0 never_detected=0 ff_deaths=1 terminal=None completions=3 recycles=3 removals=3 returns=3 wall=493s [valid 13/60]
[11:01:21] LAUNCH fmDRY_east_half_909 running=11 free_kb=11281416 sims_boxwide=10 attempt=1
[11:01:49] .. alive runid=20260915-104346-3544 event_age=28s | total=60 valid=13 running=11 pending=36 launched=24 failed=0 gaveup=0 forkfail=0 free_kb=11281416 sims_boxwide=10 last_event_age=0s last_event_epoch=1789462881
[11:02:21] DONE fmEFS_south_half_808 rc=0 434s fmEFS south/half seed=808 rescued=2 dead=1 unreachable=0 never_detected=0 ff_deaths=1 terminal=None completions=2 recycles=2 removals=2 returns=2 wall=433s [valid 14/60]
[11:02:22] LAUNCH fmDRY_east_half_1010 running=11 free_kb=11247728 sims_boxwide=10 attempt=1
[11:02:49] .. alive runid=20260915-104346-3544 event_age=27s | total=60 valid=14 running=11 pending=35 launched=25 failed=0 gaveup=0 forkfail=0 free_kb=11247728 sims_boxwide=10 last_event_age=0s last_event_epoch=1789462942
[11:03:24] DONE fmEFS_east_half_808 rc=0 715s fmEFS east/half seed=808 rescued=3 dead=1 unreachable=0 never_detected=0 ff_deaths=0 terminal=103 completions=3 recycles=3 removals=3 returns=3 wall=713s [valid 15/60]
[11:03:25] LAUNCH fmDRY_south_half_606 running=11 free_kb=11291204 sims_boxwide=10 attempt=1
[11:03:49] .. alive runid=20260915-104346-3544 event_age=24s | total=60 valid=15 running=11 pending=34 launched=26 failed=0 gaveup=0 forkfail=0 free_kb=11291204 sims_boxwide=10 last_event_age=0s last_event_epoch=1789463005
[11:04:43] DONE fmDRY_east_half_707 rc=0 251s fmDRY east/half seed=707 rescued=2 dead=0 unreachable=2 never_detected=2 ff_deaths=0 terminal=210 completions=2 recycles=2 removals=2 returns=2 wall=250s [valid 16/60]
[11:04:43] LAUNCH fmDRY_south_half_707 running=11 free_kb=11295144 sims_boxwide=10 attempt=1
[11:04:49] .. alive runid=20260915-104346-3544 event_age=6s | total=60 valid=16 running=11 pending=33 launched=27 failed=0 gaveup=0 forkfail=0 free_kb=11295144 sims_boxwide=10 last_event_age=0s last_event_epoch=1789463083
[11:04:59] DONE fmEFS_east_half_1010 rc=0 736s fmEFS east/half seed=1010 rescued=3 dead=1 unreachable=0 never_detected=0 ff_deaths=0 terminal=105 completions=3 recycles=3 removals=3 returns=3 wall=734s [valid 17/60]
[11:04:59] LAUNCH fmDRY_south_half_808 running=11 free_kb=11298056 sims_boxwide=10 attempt=1
[11:05:12] DONE fmEFS_south_half_1010 rc=0 475s fmEFS south/half seed=1010 rescued=3 dead=0 unreachable=0 never_detected=0 ff_deaths=0 terminal=None completions=3 recycles=3 removals=3 returns=3 wall=464s [valid 18/60]
[11:05:12] LAUNCH fmDRY_south_half_909 running=11 free_kb=11346256 sims_boxwide=9 attempt=1
[11:05:25] DONE fmEFS_east_half_606 rc=0 1170s fmEFS east/half seed=606 rescued=3 dead=1 unreachable=0 never_detected=0 ff_deaths=0 terminal=210 completions=3 recycles=3 removals=3 returns=3 wall=1155s [valid 19/60]
[11:05:26] LAUNCH fmDRY_south_half_1010 running=11 free_kb=11365392 sims_boxwide=10 attempt=1
[11:05:38] DONE fmEFS_south_half_909 rc=0 577s fmEFS south/half seed=909 rescued=2 dead=1 unreachable=0 never_detected=0 ff_deaths=1 terminal=None completions=2 recycles=2 removals=2 returns=2 wall=569s [valid 20/60]
[11:05:38] DONE fmEFS_east_half_909 rc=0 805s fmEFS east/half seed=909 rescued=4 dead=0 unreachable=0 never_detected=0 ff_deaths=0 terminal=117 completions=4 recycles=4 removals=4 returns=4 wall=801s [valid 21/60]
[11:05:39] LAUNCH fmF_east_half_606 running=10 free_kb=12280228 sims_boxwide=9 attempt=1
[11:05:49] .. alive runid=20260915-104346-3544 event_age=10s | total=60 valid=21 running=10 pending=29 launched=31 failed=0 gaveup=0 forkfail=0 free_kb=12280228 sims_boxwide=9 last_event_age=0s last_event_epoch=1789463139
[11:05:52] LAUNCH fmF_east_half_707 running=11 free_kb=11317100 sims_boxwide=10 attempt=1
[11:06:49] .. alive runid=20260915-104346-3544 event_age=57s | total=60 valid=21 running=11 pending=28 launched=32 failed=0 gaveup=0 forkfail=0 free_kb=11317100 sims_boxwide=10 last_event_age=0s last_event_epoch=1789463152
[11:07:49] .. alive runid=20260915-104346-3544 event_age=117s | total=60 valid=21 running=11 pending=28 launched=32 failed=0 gaveup=0 forkfail=0 free_kb=11317100 sims_boxwide=10 last_event_age=0s last_event_epoch=1789463152
[11:08:49] .. alive runid=20260915-104346-3544 event_age=177s | total=60 valid=21 running=11 pending=28 launched=32 failed=0 gaveup=0 forkfail=0 free_kb=11317100 sims_boxwide=10 last_event_age=0s last_event_epoch=1789463152
[11:09:50] .. alive runid=20260915-104346-3544 event_age=238s | total=60 valid=21 running=11 pending=28 launched=32 failed=0 gaveup=0 forkfail=0 free_kb=11317100 sims_boxwide=10 last_event_age=0s last_event_epoch=1789463152
[11:10:03] DONE fmF_east_half_707 rc=0 251s fmF east/half seed=707 rescued=2 dead=0 unreachable=2 never_detected=2 ff_deaths=0 terminal=210 completions=2 recycles=2 removals=2 returns=2 wall=250s [valid 22/60]
[11:10:04] LAUNCH fmF_east_half_808 running=11 free_kb=11307288 sims_boxwide=10 attempt=1
[11:10:50] .. alive runid=20260915-104346-3544 event_age=46s | total=60 valid=22 running=11 pending=27 launched=33 failed=0 gaveup=0 forkfail=0 free_kb=11307288 sims_boxwide=10 last_event_age=0s last_event_epoch=1789463404
[11:11:05] DONE fmDRY_south_half_707 rc=0 382s fmDRY south/half seed=707 rescued=3 dead=1 unreachable=0 never_detected=0 ff_deaths=0 terminal=198 completions=3 recycles=3 removals=3 returns=3 wall=380s [valid 23/60]
[11:11:06] LAUNCH fmF_east_half_909 running=11 free_kb=11302804 sims_boxwide=10 attempt=1
[11:11:38] DONE fmDRY_south_half_606 rc=0 493s fmDRY south/half seed=606 rescued=3 dead=0 unreachable=1 never_detected=1 ff_deaths=1 terminal=210 completions=3 recycles=3 removals=3 returns=3 wall=492s [valid 24/60]
[11:11:39] LAUNCH fmF_east_half_1010 running=11 free_kb=11332492 sims_boxwide=10 attempt=1
[11:11:50] .. alive runid=20260915-104346-3544 event_age=11s | total=60 valid=24 running=11 pending=25 launched=35 failed=0 gaveup=0 forkfail=0 free_kb=11332492 sims_boxwide=10 last_event_age=0s last_event_epoch=1789463499
[11:12:12] DONE fmDRY_south_half_808 rc=0 433s fmDRY south/half seed=808 rescued=2 dead=1 unreachable=0 never_detected=0 ff_deaths=1 terminal=None completions=2 recycles=2 removals=2 returns=2 wall=431s [valid 25/60]
[11:12:13] LAUNCH fmF_south_half_606 running=11 free_kb=11327900 sims_boxwide=10 attempt=1
[11:12:50] .. alive runid=20260915-104346-3544 event_age=37s | total=60 valid=25 running=11 pending=24 launched=36 failed=0 gaveup=0 forkfail=0 free_kb=11327900 sims_boxwide=10 last_event_age=0s last_event_epoch=1789463533
[11:13:33] DONE fmDRY_east_half_808 rc=0 753s fmDRY east/half seed=808 rescued=3 dead=1 unreachable=0 never_detected=0 ff_deaths=0 terminal=103 completions=3 recycles=3 removals=3 returns=3 wall=751s [valid 26/60]
[11:13:34] LAUNCH fmF_south_half_707 running=11 free_kb=11281800 sims_boxwide=10 attempt=1
[11:13:46] DONE fmDRY_south_half_1010 rc=0 501s fmDRY south/half seed=1010 rescued=3 dead=0 unreachable=1 never_detected=1 ff_deaths=1 terminal=210 completions=3 recycles=3 removals=3 returns=3 wall=490s [valid 27/60]
[11:13:47] LAUNCH fmF_south_half_808 running=11 free_kb=11328624 sims_boxwide=10 attempt=1
[11:13:50] .. alive runid=20260915-104346-3544 event_age=3s | total=60 valid=27 running=11 pending=22 launched=38 failed=0 gaveup=0 forkfail=0 free_kb=11328624 sims_boxwide=10 last_event_age=0s last_event_epoch=1789463627
[11:14:40] DONE fmDRY_east_half_909 rc=0 799s fmDRY east/half seed=909 rescued=4 dead=0 unreachable=0 never_detected=0 ff_deaths=1 terminal=117 completions=4 recycles=4 removals=4 returns=4 wall=797s [valid 28/60]
[11:14:41] LAUNCH fmF_south_half_909 running=11 free_kb=12152784 sims_boxwide=9 attempt=1
[11:14:50] .. alive runid=20260915-104346-3544 event_age=9s | total=60 valid=28 running=11 pending=21 launched=39 failed=0 gaveup=0 forkfail=0 free_kb=12152784 sims_boxwide=9 last_event_age=0s last_event_epoch=1789463681
[11:14:53] DONE fmDRY_south_half_909 rc=0 581s fmDRY south/half seed=909 rescued=2 dead=1 unreachable=0 never_detected=0 ff_deaths=1 terminal=None completions=2 recycles=2 removals=2 returns=2 wall=566s [valid 29/60]
[11:14:54] LAUNCH fmF_south_half_1010 running=11 free_kb=11130628 sims_boxwide=10 attempt=1
[11:15:06] DONE fmDRY_east_half_1010 rc=0 764s fmDRY east/half seed=1010 rescued=3 dead=1 unreachable=0 never_detected=0 ff_deaths=0 terminal=105 completions=3 recycles=3 removals=3 returns=3 wall=752s [valid 30/60]
[11:15:07] LAUNCH fmES_east_half_606 running=11 free_kb=11182124 sims_boxwide=10 attempt=1
[11:15:50] .. alive runid=20260915-104346-3544 event_age=43s | total=60 valid=30 running=11 pending=19 launched=41 failed=0 gaveup=0 forkfail=0 free_kb=11182124 sims_boxwide=10 last_event_age=0s last_event_epoch=1789463707
[11:16:50] .. alive runid=20260915-104346-3544 event_age=103s | total=60 valid=30 running=11 pending=19 launched=41 failed=0 gaveup=0 forkfail=0 free_kb=11182124 sims_boxwide=10 last_event_age=0s last_event_epoch=1789463707
[11:17:50] .. alive runid=20260915-104346-3544 event_age=163s | total=60 valid=30 running=11 pending=19 launched=41 failed=0 gaveup=0 forkfail=0 free_kb=11182124 sims_boxwide=10 last_event_age=0s last_event_epoch=1789463707
[11:18:20] DONE fmDRY_east_half_606 rc=0 1219s fmDRY east/half seed=606 rescued=3 dead=0 unreachable=0 never_detected=0 ff_deaths=0 terminal=None completions=3 recycles=3 removals=3 returns=3 wall=1218s [valid 31/60]
[11:18:21] LAUNCH fmES_east_half_707 running=11 free_kb=11298504 sims_boxwide=10 attempt=1
[11:18:50] .. alive runid=20260915-104346-3544 event_age=29s | total=60 valid=31 running=11 pending=18 launched=42 failed=0 gaveup=0 forkfail=0 free_kb=11298504 sims_boxwide=10 last_event_age=0s last_event_epoch=1789463901
[11:19:50] .. alive runid=20260915-104346-3544 event_age=89s | total=60 valid=31 running=11 pending=18 launched=42 failed=0 gaveup=0 forkfail=0 free_kb=11298504 sims_boxwide=10 last_event_age=0s last_event_epoch=1789463901
[11:19:51] DONE fmF_south_half_707 rc=0 377s fmF south/half seed=707 rescued=3 dead=1 unreachable=0 never_detected=0 ff_deaths=0 terminal=198 completions=3 recycles=3 removals=3 returns=3 wall=376s [valid 32/60]
[11:19:52] LAUNCH fmES_east_half_808 running=11 free_kb=11253372 sims_boxwide=10 attempt=1
[11:20:12] DONE fmF_south_half_606 rc=0 479s fmF south/half seed=606 rescued=3 dead=0 unreachable=1 never_detected=1 ff_deaths=0 terminal=210 completions=3 recycles=3 removals=3 returns=3 wall=477s [valid 33/60]
[11:20:13] LAUNCH fmES_east_half_909 running=11 free_kb=11260440 sims_boxwide=10 attempt=1
[11:20:51] .. alive runid=20260915-104346-3544 event_age=38s | total=60 valid=33 running=11 pending=16 launched=44 failed=0 gaveup=0 forkfail=0 free_kb=11260440 sims_boxwide=10 last_event_age=0s last_event_epoch=1789464013
[11:21:00] DONE fmF_south_half_808 rc=0 432s fmF south/half seed=808 rescued=2 dead=1 unreachable=0 never_detected=0 ff_deaths=1 terminal=None completions=2 recycles=2 removals=2 returns=2 wall=431s [valid 34/60]
[11:21:00] LAUNCH fmES_east_half_1010 running=11 free_kb=11239152 sims_boxwide=10 attempt=1
[11:21:31] DONE fmF_south_half_1010 rc=0 397s fmF south/half seed=1010 rescued=3 dead=1 unreachable=0 never_detected=0 ff_deaths=0 terminal=123 completions=3 recycles=3 removals=3 returns=3 wall=396s [valid 35/60]
[11:21:32] LAUNCH fmES_south_half_606 running=11 free_kb=11275940 sims_boxwide=10 attempt=1
[11:21:45] DONE fmF_east_half_808 rc=0 700s fmF east/half seed=808 rescued=3 dead=1 unreachable=0 never_detected=0 ff_deaths=0 terminal=103 completions=3 recycles=3 removals=3 returns=3 wall=699s [valid 36/60]
[11:21:45] LAUNCH fmES_south_half_707 running=11 free_kb=11296344 sims_boxwide=10 attempt=1
[11:21:51] .. alive runid=20260915-104346-3544 event_age=6s | total=60 valid=36 running=11 pending=13 launched=47 failed=0 gaveup=0 forkfail=0 free_kb=11296344 sims_boxwide=10 last_event_age=0s last_event_epoch=1789464105
[11:22:38] DONE fmES_east_half_707 rc=0 257s fmES east/half seed=707 rescued=2 dead=0 unreachable=2 never_detected=2 ff_deaths=0 terminal=210 completions=2 recycles=2 removals=2 returns=2 wall=255s [valid 37/60]
[11:22:39] LAUNCH fmES_south_half_808 running=11 free_kb=11292480 sims_boxwide=10 attempt=1
[11:22:51] .. alive runid=20260915-104346-3544 event_age=12s | total=60 valid=37 running=11 pending=12 launched=48 failed=0 gaveup=0 forkfail=0 free_kb=11292480 sims_boxwide=10 last_event_age=0s last_event_epoch=1789464159
[11:22:51] DONE fmF_east_half_606 rc=0 1032s fmF east/half seed=606 rescued=3 dead=1 unreachable=0 never_detected=0 ff_deaths=0 terminal=204 completions=3 recycles=3 removals=3 returns=3 wall=1028s [valid 38/60]
[11:22:52] LAUNCH fmES_south_half_909 running=11 free_kb=11329280 sims_boxwide=10 attempt=1
[11:23:51] .. alive runid=20260915-104346-3544 event_age=59s | total=60 valid=38 running=11 pending=11 launched=49 failed=0 gaveup=0 forkfail=0 free_kb=11329280 sims_boxwide=10 last_event_age=0s last_event_epoch=1789464172
[11:24:08] DONE fmF_east_half_1010 rc=0 748s fmF east/half seed=1010 rescued=3 dead=1 unreachable=0 never_detected=0 ff_deaths=0 terminal=105 completions=3 recycles=3 removals=3 returns=3 wall=747s [valid 39/60]
[11:24:08] LAUNCH fmES_south_half_1010 running=11 free_kb=11313380 sims_boxwide=10 attempt=1
[11:24:21] DONE fmF_south_half_909 rc=0 580s fmF south/half seed=909 rescued=2 dead=1 unreachable=0 never_detected=0 ff_deaths=1 terminal=None completions=2 recycles=2 removals=2 returns=2 wall=567s [valid 40/60]
[11:24:22] LAUNCH fmFS_east_half_606 running=11 free_kb=11345896 sims_boxwide=10 attempt=1
[11:24:34] DONE fmF_east_half_909 rc=0 808s fmF east/half seed=909 rescued=4 dead=0 unreachable=0 never_detected=0 ff_deaths=0 terminal=117 completions=4 recycles=4 removals=4 returns=4 wall=804s [valid 41/60]
[11:24:35] LAUNCH fmFS_east_half_707 running=11 free_kb=11361424 sims_boxwide=10 attempt=1
[11:24:51] .. alive runid=20260915-104346-3544 event_age=16s | total=60 valid=41 running=11 pending=8 launched=52 failed=0 gaveup=0 forkfail=0 free_kb=11361424 sims_boxwide=10 last_event_age=0s last_event_epoch=1789464275
[11:25:51] .. alive runid=20260915-104346-3544 event_age=76s | total=60 valid=41 running=11 pending=8 launched=52 failed=0 gaveup=0 forkfail=0 free_kb=11361424 sims_boxwide=10 last_event_age=0s last_event_epoch=1789464275
[11:26:51] .. alive runid=20260915-104346-3544 event_age=136s | total=60 valid=41 running=11 pending=8 launched=52 failed=0 gaveup=0 forkfail=0 free_kb=11361424 sims_boxwide=10 last_event_age=0s last_event_epoch=1789464275
[11:27:40] DONE fmES_south_half_707 rc=0 355s fmES south/half seed=707 rescued=3 dead=1 unreachable=0 never_detected=0 ff_deaths=0 terminal=198 completions=3 recycles=3 removals=3 returns=3 wall=353s [valid 42/60]
[11:27:41] LAUNCH fmFS_east_half_808 running=11 free_kb=10998484 sims_boxwide=10 attempt=1
[11:27:51] .. alive runid=20260915-104346-3544 event_age=10s | total=60 valid=42 running=11 pending=7 launched=53 failed=0 gaveup=0 forkfail=0 free_kb=10998484 sims_boxwide=10 last_event_age=0s last_event_epoch=1789464461
[11:28:13] DONE fmFS_east_half_707 rc=0 218s fmFS east/half seed=707 rescued=2 dead=0 unreachable=2 never_detected=2 ff_deaths=0 terminal=210 completions=2 recycles=2 removals=2 returns=2 wall=217s [valid 43/60]
[11:28:14] LAUNCH fmFS_east_half_909 running=11 free_kb=11041548 sims_boxwide=10 attempt=1
[11:28:36] DONE fmES_south_half_606 rc=0 423s fmES south/half seed=606 rescued=3 dead=0 unreachable=1 never_detected=1 ff_deaths=1 terminal=210 completions=3 recycles=3 removals=3 returns=3 wall=422s [valid 44/60]
[11:28:36] LAUNCH fmFS_east_half_1010 running=11 free_kb=11051452 sims_boxwide=10 attempt=1
[11:28:51] .. alive runid=20260915-104346-3544 event_age=15s | total=60 valid=44 running=11 pending=5 launched=55 failed=0 gaveup=0 forkfail=0 free_kb=11051452 sims_boxwide=10 last_event_age=0s last_event_epoch=1789464516
[11:29:00] DONE fmES_south_half_808 rc=0 380s fmES south/half seed=808 rescued=2 dead=1 unreachable=0 never_detected=0 ff_deaths=1 terminal=None completions=2 recycles=2 removals=2 returns=2 wall=379s [valid 45/60]
[11:29:00] LAUNCH fmFS_south_half_606 running=11 free_kb=11041436 sims_boxwide=10 attempt=1
[11:29:45] DONE fmES_east_half_606 rc=0 878s fmES east/half seed=606 rescued=4 dead=0 unreachable=0 never_detected=0 ff_deaths=0 terminal=196 completions=4 recycles=4 removals=4 returns=4 wall=877s [valid 46/60]
[11:29:46] LAUNCH fmFS_south_half_707 running=11 free_kb=11230604 sims_boxwide=10 attempt=1
[11:29:51] .. alive runid=20260915-104346-3544 event_age=5s | total=60 valid=46 running=11 pending=3 launched=57 failed=0 gaveup=0 forkfail=0 free_kb=11230604 sims_boxwide=10 last_event_age=0s last_event_epoch=1789464586
[11:30:18] DONE fmES_east_half_808 rc=0 626s fmES east/half seed=808 rescued=3 dead=1 unreachable=0 never_detected=0 ff_deaths=0 terminal=101 completions=3 recycles=3 removals=3 returns=3 wall=624s [valid 47/60]
[11:30:19] LAUNCH fmFS_south_half_808 running=11 free_kb=11180860 sims_boxwide=10 attempt=1
[11:30:47] DONE fmES_south_half_909 rc=0 475s fmES south/half seed=909 rescued=2 dead=1 unreachable=0 never_detected=0 ff_deaths=1 terminal=None completions=2 recycles=2 removals=2 returns=2 wall=474s [valid 48/60]
[11:30:48] LAUNCH fmFS_south_half_909 running=11 free_kb=11222628 sims_boxwide=10 attempt=1
[11:30:51] .. alive runid=20260915-104346-3544 event_age=3s | total=60 valid=48 running=11 pending=1 launched=59 failed=0 gaveup=0 forkfail=0 free_kb=11222628 sims_boxwide=10 last_event_age=0s last_event_epoch=1789464648
[11:31:05] DONE fmES_east_half_909 rc=0 652s fmES east/half seed=909 rescued=4 dead=0 unreachable=0 never_detected=0 ff_deaths=0 terminal=117 completions=4 recycles=4 removals=4 returns=4 wall=651s [valid 49/60]
[11:31:06] LAUNCH fmFS_south_half_1010 running=11 free_kb=11213488 sims_boxwide=10 attempt=1
[11:31:52] .. alive runid=20260915-104346-3544 event_age=46s | total=60 valid=49 running=11 pending=0 launched=60 failed=0 gaveup=0 forkfail=0 free_kb=11213488 sims_boxwide=10 last_event_age=0s last_event_epoch=1789464666
[11:32:11] DONE fmES_east_half_1010 rc=0 671s fmES east/half seed=1010 rescued=3 dead=1 unreachable=0 never_detected=0 ff_deaths=0 terminal=150 completions=3 recycles=3 removals=3 returns=3 wall=669s [valid 50/60]
[11:32:16] DONE fmES_south_half_1010 rc=0 487s fmES south/half seed=1010 rescued=3 dead=1 unreachable=0 never_detected=0 ff_deaths=0 terminal=186 completions=3 recycles=3 removals=3 returns=3 wall=486s [valid 51/60]
[11:32:52] .. alive runid=20260915-104346-3544 event_age=37s | total=60 valid=51 running=9 pending=0 launched=60 failed=0 gaveup=0 forkfail=0 free_kb=11213488 sims_boxwide=10 last_event_age=1s last_event_epoch=1789464735
[11:33:52] .. alive runid=20260915-104346-3544 event_age=97s | total=60 valid=51 running=9 pending=0 launched=60 failed=0 gaveup=0 forkfail=0 free_kb=11213488 sims_boxwide=10 last_event_age=1s last_event_epoch=1789464735
[11:34:05] DONE fmFS_south_half_707 rc=0 259s fmFS south/half seed=707 rescued=3 dead=1 unreachable=0 never_detected=0 ff_deaths=0 terminal=198 completions=3 recycles=3 removals=3 returns=3 wall=257s [valid 52/60]
[11:34:38] DONE fmFS_south_half_606 rc=0 338s fmFS south/half seed=606 rescued=3 dead=0 unreachable=1 never_detected=1 ff_deaths=0 terminal=210 completions=3 recycles=3 removals=3 returns=3 wall=336s [valid 53/60]
[11:34:52] .. alive runid=20260915-104346-3544 event_age=14s | total=60 valid=53 running=7 pending=0 launched=60 failed=0 gaveup=0 forkfail=0 free_kb=11213488 sims_boxwide=10 last_event_age=0s last_event_epoch=1789464878
[11:35:10] DONE fmFS_south_half_808 rc=0 290s fmFS south/half seed=808 rescued=2 dead=1 unreachable=0 never_detected=0 ff_deaths=1 terminal=None completions=2 recycles=2 removals=2 returns=2 wall=289s [valid 54/60]
[11:35:34] DONE fmFS_east_half_808 rc=0 473s fmFS east/half seed=808 rescued=3 dead=1 unreachable=0 never_detected=0 ff_deaths=0 terminal=103 completions=3 recycles=3 removals=3 returns=3 wall=471s [valid 55/60]
[11:35:52] .. alive runid=20260915-104346-3544 event_age=18s | total=60 valid=55 running=5 pending=0 launched=60 failed=0 gaveup=0 forkfail=0 free_kb=11213488 sims_boxwide=10 last_event_age=0s last_event_epoch=1789464934
[11:36:36] DONE fmFS_south_half_1010 rc=0 329s fmFS south/half seed=1010 rescued=3 dead=0 unreachable=0 never_detected=0 ff_deaths=0 terminal=None completions=3 recycles=3 removals=3 returns=3 wall=328s [valid 56/60]
[11:36:43] DONE fmFS_east_half_606 rc=0 741s fmFS east/half seed=606 rescued=3 dead=1 unreachable=0 never_detected=0 ff_deaths=0 terminal=207 completions=3 recycles=3 removals=3 returns=3 wall=740s [valid 57/60]
[11:36:44] DONE fmFS_east_half_1010 rc=0 487s fmFS east/half seed=1010 rescued=3 dead=1 unreachable=0 never_detected=0 ff_deaths=0 terminal=105 completions=3 recycles=3 removals=3 returns=3 wall=486s [valid 58/60]
[11:36:52] .. alive runid=20260915-104346-3544 event_age=9s | total=60 valid=58 running=2 pending=0 launched=60 failed=0 gaveup=0 forkfail=0 free_kb=11213488 sims_boxwide=10 last_event_age=1s last_event_epoch=1789465003
[11:37:01] DONE fmFS_south_half_909 rc=0 373s fmFS south/half seed=909 rescued=2 dead=1 unreachable=0 never_detected=0 ff_deaths=1 terminal=None completions=2 recycles=2 removals=2 returns=2 wall=371s [valid 59/60]
[11:37:13] DONE fmFS_east_half_909 rc=0 539s fmFS east/half seed=909 rescued=4 dead=0 unreachable=0 never_detected=0 ff_deaths=0 terminal=117 completions=4 recycles=4 removals=4 returns=4 wall=537s [valid 60/60]
[11:37:13] MAIN LOOP LEFT pending=0 running=0
[11:37:14] FINAL SUMMARY total=60 valid=60 invalid=0 missing=0
[11:37:14] FINAL SUMMARY total=60 valid=60 invalid=0 missing=0 live_this_wave=0 sims_boxwide=0
[11:37:14] ALL_DCD4_COMPLETE runid=20260915-104346-3544 valid=60/60 launched=60 failed=0 forkfail=0
[11:37:52] HEARTBEAT EXIT runid=20260915-104346-3544 (sentinel)
