[10:44:45] POOL START wave=wave runid=20260915-104444-3641 restart=0 pid=3641 winpid=2476 head=003ed91 dirty_tracked=0 queue=outputs/_firemech_queue_rb.txt maxpar=6 minfree_kb=6000000
[10:44:45] ENV 3.10.11 mesa 1.2.1  prereg_sha256=795d7faf6e71095d queue_sha256=6d885bf0d67c879c
[10:44:46] SHIPPED BASE_STATION_MODE=3 BASE_STATION_RETURN_MECHANISM=2 BASE_STATION_DEPOTS=9 BASE_STATION_SPAWN_SPLIT=2 UAV_RETURN_TO_BASE_RESERVE=0.0 BASE_STATION_RETURN_MARGIN=39.23 BASE_STATION_DOCK_FIX=2 BASE_STATION_RETURN_STALL_LIMIT=3 BASE_STATION_WAYPOINT_FIX=1 ROUTE_BLOCK_STALE_CLEAR=1 VICTIM_SEARCHER_HAZARD_RETREAT_RANGE=99
[10:44:46] VALIDATE total=24 valid=0 invalid=0 missing=24
[10:44:46] START STATE wave=wave total=24 valid=0 pending=24 live_orphans_this_wave=5 sims_boxwide=5 free_kb=21108420
[10:44:46] HEARTBEAT pid=3679 every 60s -> outputs/_firemech_wave_rb.log ; state file outputs/_firemech_rb_state.txt ; sentinel outputs/_firemech_rb_hb_20260915-104444-3641.stop
[10:44:47] LAUNCH fmgOFFa_D_east running=1 free_kb=21102328 sims_boxwide=5 attempt=1
[10:45:00] LAUNCH fmgOFFb_D_east running=2 free_kb=19341420 sims_boxwide=7 attempt=1
[10:45:13] LAUNCH fmgOFFc_D_east running=3 free_kb=17500940 sims_boxwide=9 attempt=1
[10:45:25] LAUNCH fmgOFFs_D_south running=4 free_kb=15764500 sims_boxwide=11 attempt=1
[10:45:38] LAUNCH fmgEFSa_D_east running=5 free_kb=14003256 sims_boxwide=13 attempt=1
[10:45:46] .. alive runid=20260915-104444-3641 event_age=8s | wave=wave total=24 valid=0 running=5 pending=19 launched=5 failed=0 gaveup=0 forkfail=0 free_kb=14003256 sims_boxwide=13 last_event_age=0s last_event_epoch=1789461938
[10:45:51] LAUNCH fmgEFSb_D_east running=6 free_kb=12269940 sims_boxwide=15 attempt=1
[10:46:47] .. alive runid=20260915-104444-3641 event_age=56s | wave=wave total=24 valid=0 running=6 pending=18 launched=6 failed=0 gaveup=0 forkfail=0 free_kb=12269940 sims_boxwide=15 last_event_age=0s last_event_epoch=1789461951
[10:47:47] .. alive runid=20260915-104444-3641 event_age=116s | wave=wave total=24 valid=0 running=6 pending=18 launched=6 failed=0 gaveup=0 forkfail=0 free_kb=12269940 sims_boxwide=15 last_event_age=0s last_event_epoch=1789461951
[10:48:47] .. alive runid=20260915-104444-3641 event_age=176s | wave=wave total=24 valid=0 running=6 pending=18 launched=6 failed=0 gaveup=0 forkfail=0 free_kb=12269940 sims_boxwide=15 last_event_age=0s last_event_epoch=1789461951
[10:49:47] .. alive runid=20260915-104444-3641 event_age=236s | wave=wave total=24 valid=0 running=6 pending=18 launched=6 failed=0 gaveup=0 forkfail=0 free_kb=12269940 sims_boxwide=15 last_event_age=0s last_event_epoch=1789461951
[10:50:47] .. alive runid=20260915-104444-3641 event_age=296s | wave=wave total=24 valid=0 running=6 pending=18 launched=6 failed=0 gaveup=0 forkfail=0 free_kb=12269940 sims_boxwide=15 last_event_age=0s last_event_epoch=1789461951
[10:51:47] .. alive runid=20260915-104444-3641 event_age=356s | wave=wave total=24 valid=0 running=6 pending=18 launched=6 failed=0 gaveup=0 forkfail=0 free_kb=12269940 sims_boxwide=15 last_event_age=0s last_event_epoch=1789461951
[10:52:47] .. alive runid=20260915-104444-3641 event_age=416s | wave=wave total=24 valid=0 running=6 pending=18 launched=6 failed=0 gaveup=0 forkfail=0 free_kb=12269940 sims_boxwide=15 last_event_age=0s last_event_epoch=1789461951
[10:53:47] .. alive runid=20260915-104444-3641 event_age=476s | wave=wave total=24 valid=0 running=6 pending=18 launched=6 failed=0 gaveup=0 forkfail=0 free_kb=12269940 sims_boxwide=15 last_event_age=0s last_event_epoch=1789461951
[10:54:47] .. alive runid=20260915-104444-3641 event_age=536s | wave=wave total=24 valid=0 running=6 pending=18 launched=6 failed=0 gaveup=0 forkfail=0 free_kb=12269940 sims_boxwide=15 last_event_age=0s last_event_epoch=1789461951
[10:55:47] .. alive runid=20260915-104444-3641 event_age=596s | wave=wave total=24 valid=0 running=6 pending=18 launched=6 failed=0 gaveup=0 forkfail=0 free_kb=12269940 sims_boxwide=15 last_event_age=0s last_event_epoch=1789461951
[10:56:47] .. alive runid=20260915-104444-3641 event_age=656s | wave=wave total=24 valid=0 running=6 pending=18 launched=6 failed=0 gaveup=0 forkfail=0 free_kb=12269940 sims_boxwide=15 last_event_age=0s last_event_epoch=1789461951
[10:57:48] .. alive runid=20260915-104444-3641 event_age=717s | wave=wave total=24 valid=0 running=6 pending=18 launched=6 failed=0 gaveup=0 forkfail=0 free_kb=12269940 sims_boxwide=15 last_event_age=0s last_event_epoch=1789461951
[10:58:48] .. alive runid=20260915-104444-3641 event_age=777s | wave=wave total=24 valid=0 running=6 pending=18 launched=6 failed=0 gaveup=0 forkfail=0 free_kb=12269940 sims_boxwide=15 last_event_age=0s last_event_epoch=1789461951
[10:59:48] .. alive runid=20260915-104444-3641 event_age=837s | wave=wave total=24 valid=0 running=6 pending=18 launched=6 failed=0 gaveup=0 forkfail=0 free_kb=12269940 sims_boxwide=15 last_event_age=0s last_event_epoch=1789461951
[11:00:48] .. alive runid=20260915-104444-3641 event_age=897s | wave=wave total=24 valid=0 running=6 pending=18 launched=6 failed=0 gaveup=0 forkfail=0 free_kb=12269940 sims_boxwide=15 last_event_age=0s last_event_epoch=1789461951
[11:01:48] .. alive runid=20260915-104444-3641 event_age=957s | wave=wave total=24 valid=0 running=6 pending=18 launched=6 failed=0 gaveup=0 forkfail=0 free_kb=12269940 sims_boxwide=15 last_event_age=0s last_event_epoch=1789461951
[11:02:48] .. alive runid=20260915-104444-3641 event_age=1017s | wave=wave total=24 valid=0 running=6 pending=18 launched=6 failed=0 gaveup=0 forkfail=0 free_kb=12269940 sims_boxwide=15 last_event_age=0s last_event_epoch=1789461951
[11:03:48] .. alive runid=20260915-104444-3641 event_age=1077s | wave=wave total=24 valid=0 running=6 pending=18 launched=6 failed=0 gaveup=0 forkfail=0 free_kb=12269940 sims_boxwide=15 last_event_age=0s last_event_epoch=1789461951
[11:04:48] .. alive runid=20260915-104444-3641 event_age=1137s | wave=wave total=24 valid=0 running=6 pending=18 launched=6 failed=0 gaveup=0 forkfail=0 free_kb=12269940 sims_boxwide=15 last_event_age=0s last_event_epoch=1789461951
[11:05:48] .. alive runid=20260915-104444-3641 event_age=1197s | wave=wave total=24 valid=0 running=6 pending=18 launched=6 failed=0 gaveup=0 forkfail=0 free_kb=12269940 sims_boxwide=15 last_event_age=0s last_event_epoch=1789461951
[11:06:48] .. alive runid=20260915-104444-3641 event_age=1257s | wave=wave total=24 valid=0 running=6 pending=18 launched=6 failed=0 gaveup=0 forkfail=0 free_kb=12269940 sims_boxwide=15 last_event_age=0s last_event_epoch=1789461951
[11:07:48] .. alive runid=20260915-104444-3641 event_age=1317s | wave=wave total=24 valid=0 running=6 pending=18 launched=6 failed=0 gaveup=0 forkfail=0 free_kb=12269940 sims_boxwide=15 last_event_age=0s last_event_epoch=1789461951
[11:08:48] .. alive runid=20260915-104444-3641 event_age=1377s | wave=wave total=24 valid=0 running=6 pending=18 launched=6 failed=0 gaveup=0 forkfail=0 free_kb=12269940 sims_boxwide=15 last_event_age=0s last_event_epoch=1789461951
[11:09:49] .. alive runid=20260915-104444-3641 event_age=1438s | wave=wave total=24 valid=0 running=6 pending=18 launched=6 failed=0 gaveup=0 forkfail=0 free_kb=12269940 sims_boxwide=15 last_event_age=0s last_event_epoch=1789461951
[11:10:49] .. alive runid=20260915-104444-3641 event_age=1498s | wave=wave total=24 valid=0 running=6 pending=18 launched=6 failed=0 gaveup=0 forkfail=0 free_kb=12269940 sims_boxwide=15 last_event_age=0s last_event_epoch=1789461951
[11:11:49] .. alive runid=20260915-104444-3641 event_age=1558s | wave=wave total=24 valid=0 running=6 pending=18 launched=6 failed=0 gaveup=0 forkfail=0 free_kb=12269940 sims_boxwide=15 last_event_age=0s last_event_epoch=1789461951
[11:12:49] .. alive runid=20260915-104444-3641 event_age=1618s | wave=wave total=24 valid=0 running=6 pending=18 launched=6 failed=0 gaveup=0 forkfail=0 free_kb=12269940 sims_boxwide=15 last_event_age=0s last_event_epoch=1789461951
[11:13:49] .. alive runid=20260915-104444-3641 event_age=1678s | wave=wave total=24 valid=0 running=6 pending=18 launched=6 failed=0 gaveup=0 forkfail=0 free_kb=12269940 sims_boxwide=15 last_event_age=0s last_event_epoch=1789461951
[11:14:49] .. alive runid=20260915-104444-3641 event_age=1738s | wave=wave total=24 valid=0 running=6 pending=18 launched=6 failed=0 gaveup=0 forkfail=0 free_kb=12269940 sims_boxwide=15 last_event_age=0s last_event_epoch=1789461951
[11:15:49] .. alive runid=20260915-104444-3641 event_age=1798s | wave=wave total=24 valid=0 running=6 pending=18 launched=6 failed=0 gaveup=0 forkfail=0 free_kb=12269940 sims_boxwide=15 last_event_age=0s last_event_epoch=1789461951
[11:16:49] .. alive runid=20260915-104444-3641 event_age=1858s | wave=wave total=24 valid=0 running=6 pending=18 launched=6 failed=0 gaveup=0 forkfail=0 free_kb=12269940 sims_boxwide=15 last_event_age=0s last_event_epoch=1789461951
[11:17:49] .. alive runid=20260915-104444-3641 event_age=1918s | wave=wave total=24 valid=0 running=6 pending=18 launched=6 failed=0 gaveup=0 forkfail=0 free_kb=12269940 sims_boxwide=15 last_event_age=0s last_event_epoch=1789461951
[11:18:49] .. alive runid=20260915-104444-3641 event_age=1978s | wave=wave total=24 valid=0 running=6 pending=18 launched=6 failed=0 gaveup=0 forkfail=0 free_kb=12269940 sims_boxwide=15 last_event_age=0s last_event_epoch=1789461951
[11:19:49] .. alive runid=20260915-104444-3641 event_age=2038s | wave=wave total=24 valid=0 running=6 pending=18 launched=6 failed=0 gaveup=0 forkfail=0 free_kb=12269940 sims_boxwide=15 last_event_age=0s last_event_epoch=1789461951
[11:20:50] .. alive runid=20260915-104444-3641 event_age=2099s | wave=wave total=24 valid=0 running=6 pending=18 launched=6 failed=0 gaveup=0 forkfail=0 free_kb=12269940 sims_boxwide=15 last_event_age=0s last_event_epoch=1789461951
[11:21:50] .. alive runid=20260915-104444-3641 event_age=2159s | wave=wave total=24 valid=0 running=6 pending=18 launched=6 failed=0 gaveup=0 forkfail=0 free_kb=12269940 sims_boxwide=15 last_event_age=0s last_event_epoch=1789461951
[11:22:46] DONE fmgOFFs_D_south rc=0 2241s | fmgOFFs south seed 101 done 512.8s: rescued=2 dead=1 ff_deaths=2 | fires=6 recoveries=3 bad_assign=1 | fmgOFFs south seed 202 done 453.0s: rescued=3 dead=0 ff_deaths=1 | fires=7 recoveries=3 bad_assign=1 | fmgOFFs south seed 303 done 386.5s: rescued=4 dead=0 ff_deaths=1 | fires=7 recoveries=3 bad_assign=1 | fmgOFFs south seed 404 done 500.1s: rescued=3 dead=1 ff_deaths=0 | fires=15 recoveries=7 bad_assign=2 | fmgOFFs south seed 505 done 386.7s: rescued=3 dead=1 ff_deaths=0 | fires=17 recoveries=9 bad_assign=3  [valid 1/24]
[11:22:47] LAUNCH fmgEFSc_D_east running=6 free_kb=11301520 sims_boxwide=16 attempt=1
[11:22:50] .. alive runid=20260915-104444-3641 event_age=3s | wave=wave total=24 valid=1 running=6 pending=17 launched=7 failed=0 gaveup=0 forkfail=0 free_kb=11301520 sims_boxwide=16 last_event_age=0s last_event_epoch=1789464167
[11:23:50] .. alive runid=20260915-104444-3641 event_age=63s | wave=wave total=24 valid=1 running=6 pending=17 launched=7 failed=0 gaveup=0 forkfail=0 free_kb=11301520 sims_boxwide=16 last_event_age=0s last_event_epoch=1789464167
[11:24:50] .. alive runid=20260915-104444-3641 event_age=123s | wave=wave total=24 valid=1 running=6 pending=17 launched=7 failed=0 gaveup=0 forkfail=0 free_kb=11301520 sims_boxwide=16 last_event_age=0s last_event_epoch=1789464167
[11:25:50] .. alive runid=20260915-104444-3641 event_age=183s | wave=wave total=24 valid=1 running=6 pending=17 launched=7 failed=0 gaveup=0 forkfail=0 free_kb=11301520 sims_boxwide=16 last_event_age=0s last_event_epoch=1789464167
[11:26:50] .. alive runid=20260915-104444-3641 event_age=243s | wave=wave total=24 valid=1 running=6 pending=17 launched=7 failed=0 gaveup=0 forkfail=0 free_kb=11301520 sims_boxwide=16 last_event_age=0s last_event_epoch=1789464167
[11:27:50] .. alive runid=20260915-104444-3641 event_age=303s | wave=wave total=24 valid=1 running=6 pending=17 launched=7 failed=0 gaveup=0 forkfail=0 free_kb=11301520 sims_boxwide=16 last_event_age=0s last_event_epoch=1789464167
[11:28:50] .. alive runid=20260915-104444-3641 event_age=363s | wave=wave total=24 valid=1 running=6 pending=17 launched=7 failed=0 gaveup=0 forkfail=0 free_kb=11301520 sims_boxwide=16 last_event_age=0s last_event_epoch=1789464167
[11:29:43] DONE fmgOFFc_D_east rc=0 2670s | fmgOFFc east seed 111 done 806.7s: rescued=4 dead=0 ff_deaths=0 | fires=0 recoveries=0 bad_assign=0 | fmgOFFc east seed 222 done 840.1s: rescued=4 dead=0 ff_deaths=1 | fires=0 recoveries=0 bad_assign=0 | fmgOFFc east seed 333 done 693.0s: rescued=3 dead=1 ff_deaths=0 | fires=0 recoveries=0 bad_assign=0 | fmgOFFc east seed 444 done 329.3s: rescued=4 dead=0 ff_deaths=0 | fires=0 recoveries=0 bad_assign=0  [valid 2/24]
[11:29:44] LAUNCH fmgEFSs_D_south running=6 free_kb=11200204 sims_boxwide=16 attempt=1
[11:29:50] .. alive runid=20260915-104444-3641 event_age=6s | wave=wave total=24 valid=2 running=6 pending=16 launched=8 failed=0 gaveup=0 forkfail=0 free_kb=11200204 sims_boxwide=16 last_event_age=0s last_event_epoch=1789464584
[11:30:44] DONE fmgOFFb_D_east rc=0 2744s | fmgOFFb east seed 606 done 1057.8s: rescued=3 dead=1 ff_deaths=1 | fires=2 recoveries=1 bad_assign=1 | fmgOFFb east seed 707 done 255.9s: rescued=2 dead=0 ff_deaths=0 | fires=2 recoveries=1 bad_assign=1 | fmgOFFb east seed 808 done 709.6s: rescued=3 dead=1 ff_deaths=0 | fires=2 recoveries=1 bad_assign=1 | fmgOFFb east seed 909 done 719.2s: rescued=4 dead=0 ff_deaths=1 | fires=2 recoveries=1 bad_assign=1  [valid 3/24]
[11:30:45] LAUNCH fmgFBa_D_east running=6 free_kb=11204240 sims_boxwide=16 attempt=1
[11:30:50] .. alive runid=20260915-104444-3641 event_age=5s | wave=wave total=24 valid=3 running=6 pending=15 launched=9 failed=0 gaveup=0 forkfail=0 free_kb=11204240 sims_boxwide=16 last_event_age=0s last_event_epoch=1789464645
[11:31:44] DONE fmgEFSb_D_east rc=0 2753s | fmgEFSb east seed 606 done 1096.3s: rescued=3 dead=1 ff_deaths=0 | fires=2 recoveries=2 bad_assign=1 | fmgEFSb east seed 707 done 255.3s: rescued=2 dead=0 ff_deaths=0 | fires=2 recoveries=2 bad_assign=1 | fmgEFSb east seed 808 done 713.1s: rescued=3 dead=1 ff_deaths=0 | fires=2 recoveries=2 bad_assign=1 | fmgEFSb east seed 909 done 686.8s: rescued=4 dead=0 ff_deaths=0 | fires=2 recoveries=2 bad_assign=1  [valid 4/24]
[11:31:45] LAUNCH fmgFBb_D_east running=6 free_kb=11201836 sims_boxwide=16 attempt=1
[11:31:50] .. alive runid=20260915-104444-3641 event_age=5s | wave=wave total=24 valid=4 running=6 pending=14 launched=10 failed=0 gaveup=0 forkfail=0 free_kb=11201836 sims_boxwide=16 last_event_age=0s last_event_epoch=1789464705
[11:32:51] .. alive runid=20260915-104444-3641 event_age=66s | wave=wave total=24 valid=4 running=6 pending=14 launched=10 failed=0 gaveup=0 forkfail=0 free_kb=11201836 sims_boxwide=16 last_event_age=0s last_event_epoch=1789464705
[11:33:51] .. alive runid=20260915-104444-3641 event_age=126s | wave=wave total=24 valid=4 running=6 pending=14 launched=10 failed=0 gaveup=0 forkfail=0 free_kb=11201836 sims_boxwide=16 last_event_age=0s last_event_epoch=1789464705
[11:34:51] .. alive runid=20260915-104444-3641 event_age=186s | wave=wave total=24 valid=4 running=6 pending=14 launched=10 failed=0 gaveup=0 forkfail=0 free_kb=11201836 sims_boxwide=16 last_event_age=0s last_event_epoch=1789464705
[11:35:51] .. alive runid=20260915-104444-3641 event_age=246s | wave=wave total=24 valid=4 running=6 pending=14 launched=10 failed=0 gaveup=0 forkfail=0 free_kb=11201836 sims_boxwide=16 last_event_age=0s last_event_epoch=1789464705
[11:36:51] .. alive runid=20260915-104444-3641 event_age=306s | wave=wave total=24 valid=4 running=6 pending=14 launched=10 failed=0 gaveup=0 forkfail=0 free_kb=11201836 sims_boxwide=16 last_event_age=0s last_event_epoch=1789464705
[11:37:51] .. alive runid=20260915-104444-3641 event_age=366s | wave=wave total=24 valid=4 running=6 pending=14 launched=10 failed=0 gaveup=0 forkfail=0 free_kb=11201836 sims_boxwide=16 last_event_age=0s last_event_epoch=1789464705
[11:38:51] .. alive runid=20260915-104444-3641 event_age=426s | wave=wave total=24 valid=4 running=6 pending=14 launched=10 failed=0 gaveup=0 forkfail=0 free_kb=11201836 sims_boxwide=16 last_event_age=0s last_event_epoch=1789464705
[11:39:51] .. alive runid=20260915-104444-3641 event_age=486s | wave=wave total=24 valid=4 running=6 pending=14 launched=10 failed=0 gaveup=0 forkfail=0 free_kb=11201836 sims_boxwide=16 last_event_age=0s last_event_epoch=1789464705
[11:40:51] .. alive runid=20260915-104444-3641 event_age=546s | wave=wave total=24 valid=4 running=6 pending=14 launched=10 failed=0 gaveup=0 forkfail=0 free_kb=11201836 sims_boxwide=16 last_event_age=0s last_event_epoch=1789464705
[11:41:51] .. alive runid=20260915-104444-3641 event_age=606s | wave=wave total=24 valid=4 running=6 pending=14 launched=10 failed=0 gaveup=0 forkfail=0 free_kb=11201836 sims_boxwide=16 last_event_age=0s last_event_epoch=1789464705
[11:41:52] DONE fmgEFSa_D_east rc=0 3374s | fmgEFSa east seed 101 done 850.6s: rescued=3 dead=1 ff_deaths=1 | fires=2 recoveries=1 bad_assign=1 | fmgEFSa east seed 202 done 677.6s: rescued=3 dead=1 ff_deaths=0 | fires=2 recoveries=1 bad_assign=1 | fmgEFSa east seed 303 done 762.1s: rescued=3 dead=1 ff_deaths=0 | fires=5 recoveries=3 bad_assign=3 | fmgEFSa east seed 404 done 679.5s: rescued=3 dead=1 ff_deaths=1 | fires=6 recoveries=3 bad_assign=4 | fmgEFSa east seed 505 done 402.2s: rescued=3 dead=1 ff_deaths=0 | fires=6 recoveries=3 bad_assign=4  [valid 5/24]
[11:41:53] LAUNCH fmgFBc_D_east running=6 free_kb=16454748 sims_boxwide=10 attempt=1
[11:42:51] .. alive runid=20260915-104444-3641 event_age=58s | wave=wave total=24 valid=5 running=6 pending=13 launched=11 failed=0 gaveup=0 forkfail=0 free_kb=16454748 sims_boxwide=10 last_event_age=0s last_event_epoch=1789465313
[11:43:51] .. alive runid=20260915-104444-3641 event_age=118s | wave=wave total=24 valid=5 running=6 pending=13 launched=11 failed=0 gaveup=0 forkfail=0 free_kb=16454748 sims_boxwide=10 last_event_age=0s last_event_epoch=1789465313
[11:44:24] DONE fmgOFFa_D_east rc=0 3576s | fmgOFFa east seed 101 done 825.9s: rescued=4 dead=0 ff_deaths=1 | fires=0 recoveries=0 bad_assign=0 | fmgOFFa east seed 202 done 753.6s: rescued=3 dead=1 ff_deaths=0 | fires=0 recoveries=0 bad_assign=0 | fmgOFFa east seed 303 done 988.4s: rescued=3 dead=1 ff_deaths=0 | fires=5 recoveries=3 bad_assign=3 | fmgOFFa east seed 404 done 600.8s: rescued=2 dead=2 ff_deaths=1 | fires=8 recoveries=5 bad_assign=3 | fmgOFFa east seed 505 done 406.5s: rescued=3 dead=1 ff_deaths=0 | fires=8 recoveries=5 bad_assign=3  [valid 6/24]
[11:44:24] LAUNCH fmgFBs_D_south running=6 free_kb=15483728 sims_boxwide=11 attempt=1
[11:44:52] .. alive runid=20260915-104444-3641 event_age=28s | wave=wave total=24 valid=6 running=6 pending=12 launched=12 failed=0 gaveup=0 forkfail=0 free_kb=15483728 sims_boxwide=11 last_event_age=0s last_event_epoch=1789465464
[11:45:52] .. alive runid=20260915-104444-3641 event_age=88s | wave=wave total=24 valid=6 running=6 pending=12 launched=12 failed=0 gaveup=0 forkfail=0 free_kb=15483728 sims_boxwide=11 last_event_age=0s last_event_epoch=1789465464
[11:46:52] .. alive runid=20260915-104444-3641 event_age=148s | wave=wave total=24 valid=6 running=6 pending=12 launched=12 failed=0 gaveup=0 forkfail=0 free_kb=15483728 sims_boxwide=11 last_event_age=0s last_event_epoch=1789465464
[11:47:52] .. alive runid=20260915-104444-3641 event_age=208s | wave=wave total=24 valid=6 running=6 pending=12 launched=12 failed=0 gaveup=0 forkfail=0 free_kb=15483728 sims_boxwide=11 last_event_age=0s last_event_epoch=1789465464
[11:48:52] .. alive runid=20260915-104444-3641 event_age=268s | wave=wave total=24 valid=6 running=6 pending=12 launched=12 failed=0 gaveup=0 forkfail=0 free_kb=15483728 sims_boxwide=11 last_event_age=0s last_event_epoch=1789465464
[11:49:52] .. alive runid=20260915-104444-3641 event_age=328s | wave=wave total=24 valid=6 running=6 pending=12 launched=12 failed=0 gaveup=0 forkfail=0 free_kb=15483728 sims_boxwide=11 last_event_age=0s last_event_epoch=1789465464
[11:50:52] .. alive runid=20260915-104444-3641 event_age=388s | wave=wave total=24 valid=6 running=6 pending=12 launched=12 failed=0 gaveup=0 forkfail=0 free_kb=15483728 sims_boxwide=11 last_event_age=0s last_event_epoch=1789465464
[11:51:46] DONE fmgEFSc_D_east rc=0 1738s | fmgEFSc east seed 111 done 601.0s: rescued=4 dead=0 ff_deaths=0 | fires=0 recoveries=0 bad_assign=0 | fmgEFSc east seed 222 done 466.3s: rescued=4 dead=0 ff_deaths=0 | fires=0 recoveries=0 bad_assign=0 | fmgEFSc east seed 333 done 422.7s: rescued=3 dead=1 ff_deaths=0 | fires=0 recoveries=0 bad_assign=0 | fmgEFSc east seed 444 done 247.3s: rescued=4 dead=0 ff_deaths=0 | fires=0 recoveries=0 bad_assign=0  [valid 7/24]
[11:51:46] ADOPTED fmOFF_east_half_111 (already VALID - finished by an orphan) [valid 8/24]
[11:51:47] ADOPTED fmOFF_east_half_222 (already VALID - finished by an orphan) [valid 9/24]
[11:51:48] ADOPTED fmOFF_east_half_333 (already VALID - finished by an orphan) [valid 10/24]
[11:51:49] ADOPTED fmOFF_east_half_444 (already VALID - finished by an orphan) [valid 11/24]
[11:51:49] ADOPTED fmEFS_east_half_111 (already VALID - finished by an orphan) [valid 12/24]
[11:51:50] ADOPTED fmEFS_east_half_222 (already VALID - finished by an orphan) [valid 13/24]
[11:51:51] DEFERRED 6 pending job(s) are live in orphaned processes: outputs/_rblatch_camp2_fmgFBc_D_east.json outputs/_ffr_fmF_east_half_333.json outputs/_rblatch_camp2_fmgFBa_D_east.json outputs/_rblatch_camp2_fmgEFSs_D_south.json outputs/_ffr_fmEFS_east_half_333.json outputs/_rblatch_camp2_fmgFBb_D_east.json outputs/_rblatch_camp2_fmgFBs_D_south.json outputs/_ffr_fmF_east_half_111.json outputs/_ffr_fmF_east_half_444.json outputs/_ffr_fmF_east_half_222.json outputs/_ffr_fmEFS_east_half_444.json
[11:51:52] .. alive runid=20260915-104444-3641 event_age=2s | wave=wave total=24 valid=13 running=5 pending=6 launched=12 failed=0 gaveup=0 forkfail=0 free_kb=15487184 sims_boxwide=11 last_event_age=1s last_event_epoch=1789465910
[11:52:03] DONE fmgEFSs_D_south rc=0 1338s | fmgEFSs south seed 101 done 329.8s: rescued=2 dead=1 ff_deaths=2 | fires=6 recoveries=3 bad_assign=1 | fmgEFSs south seed 202 done 255.5s: rescued=4 dead=0 ff_deaths=0 | fires=7 recoveries=4 bad_assign=1 | fmgEFSs south seed 303 done 215.9s: rescued=4 dead=0 ff_deaths=0 | fires=7 recoveries=4 bad_assign=1 | fmgEFSs south seed 404 done 315.0s: rescued=1 dead=2 ff_deaths=1 | fires=10 recoveries=6 bad_assign=1 | fmgEFSs south seed 505 done 220.5s: rescued=3 dead=1 ff_deaths=0 | fires=12 recoveries=8 bad_assign=2  [valid 14/24]
[11:52:52] .. alive runid=20260915-104444-3641 event_age=50s | wave=wave total=24 valid=14 running=4 pending=6 launched=12 failed=0 gaveup=0 forkfail=0 free_kb=16210296 sims_boxwide=10 last_event_age=1s last_event_epoch=1789465922
[11:53:52] .. alive runid=20260915-104444-3641 event_age=110s | wave=wave total=24 valid=14 running=4 pending=6 launched=12 failed=0 gaveup=0 forkfail=0 free_kb=16210296 sims_boxwide=10 last_event_age=1s last_event_epoch=1789465922
[11:54:52] .. alive runid=20260915-104444-3641 event_age=170s | wave=wave total=24 valid=14 running=4 pending=6 launched=12 failed=0 gaveup=0 forkfail=0 free_kb=16210296 sims_boxwide=10 last_event_age=1s last_event_epoch=1789465922
[11:55:52] .. alive runid=20260915-104444-3641 event_age=230s | wave=wave total=24 valid=14 running=4 pending=6 launched=12 failed=0 gaveup=0 forkfail=0 free_kb=16210296 sims_boxwide=10 last_event_age=1s last_event_epoch=1789465922
[11:56:53] .. alive runid=20260915-104444-3641 event_age=290s | wave=wave total=24 valid=14 running=4 pending=6 launched=12 failed=0 gaveup=0 forkfail=0 free_kb=16210296 sims_boxwide=10 last_event_age=1s last_event_epoch=1789465922
[11:57:53] .. alive runid=20260915-104444-3641 event_age=351s | wave=wave total=24 valid=14 running=4 pending=6 launched=12 failed=0 gaveup=0 forkfail=0 free_kb=16210296 sims_boxwide=10 last_event_age=1s last_event_epoch=1789465922
[11:58:53] .. alive runid=20260915-104444-3641 event_age=411s | wave=wave total=24 valid=14 running=4 pending=6 launched=12 failed=0 gaveup=0 forkfail=0 free_kb=16210296 sims_boxwide=10 last_event_age=1s last_event_epoch=1789465922
[11:59:45] DONE fmgFBb_D_east rc=0 1680s | fmgFBb east seed 606 done 613.9s: rescued=3 dead=1 ff_deaths=0 | fires=2 recoveries=2 bad_assign=2 | fmgFBb east seed 707 done 159.3s: rescued=2 dead=0 ff_deaths=0 | fires=2 recoveries=2 bad_assign=2 | fmgFBb east seed 808 done 431.2s: rescued=3 dead=1 ff_deaths=0 | fires=2 recoveries=2 bad_assign=2 | fmgFBb east seed 909 done 474.4s: rescued=4 dead=0 ff_deaths=0 | fires=2 recoveries=2 bad_assign=2  [valid 15/24]
[11:59:46] ADOPTED fmEFS_east_half_333 (already VALID - finished by an orphan) [valid 16/24]
[11:59:47] ADOPTED fmEFS_east_half_444 (already VALID - finished by an orphan) [valid 17/24]
[11:59:47] ADOPTED fmF_east_half_111 (already VALID - finished by an orphan) [valid 18/24]
[11:59:48] ADOPTED fmF_east_half_222 (already VALID - finished by an orphan) [valid 19/24]
[11:59:49] ADOPTED fmF_east_half_333 (already VALID - finished by an orphan) [valid 20/24]
[11:59:50] ADOPTED fmF_east_half_444 (already VALID - finished by an orphan) [valid 21/24]
[11:59:53] .. alive runid=20260915-104444-3641 event_age=3s | wave=wave total=24 valid=21 running=3 pending=0 launched=12 failed=0 gaveup=0 forkfail=0 free_kb=22349480 sims_boxwide=3 last_event_age=0s last_event_epoch=1789466390
[12:00:53] .. alive runid=20260915-104444-3641 event_age=63s | wave=wave total=24 valid=21 running=3 pending=0 launched=12 failed=0 gaveup=0 forkfail=0 free_kb=22349480 sims_boxwide=3 last_event_age=0s last_event_epoch=1789466390
[12:01:53] .. alive runid=20260915-104444-3641 event_age=123s | wave=wave total=24 valid=21 running=3 pending=0 launched=12 failed=0 gaveup=0 forkfail=0 free_kb=22349480 sims_boxwide=3 last_event_age=0s last_event_epoch=1789466390
[12:02:53] .. alive runid=20260915-104444-3641 event_age=183s | wave=wave total=24 valid=21 running=3 pending=0 launched=12 failed=0 gaveup=0 forkfail=0 free_kb=22349480 sims_boxwide=3 last_event_age=0s last_event_epoch=1789466390
[12:03:53] .. alive runid=20260915-104444-3641 event_age=243s | wave=wave total=24 valid=21 running=3 pending=0 launched=12 failed=0 gaveup=0 forkfail=0 free_kb=22349480 sims_boxwide=3 last_event_age=0s last_event_epoch=1789466390
[12:04:53] .. alive runid=20260915-104444-3641 event_age=303s | wave=wave total=24 valid=21 running=3 pending=0 launched=12 failed=0 gaveup=0 forkfail=0 free_kb=22349480 sims_boxwide=3 last_event_age=0s last_event_epoch=1789466390
[12:05:53] .. alive runid=20260915-104444-3641 event_age=363s | wave=wave total=24 valid=21 running=3 pending=0 launched=12 failed=0 gaveup=0 forkfail=0 free_kb=22349480 sims_boxwide=3 last_event_age=0s last_event_epoch=1789466390
[12:06:01] DONE fmgFBs_D_south rc=0 1297s | fmgFBs south seed 101 done 321.1s: rescued=2 dead=1 ff_deaths=2 | fires=6 recoveries=3 bad_assign=1 | fmgFBs south seed 202 done 264.1s: rescued=4 dead=0 ff_deaths=0 | fires=7 recoveries=4 bad_assign=1 | fmgFBs south seed 303 done 214.3s: rescued=4 dead=0 ff_deaths=0 | fires=7 recoveries=4 bad_assign=1 | fmgFBs south seed 404 done 291.4s: rescued=1 dead=2 ff_deaths=1 | fires=10 recoveries=6 bad_assign=1 | fmgFBs south seed 505 done 204.3s: rescued=3 dead=1 ff_deaths=0 | fires=12 recoveries=8 bad_assign=2  [valid 22/24]
[12:06:53] .. alive runid=20260915-104444-3641 event_age=52s | wave=wave total=24 valid=22 running=2 pending=0 launched=12 failed=0 gaveup=0 forkfail=0 free_kb=22349480 sims_boxwide=3 last_event_age=0s last_event_epoch=1789466761
[12:07:53] .. alive runid=20260915-104444-3641 event_age=112s | wave=wave total=24 valid=22 running=2 pending=0 launched=12 failed=0 gaveup=0 forkfail=0 free_kb=22349480 sims_boxwide=3 last_event_age=0s last_event_epoch=1789466761
[12:08:11] DONE fmgFBc_D_east rc=0 1578s | fmgFBc east seed 111 done 471.3s: rescued=4 dead=0 ff_deaths=0 | fires=0 recoveries=0 bad_assign=0 | fmgFBc east seed 222 done 477.3s: rescued=4 dead=0 ff_deaths=0 | fires=0 recoveries=0 bad_assign=0 | fmgFBc east seed 333 done 401.3s: rescued=3 dead=1 ff_deaths=0 | fires=0 recoveries=0 bad_assign=0 | fmgFBc east seed 444 done 227.1s: rescued=4 dead=0 ff_deaths=0 | fires=0 recoveries=0 bad_assign=0  [valid 23/24]
[12:08:37] DONE fmgFBa_D_east rc=0 2271s | fmgFBa east seed 101 done 518.8s: rescued=3 dead=1 ff_deaths=1 | fires=2 recoveries=1 bad_assign=1 | fmgFBa east seed 202 done 410.2s: rescued=3 dead=1 ff_deaths=0 | fires=2 recoveries=1 bad_assign=1 | fmgFBa east seed 303 done 458.1s: rescued=3 dead=1 ff_deaths=0 | fires=5 recoveries=3 bad_assign=3 | fmgFBa east seed 404 done 514.0s: rescued=3 dead=1 ff_deaths=1 | fires=6 recoveries=3 bad_assign=4 | fmgFBa east seed 505 done 369.1s: rescued=3 dead=1 ff_deaths=0 | fires=6 recoveries=3 bad_assign=4  [valid 24/24]
[12:08:37] MAIN LOOP LEFT pending=0 running=0
[12:08:37] FINAL SUMMARY total=24 valid=24 invalid=0 missing=0
[12:08:37] FINAL wave=wave SUMMARY total=24 valid=24 invalid=0 missing=0 live_this_wave=0 sims_boxwide=0
[12:08:38] ALL_DCD4RB_COMPLETE wave=wave runid=20260915-104444-3641 valid=24/24 launched=12 failed=0 forkfail=0
[12:08:53] HEARTBEAT EXIT wave=wave runid=20260915-104444-3641 (sentinel)
