[07:34:58] POOL START runid=20260915-073457-394 restart=0 pid=394 winpid=27276 head=e8b911b dirty_tracked=4 queue=outputs/_firemech_queue_ref.txt maxpar=12 minfree_kb=6000000
[07:34:58] ENV 3.10.11 mesa 1.2.1  prereg_sha256=f75f10e3bafb07e7 queue_sha256=ce8e61031769570d
[07:34:59] VALIDATE total=23 valid=0 invalid=0 missing=23
[07:34:59] START STATE total=23 valid=0 pending=23 live_orphans_this_wave=0 sims_boxwide=0 free_kb=26056396
[07:34:59] HEARTBEAT pid=429 every 60s -> outputs/_firemech_wave_ref.log ; state file outputs/_firemech_ref_state.txt ; sentinel outputs/_firemech_ref_hb_20260915-073457-394.stop
[07:35:00] LAUNCH fmREF_east_half_101 running=1 free_kb=26051000 sims_boxwide=0 attempt=1
[07:35:12] LAUNCH fmREF_east_half_202 running=2 free_kb=25245524 sims_boxwide=1 attempt=1
[07:35:25] LAUNCH fmREF_east_half_303 running=3 free_kb=24391240 sims_boxwide=2 attempt=1
[07:35:38] LAUNCH fmREF_east_half_404 running=4 free_kb=23478544 sims_boxwide=3 attempt=1
[07:35:50] LAUNCH fmREF_east_half_505 running=5 free_kb=22633816 sims_boxwide=4 attempt=1
[07:35:59] .. alive runid=20260915-073457-394 event_age=9s | total=23 valid=0 running=5 pending=18 launched=5 failed=0 gaveup=0 forkfail=0 free_kb=22633816 sims_boxwide=4 last_event_age=0s last_event_epoch=1789450550
[07:36:03] LAUNCH fmREF_south_half_101 running=6 free_kb=21774484 sims_boxwide=5 attempt=1
[07:36:16] LAUNCH fmREF_south_half_202 running=7 free_kb=20915660 sims_boxwide=6 attempt=1
[07:36:29] LAUNCH fmREF_south_half_303 running=8 free_kb=20051820 sims_boxwide=7 attempt=1
[07:36:41] LAUNCH fmREF_south_half_404 running=9 free_kb=19162752 sims_boxwide=8 attempt=1
[07:36:54] LAUNCH fmREF_south_half_505 running=10 free_kb=18199792 sims_boxwide=9 attempt=1
[07:36:59] .. alive runid=20260915-073457-394 event_age=5s | total=23 valid=0 running=10 pending=13 launched=10 failed=0 gaveup=0 forkfail=0 free_kb=18199792 sims_boxwide=9 last_event_age=0s last_event_epoch=1789450614
[07:37:07] LAUNCH fmREF_east_def_101 running=11 free_kb=17303320 sims_boxwide=10 attempt=1
[07:37:20] LAUNCH fmREF_east_def_202 running=12 free_kb=16508600 sims_boxwide=11 attempt=1
[07:37:59] .. alive runid=20260915-073457-394 event_age=39s | total=23 valid=0 running=12 pending=11 launched=12 failed=0 gaveup=0 forkfail=0 free_kb=16508600 sims_boxwide=11 last_event_age=0s last_event_epoch=1789450640
[07:38:59] .. alive runid=20260915-073457-394 event_age=99s | total=23 valid=0 running=12 pending=11 launched=12 failed=0 gaveup=0 forkfail=0 free_kb=16508600 sims_boxwide=11 last_event_age=0s last_event_epoch=1789450640
[07:39:59] .. alive runid=20260915-073457-394 event_age=159s | total=23 valid=0 running=12 pending=11 launched=12 failed=0 gaveup=0 forkfail=0 free_kb=16508600 sims_boxwide=11 last_event_age=0s last_event_epoch=1789450640
[07:40:25] DONE fmREF_south_half_303 rc=0 236s fmREF south/half seed=303 rescued=4 dead=0 unreachable=0 never_detected=0 ff_deaths=1 terminal=114 completions=4 recycles=4 removals=4 returns=4 wall=235s [valid 1/23]
[07:40:26] LAUNCH fmREF_east_def_303 running=12 free_kb=16136004 sims_boxwide=11 attempt=1
[07:40:51] DONE fmREF_south_half_505 rc=0 237s fmREF south/half seed=505 rescued=3 dead=1 unreachable=0 never_detected=0 ff_deaths=0 terminal=114 completions=3 recycles=3 removals=3 returns=3 wall=236s [valid 2/23]
[07:40:52] LAUNCH fmREF_east_half_606 running=12 free_kb=16170720 sims_boxwide=11 attempt=1
[07:41:00] .. alive runid=20260915-073457-394 event_age=8s | total=23 valid=2 running=12 pending=9 launched=14 failed=0 gaveup=0 forkfail=0 free_kb=16170720 sims_boxwide=11 last_event_age=0s last_event_epoch=1789450852
[07:41:07] DONE fmREF_south_half_202 rc=0 291s fmREF south/half seed=202 rescued=3 dead=0 unreachable=0 never_detected=0 ff_deaths=1 terminal=None completions=3 recycles=3 removals=3 returns=3 wall=290s [valid 3/23]
[07:41:08] LAUNCH fmREF_east_half_707 running=12 free_kb=16163816 sims_boxwide=11 attempt=1
[07:41:22] DONE fmREF_east_def_101 rc=0 255s fmREF east/default seed=101 rescued=3 dead=0 unreachable=1 never_detected=1 ff_deaths=0 terminal=215 completions=3 recycles=3 removals=3 returns=3 wall=254s [valid 4/23]
[07:41:23] LAUNCH fmREF_east_half_808 running=12 free_kb=16164340 sims_boxwide=11 attempt=1
[07:41:35] DONE fmREF_south_half_101 rc=0 332s fmREF south/half seed=101 rescued=2 dead=1 unreachable=1 never_detected=0 ff_deaths=2 terminal=159 completions=2 recycles=2 removals=2 returns=2 wall=322s [valid 5/23]
[07:41:36] DONE fmREF_east_def_202 rc=0 255s fmREF east/default seed=202 rescued=3 dead=1 unreachable=0 never_detected=0 ff_deaths=0 terminal=181 completions=3 recycles=3 removals=3 returns=3 wall=248s [valid 6/23]
[07:41:36] LAUNCH fmREF_east_half_909 running=11 free_kb=16967528 sims_boxwide=10 attempt=1
[07:41:49] DONE fmREF_south_half_404 rc=0 307s fmREF south/half seed=404 rescued=3 dead=1 unreachable=0 never_detected=0 ff_deaths=0 terminal=189 completions=3 recycles=3 removals=3 returns=3 wall=304s [valid 7/23]
[07:41:49] LAUNCH fmREF_east_half_1010 running=11 free_kb=16995752 sims_boxwide=10 attempt=1
[07:42:00] .. alive runid=20260915-073457-394 event_age=11s | total=23 valid=7 running=11 pending=5 launched=18 failed=0 gaveup=0 forkfail=0 free_kb=16995752 sims_boxwide=10 last_event_age=0s last_event_epoch=1789450909
[07:42:02] LAUNCH fmREF_south_half_606 running=12 free_kb=16179164 sims_boxwide=11 attempt=1
[07:42:33] DONE fmREF_east_half_202 rc=0 441s fmREF east/half seed=202 rescued=3 dead=1 unreachable=0 never_detected=0 ff_deaths=0 terminal=104 completions=3 recycles=3 removals=3 returns=3 wall=440s [valid 8/23]
[07:42:34] LAUNCH fmREF_south_half_707 running=12 free_kb=16099956 sims_boxwide=11 attempt=1
[07:42:46] DONE fmREF_east_half_505 rc=0 416s fmREF east/half seed=505 rescued=3 dead=1 unreachable=0 never_detected=0 ff_deaths=0 terminal=109 completions=3 recycles=3 removals=3 returns=3 wall=404s [valid 9/23]
[07:42:47] LAUNCH fmREF_south_half_808 running=12 free_kb=16116784 sims_boxwide=11 attempt=1
[07:43:00] .. alive runid=20260915-073457-394 event_age=13s | total=23 valid=9 running=12 pending=2 launched=21 failed=0 gaveup=0 forkfail=0 free_kb=16116784 sims_boxwide=11 last_event_age=0s last_event_epoch=1789450967
[07:43:01] DONE fmREF_east_half_101 rc=0 481s fmREF east/half seed=101 rescued=4 dead=0 unreachable=0 never_detected=0 ff_deaths=1 terminal=127 completions=4 recycles=4 removals=4 returns=4 wall=480s [valid 10/23]
[07:43:01] LAUNCH fmREF_south_half_909 running=12 free_kb=16189152 sims_boxwide=11 attempt=1
[07:43:48] DONE fmREF_east_half_707 rc=0 160s fmREF east/half seed=707 rescued=2 dead=0 unreachable=2 never_detected=2 ff_deaths=0 terminal=210 completions=2 recycles=2 removals=2 returns=2 wall=158s [valid 11/23]
[07:43:49] LAUNCH fmREF_south_half_1010 running=12 free_kb=16187796 sims_boxwide=11 attempt=1
[07:44:00] .. alive runid=20260915-073457-394 event_age=11s | total=23 valid=11 running=12 pending=0 launched=23 failed=0 gaveup=0 forkfail=0 free_kb=16187796 sims_boxwide=11 last_event_age=0s last_event_epoch=1789451029
[07:45:00] .. alive runid=20260915-073457-394 event_age=71s | total=23 valid=11 running=12 pending=0 launched=23 failed=0 gaveup=0 forkfail=0 free_kb=16187796 sims_boxwide=11 last_event_age=0s last_event_epoch=1789451029
[07:45:01] DONE fmREF_east_def_303 rc=0 275s fmREF east/default seed=303 rescued=3 dead=1 unreachable=0 never_detected=0 ff_deaths=0 terminal=130 completions=3 recycles=3 removals=3 returns=3 wall=273s [valid 12/23]
[07:45:06] DONE fmREF_east_half_404 rc=0 568s fmREF east/half seed=404 rescued=2 dead=2 unreachable=0 never_detected=0 ff_deaths=1 terminal=162 completions=2 recycles=2 removals=2 returns=2 wall=567s [valid 13/23]
[07:45:18] DONE fmREF_east_half_303 rc=0 592s fmREF east/half seed=303 rescued=3 dead=1 unreachable=0 never_detected=0 ff_deaths=0 terminal=219 completions=3 recycles=3 removals=3 returns=3 wall=591s [valid 14/23]
[07:46:00] .. alive runid=20260915-073457-394 event_age=43s | total=23 valid=14 running=9 pending=0 launched=23 failed=0 gaveup=0 forkfail=0 free_kb=16187796 sims_boxwide=11 last_event_age=1s last_event_epoch=1789451117
[07:46:28] DONE fmREF_south_half_707 rc=0 234s fmREF south/half seed=707 rescued=3 dead=1 unreachable=0 never_detected=0 ff_deaths=0 terminal=198 completions=3 recycles=3 removals=3 returns=3 wall=233s [valid 15/23]
[07:47:00] DONE fmREF_south_half_606 rc=0 298s fmREF south/half seed=606 rescued=3 dead=0 unreachable=1 never_detected=1 ff_deaths=1 terminal=210 completions=3 recycles=3 removals=3 returns=3 wall=296s [valid 16/23]
[07:47:00] .. alive runid=20260915-073457-394 event_age=0s | total=23 valid=16 running=7 pending=0 launched=23 failed=0 gaveup=0 forkfail=0 free_kb=16187796 sims_boxwide=11 last_event_age=0s last_event_epoch=1789451220
[07:47:12] DONE fmREF_south_half_808 rc=0 265s fmREF south/half seed=808 rescued=2 dead=1 unreachable=0 never_detected=0 ff_deaths=0 terminal=None completions=2 recycles=2 removals=2 returns=2 wall=264s [valid 17/23]
[07:48:00] .. alive runid=20260915-073457-394 event_age=48s | total=23 valid=17 running=6 pending=0 launched=23 failed=0 gaveup=0 forkfail=0 free_kb=16187796 sims_boxwide=11 last_event_age=0s last_event_epoch=1789451232
[07:48:31] DONE fmREF_east_half_808 rc=0 428s fmREF east/half seed=808 rescued=3 dead=1 unreachable=0 never_detected=0 ff_deaths=0 terminal=99 completions=3 recycles=3 removals=3 returns=3 wall=426s [valid 18/23]
[07:48:42] DONE fmREF_south_half_1010 rc=0 293s fmREF south/half seed=1010 rescued=3 dead=0 unreachable=1 never_detected=1 ff_deaths=1 terminal=210 completions=3 recycles=3 removals=3 returns=3 wall=292s [valid 19/23]
[07:48:49] DONE fmREF_south_half_909 rc=0 348s fmREF south/half seed=909 rescued=3 dead=1 unreachable=0 never_detected=0 ff_deaths=0 terminal=219 completions=3 recycles=3 removals=3 returns=3 wall=346s [valid 20/23]
[07:49:00] .. alive runid=20260915-073457-394 event_age=11s | total=23 valid=20 running=3 pending=0 launched=23 failed=0 gaveup=0 forkfail=0 free_kb=16187796 sims_boxwide=11 last_event_age=0s last_event_epoch=1789451329
[07:49:12] DONE fmREF_east_half_1010 rc=0 443s fmREF east/half seed=1010 rescued=3 dead=1 unreachable=0 never_detected=0 ff_deaths=0 terminal=105 completions=3 recycles=3 removals=3 returns=3 wall=441s [valid 21/23]
[07:49:46] DONE fmREF_east_half_909 rc=0 490s fmREF east/half seed=909 rescued=4 dead=0 unreachable=0 never_detected=0 ff_deaths=1 terminal=122 completions=4 recycles=4 removals=4 returns=4 wall=488s [valid 22/23]
[07:50:00] .. alive runid=20260915-073457-394 event_age=14s | total=23 valid=22 running=1 pending=0 launched=23 failed=0 gaveup=0 forkfail=0 free_kb=16187796 sims_boxwide=11 last_event_age=0s last_event_epoch=1789451386
[07:51:00] .. alive runid=20260915-073457-394 event_age=74s | total=23 valid=22 running=1 pending=0 launched=23 failed=0 gaveup=0 forkfail=0 free_kb=16187796 sims_boxwide=11 last_event_age=0s last_event_epoch=1789451386
[07:51:04] DONE fmREF_east_half_606 rc=0 611s fmREF east/half seed=606 rescued=3 dead=1 unreachable=0 never_detected=0 ff_deaths=1 terminal=207 completions=3 recycles=3 removals=3 returns=3 wall=610s [valid 23/23]
[07:51:04] MAIN LOOP LEFT pending=0 running=0
[07:51:04] FINAL SUMMARY total=23 valid=23 invalid=0 missing=0
[07:51:05] FINAL SUMMARY total=23 valid=23 invalid=0 missing=0 live_this_wave=0 sims_boxwide=0
[07:51:05] ALL_DCD4_COMPLETE runid=20260915-073457-394 valid=23/23 launched=23 failed=0 forkfail=0
[07:52:00] HEARTBEAT EXIT runid=20260915-073457-394 (sentinel)
