[14:02:25] POOL START wave=controls runid=20260914-140225-888 restart=0 pid=888 winpid=43376 head=afbf8bd dirty_tracked=0 queue=outputs/_flip3_controls.txt maxpar=5 minfree_kb=3500000
[14:02:26] ENV 3.10.11 mesa 1.2.1  prereg_sha256=09731e1653e769e3 queue_sha256=08396339f2d33bba
[14:02:26] SHIPPED BASE_STATION_MODE=3 BASE_STATION_RETURN_MECHANISM=2 BASE_STATION_DEPOTS=9 BASE_STATION_SPAWN_SPLIT=2 UAV_RETURN_TO_BASE_RESERVE=0.0 BASE_STATION_RETURN_MARGIN=39.23 BASE_STATION_DOCK_FIX=2 BASE_STATION_RETURN_STALL_LIMIT=3 BASE_STATION_WAYPOINT_FIX=1 ROUTE_BLOCK_STALE_CLEAR=1 VICTIM_SEARCHER_HAZARD_RETREAT_RANGE=99
[14:02:27] VALIDATE total=5 valid=0 invalid=0 missing=5
[14:02:27] START STATE wave=controls total=5 valid=0 pending=5 live_orphans_this_wave=0 sims_boxwide=0 free_kb=19128928
[14:02:27] HEARTBEAT pid=926 every 60s -> outputs/_flip3_wave.log ; state file outputs/_flip3_state.txt ; sentinel outputs/_flip3_hb_20260914-140225-888.stop
[14:02:28] LAUNCH flxD_east_half_707 running=1 free_kb=19105396 sims_boxwide=0 attempt=1
[14:02:40] LAUNCH flxD_south_half_404 running=2 free_kb=18254340 sims_boxwide=1 attempt=1
[14:02:53] LAUNCH flxD_east_def_101 running=3 free_kb=17321512 sims_boxwide=2 attempt=1
[14:03:06] LAUNCH flxZ_south_half_101 running=4 free_kb=16449124 sims_boxwide=3 attempt=1
[14:03:19] LAUNCH flxJ_east_half_707 running=5 free_kb=15581388 sims_boxwide=4 attempt=1
[14:03:27] .. alive runid=20260914-140225-888 event_age=8s | wave=controls total=5 valid=0 running=5 pending=0 launched=5 failed=0 gaveup=0 forkfail=0 free_kb=15581388 sims_boxwide=4 last_event_age=0s last_event_epoch=1789387399
[14:04:27] .. alive runid=20260914-140225-888 event_age=68s | wave=controls total=5 valid=0 running=5 pending=0 launched=5 failed=0 gaveup=0 forkfail=0 free_kb=15581388 sims_boxwide=4 last_event_age=0s last_event_epoch=1789387399
[14:04:54] DONE flxD_east_half_707 rc=0 146s flxD east/half seed=707 rescued=2 dead=0 unreachable=2 never_detected=2 ff_deaths=0 terminal=210 completions=2 recycles=2 removals=2 returns=2 wall=145s [valid 1/5]
[14:05:27] .. alive runid=20260914-140225-888 event_age=33s | wave=controls total=5 valid=1 running=4 pending=0 launched=5 failed=0 gaveup=0 forkfail=0 free_kb=15581388 sims_boxwide=4 last_event_age=0s last_event_epoch=1789387494
[14:05:46] DONE flxJ_east_half_707 rc=0 147s flxJ east/half seed=707 rescued=2 dead=0 unreachable=2 never_detected=2 ff_deaths=0 terminal=210 completions=2 recycles=2 removals=2 returns=2 wall=146s [valid 2/5]
[14:06:27] .. alive runid=20260914-140225-888 event_age=41s | wave=controls total=5 valid=2 running=3 pending=0 launched=5 failed=0 gaveup=0 forkfail=0 free_kb=15581388 sims_boxwide=4 last_event_age=0s last_event_epoch=1789387546
[14:06:44] DONE flxD_east_def_101 rc=0 231s flxD east/default seed=101 rescued=3 dead=0 unreachable=1 never_detected=1 ff_deaths=0 terminal=215 completions=3 recycles=3 removals=3 returns=3 wall=229s [valid 3/5]
[14:07:21] DONE flxD_south_half_404 rc=0 281s flxD south/half seed=404 rescued=3 dead=1 unreachable=0 never_detected=0 ff_deaths=0 terminal=189 completions=3 recycles=3 removals=3 returns=3 wall=280s [valid 4/5]
[14:07:27] .. alive runid=20260914-140225-888 event_age=6s | wave=controls total=5 valid=4 running=1 pending=0 launched=5 failed=0 gaveup=0 forkfail=0 free_kb=15581388 sims_boxwide=4 last_event_age=0s last_event_epoch=1789387641
[14:08:27] .. alive runid=20260914-140225-888 event_age=66s | wave=controls total=5 valid=4 running=1 pending=0 launched=5 failed=0 gaveup=0 forkfail=0 free_kb=15581388 sims_boxwide=4 last_event_age=0s last_event_epoch=1789387641
[14:08:29] DONE flxZ_south_half_101 rc=0 323s flxZ south/half seed=101 rescued=3 dead=0 unreachable=0 never_detected=0 ff_deaths=1 terminal=None completions=3 recycles=3 removals=3 returns=3 wall=322s [valid 5/5]
[14:08:29] MAIN LOOP LEFT pending=0 running=0
[14:08:29] FINAL SUMMARY total=5 valid=5 invalid=0 missing=0
[14:08:30] FINAL wave=controls SUMMARY total=5 valid=5 invalid=0 missing=0 live_this_wave=0 sims_boxwide=0
[14:08:30] ALL_DCD4RB_COMPLETE wave=controls runid=20260914-140225-888 valid=5/5 launched=5 failed=0 forkfail=0
[14:09:27] HEARTBEAT EXIT wave=controls runid=20260914-140225-888 (sentinel)
[14:39:27] POOL START wave=wave runid=20260914-143927-1360 restart=0 pid=1360 winpid=16124 head=afbf8bd dirty_tracked=0 queue=outputs/_flip3_queue.txt maxpar=18 minfree_kb=3500000
[14:39:28] ENV 3.10.11 mesa 1.2.1  prereg_sha256=09731e1653e769e3 queue_sha256=c886892ec97fea98
[14:39:28] SHIPPED BASE_STATION_MODE=3 BASE_STATION_RETURN_MECHANISM=2 BASE_STATION_DEPOTS=9 BASE_STATION_SPAWN_SPLIT=2 UAV_RETURN_TO_BASE_RESERVE=0.0 BASE_STATION_RETURN_MARGIN=39.23 BASE_STATION_DOCK_FIX=2 BASE_STATION_RETURN_STALL_LIMIT=3 BASE_STATION_WAYPOINT_FIX=1 ROUTE_BLOCK_STALE_CLEAR=1 VICTIM_SEARCHER_HAZARD_RETREAT_RANGE=99
[14:39:29] VALIDATE total=27 valid=0 invalid=0 missing=27
[14:39:29] START STATE wave=wave total=27 valid=0 pending=27 live_orphans_this_wave=0 sims_boxwide=0 free_kb=19994316
[14:39:29] HEARTBEAT pid=1398 every 60s -> outputs/_flip3_wave.log ; state file outputs/_flip3_state.txt ; sentinel outputs/_flip3_hb_20260914-143927-1360.stop
[14:39:29] LAUNCH flgDa_D_east running=1 free_kb=19986488 sims_boxwide=0 attempt=1
[14:39:42] LAUNCH flgDb_D_east running=2 free_kb=19122776 sims_boxwide=1 attempt=1
[14:39:55] LAUNCH flgDc_D_east running=3 free_kb=18244104 sims_boxwide=2 attempt=1
[14:40:08] LAUNCH flgDs_D_south running=4 free_kb=17392556 sims_boxwide=3 attempt=1
[14:40:21] LAUNCH flgZa_D_east running=5 free_kb=16485996 sims_boxwide=4 attempt=1
[14:40:29] .. alive runid=20260914-143927-1360 event_age=8s | wave=wave total=27 valid=0 running=5 pending=22 launched=5 failed=0 gaveup=0 forkfail=0 free_kb=16485996 sims_boxwide=4 last_event_age=0s last_event_epoch=1789389621
[14:40:34] LAUNCH flgZb_D_east running=6 free_kb=15590464 sims_boxwide=5 attempt=1
[14:40:46] LAUNCH flgZc_D_east running=7 free_kb=14780384 sims_boxwide=6 attempt=1
[14:40:59] LAUNCH flgZs_D_south running=8 free_kb=13956424 sims_boxwide=7 attempt=1
[14:41:12] LAUNCH flhD_east_half_101 running=9 free_kb=13062256 sims_boxwide=8 attempt=1
[14:41:25] LAUNCH flhD_east_half_202 running=10 free_kb=12178640 sims_boxwide=9 attempt=1
[14:41:29] .. alive runid=20260914-143927-1360 event_age=4s | wave=wave total=27 valid=0 running=10 pending=17 launched=10 failed=0 gaveup=0 forkfail=0 free_kb=12178640 sims_boxwide=9 last_event_age=0s last_event_epoch=1789389685
[14:41:38] LAUNCH flhD_east_half_303 running=11 free_kb=11268780 sims_boxwide=10 attempt=1
[14:41:51] LAUNCH flhD_east_half_404 running=12 free_kb=10403600 sims_boxwide=11 attempt=1
[14:42:04] LAUNCH flhD_east_half_505 running=13 free_kb=9534336 sims_boxwide=12 attempt=1
[14:42:17] LAUNCH flhD_east_half_606 running=14 free_kb=8723924 sims_boxwide=13 attempt=1
[14:42:29] .. alive runid=20260914-143927-1360 event_age=12s | wave=wave total=27 valid=0 running=14 pending=13 launched=14 failed=0 gaveup=0 forkfail=0 free_kb=8723924 sims_boxwide=13 last_event_age=0s last_event_epoch=1789389737
[14:42:30] LAUNCH flhD_east_half_707 running=15 free_kb=7799800 sims_boxwide=14 attempt=1
[14:42:43] LAUNCH flhD_east_half_808 running=16 free_kb=6948656 sims_boxwide=15 attempt=1
[14:42:56] LAUNCH flhD_east_half_909 running=17 free_kb=6027468 sims_boxwide=16 attempt=1
[14:43:09] LAUNCH flhD_east_half_111 running=18 free_kb=5155052 sims_boxwide=17 attempt=1
[14:43:29] .. alive runid=20260914-143927-1360 event_age=20s | wave=wave total=27 valid=0 running=18 pending=9 launched=18 failed=0 gaveup=0 forkfail=0 free_kb=5155052 sims_boxwide=17 last_event_age=0s last_event_epoch=1789389789
[14:44:29] .. alive runid=20260914-143927-1360 event_age=80s | wave=wave total=27 valid=0 running=18 pending=9 launched=18 failed=0 gaveup=0 forkfail=0 free_kb=5155052 sims_boxwide=17 last_event_age=0s last_event_epoch=1789389789
[14:45:29] .. alive runid=20260914-143927-1360 event_age=140s | wave=wave total=27 valid=0 running=18 pending=9 launched=18 failed=0 gaveup=0 forkfail=0 free_kb=5155052 sims_boxwide=17 last_event_age=0s last_event_epoch=1789389789
[14:45:34] DONE flhD_east_half_707 rc=0 184s flhD east/half seed=707 rescued=2 dead=0 unreachable=2 never_detected=2 ff_deaths=0 terminal=210 completions=2 recycles=2 removals=2 returns=2 wall=183s [valid 1/27]
[14:45:35] LAUNCH flhD_east_half_222 running=18 free_kb=5117220 sims_boxwide=17 attempt=1
[14:46:29] .. alive runid=20260914-143927-1360 event_age=54s | wave=wave total=27 valid=1 running=18 pending=8 launched=19 failed=0 gaveup=0 forkfail=0 free_kb=5117220 sims_boxwide=17 last_event_age=0s last_event_epoch=1789389935
[14:47:29] .. alive runid=20260914-143927-1360 event_age=114s | wave=wave total=27 valid=1 running=18 pending=8 launched=19 failed=0 gaveup=0 forkfail=0 free_kb=5117220 sims_boxwide=17 last_event_age=0s last_event_epoch=1789389935
[14:48:30] .. alive runid=20260914-143927-1360 event_age=175s | wave=wave total=27 valid=1 running=18 pending=8 launched=19 failed=0 gaveup=0 forkfail=0 free_kb=5117220 sims_boxwide=17 last_event_age=0s last_event_epoch=1789389935
[14:49:30] .. alive runid=20260914-143927-1360 event_age=235s | wave=wave total=27 valid=1 running=18 pending=8 launched=19 failed=0 gaveup=0 forkfail=0 free_kb=5117220 sims_boxwide=17 last_event_age=0s last_event_epoch=1789389935
[14:50:05] DONE flhD_east_half_202 rc=0 520s flhD east/half seed=202 rescued=3 dead=1 unreachable=0 never_detected=0 ff_deaths=0 terminal=104 completions=3 recycles=3 removals=3 returns=3 wall=518s [valid 2/27]
[14:50:06] LAUNCH flhD_east_half_333 running=18 free_kb=4949612 sims_boxwide=17 attempt=1
[14:50:24] DONE flhD_east_half_505 rc=0 499s flhD east/half seed=505 rescued=3 dead=1 unreachable=0 never_detected=0 ff_deaths=0 terminal=109 completions=3 recycles=3 removals=3 returns=3 wall=498s [valid 3/27]
[14:50:25] LAUNCH flhD_east_half_444 running=18 free_kb=5038728 sims_boxwide=17 attempt=1
[14:50:30] .. alive runid=20260914-143927-1360 event_age=6s | wave=wave total=27 valid=3 running=18 pending=6 launched=21 failed=0 gaveup=0 forkfail=0 free_kb=5038728 sims_boxwide=17 last_event_age=1s last_event_epoch=1789390224
[14:50:37] DONE flhD_east_half_101 rc=0 565s flhD east/half seed=101 rescued=4 dead=0 unreachable=0 never_detected=0 ff_deaths=1 terminal=127 completions=4 recycles=4 removals=4 returns=4 wall=563s [valid 4/27]
[14:50:38] LAUNCH flhD_south_half_101 running=18 free_kb=5031600 sims_boxwide=17 attempt=1
[14:51:16] DONE flhD_east_half_808 rc=0 512s flhD east/half seed=808 rescued=3 dead=1 unreachable=0 never_detected=0 ff_deaths=0 terminal=99 completions=3 recycles=3 removals=3 returns=3 wall=511s [valid 5/27]
[14:51:16] LAUNCH flhD_south_half_202 running=18 free_kb=5058012 sims_boxwide=17 attempt=1
[14:51:30] .. alive runid=20260914-143927-1360 event_age=14s | wave=wave total=27 valid=5 running=18 pending=4 launched=23 failed=0 gaveup=0 forkfail=0 free_kb=5058012 sims_boxwide=17 last_event_age=0s last_event_epoch=1789390276
[14:52:30] .. alive runid=20260914-143927-1360 event_age=74s | wave=wave total=27 valid=5 running=18 pending=4 launched=23 failed=0 gaveup=0 forkfail=0 free_kb=5058012 sims_boxwide=17 last_event_age=0s last_event_epoch=1789390276
[14:52:34] DONE flhD_east_half_404 rc=0 642s flhD east/half seed=404 rescued=2 dead=2 unreachable=0 never_detected=0 ff_deaths=1 terminal=162 completions=2 recycles=2 removals=2 returns=2 wall=641s [valid 6/27]
[14:52:34] LAUNCH flhD_south_half_303 running=18 free_kb=5034884 sims_boxwide=17 attempt=1
[14:52:57] DONE flhD_east_half_111 rc=0 588s flhD east/half seed=111 rescued=4 dead=0 unreachable=0 never_detected=0 ff_deaths=0 terminal=142 completions=4 recycles=4 removals=4 returns=4 wall=587s [valid 7/27]
[14:52:58] LAUNCH flhD_south_half_404 running=18 free_kb=5051504 sims_boxwide=17 attempt=1
[14:53:10] DONE flhD_east_half_909 rc=0 614s flhD east/half seed=909 rescued=4 dead=0 unreachable=0 never_detected=0 ff_deaths=1 terminal=122 completions=4 recycles=4 removals=4 returns=4 wall=602s [valid 8/27]
[14:53:11] LAUNCH flhD_south_half_505 running=18 free_kb=5065660 sims_boxwide=17 attempt=1
[14:53:25] DONE flhD_east_half_303 rc=0 707s flhD east/half seed=303 rescued=3 dead=1 unreachable=0 never_detected=0 ff_deaths=0 terminal=219 completions=3 recycles=3 removals=3 returns=3 wall=705s [valid 9/27]
[14:53:26] LAUNCH flhD_east_def_101 running=18 free_kb=5030384 sims_boxwide=17 attempt=1
[14:53:30] .. alive runid=20260914-143927-1360 event_age=4s | wave=wave total=27 valid=9 running=18 pending=0 launched=27 failed=0 gaveup=0 forkfail=0 free_kb=5030384 sims_boxwide=17 last_event_age=0s last_event_epoch=1789390406
[14:54:30] .. alive runid=20260914-143927-1360 event_age=64s | wave=wave total=27 valid=9 running=18 pending=0 launched=27 failed=0 gaveup=0 forkfail=0 free_kb=5030384 sims_boxwide=17 last_event_age=0s last_event_epoch=1789390406
[14:54:54] DONE flhD_east_half_606 rc=0 757s flhD east/half seed=606 rescued=3 dead=1 unreachable=0 never_detected=0 ff_deaths=1 terminal=207 completions=3 recycles=3 removals=3 returns=3 wall=755s [valid 10/27]
[14:55:14] DONE flhD_east_half_444 rc=0 290s flhD east/half seed=444 rescued=4 dead=0 unreachable=0 never_detected=0 ff_deaths=0 terminal=226 completions=4 recycles=4 removals=4 returns=4 wall=288s [valid 11/27]
[14:55:30] .. alive runid=20260914-143927-1360 event_age=16s | wave=wave total=27 valid=11 running=16 pending=0 launched=27 failed=0 gaveup=0 forkfail=0 free_kb=5030384 sims_boxwide=17 last_event_age=0s last_event_epoch=1789390514
[14:55:48] DONE flhD_east_half_222 rc=0 613s flhD east/half seed=222 rescued=4 dead=0 unreachable=0 never_detected=0 ff_deaths=1 terminal=138 completions=4 recycles=4 removals=4 returns=4 wall=612s [valid 12/27]
[14:56:30] .. alive runid=20260914-143927-1360 event_age=42s | wave=wave total=27 valid=12 running=15 pending=0 launched=27 failed=0 gaveup=0 forkfail=0 free_kb=5030384 sims_boxwide=17 last_event_age=0s last_event_epoch=1789390548
[14:56:38] DONE flhD_south_half_202 rc=0 322s flhD south/half seed=202 rescued=3 dead=0 unreachable=0 never_detected=0 ff_deaths=1 terminal=None completions=3 recycles=3 removals=3 returns=3 wall=320s [valid 13/27]
[14:56:44] DONE flhD_south_half_101 rc=0 366s flhD south/half seed=101 rescued=2 dead=1 unreachable=1 never_detected=0 ff_deaths=2 terminal=159 completions=2 recycles=2 removals=2 returns=2 wall=364s [valid 14/27]
[14:57:19] DONE flhD_south_half_303 rc=0 284s flhD south/half seed=303 rescued=4 dead=0 unreachable=0 never_detected=0 ff_deaths=1 terminal=114 completions=4 recycles=4 removals=4 returns=4 wall=282s [valid 15/27]
[14:57:30] .. alive runid=20260914-143927-1360 event_age=12s | wave=wave total=27 valid=15 running=12 pending=0 launched=27 failed=0 gaveup=0 forkfail=0 free_kb=5030384 sims_boxwide=17 last_event_age=1s last_event_epoch=1789390638
[14:57:51] DONE flhD_south_half_505 rc=0 280s flhD south/half seed=505 rescued=3 dead=1 unreachable=0 never_detected=0 ff_deaths=0 terminal=114 completions=3 recycles=3 removals=3 returns=3 wall=278s [valid 16/27]
[14:58:17] DONE flhD_east_def_101 rc=0 291s flhD east/default seed=101 rescued=3 dead=0 unreachable=1 never_detected=1 ff_deaths=0 terminal=215 completions=3 recycles=3 removals=3 returns=3 wall=290s [valid 17/27]
[14:58:18] DONE flhD_east_half_333 rc=0 492s flhD east/half seed=333 rescued=3 dead=1 unreachable=0 never_detected=0 ff_deaths=0 terminal=98 completions=3 recycles=3 removals=3 returns=3 wall=490s [valid 18/27]
[14:58:31] .. alive runid=20260914-143927-1360 event_age=12s | wave=wave total=27 valid=18 running=9 pending=0 launched=27 failed=0 gaveup=0 forkfail=0 free_kb=5030384 sims_boxwide=17 last_event_age=0s last_event_epoch=1789390698
[14:58:49] DONE flhD_south_half_404 rc=0 351s flhD south/half seed=404 rescued=3 dead=1 unreachable=0 never_detected=0 ff_deaths=0 terminal=189 completions=3 recycles=3 removals=3 returns=3 wall=350s [valid 19/27]
[14:59:31] .. alive runid=20260914-143927-1360 event_age=42s | wave=wave total=27 valid=19 running=8 pending=0 launched=27 failed=0 gaveup=0 forkfail=0 free_kb=5030384 sims_boxwide=17 last_event_age=0s last_event_epoch=1789390729
[15:00:31] .. alive runid=20260914-143927-1360 event_age=102s | wave=wave total=27 valid=19 running=8 pending=0 launched=27 failed=0 gaveup=0 forkfail=0 free_kb=5030384 sims_boxwide=17 last_event_age=0s last_event_epoch=1789390729
[15:01:31] .. alive runid=20260914-143927-1360 event_age=162s | wave=wave total=27 valid=19 running=8 pending=0 launched=27 failed=0 gaveup=0 forkfail=0 free_kb=5030384 sims_boxwide=17 last_event_age=0s last_event_epoch=1789390729
[15:02:31] .. alive runid=20260914-143927-1360 event_age=222s | wave=wave total=27 valid=19 running=8 pending=0 launched=27 failed=0 gaveup=0 forkfail=0 free_kb=5030384 sims_boxwide=17 last_event_age=0s last_event_epoch=1789390729
[15:03:31] .. alive runid=20260914-143927-1360 event_age=282s | wave=wave total=27 valid=19 running=8 pending=0 launched=27 failed=0 gaveup=0 forkfail=0 free_kb=5030384 sims_boxwide=17 last_event_age=0s last_event_epoch=1789390729
[15:04:31] .. alive runid=20260914-143927-1360 event_age=342s | wave=wave total=27 valid=19 running=8 pending=0 launched=27 failed=0 gaveup=0 forkfail=0 free_kb=5030384 sims_boxwide=17 last_event_age=0s last_event_epoch=1789390729
[15:05:10] DONE flgDs_D_south rc=0 1502s | flgDs south seed 101 done 342.4s: rescued=2 dead=1 ff_deaths=2 | fires=6 recoveries=3 bad_assign=1 | flgDs south seed 202 done 331.8s: rescued=3 dead=0 ff_deaths=1 | fires=7 recoveries=3 bad_assign=1 | flgDs south seed 303 done 280.6s: rescued=4 dead=0 ff_deaths=1 | fires=7 recoveries=3 bad_assign=1 | flgDs south seed 404 done 319.6s: rescued=3 dead=1 ff_deaths=0 | fires=15 recoveries=7 bad_assign=2 | flgDs south seed 505 done 226.1s: rescued=3 dead=1 ff_deaths=0 | fires=17 recoveries=9 bad_assign=3  [valid 20/27]
[15:05:31] .. alive runid=20260914-143927-1360 event_age=21s | wave=wave total=27 valid=20 running=7 pending=0 launched=27 failed=0 gaveup=0 forkfail=0 free_kb=5030384 sims_boxwide=17 last_event_age=0s last_event_epoch=1789391110
[15:06:31] .. alive runid=20260914-143927-1360 event_age=81s | wave=wave total=27 valid=20 running=7 pending=0 launched=27 failed=0 gaveup=0 forkfail=0 free_kb=5030384 sims_boxwide=17 last_event_age=0s last_event_epoch=1789391110
[15:07:31] .. alive runid=20260914-143927-1360 event_age=141s | wave=wave total=27 valid=20 running=7 pending=0 launched=27 failed=0 gaveup=0 forkfail=0 free_kb=5030384 sims_boxwide=17 last_event_age=0s last_event_epoch=1789391110
[15:07:41] DONE flgZs_D_south rc=0 1602s | flgZs south seed 101 done 393.9s: rescued=3 dead=0 ff_deaths=1 | fires=2 recoveries=1 bad_assign=0 | flgZs south seed 202 done 303.5s: rescued=4 dead=0 ff_deaths=0 | fires=2 recoveries=1 bad_assign=0 | flgZs south seed 303 done 329.1s: rescued=3 dead=1 ff_deaths=1 | fires=5 recoveries=2 bad_assign=0 | flgZs south seed 404 done 302.5s: rescued=4 dead=0 ff_deaths=0 | fires=6 recoveries=3 bad_assign=0 | flgZs south seed 505 done 271.1s: rescued=3 dead=1 ff_deaths=0 | fires=6 recoveries=3 bad_assign=0  [valid 21/27]
[15:08:31] .. alive runid=20260914-143927-1360 event_age=50s | wave=wave total=27 valid=21 running=6 pending=0 launched=27 failed=0 gaveup=0 forkfail=0 free_kb=5030384 sims_boxwide=17 last_event_age=0s last_event_epoch=1789391261
[15:09:31] .. alive runid=20260914-143927-1360 event_age=110s | wave=wave total=27 valid=21 running=6 pending=0 launched=27 failed=0 gaveup=0 forkfail=0 free_kb=5030384 sims_boxwide=17 last_event_age=0s last_event_epoch=1789391261
[15:09:38] DONE flgDc_D_east rc=0 1783s | flgDc east seed 111 done 542.2s: rescued=4 dead=0 ff_deaths=0 | fires=0 recoveries=0 bad_assign=0 | flgDc east seed 222 done 601.6s: rescued=4 dead=0 ff_deaths=1 | fires=0 recoveries=0 bad_assign=0 | flgDc east seed 333 done 403.9s: rescued=3 dead=1 ff_deaths=0 | fires=0 recoveries=0 bad_assign=0 | flgDc east seed 444 done 234.0s: rescued=4 dead=0 ff_deaths=0 | fires=0 recoveries=0 bad_assign=0  [valid 22/27]
[15:10:09] DONE flgDb_D_east rc=0 1827s | flgDb east seed 606 done 717.1s: rescued=3 dead=1 ff_deaths=1 | fires=2 recoveries=1 bad_assign=1 | flgDb east seed 707 done 186.4s: rescued=2 dead=0 ff_deaths=0 | fires=2 recoveries=1 bad_assign=1 | flgDb east seed 808 done 450.7s: rescued=3 dead=1 ff_deaths=0 | fires=2 recoveries=1 bad_assign=1 | flgDb east seed 909 done 471.6s: rescued=4 dead=0 ff_deaths=1 | fires=2 recoveries=1 bad_assign=1  [valid 23/27]
[15:10:31] .. alive runid=20260914-143927-1360 event_age=22s | wave=wave total=27 valid=23 running=4 pending=0 launched=27 failed=0 gaveup=0 forkfail=0 free_kb=5030384 sims_boxwide=17 last_event_age=0s last_event_epoch=1789391409
[15:11:32] .. alive runid=20260914-143927-1360 event_age=83s | wave=wave total=27 valid=23 running=4 pending=0 launched=27 failed=0 gaveup=0 forkfail=0 free_kb=5030384 sims_boxwide=17 last_event_age=0s last_event_epoch=1789391409
[15:12:06] DONE flgZb_D_east rc=0 1892s | flgZb east seed 606 done 691.3s: rescued=3 dead=1 ff_deaths=1 | fires=3 recoveries=2 bad_assign=0 | flgZb east seed 707 done 180.7s: rescued=4 dead=0 ff_deaths=0 | fires=3 recoveries=2 bad_assign=0 | flgZb east seed 808 done 529.0s: rescued=3 dead=1 ff_deaths=0 | fires=5 recoveries=3 bad_assign=0 | flgZb east seed 909 done 489.6s: rescued=3 dead=0 ff_deaths=2 | fires=7 recoveries=3 bad_assign=0  [valid 24/27]
[15:12:32] .. alive runid=20260914-143927-1360 event_age=26s | wave=wave total=27 valid=24 running=3 pending=0 launched=27 failed=0 gaveup=0 forkfail=0 free_kb=5030384 sims_boxwide=17 last_event_age=0s last_event_epoch=1789391526
[15:13:18] DONE flgZc_D_east rc=0 1952s | flgZc east seed 111 done 754.5s: rescued=4 dead=0 ff_deaths=0 | fires=0 recoveries=0 bad_assign=0 | flgZc east seed 222 done 669.7s: rescued=2 dead=0 ff_deaths=0 | fires=0 recoveries=0 bad_assign=0 | flgZc east seed 333 done 406.8s: rescued=3 dead=1 ff_deaths=1 | fires=0 recoveries=0 bad_assign=0 | flgZc east seed 444 done 119.1s: rescued=3 dead=0 ff_deaths=0 | fires=0 recoveries=0 bad_assign=0  [valid 25/27]
[15:13:32] .. alive runid=20260914-143927-1360 event_age=14s | wave=wave total=27 valid=25 running=2 pending=0 launched=27 failed=0 gaveup=0 forkfail=0 free_kb=5030384 sims_boxwide=17 last_event_age=0s last_event_epoch=1789391598
[15:14:32] .. alive runid=20260914-143927-1360 event_age=74s | wave=wave total=27 valid=25 running=2 pending=0 launched=27 failed=0 gaveup=0 forkfail=0 free_kb=5030384 sims_boxwide=17 last_event_age=0s last_event_epoch=1789391598
[15:15:32] .. alive runid=20260914-143927-1360 event_age=134s | wave=wave total=27 valid=25 running=2 pending=0 launched=27 failed=0 gaveup=0 forkfail=0 free_kb=5030384 sims_boxwide=17 last_event_age=0s last_event_epoch=1789391598
[15:16:32] .. alive runid=20260914-143927-1360 event_age=194s | wave=wave total=27 valid=25 running=2 pending=0 launched=27 failed=0 gaveup=0 forkfail=0 free_kb=5030384 sims_boxwide=17 last_event_age=0s last_event_epoch=1789391598
[15:17:32] .. alive runid=20260914-143927-1360 event_age=254s | wave=wave total=27 valid=25 running=2 pending=0 launched=27 failed=0 gaveup=0 forkfail=0 free_kb=5030384 sims_boxwide=17 last_event_age=0s last_event_epoch=1789391598
[15:18:32] .. alive runid=20260914-143927-1360 event_age=314s | wave=wave total=27 valid=25 running=2 pending=0 launched=27 failed=0 gaveup=0 forkfail=0 free_kb=5030384 sims_boxwide=17 last_event_age=0s last_event_epoch=1789391598
[15:19:32] .. alive runid=20260914-143927-1360 event_age=374s | wave=wave total=27 valid=25 running=2 pending=0 launched=27 failed=0 gaveup=0 forkfail=0 free_kb=5030384 sims_boxwide=17 last_event_age=0s last_event_epoch=1789391598
[15:20:32] .. alive runid=20260914-143927-1360 event_age=434s | wave=wave total=27 valid=25 running=2 pending=0 launched=27 failed=0 gaveup=0 forkfail=0 free_kb=5030384 sims_boxwide=17 last_event_age=0s last_event_epoch=1789391598
[15:21:02] DONE flgDa_D_east rc=0 2493s | flgDa east seed 101 done 529.2s: rescued=4 dead=0 ff_deaths=1 | fires=0 recoveries=0 bad_assign=0 | flgDa east seed 202 done 532.8s: rescued=3 dead=1 ff_deaths=0 | fires=0 recoveries=0 bad_assign=0 | flgDa east seed 303 done 583.1s: rescued=3 dead=1 ff_deaths=0 | fires=5 recoveries=3 bad_assign=3 | flgDa east seed 404 done 497.7s: rescued=2 dead=2 ff_deaths=1 | fires=8 recoveries=5 bad_assign=3 | flgDa east seed 505 done 348.8s: rescued=3 dead=1 ff_deaths=0 | fires=8 recoveries=5 bad_assign=3  [valid 26/27]
[15:21:32] .. alive runid=20260914-143927-1360 event_age=30s | wave=wave total=27 valid=26 running=1 pending=0 launched=27 failed=0 gaveup=0 forkfail=0 free_kb=5030384 sims_boxwide=17 last_event_age=0s last_event_epoch=1789392062
[15:22:32] .. alive runid=20260914-143927-1360 event_age=90s | wave=wave total=27 valid=26 running=1 pending=0 launched=27 failed=0 gaveup=0 forkfail=0 free_kb=5030384 sims_boxwide=17 last_event_age=0s last_event_epoch=1789392062
[15:23:32] .. alive runid=20260914-143927-1360 event_age=150s | wave=wave total=27 valid=26 running=1 pending=0 launched=27 failed=0 gaveup=0 forkfail=0 free_kb=5030384 sims_boxwide=17 last_event_age=0s last_event_epoch=1789392062
[15:24:33] .. alive runid=20260914-143927-1360 event_age=211s | wave=wave total=27 valid=26 running=1 pending=0 launched=27 failed=0 gaveup=0 forkfail=0 free_kb=5030384 sims_boxwide=17 last_event_age=0s last_event_epoch=1789392062
[15:25:33] .. alive runid=20260914-143927-1360 event_age=271s | wave=wave total=27 valid=26 running=1 pending=0 launched=27 failed=0 gaveup=0 forkfail=0 free_kb=5030384 sims_boxwide=17 last_event_age=0s last_event_epoch=1789392062
[15:26:33] .. alive runid=20260914-143927-1360 event_age=331s | wave=wave total=27 valid=26 running=1 pending=0 launched=27 failed=0 gaveup=0 forkfail=0 free_kb=5030384 sims_boxwide=17 last_event_age=0s last_event_epoch=1789392062
[15:27:33] .. alive runid=20260914-143927-1360 event_age=391s | wave=wave total=27 valid=26 running=1 pending=0 launched=27 failed=0 gaveup=0 forkfail=0 free_kb=5030384 sims_boxwide=17 last_event_age=0s last_event_epoch=1789392062
[15:28:33] .. alive runid=20260914-143927-1360 event_age=451s | wave=wave total=27 valid=26 running=1 pending=0 launched=27 failed=0 gaveup=0 forkfail=0 free_kb=5030384 sims_boxwide=17 last_event_age=0s last_event_epoch=1789392062
[15:29:33] .. alive runid=20260914-143927-1360 event_age=511s | wave=wave total=27 valid=26 running=1 pending=0 launched=27 failed=0 gaveup=0 forkfail=0 free_kb=5030384 sims_boxwide=17 last_event_age=0s last_event_epoch=1789392062
[15:30:02] DONE flgZa_D_east rc=0 2981s | flgZa east seed 101 done 711.2s: rescued=2 dead=1 ff_deaths=1 | fires=5 recoveries=1 bad_assign=1 | flgZa east seed 202 done 710.5s: rescued=2 dead=1 ff_deaths=1 | fires=7 recoveries=3 bad_assign=2 | flgZa east seed 303 done 614.3s: rescued=3 dead=1 ff_deaths=0 | fires=11 recoveries=6 bad_assign=5 | flgZa east seed 404 done 470.9s: rescued=2 dead=2 ff_deaths=1 | fires=12 recoveries=6 bad_assign=5 | flgZa east seed 505 done 473.1s: rescued=2 dead=1 ff_deaths=0 | fires=13 recoveries=7 bad_assign=5  [valid 27/27]
[15:30:02] MAIN LOOP LEFT pending=0 running=0
[15:30:02] FINAL SUMMARY total=27 valid=27 invalid=0 missing=0
[15:30:03] FINAL wave=wave SUMMARY total=27 valid=27 invalid=0 missing=0 live_this_wave=0 sims_boxwide=0
[15:30:03] ALL_DCD4RB_COMPLETE wave=wave runid=20260914-143927-1360 valid=27/27 launched=27 failed=0 forkfail=0
[15:30:33] HEARTBEAT EXIT wave=wave runid=20260914-143927-1360 (sentinel)
