[17:12:12] POOL START runid=20260915-171212-20718 restart=0 pid=20718 winpid=18620 head=a3a24f1 dirty_tracked=0 queue=outputs/_fm2probe2_queue.txt maxpar=12 minfree_kb=4000000
[17:12:13] ENV 3.10.11 mesa 1.2.1  prereg_sha256=db2a18432b240e69 queue_sha256=5ea5261c4a5acccf
[17:12:14] VALIDATE total=143 valid=0 invalid=0 missing=143
[17:12:14] START STATE total=143 valid=0 pending=143 live_orphans_this_wave=0 sims_boxwide=0 free_kb=22830008
[17:12:14] HEARTBEAT pid=20753 every 60s -> outputs/_fm2probe2_wave.log ; state file outputs/_fm2probe2_state.txt ; sentinel outputs/_fm2probe2_hb_20260915-171212-20718.stop
[17:12:15] LAUNCH f2b404s9_south_half_404 running=1 free_kb=22811104 sims_boxwide=0 attempt=1
[17:12:28] LAUNCH f2b404s12_south_half_404 running=2 free_kb=21885292 sims_boxwide=1 attempt=1
[17:12:40] LAUNCH f2b404s13_south_half_404 running=3 free_kb=20900248 sims_boxwide=2 attempt=1
[17:12:53] LAUNCH f2b404s14_south_half_404 running=4 free_kb=20094272 sims_boxwide=3 attempt=1
[17:13:06] LAUNCH f2b404s16_south_half_404 running=5 free_kb=19234040 sims_boxwide=4 attempt=1
[17:13:14] .. alive runid=20260915-171212-20718 event_age=8s | total=143 valid=0 running=5 pending=138 launched=5 failed=0 gaveup=0 forkfail=0 free_kb=19234040 sims_boxwide=4 last_event_age=0s last_event_epoch=1789485186
[17:13:19] LAUNCH f2cEFS_east_half_101 running=6 free_kb=18357548 sims_boxwide=5 attempt=1
[17:13:32] LAUNCH f2cEFS_east_half_202 running=7 free_kb=17508024 sims_boxwide=6 attempt=1
[17:13:44] LAUNCH f2cEFS_east_half_303 running=8 free_kb=16664984 sims_boxwide=7 attempt=1
[17:13:57] LAUNCH f2cEFS_east_half_404 running=9 free_kb=15742064 sims_boxwide=8 attempt=1
[17:14:10] LAUNCH f2cEFS_east_half_505 running=10 free_kb=14891764 sims_boxwide=9 attempt=1
[17:14:14] .. alive runid=20260915-171212-20718 event_age=4s | total=143 valid=0 running=10 pending=133 launched=10 failed=0 gaveup=0 forkfail=0 free_kb=14891764 sims_boxwide=9 last_event_age=0s last_event_epoch=1789485250
[17:14:23] LAUNCH f2cEFS_south_half_101 running=11 free_kb=14047044 sims_boxwide=10 attempt=1
[17:14:36] LAUNCH f2cEFS_south_half_202 running=12 free_kb=13059156 sims_boxwide=11 attempt=1
[17:15:14] .. alive runid=20260915-171212-20718 event_age=38s | total=143 valid=0 running=12 pending=131 launched=12 failed=0 gaveup=0 forkfail=0 free_kb=13059156 sims_boxwide=11 last_event_age=0s last_event_epoch=1789485276
[17:16:15] .. alive runid=20260915-171212-20718 event_age=99s | total=143 valid=0 running=12 pending=131 launched=12 failed=0 gaveup=0 forkfail=0 free_kb=13059156 sims_boxwide=11 last_event_age=0s last_event_epoch=1789485276
[17:17:15] .. alive runid=20260915-171212-20718 event_age=159s | total=143 valid=0 running=12 pending=131 launched=12 failed=0 gaveup=0 forkfail=0 free_kb=13059156 sims_boxwide=11 last_event_age=0s last_event_epoch=1789485276
[17:17:29] DONE f2b404s9_south_half_404 rc=0 314s f2b404s9 south/half seed=404 rescued=2 dead=1 unreachable=0 never_detected=0 ff_deaths=1 terminal=None completions=2 recycles=2 removals=2 returns=2 wall=313s [valid 1/143]
[17:17:30] LAUNCH f2cEFS_south_half_303 running=12 free_kb=13112908 sims_boxwide=11 attempt=1
[17:17:42] DONE f2b404s12_south_half_404 rc=0 314s f2b404s12 south/half seed=404 rescued=1 dead=1 unreachable=2 never_detected=0 ff_deaths=1 terminal=236 completions=1 recycles=1 removals=1 returns=1 wall=310s [valid 2/143]
[17:17:43] LAUNCH f2cEFS_south_half_404 running=12 free_kb=13138520 sims_boxwide=11 attempt=1
[17:17:55] DONE f2b404s13_south_half_404 rc=0 315s f2b404s13 south/half seed=404 rescued=1 dead=1 unreachable=2 never_detected=0 ff_deaths=1 terminal=236 completions=1 recycles=1 removals=1 returns=1 wall=307s [valid 3/143]
[17:17:56] LAUNCH f2cEFS_south_half_505 running=12 free_kb=13156524 sims_boxwide=11 attempt=1
[17:18:11] DONE f2b404s14_south_half_404 rc=0 317s f2b404s14 south/half seed=404 rescued=1 dead=2 unreachable=0 never_detected=0 ff_deaths=1 terminal=None completions=1 recycles=1 removals=1 returns=1 wall=316s [valid 4/143]
[17:18:11] LAUNCH f2cEFS_east_def_101 running=12 free_kb=13182908 sims_boxwide=11 attempt=1
[17:18:15] .. alive runid=20260915-171212-20718 event_age=4s | total=143 valid=4 running=12 pending=127 launched=16 failed=0 gaveup=0 forkfail=0 free_kb=13182908 sims_boxwide=11 last_event_age=0s last_event_epoch=1789485491
[17:18:24] DONE f2b404s16_south_half_404 rc=0 317s f2b404s16 south/half seed=404 rescued=1 dead=2 unreachable=0 never_detected=0 ff_deaths=1 terminal=None completions=1 recycles=1 removals=1 returns=1 wall=310s [valid 5/143]
[17:18:24] LAUNCH f2cEFS_east_def_202 running=12 free_kb=13182744 sims_boxwide=11 attempt=1
[17:18:56] DONE f2cEFS_south_half_101 rc=0 272s f2cEFS south/half seed=101 rescued=3 dead=1 unreachable=0 never_detected=0 ff_deaths=0 terminal=90 completions=3 recycles=3 removals=3 returns=3 wall=271s [valid 6/143]
[17:18:56] LAUNCH f2cEFS_east_def_303 running=12 free_kb=13082036 sims_boxwide=11 attempt=1
[17:19:09] DONE f2cEFS_south_half_202 rc=0 273s f2cEFS south/half seed=202 rescued=4 dead=0 unreachable=0 never_detected=0 ff_deaths=0 terminal=138 completions=4 recycles=4 removals=4 returns=4 wall=272s [valid 7/143]
[17:19:10] LAUNCH f2cDRY_east_half_101 running=12 free_kb=13093672 sims_boxwide=11 attempt=1
[17:19:15] .. alive runid=20260915-171212-20718 event_age=5s | total=143 valid=7 running=12 pending=124 launched=19 failed=0 gaveup=0 forkfail=0 free_kb=13093672 sims_boxwide=11 last_event_age=0s last_event_epoch=1789485550
[17:20:15] .. alive runid=20260915-171212-20718 event_age=65s | total=143 valid=7 running=12 pending=124 launched=19 failed=0 gaveup=0 forkfail=0 free_kb=13093672 sims_boxwide=11 last_event_age=0s last_event_epoch=1789485550
[17:21:15] .. alive runid=20260915-171212-20718 event_age=125s | total=143 valid=7 running=12 pending=124 launched=19 failed=0 gaveup=0 forkfail=0 free_kb=13093672 sims_boxwide=11 last_event_age=0s last_event_epoch=1789485550
[17:21:46] DONE f2cEFS_east_half_303 rc=0 481s f2cEFS east/half seed=303 rescued=3 dead=1 unreachable=0 never_detected=0 ff_deaths=0 terminal=96 completions=3 recycles=3 removals=3 returns=3 wall=479s [valid 8/143]
[17:21:46] LAUNCH f2cDRY_east_half_202 running=12 free_kb=14027508 sims_boxwide=10 attempt=1
[17:21:59] DONE f2cEFS_south_half_303 rc=0 268s f2cEFS south/half seed=303 rescued=3 dead=0 unreachable=0 never_detected=0 ff_deaths=0 terminal=None completions=3 recycles=3 removals=3 returns=3 wall=254s [valid 9/143]
[17:21:59] DONE f2cEFS_south_half_505 rc=0 243s f2cEFS south/half seed=505 rescued=4 dead=0 unreachable=0 never_detected=0 ff_deaths=0 terminal=116 completions=4 recycles=4 removals=4 returns=4 wall=240s [valid 10/143]
[17:22:00] LAUNCH f2cDRY_east_half_303 running=11 free_kb=13063368 sims_boxwide=10 attempt=1
[17:22:13] LAUNCH f2cDRY_east_half_404 running=12 free_kb=11421376 sims_boxwide=11 attempt=1
[17:22:15] .. alive runid=20260915-171212-20718 event_age=2s | total=143 valid=10 running=12 pending=121 launched=22 failed=0 gaveup=0 forkfail=0 free_kb=11421376 sims_boxwide=11 last_event_age=0s last_event_epoch=1789485733
[17:22:25] DONE f2cEFS_east_half_505 rc=0 495s f2cEFS east/half seed=505 rescued=3 dead=1 unreachable=0 never_detected=0 ff_deaths=0 terminal=134 completions=3 recycles=3 removals=3 returns=3 wall=488s [valid 11/143]
[17:22:25] DONE f2cEFS_east_def_101 rc=0 254s f2cEFS east/default seed=101 rescued=4 dead=0 unreachable=0 never_detected=0 ff_deaths=0 terminal=215 completions=4 recycles=4 removals=4 returns=4 wall=249s [valid 12/143]
[17:22:26] LAUNCH f2cDRY_east_half_505 running=11 free_kb=13141288 sims_boxwide=10 attempt=1
[17:22:38] DONE f2cEFS_east_half_101 rc=0 559s f2cEFS east/half seed=101 rescued=4 dead=0 unreachable=0 never_detected=0 ff_deaths=0 terminal=182 completions=4 recycles=4 removals=4 returns=4 wall=558s [valid 13/143]
[17:22:39] LAUNCH f2cDRY_south_half_101 running=11 free_kb=12241368 sims_boxwide=10 attempt=1
[17:22:51] DONE f2cEFS_east_half_202 rc=0 559s f2cEFS east/half seed=202 rescued=3 dead=1 unreachable=0 never_detected=0 ff_deaths=1 terminal=171 completions=3 recycles=3 removals=3 returns=3 wall=557s [valid 14/143]
[17:22:52] LAUNCH f2cDRY_south_half_202 running=11 free_kb=12284512 sims_boxwide=10 attempt=1
[17:23:05] DONE f2cEFS_east_def_202 rc=0 280s f2cEFS east/default seed=202 rescued=2 dead=1 unreachable=1 never_detected=1 ff_deaths=1 terminal=210 completions=2 recycles=2 removals=2 returns=2 wall=272s [valid 15/143]
[17:23:05] LAUNCH f2cDRY_south_half_303 running=11 free_kb=13153932 sims_boxwide=10 attempt=1
[17:23:15] .. alive runid=20260915-171212-20718 event_age=10s | total=143 valid=15 running=11 pending=117 launched=26 failed=0 gaveup=0 forkfail=0 free_kb=13153932 sims_boxwide=10 last_event_age=0s last_event_epoch=1789485785
[17:23:18] DONE f2cEFS_south_half_404 rc=0 334s f2cEFS south/half seed=404 rescued=2 dead=2 unreachable=0 never_detected=0 ff_deaths=1 terminal=215 completions=2 recycles=2 removals=2 returns=2 wall=329s [valid 16/143]
[17:23:18] LAUNCH f2cDRY_south_half_404 running=11 free_kb=12345396 sims_boxwide=10 attempt=1
[17:23:31] DONE f2cEFS_east_def_303 rc=0 275s f2cEFS east/default seed=303 rescued=2 dead=2 unreachable=0 never_detected=0 ff_deaths=1 terminal=126 completions=2 recycles=2 removals=2 returns=2 wall=265s [valid 17/143]
[17:23:32] LAUNCH f2cDRY_south_half_505 running=11 free_kb=12296580 sims_boxwide=10 attempt=1
[17:23:44] LAUNCH f2cDRY_east_def_101 running=12 free_kb=11448380 sims_boxwide=11 attempt=1
[17:24:15] .. alive runid=20260915-171212-20718 event_age=31s | total=143 valid=17 running=12 pending=114 launched=29 failed=0 gaveup=0 forkfail=0 free_kb=11448380 sims_boxwide=11 last_event_age=0s last_event_epoch=1789485824
[17:24:30] DONE f2cEFS_east_half_404 rc=0 632s f2cEFS east/half seed=404 rescued=2 dead=2 unreachable=0 never_detected=0 ff_deaths=1 terminal=207 completions=2 recycles=2 removals=2 returns=2 wall=631s [valid 18/143]
[17:24:30] LAUNCH f2cDRY_east_def_202 running=12 free_kb=12344160 sims_boxwide=11 attempt=1
[17:25:15] .. alive runid=20260915-171212-20718 event_age=45s | total=143 valid=18 running=12 pending=113 launched=30 failed=0 gaveup=0 forkfail=0 free_kb=12344160 sims_boxwide=11 last_event_age=0s last_event_epoch=1789485870
[17:26:15] .. alive runid=20260915-171212-20718 event_age=105s | total=143 valid=18 running=12 pending=113 launched=30 failed=0 gaveup=0 forkfail=0 free_kb=12344160 sims_boxwide=11 last_event_age=0s last_event_epoch=1789485870
[17:27:15] .. alive runid=20260915-171212-20718 event_age=165s | total=143 valid=18 running=12 pending=113 launched=30 failed=0 gaveup=0 forkfail=0 free_kb=12344160 sims_boxwide=11 last_event_age=0s last_event_epoch=1789485870
[17:27:20] DONE f2cDRY_south_half_101 rc=0 281s f2cDRY south/half seed=101 rescued=3 dead=1 unreachable=0 never_detected=0 ff_deaths=1 terminal=90 completions=3 recycles=3 removals=3 returns=3 wall=279s [valid 19/143]
[17:27:21] LAUNCH f2cDRY_east_def_303 running=12 free_kb=11376928 sims_boxwide=11 attempt=1
[17:27:33] DONE f2cDRY_south_half_303 rc=0 268s f2cDRY south/half seed=303 rescued=3 dead=0 unreachable=0 never_detected=0 ff_deaths=0 terminal=None completions=3 recycles=3 removals=3 returns=3 wall=264s [valid 20/143]
[17:27:34] LAUNCH f2cGW_east_half_101 running=12 free_kb=10502096 sims_boxwide=11 attempt=1
[17:27:46] DONE f2cDRY_south_half_202 rc=0 294s f2cDRY south/half seed=202 rescued=4 dead=0 unreachable=0 never_detected=0 ff_deaths=0 terminal=138 completions=4 recycles=4 removals=4 returns=4 wall=284s [valid 21/143]
[17:27:47] LAUNCH f2cGW_east_half_202 running=12 free_kb=10531164 sims_boxwide=11 attempt=1
[17:28:00] DONE f2cDRY_east_def_101 rc=0 255s f2cDRY east/default seed=101 rescued=1 dead=0 unreachable=3 never_detected=0 ff_deaths=1 terminal=177 completions=1 recycles=1 removals=1 returns=1 wall=244s [valid 22/143]
[17:28:00] DONE f2cDRY_south_half_505 rc=0 268s f2cDRY south/half seed=505 rescued=4 dead=0 unreachable=0 never_detected=0 ff_deaths=0 terminal=116 completions=4 recycles=4 removals=4 returns=4 wall=262s [valid 23/143]
[17:28:01] LAUNCH f2cGW_east_half_303 running=11 free_kb=13176796 sims_boxwide=10 attempt=1
[17:28:13] LAUNCH f2cGW_east_half_404 running=12 free_kb=10542692 sims_boxwide=11 attempt=1
[17:28:16] .. alive runid=20260915-171212-20718 event_age=3s | total=143 valid=23 running=12 pending=108 launched=35 failed=0 gaveup=0 forkfail=0 free_kb=10542692 sims_boxwide=11 last_event_age=0s last_event_epoch=1789486093
[17:28:42] DONE f2cDRY_east_half_101 rc=0 572s f2cDRY east/half seed=101 rescued=4 dead=0 unreachable=0 never_detected=0 ff_deaths=0 terminal=182 completions=4 recycles=4 removals=4 returns=4 wall=570s [valid 24/143]
[17:28:43] LAUNCH f2cGW_east_half_505 running=12 free_kb=10552000 sims_boxwide=11 attempt=1
[17:28:56] DONE f2cDRY_south_half_404 rc=0 338s f2cDRY south/half seed=404 rescued=2 dead=2 unreachable=0 never_detected=0 ff_deaths=1 terminal=223 completions=2 recycles=2 removals=2 returns=2 wall=336s [valid 25/143]
[17:28:57] LAUNCH f2cGW_south_half_101 running=12 free_kb=10581192 sims_boxwide=11 attempt=1
[17:29:16] .. alive runid=20260915-171212-20718 event_age=19s | total=143 valid=25 running=12 pending=106 launched=37 failed=0 gaveup=0 forkfail=0 free_kb=10581192 sims_boxwide=11 last_event_age=0s last_event_epoch=1789486137
[17:29:19] DONE f2cDRY_east_def_202 rc=0 289s f2cDRY east/default seed=202 rescued=2 dead=1 unreachable=1 never_detected=1 ff_deaths=1 terminal=210 completions=2 recycles=2 removals=2 returns=2 wall=287s [valid 26/143]
[17:29:20] LAUNCH f2cGW_south_half_202 running=12 free_kb=11267720 sims_boxwide=11 attempt=1
[17:30:16] .. alive runid=20260915-171212-20718 event_age=56s | total=143 valid=26 running=12 pending=105 launched=38 failed=0 gaveup=0 forkfail=0 free_kb=11267720 sims_boxwide=11 last_event_age=0s last_event_epoch=1789486160
[17:30:28] DONE f2cDRY_east_half_303 rc=0 508s f2cDRY east/half seed=303 rescued=3 dead=1 unreachable=0 never_detected=0 ff_deaths=2 terminal=96 completions=3 recycles=3 removals=3 returns=3 wall=506s [valid 27/143]
[17:30:29] LAUNCH f2cGW_south_half_303 running=12 free_kb=10355484 sims_boxwide=11 attempt=1
[17:30:56] DONE f2cDRY_east_half_505 rc=0 510s f2cDRY east/half seed=505 rescued=3 dead=1 unreachable=0 never_detected=0 ff_deaths=1 terminal=134 completions=3 recycles=3 removals=3 returns=3 wall=508s [valid 28/143]
[17:30:57] LAUNCH f2cGW_south_half_404 running=12 free_kb=10584304 sims_boxwide=11 attempt=1
[17:31:16] .. alive runid=20260915-171212-20718 event_age=19s | total=143 valid=28 running=12 pending=103 launched=40 failed=0 gaveup=0 forkfail=0 free_kb=10584304 sims_boxwide=11 last_event_age=0s last_event_epoch=1789486257
[17:31:30] DONE f2cDRY_east_half_202 rc=0 584s f2cDRY east/half seed=202 rescued=3 dead=1 unreachable=0 never_detected=0 ff_deaths=1 terminal=171 completions=3 recycles=3 removals=3 returns=3 wall=582s [valid 29/143]
[17:31:31] LAUNCH f2cGW_south_half_505 running=12 free_kb=10369928 sims_boxwide=11 attempt=1
[17:32:04] DONE f2cDRY_east_half_404 rc=0 591s f2cDRY east/half seed=404 rescued=2 dead=2 unreachable=0 never_detected=0 ff_deaths=1 terminal=168 completions=2 recycles=2 removals=2 returns=2 wall=590s [valid 30/143]
[17:32:05] LAUNCH f2cGW_east_def_101 running=12 free_kb=10440532 sims_boxwide=11 attempt=1
[17:32:16] .. alive runid=20260915-171212-20718 event_age=11s | total=143 valid=30 running=12 pending=101 launched=42 failed=0 gaveup=0 forkfail=0 free_kb=10440532 sims_boxwide=11 last_event_age=0s last_event_epoch=1789486325
[17:32:17] DONE f2cDRY_east_def_303 rc=0 296s f2cDRY east/default seed=303 rescued=2 dead=2 unreachable=0 never_detected=0 ff_deaths=0 terminal=126 completions=2 recycles=2 removals=2 returns=2 wall=290s [valid 31/143]
[17:32:18] LAUNCH f2cGW_east_def_202 running=12 free_kb=10468192 sims_boxwide=11 attempt=1
[17:33:16] .. alive runid=20260915-171212-20718 event_age=58s | total=143 valid=31 running=12 pending=100 launched=43 failed=0 gaveup=0 forkfail=0 free_kb=10468192 sims_boxwide=11 last_event_age=0s last_event_epoch=1789486338
[17:33:31] DONE f2cGW_south_half_101 rc=0 274s f2cGW south/half seed=101 rescued=3 dead=1 unreachable=0 never_detected=0 ff_deaths=0 terminal=112 completions=3 recycles=3 removals=3 returns=3 wall=273s [valid 32/143]
[17:33:32] LAUNCH f2cGW_east_def_303 running=12 free_kb=10440300 sims_boxwide=11 attempt=1
[17:34:16] .. alive runid=20260915-171212-20718 event_age=44s | total=143 valid=32 running=12 pending=99 launched=44 failed=0 gaveup=0 forkfail=0 free_kb=10440300 sims_boxwide=11 last_event_age=0s last_event_epoch=1789486412
[17:34:23] DONE f2cGW_south_half_303 rc=0 234s f2cGW south/half seed=303 rescued=4 dead=0 unreachable=0 never_detected=0 ff_deaths=0 terminal=128 completions=4 recycles=4 removals=4 returns=4 wall=233s [valid 33/143]
[17:34:24] LAUNCH f2cGF_east_half_101 running=12 free_kb=10409504 sims_boxwide=11 attempt=1
[17:34:36] DONE f2cGW_south_half_202 rc=0 316s f2cGW south/half seed=202 rescued=4 dead=0 unreachable=0 never_detected=0 ff_deaths=0 terminal=183 completions=4 recycles=4 removals=4 returns=4 wall=306s [valid 34/143]
[17:34:37] LAUNCH f2cGF_east_half_202 running=12 free_kb=10438820 sims_boxwide=11 attempt=1
[17:35:16] .. alive runid=20260915-171212-20718 event_age=39s | total=143 valid=34 running=12 pending=97 launched=46 failed=0 gaveup=0 forkfail=0 free_kb=10438820 sims_boxwide=11 last_event_age=0s last_event_epoch=1789486477
[17:35:45] DONE f2cGW_south_half_505 rc=0 254s f2cGW south/half seed=505 rescued=4 dead=0 unreachable=0 never_detected=0 ff_deaths=0 terminal=119 completions=4 recycles=4 removals=4 returns=4 wall=252s [valid 35/143]
[17:35:46] LAUNCH f2cGF_east_half_303 running=12 free_kb=10527572 sims_boxwide=11 attempt=1
[17:36:16] .. alive runid=20260915-171212-20718 event_age=30s | total=143 valid=35 running=12 pending=96 launched=47 failed=0 gaveup=0 forkfail=0 free_kb=10527572 sims_boxwide=11 last_event_age=0s last_event_epoch=1789486546
[17:36:30] DONE f2cGW_south_half_404 rc=0 333s f2cGW south/half seed=404 rescued=2 dead=2 unreachable=0 never_detected=0 ff_deaths=0 terminal=183 completions=2 recycles=2 removals=2 returns=2 wall=331s [valid 36/143]
[17:36:31] LAUNCH f2cGF_east_half_404 running=12 free_kb=10544252 sims_boxwide=11 attempt=1
[17:36:43] DONE f2cGW_east_def_101 rc=0 278s f2cGW east/default seed=101 rescued=2 dead=0 unreachable=0 never_detected=0 ff_deaths=1 terminal=None completions=2 recycles=2 removals=2 returns=2 wall=273s [valid 37/143]
[17:36:44] LAUNCH f2cGF_east_half_505 running=12 free_kb=10521660 sims_boxwide=11 attempt=1
[17:36:56] DONE f2cGW_east_half_303 rc=0 535s f2cGW east/half seed=303 rescued=3 dead=1 unreachable=0 never_detected=0 ff_deaths=2 terminal=111 completions=3 recycles=3 removals=3 returns=3 wall=527s [valid 38/143]
[17:36:57] LAUNCH f2cGF_south_half_101 running=12 free_kb=10539324 sims_boxwide=11 attempt=1
[17:37:09] DONE f2cGW_east_def_202 rc=0 291s f2cGW east/default seed=202 rescued=2 dead=1 unreachable=1 never_detected=1 ff_deaths=2 terminal=210 completions=2 recycles=2 removals=2 returns=2 wall=290s [valid 39/143]
[17:37:10] LAUNCH f2cGF_south_half_202 running=12 free_kb=10585424 sims_boxwide=11 attempt=1
[17:37:16] .. alive runid=20260915-171212-20718 event_age=6s | total=143 valid=39 running=12 pending=92 launched=51 failed=0 gaveup=0 forkfail=0 free_kb=10585424 sims_boxwide=11 last_event_age=0s last_event_epoch=1789486630
[17:37:23] DONE f2cGW_east_half_505 rc=0 519s f2cGW east/half seed=505 rescued=3 dead=1 unreachable=0 never_detected=0 ff_deaths=0 terminal=137 completions=3 recycles=3 removals=3 returns=3 wall=509s [valid 40/143]
[17:37:23] DONE f2cGW_east_half_101 rc=0 589s f2cGW east/half seed=101 rescued=4 dead=0 unreachable=0 never_detected=0 ff_deaths=0 terminal=182 completions=4 recycles=4 removals=4 returns=4 wall=584s [valid 41/143]
[17:37:24] LAUNCH f2cGF_south_half_303 running=11 free_kb=11470840 sims_boxwide=10 attempt=1
[17:37:36] LAUNCH f2cGF_south_half_404 running=12 free_kb=10599992 sims_boxwide=11 attempt=1
[17:38:16] .. alive runid=20260915-171212-20718 event_age=40s | total=143 valid=41 running=12 pending=90 launched=53 failed=0 gaveup=0 forkfail=0 free_kb=10599992 sims_boxwide=11 last_event_age=0s last_event_epoch=1789486656
[17:38:37] DONE f2cGW_east_half_202 rc=0 650s f2cGW east/half seed=202 rescued=4 dead=0 unreachable=0 never_detected=0 ff_deaths=0 terminal=203 completions=4 recycles=4 removals=4 returns=4 wall=648s [valid 42/143]
[17:38:38] LAUNCH f2cGF_south_half_505 running=12 free_kb=10575416 sims_boxwide=11 attempt=1
[17:38:53] DONE f2cGW_east_def_303 rc=0 321s f2cGW east/default seed=303 rescued=2 dead=2 unreachable=0 never_detected=0 ff_deaths=1 terminal=126 completions=2 recycles=2 removals=2 returns=2 wall=320s [valid 43/143]
[17:38:54] LAUNCH f2cGF_east_def_101 running=12 free_kb=10603268 sims_boxwide=11 attempt=1
[17:39:17] .. alive runid=20260915-171212-20718 event_age=23s | total=143 valid=43 running=12 pending=88 launched=55 failed=0 gaveup=0 forkfail=0 free_kb=10603268 sims_boxwide=11 last_event_age=0s last_event_epoch=1789486734
[17:39:51] DONE f2cGW_east_half_404 rc=0 698s f2cGW east/half seed=404 rescued=3 dead=1 unreachable=0 never_detected=0 ff_deaths=1 terminal=210 completions=3 recycles=3 removals=3 returns=3 wall=696s [valid 44/143]
[17:39:52] LAUNCH f2cGF_east_def_202 running=12 free_kb=10597584 sims_boxwide=11 attempt=1
[17:40:17] .. alive runid=20260915-171212-20718 event_age=25s | total=143 valid=44 running=12 pending=87 launched=56 failed=0 gaveup=0 forkfail=0 free_kb=10597584 sims_boxwide=11 last_event_age=0s last_event_epoch=1789486792
[17:41:15] DONE f2cGF_south_half_303 rc=0 230s f2cGF south/half seed=303 rescued=4 dead=0 unreachable=0 never_detected=0 ff_deaths=0 terminal=128 completions=4 recycles=4 removals=4 returns=4 wall=229s [valid 45/143]
[17:41:15] LAUNCH f2cGF_east_def_303 running=12 free_kb=10514672 sims_boxwide=11 attempt=1
[17:41:17] .. alive runid=20260915-171212-20718 event_age=2s | total=143 valid=45 running=12 pending=86 launched=57 failed=0 gaveup=0 forkfail=0 free_kb=10514672 sims_boxwide=11 last_event_age=0s last_event_epoch=1789486875
[17:41:28] DONE f2cGF_south_half_101 rc=0 271s f2cGF south/half seed=101 rescued=3 dead=1 unreachable=0 never_detected=0 ff_deaths=0 terminal=112 completions=3 recycles=3 removals=3 returns=3 wall=266s [valid 46/143]
[17:41:29] LAUNCH f2cGES_east_half_101 running=12 free_kb=10571176 sims_boxwide=11 attempt=1
[17:42:12] DONE f2cGF_south_half_202 rc=0 301s f2cGF south/half seed=202 rescued=4 dead=0 unreachable=0 never_detected=0 ff_deaths=0 terminal=183 completions=4 recycles=4 removals=4 returns=4 wall=300s [valid 47/143]
[17:42:12] LAUNCH f2cGES_east_half_202 running=12 free_kb=10542420 sims_boxwide=11 attempt=1
[17:42:17] .. alive runid=20260915-171212-20718 event_age=5s | total=143 valid=47 running=12 pending=84 launched=59 failed=0 gaveup=0 forkfail=0 free_kb=10542420 sims_boxwide=11 last_event_age=0s last_event_epoch=1789486932
[17:42:54] DONE f2cGF_south_half_505 rc=0 256s f2cGF south/half seed=505 rescued=4 dead=0 unreachable=0 never_detected=0 ff_deaths=0 terminal=119 completions=4 recycles=4 removals=4 returns=4 wall=254s [valid 48/143]
[17:42:55] LAUNCH f2cGES_east_half_303 running=12 free_kb=10308556 sims_boxwide=11 attempt=1
[17:43:07] DONE f2cGF_south_half_404 rc=0 331s f2cGF south/half seed=404 rescued=2 dead=2 unreachable=0 never_detected=0 ff_deaths=0 terminal=183 completions=2 recycles=2 removals=2 returns=2 wall=326s [valid 49/143]
[17:43:08] LAUNCH f2cGES_east_half_404 running=12 free_kb=10345648 sims_boxwide=11 attempt=1
[17:43:17] .. alive runid=20260915-171212-20718 event_age=9s | total=143 valid=49 running=12 pending=82 launched=61 failed=0 gaveup=0 forkfail=0 free_kb=10345648 sims_boxwide=11 last_event_age=0s last_event_epoch=1789486988
[17:43:29] DONE f2cGF_east_def_101 rc=0 275s f2cGF east/default seed=101 rescued=2 dead=0 unreachable=0 never_detected=0 ff_deaths=1 terminal=None completions=2 recycles=2 removals=2 returns=2 wall=273s [valid 50/143]
[17:43:30] LAUNCH f2cGES_east_half_505 running=12 free_kb=10416180 sims_boxwide=11 attempt=1
[17:44:07] DONE f2cGF_east_half_101 rc=0 583s f2cGF east/half seed=101 rescued=4 dead=0 unreachable=0 never_detected=0 ff_deaths=0 terminal=182 completions=4 recycles=4 removals=4 returns=4 wall=581s [valid 51/143]
[17:44:08] LAUNCH f2cGES_south_half_101 running=12 free_kb=10349996 sims_boxwide=11 attempt=1
[17:44:17] .. alive runid=20260915-171212-20718 event_age=9s | total=143 valid=51 running=12 pending=80 launched=63 failed=0 gaveup=0 forkfail=0 free_kb=10349996 sims_boxwide=11 last_event_age=0s last_event_epoch=1789487048
[17:44:24] DONE f2cGF_east_half_303 rc=0 518s f2cGF east/half seed=303 rescued=3 dead=1 unreachable=0 never_detected=0 ff_deaths=2 terminal=111 completions=3 recycles=3 removals=3 returns=3 wall=516s [valid 52/143]
[17:44:25] LAUNCH f2cGES_south_half_202 running=12 free_kb=10324268 sims_boxwide=11 attempt=1
[17:44:47] DONE f2cGF_east_def_202 rc=0 294s f2cGF east/default seed=202 rescued=2 dead=1 unreachable=1 never_detected=1 ff_deaths=2 terminal=210 completions=2 recycles=2 removals=2 returns=2 wall=293s [valid 53/143]
[17:44:48] LAUNCH f2cGES_south_half_303 running=12 free_kb=10358160 sims_boxwide=11 attempt=1
[17:45:09] DONE f2cGF_east_half_505 rc=0 505s f2cGF east/half seed=505 rescued=3 dead=1 unreachable=0 never_detected=0 ff_deaths=0 terminal=137 completions=3 recycles=3 removals=3 returns=3 wall=504s [valid 54/143]
[17:45:10] LAUNCH f2cGES_south_half_404 running=12 free_kb=10348296 sims_boxwide=11 attempt=1
[17:45:17] .. alive runid=20260915-171212-20718 event_age=7s | total=143 valid=54 running=12 pending=77 launched=66 failed=0 gaveup=0 forkfail=0 free_kb=10348296 sims_boxwide=11 last_event_age=0s last_event_epoch=1789487110
[17:45:35] DONE f2cGF_east_half_202 rc=0 658s f2cGF east/half seed=202 rescued=4 dead=0 unreachable=0 never_detected=0 ff_deaths=0 terminal=203 completions=4 recycles=4 removals=4 returns=4 wall=656s [valid 55/143]
[17:45:36] LAUNCH f2cGES_south_half_505 running=12 free_kb=10492240 sims_boxwide=11 attempt=1
[17:46:17] .. alive runid=20260915-171212-20718 event_age=41s | total=143 valid=55 running=12 pending=76 launched=67 failed=0 gaveup=0 forkfail=0 free_kb=10492240 sims_boxwide=11 last_event_age=0s last_event_epoch=1789487136
[17:46:38] DONE f2cGF_east_def_303 rc=0 323s f2cGF east/default seed=303 rescued=2 dead=2 unreachable=0 never_detected=0 ff_deaths=1 terminal=126 completions=2 recycles=2 removals=2 returns=2 wall=321s [valid 56/143]
[17:46:39] LAUNCH f2cGES_east_def_101 running=12 free_kb=10500788 sims_boxwide=11 attempt=1
[17:47:17] .. alive runid=20260915-171212-20718 event_age=38s | total=143 valid=56 running=12 pending=75 launched=68 failed=0 gaveup=0 forkfail=0 free_kb=10500788 sims_boxwide=11 last_event_age=0s last_event_epoch=1789487199
[17:48:10] DONE f2cGF_east_half_404 rc=0 699s f2cGF east/half seed=404 rescued=3 dead=1 unreachable=0 never_detected=0 ff_deaths=1 terminal=210 completions=3 recycles=3 removals=3 returns=3 wall=698s [valid 57/143]
[17:48:11] LAUNCH f2cGES_east_def_202 running=12 free_kb=10426620 sims_boxwide=11 attempt=1
[17:48:17] .. alive runid=20260915-171212-20718 event_age=6s | total=143 valid=57 running=12 pending=74 launched=69 failed=0 gaveup=0 forkfail=0 free_kb=10426620 sims_boxwide=11 last_event_age=0s last_event_epoch=1789487291
[17:48:43] DONE f2cGES_south_half_303 rc=0 235s f2cGES south/half seed=303 rescued=4 dead=0 unreachable=0 never_detected=0 ff_deaths=0 terminal=128 completions=4 recycles=4 removals=4 returns=4 wall=234s [valid 58/143]
[17:48:44] LAUNCH f2cGES_east_def_303 running=12 free_kb=10477216 sims_boxwide=11 attempt=1
[17:48:56] DONE f2cGES_south_half_101 rc=0 288s f2cGES south/half seed=101 rescued=3 dead=1 unreachable=0 never_detected=0 ff_deaths=0 terminal=112 completions=3 recycles=3 removals=3 returns=3 wall=274s [valid 59/143]
[17:48:57] LAUNCH f2GES_east_half_101 running=12 free_kb=10424496 sims_boxwide=11 attempt=1
[17:49:17] .. alive runid=20260915-171212-20718 event_age=20s | total=143 valid=59 running=12 pending=72 launched=71 failed=0 gaveup=0 forkfail=0 free_kb=10424496 sims_boxwide=11 last_event_age=0s last_event_epoch=1789487337
[17:49:23] DONE f2cGES_south_half_202 rc=0 298s f2cGES south/half seed=202 rescued=4 dead=0 unreachable=0 never_detected=0 ff_deaths=0 terminal=183 completions=4 recycles=4 removals=4 returns=4 wall=297s [valid 60/143]
[17:49:24] LAUNCH f2GES_east_half_202 running=12 free_kb=10473404 sims_boxwide=11 attempt=1
[17:49:59] DONE f2cGES_south_half_505 rc=0 263s f2cGES south/half seed=505 rescued=4 dead=0 unreachable=0 never_detected=0 ff_deaths=1 terminal=119 completions=4 recycles=4 removals=4 returns=4 wall=261s [valid 61/143]
[17:50:00] LAUNCH f2GES_east_half_303 running=12 free_kb=10422056 sims_boxwide=11 attempt=1
[17:50:17] .. alive runid=20260915-171212-20718 event_age=17s | total=143 valid=61 running=12 pending=70 launched=73 failed=0 gaveup=0 forkfail=0 free_kb=10422056 sims_boxwide=11 last_event_age=0s last_event_epoch=1789487400
[17:50:43] DONE f2cGES_south_half_404 rc=0 333s f2cGES south/half seed=404 rescued=2 dead=2 unreachable=0 never_detected=0 ff_deaths=0 terminal=183 completions=2 recycles=2 removals=2 returns=2 wall=331s [valid 62/143]
[17:50:44] LAUNCH f2GES_east_half_404 running=12 free_kb=10483032 sims_boxwide=11 attempt=1
[17:51:17] DONE f2cGES_east_def_101 rc=0 278s f2cGES east/default seed=101 rescued=2 dead=0 unreachable=0 never_detected=0 ff_deaths=1 terminal=None completions=2 recycles=2 removals=2 returns=2 wall=276s [valid 63/143]
[17:51:18] .. alive runid=20260915-171212-20718 event_age=1s | total=143 valid=63 running=11 pending=69 launched=74 failed=0 gaveup=0 forkfail=0 free_kb=10491764 sims_boxwide=11 last_event_age=0s last_event_epoch=1789487477
[17:51:18] LAUNCH f2GES_east_half_505 running=12 free_kb=10491764 sims_boxwide=11 attempt=1
[17:51:30] DONE f2cGES_east_half_101 rc=0 601s f2cGES east/half seed=101 rescued=4 dead=0 unreachable=0 never_detected=0 ff_deaths=0 terminal=182 completions=4 recycles=4 removals=4 returns=4 wall=596s [valid 64/143]
[17:51:31] LAUNCH f2GES_south_half_101 running=12 free_kb=10516448 sims_boxwide=11 attempt=1
[17:51:43] DONE f2cGES_east_half_303 rc=0 528s f2cGES east/half seed=303 rescued=3 dead=1 unreachable=0 never_detected=0 ff_deaths=2 terminal=111 completions=3 recycles=3 removals=3 returns=3 wall=517s [valid 65/143]
[17:51:44] LAUNCH f2GES_south_half_202 running=12 free_kb=10578692 sims_boxwide=11 attempt=1
[17:52:00] DONE f2cGES_east_half_505 rc=0 510s f2cGES east/half seed=505 rescued=3 dead=1 unreachable=0 never_detected=0 ff_deaths=0 terminal=137 completions=3 recycles=3 removals=3 returns=3 wall=508s [valid 66/143]
[17:52:01] LAUNCH f2GES_south_half_303 running=12 free_kb=10522948 sims_boxwide=11 attempt=1
[17:52:18] .. alive runid=20260915-171212-20718 event_age=17s | total=143 valid=66 running=12 pending=65 launched=78 failed=0 gaveup=0 forkfail=0 free_kb=10522948 sims_boxwide=11 last_event_age=0s last_event_epoch=1789487521
[17:53:00] DONE f2cGES_east_def_202 rc=0 289s f2cGES east/default seed=202 rescued=2 dead=1 unreachable=1 never_detected=1 ff_deaths=2 terminal=210 completions=2 recycles=2 removals=2 returns=2 wall=288s [valid 67/143]
[17:53:01] LAUNCH f2GES_south_half_404 running=12 free_kb=10547576 sims_boxwide=11 attempt=1
[17:53:13] DONE f2cGES_east_half_202 rc=0 661s f2cGES east/half seed=202 rescued=4 dead=0 unreachable=0 never_detected=0 ff_deaths=0 terminal=203 completions=4 recycles=4 removals=4 returns=4 wall=650s [valid 68/143]
[17:53:14] LAUNCH f2GES_south_half_505 running=12 free_kb=10547124 sims_boxwide=11 attempt=1
[17:53:18] .. alive runid=20260915-171212-20718 event_age=4s | total=143 valid=68 running=12 pending=63 launched=80 failed=0 gaveup=0 forkfail=0 free_kb=10547124 sims_boxwide=11 last_event_age=0s last_event_epoch=1789487594
[17:53:31] DONE f2cGES_east_def_303 rc=0 286s f2cGES east/default seed=303 rescued=2 dead=2 unreachable=0 never_detected=0 ff_deaths=1 terminal=126 completions=2 recycles=2 removals=2 returns=2 wall=285s [valid 69/143]
[17:53:32] LAUNCH f2GES_east_def_101 running=12 free_kb=11376372 sims_boxwide=11 attempt=1
[17:54:18] .. alive runid=20260915-171212-20718 event_age=47s | total=143 valid=69 running=12 pending=62 launched=81 failed=0 gaveup=0 forkfail=0 free_kb=11376372 sims_boxwide=11 last_event_age=1s last_event_epoch=1789487611
[17:55:01] DONE f2cGES_east_half_404 rc=0 712s f2cGES east/half seed=404 rescued=3 dead=1 unreachable=0 never_detected=0 ff_deaths=1 terminal=210 completions=3 recycles=3 removals=3 returns=3 wall=711s [valid 70/143]
[17:55:01] LAUNCH f2GES_east_def_202 running=12 free_kb=10500084 sims_boxwide=11 attempt=1
[17:55:18] .. alive runid=20260915-171212-20718 event_age=17s | total=143 valid=70 running=12 pending=61 launched=82 failed=0 gaveup=0 forkfail=0 free_kb=10500084 sims_boxwide=11 last_event_age=0s last_event_epoch=1789487701
[17:56:00] DONE f2GES_south_half_303 rc=0 238s f2GES south/half seed=303 rescued=4 dead=0 unreachable=0 never_detected=0 ff_deaths=0 terminal=114 completions=4 recycles=4 removals=4 returns=4 wall=237s [valid 71/143]
[17:56:00] LAUNCH f2GES_east_def_303 running=12 free_kb=10436364 sims_boxwide=11 attempt=1
[17:56:18] .. alive runid=20260915-171212-20718 event_age=18s | total=143 valid=71 running=12 pending=60 launched=83 failed=0 gaveup=0 forkfail=0 free_kb=10436364 sims_boxwide=11 last_event_age=0s last_event_epoch=1789487760
[17:56:40] DONE f2GES_south_half_202 rc=0 295s f2GES south/half seed=202 rescued=3 dead=0 unreachable=0 never_detected=0 ff_deaths=1 terminal=None completions=3 recycles=3 removals=3 returns=3 wall=294s [valid 72/143]
[17:56:40] LAUNCH f2cEFS_east_half_606 running=12 free_kb=10452844 sims_boxwide=11 attempt=1
[17:56:57] DONE f2GES_east_half_202 rc=0 453s f2GES east/half seed=202 rescued=3 dead=1 unreachable=0 never_detected=0 ff_deaths=0 terminal=104 completions=3 recycles=3 removals=3 returns=3 wall=451s [valid 73/143]
[17:56:58] LAUNCH f2cEFS_east_half_707 running=12 free_kb=10467084 sims_boxwide=11 attempt=1
[17:57:10] DONE f2GES_south_half_101 rc=0 339s f2GES south/half seed=101 rescued=2 dead=1 unreachable=1 never_detected=0 ff_deaths=2 terminal=159 completions=2 recycles=2 removals=2 returns=2 wall=337s [valid 74/143]
[17:57:11] LAUNCH f2cEFS_east_half_808 running=12 free_kb=10376716 sims_boxwide=11 attempt=1
[17:57:18] .. alive runid=20260915-171212-20718 event_age=7s | total=143 valid=74 running=12 pending=57 launched=86 failed=0 gaveup=0 forkfail=0 free_kb=10376716 sims_boxwide=11 last_event_age=0s last_event_epoch=1789487831
[17:57:32] DONE f2GES_south_half_505 rc=0 257s f2GES south/half seed=505 rescued=3 dead=1 unreachable=0 never_detected=0 ff_deaths=0 terminal=114 completions=3 recycles=3 removals=3 returns=3 wall=256s [valid 75/143]
[17:57:32] LAUNCH f2cEFS_east_half_909 running=12 free_kb=10552496 sims_boxwide=11 attempt=1
[17:57:57] DONE f2GES_east_def_101 rc=0 266s f2GES east/default seed=101 rescued=3 dead=0 unreachable=1 never_detected=1 ff_deaths=0 terminal=215 completions=3 recycles=3 removals=3 returns=3 wall=264s [valid 76/143]
[17:57:58] LAUNCH f2cEFS_east_half_1010 running=12 free_kb=10373552 sims_boxwide=11 attempt=1
[17:58:18] .. alive runid=20260915-171212-20718 event_age=20s | total=143 valid=76 running=12 pending=55 launched=88 failed=0 gaveup=0 forkfail=0 free_kb=10373552 sims_boxwide=11 last_event_age=0s last_event_epoch=1789487878
[17:58:19] DONE f2GES_east_half_505 rc=0 421s f2GES east/half seed=505 rescued=3 dead=1 unreachable=0 never_detected=0 ff_deaths=0 terminal=109 completions=3 recycles=3 removals=3 returns=3 wall=420s [valid 77/143]
[17:58:20] LAUNCH f2cEFS_south_half_606 running=12 free_kb=10429976 sims_boxwide=11 attempt=1
[17:58:32] DONE f2GES_south_half_404 rc=0 331s f2GES south/half seed=404 rescued=3 dead=1 unreachable=0 never_detected=0 ff_deaths=0 terminal=189 completions=3 recycles=3 removals=3 returns=3 wall=321s [valid 78/143]
[17:58:33] LAUNCH f2cEFS_south_half_707 running=12 free_kb=10376200 sims_boxwide=11 attempt=1
[17:59:18] .. alive runid=20260915-171212-20718 event_age=45s | total=143 valid=78 running=12 pending=53 launched=90 failed=0 gaveup=0 forkfail=0 free_kb=10376200 sims_boxwide=11 last_event_age=0s last_event_epoch=1789487913
[17:59:23] DONE f2GES_east_def_202 rc=0 261s f2GES east/default seed=202 rescued=3 dead=1 unreachable=0 never_detected=0 ff_deaths=0 terminal=181 completions=3 recycles=3 removals=3 returns=3 wall=260s [valid 79/143]
[17:59:23] LAUNCH f2cEFS_south_half_808 running=12 free_kb=10461240 sims_boxwide=11 attempt=1
[17:59:36] DONE f2GES_east_half_101 rc=0 638s f2GES east/half seed=101 rescued=4 dead=0 unreachable=0 never_detected=0 ff_deaths=1 terminal=127 completions=4 recycles=4 removals=4 returns=4 wall=627s [valid 80/143]
[17:59:36] LAUNCH f2cEFS_south_half_909 running=12 free_kb=10515592 sims_boxwide=11 attempt=1
[18:00:18] .. alive runid=20260915-171212-20718 event_age=42s | total=143 valid=80 running=12 pending=51 launched=92 failed=0 gaveup=0 forkfail=0 free_kb=10515592 sims_boxwide=11 last_event_age=1s last_event_epoch=1789487976
[18:00:43] DONE f2GES_east_def_303 rc=0 283s f2GES east/default seed=303 rescued=3 dead=1 unreachable=0 never_detected=0 ff_deaths=0 terminal=130 completions=3 recycles=3 removals=3 returns=3 wall=281s [valid 81/143]
[18:00:44] LAUNCH f2cEFS_south_half_1010 running=12 free_kb=10314720 sims_boxwide=11 attempt=1
[18:00:56] DONE f2GES_east_half_404 rc=0 612s f2GES east/half seed=404 rescued=2 dead=2 unreachable=0 never_detected=0 ff_deaths=0 terminal=162 completions=2 recycles=2 removals=2 returns=2 wall=602s [valid 82/143]
[18:00:57] LAUNCH f2cDRY_east_half_606 running=12 free_kb=10343344 sims_boxwide=11 attempt=1
[18:01:16] DONE f2GES_east_half_303 rc=0 676s f2GES east/half seed=303 rescued=3 dead=1 unreachable=0 never_detected=0 ff_deaths=0 terminal=219 completions=3 recycles=3 removals=3 returns=3 wall=675s [valid 83/143]
[18:01:17] LAUNCH f2cDRY_east_half_707 running=12 free_kb=10358340 sims_boxwide=11 attempt=1
[18:01:18] .. alive runid=20260915-171212-20718 event_age=1s | total=143 valid=83 running=12 pending=48 launched=95 failed=0 gaveup=0 forkfail=0 free_kb=10358340 sims_boxwide=11 last_event_age=0s last_event_epoch=1789488077
[18:02:19] .. alive runid=20260915-171212-20718 event_age=62s | total=143 valid=83 running=12 pending=48 launched=95 failed=0 gaveup=0 forkfail=0 free_kb=10358340 sims_boxwide=11 last_event_age=0s last_event_epoch=1789488077
[18:03:19] .. alive runid=20260915-171212-20718 event_age=122s | total=143 valid=83 running=12 pending=48 launched=95 failed=0 gaveup=0 forkfail=0 free_kb=10358340 sims_boxwide=11 last_event_age=0s last_event_epoch=1789488077
[18:03:34] DONE f2cEFS_south_half_606 rc=0 314s f2cEFS south/half seed=606 rescued=3 dead=1 unreachable=0 never_detected=0 ff_deaths=0 terminal=99 completions=3 recycles=3 removals=3 returns=3 wall=313s [valid 84/143]
[18:03:35] LAUNCH f2cDRY_east_half_808 running=12 free_kb=10227732 sims_boxwide=11 attempt=1
[18:03:47] DONE f2cEFS_south_half_707 rc=0 314s f2cEFS south/half seed=707 rescued=4 dead=0 unreachable=0 never_detected=0 ff_deaths=0 terminal=190 completions=4 recycles=4 removals=4 returns=4 wall=302s [valid 85/143]
[18:03:48] LAUNCH f2cDRY_east_half_909 running=12 free_kb=10329260 sims_boxwide=11 attempt=1
[18:04:08] DONE f2cEFS_south_half_808 rc=0 285s f2cEFS south/half seed=808 rescued=3 dead=1 unreachable=0 never_detected=0 ff_deaths=1 terminal=150 completions=3 recycles=3 removals=3 returns=3 wall=283s [valid 86/143]
[18:04:09] LAUNCH f2cDRY_east_half_1010 running=12 free_kb=10341620 sims_boxwide=11 attempt=1
[18:04:19] .. alive runid=20260915-171212-20718 event_age=10s | total=143 valid=86 running=12 pending=45 launched=98 failed=0 gaveup=0 forkfail=0 free_kb=10341620 sims_boxwide=11 last_event_age=0s last_event_epoch=1789488249
[18:04:41] DONE f2cEFS_south_half_909 rc=0 305s f2cEFS south/half seed=909 rescued=3 dead=0 unreachable=0 never_detected=0 ff_deaths=1 terminal=None completions=3 recycles=3 removals=3 returns=3 wall=303s [valid 87/143]
[18:04:42] LAUNCH f2cDRY_south_half_606 running=12 free_kb=10460896 sims_boxwide=11 attempt=1
[18:04:54] DONE f2cEFS_east_half_808 rc=0 463s f2cEFS east/half seed=808 rescued=3 dead=1 unreachable=0 never_detected=0 ff_deaths=0 terminal=99 completions=3 recycles=3 removals=3 returns=3 wall=452s [valid 88/143]
[18:04:55] LAUNCH f2cDRY_south_half_707 running=12 free_kb=10498236 sims_boxwide=11 attempt=1
[18:05:13] DONE f2cEFS_east_half_707 rc=0 494s f2cEFS east/half seed=707 rescued=3 dead=1 unreachable=0 never_detected=0 ff_deaths=0 terminal=99 completions=3 recycles=3 removals=3 returns=3 wall=493s [valid 89/143]
[18:05:13] LAUNCH f2cDRY_south_half_808 running=12 free_kb=10489120 sims_boxwide=11 attempt=1
[18:05:19] .. alive runid=20260915-171212-20718 event_age=6s | total=143 valid=89 running=12 pending=42 launched=101 failed=0 gaveup=0 forkfail=0 free_kb=10489120 sims_boxwide=11 last_event_age=0s last_event_epoch=1789488313
[18:06:19] .. alive runid=20260915-171212-20718 event_age=66s | total=143 valid=89 running=12 pending=42 launched=101 failed=0 gaveup=0 forkfail=0 free_kb=10489120 sims_boxwide=11 last_event_age=0s last_event_epoch=1789488313
[18:06:45] DONE f2cEFS_east_half_606 rc=0 605s f2cEFS east/half seed=606 rescued=3 dead=1 unreachable=0 never_detected=0 ff_deaths=1 terminal=192 completions=3 recycles=3 removals=3 returns=3 wall=603s [valid 90/143]
[18:06:46] LAUNCH f2cDRY_south_half_909 running=12 free_kb=10395868 sims_boxwide=11 attempt=1
[18:07:12] DONE f2cEFS_east_half_909 rc=0 580s f2cEFS east/half seed=909 rescued=3 dead=1 unreachable=0 never_detected=0 ff_deaths=1 terminal=174 completions=3 recycles=3 removals=3 returns=3 wall=578s [valid 91/143]
[18:07:13] LAUNCH f2cDRY_south_half_1010 running=12 free_kb=10430008 sims_boxwide=11 attempt=1
[18:07:19] .. alive runid=20260915-171212-20718 event_age=6s | total=143 valid=91 running=12 pending=40 launched=103 failed=0 gaveup=0 forkfail=0 free_kb=10430008 sims_boxwide=11 last_event_age=0s last_event_epoch=1789488433
[18:08:17] DONE f2cEFS_south_half_1010 rc=0 453s f2cEFS south/half seed=1010 rescued=2 dead=1 unreachable=1 never_detected=1 ff_deaths=1 terminal=210 completions=2 recycles=2 removals=2 returns=2 wall=451s [valid 92/143]
[18:08:18] LAUNCH f2cGW_east_half_606 running=12 free_kb=10447892 sims_boxwide=11 attempt=1
[18:08:19] .. alive runid=20260915-171212-20718 event_age=1s | total=143 valid=92 running=12 pending=39 launched=104 failed=0 gaveup=0 forkfail=0 free_kb=10447892 sims_boxwide=11 last_event_age=0s last_event_epoch=1789488498
[18:09:19] .. alive runid=20260915-171212-20718 event_age=61s | total=143 valid=92 running=12 pending=39 launched=104 failed=0 gaveup=0 forkfail=0 free_kb=10447892 sims_boxwide=11 last_event_age=0s last_event_epoch=1789488498
[18:09:49] DONE f2cDRY_south_half_707 rc=0 293s f2cDRY south/half seed=707 rescued=4 dead=0 unreachable=0 never_detected=0 ff_deaths=1 terminal=190 completions=4 recycles=4 removals=4 returns=4 wall=292s [valid 93/143]
[18:09:49] LAUNCH f2cGW_east_half_707 running=12 free_kb=10419472 sims_boxwide=11 attempt=1
[18:10:02] DONE f2cDRY_east_half_707 rc=0 524s f2cDRY east/half seed=707 rescued=3 dead=1 unreachable=0 never_detected=0 ff_deaths=1 terminal=99 completions=3 recycles=3 removals=3 returns=3 wall=518s [valid 94/143]
[18:10:02] DONE f2cDRY_south_half_808 rc=0 289s f2cDRY south/half seed=808 rescued=3 dead=1 unreachable=0 never_detected=0 ff_deaths=1 terminal=150 completions=3 recycles=3 removals=3 returns=3 wall=282s [valid 95/143]
[18:10:02] DONE f2cDRY_south_half_606 rc=0 320s f2cDRY south/half seed=606 rescued=3 dead=1 unreachable=0 never_detected=0 ff_deaths=2 terminal=99 completions=3 recycles=3 removals=3 returns=3 wall=314s [valid 96/143]
[18:10:03] LAUNCH f2cGW_east_half_808 running=10 free_kb=12033296 sims_boxwide=9 attempt=1
[18:10:16] LAUNCH f2cGW_east_half_909 running=11 free_kb=11379828 sims_boxwide=10 attempt=1
[18:10:19] .. alive runid=20260915-171212-20718 event_age=3s | total=143 valid=96 running=11 pending=36 launched=107 failed=0 gaveup=0 forkfail=0 free_kb=11379828 sims_boxwide=10 last_event_age=0s last_event_epoch=1789488616
[18:10:29] LAUNCH f2cGW_east_half_1010 running=12 free_kb=10507140 sims_boxwide=11 attempt=1
[18:11:02] DONE f2cDRY_east_half_606 rc=0 605s f2cDRY east/half seed=606 rescued=3 dead=1 unreachable=0 never_detected=0 ff_deaths=1 terminal=192 completions=3 recycles=3 removals=3 returns=3 wall=603s [valid 97/143]
[18:11:03] LAUNCH f2cGW_south_half_606 running=12 free_kb=10499844 sims_boxwide=11 attempt=1
[18:11:16] DONE f2cDRY_east_half_808 rc=0 460s f2cDRY east/half seed=808 rescued=3 dead=1 unreachable=0 never_detected=0 ff_deaths=0 terminal=99 completions=3 recycles=3 removals=3 returns=3 wall=451s [valid 98/143]
[18:11:16] LAUNCH f2cGW_south_half_707 running=12 free_kb=10509400 sims_boxwide=11 attempt=1
[18:11:19] .. alive runid=20260915-171212-20718 event_age=3s | total=143 valid=98 running=12 pending=33 launched=110 failed=0 gaveup=0 forkfail=0 free_kb=10509400 sims_boxwide=11 last_event_age=0s last_event_epoch=1789488676
[18:11:29] DONE f2cEFS_east_half_1010 rc=0 810s f2cEFS east/half seed=1010 rescued=3 dead=0 unreachable=0 never_detected=0 ff_deaths=0 terminal=None completions=3 recycles=3 removals=3 returns=3 wall=802s [valid 99/143]
[18:11:29] LAUNCH f2cGW_south_half_808 running=12 free_kb=11413560 sims_boxwide=11 attempt=1
[18:11:46] DONE f2cDRY_south_half_909 rc=0 300s f2cDRY south/half seed=909 rescued=3 dead=0 unreachable=0 never_detected=0 ff_deaths=1 terminal=None completions=3 recycles=3 removals=3 returns=3 wall=299s [valid 100/143]
[18:11:47] LAUNCH f2cGW_south_half_909 running=12 free_kb=10617404 sims_boxwide=11 attempt=1
[18:12:19] .. alive runid=20260915-171212-20718 event_age=32s | total=143 valid=100 running=12 pending=31 launched=112 failed=0 gaveup=0 forkfail=0 free_kb=10617404 sims_boxwide=11 last_event_age=0s last_event_epoch=1789488707
[18:13:19] .. alive runid=20260915-171212-20718 event_age=92s | total=143 valid=100 running=12 pending=31 launched=112 failed=0 gaveup=0 forkfail=0 free_kb=10617404 sims_boxwide=11 last_event_age=0s last_event_epoch=1789488707
[18:13:51] DONE f2cDRY_east_half_909 rc=0 603s f2cDRY east/half seed=909 rescued=3 dead=1 unreachable=0 never_detected=0 ff_deaths=1 terminal=174 completions=3 recycles=3 removals=3 returns=3 wall=601s [valid 101/143]
[18:13:52] LAUNCH f2cGW_south_half_1010 running=12 free_kb=11263332 sims_boxwide=11 attempt=1
[18:14:20] .. alive runid=20260915-171212-20718 event_age=28s | total=143 valid=101 running=12 pending=30 launched=113 failed=0 gaveup=0 forkfail=0 free_kb=11263332 sims_boxwide=11 last_event_age=0s last_event_epoch=1789488832
[18:14:24] DONE f2cDRY_south_half_1010 rc=0 431s f2cDRY south/half seed=1010 rescued=2 dead=1 unreachable=1 never_detected=1 ff_deaths=1 terminal=210 completions=2 recycles=2 removals=2 returns=2 wall=430s [valid 102/143]
[18:14:25] LAUNCH f2cGF_east_half_606 running=12 free_kb=11308584 sims_boxwide=11 attempt=1
[18:15:20] .. alive runid=20260915-171212-20718 event_age=55s | total=143 valid=102 running=12 pending=29 launched=114 failed=0 gaveup=0 forkfail=0 free_kb=11308584 sims_boxwide=11 last_event_age=0s last_event_epoch=1789488865
[18:16:13] DONE f2cGW_south_half_707 rc=0 297s f2cGW south/half seed=707 rescued=3 dead=0 unreachable=0 never_detected=0 ff_deaths=0 terminal=None completions=3 recycles=3 removals=3 returns=3 wall=295s [valid 103/143]
[18:16:14] LAUNCH f2cGF_east_half_707 running=12 free_kb=11362312 sims_boxwide=11 attempt=1
[18:16:20] .. alive runid=20260915-171212-20718 event_age=6s | total=143 valid=103 running=12 pending=28 launched=115 failed=0 gaveup=0 forkfail=0 free_kb=11362312 sims_boxwide=11 last_event_age=0s last_event_epoch=1789488974
[18:16:26] DONE f2cGW_south_half_808 rc=0 297s f2cGW south/half seed=808 rescued=3 dead=1 unreachable=0 never_detected=0 ff_deaths=0 terminal=164 completions=3 recycles=3 removals=3 returns=3 wall=286s [valid 104/143]
[18:16:27] LAUNCH f2cGF_east_half_808 running=12 free_kb=11376516 sims_boxwide=11 attempt=1
[18:16:48] DONE f2cGW_south_half_606 rc=0 345s f2cGW south/half seed=606 rescued=3 dead=1 unreachable=0 never_detected=0 ff_deaths=0 terminal=116 completions=3 recycles=3 removals=3 returns=3 wall=343s [valid 105/143]
[18:16:49] LAUNCH f2cGF_east_half_909 running=12 free_kb=11369492 sims_boxwide=11 attempt=1
[18:17:01] DONE f2cGW_south_half_909 rc=0 314s f2cGW south/half seed=909 rescued=3 dead=0 unreachable=1 never_detected=0 ff_deaths=2 terminal=239 completions=3 recycles=3 removals=3 returns=3 wall=307s [valid 106/143]
[18:17:02] LAUNCH f2cGF_east_half_1010 running=12 free_kb=12239812 sims_boxwide=11 attempt=1
[18:17:16] DONE f2cDRY_east_half_1010 rc=0 787s f2cDRY east/half seed=1010 rescued=3 dead=0 unreachable=0 never_detected=0 ff_deaths=0 terminal=None completions=3 recycles=3 removals=3 returns=3 wall=786s [valid 107/143]
[18:17:17] LAUNCH f2cGF_south_half_606 running=12 free_kb=10465388 sims_boxwide=11 attempt=1
[18:17:20] .. alive runid=20260915-171212-20718 event_age=3s | total=143 valid=107 running=12 pending=24 launched=119 failed=0 gaveup=0 forkfail=0 free_kb=10465388 sims_boxwide=11 last_event_age=0s last_event_epoch=1789489037
[18:17:29] DONE f2cGW_east_half_606 rc=0 551s f2cGW east/half seed=606 rescued=4 dead=0 unreachable=0 never_detected=0 ff_deaths=0 terminal=167 completions=4 recycles=4 removals=4 returns=4 wall=549s [valid 108/143]
[18:17:30] DONE f2cGW_east_half_808 rc=0 446s f2cGW east/half seed=808 rescued=3 dead=1 unreachable=0 never_detected=0 ff_deaths=0 terminal=99 completions=3 recycles=3 removals=3 returns=3 wall=443s [valid 109/143]
[18:17:30] LAUNCH f2cGF_south_half_707 running=11 free_kb=11386172 sims_boxwide=10 attempt=1
[18:17:43] LAUNCH f2cGF_south_half_808 running=12 free_kb=10532648 sims_boxwide=11 attempt=1
[18:18:01] DONE f2cGW_east_half_707 rc=0 492s f2cGW east/half seed=707 rescued=3 dead=1 unreachable=0 never_detected=0 ff_deaths=0 terminal=94 completions=3 recycles=3 removals=3 returns=3 wall=490s [valid 110/143]
[18:18:02] LAUNCH f2cGF_south_half_909 running=12 free_kb=10535748 sims_boxwide=11 attempt=1
[18:18:20] .. alive runid=20260915-171212-20718 event_age=18s | total=143 valid=110 running=12 pending=21 launched=122 failed=0 gaveup=0 forkfail=0 free_kb=10535748 sims_boxwide=11 last_event_age=0s last_event_epoch=1789489082
[18:19:20] .. alive runid=20260915-171212-20718 event_age=78s | total=143 valid=110 running=12 pending=21 launched=122 failed=0 gaveup=0 forkfail=0 free_kb=10535748 sims_boxwide=11 last_event_age=0s last_event_epoch=1789489082
[18:19:36] DONE f2cGW_east_half_1010 rc=0 547s f2cGW east/half seed=1010 rescued=4 dead=0 unreachable=0 never_detected=0 ff_deaths=0 terminal=146 completions=4 recycles=4 removals=4 returns=4 wall=546s [valid 111/143]
[18:19:37] LAUNCH f2cGF_south_half_1010 running=12 free_kb=11397360 sims_boxwide=11 attempt=1
[18:20:20] .. alive runid=20260915-171212-20718 event_age=43s | total=143 valid=111 running=12 pending=20 launched=123 failed=0 gaveup=0 forkfail=0 free_kb=11397360 sims_boxwide=11 last_event_age=0s last_event_epoch=1789489177
[18:20:43] DONE f2cGW_east_half_909 rc=0 626s f2cGW east/half seed=909 rescued=3 dead=1 unreachable=0 never_detected=0 ff_deaths=1 terminal=180 completions=3 recycles=3 removals=3 returns=3 wall=625s [valid 112/143]
[18:20:43] LAUNCH f2cGES_east_half_606 running=12 free_kb=10448088 sims_boxwide=11 attempt=1
[18:21:02] DONE f2cGW_south_half_1010 rc=0 430s f2cGW south/half seed=1010 rescued=3 dead=0 unreachable=1 never_detected=1 ff_deaths=0 terminal=210 completions=3 recycles=3 removals=3 returns=3 wall=429s [valid 113/143]
[18:21:03] LAUNCH f2cGES_east_half_707 running=12 free_kb=10487036 sims_boxwide=11 attempt=1
[18:21:20] .. alive runid=20260915-171212-20718 event_age=17s | total=143 valid=113 running=12 pending=18 launched=125 failed=0 gaveup=0 forkfail=0 free_kb=10487036 sims_boxwide=11 last_event_age=0s last_event_epoch=1789489263
[18:22:20] .. alive runid=20260915-171212-20718 event_age=77s | total=143 valid=113 running=12 pending=18 launched=125 failed=0 gaveup=0 forkfail=0 free_kb=10487036 sims_boxwide=11 last_event_age=0s last_event_epoch=1789489263
[18:22:39] DONE f2cGF_south_half_808 rc=0 295s f2cGF south/half seed=808 rescued=3 dead=1 unreachable=0 never_detected=0 ff_deaths=0 terminal=164 completions=3 recycles=3 removals=3 returns=3 wall=294s [valid 114/143]
[18:22:40] LAUNCH f2cGES_east_half_808 running=12 free_kb=10457876 sims_boxwide=11 attempt=1
[18:23:02] DONE f2cGF_south_half_909 rc=0 300s f2cGF south/half seed=909 rescued=3 dead=0 unreachable=1 never_detected=0 ff_deaths=2 terminal=239 completions=3 recycles=3 removals=3 returns=3 wall=299s [valid 115/143]
[18:23:03] LAUNCH f2cGES_east_half_909 running=12 free_kb=10483212 sims_boxwide=11 attempt=1
[18:23:15] DONE f2cGF_south_half_707 rc=0 345s f2cGF south/half seed=707 rescued=3 dead=0 unreachable=0 never_detected=0 ff_deaths=0 terminal=None completions=3 recycles=3 removals=3 returns=3 wall=332s [valid 116/143]
[18:23:16] DONE f2cGF_south_half_606 rc=0 358s f2cGF south/half seed=606 rescued=3 dead=1 unreachable=0 never_detected=0 ff_deaths=0 terminal=116 completions=3 recycles=3 removals=3 returns=3 wall=349s [valid 117/143]
[18:23:17] LAUNCH f2cGES_east_half_1010 running=11 free_kb=11405652 sims_boxwide=10 attempt=1
[18:23:20] .. alive runid=20260915-171212-20718 event_age=3s | total=143 valid=117 running=11 pending=15 launched=128 failed=0 gaveup=0 forkfail=0 free_kb=11405652 sims_boxwide=10 last_event_age=0s last_event_epoch=1789489397
[18:23:29] LAUNCH f2cGES_south_half_606 running=12 free_kb=10518496 sims_boxwide=11 attempt=1
[18:23:42] DONE f2cGF_east_half_606 rc=0 556s f2cGF east/half seed=606 rescued=4 dead=0 unreachable=0 never_detected=0 ff_deaths=0 terminal=167 completions=4 recycles=4 removals=4 returns=4 wall=548s [valid 118/143]
[18:23:43] LAUNCH f2cGES_south_half_707 running=12 free_kb=10553360 sims_boxwide=11 attempt=1
[18:23:55] DONE f2cGF_east_half_808 rc=0 448s f2cGF east/half seed=808 rescued=3 dead=1 unreachable=0 never_detected=0 ff_deaths=0 terminal=99 completions=3 recycles=3 removals=3 returns=3 wall=445s [valid 119/143]
[18:23:56] LAUNCH f2cGES_south_half_808 running=12 free_kb=10586272 sims_boxwide=11 attempt=1
[18:24:20] .. alive runid=20260915-171212-20718 event_age=24s | total=143 valid=119 running=12 pending=12 launched=131 failed=0 gaveup=0 forkfail=0 free_kb=10586272 sims_boxwide=11 last_event_age=0s last_event_epoch=1789489436
[18:24:32] DONE f2cGF_east_half_707 rc=0 498s f2cGF east/half seed=707 rescued=3 dead=1 unreachable=0 never_detected=0 ff_deaths=0 terminal=94 completions=3 recycles=3 removals=3 returns=3 wall=497s [valid 120/143]
[18:24:33] LAUNCH f2cGES_south_half_909 running=12 free_kb=11406312 sims_boxwide=11 attempt=1
[18:25:21] .. alive runid=20260915-171212-20718 event_age=48s | total=143 valid=120 running=12 pending=11 launched=132 failed=0 gaveup=0 forkfail=0 free_kb=11406312 sims_boxwide=11 last_event_age=0s last_event_epoch=1789489473
[18:26:03] DONE f2cGF_east_half_1010 rc=0 541s f2cGF east/half seed=1010 rescued=4 dead=0 unreachable=0 never_detected=0 ff_deaths=0 terminal=146 completions=4 recycles=4 removals=4 returns=4 wall=539s [valid 121/143]
[18:26:04] LAUNCH f2cGES_south_half_1010 running=12 free_kb=10507088 sims_boxwide=11 attempt=1
[18:26:21] .. alive runid=20260915-171212-20718 event_age=17s | total=143 valid=121 running=12 pending=10 launched=133 failed=0 gaveup=0 forkfail=0 free_kb=10507088 sims_boxwide=11 last_event_age=0s last_event_epoch=1789489564
[18:26:37] DONE f2cGF_east_half_909 rc=0 588s f2cGF east/half seed=909 rescued=3 dead=1 unreachable=0 never_detected=0 ff_deaths=1 terminal=180 completions=3 recycles=3 removals=3 returns=3 wall=586s [valid 122/143]
[18:26:38] LAUNCH f2GES_east_half_606 running=12 free_kb=10533600 sims_boxwide=11 attempt=1
[18:26:51] DONE f2cGF_south_half_1010 rc=0 433s f2cGF south/half seed=1010 rescued=3 dead=0 unreachable=1 never_detected=1 ff_deaths=0 terminal=210 completions=3 recycles=3 removals=3 returns=3 wall=432s [valid 123/143]
[18:26:51] LAUNCH f2GES_east_half_707 running=12 free_kb=10553416 sims_boxwide=11 attempt=1
[18:27:21] .. alive runid=20260915-171212-20718 event_age=30s | total=143 valid=123 running=12 pending=8 launched=135 failed=0 gaveup=0 forkfail=0 free_kb=10553416 sims_boxwide=11 last_event_age=0s last_event_epoch=1789489611
[18:28:21] .. alive runid=20260915-171212-20718 event_age=90s | total=143 valid=123 running=12 pending=8 launched=135 failed=0 gaveup=0 forkfail=0 free_kb=10553416 sims_boxwide=11 last_event_age=0s last_event_epoch=1789489611
[18:28:42] DONE f2cGES_south_half_707 rc=0 299s f2cGES south/half seed=707 rescued=3 dead=0 unreachable=0 never_detected=0 ff_deaths=0 terminal=None completions=3 recycles=3 removals=3 returns=3 wall=298s [valid 124/143]
[18:28:43] LAUNCH f2GES_east_half_808 running=12 free_kb=10444996 sims_boxwide=11 attempt=1
[18:28:55] DONE f2cGES_south_half_808 rc=0 299s f2cGES south/half seed=808 rescued=3 dead=1 unreachable=0 never_detected=0 ff_deaths=0 terminal=164 completions=3 recycles=3 removals=3 returns=3 wall=287s [valid 125/143]
[18:28:56] LAUNCH f2GES_east_half_909 running=12 free_kb=10489548 sims_boxwide=11 attempt=1
[18:29:21] DONE f2cGES_east_half_707 rc=0 497s f2cGES east/half seed=707 rescued=3 dead=1 unreachable=0 never_detected=0 ff_deaths=0 terminal=94 completions=3 recycles=3 removals=3 returns=3 wall=496s [valid 126/143]
[18:29:21] .. alive runid=20260915-171212-20718 event_age=1s | total=143 valid=126 running=11 pending=6 launched=137 failed=0 gaveup=0 forkfail=0 free_kb=10489548 sims_boxwide=11 last_event_age=1s last_event_epoch=1789489760
[18:29:21] LAUNCH f2GES_east_half_1010 running=12 free_kb=10376400 sims_boxwide=11 attempt=1
[18:29:34] DONE f2cGES_south_half_606 rc=0 365s f2cGES south/half seed=606 rescued=3 dead=1 unreachable=0 never_detected=0 ff_deaths=1 terminal=116 completions=3 recycles=3 removals=3 returns=3 wall=351s [valid 127/143]
[18:29:35] LAUNCH f2GES_south_half_606 running=12 free_kb=10393428 sims_boxwide=11 attempt=1
[18:29:47] DONE f2cGES_south_half_909 rc=0 314s f2cGES south/half seed=909 rescued=3 dead=0 unreachable=1 never_detected=0 ff_deaths=2 terminal=239 completions=3 recycles=3 removals=3 returns=3 wall=302s [valid 128/143]
[18:29:47] DONE f2GES_east_half_707 rc=0 176s f2GES east/half seed=707 rescued=2 dead=0 unreachable=2 never_detected=2 ff_deaths=0 terminal=210 completions=2 recycles=2 removals=2 returns=2 wall=166s [valid 129/143]
[18:29:48] LAUNCH f2GES_south_half_707 running=11 free_kb=11307420 sims_boxwide=10 attempt=1
[18:30:01] LAUNCH f2GES_south_half_808 running=12 free_kb=10414364 sims_boxwide=11 attempt=1
[18:30:13] DONE f2cGES_east_half_606 rc=0 570s f2cGES east/half seed=606 rescued=4 dead=0 unreachable=0 never_detected=0 ff_deaths=0 terminal=167 completions=4 recycles=4 removals=4 returns=4 wall=560s [valid 130/143]
[18:30:14] LAUNCH f2GES_south_half_909 running=12 free_kb=10426396 sims_boxwide=11 attempt=1
[18:30:21] .. alive runid=20260915-171212-20718 event_age=7s | total=143 valid=130 running=12 pending=1 launched=142 failed=0 gaveup=0 forkfail=0 free_kb=10426396 sims_boxwide=11 last_event_age=0s last_event_epoch=1789489814
[18:30:26] DONE f2cGES_east_half_808 rc=0 466s f2cGES east/half seed=808 rescued=3 dead=1 unreachable=0 never_detected=0 ff_deaths=0 terminal=99 completions=3 recycles=3 removals=3 returns=3 wall=455s [valid 131/143]
[18:30:27] LAUNCH f2GES_south_half_1010 running=12 free_kb=10385492 sims_boxwide=11 attempt=1
[18:31:21] .. alive runid=20260915-171212-20718 event_age=54s | total=143 valid=131 running=12 pending=0 launched=143 failed=0 gaveup=0 forkfail=0 free_kb=10385492 sims_boxwide=11 last_event_age=0s last_event_epoch=1789489827
[18:32:21] .. alive runid=20260915-171212-20718 event_age=114s | total=143 valid=131 running=12 pending=0 launched=143 failed=0 gaveup=0 forkfail=0 free_kb=10385492 sims_boxwide=11 last_event_age=0s last_event_epoch=1789489827
[18:32:24] DONE f2cGES_east_half_1010 rc=0 546s f2cGES east/half seed=1010 rescued=4 dead=0 unreachable=0 never_detected=0 ff_deaths=1 terminal=146 completions=4 recycles=4 removals=4 returns=4 wall=545s [valid 132/143]
[18:33:11] DONE f2cGES_east_half_909 rc=0 608s f2cGES east/half seed=909 rescued=3 dead=1 unreachable=0 never_detected=0 ff_deaths=1 terminal=180 completions=3 recycles=3 removals=3 returns=3 wall=606s [valid 133/143]
[18:33:14] DONE f2cGES_south_half_1010 rc=0 429s f2cGES south/half seed=1010 rescued=3 dead=0 unreachable=1 never_detected=1 ff_deaths=0 terminal=210 completions=3 recycles=3 removals=3 returns=3 wall=428s [valid 134/143]
[18:33:21] .. alive runid=20260915-171212-20718 event_age=8s | total=143 valid=134 running=9 pending=0 launched=143 failed=0 gaveup=0 forkfail=0 free_kb=10385492 sims_boxwide=11 last_event_age=1s last_event_epoch=1789489993
[18:34:01] DONE f2GES_south_half_707 rc=0 253s f2GES south/half seed=707 rescued=3 dead=1 unreachable=0 never_detected=0 ff_deaths=0 terminal=198 completions=3 recycles=3 removals=3 returns=3 wall=252s [valid 135/143]
[18:34:21] .. alive runid=20260915-171212-20718 event_age=20s | total=143 valid=135 running=8 pending=0 launched=143 failed=0 gaveup=0 forkfail=0 free_kb=10385492 sims_boxwide=11 last_event_age=0s last_event_epoch=1789490041
[18:34:37] DONE f2GES_south_half_808 rc=0 275s f2GES south/half seed=808 rescued=2 dead=1 unreachable=0 never_detected=0 ff_deaths=0 terminal=None completions=2 recycles=2 removals=2 returns=2 wall=274s [valid 136/143]
[18:34:47] DONE f2GES_south_half_606 rc=0 312s f2GES south/half seed=606 rescued=3 dead=0 unreachable=1 never_detected=1 ff_deaths=1 terminal=210 completions=3 recycles=3 removals=3 returns=3 wall=311s [valid 137/143]
[18:35:21] .. alive runid=20260915-171212-20718 event_age=34s | total=143 valid=137 running=6 pending=0 launched=143 failed=0 gaveup=0 forkfail=0 free_kb=10385492 sims_boxwide=11 last_event_age=0s last_event_epoch=1789490087
[18:35:30] DONE f2GES_east_half_808 rc=0 407s f2GES east/half seed=808 rescued=3 dead=1 unreachable=0 never_detected=0 ff_deaths=0 terminal=99 completions=3 recycles=3 removals=3 returns=3 wall=405s [valid 138/143]
[18:35:41] DONE f2GES_south_half_1010 rc=0 314s f2GES south/half seed=1010 rescued=3 dead=0 unreachable=1 never_detected=1 ff_deaths=1 terminal=210 completions=3 recycles=3 removals=3 returns=3 wall=312s [valid 139/143]
[18:36:22] .. alive runid=20260915-171212-20718 event_age=41s | total=143 valid=139 running=4 pending=0 launched=143 failed=0 gaveup=0 forkfail=0 free_kb=10385492 sims_boxwide=11 last_event_age=0s last_event_epoch=1789490141
[18:36:27] DONE f2GES_south_half_909 rc=0 372s f2GES south/half seed=909 rescued=3 dead=1 unreachable=0 never_detected=0 ff_deaths=0 terminal=219 completions=3 recycles=3 removals=3 returns=3 wall=371s [valid 140/143]
[18:36:54] DONE f2GES_east_half_909 rc=0 478s f2GES east/half seed=909 rescued=4 dead=0 unreachable=0 never_detected=0 ff_deaths=0 terminal=122 completions=4 recycles=4 removals=4 returns=4 wall=476s [valid 141/143]
[18:37:20] DONE f2GES_east_half_1010 rc=0 479s f2GES east/half seed=1010 rescued=3 dead=1 unreachable=0 never_detected=0 ff_deaths=0 terminal=105 completions=3 recycles=3 removals=3 returns=3 wall=477s [valid 142/143]
[18:37:22] .. alive runid=20260915-171212-20718 event_age=2s | total=143 valid=142 running=1 pending=0 launched=143 failed=0 gaveup=0 forkfail=0 free_kb=10385492 sims_boxwide=11 last_event_age=0s last_event_epoch=1789490240
[18:37:29] DONE f2GES_east_half_606 rc=0 650s f2GES east/half seed=606 rescued=3 dead=1 unreachable=0 never_detected=0 ff_deaths=1 terminal=207 completions=3 recycles=3 removals=3 returns=3 wall=649s [valid 143/143]
[18:37:29] MAIN LOOP LEFT pending=0 running=0
[18:37:30] FINAL SUMMARY total=143 valid=143 invalid=0 missing=0
[18:37:30] FINAL SUMMARY total=143 valid=143 invalid=0 missing=0 live_this_wave=0 sims_boxwide=0
[18:37:30] ALL_DCD4_COMPLETE runid=20260915-171212-20718 valid=143/143 launched=143 failed=0 forkfail=0
[18:38:22] HEARTBEAT EXIT runid=20260915-171212-20718 (sentinel)
