[18:02:23] POOL START wave=wave runid=20260919-180223-1794 restart=0 pid=1794 winpid=14960 head=a3a24f1 dirty_tracked=3 queue=outputs/_fm3_rb_queue.txt maxpar=4 minfree_kb=3500000
[18:02:24] ENV 3.10.11 mesa 1.2.1  prereg_sha256=6c7e4f002f3e6a7e queue_sha256=5a9c5914aa6d443f
[18:02:24] SHIPPED BASE_STATION_MODE=3 BASE_STATION_RETURN_MECHANISM=2 BASE_STATION_DEPOTS=9 BASE_STATION_SPAWN_SPLIT=2 UAV_RETURN_TO_BASE_RESERVE=0.0 BASE_STATION_RETURN_MARGIN=39.23 BASE_STATION_DOCK_FIX=2 BASE_STATION_RETURN_STALL_LIMIT=3 BASE_STATION_WAYPOINT_FIX=1 ROUTE_BLOCK_STALE_CLEAR=1 VICTIM_SEARCHER_HAZARD_RETREAT_RANGE=99
[18:02:25] VALIDATE total=4 valid=0 invalid=0 missing=4
[18:02:25] START STATE wave=wave total=4 valid=0 pending=4 live_orphans_this_wave=0 sims_boxwide=0 free_kb=22402036
[18:02:25] HEARTBEAT pid=1833 every 60s -> outputs/_fm3_rb_wave.log ; state file outputs/_fm3rb_state.txt ; sentinel outputs/_fm3rb_hb_20260919-180223-1794.stop
[18:02:26] LAUNCH f3RBGa_D_east running=1 free_kb=22395312 sims_boxwide=0 attempt=1
[18:02:39] LAUNCH f3RBGb_D_east running=2 free_kb=21495308 sims_boxwide=1 attempt=1
[18:02:51] LAUNCH f3RBGc_D_east running=3 free_kb=20644452 sims_boxwide=2 attempt=1
[18:02:52] REFUSED: lock outputs/_fm3rb.lock held by live pool pid=1794 winpid=14960
[18:03:04] LAUNCH f3RBGs_D_south running=4 free_kb=19693124 sims_boxwide=3 attempt=1
[18:03:25] .. alive runid=20260919-180223-1794 event_age=21s | wave=wave total=4 valid=0 running=4 pending=0 launched=4 failed=0 gaveup=0 forkfail=0 free_kb=19693124 sims_boxwide=3 last_event_age=0s last_event_epoch=1789833784
[18:04:25] .. alive runid=20260919-180223-1794 event_age=81s | wave=wave total=4 valid=0 running=4 pending=0 launched=4 failed=0 gaveup=0 forkfail=0 free_kb=19693124 sims_boxwide=3 last_event_age=0s last_event_epoch=1789833784
[18:05:25] .. alive runid=20260919-180223-1794 event_age=141s | wave=wave total=4 valid=0 running=4 pending=0 launched=4 failed=0 gaveup=0 forkfail=0 free_kb=19693124 sims_boxwide=3 last_event_age=0s last_event_epoch=1789833784
[18:06:25] .. alive runid=20260919-180223-1794 event_age=201s | wave=wave total=4 valid=0 running=4 pending=0 launched=4 failed=0 gaveup=0 forkfail=0 free_kb=19693124 sims_boxwide=3 last_event_age=0s last_event_epoch=1789833784
[18:07:25] .. alive runid=20260919-180223-1794 event_age=261s | wave=wave total=4 valid=0 running=4 pending=0 launched=4 failed=0 gaveup=0 forkfail=0 free_kb=19693124 sims_boxwide=3 last_event_age=0s last_event_epoch=1789833784
[18:08:26] .. alive runid=20260919-180223-1794 event_age=322s | wave=wave total=4 valid=0 running=4 pending=0 launched=4 failed=0 gaveup=0 forkfail=0 free_kb=19693124 sims_boxwide=3 last_event_age=0s last_event_epoch=1789833784
[18:09:26] .. alive runid=20260919-180223-1794 event_age=382s | wave=wave total=4 valid=0 running=4 pending=0 launched=4 failed=0 gaveup=0 forkfail=0 free_kb=19693124 sims_boxwide=3 last_event_age=0s last_event_epoch=1789833784
[18:10:26] .. alive runid=20260919-180223-1794 event_age=442s | wave=wave total=4 valid=0 running=4 pending=0 launched=4 failed=0 gaveup=0 forkfail=0 free_kb=19693124 sims_boxwide=3 last_event_age=0s last_event_epoch=1789833784
[18:11:26] .. alive runid=20260919-180223-1794 event_age=502s | wave=wave total=4 valid=0 running=4 pending=0 launched=4 failed=0 gaveup=0 forkfail=0 free_kb=19693124 sims_boxwide=3 last_event_age=0s last_event_epoch=1789833784
[18:12:26] .. alive runid=20260919-180223-1794 event_age=562s | wave=wave total=4 valid=0 running=4 pending=0 launched=4 failed=0 gaveup=0 forkfail=0 free_kb=19693124 sims_boxwide=3 last_event_age=0s last_event_epoch=1789833784
[18:13:26] .. alive runid=20260919-180223-1794 event_age=622s | wave=wave total=4 valid=0 running=4 pending=0 launched=4 failed=0 gaveup=0 forkfail=0 free_kb=19693124 sims_boxwide=3 last_event_age=0s last_event_epoch=1789833784
[18:14:26] .. alive runid=20260919-180223-1794 event_age=682s | wave=wave total=4 valid=0 running=4 pending=0 launched=4 failed=0 gaveup=0 forkfail=0 free_kb=19693124 sims_boxwide=3 last_event_age=0s last_event_epoch=1789833784
[18:15:26] .. alive runid=20260919-180223-1794 event_age=742s | wave=wave total=4 valid=0 running=4 pending=0 launched=4 failed=0 gaveup=0 forkfail=0 free_kb=19693124 sims_boxwide=3 last_event_age=0s last_event_epoch=1789833784
[18:16:26] .. alive runid=20260919-180223-1794 event_age=802s | wave=wave total=4 valid=0 running=4 pending=0 launched=4 failed=0 gaveup=0 forkfail=0 free_kb=19693124 sims_boxwide=3 last_event_age=0s last_event_epoch=1789833784
[18:17:26] .. alive runid=20260919-180223-1794 event_age=862s | wave=wave total=4 valid=0 running=4 pending=0 launched=4 failed=0 gaveup=0 forkfail=0 free_kb=19693124 sims_boxwide=3 last_event_age=0s last_event_epoch=1789833784
[18:18:26] .. alive runid=20260919-180223-1794 event_age=922s | wave=wave total=4 valid=0 running=4 pending=0 launched=4 failed=0 gaveup=0 forkfail=0 free_kb=19693124 sims_boxwide=3 last_event_age=0s last_event_epoch=1789833784
[18:19:26] .. alive runid=20260919-180223-1794 event_age=982s | wave=wave total=4 valid=0 running=4 pending=0 launched=4 failed=0 gaveup=0 forkfail=0 free_kb=19693124 sims_boxwide=3 last_event_age=0s last_event_epoch=1789833784
[18:20:26] .. alive runid=20260919-180223-1794 event_age=1042s | wave=wave total=4 valid=0 running=4 pending=0 launched=4 failed=0 gaveup=0 forkfail=0 free_kb=19693124 sims_boxwide=3 last_event_age=0s last_event_epoch=1789833784
[18:21:27] .. alive runid=20260919-180223-1794 event_age=1103s | wave=wave total=4 valid=0 running=4 pending=0 launched=4 failed=0 gaveup=0 forkfail=0 free_kb=19693124 sims_boxwide=3 last_event_age=0s last_event_epoch=1789833784
[18:22:27] .. alive runid=20260919-180223-1794 event_age=1163s | wave=wave total=4 valid=0 running=4 pending=0 launched=4 failed=0 gaveup=0 forkfail=0 free_kb=19693124 sims_boxwide=3 last_event_age=0s last_event_epoch=1789833784
[18:23:27] .. alive runid=20260919-180223-1794 event_age=1223s | wave=wave total=4 valid=0 running=4 pending=0 launched=4 failed=0 gaveup=0 forkfail=0 free_kb=19693124 sims_boxwide=3 last_event_age=0s last_event_epoch=1789833784
[18:23:52] DONE f3RBGs_D_south rc=0 1248s | f3RBGs south seed 101 done 289.4s: rescued=2 dead=1 ff_deaths=2 | fires=6 recoveries=3 bad_assign=1 | f3RBGs south seed 202 done 254.4s: rescued=3 dead=0 ff_deaths=1 | fires=7 recoveries=3 bad_assign=1 | f3RBGs south seed 303 done 206.4s: rescued=4 dead=0 ff_deaths=0 | fires=7 recoveries=3 bad_assign=1 | f3RBGs south seed 404 done 279.1s: rescued=3 dead=1 ff_deaths=0 | fires=15 recoveries=7 bad_assign=2 | f3RBGs south seed 505 done 217.3s: rescued=3 dead=1 ff_deaths=0 | fires=17 recoveries=9 bad_assign=3  [valid 1/4]
[18:24:27] .. alive runid=20260919-180223-1794 event_age=35s | wave=wave total=4 valid=1 running=3 pending=0 launched=4 failed=0 gaveup=0 forkfail=0 free_kb=19693124 sims_boxwide=3 last_event_age=0s last_event_epoch=1789835032
[18:25:27] .. alive runid=20260919-180223-1794 event_age=95s | wave=wave total=4 valid=1 running=3 pending=0 launched=4 failed=0 gaveup=0 forkfail=0 free_kb=19693124 sims_boxwide=3 last_event_age=0s last_event_epoch=1789835032
[18:26:27] .. alive runid=20260919-180223-1794 event_age=155s | wave=wave total=4 valid=1 running=3 pending=0 launched=4 failed=0 gaveup=0 forkfail=0 free_kb=19693124 sims_boxwide=3 last_event_age=0s last_event_epoch=1789835032
[18:27:27] .. alive runid=20260919-180223-1794 event_age=215s | wave=wave total=4 valid=1 running=3 pending=0 launched=4 failed=0 gaveup=0 forkfail=0 free_kb=19693124 sims_boxwide=3 last_event_age=0s last_event_epoch=1789835032
[18:27:59] DONE f3RBGc_D_east rc=0 1508s | f3RBGc east seed 111 done 446.2s: rescued=4 dead=0 ff_deaths=0 | fires=0 recoveries=0 bad_assign=0 | f3RBGc east seed 222 done 460.1s: rescued=4 dead=0 ff_deaths=0 | fires=0 recoveries=0 bad_assign=0 | f3RBGc east seed 333 done 377.1s: rescued=3 dead=1 ff_deaths=0 | fires=0 recoveries=0 bad_assign=0 | f3RBGc east seed 444 done 223.3s: rescued=4 dead=0 ff_deaths=0 | fires=0 recoveries=0 bad_assign=0  [valid 2/4]
[18:28:00] DONE f3RBGb_D_east rc=0 1521s | f3RBGb east seed 606 done 579.9s: rescued=3 dead=1 ff_deaths=1 | fires=2 recoveries=1 bad_assign=1 | f3RBGb east seed 707 done 144.9s: rescued=2 dead=0 ff_deaths=0 | fires=2 recoveries=1 bad_assign=1 | f3RBGb east seed 808 done 365.9s: rescued=3 dead=1 ff_deaths=0 | fires=2 recoveries=1 bad_assign=1 | f3RBGb east seed 909 done 430.0s: rescued=4 dead=0 ff_deaths=0 | fires=2 recoveries=1 bad_assign=1  [valid 3/4]
[18:28:27] .. alive runid=20260919-180223-1794 event_age=27s | wave=wave total=4 valid=3 running=1 pending=0 launched=4 failed=0 gaveup=0 forkfail=0 free_kb=19693124 sims_boxwide=3 last_event_age=0s last_event_epoch=1789835280
[18:29:27] .. alive runid=20260919-180223-1794 event_age=87s | wave=wave total=4 valid=3 running=1 pending=0 launched=4 failed=0 gaveup=0 forkfail=0 free_kb=19693124 sims_boxwide=3 last_event_age=0s last_event_epoch=1789835280
[18:30:27] .. alive runid=20260919-180223-1794 event_age=147s | wave=wave total=4 valid=3 running=1 pending=0 launched=4 failed=0 gaveup=0 forkfail=0 free_kb=19693124 sims_boxwide=3 last_event_age=0s last_event_epoch=1789835280
[18:31:27] .. alive runid=20260919-180223-1794 event_age=207s | wave=wave total=4 valid=3 running=1 pending=0 launched=4 failed=0 gaveup=0 forkfail=0 free_kb=19693124 sims_boxwide=3 last_event_age=0s last_event_epoch=1789835280
[18:32:27] .. alive runid=20260919-180223-1794 event_age=267s | wave=wave total=4 valid=3 running=1 pending=0 launched=4 failed=0 gaveup=0 forkfail=0 free_kb=19693124 sims_boxwide=3 last_event_age=0s last_event_epoch=1789835280
[18:33:27] .. alive runid=20260919-180223-1794 event_age=327s | wave=wave total=4 valid=3 running=1 pending=0 launched=4 failed=0 gaveup=0 forkfail=0 free_kb=19693124 sims_boxwide=3 last_event_age=0s last_event_epoch=1789835280
[18:34:28] .. alive runid=20260919-180223-1794 event_age=388s | wave=wave total=4 valid=3 running=1 pending=0 launched=4 failed=0 gaveup=0 forkfail=0 free_kb=19693124 sims_boxwide=3 last_event_age=0s last_event_epoch=1789835280
[18:35:28] .. alive runid=20260919-180223-1794 event_age=448s | wave=wave total=4 valid=3 running=1 pending=0 launched=4 failed=0 gaveup=0 forkfail=0 free_kb=19693124 sims_boxwide=3 last_event_age=0s last_event_epoch=1789835280
[18:36:28] .. alive runid=20260919-180223-1794 event_age=508s | wave=wave total=4 valid=3 running=1 pending=0 launched=4 failed=0 gaveup=0 forkfail=0 free_kb=19693124 sims_boxwide=3 last_event_age=0s last_event_epoch=1789835280
[18:37:28] .. alive runid=20260919-180223-1794 event_age=568s | wave=wave total=4 valid=3 running=1 pending=0 launched=4 failed=0 gaveup=0 forkfail=0 free_kb=19693124 sims_boxwide=3 last_event_age=0s last_event_epoch=1789835280
[18:38:28] .. alive runid=20260919-180223-1794 event_age=628s | wave=wave total=4 valid=3 running=1 pending=0 launched=4 failed=0 gaveup=0 forkfail=0 free_kb=19693124 sims_boxwide=3 last_event_age=0s last_event_epoch=1789835280
[18:38:39] DONE f3RBGa_D_east rc=0 2173s | f3RBGa east seed 101 done 436.4s: rescued=4 dead=0 ff_deaths=1 | fires=0 recoveries=0 bad_assign=0 | f3RBGa east seed 202 done 388.5s: rescued=3 dead=1 ff_deaths=0 | fires=0 recoveries=0 bad_assign=0 | f3RBGa east seed 303 done 548.5s: rescued=3 dead=1 ff_deaths=0 | fires=5 recoveries=3 bad_assign=3 | f3RBGa east seed 404 done 467.7s: rescued=2 dead=2 ff_deaths=0 | fires=8 recoveries=5 bad_assign=3 | f3RBGa east seed 505 done 330.9s: rescued=3 dead=1 ff_deaths=0 | fires=8 recoveries=5 bad_assign=3  [valid 4/4]
[18:38:39] MAIN LOOP LEFT pending=0 running=0
[18:38:39] FINAL SUMMARY total=4 valid=4 invalid=0 missing=0
[18:38:40] FINAL wave=wave SUMMARY total=4 valid=4 invalid=0 missing=0 live_this_wave=0 sims_boxwide=0
[18:38:40] ALL_DCD4RB_COMPLETE wave=wave runid=20260919-180223-1794 valid=4/4 launched=4 failed=0 forkfail=0
[18:39:28] HEARTBEAT EXIT wave=wave runid=20260919-180223-1794 (sentinel)
