[17:15:55] POOL START runid=20260919-171555-472 restart=0 pid=472 winpid=30540 head=a3a24f1 dirty_tracked=3 queue=outputs/_fm3_queue.txt maxpar=10 minfree_kb=4000000
[17:15:56] ENV 3.10.11 mesa 1.2.1  prereg_sha256=6c7e4f002f3e6a7e queue_sha256=3a0f2f351bd6d714
[17:15:57] VALIDATE total=67 valid=0 invalid=0 missing=67
[17:15:57] START STATE total=67 valid=0 pending=67 live_orphans_this_wave=0 sims_boxwide=0 free_kb=22430460
[17:15:57] HEARTBEAT pid=508 every 60s -> outputs/_fm3_wave.log ; state file outputs/_fm3_state.txt ; sentinel outputs/_fm3_hb_20260919-171555-472.stop
[17:15:57] LAUNCH f3OFF_east_half_101 running=1 free_kb=22439736 sims_boxwide=0 attempt=1
[17:16:10] LAUNCH f3OFF_east_half_202 running=2 free_kb=21631252 sims_boxwide=1 attempt=1
[17:16:23] LAUNCH f3OFF_east_half_303 running=3 free_kb=20947428 sims_boxwide=2 attempt=1
[17:16:36] LAUNCH f3OFF_east_half_404 running=4 free_kb=19202484 sims_boxwide=3 attempt=1
[17:16:48] LAUNCH f3OFF_east_half_505 running=5 free_kb=18263336 sims_boxwide=4 attempt=1
[17:16:57] .. alive runid=20260919-171555-472 event_age=9s | total=67 valid=0 running=5 pending=62 launched=5 failed=0 gaveup=0 forkfail=0 free_kb=18263336 sims_boxwide=4 last_event_age=0s last_event_epoch=1789831008
[17:17:01] LAUNCH f3OFF_south_half_101 running=6 free_kb=16360504 sims_boxwide=5 attempt=1
[17:17:14] LAUNCH f3OFF_south_half_202 running=7 free_kb=15592304 sims_boxwide=6 attempt=1
[17:17:27] LAUNCH f3OFF_south_half_303 running=8 free_kb=14640000 sims_boxwide=7 attempt=1
[17:17:40] LAUNCH f3OFF_south_half_404 running=9 free_kb=13776500 sims_boxwide=8 attempt=1
[17:17:53] LAUNCH f3OFF_south_half_505 running=10 free_kb=12779712 sims_boxwide=9 attempt=1
[17:17:57] .. alive runid=20260919-171555-472 event_age=4s | total=67 valid=0 running=10 pending=57 launched=10 failed=0 gaveup=0 forkfail=0 free_kb=12779712 sims_boxwide=9 last_event_age=0s last_event_epoch=1789831073
[17:18:57] .. alive runid=20260919-171555-472 event_age=64s | total=67 valid=0 running=10 pending=57 launched=10 failed=0 gaveup=0 forkfail=0 free_kb=12779712 sims_boxwide=9 last_event_age=0s last_event_epoch=1789831073
[17:19:57] .. alive runid=20260919-171555-472 event_age=124s | total=67 valid=0 running=10 pending=57 launched=10 failed=0 gaveup=0 forkfail=0 free_kb=12779712 sims_boxwide=9 last_event_age=0s last_event_epoch=1789831073
[17:20:57] .. alive runid=20260919-171555-472 event_age=184s | total=67 valid=0 running=10 pending=57 launched=10 failed=0 gaveup=0 forkfail=0 free_kb=12779712 sims_boxwide=9 last_event_age=0s last_event_epoch=1789831073
[17:21:27] DONE f3OFF_south_half_303 rc=0 240s f3OFF south/half seed=303 rescued=4 dead=0 unreachable=0 never_detected=0 ff_deaths=1 terminal=114 completions=4 recycles=4 removals=4 returns=4 wall=239s [valid 1/67]
[17:21:28] LAUNCH f3OFF_east_def_101 running=10 free_kb=12949992 sims_boxwide=9 attempt=1
[17:21:51] DONE f3OFF_south_half_202 rc=0 277s f3OFF south/half seed=202 rescued=3 dead=0 unreachable=0 never_detected=0 ff_deaths=1 terminal=None completions=3 recycles=3 removals=3 returns=3 wall=276s [valid 2/67]
[17:21:52] LAUNCH f3OFF_east_def_202 running=10 free_kb=13864976 sims_boxwide=8 attempt=1
[17:21:57] .. alive runid=20260919-171555-472 event_age=5s | total=67 valid=2 running=10 pending=55 launched=12 failed=0 gaveup=0 forkfail=0 free_kb=13864976 sims_boxwide=8 last_event_age=0s last_event_epoch=1789831312
[17:22:04] DONE f3OFF_south_half_505 rc=0 251s f3OFF south/half seed=505 rescued=3 dead=1 unreachable=0 never_detected=0 ff_deaths=0 terminal=114 completions=3 recycles=3 removals=3 returns=3 wall=238s [valid 3/67]
[17:22:05] LAUNCH f3OFF_east_def_303 running=10 free_kb=13031636 sims_boxwide=9 attempt=1
[17:22:25] DONE f3OFF_south_half_101 rc=0 324s f3OFF south/half seed=101 rescued=2 dead=1 unreachable=1 never_detected=0 ff_deaths=2 terminal=159 completions=2 recycles=2 removals=2 returns=2 wall=322s [valid 4/67]
[17:22:26] LAUNCH f3GATE_east_half_101 running=10 free_kb=13047676 sims_boxwide=9 attempt=1
[17:22:57] DONE f3OFF_south_half_404 rc=0 316s f3OFF south/half seed=404 rescued=3 dead=1 unreachable=0 never_detected=0 ff_deaths=0 terminal=189 completions=3 recycles=3 removals=3 returns=3 wall=315s [valid 5/67]
[17:22:57] .. alive runid=20260919-171555-472 event_age=1s | total=67 valid=5 running=9 pending=53 launched=14 failed=0 gaveup=0 forkfail=0 free_kb=13047676 sims_boxwide=9 last_event_age=1s last_event_epoch=1789831376
[17:22:57] LAUNCH f3GATE_east_half_202 running=10 free_kb=13041904 sims_boxwide=9 attempt=1
[17:23:33] DONE f3OFF_east_half_505 rc=0 405s f3OFF east/half seed=505 rescued=3 dead=1 unreachable=0 never_detected=0 ff_deaths=0 terminal=109 completions=3 recycles=3 removals=3 returns=3 wall=403s [valid 6/67]
[17:23:34] LAUNCH f3GATE_east_half_303 running=10 free_kb=12986072 sims_boxwide=9 attempt=1
[17:23:46] DONE f3OFF_east_half_202 rc=0 456s f3OFF east/half seed=202 rescued=3 dead=1 unreachable=0 never_detected=0 ff_deaths=0 terminal=104 completions=3 recycles=3 removals=3 returns=3 wall=445s [valid 7/67]
[17:23:47] LAUNCH f3GATE_east_half_404 running=10 free_kb=13074096 sims_boxwide=9 attempt=1
[17:23:57] .. alive runid=20260919-171555-472 event_age=10s | total=67 valid=7 running=10 pending=50 launched=17 failed=0 gaveup=0 forkfail=0 free_kb=13074096 sims_boxwide=9 last_event_age=0s last_event_epoch=1789831427
[17:24:02] DONE f3OFF_east_half_101 rc=0 485s f3OFF east/half seed=101 rescued=4 dead=0 unreachable=0 never_detected=0 ff_deaths=1 terminal=127 completions=4 recycles=4 removals=4 returns=4 wall=484s [valid 8/67]
[17:24:03] LAUNCH f3GATE_east_half_505 running=10 free_kb=13071940 sims_boxwide=9 attempt=1
[17:24:57] .. alive runid=20260919-171555-472 event_age=54s | total=67 valid=8 running=10 pending=49 launched=18 failed=0 gaveup=0 forkfail=0 free_kb=13071940 sims_boxwide=9 last_event_age=0s last_event_epoch=1789831443
[17:25:41] DONE f3OFF_east_def_101 rc=0 252s f3OFF east/default seed=101 rescued=3 dead=0 unreachable=1 never_detected=1 ff_deaths=0 terminal=215 completions=3 recycles=3 removals=3 returns=3 wall=251s [valid 9/67]
[17:25:41] LAUNCH f3GATE_south_half_101 running=10 free_kb=13043748 sims_boxwide=9 attempt=1
[17:25:57] .. alive runid=20260919-171555-472 event_age=16s | total=67 valid=9 running=10 pending=48 launched=19 failed=0 gaveup=0 forkfail=0 free_kb=13043748 sims_boxwide=9 last_event_age=0s last_event_epoch=1789831541
[17:25:59] DONE f3OFF_east_def_202 rc=0 246s f3OFF east/default seed=202 rescued=3 dead=1 unreachable=0 never_detected=0 ff_deaths=0 terminal=181 completions=3 recycles=3 removals=3 returns=3 wall=245s [valid 10/67]
[17:25:59] LAUNCH f3GATE_south_half_202 running=10 free_kb=13047268 sims_boxwide=9 attempt=1
[17:26:12] DONE f3OFF_east_half_404 rc=0 575s f3OFF east/half seed=404 rescued=2 dead=2 unreachable=0 never_detected=0 ff_deaths=1 terminal=162 completions=2 recycles=2 removals=2 returns=2 wall=564s [valid 11/67]
[17:26:12] LAUNCH f3GATE_south_half_303 running=10 free_kb=13017768 sims_boxwide=9 attempt=1
[17:26:27] DONE f3OFF_east_half_303 rc=0 604s f3OFF east/half seed=303 rescued=3 dead=1 unreachable=0 never_detected=0 ff_deaths=0 terminal=219 completions=3 recycles=3 removals=3 returns=3 wall=603s [valid 12/67]
[17:26:28] LAUNCH f3GATE_south_half_404 running=10 free_kb=13031416 sims_boxwide=9 attempt=1
[17:26:40] DONE f3OFF_east_def_303 rc=0 275s f3OFF east/default seed=303 rescued=3 dead=1 unreachable=0 never_detected=0 ff_deaths=0 terminal=130 completions=3 recycles=3 removals=3 returns=3 wall=272s [valid 13/67]
[17:26:41] LAUNCH f3GATE_south_half_505 running=10 free_kb=13063196 sims_boxwide=9 attempt=1
[17:26:57] .. alive runid=20260919-171555-472 event_age=16s | total=67 valid=13 running=10 pending=44 launched=23 failed=0 gaveup=0 forkfail=0 free_kb=13063196 sims_boxwide=9 last_event_age=0s last_event_epoch=1789831601
[17:27:58] .. alive runid=20260919-171555-472 event_age=77s | total=67 valid=13 running=10 pending=44 launched=23 failed=0 gaveup=0 forkfail=0 free_kb=13063196 sims_boxwide=9 last_event_age=0s last_event_epoch=1789831601
[17:28:58] .. alive runid=20260919-171555-472 event_age=137s | total=67 valid=13 running=10 pending=44 launched=23 failed=0 gaveup=0 forkfail=0 free_kb=13063196 sims_boxwide=9 last_event_age=0s last_event_epoch=1789831601
[17:29:58] .. alive runid=20260919-171555-472 event_age=197s | total=67 valid=13 running=10 pending=44 launched=23 failed=0 gaveup=0 forkfail=0 free_kb=13063196 sims_boxwide=9 last_event_age=0s last_event_epoch=1789831601
[17:29:58] DONE f3GATE_south_half_303 rc=0 226s f3GATE south/half seed=303 rescued=4 dead=0 unreachable=0 never_detected=0 ff_deaths=0 terminal=114 completions=4 recycles=4 removals=4 returns=4 wall=224s [valid 14/67]
[17:29:59] LAUNCH f3GATE_east_def_101 running=10 free_kb=12935260 sims_boxwide=9 attempt=1
[17:30:11] DONE f3GATE_east_half_202 rc=0 434s f3GATE east/half seed=202 rescued=3 dead=1 unreachable=0 never_detected=0 ff_deaths=0 terminal=104 completions=3 recycles=3 removals=3 returns=3 wall=422s [valid 15/67]
[17:30:12] LAUNCH f3GATE_east_def_202 running=10 free_kb=12878612 sims_boxwide=9 attempt=1
[17:30:32] DONE f3GATE_south_half_202 rc=0 272s f3GATE south/half seed=202 rescued=3 dead=0 unreachable=0 never_detected=0 ff_deaths=1 terminal=None completions=3 recycles=3 removals=3 returns=3 wall=271s [valid 16/67]
[17:30:32] LAUNCH f3GATE_east_def_303 running=10 free_kb=12897660 sims_boxwide=9 attempt=1
[17:30:45] DONE f3GATE_east_half_101 rc=0 499s f3GATE east/half seed=101 rescued=4 dead=0 unreachable=0 never_detected=0 ff_deaths=1 terminal=127 completions=4 recycles=4 removals=4 returns=4 wall=487s [valid 17/67]
[17:30:45] DONE f3GATE_south_half_505 rc=0 244s f3GATE south/half seed=505 rescued=3 dead=1 unreachable=0 never_detected=0 ff_deaths=0 terminal=114 completions=3 recycles=3 removals=3 returns=3 wall=233s [valid 18/67]
[17:30:45] DONE f3GATE_east_half_505 rc=0 402s f3GATE east/half seed=505 rescued=3 dead=1 unreachable=0 never_detected=0 ff_deaths=0 terminal=109 completions=3 recycles=3 removals=3 returns=3 wall=392s [valid 19/67]
[17:30:46] LAUNCH f3RES_east_half_101 running=8 free_kb=14680652 sims_boxwide=7 attempt=1
[17:30:58] .. alive runid=20260919-171555-472 event_age=12s | total=67 valid=19 running=8 pending=40 launched=27 failed=0 gaveup=0 forkfail=0 free_kb=14680652 sims_boxwide=7 last_event_age=0s last_event_epoch=1789831846
[17:30:58] DONE f3GATE_south_half_101 rc=0 317s f3GATE south/half seed=101 rescued=2 dead=1 unreachable=1 never_detected=0 ff_deaths=2 terminal=159 completions=2 recycles=2 removals=2 returns=2 wall=313s [valid 20/67]
[17:30:59] LAUNCH f3RES_east_half_202 running=8 free_kb=14671020 sims_boxwide=7 attempt=1
[17:31:12] LAUNCH f3RES_east_half_303 running=9 free_kb=13766268 sims_boxwide=8 attempt=1
[17:31:25] LAUNCH f3RES_east_half_404 running=10 free_kb=12612992 sims_boxwide=9 attempt=1
[17:31:37] DONE f3GATE_south_half_404 rc=0 309s f3GATE south/half seed=404 rescued=3 dead=1 unreachable=0 never_detected=0 ff_deaths=0 terminal=189 completions=3 recycles=3 removals=3 returns=3 wall=297s [valid 21/67]
[17:31:38] LAUNCH f3RES_east_half_505 running=10 free_kb=12643616 sims_boxwide=9 attempt=1
[17:31:58] .. alive runid=20260919-171555-472 event_age=20s | total=67 valid=21 running=10 pending=36 launched=31 failed=0 gaveup=0 forkfail=0 free_kb=12643616 sims_boxwide=9 last_event_age=0s last_event_epoch=1789831898
[17:32:44] DONE f3GATE_east_half_404 rc=0 537s f3GATE east/half seed=404 rescued=2 dead=2 unreachable=0 never_detected=0 ff_deaths=0 terminal=162 completions=2 recycles=2 removals=2 returns=2 wall=536s [valid 22/67]
[17:32:45] LAUNCH f3RES_south_half_101 running=10 free_kb=12665388 sims_boxwide=9 attempt=1
[17:32:58] .. alive runid=20260919-171555-472 event_age=13s | total=67 valid=22 running=10 pending=35 launched=32 failed=0 gaveup=0 forkfail=0 free_kb=12665388 sims_boxwide=9 last_event_age=0s last_event_epoch=1789831965
[17:33:19] DONE f3GATE_east_half_303 rc=0 585s f3GATE east/half seed=303 rescued=3 dead=1 unreachable=0 never_detected=0 ff_deaths=0 terminal=219 completions=3 recycles=3 removals=3 returns=3 wall=584s [valid 23/67]
[17:33:20] LAUNCH f3RES_south_half_202 running=10 free_kb=12963272 sims_boxwide=9 attempt=1
[17:33:58] .. alive runid=20260919-171555-472 event_age=38s | total=67 valid=23 running=10 pending=34 launched=33 failed=0 gaveup=0 forkfail=0 free_kb=12963272 sims_boxwide=9 last_event_age=0s last_event_epoch=1789832000
[17:34:00] DONE f3GATE_east_def_101 rc=0 241s f3GATE east/default seed=101 rescued=3 dead=0 unreachable=1 never_detected=1 ff_deaths=0 terminal=215 completions=3 recycles=3 removals=3 returns=3 wall=240s [valid 24/67]
[17:34:01] LAUNCH f3RES_south_half_303 running=10 free_kb=12916532 sims_boxwide=9 attempt=1
[17:34:13] DONE f3GATE_east_def_202 rc=0 241s f3GATE east/default seed=202 rescued=3 dead=1 unreachable=0 never_detected=0 ff_deaths=0 terminal=181 completions=3 recycles=3 removals=3 returns=3 wall=238s [valid 25/67]
[17:34:14] LAUNCH f3RES_south_half_404 running=10 free_kb=12936452 sims_boxwide=9 attempt=1
[17:34:57] DONE f3GATE_east_def_303 rc=0 265s f3GATE east/default seed=303 rescued=3 dead=1 unreachable=0 never_detected=0 ff_deaths=0 terminal=130 completions=3 recycles=3 removals=3 returns=3 wall=263s [valid 26/67]
[17:34:58] LAUNCH f3RES_south_half_505 running=10 free_kb=12920188 sims_boxwide=9 attempt=1
[17:34:58] .. alive runid=20260919-171555-472 event_age=0s | total=67 valid=26 running=10 pending=31 launched=36 failed=0 gaveup=0 forkfail=0 free_kb=12920188 sims_boxwide=9 last_event_age=0s last_event_epoch=1789832098
[17:35:58] .. alive runid=20260919-171555-472 event_age=60s | total=67 valid=26 running=10 pending=31 launched=36 failed=0 gaveup=0 forkfail=0 free_kb=12920188 sims_boxwide=9 last_event_age=0s last_event_epoch=1789832098
[17:36:58] .. alive runid=20260919-171555-472 event_age=120s | total=67 valid=26 running=10 pending=31 launched=36 failed=0 gaveup=0 forkfail=0 free_kb=12920188 sims_boxwide=9 last_event_age=0s last_event_epoch=1789832098
[17:37:56] DONE f3RES_east_half_202 rc=0 417s f3RES east/half seed=202 rescued=3 dead=1 unreachable=0 never_detected=0 ff_deaths=0 terminal=94 completions=3 recycles=3 removals=3 returns=3 wall=416s [valid 27/67]
[17:37:57] LAUNCH f3RES_east_def_101 running=10 free_kb=12896240 sims_boxwide=9 attempt=1
[17:37:58] .. alive runid=20260919-171555-472 event_age=1s | total=67 valid=27 running=10 pending=30 launched=37 failed=0 gaveup=0 forkfail=0 free_kb=12896240 sims_boxwide=9 last_event_age=0s last_event_epoch=1789832277
[17:38:10] DONE f3RES_south_half_202 rc=0 289s f3RES south/half seed=202 rescued=4 dead=0 unreachable=0 never_detected=0 ff_deaths=0 terminal=169 completions=4 recycles=4 removals=4 returns=4 wall=281s [valid 28/67]
[17:38:10] DONE f3RES_south_half_303 rc=0 249s f3RES south/half seed=303 rescued=4 dead=0 unreachable=0 never_detected=0 ff_deaths=1 terminal=115 completions=4 recycles=4 removals=4 returns=4 wall=243s [valid 29/67]
[17:38:10] DONE f3RES_south_half_101 rc=0 325s f3RES south/half seed=101 rescued=3 dead=1 unreachable=0 never_detected=0 ff_deaths=1 terminal=164 completions=3 recycles=3 removals=3 returns=3 wall=312s [valid 30/67]
[17:38:11] LAUNCH f3RES_east_def_202 running=8 free_kb=14670748 sims_boxwide=7 attempt=1
[17:38:23] DONE f3RES_east_half_505 rc=0 405s f3RES east/half seed=505 rescued=3 dead=1 unreachable=0 never_detected=0 ff_deaths=1 terminal=94 completions=3 recycles=3 removals=3 returns=3 wall=392s [valid 31/67]
[17:38:24] LAUNCH f3RES_east_def_303 running=8 free_kb=14682572 sims_boxwide=7 attempt=1
[17:38:36] DONE f3RES_south_half_505 rc=0 218s f3RES south/half seed=505 rescued=3 dead=1 unreachable=0 never_detected=0 ff_deaths=0 terminal=115 completions=3 recycles=3 removals=3 returns=3 wall=207s [valid 32/67]
[17:38:37] LAUNCH f3OFF_east_half_606 running=8 free_kb=14724956 sims_boxwide=7 attempt=1
[17:38:50] LAUNCH f3OFF_east_half_707 running=9 free_kb=13872716 sims_boxwide=8 attempt=1
[17:38:58] .. alive runid=20260919-171555-472 event_age=8s | total=67 valid=32 running=9 pending=26 launched=41 failed=0 gaveup=0 forkfail=0 free_kb=13872716 sims_boxwide=8 last_event_age=0s last_event_epoch=1789832330
[17:39:02] DONE f3RES_east_half_303 rc=0 470s f3RES east/half seed=303 rescued=3 dead=1 unreachable=0 never_detected=0 ff_deaths=0 terminal=121 completions=3 recycles=3 removals=3 returns=3 wall=459s [valid 33/67]
[17:39:02] DONE f3RES_south_half_404 rc=0 288s f3RES south/half seed=404 rescued=2 dead=2 unreachable=0 never_detected=0 ff_deaths=0 terminal=199 completions=2 recycles=2 removals=2 returns=2 wall=274s [valid 34/67]
[17:39:03] LAUNCH f3OFF_east_half_808 running=8 free_kb=14794548 sims_boxwide=7 attempt=1
[17:39:16] LAUNCH f3OFF_east_half_909 running=9 free_kb=13864436 sims_boxwide=8 attempt=1
[17:39:29] LAUNCH f3OFF_east_half_1010 running=10 free_kb=12993588 sims_boxwide=9 attempt=1
[17:39:41] DONE f3RES_east_half_404 rc=0 496s f3RES east/half seed=404 rescued=3 dead=1 unreachable=0 never_detected=0 ff_deaths=1 terminal=133 completions=3 recycles=3 removals=3 returns=3 wall=488s [valid 35/67]
[17:39:41] DONE f3RES_east_half_101 rc=0 535s f3RES east/half seed=101 rescued=3 dead=1 unreachable=0 never_detected=0 ff_deaths=1 terminal=141 completions=3 recycles=3 removals=3 returns=3 wall=523s [valid 36/67]
[17:39:42] LAUNCH f3OFF_south_half_606 running=9 free_kb=13908384 sims_boxwide=8 attempt=1
[17:39:55] LAUNCH f3OFF_south_half_707 running=10 free_kb=13053456 sims_boxwide=9 attempt=1
[17:39:59] .. alive runid=20260919-171555-472 event_age=3s | total=67 valid=36 running=10 pending=21 launched=46 failed=0 gaveup=0 forkfail=0 free_kb=13053456 sims_boxwide=9 last_event_age=0s last_event_epoch=1789832395
[17:40:59] .. alive runid=20260919-171555-472 event_age=64s | total=67 valid=36 running=10 pending=21 launched=46 failed=0 gaveup=0 forkfail=0 free_kb=13053456 sims_boxwide=9 last_event_age=0s last_event_epoch=1789832395
[17:41:21] DONE f3OFF_east_half_707 rc=0 151s f3OFF east/half seed=707 rescued=2 dead=0 unreachable=2 never_detected=2 ff_deaths=0 terminal=210 completions=2 recycles=2 removals=2 returns=2 wall=150s [valid 37/67]
[17:41:22] LAUNCH f3OFF_south_half_808 running=10 free_kb=13011896 sims_boxwide=9 attempt=1
[17:41:43] DONE f3RES_east_def_101 rc=0 226s f3RES east/default seed=101 rescued=3 dead=1 unreachable=0 never_detected=0 ff_deaths=0 terminal=180 completions=3 recycles=3 removals=3 returns=3 wall=225s [valid 38/67]
[17:41:44] LAUNCH f3OFF_south_half_909 running=10 free_kb=12956572 sims_boxwide=9 attempt=1
[17:41:59] .. alive runid=20260919-171555-472 event_age=15s | total=67 valid=38 running=10 pending=19 launched=48 failed=0 gaveup=0 forkfail=0 free_kb=12956572 sims_boxwide=9 last_event_age=0s last_event_epoch=1789832504
[17:42:45] DONE f3RES_east_def_202 rc=0 274s f3RES east/default seed=202 rescued=1 dead=1 unreachable=0 never_detected=0 ff_deaths=0 terminal=None completions=1 recycles=1 removals=1 returns=1 wall=272s [valid 39/67]
[17:42:45] DONE f3RES_east_def_303 rc=0 261s f3RES east/default seed=303 rescued=3 dead=1 unreachable=0 never_detected=0 ff_deaths=1 terminal=149 completions=3 recycles=3 removals=3 returns=3 wall=260s [valid 40/67]
[17:42:46] LAUNCH f3OFF_south_half_1010 running=9 free_kb=13843060 sims_boxwide=8 attempt=1
[17:42:59] LAUNCH f3GATE_east_half_606 running=10 free_kb=12954068 sims_boxwide=9 attempt=1
[17:42:59] .. alive runid=20260919-171555-472 event_age=0s | total=67 valid=40 running=10 pending=17 launched=50 failed=0 gaveup=0 forkfail=0 free_kb=12954068 sims_boxwide=9 last_event_age=0s last_event_epoch=1789832579
[17:43:42] DONE f3OFF_south_half_707 rc=0 227s f3OFF south/half seed=707 rescued=3 dead=1 unreachable=0 never_detected=0 ff_deaths=0 terminal=198 completions=3 recycles=3 removals=3 returns=3 wall=226s [valid 41/67]
[17:43:43] LAUNCH f3GATE_east_half_707 running=10 free_kb=12924012 sims_boxwide=9 attempt=1
[17:43:59] .. alive runid=20260919-171555-472 event_age=16s | total=67 valid=41 running=10 pending=16 launched=51 failed=0 gaveup=0 forkfail=0 free_kb=12924012 sims_boxwide=9 last_event_age=0s last_event_epoch=1789832623
[17:44:38] DONE f3OFF_south_half_606 rc=0 296s f3OFF south/half seed=606 rescued=3 dead=0 unreachable=1 never_detected=1 ff_deaths=1 terminal=210 completions=3 recycles=3 removals=3 returns=3 wall=294s [valid 42/67]
[17:44:39] LAUNCH f3GATE_east_half_808 running=10 free_kb=12716476 sims_boxwide=9 attempt=1
[17:44:59] .. alive runid=20260919-171555-472 event_age=20s | total=67 valid=42 running=10 pending=15 launched=52 failed=0 gaveup=0 forkfail=0 free_kb=12716476 sims_boxwide=9 last_event_age=0s last_event_epoch=1789832679
[17:45:45] DONE f3OFF_south_half_808 rc=0 263s f3OFF south/half seed=808 rescued=2 dead=1 unreachable=0 never_detected=0 ff_deaths=0 terminal=None completions=2 recycles=2 removals=2 returns=2 wall=261s [valid 43/67]
[17:45:46] LAUNCH f3GATE_east_half_909 running=10 free_kb=12709412 sims_boxwide=9 attempt=1
[17:45:59] .. alive runid=20260919-171555-472 event_age=13s | total=67 valid=43 running=10 pending=14 launched=53 failed=0 gaveup=0 forkfail=0 free_kb=12709412 sims_boxwide=9 last_event_age=0s last_event_epoch=1789832746
[17:46:02] DONE f3OFF_east_half_808 rc=0 419s f3OFF east/half seed=808 rescued=3 dead=1 unreachable=0 never_detected=0 ff_deaths=0 terminal=99 completions=3 recycles=3 removals=3 returns=3 wall=417s [valid 44/67]
[17:46:03] LAUNCH f3GATE_east_half_1010 running=10 free_kb=12715188 sims_boxwide=9 attempt=1
[17:46:19] DONE f3GATE_east_half_707 rc=0 155s f3GATE east/half seed=707 rescued=2 dead=0 unreachable=2 never_detected=2 ff_deaths=0 terminal=210 completions=2 recycles=2 removals=2 returns=2 wall=154s [valid 45/67]
[17:46:19] LAUNCH f3GATE_south_half_606 running=10 free_kb=12761496 sims_boxwide=9 attempt=1
[17:46:59] .. alive runid=20260919-171555-472 event_age=40s | total=67 valid=45 running=10 pending=12 launched=55 failed=0 gaveup=0 forkfail=0 free_kb=12761496 sims_boxwide=9 last_event_age=0s last_event_epoch=1789832779
[17:47:06] DONE f3OFF_east_half_1010 rc=0 456s f3OFF east/half seed=1010 rescued=3 dead=1 unreachable=0 never_detected=0 ff_deaths=0 terminal=105 completions=3 recycles=3 removals=3 returns=3 wall=455s [valid 46/67]
[17:47:06] LAUNCH f3GATE_south_half_707 running=10 free_kb=12873396 sims_boxwide=9 attempt=1
[17:47:19] DONE f3OFF_east_half_909 rc=0 482s f3OFF east/half seed=909 rescued=4 dead=0 unreachable=0 never_detected=0 ff_deaths=1 terminal=122 completions=4 recycles=4 removals=4 returns=4 wall=479s [valid 47/67]
[17:47:19] LAUNCH f3GATE_south_half_808 running=10 free_kb=12884580 sims_boxwide=9 attempt=1
[17:47:41] DONE f3OFF_south_half_909 rc=0 357s f3OFF south/half seed=909 rescued=3 dead=1 unreachable=0 never_detected=0 ff_deaths=0 terminal=219 completions=3 recycles=3 removals=3 returns=3 wall=356s [valid 48/67]
[17:47:42] LAUNCH f3GATE_south_half_909 running=10 free_kb=12728060 sims_boxwide=9 attempt=1
[17:47:54] DONE f3OFF_south_half_1010 rc=0 308s f3OFF south/half seed=1010 rescued=3 dead=0 unreachable=1 never_detected=1 ff_deaths=1 terminal=210 completions=3 recycles=3 removals=3 returns=3 wall=298s [valid 49/67]
[17:47:55] LAUNCH f3GATE_south_half_1010 running=10 free_kb=12721336 sims_boxwide=9 attempt=1
[17:47:59] .. alive runid=20260919-171555-472 event_age=4s | total=67 valid=49 running=10 pending=8 launched=59 failed=0 gaveup=0 forkfail=0 free_kb=12721336 sims_boxwide=9 last_event_age=0s last_event_epoch=1789832875
[17:48:59] .. alive runid=20260919-171555-472 event_age=64s | total=67 valid=49 running=10 pending=8 launched=59 failed=0 gaveup=0 forkfail=0 free_kb=12721336 sims_boxwide=9 last_event_age=0s last_event_epoch=1789832875
[17:49:06] DONE f3OFF_east_half_606 rc=0 628s f3OFF east/half seed=606 rescued=3 dead=1 unreachable=0 never_detected=0 ff_deaths=1 terminal=207 completions=3 recycles=3 removals=3 returns=3 wall=627s [valid 50/67]
[17:49:06] LAUNCH f3OFF_east_half_111 running=10 free_kb=12701272 sims_boxwide=9 attempt=1
[17:49:59] .. alive runid=20260919-171555-472 event_age=53s | total=67 valid=50 running=10 pending=7 launched=60 failed=0 gaveup=0 forkfail=0 free_kb=12701272 sims_boxwide=9 last_event_age=0s last_event_epoch=1789832946
[17:50:59] .. alive runid=20260919-171555-472 event_age=113s | total=67 valid=50 running=10 pending=7 launched=60 failed=0 gaveup=0 forkfail=0 free_kb=12701272 sims_boxwide=9 last_event_age=0s last_event_epoch=1789832946
[17:51:02] DONE f3GATE_south_half_707 rc=0 236s f3GATE south/half seed=707 rescued=3 dead=1 unreachable=0 never_detected=0 ff_deaths=0 terminal=198 completions=3 recycles=3 removals=3 returns=3 wall=234s [valid 51/67]
[17:51:03] LAUNCH f3OFF_east_half_222 running=10 free_kb=12859272 sims_boxwide=9 attempt=1
[17:51:15] DONE f3GATE_south_half_606 rc=0 296s f3GATE south/half seed=606 rescued=3 dead=0 unreachable=1 never_detected=1 ff_deaths=1 terminal=210 completions=3 recycles=3 removals=3 returns=3 wall=293s [valid 52/67]
[17:51:16] DONE f3GATE_east_half_808 rc=0 396s f3GATE east/half seed=808 rescued=3 dead=1 unreachable=0 never_detected=0 ff_deaths=0 terminal=99 completions=3 recycles=3 removals=3 returns=3 wall=394s [valid 53/67]
[17:51:17] LAUNCH f3OFF_east_half_333 running=9 free_kb=13792016 sims_boxwide=8 attempt=1
[17:51:29] LAUNCH f3OFF_east_half_444 running=10 free_kb=12928692 sims_boxwide=9 attempt=1
[17:51:43] DONE f3GATE_south_half_808 rc=0 264s f3GATE south/half seed=808 rescued=2 dead=1 unreachable=0 never_detected=0 ff_deaths=0 terminal=None completions=2 recycles=2 removals=2 returns=2 wall=262s [valid 54/67]
[17:51:44] LAUNCH f3GATE_east_half_111 running=10 free_kb=12954860 sims_boxwide=9 attempt=1
[17:51:59] .. alive runid=20260919-171555-472 event_age=15s | total=67 valid=54 running=10 pending=3 launched=64 failed=0 gaveup=0 forkfail=0 free_kb=12954860 sims_boxwide=9 last_event_age=0s last_event_epoch=1789833104
[17:52:49] DONE f3GATE_south_half_1010 rc=0 294s f3GATE south/half seed=1010 rescued=3 dead=0 unreachable=1 never_detected=1 ff_deaths=1 terminal=210 completions=3 recycles=3 removals=3 returns=3 wall=292s [valid 55/67]
[17:52:50] LAUNCH f3GATE_east_half_222 running=10 free_kb=12885476 sims_boxwide=9 attempt=1
[17:53:00] .. alive runid=20260919-171555-472 event_age=10s | total=67 valid=55 running=10 pending=2 launched=65 failed=0 gaveup=0 forkfail=0 free_kb=12885476 sims_boxwide=9 last_event_age=0s last_event_epoch=1789833170
[17:53:26] DONE f3GATE_east_half_606 rc=0 627s f3GATE east/half seed=606 rescued=3 dead=1 unreachable=0 never_detected=0 ff_deaths=1 terminal=207 completions=3 recycles=3 removals=3 returns=3 wall=626s [valid 56/67]
[17:53:27] LAUNCH f3GATE_east_half_333 running=10 free_kb=12855500 sims_boxwide=9 attempt=1
[17:53:40] DONE f3GATE_east_half_909 rc=0 473s f3GATE east/half seed=909 rescued=4 dead=0 unreachable=0 never_detected=0 ff_deaths=0 terminal=122 completions=4 recycles=4 removals=4 returns=4 wall=470s [valid 57/67]
[17:53:40] DONE f3GATE_east_half_1010 rc=0 457s f3GATE east/half seed=1010 rescued=3 dead=1 unreachable=0 never_detected=0 ff_deaths=0 terminal=105 completions=3 recycles=3 removals=3 returns=3 wall=449s [valid 58/67]
[17:53:40] DONE f3GATE_south_half_909 rc=0 358s f3GATE south/half seed=909 rescued=3 dead=1 unreachable=0 never_detected=0 ff_deaths=0 terminal=219 completions=3 recycles=3 removals=3 returns=3 wall=348s [valid 59/67]
[17:53:41] LAUNCH f3GATE_east_half_444 running=8 free_kb=14679664 sims_boxwide=7 attempt=1
[17:54:00] .. alive runid=20260919-171555-472 event_age=19s | total=67 valid=59 running=8 pending=0 launched=67 failed=0 gaveup=0 forkfail=0 free_kb=14679664 sims_boxwide=7 last_event_age=0s last_event_epoch=1789833221
[17:55:00] .. alive runid=20260919-171555-472 event_age=79s | total=67 valid=59 running=8 pending=0 launched=67 failed=0 gaveup=0 forkfail=0 free_kb=14679664 sims_boxwide=7 last_event_age=0s last_event_epoch=1789833221
[17:55:31] DONE f3OFF_east_half_444 rc=0 241s f3OFF east/half seed=444 rescued=4 dead=0 unreachable=0 never_detected=0 ff_deaths=0 terminal=226 completions=4 recycles=4 removals=4 returns=4 wall=240s [valid 60/67]
[17:56:00] .. alive runid=20260919-171555-472 event_age=30s | total=67 valid=60 running=7 pending=0 launched=67 failed=0 gaveup=0 forkfail=0 free_kb=14679664 sims_boxwide=7 last_event_age=1s last_event_epoch=1789833330
[17:57:00] .. alive runid=20260919-171555-472 event_age=90s | total=67 valid=60 running=7 pending=0 launched=67 failed=0 gaveup=0 forkfail=0 free_kb=14679664 sims_boxwide=7 last_event_age=1s last_event_epoch=1789833330
[17:57:06] DONE f3OFF_east_half_111 rc=0 479s f3OFF east/half seed=111 rescued=4 dead=0 unreachable=0 never_detected=0 ff_deaths=0 terminal=142 completions=4 recycles=4 removals=4 returns=4 wall=478s [valid 61/67]
[17:57:41] DONE f3GATE_east_half_444 rc=0 239s f3GATE east/half seed=444 rescued=4 dead=0 unreachable=0 never_detected=0 ff_deaths=0 terminal=226 completions=4 recycles=4 removals=4 returns=4 wall=238s [valid 62/67]
[17:58:00] .. alive runid=20260919-171555-472 event_age=20s | total=67 valid=62 running=5 pending=0 launched=67 failed=0 gaveup=0 forkfail=0 free_kb=14679664 sims_boxwide=7 last_event_age=1s last_event_epoch=1789833460
[17:58:06] DONE f3OFF_east_half_333 rc=0 410s f3OFF east/half seed=333 rescued=3 dead=1 unreachable=0 never_detected=0 ff_deaths=0 terminal=98 completions=3 recycles=3 removals=3 returns=3 wall=408s [valid 63/67]
[17:59:00] .. alive runid=20260919-171555-472 event_age=54s | total=67 valid=63 running=4 pending=0 launched=67 failed=0 gaveup=0 forkfail=0 free_kb=14679664 sims_boxwide=7 last_event_age=0s last_event_epoch=1789833486
[17:59:15] DONE f3OFF_east_half_222 rc=0 492s f3OFF east/half seed=222 rescued=4 dead=0 unreachable=0 never_detected=0 ff_deaths=1 terminal=138 completions=4 recycles=4 removals=4 returns=4 wall=490s [valid 64/67]
[17:59:29] DONE f3GATE_east_half_111 rc=0 465s f3GATE east/half seed=111 rescued=4 dead=0 unreachable=0 never_detected=0 ff_deaths=0 terminal=142 completions=4 recycles=4 removals=4 returns=4 wall=463s [valid 65/67]
[17:59:51] DONE f3GATE_east_half_333 rc=0 384s f3GATE east/half seed=333 rescued=3 dead=1 unreachable=0 never_detected=0 ff_deaths=0 terminal=98 completions=3 recycles=3 removals=3 returns=3 wall=382s [valid 66/67]
[18:00:00] .. alive runid=20260919-171555-472 event_age=9s | total=67 valid=66 running=1 pending=0 launched=67 failed=0 gaveup=0 forkfail=0 free_kb=14679664 sims_boxwide=7 last_event_age=0s last_event_epoch=1789833591
[18:00:32] DONE f3GATE_east_half_222 rc=0 462s f3GATE east/half seed=222 rescued=4 dead=0 unreachable=0 never_detected=0 ff_deaths=0 terminal=138 completions=4 recycles=4 removals=4 returns=4 wall=461s [valid 67/67]
[18:00:32] MAIN LOOP LEFT pending=0 running=0
[18:00:33] FINAL SUMMARY total=67 valid=67 invalid=0 missing=0
[18:00:33] FINAL SUMMARY total=67 valid=67 invalid=0 missing=0 live_this_wave=0 sims_boxwide=0
[18:00:33] ALL_DCD4_COMPLETE runid=20260919-171555-472 valid=67/67 launched=67 failed=0 forkfail=0
[18:01:00] HEARTBEAT EXIT runid=20260919-171555-472 (sentinel)
