2026-09-30 00:01:17 START E:\Projects\SAS\outputs\_fx3_q_p1c.jsonl 48 runs maxpar=14 min_free=3.0
2026-09-30 00:01:17 LAUNCH fx3pA_A_E pid=15048 free=6.2GB running=1
2026-09-30 00:01:19 LAUNCH fx3pA_A_N pid=35104 free=5.4GB running=2
2026-09-30 00:01:21 LAUNCH fx3pA_A_S pid=41452 free=4.6GB running=3
2026-09-30 00:01:23 LAUNCH fx3pA_A_W pid=41436 free=3.8GB running=4
2026-09-30 00:01:45 LAUNCH fx3pA_B_E pid=3304 free=3.0GB running=5
2026-09-30 00:02:32 LAUNCH fx3pA_B_N pid=30216 free=3.0GB running=6
2026-09-30 00:02:49 LAUNCH fx3pA_B_S pid=42292 free=3.1GB running=7
2026-09-30 00:03:11 LAUNCH fx3pA_B_W pid=15028 free=3.1GB running=8
2026-09-30 00:03:43 LAUNCH fx3pA_C_E pid=14392 free=3.1GB running=9
2026-09-30 00:03:50 LAUNCH fx3pA_C_N pid=2084 free=3.1GB running=10
2026-09-30 00:05:22 LAUNCH fx3pA_C_S pid=26908 free=3.0GB running=11
2026-09-30 00:06:19 LAUNCH fx3pA_C_W pid=42348 free=3.1GB running=12
2026-09-30 00:06:41 LAUNCH fx3pA_D_E pid=40488 free=3.1GB running=13
2026-09-30 00:07:39 LAUNCH fx3pA_D_N pid=42180 free=3.1GB running=14
2026-09-30 00:11:26 DONE fx3pA_A_S rc=0 604s
2026-09-30 00:12:11 LAUNCH fx3pA_D_S pid=19416 free=3.7GB running=14
2026-09-30 00:12:33 DONE fx3pA_A_E rc=0 675s
2026-09-30 00:12:33 DONE fx3pA_B_W rc=0 561s
2026-09-30 00:12:33 LAUNCH fx3pA_D_W pid=42808 free=4.5GB running=13
2026-09-30 00:12:35 LAUNCH fx3pA1_A_E pid=10376 free=3.7GB running=14
2026-09-30 00:13:27 DONE fx3pA_A_W rc=0 723s
2026-09-30 00:13:27 LAUNCH fx3pA1_A_N pid=24620 free=3.8GB running=14
2026-09-30 00:14:14 DONE fx3pA_B_E rc=0 748s
2026-09-30 00:14:14 LAUNCH fx3pA1_A_S pid=2792 free=3.7GB running=14
2026-09-30 00:14:36 DONE fx3pA_B_N rc=0 723s
2026-09-30 00:14:36 LAUNCH fx3pA1_A_W pid=40548 free=6.2GB running=14
2026-09-30 00:14:53 DONE fx3pA_A_N rc=0 814s
2026-09-30 00:14:53 LAUNCH fx3pA1_B_E pid=39304 free=6.3GB running=14
2026-09-30 00:15:20 DONE fx3pA_C_N rc=0 689s
2026-09-30 00:15:20 LAUNCH fx3pA1_B_N pid=16764 free=6.2GB running=14
2026-09-30 00:16:07 DONE fx3pA_B_S rc=0 798s
2026-09-30 00:16:07 LAUNCH fx3pA1_B_S pid=42376 free=7.2GB running=14
2026-09-30 00:20:09 DONE fx3pA_C_S rc=0 887s
2026-09-30 00:20:09 LAUNCH fx3pA1_B_W pid=28956 free=7.8GB running=14
2026-09-30 00:21:01 DONE fx3pA_D_N rc=0 803s
2026-09-30 00:21:01 LAUNCH fx3pA1_C_E pid=41392 free=7.9GB running=14
2026-09-30 00:21:48 DONE fx3pA_D_E rc=0 907s
2026-09-30 00:22:38 DONE fx3pA_C_E rc=0 1135s
2026-09-30 00:23:38 DONE fx3pA1_A_E rc=0 664s
2026-09-30 00:23:38 LAUNCH fx3pA1_C_N pid=40032 free=3.6GB running=12
2026-09-30 00:23:45 DONE fx3pA_C_W rc=0 1046s
2026-09-30 00:23:50 DONE fx3pA1_A_S rc=0 577s
2026-09-30 00:26:30 DONE fx3pA_D_S rc=0 860s
2026-09-30 00:26:30 LAUNCH fx3pA1_C_S pid=16836 free=3.7GB running=10
2026-09-30 00:26:37 DONE fx3pA1_A_W rc=0 722s
2026-09-30 00:26:58 DONE fx3pA1_B_E rc=0 725s
2026-09-30 00:27:03 DONE fx3pA1_A_N rc=0 816s
2026-09-30 00:27:03 LAUNCH fx3pA1_C_W pid=41020 free=3.7GB running=8
2026-09-30 00:28:00 DONE fx3pA1_B_N rc=0 760s
2026-09-30 00:28:20 LAUNCH fx3pA1_D_E pid=14776 free=3.7GB running=8
2026-09-30 00:28:52 DONE fx3pA1_B_S rc=0 765s
2026-09-30 00:28:52 LAUNCH fx3pA1_D_N pid=42608 free=3.7GB running=8
2026-09-30 00:29:29 DONE fx3pA1_B_W rc=0 560s
2026-09-30 00:32:34 LAUNCH fx3pA1_D_S pid=41012 free=3.7GB running=8
2026-09-30 00:32:41 DONE fx3pA_D_W rc=0 1208s
2026-09-30 00:32:41 LAUNCH fx3pA1_D_W pid=39112 free=3.7GB running=8
