2026-09-30 00:28:50 START E:\Projects\SAS\outputs\_fx3_q_p1v.jsonl 32 runs maxpar=14 min_free=3.0
2026-09-30 00:28:50 LAUNCH fx3pV_A_E pid=40456 free=3.6GB running=1
2026-09-30 00:33:07 LAUNCH fx3pV_A_N pid=18368 free=3.8GB running=2
2026-09-30 00:33:59 LAUNCH fx3pV_A_S pid=39304 free=3.7GB running=3
2026-09-30 00:34:06 LAUNCH fx3pV_A_W pid=38764 free=3.7GB running=4
2026-09-30 00:40:03 DONE fx3pV_A_E rc=0 673s
2026-09-30 00:40:03 LAUNCH fx3pV_B_E pid=21196 free=3.6GB running=4
2026-09-30 00:41:05 LAUNCH fx3pV_B_N pid=16548 free=3.7GB running=5
2026-09-30 00:42:27 LAUNCH fx3pV_B_S pid=40436 free=3.7GB running=6
2026-09-30 00:43:39 LAUNCH fx3pV_B_W pid=40280 free=3.7GB running=7
2026-09-30 00:44:06 DONE fx3pV_A_S rc=0 607s
2026-09-30 00:44:06 LAUNCH fx3pV_C_E pid=27640 free=3.7GB running=7
2026-09-30 00:44:43 LAUNCH fx3pV_C_N pid=25676 free=3.6GB running=8
2026-09-30 00:44:45 LAUNCH fx3pV_C_S pid=38536 free=3.7GB running=9
2026-09-30 00:46:17 DONE fx3pV_A_W rc=0 731s
2026-09-30 00:46:17 LAUNCH fx3pV_C_W pid=41456 free=3.6GB running=9
2026-09-30 00:46:39 DONE fx3pV_A_N rc=0 812s
2026-09-30 00:46:39 LAUNCH fx3pV_D_E pid=31040 free=3.6GB running=9
2026-09-30 00:48:01 LAUNCH fx3pV_D_N pid=5188 free=3.6GB running=10
2026-09-30 00:48:53 LAUNCH fx3pV_D_S pid=28964 free=3.7GB running=11
2026-09-30 00:49:45 LAUNCH fx3pV_D_W pid=36176 free=3.6GB running=12
2026-09-30 00:52:18 DONE fx3pV_B_E rc=0 734s
2026-09-30 00:52:18 LAUNCH fx3pVB0_B_N_9605 pid=13684 free=3.6GB running=12
2026-09-30 00:52:45 LAUNCH fx3pVB0_B_N_9651 pid=38080 free=3.6GB running=13
2026-09-30 00:53:02 DONE fx3pV_B_W rc=0 562s
2026-09-30 00:53:02 LAUNCH fx3pVB0_B_S_9606 pid=40720 free=3.6GB running=13
2026-09-30 00:53:39 LAUNCH fx3pVB0_B_S_9652 pid=7556 free=3.7GB running=14
2026-09-30 00:53:46 DONE fx3pV_B_N rc=0 760s
2026-09-30 00:53:46 LAUNCH fx3pVB0_B_E_9607 pid=42436 free=3.7GB running=14
2026-09-30 00:54:13 DONE fx3pV_B_S rc=0 705s
2026-09-30 00:54:13 LAUNCH fx3pVB0_B_E_9653 pid=13148 free=3.7GB running=14
2026-09-30 00:56:25 DONE fx3pV_C_N rc=0 701s
2026-09-30 00:56:25 LAUNCH fx3pVB0_B_W_9608 pid=42328 free=5.4GB running=14
2026-09-30 00:59:57 DONE fx3pV_C_S rc=0 912s
2026-09-30 00:59:57 LAUNCH fx3pVB0_B_W_9654 pid=39052 free=6.8GB running=14
2026-09-30 01:01:29 DONE fx3pV_D_N rc=0 807s
2026-09-30 01:01:29 LAUNCH fx3pVBF_B_N_9605 pid=41460 free=6.9GB running=14
2026-09-30 01:02:01 DONE fx3pVB0_B_W_9608 rc=0 336s
2026-09-30 01:02:01 LAUNCH fx3pVBF_B_N_9651 pid=42228 free=6.9GB running=14
2026-09-30 01:02:08 DONE fx3pV_D_E rc=0 929s
2026-09-30 01:02:08 LAUNCH fx3pVBF_B_S_9606 pid=27948 free=7.0GB running=14
2026-09-30 01:03:10 DONE fx3pV_C_E rc=0 1144s
2026-09-30 01:03:10 LAUNCH fx3pVBF_B_S_9652 pid=39276 free=7.8GB running=14
2026-09-30 01:03:27 DONE fx3pV_D_S rc=0 874s
2026-09-30 01:03:27 DONE fx3pVB0_B_N_9651 rc=0 643s
2026-09-30 01:03:27 LAUNCH fx3pVBF_B_E_9607 pid=41088 free=8.7GB running=13
2026-09-30 01:03:29 LAUNCH fx3pVBF_B_E_9653 pid=42796 free=7.9GB running=14
2026-09-30 01:04:11 DONE fx3pV_C_W rc=0 1074s
2026-09-30 01:04:11 LAUNCH fx3pVBF_B_W_9608 pid=4824 free=7.9GB running=14
2026-09-30 01:04:18 DONE fx3pVB0_B_N_9605 rc=0 721s
2026-09-30 01:04:18 LAUNCH fx3pVBF_B_W_9654 pid=40308 free=7.9GB running=14
2026-09-30 01:09:30 DONE fx3pVB0_B_S_9606 rc=0 989s
2026-09-30 01:09:35 DONE fx3pV_D_W rc=0 1190s
2026-09-30 01:09:55 DONE fx3pVBF_B_W_9608 rc=0 344s
2026-09-30 01:10:35 DONE fx3pVB0_B_E_9607 rc=0 1010s
2026-09-30 01:11:25 DONE fx3pVB0_B_S_9652 rc=0 1067s
2026-09-30 01:13:05 DONE fx3pVBF_B_N_9605 rc=0 697s
2026-09-30 01:13:15 DONE fx3pVBF_B_N_9651 rc=0 675s
2026-09-30 01:13:21 DONE fx3pVB0_B_E_9653 rc=0 1148s
2026-09-30 01:13:56 DONE fx3pVBF_B_S_9606 rc=0 708s
2026-09-30 01:16:46 DONE fx3pVBF_B_S_9652 rc=0 816s
2026-09-30 01:17:31 DONE fx3pVBF_B_E_9607 rc=0 843s
2026-09-30 01:19:01 DONE fx3pVB0_B_W_9654 rc=0 1144s
2026-09-30 01:23:36 DONE fx3pVBF_B_E_9653 rc=0 1207s
2026-09-30 01:25:31 DONE fx3pVBF_B_W_9654 rc=0 1273s
2026-09-30 01:25:36 ALL_MF2_COMPLETE E:\Projects\SAS\outputs\_fx3_q_p1v.jsonl 32/32 0 FAIL
