........................................................................ [  4%]
........................................................................ [  9%]
........................................................................ [ 14%]
........................................................................ [ 19%]
........................................................................ [ 24%]
........................................................................ [ 29%]
........................................................................ [ 34%]
........................................................................ [ 39%]
........................................................................ [ 44%]
........................................................................ [ 49%]
........................................................................ [ 53%]
........................................................................ [ 58%]
........................................................................ [ 63%]
........................................................................ [ 68%]
........................................................................ [ 73%]
........................................................................ [ 78%]
........................................................................ [ 83%]
........F............................................................... [ 88%]
........................................................................ [ 93%]
........................................................................ [ 98%]
.............................                                            [100%]
================================== FAILURES ===================================
____________ test_fire_tracker_uavs_receive_different_target_sets _____________

    def test_fire_tracker_uavs_receive_different_target_sets() -> None:
        generator = LocalAdaptationSpaceGenerator()
        runtime_models = _runtime_models(["0", "1", "2"])
    
        fire_targets: dict[str, set[tuple[int, int]]] = {}
        for uav_id in ("0", "1", "2"):
            runtime_models["uav_id"] = uav_id
            runtime_models["uav_resource_model"] = _FakeUAVResource(
                by_uav_id={
                    uid: type("Role", (), {"current_role": "fire_tracker"})()
                    for uid in ("0", "1", "2")
                }
            )
            space = generator.generate(
                {"target_entity": uav_id, "triggers": ()},
                {},
                runtime_models,
                timestamp=1.0,
            )
            targets = {
                tuple(option.parameters.get("target_region"))
                for option in space.options
                if option.parameters.get("path_action", "").startswith("move_toward_fire")
                and option.parameters.get("target_region") is not None
            }
            fire_targets[uav_id] = targets
    
        assert fire_targets["0"]
        assert fire_targets["1"]
        assert fire_targets["2"]
        assert fire_targets["0"].isdisjoint(fire_targets["1"])
>       assert fire_targets["1"].isdisjoint(fire_targets["2"])
E       assert False
E        +  where False = <built-in method isdisjoint of set object at 0x000002363D801380>({(1, 5), (2, 5), (3, 5)})
E        +    where <built-in method isdisjoint of set object at 0x000002363D801380> = {(1, 5), (2, 5), (3, 5)}.isdisjoint

tests\test_uav_sector_assignment.py:198: AssertionError
============================== warnings summary ===============================
tests\test_firefighter_fire_avoidance.py:205
  E:\Projects\SAS\tests\test_firefighter_fire_avoidance.py:205: PytestUnknownMarkWarning: Unknown pytest.mark.slow - is this a typo?  You can register custom marks to avoid this warning - for details, see https://docs.pytest.org/en/stable/how-to/mark.html
    @pytest.mark.slow

tests\test_unresolved_victim_coverage.py:282
  E:\Projects\SAS\tests\test_unresolved_victim_coverage.py:282: PytestUnknownMarkWarning: Unknown pytest.mark.slow - is this a typo?  You can register custom marks to avoid this warning - for details, see https://docs.pytest.org/en/stable/how-to/mark.html
    @pytest.mark.slow

tests\test_unresolved_victim_coverage.py:303
  E:\Projects\SAS\tests\test_unresolved_victim_coverage.py:303: PytestUnknownMarkWarning: Unknown pytest.mark.slow - is this a typo?  You can register custom marks to avoid this warning - for details, see https://docs.pytest.org/en/stable/how-to/mark.html
    @pytest.mark.slow

tests\test_unresolved_victim_coverage.py:312
  E:\Projects\SAS\tests\test_unresolved_victim_coverage.py:312: PytestUnknownMarkWarning: Unknown pytest.mark.slow - is this a typo?  You can register custom marks to avoid this warning - for details, see https://docs.pytest.org/en/stable/how-to/mark.html
    @pytest.mark.slow

tests\test_y_sweep_commit.py:106
  E:\Projects\SAS\tests\test_y_sweep_commit.py:106: PytestUnknownMarkWarning: Unknown pytest.mark.slow - is this a typo?  You can register custom marks to avoid this warning - for details, see https://docs.pytest.org/en/stable/how-to/mark.html
    @pytest.mark.slow

-- Docs: https://docs.pytest.org/en/stable/how-to/capture-warnings.html
=========================== short test summary info ===========================
FAILED tests/test_uav_sector_assignment.py::test_fire_tracker_uavs_receive_different_target_sets
1 failed, 1468 passed, 5 warnings in 4651.15s (1:17:31)
