2026-09-30 08:23:42 START E:\Projects\SAS\outputs\_fx3_q_p3all.jsonl 200 runs maxpar=14 min_free=3.0
2026-09-30 08:23:42 LAUNCH fx3gZa pid=38536 free=13.5GB running=1
2026-09-30 08:23:44 LAUNCH fx3gZb pid=21404 free=12.7GB running=2
2026-09-30 08:23:46 LAUNCH fx3gZc pid=46920 free=11.9GB running=3
2026-09-30 08:23:48 LAUNCH fx3gZs pid=47064 free=11.1GB running=4
2026-09-30 08:23:50 LAUNCH fx3gSa pid=45816 free=10.2GB running=5
2026-09-30 08:23:52 LAUNCH fx3gSb pid=48568 free=9.4GB running=6
2026-09-30 08:23:54 LAUNCH fx3gSc pid=48352 free=8.5GB running=7
2026-09-30 08:23:56 LAUNCH fx3gSs pid=41160 free=7.7GB running=8
2026-09-30 08:23:58 LAUNCH fx3Z_A_N pid=34692 free=6.9GB running=9
2026-09-30 08:24:00 LAUNCH fx3Z_A_S pid=9100 free=6.0GB running=10
2026-09-30 08:24:02 LAUNCH fx3Z_A_E pid=13592 free=5.3GB running=11
2026-09-30 08:24:04 LAUNCH fx3Z_A_W pid=11876 free=4.5GB running=12
2026-09-30 08:24:06 LAUNCH fx3Z_B_N pid=3464 free=3.6GB running=13
2026-09-30 08:33:24 DONE fx3Z_A_S rc=0 564s
2026-09-30 08:35:29 DONE fx3Z_A_E rc=0 687s
2026-09-30 08:35:29 LAUNCH fx3Z_B_S pid=50100 free=3.4GB running=12
2026-09-30 08:35:56 DONE fx3Z_B_N rc=0 710s
2026-09-30 08:35:56 LAUNCH fx3Z_B_E pid=49336 free=3.4GB running=12
2026-09-30 08:36:03 DONE fx3Z_A_W rc=0 719s
2026-09-30 08:36:03 LAUNCH fx3Z_B_W pid=9904 free=3.5GB running=12
2026-09-30 08:38:10 DONE fx3Z_A_N rc=0 852s
2026-09-30 08:38:10 LAUNCH fx3Z_C_N pid=616 free=3.3GB running=12
2026-09-30 08:42:48 LAUNCH fx3Z_C_S pid=28972 free=3.5GB running=13
2026-09-30 08:45:10 DONE fx3Z_B_W rc=0 547s
2026-09-30 08:45:55 LAUNCH fx3Z_C_E pid=48044 free=3.6GB running=13
2026-09-30 08:48:17 DONE fx3Z_B_S rc=0 768s
2026-09-30 08:48:17 DONE fx3Z_B_E rc=0 741s
2026-09-30 08:48:17 LAUNCH fx3Z_C_W pid=48972 free=4.6GB running=12
2026-09-30 08:48:19 LAUNCH fx3Z_D_N pid=47492 free=3.8GB running=13
2026-09-30 08:48:21 LAUNCH fx3Z_D_S pid=45012 free=3.0GB running=14
2026-09-30 08:49:38 DONE fx3Z_C_N rc=0 688s
2026-09-30 08:54:59 LAUNCH fx3Z_D_E pid=14732 free=3.8GB running=14
2026-09-30 08:57:31 DONE fx3Z_C_S rc=0 883s
2026-09-30 08:57:31 LAUNCH fx3Z_D_W pid=47764 free=4.7GB running=14
2026-09-30 09:02:23 DONE fx3Z_D_N rc=0 844s
2026-09-30 09:02:23 LAUNCH fx3S_A_N pid=21908 free=4.6GB running=14
2026-09-30 09:03:10 DONE fx3Z_C_W rc=0 893s
2026-09-30 09:03:10 LAUNCH fx3S_A_S pid=27156 free=4.6GB running=14
2026-09-30 09:03:18 DONE fx3Z_D_S rc=0 896s
2026-09-30 09:03:23 LAUNCH fx3S_A_E pid=27612 free=4.7GB running=14
2026-09-30 09:04:20 DONE fx3Z_C_E rc=0 1105s
2026-09-30 09:04:20 LAUNCH fx3S_A_W pid=49396 free=4.9GB running=14
2026-09-30 09:08:37 DONE fx3Z_D_E rc=0 818s
2026-09-30 09:08:37 LAUNCH fx3S_B_N pid=27764 free=4.8GB running=14
2026-09-30 09:12:39 DONE fx3S_A_S rc=0 569s
2026-09-30 09:12:39 LAUNCH fx3S_B_S pid=44568 free=5.4GB running=14
2026-09-30 09:13:01 DONE fx3gZs rc=0 2953s
2026-09-30 09:13:01 LAUNCH fx3S_B_E pid=47960 free=5.8GB running=14
2026-09-30 09:13:33 DONE fx3gSs rc=0 2977s
2026-09-30 09:13:33 LAUNCH fx3S_B_W pid=39336 free=5.3GB running=14
2026-09-30 09:14:15 DONE fx3S_A_E rc=0 653s
2026-09-30 09:14:16 LAUNCH fx3S_C_N pid=49696 free=5.5GB running=14
2026-09-30 09:14:58 DONE fx3S_A_N rc=0 754s
2026-09-30 09:14:58 LAUNCH fx3S_C_S pid=47776 free=5.6GB running=14
2026-09-30 09:15:40 DONE fx3S_A_W rc=0 680s
2026-09-30 09:15:40 LAUNCH fx3S_C_E pid=34384 free=5.5GB running=14
2026-09-30 09:15:57 DONE fx3Z_D_W rc=0 1106s
2026-09-30 09:15:57 LAUNCH fx3S_C_W pid=30216 free=5.5GB running=14
2026-09-30 09:16:34 DONE fx3gSc rc=0 3160s
2026-09-30 09:16:34 LAUNCH fx3S_D_N pid=27112 free=5.4GB running=14
2026-09-30 09:17:46 DONE fx3gZc rc=0 3240s
2026-09-30 09:17:46 LAUNCH fx3S_D_S pid=15600 free=5.7GB running=14
2026-09-30 09:18:58 DONE fx3S_B_W rc=0 325s
2026-09-30 09:18:58 LAUNCH fx3S_D_E pid=10436 free=5.8GB running=14
2026-09-30 09:19:05 DONE fx3gZb rc=0 3321s
2026-09-30 09:19:05 LAUNCH fx3S_D_W pid=40724 free=5.8GB running=14
2026-09-30 09:19:42 DONE fx3S_B_N rc=0 665s
2026-09-30 09:19:42 LAUNCH fx3S2_A_N pid=47880 free=5.7GB running=14
2026-09-30 09:20:34 DONE fx3gSb rc=0 3402s
2026-09-30 09:20:34 LAUNCH fx3S2_A_S pid=48456 free=6.0GB running=14
2026-09-30 09:23:36 DONE fx3S_B_S rc=0 657s
2026-09-30 09:23:36 LAUNCH fx3S2_A_E pid=50156 free=5.7GB running=14
2026-09-30 09:24:39 DONE fx3S_C_N rc=0 623s
2026-09-30 09:24:39 LAUNCH fx3S2_A_W pid=26188 free=5.3GB running=14
2026-09-30 09:26:41 DONE fx3S_B_E rc=0 819s
2026-09-30 09:26:41 LAUNCH fx3S2_B_N pid=16976 free=5.3GB running=14
2026-09-30 09:28:58 DONE fx3S_C_S rc=0 840s
2026-09-30 09:28:58 LAUNCH fx3S2_B_S pid=30144 free=5.2GB running=14
2026-09-30 09:29:20 DONE fx3S2_A_S rc=0 526s
2026-09-30 09:29:20 LAUNCH fx3S2_B_E pid=10684 free=5.4GB running=14
2026-09-30 09:29:52 DONE fx3S_D_N rc=0 798s
2026-09-30 09:29:52 LAUNCH fx3S2_B_W pid=43396 free=5.2GB running=14
2026-09-30 09:30:19 DONE fx3S_D_S rc=0 753s
2026-09-30 09:30:19 LAUNCH fx3S2_C_N pid=45012 free=5.2GB running=14
2026-09-30 09:30:26 DONE fx3S2_A_N rc=0 644s
2026-09-30 09:30:26 LAUNCH fx3S2_C_S pid=42392 free=5.3GB running=14
2026-09-30 09:31:43 DONE fx3S_D_E rc=0 765s
2026-09-30 09:31:43 LAUNCH fx3S2_C_E pid=42560 free=5.3GB running=14
2026-09-30 09:31:55 DONE fx3S_C_W rc=0 959s
2026-09-30 09:31:55 LAUNCH fx3S2_C_W pid=43352 free=5.3GB running=14
2026-09-30 09:32:38 DONE fx3S_C_E rc=0 1018s
2026-09-30 09:32:38 DONE fx3S2_A_E rc=0 541s
2026-09-30 09:32:38 LAUNCH fx3S2_D_N pid=39424 free=6.2GB running=13
2026-09-30 09:32:40 LAUNCH fx3S2_D_S pid=50172 free=5.2GB running=14
2026-09-30 09:35:02 DONE fx3S2_A_W rc=0 623s
2026-09-30 09:35:02 LAUNCH fx3S2_D_E pid=37016 free=5.1GB running=14
2026-09-30 09:37:14 DONE fx3S_D_W rc=0 1089s
2026-09-30 09:37:14 LAUNCH fx3S2_D_W pid=46084 free=5.6GB running=14
2026-09-30 09:39:21 DONE fx3S2_B_S rc=0 623s
2026-09-30 09:39:21 LAUNCH fx3SZ2_A_N pid=11096 free=3.4GB running=14
2026-09-30 09:39:43 DONE fx3gZa rc=0 4561s
2026-09-30 09:39:43 DONE fx3S2_C_S rc=0 557s
2026-09-30 09:39:43 LAUNCH fx3SZ2_A_S pid=33988 free=4.3GB running=13
2026-09-30 09:39:45 LAUNCH fx3SZ2_A_E pid=19052 free=3.5GB running=14
2026-09-30 09:40:37 DONE fx3gSa rc=0 4607s
2026-09-30 09:40:38 DONE fx3S2_B_N rc=0 837s
2026-09-30 09:40:38 LAUNCH fx3SZ2_A_W pid=49708 free=4.0GB running=13
2026-09-30 09:40:40 LAUNCH fx3SZ2_B_N pid=50024 free=3.4GB running=14
2026-09-30 09:41:47 DONE fx3S2_B_E rc=0 747s
2026-09-30 09:41:52 DONE fx3S2_C_N rc=0 692s
2026-09-30 09:42:02 LAUNCH fx3SZ2_B_S pid=45000 free=3.0GB running=13
2026-09-30 09:42:09 DONE fx3S2_D_S rc=0 569s
2026-09-30 09:42:09 LAUNCH fx3SZ2_B_E pid=36964 free=3.0GB running=13
2026-09-30 09:44:41 DONE fx3S2_C_E rc=0 778s
2026-09-30 09:44:56 DONE fx3S2_D_N rc=0 738s
2026-09-30 09:44:56 LAUNCH fx3SZ2_B_W pid=39184 free=3.4GB running=12
2026-09-30 09:45:48 LAUNCH fx3SZ2_C_N pid=31260 free=7.6GB running=13
2026-09-30 09:45:50 LAUNCH fx3SZ2_C_S pid=46840 free=6.8GB running=14
2026-09-30 09:46:47 DONE fx3S2_B_W rc=0 1015s
2026-09-30 09:46:47 LAUNCH fx3SZ2_C_E pid=24268 free=6.8GB running=14
2026-09-30 09:47:34 DONE fx3S2_C_W rc=0 939s
2026-09-30 09:47:34 LAUNCH fx3SZ2_C_W pid=16780 free=5.7GB running=14
2026-09-30 09:47:46 DONE fx3SZ2_A_S rc=0 483s
2026-09-30 09:47:46 LAUNCH fx3SZ2_D_N pid=47500 free=5.6GB running=14
2026-09-30 09:48:44 DONE fx3SZ2_A_N rc=0 562s
2026-09-30 09:48:44 LAUNCH fx3SZ2_D_S pid=7588 free=6.0GB running=14
2026-09-30 09:49:16 DONE fx3SZ2_A_E rc=0 570s
2026-09-30 09:49:16 LAUNCH fx3SZ2_D_E pid=50032 free=6.0GB running=14
2026-09-30 09:50:38 DONE fx3SZ2_A_W rc=0 600s
2026-09-30 09:50:38 LAUNCH fx3SZ2_D_W pid=48608 free=5.6GB running=14
2026-09-30 09:51:45 DONE fx3S2_D_E rc=0 1003s
2026-09-30 09:51:45 LAUNCH fx3B0_B_N_9605 pid=48864 free=6.8GB running=14
2026-09-30 09:52:02 DONE fx3SZ2_B_N rc=0 682s
2026-09-30 09:52:02 LAUNCH fx3B0_B_N_9651 pid=46460 free=6.7GB running=14
2026-09-30 09:52:49 DONE fx3SZ2_B_E rc=0 640s
2026-09-30 09:54:39 DONE fx3SZ2_C_N rc=0 531s
2026-09-30 09:54:54 DONE fx3S2_D_W rc=0 1060s
2026-09-30 09:54:54 LAUNCH fx3B0_B_N_9661 pid=46120 free=3.1GB running=12
2026-09-30 09:55:11 DONE fx3SZ2_B_S rc=0 789s
2026-09-30 09:55:11 DONE fx3SZ2_B_W rc=0 615s
2026-09-30 09:55:11 LAUNCH fx3B0_B_N_9671 pid=27588 free=3.8GB running=11
2026-09-30 09:55:23 LAUNCH fx3B0_B_S_9606 pid=8200 free=3.1GB running=12
2026-09-30 09:55:30 DONE fx3SZ2_C_S rc=0 580s
2026-09-30 09:55:30 LAUNCH fx3B0_B_S_9652 pid=28648 free=3.4GB running=12
2026-09-30 09:56:32 LAUNCH fx3B0_B_S_9662 pid=39824 free=3.2GB running=13
2026-09-30 09:56:44 LAUNCH fx3B0_B_S_9672 pid=41664 free=9.3GB running=14
2026-09-30 09:58:21 DONE fx3SZ2_D_S rc=0 578s
2026-09-30 09:58:22 LAUNCH fx3B0_B_E_9607 pid=34564 free=9.6GB running=14
2026-09-30 09:58:49 DONE fx3SZ2_C_E rc=0 721s
2026-09-30 09:58:49 LAUNCH fx3B0_B_E_9653 pid=45412 free=9.6GB running=14
2026-09-30 10:02:21 DONE fx3B0_B_N_9651 rc=0 619s
2026-09-30 10:02:21 LAUNCH fx3B0_B_E_9663 pid=48356 free=9.1GB running=14
2026-09-30 10:02:43 DONE fx3B0_B_N_9605 rc=0 658s
2026-09-30 10:02:43 LAUNCH fx3B0_B_E_9673 pid=40748 free=9.0GB running=14
2026-09-30 10:03:00 DONE fx3SZ2_C_W rc=0 926s
2026-09-30 10:03:00 LAUNCH fx3B0_B_W_9608 pid=37360 free=4.1GB running=14
2026-09-30 10:03:32 DONE fx3SZ2_D_N rc=0 946s
2026-09-30 10:03:32 LAUNCH fx3B0_B_W_9654 pid=24252 free=9.6GB running=14
2026-09-30 10:05:34 DONE fx3B0_B_S_9672 rc=0 530s
2026-09-30 10:05:34 LAUNCH fx3B0_B_W_9664 pid=47892 free=9.6GB running=14
2026-09-30 10:05:51 DONE fx3SZ2_D_E rc=0 996s
2026-09-30 10:05:51 LAUNCH fx3B0_B_W_9674 pid=3340 free=9.6GB running=14
2026-09-30 10:06:18 DONE fx3B0_B_N_9671 rc=0 667s
2026-09-30 10:06:18 LAUNCH fx3B2_B_N_9605 pid=38772 free=9.6GB running=14
2026-09-30 10:06:25 DONE fx3B0_B_S_9662 rc=0 593s
2026-09-30 10:06:25 LAUNCH fx3B2_B_N_9651 pid=11604 free=9.6GB running=14
2026-09-30 10:08:03 DONE fx3B0_B_W_9608 rc=0 303s
2026-09-30 10:08:03 LAUNCH fx3B2_B_N_9661 pid=39980 free=9.2GB running=14
2026-09-30 10:08:10 DONE fx3SZ2_D_W rc=0 1052s
2026-09-30 10:08:10 LAUNCH fx3B2_B_N_9671 pid=46896 free=9.4GB running=14
2026-09-30 10:08:32 DONE fx3B0_B_N_9661 rc=0 818s
2026-09-30 10:08:32 LAUNCH fx3B2_B_S_9606 pid=26392 free=9.4GB running=14
2026-09-30 10:09:34 DONE fx3B0_B_S_9606 rc=0 851s
2026-09-30 10:09:34 DONE fx3B0_B_S_9652 rc=0 844s
2026-09-30 10:09:34 LAUNCH fx3B2_B_S_9652 pid=49496 free=9.3GB running=13
2026-09-30 10:09:36 LAUNCH fx3B2_B_S_9662 pid=38988 free=8.5GB running=14
2026-09-30 10:12:53 DONE fx3B0_B_E_9607 rc=0 871s
2026-09-30 10:12:53 LAUNCH fx3B2_B_S_9672 pid=4720 free=8.6GB running=14
2026-09-30 10:15:30 DONE fx3B0_B_E_9653 rc=0 1002s
2026-09-30 10:15:30 LAUNCH fx3B2_B_E_9607 pid=20024 free=8.5GB running=14
2026-09-30 10:15:37 DONE fx3B0_B_E_9673 rc=0 774s
2026-09-30 10:15:37 LAUNCH fx3B2_B_E_9653 pid=2940 free=8.5GB running=14
2026-09-30 10:15:49 DONE fx3B2_B_N_9651 rc=0 564s
2026-09-30 10:15:49 LAUNCH fx3B2_B_E_9663 pid=17476 free=8.5GB running=14
2026-09-30 10:16:31 DONE fx3B2_B_N_9605 rc=0 613s
2026-09-30 10:16:31 LAUNCH fx3B2_B_E_9673 pid=48448 free=8.6GB running=14
2026-09-30 10:17:38 DONE fx3B0_B_E_9663 rc=0 918s
2026-09-30 10:17:38 DONE fx3B2_B_N_9671 rc=0 569s
2026-09-30 10:17:38 LAUNCH fx3B2_B_W_9608 pid=36852 free=9.3GB running=13
2026-09-30 10:17:40 LAUNCH fx3B2_B_W_9654 pid=29668 free=8.5GB running=14
2026-09-30 10:18:02 DONE fx3B2_B_N_9661 rc=0 600s
2026-09-30 10:18:02 LAUNCH fx3B2_B_W_9664 pid=46920 free=8.5GB running=14
2026-09-30 10:18:24 DONE fx3B2_B_S_9606 rc=0 593s
2026-09-30 10:18:25 LAUNCH fx3B2_B_W_9674 pid=49420 free=8.5GB running=14
2026-09-30 10:18:37 DONE fx3B2_B_S_9662 rc=0 541s
2026-09-30 10:18:37 LAUNCH fx3B3_B_N_9605 pid=41160 free=8.5GB running=14
2026-09-30 10:19:54 DONE fx3B2_B_S_9652 rc=0 620s
2026-09-30 10:19:54 LAUNCH fx3B3_B_N_9651 pid=11976 free=8.5GB running=14
2026-09-30 10:20:31 DONE fx3B0_B_W_9654 rc=0 1019s
2026-09-30 10:20:31 LAUNCH fx3B3_B_N_9661 pid=34420 free=8.4GB running=14
2026-09-30 10:20:58 DONE fx3B2_B_S_9672 rc=0 485s
2026-09-30 10:20:58 LAUNCH fx3B3_B_N_9671 pid=48416 free=8.5GB running=14
2026-09-30 10:21:35 DONE fx3B0_B_W_9664 rc=0 961s
2026-09-30 10:21:35 LAUNCH fx3B3_B_S_9606 pid=48728 free=8.5GB running=14
2026-09-30 10:22:37 DONE fx3B2_B_W_9608 rc=0 299s
2026-09-30 10:22:37 LAUNCH fx3B3_B_S_9652 pid=44896 free=9.3GB running=14
2026-09-30 10:24:39 DONE fx3B0_B_W_9674 rc=0 1128s
2026-09-30 10:24:39 LAUNCH fx3B3_B_S_9662 pid=14900 free=8.8GB running=14
2026-09-30 10:28:17 DONE fx3B2_B_E_9607 rc=0 766s
2026-09-30 10:28:32 LAUNCH fx3B3_B_S_9672 pid=14080 free=9.2GB running=14
2026-09-30 10:29:14 DONE fx3B2_B_E_9673 rc=0 762s
2026-09-30 10:29:14 LAUNCH fx3B3_B_E_9607 pid=50028 free=9.2GB running=14
2026-09-30 10:29:56 DONE fx3B3_B_N_9605 rc=0 679s
2026-09-30 10:29:56 DONE fx3B3_B_N_9651 rc=0 602s
2026-09-30 10:29:56 LAUNCH fx3B3_B_E_9653 pid=44548 free=9.1GB running=13
2026-09-30 10:29:58 LAUNCH fx3B3_B_E_9663 pid=48776 free=8.4GB running=14
2026-09-30 10:30:10 DONE fx3B2_B_E_9663 rc=0 861s
2026-09-30 10:30:10 LAUNCH fx3B3_B_E_9673 pid=50156 free=8.3GB running=14
2026-09-30 10:31:27 DONE fx3B3_B_S_9606 rc=0 592s
2026-09-30 10:31:27 LAUNCH fx3B3_B_W_9608 pid=672 free=8.9GB running=14
2026-09-30 10:31:39 DONE fx3B2_B_W_9664 rc=0 817s
2026-09-30 10:31:39 DONE fx3B3_B_N_9661 rc=0 668s
2026-09-30 10:31:39 LAUNCH fx3B3_B_W_9654 pid=12960 free=8.9GB running=13
2026-09-30 10:31:41 LAUNCH fx3B3_B_W_9664 pid=44060 free=8.0GB running=14
2026-09-30 10:31:58 DONE fx3B3_B_N_9671 rc=0 660s
2026-09-30 10:31:58 LAUNCH fx3B3_B_W_9674 pid=27084 free=7.0GB running=14
2026-09-30 10:34:05 DONE fx3B2_B_E_9653 rc=0 1108s
2026-09-30 10:34:05 LAUNCH fx3B23_B_N_9605 pid=40696 free=3.0GB running=14
2026-09-30 10:35:27 DONE fx3B3_B_S_9652 rc=0 770s
2026-09-30 10:35:27 LAUNCH fx3B23_B_N_9651 pid=26740 free=5.2GB running=14
2026-09-30 10:35:35 DONE fx3B3_B_S_9662 rc=0 655s
2026-09-30 10:35:35 LAUNCH fx3B23_B_N_9661 pid=27688 free=5.3GB running=14
2026-09-30 10:36:22 DONE fx3B3_B_W_9608 rc=0 295s
2026-09-30 10:36:22 LAUNCH fx3B23_B_N_9671 pid=26000 free=5.2GB running=14
2026-09-30 10:37:34 DONE fx3B2_B_W_9654 rc=0 1193s
2026-09-30 10:37:34 DONE fx3B2_B_W_9674 rc=0 1149s
2026-09-30 10:37:34 LAUNCH fx3B23_B_S_9606 pid=27200 free=9.2GB running=13
2026-09-30 10:37:36 LAUNCH fx3B23_B_S_9652 pid=42016 free=8.4GB running=14
2026-09-30 10:38:38 DONE fx3B3_B_S_9672 rc=0 606s
2026-09-30 10:38:38 LAUNCH fx3B23_B_S_9662 pid=46212 free=8.2GB running=14
2026-09-30 10:43:40 DONE fx3B3_B_E_9673 rc=0 810s
2026-09-30 10:43:40 LAUNCH fx3B23_B_S_9672 pid=40480 free=3.1GB running=14
2026-09-30 10:44:02 DONE fx3B3_B_E_9607 rc=0 889s
2026-09-30 10:44:02 LAUNCH fx3B23_B_E_9607 pid=45236 free=3.1GB running=14
2026-09-30 10:45:09 DONE fx3B23_B_N_9605 rc=0 664s
2026-09-30 10:45:10 LAUNCH fx3B23_B_E_9653 pid=49360 free=6.3GB running=14
2026-09-30 10:46:37 DONE fx3B23_B_N_9651 rc=0 669s
2026-09-30 10:46:37 LAUNCH fx3B23_B_E_9663 pid=2908 free=6.4GB running=14
2026-09-30 10:46:49 DONE fx3B23_B_N_9661 rc=0 674s
2026-09-30 10:46:49 LAUNCH fx3B23_B_E_9673 pid=13800 free=6.4GB running=14
2026-09-30 10:47:26 DONE fx3B3_B_E_9653 rc=0 1050s
2026-09-30 10:47:26 DONE fx3B23_B_N_9671 rc=0 664s
2026-09-30 10:47:26 LAUNCH fx3B23_B_W_9608 pid=41424 free=7.3GB running=13
2026-09-30 10:47:28 LAUNCH fx3B23_B_W_9654 pid=38064 free=6.5GB running=14
2026-09-30 10:48:30 DONE fx3B3_B_E_9663 rc=0 1112s
2026-09-30 10:48:30 LAUNCH fx3B23_B_W_9664 pid=43868 free=6.5GB running=14
2026-09-30 10:48:37 DONE fx3B23_B_S_9606 rc=0 663s
2026-09-30 10:48:37 LAUNCH fx3B23_B_W_9674 pid=19548 free=6.5GB running=14
2026-09-30 10:48:44 DONE fx3B3_B_W_9664 rc=0 1023s
2026-09-30 10:48:44 LAUNCH fx3A1_A_N pid=27656 free=6.6GB running=14
2026-09-30 10:49:06 DONE fx3B23_B_S_9662 rc=0 628s
2026-09-30 10:49:06 LAUNCH fx3A1_A_S pid=40108 free=6.6GB running=14
2026-09-30 10:49:18 DONE fx3B23_B_S_9652 rc=0 702s
2026-09-30 10:49:18 LAUNCH fx3A1_A_E pid=47240 free=6.6GB running=14
2026-09-30 10:50:20 DONE fx3B3_B_W_9654 rc=0 1121s
2026-09-30 10:50:20 LAUNCH fx3A1_A_W pid=5668 free=6.5GB running=14
2026-09-30 10:51:57 DONE fx3B3_B_W_9674 rc=0 1199s
2026-09-30 10:51:57 LAUNCH fx3A1_B_N pid=49412 free=6.6GB running=14
2026-09-30 10:53:00 DONE fx3B23_B_S_9672 rc=0 559s
2026-09-30 10:53:00 DONE fx3B23_B_W_9608 rc=0 334s
2026-09-30 10:53:00 LAUNCH fx3A1_B_S pid=45736 free=7.5GB running=13
2026-09-30 10:53:02 LAUNCH fx3A1_B_E pid=49060 free=6.7GB running=14
2026-09-30 10:58:14 DONE fx3B23_B_E_9607 rc=0 852s
2026-09-30 10:58:14 LAUNCH fx3A1_B_W pid=18488 free=4.5GB running=14
2026-09-30 10:58:41 DONE fx3A1_A_S rc=0 575s
2026-09-30 10:58:41 LAUNCH fx3A1_C_N pid=37028 free=5.6GB running=14
2026-09-30 11:00:23 DONE fx3A1_A_E rc=0 665s
2026-09-30 11:00:23 LAUNCH fx3A1_C_S pid=38408 free=3.7GB running=14
2026-09-30 11:01:15 DONE fx3B23_B_E_9673 rc=0 867s
2026-09-30 11:01:15 LAUNCH fx3A1_C_E pid=45196 free=3.3GB running=14
2026-09-30 11:01:32 DONE fx3A1_A_N rc=0 768s
2026-09-30 11:01:32 LAUNCH fx3A1_C_W pid=34308 free=3.3GB running=14
2026-09-30 11:01:44 DONE fx3A1_A_W rc=0 684s
2026-09-30 11:01:44 LAUNCH fx3A1_D_N pid=35448 free=3.3GB running=14
2026-09-30 11:02:26 DONE fx3B23_B_E_9663 rc=0 950s
2026-09-30 11:02:26 LAUNCH fx3A1_D_S pid=27652 free=3.4GB running=14
2026-09-30 11:03:49 DONE fx3B23_B_W_9664 rc=0 919s
2026-09-30 11:03:49 LAUNCH fx3A1_D_E pid=28600 free=5.7GB running=14
2026-09-30 11:03:56 DONE fx3A1_B_N rc=0 718s
2026-09-30 11:03:56 LAUNCH fx3A1_D_W pid=11332 free=5.7GB running=14
2026-09-30 11:04:43 DONE fx3A1_B_S rc=0 703s
2026-09-30 11:04:43 DONE fx3A1_B_E rc=0 701s
2026-09-30 11:04:43 LAUNCH fx3A2_A_N pid=36648 free=6.4GB running=13
2026-09-30 11:04:45 LAUNCH fx3A2_A_S pid=47504 free=4.8GB running=14
2026-09-30 11:05:27 DONE fx3B23_B_E_9653 rc=0 1217s
2026-09-30 11:05:27 LAUNCH fx3A2_A_E pid=38968 free=5.7GB running=14
2026-09-30 11:07:04 DONE fx3A1_B_W rc=0 530s
2026-09-30 11:07:04 LAUNCH fx3A2_A_W pid=45652 free=9.5GB running=14
2026-09-30 11:08:56 DONE fx3A1_C_N rc=0 615s
2026-09-30 11:08:56 LAUNCH fx3A2_B_N pid=40996 free=9.5GB running=14
2026-09-30 11:09:18 DONE fx3B23_B_W_9654 rc=0 1310s
2026-09-30 11:09:18 LAUNCH fx3A2_B_S pid=42392 free=9.5GB running=14
2026-09-30 11:09:45 DONE fx3B23_B_W_9674 rc=0 1268s
2026-09-30 11:09:45 LAUNCH fx3A2_B_E pid=48700 free=9.6GB running=14
2026-09-30 11:13:58 DONE fx3A2_A_S rc=0 553s
2026-09-30 11:13:58 LAUNCH fx3A2_B_W pid=27436 free=9.5GB running=14
2026-09-30 11:15:05 DONE fx3A1_C_S rc=0 882s
2026-09-30 11:15:05 LAUNCH fx3A2_C_N pid=47864 free=9.5GB running=14
2026-09-30 11:15:42 DONE fx3A1_D_S rc=0 795s
2026-09-30 11:15:42 LAUNCH fx3A2_C_S pid=672 free=9.5GB running=14
2026-09-30 11:15:49 DONE fx3A1_D_N rc=0 845s
2026-09-30 11:15:49 LAUNCH fx3A2_C_E pid=49508 free=9.5GB running=14
2026-09-30 11:16:46 DONE fx3A2_A_E rc=0 679s
2026-09-30 11:16:46 LAUNCH fx3A2_C_W pid=5536 free=9.5GB running=14
2026-09-30 11:17:33 DONE fx3A1_D_E rc=0 824s
2026-09-30 11:17:33 LAUNCH fx3A2_D_N pid=30268 free=9.3GB running=14
2026-09-30 11:18:00 DONE fx3A2_A_N rc=0 797s
2026-09-30 11:18:00 LAUNCH fx3A2_D_S pid=38112 free=9.3GB running=14
2026-09-30 11:18:22 DONE fx3A1_C_W rc=0 1010s
2026-09-30 11:18:22 LAUNCH fx3A2_D_E pid=46948 free=9.4GB running=14
2026-09-30 11:18:39 DONE fx3A2_A_W rc=0 695s
2026-09-30 11:18:39 LAUNCH fx3A2_D_W pid=42168 free=9.5GB running=14
2026-09-30 11:19:26 DONE fx3A1_C_E rc=0 1091s
2026-09-30 11:19:26 LAUNCH fx3hZ_D_east_half_101 pid=39176 free=9.2GB running=14
2026-09-30 11:20:23 DONE fx3A2_B_S rc=0 665s
2026-09-30 11:20:23 LAUNCH fx3hZ_D_east_half_202 pid=47528 free=9.4GB running=14
2026-09-30 11:21:06 DONE fx3A2_B_N rc=0 729s
2026-09-30 11:21:06 LAUNCH fx3hZ_D_east_half_303 pid=47592 free=9.4GB running=14
2026-09-30 11:21:23 DONE fx3A2_B_E rc=0 697s
2026-09-30 11:21:23 LAUNCH fx3hZ_D_east_half_404 pid=27708 free=9.4GB running=14
2026-09-30 11:23:00 DONE fx3A2_B_W rc=0 542s
2026-09-30 11:23:00 LAUNCH fx3hZ_D_east_half_505 pid=44184 free=9.4GB running=14
2026-09-30 11:24:12 DONE fx3A1_D_W rc=0 1216s
2026-09-30 11:24:12 LAUNCH fx3hZ_D_south_half_101 pid=5196 free=9.2GB running=14
2026-09-30 11:26:29 DONE fx3A2_C_N rc=0 684s
2026-09-30 11:26:29 LAUNCH fx3hZ_D_south_half_202 pid=47224 free=9.1GB running=14
2026-09-30 11:30:31 DONE fx3A2_C_S rc=0 890s
2026-09-30 11:30:31 LAUNCH fx3hZ_D_south_half_303 pid=47708 free=8.1GB running=14
2026-09-30 11:32:19 DONE fx3A2_D_N rc=0 886s
2026-09-30 11:32:19 LAUNCH fx3hZ_D_south_half_404 pid=42260 free=7.9GB running=14
2026-09-30 11:32:31 DONE fx3A2_C_W rc=0 945s
2026-09-30 11:32:31 LAUNCH fx3hZ_D_south_half_505 pid=34720 free=8.1GB running=14
2026-09-30 11:33:08 DONE fx3A2_D_E rc=0 886s
2026-09-30 11:33:08 LAUNCH fx3hZ_D_east_default_101 pid=32308 free=8.2GB running=14
2026-09-30 11:33:20 DONE fx3A2_D_S rc=0 920s
2026-09-30 11:33:20 LAUNCH fx3hZ_D_east_default_202 pid=2688 free=8.1GB running=14
2026-09-30 11:34:37 DONE fx3A2_C_E rc=0 1128s
2026-09-30 11:34:37 LAUNCH fx3hZ_D_east_default_303 pid=49460 free=7.0GB running=14
2026-09-30 11:35:24 DONE fx3hZ_D_east_half_101 rc=0 958s
2026-09-30 11:35:24 DONE fx3hZ_D_east_half_202 rc=0 901s
2026-09-30 11:35:24 LAUNCH fx3hZ_A_west_default_9501 pid=28288 free=7.9GB running=13
2026-09-30 11:35:26 LAUNCH fx3hZ_B_north_default_9502 pid=9060 free=7.0GB running=14
2026-09-30 11:35:33 DONE fx3hZ_D_south_half_101 rc=0 681s
2026-09-30 11:35:33 LAUNCH fx3hZ_C_south_default_9503 pid=46764 free=7.1GB running=14
2026-09-30 11:37:25 DONE fx3hZ_D_east_half_303 rc=0 980s
2026-09-30 11:37:25 LAUNCH fx3hS_D_east_half_101 pid=50308 free=6.8GB running=14
2026-09-30 11:37:32 DONE fx3A2_D_W rc=0 1133s
2026-09-30 11:37:32 LAUNCH fx3hS_D_east_half_202 pid=50768 free=6.8GB running=14
2026-09-30 11:38:14 DONE fx3hZ_D_east_half_505 rc=0 915s
2026-09-30 11:38:14 LAUNCH fx3hS_D_east_half_303 pid=48804 free=6.4GB running=14
2026-09-30 11:40:32 DONE fx3hZ_D_south_half_303 rc=0 600s
2026-09-30 11:40:32 LAUNCH fx3hS_D_east_half_404 pid=44356 free=6.8GB running=14
2026-09-30 11:40:49 DONE fx3hZ_D_south_half_202 rc=0 860s
2026-09-30 11:40:49 LAUNCH fx3hS_D_east_half_505 pid=51820 free=6.9GB running=14
2026-09-30 11:41:56 DONE fx3hZ_D_south_half_505 rc=0 565s
2026-09-30 11:41:56 LAUNCH fx3hS_D_south_half_101 pid=5028 free=7.0GB running=14
2026-09-30 11:45:58 DONE fx3hZ_D_south_half_404 rc=0 819s
2026-09-30 11:45:58 LAUNCH fx3hS_D_south_half_202 pid=52104 free=6.9GB running=14
2026-09-30 11:46:15 DONE fx3hZ_A_west_default_9501 rc=0 651s
2026-09-30 11:46:15 LAUNCH fx3hS_D_south_half_303 pid=42636 free=6.9GB running=14
2026-09-30 11:47:32 DONE fx3hZ_C_south_default_9503 rc=0 719s
2026-09-30 11:47:32 LAUNCH fx3hS_D_south_half_404 pid=33028 free=5.7GB running=14
2026-09-30 11:48:34 DONE fx3hZ_B_north_default_9502 rc=0 788s
2026-09-30 11:48:34 LAUNCH fx3hS_D_south_half_505 pid=39824 free=5.7GB running=14
2026-09-30 11:48:56 DONE fx3hZ_D_east_default_202 rc=0 937s
2026-09-30 11:48:56 LAUNCH fx3hS_D_east_default_101 pid=51060 free=6.5GB running=14
2026-09-30 11:49:03 DONE fx3hZ_D_east_half_404 rc=0 1661s
2026-09-30 11:49:03 LAUNCH fx3hS_D_east_default_202 pid=47788 free=6.4GB running=14
2026-09-30 11:49:36 DONE fx3hZ_D_east_default_101 rc=0 988s
2026-09-30 11:49:36 LAUNCH fx3hS_D_east_default_303 pid=45088 free=6.3GB running=14
2026-09-30 11:51:13 DONE fx3hZ_D_east_default_303 rc=0 996s
2026-09-30 11:51:13 LAUNCH fx3hS_A_west_default_9501 pid=51720 free=6.5GB running=14
2026-09-30 11:52:40 DONE fx3hS_D_east_half_202 rc=0 908s
2026-09-30 11:52:40 LAUNCH fx3hS_B_north_default_9502 pid=50272 free=5.5GB running=14
2026-09-30 11:53:22 DONE fx3hS_D_east_half_101 rc=0 957s
2026-09-30 11:53:22 LAUNCH fx3hS_C_south_default_9503 pid=45712 free=6.8GB running=14
2026-09-30 11:53:54 DONE fx3hS_D_south_half_101 rc=0 718s
2026-09-30 11:54:54 DONE fx3hS_D_east_half_303 rc=0 1000s
2026-09-30 11:55:24 DONE fx3hS_D_east_half_505 rc=0 875s
2026-09-30 11:55:34 DONE fx3hS_D_south_half_303 rc=0 559s
2026-09-30 11:57:34 DONE fx3hS_D_south_half_202 rc=0 696s
2026-09-30 11:58:09 DONE fx3hS_D_south_half_505 rc=0 575s
2026-09-30 11:58:19 DONE fx3hS_D_south_half_404 rc=0 647s
2026-09-30 11:59:04 DONE fx3hS_A_west_default_9501 rc=0 472s
2026-09-30 12:00:40 DONE fx3hS_D_east_default_202 rc=0 696s
2026-09-30 12:01:15 DONE fx3hS_D_east_default_101 rc=0 738s
2026-09-30 12:01:50 DONE fx3hS_C_south_default_9503 rc=0 508s
2026-09-30 12:02:15 DONE fx3hS_B_north_default_9502 rc=0 575s
2026-09-30 12:02:50 DONE fx3hS_D_east_default_303 rc=0 794s
2026-09-30 12:05:05 DONE fx3hS_D_east_half_404 rc=0 1474s
2026-09-30 12:05:10 ALL_MF2_COMPLETE E:\Projects\SAS\outputs\_fx3_q_p3all.jsonl 200/200 0 FAIL
