2026-09-30 00:23:24 START E:\Projects\SAS\outputs\_fx3_q_p1ref.jsonl 20 runs maxpar=4 min_free=3.0
2026-09-30 00:23:49 LAUNCH fx3hR_D_east_half_101 pid=37324 free=3.8GB running=1
2026-09-30 00:26:31 LAUNCH fx3hR_D_east_half_202 pid=26684 free=3.7GB running=2
2026-09-30 00:27:58 LAUNCH fx3hR_D_east_half_303 pid=40404 free=3.8GB running=3
2026-09-30 00:29:05 LAUNCH fx3hR_D_east_half_404 pid=39308 free=3.0GB running=4
2026-09-30 01:06:45 START E:\Projects\SAS\outputs\_fx3_q_p1ref.jsonl 20 runs maxpar=6 min_free=3.0
2026-09-30 01:06:45 SKIP fx3hR_D_east_half_101 (valid, same argv)
2026-09-30 01:06:45 SKIP fx3hR_D_east_half_202 (valid, same argv)
2026-09-30 01:06:45 SKIP fx3hR_D_east_half_303 (valid, same argv)
2026-09-30 01:06:45 SKIP fx3hR_D_east_half_404 (valid, same argv)
2026-09-30 01:06:45 LAUNCH fx3hR_D_east_half_505 pid=19516 free=7.8GB running=1
2026-09-30 01:06:47 LAUNCH fx3hR_D_south_half_101 pid=39088 free=7.0GB running=2
2026-09-30 01:06:49 LAUNCH fx3hR_D_south_half_202 pid=11644 free=6.2GB running=3
2026-09-30 01:06:51 LAUNCH fx3hR_D_south_half_303 pid=25752 free=5.3GB running=4
2026-09-30 01:06:53 LAUNCH fx3hR_D_south_half_404 pid=19504 free=4.6GB running=5
2026-09-30 01:06:55 LAUNCH fx3hR_D_south_half_505 pid=40272 free=3.8GB running=6
2026-09-30 01:16:27 DONE fx3hR_D_south_half_505 rc=0 572s
2026-09-30 01:16:27 LAUNCH fx3hR_D_east_default_101 pid=37204 free=11.2GB running=6
2026-09-30 01:17:04 DONE fx3hR_D_south_half_303 rc=0 613s
2026-09-30 01:17:04 LAUNCH fx3hR_D_east_default_202 pid=39124 free=12.0GB running=6
2026-09-30 01:18:16 DONE fx3hR_D_south_half_101 rc=0 689s
2026-09-30 01:18:16 LAUNCH fx3hR_D_east_default_303 pid=41660 free=12.8GB running=6
2026-09-30 01:20:18 DONE fx3hR_D_south_half_404 rc=0 805s
2026-09-30 01:20:18 LAUNCH fx3hR_A_west_default_9501 pid=35916 free=13.6GB running=6
2026-09-30 01:21:25 DONE fx3hR_D_south_half_202 rc=0 876s
2026-09-30 01:21:25 LAUNCH fx3hR_B_north_default_9502 pid=33724 free=13.8GB running=6
2026-09-30 01:21:42 DONE fx3hR_D_east_half_505 rc=0 898s
2026-09-30 01:21:42 LAUNCH fx3hR_C_south_default_9503 pid=10284 free=13.8GB running=6
2026-09-30 01:30:24 DONE fx3hR_A_west_default_9501 rc=0 606s
2026-09-30 01:30:24 LAUNCH fx3gRa pid=34996 free=15.3GB running=6
2026-09-30 01:31:31 DONE fx3hR_D_east_default_101 rc=0 904s
2026-09-30 01:31:31 DONE fx3hR_D_east_default_202 rc=0 867s
2026-09-30 01:31:31 LAUNCH fx3gRb pid=14396 free=16.2GB running=5
2026-09-30 01:31:33 LAUNCH fx3gRc pid=7660 free=15.4GB running=6
2026-09-30 01:32:40 DONE fx3hR_C_south_default_9503 rc=0 658s
2026-09-30 01:32:40 LAUNCH fx3gRs pid=43000 free=15.4GB running=6
2026-09-30 01:33:28 DONE fx3hR_B_north_default_9502 rc=0 722s
2026-09-30 01:33:53 DONE fx3hR_D_east_default_303 rc=0 936s
2026-09-30 02:18:18 DONE fx3gRs rc=0 2738s
2026-09-30 02:20:43 DONE fx3gRc rc=0 2950s
2026-09-30 02:23:58 DONE fx3gRb rc=0 3147s
2026-09-30 02:35:49 DONE fx3gRa rc=0 3924s
2026-09-30 02:35:54 ALL_MF2_COMPLETE E:\Projects\SAS\outputs\_fx3_q_p1ref.jsonl 20/20 0 FAIL
