2026-09-29 23:04:18 START E:\Projects\SAS\outputs\_fx3_q_fx3v.jsonl 16 runs maxpar=16 min_free=3.0
2026-09-29 23:04:18 LAUNCH fx3v_A_E pid=8460 free=20.4GB running=1
2026-09-29 23:04:20 LAUNCH fx3v_A_N pid=8816 free=19.6GB running=2
2026-09-29 23:04:22 LAUNCH fx3v_A_S pid=18488 free=18.8GB running=3
2026-09-29 23:04:24 LAUNCH fx3v_A_W pid=35000 free=18.0GB running=4
2026-09-29 23:04:26 LAUNCH fx3v_B_E pid=29028 free=17.1GB running=5
2026-09-29 23:04:28 LAUNCH fx3v_B_N pid=28700 free=16.3GB running=6
2026-09-29 23:04:30 LAUNCH fx3v_B_S pid=14396 free=15.5GB running=7
2026-09-29 23:04:32 LAUNCH fx3v_B_W pid=26824 free=14.7GB running=8
2026-09-29 23:04:34 LAUNCH fx3v_C_E pid=620 free=13.9GB running=9
2026-09-29 23:04:36 LAUNCH fx3v_C_N pid=25048 free=13.0GB running=10
2026-09-29 23:04:39 LAUNCH fx3v_C_S pid=4056 free=12.2GB running=11
2026-09-29 23:04:41 LAUNCH fx3v_C_W pid=25996 free=11.5GB running=12
2026-09-29 23:04:43 LAUNCH fx3v_D_E pid=4408 free=10.6GB running=13
2026-09-29 23:04:45 LAUNCH fx3v_D_N pid=37204 free=9.8GB running=14
2026-09-29 23:04:47 LAUNCH fx3v_D_S pid=7412 free=9.0GB running=15
2026-09-29 23:04:49 LAUNCH fx3v_D_W pid=18136 free=8.2GB running=16
2026-09-29 23:13:51 DONE fx3v_B_W rc=0 558s
2026-09-29 23:14:01 DONE fx3v_A_S rc=0 578s
2026-09-29 23:15:51 DONE fx3v_A_E rc=0 693s
2026-09-29 23:16:16 DONE fx3v_C_N rc=0 699s
2026-09-29 23:16:31 DONE fx3v_A_W rc=0 727s
2026-09-29 23:16:31 DONE fx3v_B_N rc=0 723s
2026-09-29 23:16:56 DONE fx3v_B_E rc=0 750s
2026-09-29 23:17:06 DONE fx3v_B_S rc=0 756s
2026-09-29 23:18:36 DONE fx3v_A_N rc=0 856s
2026-09-29 23:19:36 DONE fx3v_C_S rc=0 898s
2026-09-29 23:19:46 DONE fx3v_D_E rc=0 904s
2026-09-29 23:19:51 DONE fx3v_D_N rc=0 907s
2026-09-29 23:20:31 DONE fx3v_C_W rc=0 951s
2026-09-29 23:20:37 DONE fx3v_D_S rc=0 950s
2026-09-29 23:23:12 DONE fx3v_C_E rc=0 1117s
2026-09-29 23:23:27 DONE fx3v_D_W rc=0 1118s
2026-09-29 23:23:32 ALL_MF2_COMPLETE E:\Projects\SAS\outputs\_fx3_q_fx3v.jsonl 16/16 0 FAIL
