2026-09-30 14:54:40 START E:\Projects\SAS\outputs\_fx3_q_r2all.jsonl 252 runs maxpar=14 min_free=3.0
2026-09-30 14:54:41 LAUNCH fx3rgZa pid=39724 free=14.7GB running=1
2026-09-30 14:54:43 LAUNCH fx3rgZb pid=42896 free=13.9GB running=2
2026-09-30 14:54:45 LAUNCH fx3rgZc pid=38356 free=12.6GB running=3
2026-09-30 14:54:47 LAUNCH fx3rgZs pid=25656 free=11.5GB running=4
2026-09-30 14:54:49 LAUNCH fx3rgSa pid=31032 free=10.7GB running=5
2026-09-30 14:54:51 LAUNCH fx3rgSb pid=50788 free=9.9GB running=6
2026-09-30 14:54:53 LAUNCH fx3rgSc pid=27432 free=9.1GB running=7
2026-09-30 14:54:55 LAUNCH fx3rgSs pid=50168 free=9.0GB running=8
2026-09-30 14:54:57 LAUNCH fx3rgWa pid=41432 free=7.4GB running=9
2026-09-30 14:54:59 LAUNCH fx3rgWb pid=48944 free=6.6GB running=10
2026-09-30 14:55:01 LAUNCH fx3rgWc pid=47892 free=5.8GB running=11
2026-09-30 14:55:03 LAUNCH fx3rgWs pid=15600 free=4.9GB running=12
2026-09-30 14:55:05 LAUNCH fx3rZ_A_N pid=33488 free=4.1GB running=13
2026-09-30 14:55:07 LAUNCH fx3rZ_A_S pid=41528 free=3.3GB running=14
2026-09-30 15:04:34 DONE fx3rZ_A_S rc=0 567s
2026-09-30 15:04:34 LAUNCH fx3rZ_A_E pid=51252 free=3.9GB running=14
2026-09-30 15:09:36 DONE fx3rZ_A_N rc=0 872s
2026-09-30 15:09:36 LAUNCH fx3rZ_A_W pid=42252 free=3.9GB running=14
2026-09-30 15:16:24 DONE fx3rZ_A_E rc=0 710s
2026-09-30 15:16:24 LAUNCH fx3rZ_B_N pid=45492 free=3.8GB running=14
2026-09-30 15:21:51 DONE fx3rZ_A_W rc=0 735s
2026-09-30 15:21:51 LAUNCH fx3rZ_B_S pid=33584 free=3.7GB running=14
2026-09-30 15:28:28 DONE fx3rZ_B_N rc=0 725s
2026-09-30 15:28:28 LAUNCH fx3rZ_B_E pid=29104 free=3.8GB running=14
2026-09-30 15:34:41 DONE fx3rZ_B_S rc=0 770s
2026-09-30 15:34:41 LAUNCH fx3rZ_B_W pid=45232 free=3.7GB running=14
2026-09-30 15:40:58 DONE fx3rZ_B_E rc=0 750s
2026-09-30 15:40:58 LAUNCH fx3rZ_C_N pid=51312 free=3.8GB running=14
2026-09-30 15:43:40 DONE fx3rZ_B_W rc=0 539s
2026-09-30 15:43:40 LAUNCH fx3rZ_C_S pid=42276 free=3.7GB running=14
2026-09-30 15:45:32 DONE fx3rgSb rc=0 3041s
2026-09-30 15:45:32 LAUNCH fx3rZ_C_E pid=26984 free=3.8GB running=14
2026-09-30 15:45:44 DONE fx3rgWb rc=0 3045s
2026-09-30 15:45:44 LAUNCH fx3rZ_C_W pid=51128 free=3.7GB running=14
2026-09-30 15:46:01 DONE fx3rgZs rc=0 3075s
2026-09-30 15:46:01 LAUNCH fx3rZ_D_N pid=16128 free=3.8GB running=14
2026-09-30 15:46:38 DONE fx3rgSs rc=0 3104s
2026-09-30 15:46:38 LAUNCH fx3rZ_D_S pid=18836 free=3.7GB running=14
2026-09-30 15:47:10 DONE fx3rgWs rc=0 3127s
2026-09-30 15:47:10 LAUNCH fx3rZ_D_E pid=47896 free=3.7GB running=14
2026-09-30 15:50:57 DONE fx3rgWc rc=0 3357s
2026-09-30 15:50:57 LAUNCH fx3rZ_D_W pid=51704 free=3.8GB running=14
2026-09-30 15:51:29 DONE fx3rgZc rc=0 3405s
2026-09-30 15:51:29 LAUNCH fx3rX_A_N pid=14512 free=3.8GB running=14
2026-09-30 15:51:46 DONE fx3rgSc rc=0 3414s
2026-09-30 15:51:46 LAUNCH fx3rX_A_S pid=45572 free=3.8GB running=14
2026-09-30 15:52:08 DONE fx3rZ_C_N rc=0 671s
2026-09-30 15:52:08 LAUNCH fx3rX_A_E pid=30436 free=3.8GB running=14
2026-09-30 15:52:25 DONE fx3rgZb rc=0 3463s
2026-09-30 15:52:26 LAUNCH fx3rX_A_W pid=45200 free=3.9GB running=14
2026-09-30 15:58:38 DONE fx3rZ_C_S rc=0 898s
2026-09-30 15:58:38 LAUNCH fx3rX_B_N pid=39184 free=3.7GB running=14
2026-09-30 16:01:10 DONE fx3rZ_D_N rc=0 909s
2026-09-30 16:01:10 LAUNCH fx3rX_B_S pid=45996 free=3.7GB running=14
2026-09-30 16:01:37 DONE fx3rX_A_S rc=0 591s
2026-09-30 16:01:37 LAUNCH fx3rX_B_E pid=15544 free=3.7GB running=14
2026-09-30 16:01:44 DONE fx3rZ_C_W rc=0 960s
2026-09-30 16:01:44 LAUNCH fx3rX_B_W pid=38396 free=3.8GB running=14
2026-09-30 16:02:11 DONE fx3rZ_D_E rc=0 901s
2026-09-30 16:02:11 LAUNCH fx3rX_C_N pid=46096 free=3.8GB running=14
2026-09-30 16:02:18 DONE fx3rZ_D_S rc=0 940s
2026-09-30 16:02:18 LAUNCH fx3rX_C_S pid=51252 free=3.8GB running=14
2026-09-30 16:03:15 DONE fx3rX_A_E rc=0 667s
2026-09-30 16:03:15 LAUNCH fx3rX_C_E pid=45684 free=3.8GB running=14
2026-09-30 16:04:02 DONE fx3rX_A_W rc=0 697s
2026-09-30 16:04:02 LAUNCH fx3rX_C_W pid=23904 free=3.8GB running=14
2026-09-30 16:04:24 DONE fx3rX_A_N rc=0 775s
2026-09-30 16:04:24 LAUNCH fx3rX_D_N pid=46900 free=3.8GB running=14
2026-09-30 16:05:01 DONE fx3rZ_C_E rc=0 1169s
2026-09-30 16:05:01 LAUNCH fx3rX_D_S pid=48948 free=3.8GB running=14
2026-09-30 16:07:13 DONE fx3rX_B_W rc=0 329s
2026-09-30 16:07:13 LAUNCH fx3rX_D_E pid=32288 free=3.8GB running=14
2026-09-30 16:10:01 DONE fx3rX_B_N rc=0 683s
2026-09-30 16:10:01 LAUNCH fx3rX_D_W pid=5536 free=3.8GB running=14
2026-09-30 16:10:28 DONE fx3rZ_D_W rc=0 1170s
2026-09-30 16:10:28 LAUNCH fx3rS_A_N pid=50220 free=3.8GB running=14
2026-09-30 16:12:25 DONE fx3rX_B_S rc=0 675s
2026-09-30 16:12:25 LAUNCH fx3rS_A_S pid=48224 free=3.7GB running=14
2026-09-30 16:12:52 DONE fx3rX_C_N rc=0 641s
2026-09-30 16:12:52 LAUNCH fx3rS_A_E pid=43736 free=3.7GB running=14
2026-09-30 16:15:49 DONE fx3rX_B_E rc=0 852s
2026-09-30 16:15:49 LAUNCH fx3rS_A_W pid=27884 free=3.7GB running=14
2026-09-30 16:16:36 DONE fx3rgZa rc=0 4916s
2026-09-30 16:16:36 LAUNCH fx3rS_B_N pid=50632 free=3.7GB running=14
2026-09-30 16:17:18 DONE fx3rX_C_S rc=0 900s
2026-09-30 16:17:18 LAUNCH fx3rS_B_S pid=51276 free=3.7GB running=14
2026-09-30 16:18:20 DONE fx3rX_D_S rc=0 799s
2026-09-30 16:18:20 LAUNCH fx3rS_B_E pid=35484 free=3.8GB running=14
2026-09-30 16:18:32 DONE fx3rX_D_N rc=0 848s
2026-09-30 16:18:32 LAUNCH fx3rS_B_W pid=49928 free=3.8GB running=14
2026-09-30 16:21:15 DONE fx3rX_C_W rc=0 1032s
2026-09-30 16:21:15 DONE fx3rX_D_E rc=0 841s
2026-09-30 16:21:15 LAUNCH fx3rS_C_N pid=28860 free=4.6GB running=13
2026-09-30 16:21:17 LAUNCH fx3rS_C_S pid=51536 free=3.8GB running=14
2026-09-30 16:21:34 DONE fx3rX_C_E rc=0 1098s
2026-09-30 16:21:34 LAUNCH fx3rS_C_E pid=47056 free=3.8GB running=14
2026-09-30 16:22:16 DONE fx3rS_A_S rc=0 591s
2026-09-30 16:22:16 LAUNCH fx3rS_C_W pid=14588 free=3.8GB running=14
2026-09-30 16:22:58 DONE fx3rgWa rc=0 5281s
2026-09-30 16:22:58 LAUNCH fx3rS_D_N pid=51356 free=3.8GB running=14
2026-09-30 16:23:15 DONE fx3rgSa rc=0 5306s
2026-09-30 16:23:15 LAUNCH fx3rS_D_S pid=11644 free=3.8GB running=14
2026-09-30 16:23:22 DONE fx3rS_A_N rc=0 774s
2026-09-30 16:23:22 LAUNCH fx3rS_D_E pid=44196 free=3.8GB running=14
2026-09-30 16:24:04 DONE fx3rS_B_W rc=0 332s
2026-09-30 16:24:04 LAUNCH fx3rS_D_W pid=46820 free=3.8GB running=14
2026-09-30 16:24:16 DONE fx3rS_A_E rc=0 684s
2026-09-30 16:24:16 LAUNCH fx3rS2_A_N pid=42992 free=3.8GB running=14
2026-09-30 16:27:23 DONE fx3rS_A_W rc=0 694s
2026-09-30 16:27:23 LAUNCH fx3rS2_A_S pid=11780 free=3.8GB running=14
2026-09-30 16:28:00 DONE fx3rS_B_N rc=0 684s
2026-09-30 16:28:00 LAUNCH fx3rS2_A_E pid=42288 free=3.8GB running=14
2026-09-30 16:28:12 DONE fx3rS_B_S rc=0 654s
2026-09-30 16:28:12 LAUNCH fx3rS2_A_W pid=9176 free=3.8GB running=14
2026-09-30 16:30:04 DONE fx3rX_D_W rc=0 1204s
2026-09-30 16:30:04 LAUNCH fx3rS2_B_N pid=46096 free=3.8GB running=14
2026-09-30 16:31:52 DONE fx3rS_C_N rc=0 637s
2026-09-30 16:31:52 LAUNCH fx3rS2_B_S pid=49116 free=3.8GB running=14
2026-09-30 16:32:29 DONE fx3rS_B_E rc=0 848s
2026-09-30 16:32:29 LAUNCH fx3rS2_B_E pid=51400 free=3.8GB running=14
2026-09-30 16:35:51 DONE fx3rS2_A_N rc=0 695s
2026-09-30 16:35:51 LAUNCH fx3rS2_B_W pid=31260 free=3.7GB running=14
2026-09-30 16:36:18 DONE fx3rS_C_S rc=0 901s
2026-09-30 16:36:18 DONE fx3rS_D_N rc=0 800s
2026-09-30 16:36:18 LAUNCH fx3rS2_C_N pid=32720 free=4.6GB running=13
2026-09-30 16:36:20 LAUNCH fx3rS2_C_S pid=37084 free=3.8GB running=14
2026-09-30 16:36:47 DONE fx3rS2_A_S rc=0 564s
2026-09-30 16:36:47 LAUNCH fx3rS2_C_E pid=35200 free=3.5GB running=14
2026-09-30 16:37:14 DONE fx3rS_D_S rc=0 839s
2026-09-30 16:37:14 LAUNCH fx3rS2_C_W pid=27612 free=3.7GB running=14
2026-09-30 16:37:41 DONE fx3rS_D_E rc=0 859s
2026-09-30 16:37:41 LAUNCH fx3rS2_D_N pid=46728 free=3.6GB running=14
2026-09-30 16:39:03 DONE fx3rS_C_W rc=0 1008s
2026-09-30 16:39:03 LAUNCH fx3rS2_D_S pid=48120 free=3.7GB running=14
2026-09-30 16:39:20 DONE fx3rS2_A_E rc=0 680s
2026-09-30 16:39:20 LAUNCH fx3rS2_D_E pid=51380 free=3.7GB running=14
2026-09-30 16:40:17 DONE fx3rS2_A_W rc=0 725s
2026-09-30 16:40:17 LAUNCH fx3rS2_D_W pid=51776 free=3.7GB running=14
2026-09-30 16:43:35 DONE fx3rS2_B_N rc=0 810s
2026-09-30 16:43:35 LAUNCH fx3rSZ2_A_N pid=14700 free=3.7GB running=14
2026-09-30 16:44:22 DONE fx3rS_D_W rc=0 1218s
2026-09-30 16:44:22 LAUNCH fx3rSZ2_A_S pid=2864 free=3.7GB running=14
2026-09-30 16:44:29 DONE fx3rS2_B_S rc=0 757s
2026-09-30 16:44:29 LAUNCH fx3rSZ2_A_E pid=45684 free=3.7GB running=14
2026-09-30 16:46:16 DONE fx3rS2_C_S rc=0 596s
2026-09-30 16:46:16 LAUNCH fx3rSZ2_A_W pid=14740 free=3.7GB running=14
2026-09-30 16:46:58 DONE fx3rS2_B_E rc=0 869s
2026-09-30 16:46:58 LAUNCH fx3rSZ2_B_N pid=40292 free=3.8GB running=14
2026-09-30 16:47:30 DONE fx3rS_C_E rc=0 1556s
2026-09-30 16:47:30 LAUNCH fx3rSZ2_B_S pid=39344 free=3.8GB running=14
2026-09-30 16:49:02 DONE fx3rS2_D_S rc=0 599s
2026-09-30 16:49:02 LAUNCH fx3rSZ2_B_E pid=39872 free=3.8GB running=14
2026-09-30 16:49:09 DONE fx3rS2_C_N rc=0 771s
2026-09-30 16:49:09 LAUNCH fx3rSZ2_B_W pid=46996 free=3.8GB running=14
2026-09-30 16:51:11 DONE fx3rS2_C_E rc=0 864s
2026-09-30 16:51:11 LAUNCH fx3rSZ2_C_N pid=25772 free=3.8GB running=14
2026-09-30 16:51:33 DONE fx3rS2_D_N rc=0 832s
2026-09-30 16:51:33 LAUNCH fx3rSZ2_C_S pid=49816 free=3.8GB running=14
2026-09-30 16:53:45 DONE fx3rSZ2_A_N rc=0 611s
2026-09-30 16:53:45 LAUNCH fx3rSZ2_C_E pid=47024 free=3.7GB running=14
2026-09-30 16:53:52 DONE fx3rSZ2_A_S rc=0 571s
2026-09-30 16:53:52 LAUNCH fx3rSZ2_C_W pid=42276 free=3.7GB running=14
2026-09-30 16:54:34 DONE fx3rS2_C_W rc=0 1040s
2026-09-30 16:54:34 LAUNCH fx3rSZ2_D_N pid=21284 free=3.7GB running=14
2026-09-30 16:55:11 DONE fx3rSZ2_A_E rc=0 643s
2026-09-30 16:55:11 LAUNCH fx3rSZ2_D_S pid=27992 free=3.7GB running=14
2026-09-30 16:56:09 DONE fx3rS2_D_E rc=0 1008s
2026-09-30 16:56:09 LAUNCH fx3rSZ2_D_E pid=51552 free=3.7GB running=14
2026-09-30 16:56:21 DONE fx3rS2_B_W rc=0 1230s
2026-09-30 16:56:21 LAUNCH fx3rSZ2_D_W pid=10744 free=3.8GB running=14
2026-09-30 16:58:08 DONE fx3rSZ2_A_W rc=0 712s
2026-09-30 16:58:08 LAUNCH fx3rA1_A_N pid=11840 free=3.7GB running=14
2026-09-30 16:59:15 DONE fx3rSZ2_B_N rc=0 737s
2026-09-30 16:59:15 LAUNCH fx3rA1_A_S pid=48016 free=3.7GB running=14
2026-09-30 16:59:47 DONE fx3rS2_D_W rc=0 1169s
2026-09-30 16:59:47 LAUNCH fx3rA1_A_E pid=3556 free=3.7GB running=14
2026-09-30 17:00:19 DONE fx3rSZ2_B_W rc=0 670s
2026-09-30 17:00:19 LAUNCH fx3rA1_A_W pid=51748 free=3.7GB running=14
2026-09-30 17:01:31 DONE fx3rSZ2_C_N rc=0 620s
2026-09-30 17:01:31 LAUNCH fx3rA1_B_N pid=28020 free=3.7GB running=14
2026-09-30 17:01:38 DONE fx3rSZ2_B_E rc=0 756s
2026-09-30 17:01:38 LAUNCH fx3rA1_B_S pid=40784 free=3.7GB running=14
2026-09-30 17:01:50 DONE fx3rSZ2_B_S rc=0 860s
2026-09-30 17:01:50 DONE fx3rSZ2_C_S rc=0 617s
2026-09-30 17:01:50 LAUNCH fx3rA1_B_E pid=49064 free=4.7GB running=13
2026-09-30 17:01:52 LAUNCH fx3rA1_B_W pid=14448 free=3.9GB running=14
2026-09-30 17:05:59 DONE fx3rSZ2_D_S rc=0 648s
2026-09-30 17:05:59 LAUNCH fx3rA1_C_N pid=41048 free=3.7GB running=14
2026-09-30 17:07:46 DONE fx3rSZ2_C_E rc=0 841s
2026-09-30 17:07:46 LAUNCH fx3rA1_C_S pid=11964 free=4.5GB running=14
2026-09-30 17:09:09 DONE fx3rA1_A_S rc=0 594s
2026-09-30 17:09:09 LAUNCH fx3rA1_C_E pid=6824 free=3.6GB running=14
2026-09-30 17:11:01 DONE fx3rA1_B_W rc=0 549s
2026-09-30 17:11:01 LAUNCH fx3rA1_C_W pid=28104 free=4.4GB running=14
2026-09-30 17:11:13 DONE fx3rA1_A_E rc=0 686s
2026-09-30 17:11:13 LAUNCH fx3rA1_D_N pid=49352 free=3.6GB running=14
2026-09-30 17:11:50 DONE fx3rSZ2_C_W rc=0 1077s
2026-09-30 17:11:50 LAUNCH fx3rA1_D_S pid=39800 free=3.6GB running=14
2026-09-30 17:11:57 DONE fx3rSZ2_D_N rc=0 1042s
2026-09-30 17:11:57 LAUNCH fx3rA1_D_E pid=36100 free=3.7GB running=14
2026-09-30 17:12:04 DONE fx3rA1_A_W rc=0 705s
2026-09-30 17:12:04 LAUNCH fx3rA1_D_W pid=34308 free=3.7GB running=14
2026-09-30 17:12:26 DONE fx3rA1_A_N rc=0 858s
2026-09-30 17:12:26 LAUNCH fx3rA2_A_N pid=37972 free=3.7GB running=14
2026-09-30 17:12:53 DONE fx3rA1_B_S rc=0 675s
2026-09-30 17:12:53 LAUNCH fx3rA2_A_S pid=6036 free=3.7GB running=14
2026-09-30 17:13:40 DONE fx3rA1_B_N rc=0 729s
2026-09-30 17:13:40 LAUNCH fx3rA2_A_E pid=21052 free=3.7GB running=14
2026-09-30 17:14:22 DONE fx3rA1_B_E rc=0 752s
2026-09-30 17:14:22 LAUNCH fx3rA2_A_W pid=50060 free=3.7GB running=14
2026-09-30 17:14:34 DONE fx3rSZ2_D_E rc=0 1106s
2026-09-30 17:14:34 LAUNCH fx3rA2_B_N pid=50344 free=3.7GB running=14
2026-09-30 17:16:06 DONE fx3rSZ2_D_W rc=0 1186s
2026-09-30 17:16:06 LAUNCH fx3rA2_B_S pid=49240 free=3.8GB running=14
2026-09-30 17:16:38 DONE fx3rA1_C_N rc=0 639s
2026-09-30 17:16:38 LAUNCH fx3rA2_B_E pid=51240 free=3.7GB running=14
2026-09-30 17:22:11 DONE fx3rA2_A_S rc=0 558s
2026-09-30 17:22:11 LAUNCH fx3rA2_B_W pid=44004 free=3.6GB running=14
2026-09-30 17:22:53 DONE fx3rA1_C_S rc=0 906s
2026-09-30 17:22:53 LAUNCH fx3rA2_C_N pid=4452 free=3.6GB running=14
2026-09-30 17:24:25 DONE fx3rA1_D_N rc=0 792s
2026-09-30 17:24:25 LAUNCH fx3rA2_C_S pid=46772 free=3.3GB running=14
2026-09-30 17:25:07 DONE fx3rA2_A_E rc=0 687s
2026-09-30 17:25:07 LAUNCH fx3rA2_C_E pid=43664 free=3.5GB running=14
2026-09-30 17:25:44 DONE fx3rA1_D_S rc=0 834s
2026-09-30 17:25:44 LAUNCH fx3rA2_C_W pid=39116 free=3.5GB running=14
2026-09-30 17:25:56 DONE fx3rA2_A_N rc=0 810s
2026-09-30 17:25:56 LAUNCH fx3rA2_D_N pid=42252 free=3.5GB running=14
2026-09-30 17:26:08 DONE fx3rA2_A_W rc=0 706s
2026-09-30 17:26:08 LAUNCH fx3rA2_D_S pid=27832 free=3.6GB running=14
2026-09-30 17:26:15 DONE fx3rA1_D_E rc=0 858s
2026-09-30 17:26:15 LAUNCH fx3rA2_D_E pid=49784 free=3.6GB running=14
2026-09-30 17:27:02 DONE fx3rA2_B_N rc=0 748s
2026-09-30 17:27:02 LAUNCH fx3rA2_D_W pid=49688 free=3.6GB running=14
2026-09-30 17:27:29 DONE fx3rA2_B_S rc=0 683s
2026-09-30 17:27:29 LAUNCH fx3rB0_B_N_9605 pid=45248 free=3.7GB running=14
2026-09-30 17:27:51 DONE fx3rA1_C_W rc=0 1011s
2026-09-30 17:27:51 LAUNCH fx3rB0_B_N_9651 pid=3412 free=3.8GB running=14
2026-09-30 17:28:23 DONE fx3rA2_B_E rc=0 705s
2026-09-30 17:28:23 LAUNCH fx3rB0_B_N_9661 pid=26556 free=3.5GB running=14
2026-09-30 17:31:11 DONE fx3rA2_B_W rc=0 540s
2026-09-30 17:31:11 LAUNCH fx3rB0_B_N_9671 pid=51892 free=3.7GB running=14
2026-09-30 17:32:13 DONE fx3rA1_D_W rc=0 1209s
2026-09-30 17:32:13 LAUNCH fx3rB0_B_S_9606 pid=40696 free=3.7GB running=14
2026-09-30 17:34:10 DONE fx3rA2_C_N rc=0 677s
2026-09-30 17:34:10 LAUNCH fx3rB0_B_S_9652 pid=46736 free=3.7GB running=14
2026-09-30 17:34:47 DONE fx3rA1_C_E rc=0 1538s
2026-09-30 17:34:47 LAUNCH fx3rB0_B_S_9662 pid=43704 free=3.6GB running=14
2026-09-30 17:39:19 DONE fx3rB0_B_N_9605 rc=0 710s
2026-09-30 17:39:19 DONE fx3rB0_B_N_9651 rc=0 688s
2026-09-30 17:39:19 LAUNCH fx3rB0_B_S_9672 pid=40852 free=4.5GB running=13
2026-09-30 17:39:21 LAUNCH fx3rB0_B_E_9607 pid=38804 free=3.6GB running=14
2026-09-30 17:39:48 DONE fx3rA2_C_S rc=0 923s
2026-09-30 17:39:48 LAUNCH fx3rB0_B_E_9653 pid=42132 free=3.6GB running=14
2026-09-30 17:41:00 DONE fx3rA2_D_N rc=0 904s
2026-09-30 17:41:00 LAUNCH fx3rB0_B_E_9663 pid=48024 free=3.6GB running=14
2026-09-30 17:41:37 DONE fx3rA2_D_E rc=0 922s
2026-09-30 17:41:37 LAUNCH fx3rB0_B_E_9673 pid=42056 free=3.6GB running=14
2026-09-30 17:41:50 DONE fx3rA2_C_W rc=0 966s
2026-09-30 17:41:50 DONE fx3rA2_D_S rc=0 941s
2026-09-30 17:41:50 LAUNCH fx3rB0_B_W_9608 pid=44100 free=4.6GB running=13
2026-09-30 17:41:52 LAUNCH fx3rB0_B_W_9654 pid=41592 free=3.7GB running=14
2026-09-30 17:42:19 DONE fx3rB0_B_N_9671 rc=0 668s
2026-09-30 17:42:19 LAUNCH fx3rB0_B_W_9664 pid=34368 free=3.7GB running=14
2026-09-30 17:44:06 DONE fx3rB0_B_N_9661 rc=0 942s
2026-09-30 17:44:06 LAUNCH fx3rB0_B_W_9674 pid=43792 free=3.7GB running=14
2026-09-30 17:45:08 DONE fx3rB0_B_S_9606 rc=0 775s
2026-09-30 17:45:08 LAUNCH fx3rB2_B_N_9605 pid=46636 free=3.6GB running=14
2026-09-30 17:45:15 DONE fx3rA2_C_E rc=0 1208s
2026-09-30 17:45:15 LAUNCH fx3rB2_B_N_9651 pid=14788 free=3.7GB running=14
2026-09-30 17:46:27 DONE fx3rA2_D_W rc=0 1165s
2026-09-30 17:46:27 LAUNCH fx3rB2_B_N_9661 pid=42404 free=3.7GB running=14
2026-09-30 17:47:19 DONE fx3rB0_B_W_9608 rc=0 330s
2026-09-30 17:47:19 LAUNCH fx3rB2_B_N_9671 pid=27772 free=3.8GB running=14
2026-09-30 17:48:16 DONE fx3rB0_B_S_9652 rc=0 846s
2026-09-30 17:48:16 LAUNCH fx3rB2_B_S_9606 pid=50032 free=3.7GB running=14
2026-09-30 17:48:33 DONE fx3rB0_B_S_9672 rc=0 554s
2026-09-30 17:48:33 LAUNCH fx3rB2_B_S_9652 pid=39340 free=3.8GB running=14
2026-09-30 17:50:45 DONE fx3rB0_B_S_9662 rc=0 959s
2026-09-30 17:50:45 LAUNCH fx3rB2_B_S_9662 pid=25932 free=3.6GB running=14
2026-09-30 17:55:13 DONE fx3rB0_B_E_9607 rc=0 952s
2026-09-30 17:55:13 LAUNCH fx3rB2_B_S_9672 pid=36948 free=3.5GB running=14
2026-09-30 17:56:05 DONE fx3rB0_B_E_9673 rc=0 867s
2026-09-30 17:56:05 LAUNCH fx3rB2_B_E_9607 pid=16968 free=3.6GB running=14
2026-09-30 17:56:22 DONE fx3rB2_B_N_9651 rc=0 667s
2026-09-30 17:56:22 LAUNCH fx3rB2_B_E_9653 pid=50440 free=3.6GB running=14
2026-09-30 17:56:44 DONE fx3rB2_B_N_9605 rc=0 696s
2026-09-30 17:56:44 LAUNCH fx3rB2_B_E_9663 pid=48660 free=3.6GB running=14
2026-09-30 17:59:01 DONE fx3rB0_B_E_9663 rc=0 1081s
2026-09-30 17:59:01 LAUNCH fx3rB2_B_E_9673 pid=51076 free=3.6GB running=14
2026-09-30 17:59:13 DONE fx3rB2_B_S_9606 rc=0 657s
2026-09-30 17:59:13 LAUNCH fx3rB2_B_W_9608 pid=13812 free=3.6GB running=14
2026-09-30 17:59:25 DONE fx3rB0_B_E_9653 rc=0 1177s
2026-09-30 17:59:25 LAUNCH fx3rB2_B_W_9654 pid=38988 free=3.6GB running=14
2026-09-30 17:59:57 DONE fx3rB0_B_W_9664 rc=0 1059s
2026-09-30 17:59:57 LAUNCH fx3rB2_B_W_9664 pid=29532 free=3.6GB running=14
2026-09-30 18:00:14 DONE fx3rB0_B_W_9654 rc=0 1103s
2026-09-30 18:00:14 LAUNCH fx3rB2_B_W_9674 pid=36964 free=3.6GB running=14
2026-09-30 18:00:26 DONE fx3rB2_B_N_9671 rc=0 787s
2026-09-30 18:00:26 LAUNCH fx3rB3_B_N_9605 pid=50532 free=3.7GB running=14
2026-09-30 18:01:59 DONE fx3rB2_B_S_9652 rc=0 805s
2026-09-30 18:01:59 LAUNCH fx3rB3_B_N_9651 pid=51512 free=3.6GB running=14
2026-09-30 18:02:31 DONE fx3rB2_B_N_9661 rc=0 964s
2026-09-30 18:02:31 LAUNCH fx3rB3_B_N_9661 pid=49892 free=3.7GB running=14
2026-09-30 18:02:38 DONE fx3rB2_B_S_9662 rc=0 712s
2026-09-30 18:02:38 LAUNCH fx3rB3_B_N_9671 pid=37708 free=3.7GB running=14
2026-09-30 18:04:35 DONE fx3rB2_B_S_9672 rc=0 562s
2026-09-30 18:04:35 LAUNCH fx3rB3_B_S_9606 pid=41416 free=3.6GB running=14
2026-09-30 18:04:42 DONE fx3rB2_B_W_9608 rc=0 329s
2026-09-30 18:04:42 LAUNCH fx3rB3_B_S_9652 pid=51440 free=3.7GB running=14
2026-09-30 18:05:44 DONE fx3rB0_B_W_9674 rc=0 1298s
2026-09-30 18:05:44 LAUNCH fx3rB3_B_S_9662 pid=26956 free=3.7GB running=14
2026-09-30 18:10:26 DONE fx3rB2_B_E_9607 rc=0 861s
2026-09-30 18:10:26 LAUNCH fx3rB3_B_S_9672 pid=37016 free=3.6GB running=14
2026-09-30 18:13:08 DONE fx3rB3_B_N_9651 rc=0 670s
2026-09-30 18:13:08 LAUNCH fx3rB3_B_E_9607 pid=34692 free=3.5GB running=14
2026-09-30 18:13:16 DONE fx3rB2_B_E_9663 rc=0 991s
2026-09-30 18:13:16 LAUNCH fx3rB3_B_E_9653 pid=4024 free=3.6GB running=14
2026-09-30 18:13:23 DONE fx3rB2_B_E_9673 rc=0 861s
2026-09-30 18:13:23 LAUNCH fx3rB3_B_E_9663 pid=16088 free=3.6GB running=14
2026-09-30 18:14:05 DONE fx3rB3_B_N_9671 rc=0 687s
2026-09-30 18:14:05 LAUNCH fx3rB3_B_E_9673 pid=47432 free=3.6GB running=14
2026-09-30 18:14:22 DONE fx3rB3_B_N_9605 rc=0 835s
2026-09-30 18:14:22 LAUNCH fx3rB3_B_W_9608 pid=49068 free=3.6GB running=14
2026-09-30 18:15:29 DONE fx3rB2_B_W_9664 rc=0 931s
2026-09-30 18:15:29 LAUNCH fx3rB3_B_W_9654 pid=47908 free=3.6GB running=14
2026-09-30 18:16:46 DONE fx3rB3_B_S_9606 rc=0 731s
2026-09-30 18:16:46 LAUNCH fx3rB3_B_W_9664 pid=49840 free=3.5GB running=14
2026-09-30 18:17:53 DONE fx3rB2_B_E_9653 rc=0 1291s
2026-09-30 18:17:53 LAUNCH fx3rB3_B_W_9674 pid=43004 free=3.6GB running=14
2026-09-30 18:18:35 DONE fx3rB3_B_N_9661 rc=0 964s
2026-09-30 18:18:35 LAUNCH fx3rB23_B_N_9605 pid=42932 free=3.6GB running=14
2026-09-30 18:19:12 DONE fx3rB3_B_S_9662 rc=0 808s
2026-09-30 18:19:12 LAUNCH fx3rB23_B_N_9651 pid=39908 free=3.6GB running=14
2026-09-30 18:19:19 DONE fx3rB3_B_S_9652 rc=0 877s
2026-09-30 18:19:19 LAUNCH fx3rB23_B_N_9661 pid=49588 free=3.6GB running=14
2026-09-30 18:19:51 DONE fx3rB3_B_W_9608 rc=0 330s
2026-09-30 18:19:51 LAUNCH fx3rB23_B_N_9671 pid=37324 free=3.7GB running=14
2026-09-30 18:20:13 DONE fx3rB3_B_S_9672 rc=0 587s
2026-09-30 18:20:13 LAUNCH fx3rB23_B_S_9606 pid=26316 free=3.6GB running=14
2026-09-30 18:21:40 DONE fx3rB2_B_W_9674 rc=0 1286s
2026-09-30 18:21:40 LAUNCH fx3rB23_B_S_9652 pid=37240 free=3.7GB running=14
2026-09-30 18:21:47 DONE fx3rB2_B_W_9654 rc=0 1342s
2026-09-30 18:21:47 LAUNCH fx3rB23_B_S_9662 pid=35268 free=3.8GB running=14
2026-09-30 18:28:30 DONE fx3rB3_B_E_9673 rc=0 865s
2026-09-30 18:28:30 LAUNCH fx3rB23_B_S_9672 pid=51480 free=3.6GB running=14
2026-09-30 18:29:02 DONE fx3rB3_B_E_9607 rc=0 953s
2026-09-30 18:29:02 LAUNCH fx3rB23_B_E_9607 pid=47392 free=3.6GB running=14
2026-09-30 18:30:09 DONE fx3rB23_B_N_9605 rc=0 694s
2026-09-30 18:30:09 LAUNCH fx3rB23_B_E_9653 pid=20452 free=3.5GB running=14
2026-09-30 18:30:16 DONE fx3rB23_B_N_9651 rc=0 664s
2026-09-30 18:30:16 LAUNCH fx3rB23_B_E_9663 pid=2804 free=3.6GB running=14
2026-09-30 18:31:13 DONE fx3rB3_B_E_9653 rc=0 1078s
2026-09-30 18:31:13 DONE fx3rB23_B_S_9606 rc=0 660s
2026-09-30 18:31:13 LAUNCH fx3rB23_B_E_9673 pid=27764 free=4.5GB running=13
2026-09-30 18:31:15 LAUNCH fx3rB23_B_W_9608 pid=19124 free=3.6GB running=14
2026-09-30 18:33:12 DONE fx3rB3_B_E_9663 rc=0 1190s
2026-09-30 18:33:12 DONE fx3rB23_B_N_9671 rc=0 801s
2026-09-30 18:33:12 LAUNCH fx3rB23_B_W_9654 pid=50708 free=4.4GB running=13
2026-09-30 18:33:15 LAUNCH fx3rB23_B_W_9664 pid=21052 free=3.6GB running=14
2026-09-30 18:33:52 DONE fx3rB23_B_S_9662 rc=0 724s
2026-09-30 18:33:52 LAUNCH fx3rB23_B_W_9674 pid=8116 free=3.6GB running=14
2026-09-30 18:33:59 DONE fx3rB3_B_W_9654 rc=0 1110s
2026-09-30 18:33:59 LAUNCH fx3rW_A_N pid=39904 free=3.7GB running=14
2026-09-30 18:35:11 DONE fx3rB23_B_S_9652 rc=0 810s
2026-09-30 18:35:11 LAUNCH fx3rW_A_S pid=29620 free=3.6GB running=14
2026-09-30 18:35:18 DONE fx3rB3_B_W_9664 rc=0 1112s
2026-09-30 18:35:18 LAUNCH fx3rW_A_E pid=9212 free=3.6GB running=14
2026-09-30 18:35:30 DONE fx3rB23_B_N_9661 rc=0 971s
2026-09-30 18:35:30 LAUNCH fx3rW_A_W pid=42020 free=3.7GB running=14
2026-09-30 18:36:42 DONE fx3rB23_B_W_9608 rc=0 327s
2026-09-30 18:36:42 LAUNCH fx3rW_B_N pid=40012 free=3.7GB running=14
2026-09-30 18:37:49 DONE fx3rB23_B_S_9672 rc=0 559s
2026-09-30 18:37:49 LAUNCH fx3rW_B_S pid=47220 free=3.7GB running=14
2026-09-30 18:39:01 DONE fx3rB3_B_W_9674 rc=0 1268s
2026-09-30 18:39:01 LAUNCH fx3rW_B_E pid=48268 free=3.7GB running=14
2026-09-30 18:43:13 DONE fx3rB23_B_E_9607 rc=0 851s
2026-09-30 18:43:13 LAUNCH fx3rW_B_W pid=35624 free=3.6GB running=14
2026-09-30 18:44:56 DONE fx3rW_A_S rc=0 585s
2026-09-30 18:44:56 LAUNCH fx3rW_C_N pid=38804 free=3.6GB running=14
2026-09-30 18:45:43 DONE fx3rB23_B_E_9673 rc=0 869s
2026-09-30 18:45:43 LAUNCH fx3rW_C_S pid=50668 free=3.5GB running=14
2026-09-30 18:46:45 DONE fx3rB23_B_E_9663 rc=0 989s
2026-09-30 18:46:45 DONE fx3rW_A_E rc=0 687s
2026-09-30 18:46:45 LAUNCH fx3rW_C_E pid=21708 free=4.4GB running=13
2026-09-30 18:46:47 LAUNCH fx3rW_C_W pid=11604 free=3.5GB running=14
2026-09-30 18:46:54 DONE fx3rW_A_N rc=0 775s
2026-09-30 18:46:54 LAUNCH fx3rW_D_N pid=50752 free=3.7GB running=14
2026-09-30 18:47:21 DONE fx3rW_A_W rc=0 711s
2026-09-30 18:47:21 LAUNCH fx3rW_D_S pid=29932 free=3.6GB running=14
2026-09-30 18:48:13 DONE fx3rW_B_N rc=0 691s
2026-09-30 18:48:13 LAUNCH fx3rW_D_E pid=2908 free=3.6GB running=14
2026-09-30 18:48:40 DONE fx3rB23_B_W_9664 rc=0 926s
2026-09-30 18:48:40 LAUNCH fx3rW_D_W pid=46424 free=3.6GB running=14
2026-09-30 18:48:47 DONE fx3rW_B_S rc=0 658s
2026-09-30 18:48:47 DONE fx3rW_B_W rc=0 334s
2026-09-30 18:48:47 LAUNCH fx3rW2_A_N pid=41560 free=4.5GB running=13
2026-09-30 18:48:49 LAUNCH fx3rW2_A_S pid=45412 free=3.7GB running=14
2026-09-30 18:51:41 DONE fx3rB23_B_E_9653 rc=0 1292s
2026-09-30 18:51:41 LAUNCH fx3rW2_A_E pid=40384 free=3.6GB running=14
2026-09-30 18:53:24 DONE fx3rW_B_E rc=0 862s
2026-09-30 18:53:24 LAUNCH fx3rW2_A_W pid=41404 free=3.6GB running=14
2026-09-30 18:55:26 DONE fx3rB23_B_W_9654 rc=0 1333s
2026-09-30 18:55:26 DONE fx3rB23_B_W_9674 rc=0 1294s
2026-09-30 18:55:26 LAUNCH fx3rW2_B_N pid=48432 free=4.4GB running=13
2026-09-30 18:55:28 LAUNCH fx3rW2_B_S pid=34064 free=3.6GB running=14
2026-09-30 18:55:45 DONE fx3rW_C_N rc=0 649s
2026-09-30 18:55:45 LAUNCH fx3rW2_B_E pid=15804 free=3.6GB running=14
2026-09-30 18:58:27 DONE fx3rW2_A_S rc=0 578s
2026-09-30 18:58:27 LAUNCH fx3rW2_B_W pid=43896 free=3.6GB running=14
2026-09-30 19:00:19 DONE fx3rW_D_N rc=0 805s
2026-09-30 19:00:19 LAUNCH fx3rW2_C_N pid=46644 free=3.5GB running=14
2026-09-30 19:00:26 DONE fx3rW2_A_N rc=0 699s
2026-09-30 19:00:26 LAUNCH fx3rW2_C_S pid=41064 free=3.6GB running=14
2026-09-30 19:00:53 DONE fx3rW_C_S rc=0 911s
2026-09-30 19:00:53 LAUNCH fx3rW2_C_E pid=51216 free=3.5GB running=14
2026-09-30 19:01:21 DONE fx3rW_D_S rc=0 840s
2026-09-30 19:01:21 LAUNCH fx3rW2_C_W pid=39868 free=3.6GB running=14
2026-09-30 19:02:38 DONE fx3rW_D_E rc=0 865s
2026-09-30 19:02:38 LAUNCH fx3rW2_D_N pid=44400 free=3.6GB running=14
2026-09-30 19:03:05 DONE fx3rW2_A_E rc=0 683s
2026-09-30 19:03:05 LAUNCH fx3rW2_D_S pid=38124 free=3.4GB running=14
2026-09-30 19:03:32 DONE fx3rW_C_W rc=0 1005s
2026-09-30 19:03:32 LAUNCH fx3rW2_D_E pid=44504 free=3.4GB running=14
2026-09-30 19:05:14 DONE fx3rW2_A_W rc=0 710s
2026-09-30 19:05:14 LAUNCH fx3rW2_D_W pid=36312 free=3.3GB running=14
2026-09-30 19:06:36 DONE fx3rW2_B_S rc=0 668s
2026-09-30 19:06:36 LAUNCH fx3rhZ_D_east_half_101 pid=47512 free=3.3GB running=14
2026-09-30 19:07:23 DONE fx3rW_D_W rc=0 1123s
2026-09-30 19:07:23 LAUNCH fx3rhZ_D_east_half_202 pid=51432 free=3.2GB running=14
2026-09-30 19:07:35 DONE fx3rW2_B_N rc=0 729s
2026-09-30 19:07:35 LAUNCH fx3rhZ_D_east_half_303 pid=47180 free=3.3GB running=14
2026-09-30 19:08:22 DONE fx3rW2_B_E rc=0 757s
2026-09-30 19:08:22 LAUNCH fx3rhZ_D_east_half_404 pid=20032 free=3.3GB running=14
2026-09-30 19:08:29 DONE fx3rW2_C_S rc=0 483s
2026-09-30 19:08:29 LAUNCH fx3rhZ_D_east_half_505 pid=48084 free=3.3GB running=14
2026-09-30 19:10:06 DONE fx3rW2_D_S rc=0 422s
2026-09-30 19:10:06 LAUNCH fx3rhZ_D_south_half_101 pid=48116 free=3.2GB running=14
2026-09-30 19:10:18 DONE fx3rW2_C_N rc=0 599s
2026-09-30 19:10:18 LAUNCH fx3rhZ_D_south_half_202 pid=49984 free=3.2GB running=14
2026-09-30 19:10:55 DONE fx3rW_C_E rc=0 1451s
2026-09-30 19:10:55 LAUNCH fx3rhZ_D_south_half_303 pid=51116 free=3.4GB running=14
2026-09-30 19:11:48 DONE fx3rW2_C_E rc=0 654s
2026-09-30 19:12:03 LAUNCH fx3rhZ_D_south_half_404 pid=20452 free=3.4GB running=14
2026-09-30 19:12:10 DONE fx3rW2_D_N rc=0 572s
2026-09-30 19:12:10 LAUNCH fx3rhZ_D_south_half_505 pid=31604 free=3.4GB running=14
2026-09-30 19:14:07 DONE fx3rW2_B_W rc=0 940s
2026-09-30 19:14:07 LAUNCH fx3rhZ_D_east_default_101 pid=46524 free=3.5GB running=14
2026-09-30 19:14:14 DONE fx3rW2_C_W rc=0 773s
2026-09-30 19:14:14 LAUNCH fx3rhZ_D_east_default_202 pid=44416 free=3.5GB running=14
2026-09-30 19:14:36 DONE fx3rW2_D_E rc=0 664s
2026-09-30 19:14:36 LAUNCH fx3rhZ_D_east_default_303 pid=46064 free=3.5GB running=14
2026-09-30 19:17:13 DONE fx3rhZ_D_east_half_101 rc=0 637s
2026-09-30 19:17:13 LAUNCH fx3rhZ_A_west_default_9501 pid=38000 free=3.5GB running=14
2026-09-30 19:17:40 DONE fx3rhZ_D_east_half_202 rc=0 617s
2026-09-30 19:17:40 DONE fx3rhZ_D_south_half_101 rc=0 454s
2026-09-30 19:17:40 DONE fx3rhZ_D_south_half_303 rc=0 405s
2026-09-30 19:17:40 LAUNCH fx3rhZ_B_north_default_9502 pid=38944 free=5.2GB running=12
2026-09-30 19:17:42 LAUNCH fx3rhZ_C_south_default_9503 pid=47608 free=4.4GB running=13
2026-09-30 19:17:44 LAUNCH fx3rhS_D_east_half_101 pid=44952 free=4.4GB running=14
2026-09-30 19:17:51 DONE fx3rW2_D_W rc=0 757s
2026-09-30 19:17:51 LAUNCH fx3rhS_D_east_half_202 pid=39256 free=3.6GB running=14
2026-09-30 19:18:18 DONE fx3rhZ_D_south_half_505 rc=0 368s
2026-09-30 19:18:18 LAUNCH fx3rhS_D_east_half_303 pid=47752 free=3.4GB running=14
2026-09-30 19:18:25 DONE fx3rhZ_D_east_half_303 rc=0 650s
2026-09-30 19:18:25 LAUNCH fx3rhS_D_east_half_404 pid=4400 free=3.4GB running=14
2026-09-30 19:18:37 DONE fx3rhZ_D_east_half_505 rc=0 608s
2026-09-30 19:18:37 LAUNCH fx3rhS_D_east_half_505 pid=50344 free=4.1GB running=14
2026-09-30 19:20:29 DONE fx3rhZ_D_south_half_202 rc=0 611s
2026-09-30 19:20:29 LAUNCH fx3rhS_D_south_half_101 pid=27488 free=3.3GB running=14
2026-09-30 19:21:06 DONE fx3rhZ_D_south_half_404 rc=0 544s
2026-09-30 19:21:06 LAUNCH fx3rhS_D_south_half_202 pid=41420 free=3.4GB running=14
2026-09-30 19:24:09 DONE fx3rhZ_D_east_default_202 rc=0 595s
2026-09-30 19:24:09 LAUNCH fx3rhS_D_south_half_303 pid=52176 free=3.3GB running=14
2026-09-30 19:24:21 DONE fx3rhZ_A_west_default_9501 rc=0 428s
2026-09-30 19:24:21 LAUNCH fx3rhS_D_south_half_404 pid=9440 free=3.3GB running=14
2026-09-30 19:24:48 DONE fx3rhZ_D_east_default_101 rc=0 641s
2026-09-30 19:24:48 LAUNCH fx3rhS_D_south_half_505 pid=49192 free=3.2GB running=14
2026-09-30 19:25:40 DONE fx3rhZ_D_east_default_303 rc=0 664s
2026-09-30 19:25:40 LAUNCH fx3rhS_D_east_default_101 pid=38024 free=3.4GB running=14
2026-09-30 19:25:47 DONE fx3rhZ_C_south_default_9503 rc=0 485s
2026-09-30 19:25:47 LAUNCH fx3rhS_D_east_default_202 pid=5640 free=3.4GB running=14
2026-09-30 19:26:19 DONE fx3rhZ_B_north_default_9502 rc=0 519s
2026-09-30 19:26:19 LAUNCH fx3rhS_D_east_default_303 pid=7412 free=3.5GB running=14
2026-09-30 19:26:41 DONE fx3rhZ_D_east_half_404 rc=0 1099s
2026-09-30 19:26:41 LAUNCH fx3rhS_A_west_default_9501 pid=46172 free=3.5GB running=14
2026-09-30 19:28:13 DONE fx3rhS_D_east_half_101 rc=0 629s
2026-09-30 19:28:13 DONE fx3rhS_D_south_half_101 rc=0 464s
2026-09-30 19:28:13 LAUNCH fx3rhS_B_north_default_9502 pid=46712 free=4.3GB running=13
2026-09-30 19:28:15 LAUNCH fx3rhS_C_south_default_9503 pid=14080 free=3.5GB running=14
2026-09-30 19:28:22 DONE fx3rhS_D_east_half_202 rc=0 631s
2026-09-30 19:29:07 DONE fx3rhS_D_east_half_505 rc=0 630s
2026-09-30 19:30:52 DONE fx3rhS_D_south_half_202 rc=0 586s
2026-09-30 19:30:57 DONE fx3rhS_D_south_half_303 rc=0 409s
2026-09-30 19:31:32 DONE fx3rhS_D_south_half_505 rc=0 405s
2026-09-30 19:33:12 DONE fx3rhS_D_south_half_404 rc=0 532s
2026-09-30 19:33:42 DONE fx3rhS_A_west_default_9501 rc=0 421s
2026-09-30 19:34:57 DONE fx3rhS_D_east_half_303 rc=0 999s
2026-09-30 19:35:17 DONE fx3rhS_D_east_half_404 rc=0 1012s
2026-09-30 19:35:27 DONE fx3rhS_D_east_default_202 rc=0 581s
2026-09-30 19:35:27 DONE fx3rhS_C_south_default_9503 rc=0 432s
2026-09-30 19:35:33 DONE fx3rhS_D_east_default_101 rc=0 593s
2026-09-30 19:36:03 DONE fx3rhS_B_north_default_9502 rc=0 470s
2026-09-30 19:41:28 DONE fx3rhS_D_east_default_303 rc=0 909s
2026-09-30 19:41:33 ALL_MF2_COMPLETE E:\Projects\SAS\outputs\_fx3_q_r2all.jsonl 252/252 0 FAIL
