2026-09-30 00:21:35 START E:\Projects\SAS\outputs\_fx3_q_p1q.jsonl 16 runs maxpar=8 min_free=3.0
2026-09-30 00:21:35 LAUNCH fx3pQ_A_E pid=39216 free=6.9GB running=1
2026-09-30 00:21:37 LAUNCH fx3pQ_A_N pid=40968 free=6.1GB running=2
2026-09-30 00:21:39 LAUNCH fx3pQ_A_S pid=26220 free=5.3GB running=3
2026-09-30 00:21:41 LAUNCH fx3pQ_A_W pid=40104 free=4.5GB running=4
2026-09-30 00:21:43 LAUNCH fx3pQ_B_E pid=40304 free=3.7GB running=5
2026-09-30 00:21:45 LAUNCH fx3pQ_B_N pid=34528 free=3.7GB running=6
2026-09-30 00:22:37 LAUNCH fx3pQ_B_S pid=34068 free=3.7GB running=7
2026-09-30 00:23:44 LAUNCH fx3pQ_B_W pid=3688 free=3.7GB running=8
2026-09-30 00:31:41 DONE fx3pQ_A_S rc=0 602s
2026-09-30 00:31:41 LAUNCH fx3pQ_C_E pid=29968 free=3.7GB running=8
2026-09-30 00:32:38 DONE fx3pQ_A_E rc=0 663s
2026-09-30 00:33:08 DONE fx3pQ_B_W rc=0 564s
2026-09-30 00:33:53 DONE fx3pQ_A_W rc=0 732s
2026-09-30 00:33:53 LAUNCH fx3pQ_C_N pid=10284 free=3.7GB running=6
2026-09-30 00:33:55 LAUNCH fx3pQ_C_S pid=42324 free=3.7GB running=7
2026-09-30 00:34:02 DONE fx3pQ_B_E rc=0 739s
2026-09-30 00:34:02 DONE fx3pQ_B_N rc=0 737s
2026-09-30 00:34:07 DONE fx3pQ_B_S rc=0 690s
2026-09-30 00:35:37 DONE fx3pQ_A_N rc=0 841s
2026-09-30 00:35:37 LAUNCH fx3pQ_C_W pid=41144 free=3.7GB running=4
2026-09-30 00:40:19 LAUNCH fx3pQ_D_E pid=42652 free=3.6GB running=5
2026-09-30 00:41:41 LAUNCH fx3pQ_D_N pid=40120 free=3.7GB running=6
2026-09-30 00:42:43 LAUNCH fx3pQ_D_S pid=26888 free=3.7GB running=7
2026-09-30 00:44:45 DONE fx3pQ_C_N rc=0 652s
2026-09-30 00:44:45 LAUNCH fx3pQ_D_W pid=9448 free=3.7GB running=7
2026-09-30 00:48:53 DONE fx3pQ_C_S rc=0 897s
2026-09-30 00:49:48 DONE fx3pQ_C_E rc=0 1087s
2026-09-30 00:53:43 DONE fx3pQ_C_W rc=0 1085s
2026-09-30 00:55:58 DONE fx3pQ_D_E rc=0 938s
2026-09-30 00:56:18 DONE fx3pQ_D_N rc=0 876s
2026-09-30 00:57:33 DONE fx3pQ_D_S rc=0 889s
2026-09-30 01:05:23 DONE fx3pQ_D_W rc=0 1237s
2026-09-30 01:05:28 ALL_MF2_COMPLETE E:\Projects\SAS\outputs\_fx3_q_p1q.jsonl 16/16 0 FAIL
