2026-09-30 20:15:44 START E:\Projects\SAS\outputs\_fx3_q_merge.jsonl 50 runs maxpar=14 min_free=3.0
2026-09-30 20:15:44 LAUNCH fx3mS_A_N pid=49096 free=15.0GB running=1
2026-09-30 20:15:46 LAUNCH fx3mS_A_S pid=44304 free=14.1GB running=2
2026-09-30 20:15:48 LAUNCH fx3mS_A_E pid=26320 free=13.3GB running=3
2026-09-30 20:15:50 LAUNCH fx3mS_A_W pid=39424 free=12.5GB running=4
2026-09-30 20:15:52 LAUNCH fx3mS_B_N pid=41960 free=11.7GB running=5
2026-09-30 20:15:54 LAUNCH fx3mS_B_S pid=50816 free=11.0GB running=6
2026-09-30 20:15:56 LAUNCH fx3mS_B_E pid=41520 free=9.3GB running=7
2026-09-30 20:15:58 LAUNCH fx3mS_B_W pid=30888 free=8.5GB running=8
2026-09-30 20:16:00 LAUNCH fx3mS_C_N pid=45104 free=7.6GB running=9
2026-09-30 20:16:02 LAUNCH fx3mS_C_S pid=15804 free=6.8GB running=10
2026-09-30 20:16:04 LAUNCH fx3mS_C_E pid=22704 free=6.0GB running=11
2026-09-30 20:16:06 LAUNCH fx3mS_C_W pid=47408 free=5.2GB running=12
2026-09-30 20:16:08 LAUNCH fx3mS_D_N pid=47712 free=4.4GB running=13
2026-09-30 20:16:10 LAUNCH fx3mS_D_S pid=48464 free=3.6GB running=14
2026-09-30 20:21:08 DONE fx3mS_B_W rc=0 309s
2026-09-30 20:21:08 LAUNCH fx3mS_D_E pid=35484 free=3.5GB running=14
2026-09-30 20:24:55 DONE fx3mS_A_S rc=0 549s
2026-09-30 20:24:55 LAUNCH fx3mS_D_W pid=48184 free=3.2GB running=14
2026-09-30 20:25:37 DONE fx3mS_C_N rc=0 577s
2026-09-30 20:25:37 LAUNCH fx3mS2_A_N pid=45300 free=3.3GB running=14
2026-09-30 20:25:54 DONE fx3mS_A_E rc=0 606s
2026-09-30 20:25:54 LAUNCH fx3mS2_A_S pid=37252 free=3.2GB running=14
2026-09-30 20:26:01 DONE fx3mS_B_S rc=0 607s
2026-09-30 20:26:01 LAUNCH fx3mS2_A_E pid=51948 free=3.3GB running=14
2026-09-30 20:26:08 DONE fx3mS_B_N rc=0 616s
2026-09-30 20:26:08 LAUNCH fx3mS2_A_W pid=18980 free=3.3GB running=14
2026-09-30 20:26:15 DONE fx3mS_A_W rc=0 625s
2026-09-30 20:26:15 LAUNCH fx3mS2_B_N pid=45892 free=3.4GB running=14
2026-09-30 20:26:52 DONE fx3mS_A_N rc=0 668s
2026-09-30 20:26:52 LAUNCH fx3mS2_B_S pid=50392 free=3.4GB running=14
2026-09-30 20:27:39 DONE fx3mS_D_S rc=0 689s
2026-09-30 20:27:39 LAUNCH fx3mS2_B_E pid=6036 free=3.4GB running=14
2026-09-30 20:27:56 DONE fx3mS_B_E rc=0 720s
2026-09-30 20:27:56 LAUNCH fx3mS2_B_W pid=21496 free=3.4GB running=14
2026-09-30 20:28:08 DONE fx3mS_D_N rc=0 720s
2026-09-30 20:28:08 LAUNCH fx3mS2_C_N pid=52004 free=3.5GB running=14
2026-09-30 20:28:30 DONE fx3mS_C_S rc=0 748s
2026-09-30 20:28:30 LAUNCH fx3mS2_C_S pid=49116 free=3.5GB running=14
2026-09-30 20:29:53 DONE fx3mS_C_W rc=0 826s
2026-09-30 20:29:53 LAUNCH fx3mS2_C_E pid=49860 free=3.4GB running=14
2026-09-30 20:30:45 DONE fx3mS_C_E rc=0 880s
2026-09-30 20:30:45 LAUNCH fx3mS2_C_W pid=45972 free=3.4GB running=14
2026-09-30 20:31:22 DONE fx3mS_D_E rc=0 614s
2026-09-30 20:31:22 LAUNCH fx3mS2_D_N pid=30588 free=3.4GB running=14
2026-09-30 20:32:24 DONE fx3mS2_A_S rc=0 390s
2026-09-30 20:32:24 LAUNCH fx3mS2_D_S pid=51560 free=3.4GB running=14
2026-09-30 20:32:41 DONE fx3mS2_A_E rc=0 400s
2026-09-30 20:32:41 LAUNCH fx3mS2_D_E pid=41248 free=3.4GB running=14
2026-09-30 20:32:58 DONE fx3mS2_A_N rc=0 441s
2026-09-30 20:32:58 LAUNCH fx3mS2_D_W pid=39872 free=3.4GB running=14
2026-09-30 20:33:30 DONE fx3mS2_A_W rc=0 442s
2026-09-30 20:33:30 LAUNCH fx3mB23_B_N_9605 pid=45012 free=3.4GB running=14
2026-09-30 20:34:37 DONE fx3mS2_B_S rc=0 465s
2026-09-30 20:34:37 LAUNCH fx3mB23_B_N_9651 pid=41944 free=3.4GB running=14
2026-09-30 20:35:59 DONE fx3mS2_C_S rc=0 449s
2026-09-30 20:35:59 LAUNCH fx3mB23_B_N_9661 pid=45552 free=3.4GB running=14
2026-09-30 20:36:21 DONE fx3mS2_C_N rc=0 493s
2026-09-30 20:36:21 LAUNCH fx3mB23_B_N_9671 pid=49204 free=3.4GB running=14
2026-09-30 20:36:58 DONE fx3mS2_B_N rc=0 643s
2026-09-30 20:36:58 LAUNCH fx3mB23_B_S_9606 pid=37368 free=3.4GB running=14
2026-09-30 20:37:05 DONE fx3mS2_B_E rc=0 566s
2026-09-30 20:37:05 LAUNCH fx3mB23_B_S_9652 pid=32308 free=3.5GB running=14
2026-09-30 20:37:52 DONE fx3mS_D_W rc=0 777s
2026-09-30 20:37:52 LAUNCH fx3mB23_B_S_9662 pid=50380 free=3.4GB running=14
2026-09-30 20:39:14 DONE fx3mS2_C_E rc=0 562s
2026-09-30 20:39:14 LAUNCH fx3mB23_B_S_9672 pid=24220 free=3.4GB running=14
2026-09-30 20:39:21 DONE fx3mS2_D_S rc=0 418s
2026-09-30 20:39:21 LAUNCH fx3mB23_B_E_9607 pid=49508 free=3.4GB running=14
2026-09-30 20:39:58 DONE fx3mS2_D_N rc=0 517s
2026-09-30 20:39:59 LAUNCH fx3mB23_B_E_9653 pid=22580 free=3.4GB running=14
2026-09-30 20:40:06 DONE fx3mS2_B_W rc=0 729s
2026-09-30 20:40:06 LAUNCH fx3mB23_B_E_9663 pid=46756 free=3.4GB running=14
2026-09-30 20:40:58 DONE fx3mB23_B_N_9605 rc=0 448s
2026-09-30 20:40:58 LAUNCH fx3mB23_B_E_9673 pid=45616 free=3.4GB running=14
2026-09-30 20:41:45 DONE fx3mS2_C_W rc=0 660s
2026-09-30 20:41:45 LAUNCH fx3mB23_B_W_9608 pid=47524 free=3.4GB running=14
2026-09-30 20:42:12 DONE fx3mB23_B_N_9651 rc=0 455s
2026-09-30 20:42:12 LAUNCH fx3mB23_B_W_9654 pid=51896 free=3.4GB running=14
2026-09-30 20:43:29 DONE fx3mB23_B_N_9661 rc=0 450s
2026-09-30 20:43:29 LAUNCH fx3mB23_B_W_9664 pid=46072 free=3.3GB running=14
2026-09-30 20:43:51 DONE fx3mB23_B_N_9671 rc=0 450s
2026-09-30 20:43:51 LAUNCH fx3mB23_B_W_9674 pid=25936 free=3.4GB running=14
2026-09-30 20:44:13 DONE fx3mB23_B_S_9606 rc=0 435s
2026-09-30 20:44:13 LAUNCH fx3mTe606 pid=43864 free=3.4GB running=14
2026-09-30 20:44:40 DONE fx3mB23_B_S_9662 rc=0 408s
2026-09-30 20:44:40 LAUNCH fx3mTs505 pid=47864 free=3.3GB running=14
2026-09-30 20:45:07 DONE fx3mB23_B_S_9652 rc=0 482s
2026-09-30 20:45:12 DONE fx3mS2_D_E rc=0 751s
2026-09-30 20:45:22 DONE fx3mB23_B_S_9672 rc=0 368s
2026-09-30 20:45:32 DONE fx3mB23_B_W_9608 rc=0 227s
2026-09-30 20:45:52 DONE fx3mS2_D_W rc=0 774s
2026-09-30 20:48:17 DONE fx3mB23_B_E_9607 rc=0 536s
2026-09-30 20:49:52 DONE fx3mB23_B_E_9673 rc=0 535s
2026-09-30 20:50:07 DONE fx3mB23_B_E_9663 rc=0 602s
2026-09-30 20:52:02 DONE fx3mTs505 rc=0 442s
2026-09-30 20:52:28 DONE fx3mB23_B_E_9653 rc=0 749s
2026-09-30 20:52:33 DONE fx3mB23_B_W_9664 rc=0 544s
2026-09-30 20:55:08 DONE fx3mB23_B_W_9654 rc=0 776s
2026-09-30 20:56:13 DONE fx3mB23_B_W_9674 rc=0 742s
2026-09-30 20:58:18 DONE fx3mTe606 rc=0 845s
2026-09-30 20:58:23 ALL_MF2_COMPLETE E:\Projects\SAS\outputs\_fx3_q_merge.jsonl 50/50 0 FAIL
