2026-09-29 23:27:37 START E:\Projects\SAS\outputs\_fx3_q_p1b.jsonl 45 runs maxpar=16 min_free=3.0
2026-09-29 23:27:37 LAUNCH fx3h_A_N pid=37140 free=19.7GB running=1
2026-09-29 23:27:39 LAUNCH fx3h_B_E pid=26832 free=18.9GB running=2
2026-09-29 23:27:41 LAUNCH fx3h_C_S pid=40824 free=18.1GB running=3
2026-09-29 23:27:43 LAUNCH fx3h_D_N pid=32536 free=17.2GB running=4
2026-09-29 23:27:45 LAUNCH fx3h_B_W pid=28632 free=16.5GB running=5
2026-09-29 23:27:47 LAUNCH fx3pb0_B_N_9605 pid=40368 free=15.7GB running=6
2026-09-29 23:27:49 LAUNCH fx3pb0_B_N_9651 pid=36280 free=14.9GB running=7
2026-09-29 23:27:51 LAUNCH fx3pb0_B_S_9606 pid=39092 free=14.1GB running=8
2026-09-29 23:27:53 LAUNCH fx3pb0_B_S_9652 pid=38220 free=13.3GB running=9
2026-09-29 23:27:55 LAUNCH fx3pb0_B_E_9607 pid=31260 free=12.4GB running=10
2026-09-29 23:27:57 LAUNCH fx3pb0_B_E_9653 pid=38872 free=11.6GB running=11
2026-09-29 23:27:59 LAUNCH fx3pb0_B_W_9608 pid=39212 free=10.8GB running=12
2026-09-29 23:28:01 LAUNCH fx3pb0_B_W_9654 pid=39364 free=10.0GB running=13
2026-09-29 23:28:03 LAUNCH fx3pb2_B_N_9605 pid=16836 free=9.1GB running=14
2026-09-29 23:28:05 LAUNCH fx3pb2_B_N_9651 pid=24836 free=8.3GB running=15
2026-09-29 23:28:07 LAUNCH fx3pb2_B_S_9606 pid=39320 free=7.5GB running=16
2026-09-29 23:33:29 DONE fx3pb0_B_W_9608 rc=0 330s
2026-09-29 23:33:29 LAUNCH fx3pb2_B_S_9652 pid=29284 free=7.3GB running=16
2026-09-29 23:37:01 DONE fx3h_B_W rc=0 556s
2026-09-29 23:37:01 LAUNCH fx3pb2_B_E_9607 pid=34420 free=7.2GB running=16
2026-09-29 23:39:48 DONE fx3pb0_B_N_9605 rc=0 721s
2026-09-29 23:39:48 LAUNCH fx3pb2_B_E_9653 pid=29692 free=7.0GB running=16
2026-09-29 23:40:10 DONE fx3pb2_B_N_9651 rc=0 725s
2026-09-29 23:40:10 LAUNCH fx3pb2_B_W_9608 pid=39068 free=7.1GB running=16
2026-09-29 23:40:17 DONE fx3pb2_B_S_9606 rc=0 730s
2026-09-29 23:40:17 LAUNCH fx3pb2_B_W_9654 pid=39276 free=7.1GB running=16
2026-09-29 23:40:24 DONE fx3h_B_E rc=0 766s
2026-09-29 23:40:24 LAUNCH fx3pbL_B_N_9605 pid=42052 free=7.2GB running=16
2026-09-29 23:41:06 DONE fx3pb0_B_N_9651 rc=0 797s
2026-09-29 23:41:06 LAUNCH fx3pbL_B_N_9651 pid=11928 free=7.2GB running=16
2026-09-29 23:41:18 DONE fx3pb2_B_N_9605 rc=0 795s
2026-09-29 23:41:18 LAUNCH fx3pbL_B_S_9606 pid=42516 free=7.2GB running=16
2026-09-29 23:42:20 DONE fx3pb0_B_S_9652 rc=0 868s
2026-09-29 23:42:20 LAUNCH fx3pbL_B_S_9652 pid=41440 free=7.1GB running=16
2026-09-29 23:42:28 DONE fx3h_A_N rc=0 891s
2026-09-29 23:42:28 LAUNCH fx3pbL_B_E_9607 pid=42796 free=7.2GB running=16
2026-09-29 23:42:45 DONE fx3pb0_B_S_9606 rc=0 894s
2026-09-29 23:42:45 LAUNCH fx3pbL_B_E_9653 pid=40444 free=7.2GB running=16
2026-09-29 23:43:37 DONE fx3h_C_S rc=0 956s
2026-09-29 23:43:37 DONE fx3h_D_N rc=0 954s
2026-09-29 23:43:37 LAUNCH fx3pbL_B_W_9608 pid=15824 free=5.6GB running=15
2026-09-29 23:43:39 LAUNCH fx3pbL_B_W_9654 pid=9112 free=4.8GB running=16
2026-09-29 23:44:51 DONE fx3pb0_B_E_9607 rc=0 1016s
2026-09-29 23:44:51 LAUNCH fx3pbC_B_N_9605 pid=41048 free=4.7GB running=16
2026-09-29 23:45:33 DONE fx3pb2_B_S_9652 rc=0 724s
2026-09-29 23:45:33 LAUNCH fx3pbC_B_N_9651 pid=32372 free=4.7GB running=16
2026-09-29 23:45:45 DONE fx3pb2_B_W_9608 rc=0 334s
2026-09-29 23:45:45 LAUNCH fx3pbC_B_S_9606 pid=2632 free=4.7GB running=16
2026-09-29 23:46:27 DONE fx3pb0_B_W_9654 rc=0 1106s
2026-09-29 23:46:27 LAUNCH fx3pbC_B_S_9652 pid=30548 free=4.8GB running=16
2026-09-29 23:49:09 DONE fx3pbL_B_W_9608 rc=0 332s
2026-09-29 23:49:09 LAUNCH fx3pbC_B_E_9607 pid=39032 free=3.8GB running=16
2026-09-29 23:51:46 DONE fx3pb2_B_E_9607 rc=0 885s
2026-09-29 23:51:46 LAUNCH fx3pbC_B_E_9653 pid=42256 free=3.8GB running=16
2026-09-29 23:53:08 DONE fx3pbL_B_N_9651 rc=0 722s
2026-09-29 23:53:08 LAUNCH fx3pbC_B_W_9608 pid=2992 free=3.8GB running=16
2026-09-29 23:53:20 DONE fx3pbL_B_S_9606 rc=0 722s
2026-09-29 23:53:20 LAUNCH fx3pbC_B_W_9654 pid=33568 free=3.8GB running=16
2026-09-29 23:53:32 DONE fx3pbL_B_N_9605 rc=0 788s
2026-09-29 23:53:32 LAUNCH fx3pb3_B_N_9605 pid=39232 free=3.8GB running=16
2026-09-29 23:54:14 DONE fx3pbL_B_S_9652 rc=0 714s
2026-09-29 23:54:14 LAUNCH fx3pb3_B_N_9651 pid=40340 free=3.8GB running=16
2026-09-29 23:57:01 DONE fx3pbL_B_E_9607 rc=0 874s
2026-09-29 23:57:01 LAUNCH fx3pb3_B_S_9606 pid=29688 free=4.6GB running=16
2026-09-29 23:57:28 DONE fx3pbC_B_N_9651 rc=0 715s
2026-09-29 23:57:28 LAUNCH fx3pb3_B_S_9652 pid=27640 free=4.6GB running=16
2026-09-29 23:57:45 DONE fx3pbC_B_S_9606 rc=0 720s
2026-09-29 23:57:45 LAUNCH fx3pb3_B_E_9607 pid=26476 free=4.6GB running=16
2026-09-29 23:57:57 DONE fx3pbC_B_N_9605 rc=0 787s
2026-09-29 23:57:57 LAUNCH fx3pb3_B_E_9653 pid=28004 free=5.5GB running=16
2026-09-29 23:58:19 DONE fx3pbC_B_S_9652 rc=0 712s
2026-09-29 23:58:19 LAUNCH fx3pb3_B_W_9608 pid=25388 free=5.5GB running=16
2026-09-29 23:58:41 DONE fx3pbC_B_W_9608 rc=0 333s
2026-09-29 23:58:41 LAUNCH fx3pb3_B_W_9654 pid=42148 free=5.4GB running=16
2026-09-29 23:59:43 DONE fx3pb0_B_E_9653 rc=0 1906s
2026-09-30 00:00:13 DONE fx3pb2_B_E_9653 rc=0 1225s
2026-09-30 00:02:48 DONE fx3pb2_B_W_9654 rc=0 1351s
2026-09-30 00:03:14 DONE fx3pbL_B_E_9653 rc=0 1229s
2026-09-30 00:03:44 DONE fx3pbC_B_E_9607 rc=0 875s
2026-09-30 00:03:49 DONE fx3pb3_B_W_9608 rc=0 329s
2026-09-30 00:05:19 DONE fx3pb3_B_N_9651 rc=0 664s
2026-09-30 00:06:19 DONE fx3pbL_B_W_9654 rc=0 1360s
2026-09-30 00:06:44 DONE fx3pb3_B_N_9605 rc=0 792s
2026-09-30 00:08:14 DONE fx3pb3_B_S_9606 rc=0 672s
2026-09-30 00:12:09 DONE fx3pbC_B_E_9653 rc=0 1223s
2026-09-30 00:14:29 DONE fx3pb3_B_S_9652 rc=0 1021s
2026-09-30 00:14:34 DONE fx3pb3_B_E_9607 rc=0 1009s
2026-09-30 00:15:39 DONE fx3pbC_B_W_9654 rc=0 1339s
2026-09-30 00:18:24 DONE fx3pb3_B_W_9654 rc=0 1183s
2026-09-30 00:28:54 DONE fx3pb3_B_E_9653 rc=0 1857s
2026-09-30 00:28:59 ALL_MF2_COMPLETE E:\Projects\SAS\outputs\_fx3_q_p1b.jsonl 45/45 0 FAIL
