=== WAVE: observe,arm_hi ===
      1 [main] bash 3374 dofork: child -1 - forked process 45096 died unexpectedly, retry 0, exit code 0xC000012D, errno 11
outputs/_gp_runall2.sh: fork: retry: Resource temporarily unavailable
      1 [main] bash (45344) child_copy: cygheap read copy failed, 0x0..0x80000FAF0, done 0, windows pid 45344, Win32 error 299
2025365 [main] bash 3374 dofork: child -1 - CreateProcessW failed for 'D:\Programs\Git\usr\bin\bash.exe', errno 11
outputs/_gp_runall2.sh: fork: retry: Resource temporarily unavailable
5041567 [main] bash 3374 dofork: child -1 - forked process 45544 died unexpectedly, retry 0, exit code 0xC0000142, errno 11
outputs/_gp_runall2.sh: fork: retry: Resource temporarily unavailable
      0 [main] bash 3391 dofork: child -1 - forked process 45344 died unexpectedly, retry 0, exit code 0xC0000142, errno 11
outputs/_gp_runall2.sh: fork: retry: Resource temporarily unavailable
10061201 [main] bash 3374 dofork: child -1 - forked process 45720 died unexpectedly, retry 0, exit code 0xC000012D, errno 11
outputs/_gp_runall2.sh: fork: retry: Resource temporarily unavailable
      0 [main] bash (45740) child_copy: cygheap read copy failed, 0x0..0x80000FAF0, done 0, windows pid 45740, Win32 error 299
3235612 [main] bash 3391 dofork: child -1 - forked process 45740 died unexpectedly, retry 0, exit code 0xC0000142, errno 11
outputs/_gp_runall2.sh: fork: retry: Resource temporarily unavailable
FAIL observe_south_half_303 rc=1 size=0 ---   File "E:\Projects\SAS\.venv\lib\site-packages\numpy\random\_pickle.py", line 3, in <module>     from ._philox import Philox ImportError: DLL load failed while importing _philox: The paging file is too small for this operation to complete. 
FAIL arm_hi_south_half_101 rc=1 size=0 --- numpy: Error importing numpy: you should not try to import numpy from         its source directory; please exit the numpy source tree, and relaunch         your python interpreter from there. 
FAIL observe_east_half_404 rc=1 size=0 ---   File "C:\Users\ahrar\AppData\Local\Programs\Python\Python310\lib\asyncio\windows_events.py", line 8, in <module>     import _overlapped OSError: [WinError 8] Not enough memory resources are available to process this command 
DONE observe_east_def_202 rc=0 size=229961
DONE arm_hi_south_half_303 rc=0 size=252202
      0 [main] bash 3452 dofork: child -1 - forked process 42840 died unexpectedly, retry 0, exit code 0xC000012D, errno 11
outputs/_gp_runall2.sh: fork: retry: Resource temporarily unavailable
      0 [main] bash (14952) child_copy: cygheap read copy failed, 0x0..0x80000FAF0, done 0, windows pid 14952, Win32 error 299
      0 [main] bash (46004) child_copy: cygheap read copy failed, 0x0..0x80000F7E0, done 0, windows pid 46004, Win32 error 299
9543924 [main] bash 3452 dofork: child -1 - forked process 14952 died unexpectedly, retry 0, exit code 0xC0000142, errno 11
outputs/_gp_runall2.sh: fork: retry: Resource temporarily unavailable
12562129 [main] bash 3452 dofork: child -1 - forked process 28740 died unexpectedly, retry 0, exit code 0xC000012D, errno 11
outputs/_gp_runall2.sh: fork: retry: Resource temporarily unavailable
      0 [main] bash 3386 dofork: child -1 - forked process 46004 died unexpectedly, retry 0, exit code 0xC0000142, errno 11
outputs/_gp_runall2.sh: fork: retry: Resource temporarily unavailable
2028100 [main] bash 3386 dofork: child -1 - CreateProcessW failed for 'D:\Programs\Git\usr\bin\bash.exe', errno 27
outputs/_gp_runall2.sh: fork: File too large
18594076 [main] bash 3452 dofork: child -1 - forked process 33216 died unexpectedly, retry 0, exit code 0xC000012D, errno 11
outputs/_gp_runall2.sh: fork: retry: Resource temporarily unavailable
DONE observe_east_def_303 rc=0 size=228158
27608089 [main] bash 3452 dofork: child -1 - CreateProcessW failed for 'D:\Programs\Git\usr\bin\bash.exe', errno 27
outputs/_gp_runall2.sh: fork: File too large
DONE observe_east_def_101 rc=0 size=
DONE observe_south_half_202 rc=0 size=225987
DONE arm_hi_east_def_101 rc=0 size=241510
DONE arm_hi_south_half_202 rc=0 size=231349
DONE observe_south_half_404 rc=0 size=243194
DONE observe_south_half_101 rc=0 size=222332
DONE observe_south_half_505 rc=0 size=239673
DONE arm_hi_south_half_505 rc=0 size=246769
DONE arm_hi_south_half_404 rc=0 size=250720
DONE arm_hi_east_def_303 rc=0 size=234004
DONE observe_east_half_303 rc=0 size=239739
DONE observe_east_half_505 rc=0 size=243633
DONE arm_hi_east_half_404 rc=0 size=254875
DONE arm_hi_east_half_303 rc=0 size=246799
DONE arm_hi_east_half_101 rc=0 size=251368
DONE observe_east_half_101 rc=0 size=243875
DONE arm_hi_east_half_505 rc=0 size=251097
DONE observe_east_half_202 rc=0 size=246360
DONE arm_hi_east_half_202 rc=0 size=254162
=== WAVE observe,arm_hi COMPLETE ===
=== WAVE: arm_lo,arm_role_dict ===
FAIL arm_lo_east_def_101 rc=1 size=0 ---   File "E:\Projects\SAS\.venv\lib\site-packages\pandas\_libs\__init__.py", line 17, in <module>     import pandas._libs.pandas_datetime  # noqa: F401 # isort: skip # type: ignore[reportUnusedImport] ImportError: DLL load failed while importing pandas_datetime: The paging file is too small for this operation to complete. 
FAIL arm_lo_east_def_303 rc=1 size=0 ---     from .mtrand import RandomState   File "numpy/random/mtrand.pyx", line 19, in init numpy.random.mtrand ImportError: DLL load failed while importing _mt19937: The paging file is too small for this operation to complete. 
DONE arm_role_dict_south_half_202 rc=0 size=197348
DONE arm_role_dict_east_def_202 rc=0 size=201607
DONE arm_role_dict_south_half_303 rc=0 size=202496
DONE arm_role_dict_east_half_202 rc=0 size=201610
DONE arm_role_dict_south_half_505 rc=0 size=191079
DONE arm_role_dict_east_def_101 rc=0 size=224163
DONE arm_role_dict_east_half_505 rc=0 size=202073
DONE arm_role_dict_east_half_404 rc=0 size=212004
DONE arm_role_dict_east_half_101 rc=0 size=194017
DONE arm_role_dict_east_half_303 rc=0 size=210379
DONE arm_role_dict_east_def_303 rc=0 size=210182
DONE arm_role_dict_south_half_101 rc=0 size=215476
DONE arm_lo_south_half_303 rc=0 size=252158
DONE arm_lo_east_def_202 rc=0 size=235902
DONE arm_role_dict_south_half_404 rc=0 size=211120
DONE arm_lo_south_half_505 rc=0 size=246701
DONE arm_lo_south_half_202 rc=0 size=231288
DONE arm_lo_south_half_404 rc=0 size=250650
DONE arm_lo_south_half_101 rc=0 size=227465
DONE arm_lo_east_half_404 rc=0 size=254865
DONE arm_lo_east_half_303 rc=0 size=246737
DONE arm_lo_east_half_505 rc=0 size=251061
DONE arm_lo_east_half_101 rc=0 size=251297
DONE arm_lo_east_half_202 rc=0 size=254073
=== WAVE arm_lo,arm_role_dict COMPLETE ===
=== WAVE: arm_role_str,arm_role_dict_gen ===
FAIL arm_role_dict_gen_east_half_303 rc=1 size=0 ---   File "E:\Projects\SAS\.venv\lib\site-packages\pandas\core\groupby\ops.py", line 26, in <module>     import pandas._libs.groupby as libgroupby ImportError: DLL load failed while importing groupby: The paging file is too small for this operation to complete. 
DONE arm_role_dict_gen_south_half_303 rc=0 size=187986
DONE arm_role_dict_gen_east_half_202 rc=0 size=200204
DONE arm_role_dict_gen_south_half_505 rc=0 size=191503
DONE arm_role_dict_gen_east_def_202 rc=0 size=200201
      0 [main] bash 3779 dofork: child -1 - forked process 2024 died unexpectedly, retry 0, exit code 0xC000012D, errno 11
outputs/_gp_runall2.sh: fork: retry: Resource temporarily unavailable
2032039 [main] bash 3779 dofork: child -1 - forked process 34868 died unexpectedly, retry 0, exit code 0xC000012D, errno 11
outputs/_gp_runall2.sh: fork: retry: Resource temporarily unavailable
5062179 [main] bash 3779 dofork: child -1 - CreateProcessW failed for 'D:\Programs\Git\usr\bin\bash.exe', errno 11
outputs/_gp_runall2.sh: fork: retry: Resource temporarily unavailable
DONE arm_role_dict_gen_east_half_101 rc=0 size=199046
10079511 [main] bash 3779 dofork: child -1 - forked process 25472 died unexpectedly, retry 0, exit code 0xC000012D, errno 11
outputs/_gp_runall2.sh: fork: retry: Resource temporarily unavailable
DONE arm_role_dict_gen_east_def_101 rc=0 size=0
      0 [main] bash (21352) child_copy: cygheap read copy failed, 0x0..0x80000FAF0, done 0, windows pid 21352, Win32 error 299
36127337 [main] bash 3779 dofork: child -1 - forked process 21352 died unexpectedly, retry 0, exit code 0xC0000142, errno 11
outputs/_gp_runall2.sh: fork: Resource temporarily unavailable
DONE arm_role_dict_gen_south_half_202 rc=0 size=
DONE arm_role_str_east_def_202 rc=0 size=235814
DONE arm_role_dict_gen_east_half_505 rc=0 size=216372
DONE arm_role_dict_gen_east_half_404 rc=0 size=209185
DONE arm_role_str_south_half_404 rc=0 size=250564
DONE arm_role_str_east_def_101 rc=0 size=241354
DONE arm_role_str_east_def_303 rc=0 size=233848
DONE arm_role_str_south_half_303 rc=0 size=252046
DONE arm_role_dict_gen_south_half_101 rc=0 size=213536
DONE arm_role_str_south_half_505 rc=0 size=246613
DONE arm_role_dict_gen_south_half_404 rc=0 size=200170
DONE arm_role_str_south_half_202 rc=0 size=231193
DONE arm_role_str_south_half_101 rc=0 size=227417
DONE arm_role_dict_gen_east_def_303 rc=0 size=207709
DONE arm_role_str_east_half_303 rc=0 size=246643
DONE arm_role_str_east_half_404 rc=0 size=254719
DONE arm_role_str_east_half_505 rc=0 size=250941
DONE arm_role_str_east_half_101 rc=0 size=251212
DONE arm_role_str_east_half_202 rc=0 size=254006
=== WAVE arm_role_str,arm_role_dict_gen COMPLETE ===
ALL_GP2_COMPLETE
