=== WAVE: nopatch ===
DONE nopatch_east_def_202 rc=0 size=1206
DONE nopatch_south_half_303 rc=0 size=1211
DONE nopatch_east_def_101 rc=0 size=1207
DONE nopatch_south_half_202 rc=0 size=1211
DONE nopatch_south_half_505 rc=0 size=1210
DONE nopatch_east_def_303 rc=0 size=1207
DONE nopatch_south_half_404 rc=0 size=1211
DONE nopatch_south_half_101 rc=0 size=1211
DONE nopatch_east_half_404 rc=0 size=1209
DONE nopatch_east_half_303 rc=0 size=1210
DONE nopatch_east_half_505 rc=0 size=1210
DONE nopatch_east_half_101 rc=0 size=1210
DONE nopatch_east_half_202 rc=0 size=1209
=== WAVE nopatch COMPLETE ===
=== WAVE: observe ===
      0 [main] tr (19512) child_copy: cygheap read copy failed, 0x0..0x800028600, done 0, windows pid 19512, Win32 error 299
FAIL observe_east_def_101 rc=1 size=0 --- 
DONE observe_east_def_202 rc=0 size=229961
DONE observe_south_half_303 rc=0 size=244602
DONE observe_south_half_505 rc=0 size=239673
DONE observe_south_half_202 rc=0 size=225987
DONE observe_east_def_303 rc=0 size=228158
DONE observe_south_half_404 rc=0 size=243194
DONE observe_south_half_101 rc=0 size=222332
DONE observe_east_half_303 rc=0 size=239739
DONE observe_east_half_404 rc=0 size=247086
DONE observe_east_half_505 rc=0 size=243633
DONE observe_east_half_202 rc=0 size=246360
DONE observe_east_half_101 rc=0 size=243875
=== WAVE observe COMPLETE ===
=== WAVE: arm_lo ===
DONE arm_lo_east_def_202 rc=0 size=235902
DONE arm_lo_south_half_303 rc=0 size=252158
DONE arm_lo_east_def_101 rc=0 size=241474
DONE arm_lo_south_half_505 rc=0 size=246701
DONE arm_lo_south_half_202 rc=0 size=231288
DONE arm_lo_east_def_303 rc=0 size=233940
DONE arm_lo_south_half_404 rc=0 size=250650
DONE arm_lo_south_half_101 rc=0 size=227465
DONE arm_lo_east_half_404 rc=0 size=254865
DONE arm_lo_east_half_303 rc=0 size=246737
DONE arm_lo_east_half_505 rc=0 size=251061
DONE arm_lo_east_half_101 rc=0 size=251297
DONE arm_lo_east_half_202 rc=0 size=254073
=== WAVE arm_lo COMPLETE ===
=== WAVE: arm_hi ===
FAIL arm_hi_east_half_505 rc=1 size=251097 --- numpy: Error importing numpy: you should not try to import numpy from         its source directory; please exit the numpy source tree, and relaunch         your python interpreter from there. 
DONE arm_hi_east_def_202 rc=0 size=235970
DONE arm_hi_south_half_303 rc=0 size=252202
DONE arm_hi_east_def_101 rc=0 size=241510
DONE arm_hi_south_half_202 rc=0 size=231349
DONE arm_hi_south_half_505 rc=0 size=246769
DONE arm_hi_east_def_303 rc=0 size=234004
DONE arm_hi_south_half_404 rc=0 size=250720
DONE arm_hi_south_half_101 rc=0 size=227573
DONE arm_hi_east_half_404 rc=0 size=254875
DONE arm_hi_east_half_303 rc=0 size=246799
DONE arm_hi_east_half_101 rc=0 size=251368
DONE arm_hi_east_half_202 rc=0 size=254162
=== WAVE arm_hi COMPLETE ===
=== WAVE: arm_role_str ===
DONE arm_role_str_east_def_202 rc=0 size=235814
DONE arm_role_str_south_half_303 rc=0 size=252046
DONE arm_role_str_east_def_101 rc=0 size=241354
DONE arm_role_str_south_half_202 rc=0 size=231193
DONE arm_role_str_south_half_505 rc=0 size=246613
DONE arm_role_str_east_def_303 rc=0 size=233848
DONE arm_role_str_south_half_404 rc=0 size=250564
DONE arm_role_str_south_half_101 rc=0 size=227417
DONE arm_role_str_east_half_404 rc=0 size=254719
DONE arm_role_str_east_half_303 rc=0 size=246643
DONE arm_role_str_east_half_505 rc=0 size=250941
DONE arm_role_str_east_half_101 rc=0 size=251212
DONE arm_role_str_east_half_202 rc=0 size=254006
=== WAVE arm_role_str COMPLETE ===
=== WAVE: arm_role_dict ===
DONE arm_role_dict_east_half_202 rc=0 size=201610
DONE arm_role_dict_east_def_202 rc=0 size=201607
DONE arm_role_dict_south_half_202 rc=0 size=197348
DONE arm_role_dict_south_half_303 rc=0 size=202496
DONE arm_role_dict_south_half_505 rc=0 size=191079
DONE arm_role_dict_east_half_101 rc=0 size=194017
DONE arm_role_dict_east_def_101 rc=0 size=224163
DONE arm_role_dict_east_half_505 rc=0 size=202073
DONE arm_role_dict_east_half_404 rc=0 size=212004
DONE arm_role_dict_east_def_303 rc=0 size=210182
DONE arm_role_dict_south_half_404 rc=0 size=211120
DONE arm_role_dict_east_half_303 rc=0 size=210379
DONE arm_role_dict_south_half_101 rc=0 size=215476
=== WAVE arm_role_dict COMPLETE ===
=== WAVE: arm_role_dict_gen ===
DONE arm_role_dict_gen_east_half_202 rc=0 size=200204
DONE arm_role_dict_gen_south_half_505 rc=0 size=191503
DONE arm_role_dict_gen_east_def_202 rc=0 size=200201
DONE arm_role_dict_gen_south_half_303 rc=0 size=187986
DONE arm_role_dict_gen_south_half_202 rc=0 size=193411
DONE arm_role_dict_gen_east_def_101 rc=0 size=193390
DONE arm_role_dict_gen_east_half_101 rc=0 size=199046
DONE arm_role_dict_gen_east_half_505 rc=0 size=216372
DONE arm_role_dict_gen_east_half_404 rc=0 size=209185
DONE arm_role_dict_gen_south_half_404 rc=0 size=200170
DONE arm_role_dict_gen_south_half_101 rc=0 size=213536
DONE arm_role_dict_gen_east_def_303 rc=0 size=207709
DONE arm_role_dict_gen_east_half_303 rc=0 size=208114
=== WAVE arm_role_dict_gen COMPLETE ===
ALL_GP_COMPLETE
