POOL START 2026-09-06 22:41:03 queue=outputs/_ih_queue.txt maxpar=8 minfree_kb=2800000 free_kb_now=7359716
LAUNCH ihdeadC7C6_east_half_101 running=1 free_kb=7350532 22:41:04
LAUNCH ihdeadC7C6_east_half_202 running=2 free_kb=5612052 22:41:25
LAUNCH ihdeadC7C6_east_half_303 running=3 free_kb=4726284 22:41:45
LAUNCH ihdeadC7C6_east_half_404 running=4 free_kb=3835060 22:42:06
LAUNCH ihdeadC7C6_east_half_505 running=5 free_kb=2942900 22:42:27
LAUNCH ihdeadC7C6_south_half_101 running=6 free_kb=2981152 22:44:06
DONE ihdeadC7C6_south_half_101 rc=0 size=425628 361s ihdeadC7C6 south/half seed=101 rescued=3 dead=0 unreachable=0 never_detected=0 ff_deaths=1 terminal=None completions=3 recycles=3 removals=3 returns=3 wall=360s
LAUNCH ihdeadC7C6_south_half_202 running=6 free_kb=2899600 22:50:12
DONE ihdeadC7C6_east_half_404 rc=0 size=399504 541s ihdeadC7C6 east/half seed=404 rescued=2 dead=2 unreachable=0 never_detected=0 ff_deaths=1 terminal=162 completions=2 recycles=2 removals=2 returns=2 wall=539s
LAUNCH ihdeadC7C6_south_half_303 running=6 free_kb=2841140 22:51:19
DONE ihdeadC7C6_east_half_101 rc=0 size=405327 618s ihdeadC7C6 east/half seed=101 rescued=2 dead=1 unreachable=0 never_detected=0 ff_deaths=1 terminal=None completions=2 recycles=2 removals=2 returns=2 wall=616s
LAUNCH ihdeadC7C6_south_half_404 running=6 free_kb=2877896 22:51:40
DONE ihdeadC7C6_east_half_505 rc=0 size=359070 556s ihdeadC7C6 east/half seed=505 rescued=2 dead=1 unreachable=0 never_detected=0 ff_deaths=0 terminal=None completions=2 recycles=2 removals=2 returns=2 wall=554s
LAUNCH ihdeadC7C6_south_half_505 running=6 free_kb=2874896 22:52:01
DONE ihdeadC7C6_east_half_202 rc=0 size=340905 677s ihdeadC7C6 east/half seed=202 rescued=2 dead=1 unreachable=1 never_detected=0 ff_deaths=1 terminal=237 completions=2 recycles=2 removals=2 returns=2 wall=676s
DONE ihdeadC7C6_east_half_303 rc=0 size=408574 660s ihdeadC7C6 east/half seed=303 rescued=3 dead=1 unreachable=0 never_detected=0 ff_deaths=0 terminal=240 completions=3 recycles=2 removals=3 returns=2 wall=658s
LAUNCH ihdeadC7C6_east_def_101 running=5 free_kb=3757764 22:52:53
LAUNCH ihdeadC7C6_east_def_202 running=6 free_kb=2872648 22:53:13
DONE ihdeadC7C6_south_half_202 rc=0 size=355407 250s ihdeadC7C6 south/half seed=202 rescued=4 dead=0 unreachable=0 never_detected=0 ff_deaths=0 terminal=193 completions=4 recycles=4 removals=4 returns=4 wall=249s
LAUNCH ihdeadC7C6_east_def_303 running=6 free_kb=2871256 22:54:37
DONE ihdeadC7C6_south_half_303 rc=0 size=355591 282s ihdeadC7C6 south/half seed=303 rescued=3 dead=1 unreachable=0 never_detected=0 ff_deaths=1 terminal=216 completions=3 recycles=3 removals=3 returns=3 wall=280s
LAUNCH ihfix_east_half_101 running=6 free_kb=2817624 22:56:16
DONE ihdeadC7C6_south_half_505 rc=0 size=339789 283s ihdeadC7C6 south/half seed=505 rescued=3 dead=1 unreachable=0 never_detected=0 ff_deaths=0 terminal=108 completions=3 recycles=3 removals=3 returns=3 wall=282s
DONE ihdeadC7C6_south_half_404 rc=0 size=393414 309s ihdeadC7C6 south/half seed=404 rescued=4 dead=0 unreachable=0 never_detected=0 ff_deaths=0 terminal=141 completions=4 recycles=4 removals=4 returns=4 wall=308s
LAUNCH ihfix_east_half_202 running=5 free_kb=3727660 22:56:52
DONE ihdeadC7C6_east_def_202 rc=0 size=316900 221s ihdeadC7C6 east/default seed=202 rescued=3 dead=1 unreachable=0 never_detected=0 ff_deaths=1 terminal=162 completions=3 recycles=3 removals=3 returns=3 wall=219s
DONE ihdeadC7C6_east_def_101 rc=0 size=345805 248s ihdeadC7C6 east/default seed=101 rescued=1 dead=2 unreachable=1 never_detected=0 ff_deaths=2 terminal=112 completions=1 recycles=1 removals=1 returns=1 wall=247s
LAUNCH ihfix_east_half_303 running=4 free_kb=4647812 22:57:13
LAUNCH ihfix_east_half_404 running=5 free_kb=3802468 22:57:33
LAUNCH ihfix_east_half_505 running=6 free_kb=2973508 22:57:54
DONE ihdeadC7C6_east_def_303 rc=0 size=391539 280s ihdeadC7C6 east/default seed=303 rescued=3 dead=1 unreachable=0 never_detected=0 ff_deaths=0 terminal=125 completions=3 recycles=3 removals=3 returns=3 wall=279s
LAUNCH ihfix_south_half_101 running=7 free_kb=2977540 22:59:17
DONE ihfix_south_half_101 rc=0 size=391880 374s ihfix south/half seed=101 rescued=3 dead=1 unreachable=0 never_detected=0 ff_deaths=0 terminal=215 completions=3 recycles=3 removals=3 returns=3 wall=373s
DONE ihfix_east_half_303 rc=0 size=397978 527s ihfix east/half seed=303 rescued=2 dead=1 unreachable=1 never_detected=1 ff_deaths=0 terminal=210 completions=2 recycles=2 removals=2 returns=2 wall=526s
DONE ihfix_east_half_404 rc=0 size=397821 508s ihfix east/half seed=404 rescued=2 dead=2 unreachable=0 never_detected=0 ff_deaths=2 terminal=162 completions=2 recycles=2 removals=2 returns=2 wall=506s
DONE ihfix_east_half_505 rc=0 size=344431 491s ihfix east/half seed=505 rescued=4 dead=0 unreachable=0 never_detected=0 ff_deaths=1 terminal=173 completions=4 recycles=4 removals=4 returns=4 wall=490s
LAUNCH ihfix_south_half_202 running=3 free_kb=5411664 23:06:09
DONE ihfix_east_half_101 rc=0 size=402266 600s ihfix east/half seed=101 rescued=2 dead=1 unreachable=0 never_detected=0 ff_deaths=1 terminal=None completions=2 recycles=2 removals=2 returns=2 wall=599s
DONE ihfix_east_half_202 rc=0 size=337847 572s ihfix east/half seed=202 rescued=2 dead=1 unreachable=1 never_detected=1 ff_deaths=0 terminal=210 completions=2 recycles=2 removals=2 returns=2 wall=570s
LAUNCH ihfix_south_half_303 running=2 free_kb=6415600 23:06:30
LAUNCH ihfix_south_half_404 running=3 free_kb=5265180 23:06:50
LAUNCH ihfix_south_half_505 running=4 free_kb=4140984 23:07:11
LAUNCH ihfix_east_def_101 running=5 free_kb=3266768 23:07:32
DONE ihfix_south_half_303 rc=0 size=338355 243s ihfix south/half seed=303 rescued=4 dead=0 unreachable=0 never_detected=0 ff_deaths=1 terminal=210 completions=4 recycles=4 removals=4 returns=4 wall=242s
DONE ihfix_south_half_202 rc=0 size=356032 274s ihfix south/half seed=202 rescued=4 dead=0 unreachable=0 never_detected=0 ff_deaths=0 terminal=199 completions=4 recycles=4 removals=4 returns=4 wall=273s
LAUNCH ihfix_east_def_202 running=4 free_kb=4236188 23:10:45
LAUNCH ihfix_east_def_303 running=5 free_kb=3401124 23:11:05
DONE ihfix_east_def_101 rc=0 size=347592 242s ihfix east/default seed=101 rescued=1 dead=2 unreachable=1 never_detected=0 ff_deaths=2 terminal=110 completions=1 recycles=1 removals=1 returns=1 wall=241s
DONE ihfix_south_half_505 rc=0 size=338391 264s ihfix south/half seed=505 rescued=3 dead=1 unreachable=0 never_detected=0 ff_deaths=0 terminal=101 completions=3 recycles=3 removals=3 returns=3 wall=262s
LAUNCH ihbase_east_half_101 running=4 free_kb=4321204 23:11:42
LAUNCH ihbase_east_half_202 running=5 free_kb=3434524 23:12:02
DONE ihfix_south_half_404 rc=0 size=414282 377s ihfix south/half seed=404 rescued=4 dead=0 unreachable=0 never_detected=0 ff_deaths=0 terminal=191 completions=4 recycles=4 removals=4 returns=4 wall=376s
LAUNCH ihbase_east_half_303 running=5 free_kb=3552704 23:13:10
DONE ihfix_east_def_202 rc=0 size=315033 214s ihfix east/default seed=202 rescued=3 dead=1 unreachable=0 never_detected=0 ff_deaths=1 terminal=168 completions=3 recycles=3 removals=3 returns=3 wall=213s
LAUNCH ihbase_east_half_404 running=5 free_kb=3454372 23:14:33
DONE ihfix_east_def_303 rc=0 size=391084 289s ihfix east/default seed=303 rescued=3 dead=1 unreachable=0 never_detected=0 ff_deaths=0 terminal=125 completions=3 recycles=3 removals=3 returns=3 wall=287s
LAUNCH ihbase_east_half_505 running=5 free_kb=3506244 23:15:56
DONE ihbase_east_half_101 rc=0 size=404360 565s ihbase east/half seed=101 rescued=2 dead=1 unreachable=0 never_detected=0 ff_deaths=1 terminal=None completions=2 recycles=2 removals=2 returns=2 wall=564s
LAUNCH ihbase_south_half_101 running=5 free_kb=3479120 23:21:14
DONE ihbase_east_half_202 rc=0 size=337853 567s ihbase east/half seed=202 rescued=2 dead=1 unreachable=1 never_detected=1 ff_deaths=1 terminal=210 completions=2 recycles=2 removals=2 returns=2 wall=565s
LAUNCH ihbase_south_half_202 running=5 free_kb=3535640 23:21:35
DONE ihbase_east_half_404 rc=0 size=398844 507s ihbase east/half seed=404 rescued=2 dead=2 unreachable=0 never_detected=0 ff_deaths=1 terminal=162 completions=2 recycles=2 removals=2 returns=2 wall=505s
LAUNCH ihbase_south_half_303 running=5 free_kb=3538112 23:23:14
DONE ihbase_east_half_303 rc=0 size=408213 619s ihbase east/half seed=303 rescued=3 dead=1 unreachable=0 never_detected=0 ff_deaths=0 terminal=240 completions=3 recycles=2 removals=3 returns=2 wall=618s
LAUNCH ihbase_south_half_404 running=5 free_kb=3527368 23:23:34
DONE ihbase_east_half_505 rc=0 size=358660 522s ihbase east/half seed=505 rescued=2 dead=1 unreachable=0 never_detected=0 ff_deaths=0 terminal=None completions=2 recycles=2 removals=2 returns=2 wall=520s
LAUNCH ihbase_south_half_505 running=5 free_kb=3428224 23:24:42
DONE ihbase_south_half_202 rc=0 size=355832 274s ihbase south/half seed=202 rescued=4 dead=0 unreachable=0 never_detected=0 ff_deaths=0 terminal=202 completions=4 recycles=4 removals=4 returns=4 wall=272s
LAUNCH ihbase_east_def_101 running=5 free_kb=3476936 23:26:21
DONE ihbase_south_half_101 rc=0 size=425028 334s ihbase south/half seed=101 rescued=3 dead=0 unreachable=0 never_detected=0 ff_deaths=1 terminal=None completions=3 recycles=3 removals=3 returns=3 wall=332s
LAUNCH ihbase_east_def_202 running=5 free_kb=3562188 23:26:57
DONE ihbase_south_half_303 rc=0 size=355010 275s ihbase south/half seed=303 rescued=3 dead=1 unreachable=0 never_detected=0 ff_deaths=1 terminal=216 completions=3 recycles=3 removals=3 returns=3 wall=273s
LAUNCH ihbase_east_def_303 running=5 free_kb=3593480 23:27:49
DONE ihbase_south_half_404 rc=0 size=392764 290s ihbase south/half seed=404 rescued=4 dead=0 unreachable=0 never_detected=0 ff_deaths=0 terminal=119 completions=4 recycles=4 removals=4 returns=4 wall=288s
LAUNCH ihdeadC7_east_half_101 running=5 free_kb=3599088 23:28:26
DONE ihbase_south_half_505 rc=0 size=339249 270s ihbase south/half seed=505 rescued=3 dead=1 unreachable=0 never_detected=0 ff_deaths=0 terminal=108 completions=3 recycles=3 removals=3 returns=3 wall=268s
LAUNCH ihdeadC7_east_half_202 running=5 free_kb=3441136 23:29:18
LAUNCH ihdeadC7_east_half_303 running=6 free_kb=2822144 23:29:39
DONE ihbase_east_def_101 rc=0 size=348002 244s ihbase east/default seed=101 rescued=1 dead=2 unreachable=1 never_detected=0 ff_deaths=2 terminal=109 completions=1 recycles=1 removals=1 returns=1 wall=243s
DONE ihbase_east_def_202 rc=0 size=316593 219s ihbase east/default seed=202 rescued=3 dead=1 unreachable=0 never_detected=0 ff_deaths=1 terminal=171 completions=3 recycles=3 removals=3 returns=3 wall=217s
LAUNCH ihdeadC7_east_half_404 running=5 free_kb=3683472 23:30:46
LAUNCH ihdeadC7_east_half_505 running=6 free_kb=2821368 23:31:07
DONE ihbase_east_def_303 rc=0 size=391106 280s ihbase east/default seed=303 rescued=3 dead=1 unreachable=0 never_detected=0 ff_deaths=0 terminal=125 completions=3 recycles=3 removals=3 returns=3 wall=278s
LAUNCH ihdeadC7_south_half_101 running=6 free_kb=2829320 23:32:30
DONE ihdeadC7_east_half_202 rc=0 size=323714 492s ihdeadC7 east/half seed=202 rescued=3 dead=1 unreachable=0 never_detected=0 ff_deaths=1 terminal=163 completions=3 recycles=3 removals=3 returns=3 wall=491s
DONE ihdeadC7_east_half_101 rc=0 size=405239 598s ihdeadC7 east/half seed=101 rescued=2 dead=1 unreachable=0 never_detected=0 ff_deaths=1 terminal=None completions=2 recycles=2 removals=2 returns=2 wall=597s
DONE ihdeadC7_east_half_303 rc=0 size=403568 529s ihdeadC7 east/half seed=303 rescued=3 dead=1 unreachable=0 never_detected=0 ff_deaths=0 terminal=170 completions=3 recycles=3 removals=3 returns=3 wall=526s
LAUNCH ihdeadC7_south_half_202 running=4 free_kb=4566968 23:38:35
DONE ihdeadC7_south_half_101 rc=0 size=425577 366s ihdeadC7 south/half seed=101 rescued=3 dead=0 unreachable=0 never_detected=0 ff_deaths=1 terminal=None completions=3 recycles=3 removals=3 returns=3 wall=364s
LAUNCH ihdeadC7_south_half_303 running=4 free_kb=4607624 23:38:56
LAUNCH ihdeadC7_south_half_404 running=5 free_kb=3728884 23:39:17
DONE ihdeadC7_east_half_404 rc=0 size=398420 511s ihdeadC7 east/half seed=404 rescued=2 dead=2 unreachable=0 never_detected=0 ff_deaths=1 terminal=162 completions=2 recycles=2 removals=2 returns=2 wall=509s
LAUNCH ihdeadC7_south_half_505 running=5 free_kb=3779684 23:39:37
LAUNCH ihdeadC7_east_def_101 running=6 free_kb=2891720 23:39:58
DONE ihdeadC7_east_half_505 rc=0 size=362132 558s ihdeadC7 east/half seed=505 rescued=2 dead=1 unreachable=0 never_detected=0 ff_deaths=0 terminal=None completions=2 recycles=2 removals=2 returns=2 wall=557s
LAUNCH ihdeadC7_east_def_202 running=6 free_kb=2893768 23:40:34
DONE ihdeadC7_south_half_303 rc=0 size=356031 257s ihdeadC7 south/half seed=303 rescued=3 dead=1 unreachable=0 never_detected=0 ff_deaths=0 terminal=216 completions=3 recycles=3 removals=3 returns=3 wall=255s
DONE ihdeadC7_south_half_202 rc=0 size=356026 280s ihdeadC7 south/half seed=202 rescued=4 dead=0 unreachable=0 never_detected=0 ff_deaths=0 terminal=202 completions=4 recycles=4 removals=4 returns=4 wall=278s
LAUNCH ihdeadC7_east_def_303 running=5 free_kb=3725952 23:43:16
LAUNCH ihdeadC5_east_half_101 running=6 free_kb=2861860 23:43:37
DONE ihdeadC7_south_half_505 rc=0 size=337502 251s ihdeadC7 south/half seed=505 rescued=3 dead=1 unreachable=0 never_detected=0 ff_deaths=0 terminal=106 completions=3 recycles=3 removals=3 returns=3 wall=249s
DONE ihdeadC7_east_def_101 rc=0 size=344968 237s ihdeadC7 east/default seed=101 rescued=1 dead=2 unreachable=1 never_detected=0 ff_deaths=2 terminal=112 completions=1 recycles=1 removals=1 returns=1 wall=236s
LAUNCH ihdeadC5_east_half_202 running=5 free_kb=3688456 23:43:57
DONE ihdeadC7_south_half_404 rc=0 size=392407 288s ihdeadC7 south/half seed=404 rescued=4 dead=0 unreachable=0 never_detected=0 ff_deaths=0 terminal=119 completions=4 recycles=4 removals=4 returns=4 wall=286s
LAUNCH ihdeadC5_east_half_303 running=5 free_kb=3575380 23:44:18
DONE ihdeadC7_east_def_202 rc=0 size=329649 234s ihdeadC7 east/default seed=202 rescued=2 dead=1 unreachable=1 never_detected=1 ff_deaths=1 terminal=210 completions=2 recycles=2 removals=2 returns=2 wall=232s
LAUNCH ihdeadC5_east_half_404 running=5 free_kb=3567508 23:44:39
LAUNCH ihdeadC5_east_half_505 running=6 free_kb=2818508 23:46:33
DONE ihdeadC7_east_def_303 rc=0 size=391045 276s ihdeadC7 east/default seed=303 rescued=3 dead=1 unreachable=0 never_detected=0 ff_deaths=0 terminal=128 completions=3 recycles=3 removals=3 returns=3 wall=275s
LAUNCH ihdeadC5_south_half_101 running=6 free_kb=2864704 23:47:56
DONE ihdeadC5_east_half_404 rc=0 size=398290 485s ihdeadC5 east/half seed=404 rescued=2 dead=2 unreachable=0 never_detected=0 ff_deaths=2 terminal=162 completions=2 recycles=2 removals=2 returns=2 wall=484s
DONE ihdeadC5_south_half_101 rc=0 size=391822 290s ihdeadC5 south/half seed=101 rescued=3 dead=1 unreachable=0 never_detected=0 ff_deaths=0 terminal=215 completions=3 recycles=3 removals=3 returns=3 wall=288s
LAUNCH ihdeadC5_south_half_202 running=5 free_kb=3697468 23:52:59
DONE ihdeadC5_east_half_303 rc=0 size=398444 528s ihdeadC5 east/half seed=303 rescued=2 dead=1 unreachable=1 never_detected=1 ff_deaths=0 terminal=210 completions=2 recycles=2 removals=2 returns=2 wall=526s
LAUNCH ihdeadC5_south_half_303 running=5 free_kb=3693128 23:53:19
DONE ihdeadC5_east_half_202 rc=0 size=338312 578s ihdeadC5 east/half seed=202 rescued=2 dead=1 unreachable=1 never_detected=1 ff_deaths=0 terminal=210 completions=2 recycles=2 removals=2 returns=2 wall=576s
LAUNCH ihdeadC5_south_half_404 running=5 free_kb=3732328 23:53:40
DONE ihdeadC5_east_half_101 rc=0 size=402732 605s ihdeadC5 east/half seed=101 rescued=2 dead=1 unreachable=0 never_detected=0 ff_deaths=1 terminal=None completions=2 recycles=2 removals=2 returns=2 wall=603s
LAUNCH ihdeadC5_south_half_505 running=5 free_kb=3760712 23:54:01
DONE ihdeadC5_east_half_505 rc=0 size=344897 495s ihdeadC5 east/half seed=505 rescued=4 dead=0 unreachable=0 never_detected=0 ff_deaths=1 terminal=173 completions=4 recycles=4 removals=4 returns=4 wall=493s
LAUNCH ihdeadC5_east_def_101 running=5 free_kb=3580304 23:54:53
DONE ihdeadC5_south_half_202 rc=0 size=355840 247s ihdeadC5 south/half seed=202 rescued=4 dead=0 unreachable=0 never_detected=0 ff_deaths=0 terminal=193 completions=4 recycles=4 removals=4 returns=4 wall=246s
LAUNCH ihdeadC5_east_def_202 running=5 free_kb=3633444 23:57:18
DONE ihdeadC5_south_half_303 rc=0 size=356073 273s ihdeadC5 south/half seed=303 rescued=3 dead=1 unreachable=0 never_detected=0 ff_deaths=0 terminal=216 completions=3 recycles=3 removals=3 returns=3 wall=271s
LAUNCH ihdeadC5_east_def_303 running=5 free_kb=3680264 23:57:55
DONE ihdeadC5_south_half_505 rc=0 size=338997 272s ihdeadC5 south/half seed=505 rescued=3 dead=1 unreachable=0 never_detected=0 ff_deaths=0 terminal=102 completions=3 recycles=3 removals=3 returns=3 wall=270s
LAUNCH ihdeadC3_east_half_101 running=5 free_kb=3665068 23:58:47
DONE ihdeadC5_east_def_101 rc=0 size=347687 241s ihdeadC5 east/default seed=101 rescued=1 dead=2 unreachable=1 never_detected=0 ff_deaths=2 terminal=110 completions=1 recycles=1 removals=1 returns=1 wall=240s
LAUNCH ihdeadC3_east_half_202 running=5 free_kb=3680996 23:59:07
LAUNCH ihdeadC3_east_half_303 running=6 free_kb=2803028 23:59:28
DONE ihdeadC5_south_half_404 rc=0 size=414748 378s ihdeadC5 south/half seed=404 rescued=4 dead=0 unreachable=0 never_detected=0 ff_deaths=0 terminal=191 completions=4 recycles=4 removals=4 returns=4 wall=376s
DONE ihdeadC5_east_def_202 rc=0 size=315478 215s ihdeadC5 east/default seed=202 rescued=3 dead=1 unreachable=0 never_detected=0 ff_deaths=1 terminal=168 completions=3 recycles=3 removals=3 returns=3 wall=212s
LAUNCH ihdeadC3_east_half_404 running=5 free_kb=3591720 00:01:07
DONE ihdeadC5_east_def_303 rc=0 size=391455 273s ihdeadC5 east/default seed=303 rescued=3 dead=1 unreachable=0 never_detected=0 ff_deaths=0 terminal=125 completions=3 recycles=3 removals=3 returns=3 wall=272s
LAUNCH ihdeadC3_east_half_505 running=5 free_kb=3624012 00:02:30
DONE ihdeadC3_east_half_303 rc=0 size=398369 520s ihdeadC3 east/half seed=303 rescued=2 dead=1 unreachable=1 never_detected=1 ff_deaths=0 terminal=210 completions=2 recycles=2 removals=2 returns=2 wall=518s
LAUNCH ihdeadC3_south_half_101 running=5 free_kb=3616032 00:08:19
DONE ihdeadC3_east_half_101 rc=0 size=402657 589s ihdeadC3 east/half seed=101 rescued=2 dead=1 unreachable=0 never_detected=0 ff_deaths=1 terminal=None completions=2 recycles=2 removals=2 returns=2 wall=587s
DONE ihdeadC3_east_half_202 rc=0 size=338236 571s ihdeadC3 east/half seed=202 rescued=2 dead=1 unreachable=1 never_detected=1 ff_deaths=0 terminal=210 completions=2 recycles=2 removals=2 returns=2 wall=569s
LAUNCH ihdeadC3_south_half_202 running=4 free_kb=4525592 00:08:40
LAUNCH ihdeadC3_south_half_303 running=5 free_kb=3636780 00:09:00
DONE ihdeadC3_east_half_404 rc=0 size=398212 479s ihdeadC3 east/half seed=404 rescued=2 dead=2 unreachable=0 never_detected=0 ff_deaths=2 terminal=162 completions=2 recycles=2 removals=2 returns=2 wall=478s
LAUNCH ihdeadC3_south_half_404 running=5 free_kb=3632012 00:09:21
DONE ihdeadC3_east_half_505 rc=0 size=344822 481s ihdeadC3 east/half seed=505 rescued=4 dead=0 unreachable=0 never_detected=0 ff_deaths=1 terminal=173 completions=4 recycles=4 removals=4 returns=4 wall=479s
LAUNCH ihdeadC3_south_half_505 running=5 free_kb=3648256 00:10:44
DONE ihdeadC3_south_half_202 rc=0 size=356423 268s ihdeadC3 south/half seed=202 rescued=4 dead=0 unreachable=0 never_detected=0 ff_deaths=0 terminal=199 completions=4 recycles=4 removals=4 returns=4 wall=266s
DONE ihdeadC3_south_half_303 rc=0 size=338746 249s ihdeadC3 south/half seed=303 rescued=4 dead=0 unreachable=0 never_detected=0 ff_deaths=1 terminal=210 completions=4 recycles=4 removals=4 returns=4 wall=247s
LAUNCH ihdeadC3_east_def_101 running=4 free_kb=4568716 00:13:10
LAUNCH ihdeadC3_east_def_202 running=5 free_kb=3684412 00:13:31
LAUNCH ihdeadC3_east_def_303 running=6 free_kb=2809304 00:13:51
DONE ihdeadC3_south_half_101 rc=0 size=392271 363s ihdeadC3 south/half seed=101 rescued=3 dead=1 unreachable=0 never_detected=0 ff_deaths=0 terminal=215 completions=3 recycles=3 removals=3 returns=3 wall=361s
DONE ihdeadC3_south_half_505 rc=0 size=338782 264s ihdeadC3 south/half seed=505 rescued=3 dead=1 unreachable=0 never_detected=0 ff_deaths=0 terminal=101 completions=3 recycles=3 removals=3 returns=3 wall=262s
DONE ihdeadC3_south_half_404 rc=0 size=414673 383s ihdeadC3 south/half seed=404 rescued=4 dead=0 unreachable=0 never_detected=0 ff_deaths=0 terminal=191 completions=4 recycles=4 removals=4 returns=4 wall=381s
DONE ihdeadC3_east_def_202 rc=0 size=315424 210s ihdeadC3 east/default seed=202 rescued=3 dead=1 unreachable=0 never_detected=0 ff_deaths=1 terminal=168 completions=3 recycles=3 removals=3 returns=3 wall=209s
DONE ihdeadC3_east_def_101 rc=0 size=347983 234s ihdeadC3 east/default seed=101 rescued=1 dead=2 unreachable=1 never_detected=0 ff_deaths=2 terminal=110 completions=1 recycles=1 removals=1 returns=1 wall=233s
DONE ihdeadC3_east_def_303 rc=0 size=391475 268s ihdeadC3 east/default seed=303 rescued=3 dead=1 unreachable=0 never_detected=0 ff_deaths=0 terminal=125 completions=3 recycles=3 removals=3 returns=3 wall=266s
ALL_DIM_POOL_COMPLETE launched=78 skipped=0 2026-09-07 00:18:19
