POOL START 2026-09-07 00:59:44 queue=outputs/_ih_queue3.txt maxpar=8 minfree_kb=2800000 free_kb_now=2579452
LAUNCH ihoff_east_half_101 running=1 free_kb=3420968 01:23:30
LAUNCH ihoff_east_half_202 running=2 free_kb=3427168 01:28:01
LAUNCH ihoff_east_half_303 running=3 free_kb=3463900 01:28:53
DONE ihoff_east_half_101 rc=0 size=402350 588s ihoff east/half seed=101 rescued=2 dead=1 unreachable=0 never_detected=0 ff_deaths=1 terminal=None completions=2 recycles=2 removals=2 returns=2 wall=586s
LAUNCH ihoff_east_half_404 running=3 free_kb=3434952 01:33:23
LAUNCH ihoff_east_half_505 running=4 free_kb=3443972 01:35:49
DONE ihoff_east_half_303 rc=0 size=398062 527s ihoff east/half seed=303 rescued=2 dead=1 unreachable=1 never_detected=1 ff_deaths=0 terminal=210 completions=2 recycles=2 removals=2 returns=2 wall=526s
LAUNCH ihoff_south_half_101 running=4 free_kb=3482880 01:37:43
DONE ihoff_east_half_202 rc=0 size=337931 583s ihoff east/half seed=202 rescued=2 dead=1 unreachable=1 never_detected=1 ff_deaths=0 terminal=210 completions=2 recycles=2 removals=2 returns=2 wall=582s
LAUNCH ihoff_south_half_202 running=4 free_kb=3498356 01:38:04
DONE ihoff_east_half_404 rc=0 size=397905 480s ihoff east/half seed=404 rescued=2 dead=2 unreachable=0 never_detected=0 ff_deaths=2 terminal=162 completions=2 recycles=2 removals=2 returns=2 wall=478s
LAUNCH ihoff_south_half_303 running=4 free_kb=3421108 01:41:32
DONE ihoff_south_half_202 rc=0 size=356116 269s ihoff south/half seed=202 rescued=4 dead=0 unreachable=0 never_detected=0 ff_deaths=0 terminal=199 completions=4 recycles=4 removals=4 returns=4 wall=267s
LAUNCH ihoff_south_half_404 running=4 free_kb=3636852 01:42:40
LAUNCH ihoff_south_half_505 running=5 free_kb=2804668 01:43:32
DONE ihoff_south_half_101 rc=0 size=391964 361s ihoff south/half seed=101 rescued=3 dead=1 unreachable=0 never_detected=0 ff_deaths=0 terminal=215 completions=3 recycles=3 removals=3 returns=3 wall=359s
LAUNCH ihoff_east_def_101 running=5 free_kb=2829616 01:43:53
DONE ihoff_east_half_505 rc=0 size=344515 492s ihoff east/half seed=505 rescued=4 dead=0 unreachable=0 never_detected=0 ff_deaths=1 terminal=173 completions=4 recycles=4 removals=4 returns=4 wall=490s
LAUNCH ihoff_east_def_202 running=5 free_kb=2838888 01:44:13
DONE ihoff_south_half_303 rc=0 size=338439 241s ihoff south/half seed=303 rescued=4 dead=0 unreachable=0 never_detected=0 ff_deaths=1 terminal=210 completions=4 recycles=4 removals=4 returns=4 wall=239s
LAUNCH ihoff_east_def_303 running=5 free_kb=2832212 01:45:37
DONE ihoff_east_def_202 rc=0 size=315117 214s ihoff east/default seed=202 rescued=3 dead=1 unreachable=0 never_detected=0 ff_deaths=1 terminal=168 completions=3 recycles=3 removals=3 returns=3 wall=213s
DONE ihoff_south_half_505 rc=0 size=338475 265s ihoff south/half seed=505 rescued=3 dead=1 unreachable=0 never_detected=0 ff_deaths=0 terminal=101 completions=3 recycles=3 removals=3 returns=3 wall=263s
DONE ihoff_east_def_101 rc=0 size=347676 245s ihoff east/default seed=101 rescued=1 dead=2 unreachable=1 never_detected=0 ff_deaths=2 terminal=110 completions=1 recycles=1 removals=1 returns=1 wall=244s
LAUNCH ihrest99_east_half_101 running=3 free_kb=4595860 01:48:02
LAUNCH ihrest99_east_half_202 running=4 free_kb=3709716 01:48:23
LAUNCH ihrest99_east_half_303 running=5 free_kb=2830444 01:48:44
DONE ihoff_south_half_404 rc=0 size=414366 379s ihoff south/half seed=404 rescued=4 dead=0 unreachable=0 never_detected=0 ff_deaths=0 terminal=191 completions=4 recycles=4 removals=4 returns=4 wall=378s
LAUNCH ihrest99_east_half_404 running=5 free_kb=2821680 01:49:04
DONE ihoff_east_def_303 rc=0 size=391168 280s ihoff east/default seed=303 rescued=3 dead=1 unreachable=0 never_detected=0 ff_deaths=0 terminal=125 completions=3 recycles=3 removals=3 returns=3 wall=279s
LAUNCH ihrest99_east_half_505 running=5 free_kb=3669416 01:56:59
DONE ihrest99_east_half_404 rc=0 size=398994 507s ihrest99 east/half seed=404 rescued=2 dead=2 unreachable=0 never_detected=0 ff_deaths=1 terminal=162 completions=2 recycles=2 removals=2 returns=2 wall=505s
LAUNCH ihrest99_south_half_101 running=5 free_kb=3693524 01:57:35
DONE ihrest99_east_half_101 rc=0 size=404817 588s ihrest99 east/half seed=101 rescued=2 dead=1 unreachable=0 never_detected=0 ff_deaths=1 terminal=None completions=2 recycles=2 removals=2 returns=2 wall=586s
LAUNCH ihrest99_south_half_202 running=5 free_kb=3726560 01:57:55
LAUNCH ihrest99_south_half_303 running=6 free_kb=2844588 01:58:16
DONE ihrest99_east_half_303 rc=0 size=408064 626s ihrest99 east/half seed=303 rescued=3 dead=1 unreachable=0 never_detected=0 ff_deaths=0 terminal=240 completions=3 recycles=2 removals=3 returns=2 wall=625s
DONE ihrest99_east_half_202 rc=0 size=340395 650s ihrest99 east/half seed=202 rescued=2 dead=1 unreachable=1 never_detected=0 ff_deaths=1 terminal=237 completions=2 recycles=2 removals=2 returns=2 wall=649s
LAUNCH ihrest99_south_half_404 running=5 free_kb=3710080 01:59:24
LAUNCH ihrest99_south_half_505 running=6 free_kb=2827604 01:59:44
DONE ihrest99_south_half_202 rc=0 size=354897 247s ihrest99 south/half seed=202 rescued=4 dead=0 unreachable=0 never_detected=0 ff_deaths=0 terminal=193 completions=4 recycles=4 removals=4 returns=4 wall=245s
DONE ihrest99_south_half_303 rc=0 size=355081 273s ihrest99 south/half seed=303 rescued=3 dead=1 unreachable=0 never_detected=0 ff_deaths=1 terminal=216 completions=3 recycles=3 removals=3 returns=3 wall=271s
LAUNCH ihrest99_east_def_101 running=5 free_kb=3499336 02:02:57
DONE ihrest99_south_half_101 rc=0 size=425118 342s ihrest99 south/half seed=101 rescued=3 dead=0 unreachable=0 never_detected=0 ff_deaths=1 terminal=None completions=3 recycles=3 removals=3 returns=3 wall=341s
LAUNCH ihrest99_east_def_202 running=5 free_kb=3602140 02:03:18
DONE ihrest99_south_half_505 rc=0 size=339277 273s ihrest99 south/half seed=505 rescued=3 dead=1 unreachable=0 never_detected=0 ff_deaths=0 terminal=108 completions=3 recycles=3 removals=3 returns=3 wall=271s
LAUNCH ihrest99_east_def_303 running=5 free_kb=3629804 02:04:26
DONE ihrest99_south_half_404 rc=0 size=392902 303s ihrest99 south/half seed=404 rescued=4 dead=0 unreachable=0 never_detected=0 ff_deaths=0 terminal=141 completions=4 recycles=4 removals=4 returns=4 wall=302s
LAUNCH ihrest6_east_half_101 running=5 free_kb=3571800 02:04:46
DONE ihrest99_east_half_505 rc=0 size=358560 524s ihrest99 east/half seed=505 rescued=2 dead=1 unreachable=0 never_detected=0 ff_deaths=0 terminal=None completions=2 recycles=2 removals=2 returns=2 wall=523s
LAUNCH ihrest6_east_half_202 running=5 free_kb=3610140 02:05:54
LAUNCH ihrest6_east_half_303 running=6 free_kb=2816644 02:06:15
DONE ihrest99_east_def_202 rc=0 size=316390 214s ihrest99 east/default seed=202 rescued=3 dead=1 unreachable=0 never_detected=0 ff_deaths=1 terminal=162 completions=3 recycles=3 removals=3 returns=3 wall=212s
DONE ihrest99_east_def_101 rc=0 size=345294 242s ihrest99 east/default seed=101 rescued=1 dead=2 unreachable=1 never_detected=0 ff_deaths=2 terminal=112 completions=1 recycles=1 removals=1 returns=1 wall=240s
LAUNCH ihrest6_east_half_404 running=5 free_kb=3730236 02:07:07
LAUNCH ihrest6_east_half_505 running=6 free_kb=2852464 02:07:27
DONE ihrest99_east_def_303 rc=0 size=391027 275s ihrest99 east/default seed=303 rescued=3 dead=1 unreachable=0 never_detected=0 ff_deaths=0 terminal=125 completions=3 recycles=3 removals=3 returns=3 wall=274s
LAUNCH ihrest6_south_half_101 running=6 free_kb=2829172 02:09:06
DONE ihrest6_south_half_101 rc=0 size=390688 338s ihrest6 south/half seed=101 rescued=3 dead=1 unreachable=0 never_detected=0 ff_deaths=0 terminal=177 completions=3 recycles=3 removals=3 returns=3 wall=336s
DONE ihrest6_east_half_303 rc=0 size=398593 534s ihrest6 east/half seed=303 rescued=2 dead=1 unreachable=1 never_detected=1 ff_deaths=0 terminal=210 completions=2 recycles=2 removals=2 returns=2 wall=533s
DONE ihrest6_east_half_101 rc=0 size=403009 624s ihrest6 east/half seed=101 rescued=2 dead=1 unreachable=0 never_detected=0 ff_deaths=1 terminal=None completions=2 recycles=2 removals=2 returns=2 wall=622s
LAUNCH ihrest6_south_half_202 running=4 free_kb=4581176 02:15:11
DONE ihrest6_east_half_404 rc=0 size=397783 488s ihrest6 east/half seed=404 rescued=2 dead=2 unreachable=0 never_detected=0 ff_deaths=2 terminal=162 completions=2 recycles=2 removals=2 returns=2 wall=487s
DONE ihrest6_east_half_202 rc=0 size=337950 567s ihrest6 east/half seed=202 rescued=2 dead=1 unreachable=1 never_detected=1 ff_deaths=0 terminal=210 completions=2 recycles=2 removals=2 returns=2 wall=566s
LAUNCH ihrest6_south_half_303 running=3 free_kb=5495516 02:15:32
DONE ihrest6_east_half_505 rc=0 size=344668 485s ihrest6 east/half seed=505 rescued=4 dead=0 unreachable=0 never_detected=0 ff_deaths=1 terminal=173 completions=4 recycles=4 removals=4 returns=4 wall=483s
LAUNCH ihrest6_south_half_404 running=3 free_kb=5515204 02:15:52
LAUNCH ihrest6_south_half_505 running=4 free_kb=4631504 02:16:13
LAUNCH ihrest6_east_def_101 running=5 free_kb=3687236 02:16:34
LAUNCH ihrest6_east_def_202 running=6 free_kb=2830752 02:16:54
DONE ihrest6_south_half_303 rc=0 size=338664 241s ihrest6 south/half seed=303 rescued=4 dead=0 unreachable=0 never_detected=0 ff_deaths=1 terminal=210 completions=4 recycles=4 removals=4 returns=4 wall=240s
DONE ihrest6_south_half_202 rc=0 size=356129 266s ihrest6 south/half seed=202 rescued=4 dead=0 unreachable=0 never_detected=0 ff_deaths=0 terminal=199 completions=4 recycles=4 removals=4 returns=4 wall=264s
LAUNCH ihrest6_east_def_303 running=5 free_kb=3653836 02:19:51
DONE ihrest6_east_def_101 rc=0 size=347062 228s ihrest6 east/default seed=101 rescued=1 dead=2 unreachable=1 never_detected=0 ff_deaths=2 terminal=110 completions=1 recycles=1 removals=1 returns=1 wall=227s
DONE ihrest6_east_def_202 rc=0 size=315686 213s ihrest6 east/default seed=202 rescued=3 dead=1 unreachable=0 never_detected=0 ff_deaths=1 terminal=171 completions=3 recycles=3 removals=3 returns=3 wall=212s
LAUNCH ihrest99fresh_east_half_606 running=5 free_kb=4341296 02:20:28
DONE ihrest6_south_half_505 rc=0 size=338521 270s ihrest6 south/half seed=505 rescued=3 dead=1 unreachable=0 never_detected=0 ff_deaths=0 terminal=101 completions=3 recycles=3 removals=3 returns=3 wall=268s
LAUNCH ihrest99fresh_east_half_707 running=4 free_kb=4369160 02:20:48
LAUNCH ihrest99fresh_east_half_808 running=5 free_kb=3512516 02:21:09
DONE ihrest6_south_half_404 rc=0 size=414845 317s ihrest6 south/half seed=404 rescued=4 dead=0 unreachable=0 never_detected=0 ff_deaths=0 terminal=191 completions=4 recycles=4 removals=4 returns=4 wall=315s
LAUNCH ihrest99fresh_east_half_909 running=5 free_kb=3539224 02:21:30
LAUNCH ihrest99fresh_east_half_1010 running=6 free_kb=2804484 02:22:06
DONE ihrest99fresh_east_half_707 rc=0 size=242224 147s ihrest99fresh east/half seed=707 rescued=4 dead=0 unreachable=0 never_detected=0 ff_deaths=0 terminal=186 completions=4 recycles=4 removals=4 returns=4 wall=145s
LAUNCH ihrest99fresh_south_half_606 running=6 free_kb=2804940 02:24:00
DONE ihrest6_east_def_303 rc=0 size=391170 275s ihrest6 east/default seed=303 rescued=3 dead=1 unreachable=0 never_detected=0 ff_deaths=0 terminal=125 completions=3 recycles=3 removals=3 returns=3 wall=274s
LAUNCH ihrest99fresh_south_half_707 running=6 free_kb=2800268 02:24:52
DONE ihrest99fresh_south_half_606 rc=0 size=400461 299s ihrest99fresh south/half seed=606 rescued=2 dead=0 unreachable=1 never_detected=1 ff_deaths=0 terminal=None completions=2 recycles=2 removals=2 returns=2 wall=297s
DONE ihrest99fresh_east_half_808 rc=0 size=347736 508s ihrest99fresh east/half seed=808 rescued=3 dead=1 unreachable=0 never_detected=0 ff_deaths=0 terminal=173 completions=3 recycles=3 removals=3 returns=3 wall=507s
LAUNCH ihrest99fresh_south_half_808 running=5 free_kb=3607692 02:29:39
DONE ihrest99fresh_east_half_909 rc=0 size=368864 504s ihrest99fresh east/half seed=909 rescued=3 dead=0 unreachable=1 never_detected=0 ff_deaths=2 terminal=190 completions=3 recycles=3 removals=3 returns=3 wall=503s
LAUNCH ihrest99fresh_south_half_909 running=5 free_kb=3646204 02:30:00
DONE ihrest99fresh_south_half_707 rc=0 size=311561 310s ihrest99fresh south/half seed=707 rescued=4 dead=0 unreachable=0 never_detected=0 ff_deaths=0 terminal=163 completions=4 recycles=4 removals=4 returns=4 wall=308s
DONE ihrest99fresh_east_half_606 rc=0 size=347836 588s ihrest99fresh east/half seed=606 rescued=3 dead=1 unreachable=0 never_detected=0 ff_deaths=1 terminal=212 completions=3 recycles=3 removals=3 returns=3 wall=587s
LAUNCH ihrest99fresh_south_half_1010 running=4 free_kb=4378804 02:30:20
LAUNCH ihrest6fresh_east_half_606 running=5 free_kb=3511524 02:30:41
DONE ihrest99fresh_east_half_1010 rc=0 size=390530 588s ihrest99fresh east/half seed=1010 rescued=1 dead=2 unreachable=0 never_detected=0 ff_deaths=1 terminal=None completions=1 recycles=1 removals=1 returns=1 wall=587s
LAUNCH ihrest6fresh_east_half_707 running=5 free_kb=3488356 02:32:04
DONE ihrest6fresh_east_half_707 rc=0 size=241215 140s ihrest6fresh east/half seed=707 rescued=4 dead=0 unreachable=0 never_detected=0 ff_deaths=0 terminal=175 completions=4 recycles=4 removals=4 returns=4 wall=139s
LAUNCH ihrest6fresh_east_half_808 running=5 free_kb=3571956 02:34:30
DONE ihrest99fresh_south_half_909 rc=0 size=392779 272s ihrest99fresh south/half seed=909 rescued=3 dead=0 unreachable=0 never_detected=0 ff_deaths=1 terminal=None completions=3 recycles=3 removals=3 returns=3 wall=271s
LAUNCH ihrest6fresh_east_half_909 running=5 free_kb=3603372 02:34:50
DONE ihrest99fresh_south_half_808 rc=0 size=343071 315s ihrest99fresh south/half seed=808 rescued=4 dead=0 unreachable=0 never_detected=0 ff_deaths=1 terminal=115 completions=4 recycles=4 removals=4 returns=4 wall=313s
LAUNCH ihrest6fresh_east_half_1010 running=5 free_kb=3621464 02:35:11
DONE ihrest99fresh_south_half_1010 rc=0 size=365977 320s ihrest99fresh south/half seed=1010 rescued=2 dead=0 unreachable=0 never_detected=0 ff_deaths=1 terminal=None completions=2 recycles=2 removals=2 returns=2 wall=318s
LAUNCH ihrest6fresh_south_half_606 running=5 free_kb=3629956 02:35:47
DONE ihrest6fresh_east_half_606 rc=0 size=345619 429s ihrest6fresh east/half seed=606 rescued=1 dead=1 unreachable=2 never_detected=0 ff_deaths=1 terminal=123 completions=1 recycles=1 removals=1 returns=1 wall=427s
LAUNCH ihrest6fresh_south_half_707 running=5 free_kb=3601728 02:37:58
DONE ihrest6fresh_south_half_606 rc=0 size=389759 316s ihrest6fresh south/half seed=606 rescued=3 dead=1 unreachable=0 never_detected=0 ff_deaths=1 terminal=150 completions=3 recycles=3 removals=3 returns=3 wall=314s
LAUNCH ihrest6fresh_south_half_808 running=5 free_kb=3441564 02:41:10
DONE ihrest6fresh_east_half_808 rc=0 size=347901 468s ihrest6fresh east/half seed=808 rescued=3 dead=1 unreachable=0 never_detected=0 ff_deaths=0 terminal=173 completions=3 recycles=3 removals=3 returns=3 wall=467s
LAUNCH ihrest6fresh_south_half_909 running=5 free_kb=3440844 02:42:34
DONE ihrest6fresh_east_half_909 rc=0 size=389780 499s ihrest6fresh east/half seed=909 rescued=3 dead=1 unreachable=0 never_detected=0 ff_deaths=1 terminal=189 completions=3 recycles=3 removals=3 returns=3 wall=497s
LAUNCH ihrest6fresh_south_half_1010 running=5 free_kb=3468704 02:43:10
DONE ihrest6fresh_south_half_707 rc=0 size=333560 326s ihrest6fresh south/half seed=707 rescued=3 dead=1 unreachable=0 never_detected=0 ff_deaths=0 terminal=198 completions=3 recycles=3 removals=3 returns=3 wall=325s
LAUNCH ihofffresh_east_half_606 running=5 free_kb=3536252 02:43:30
DONE ihrest6fresh_east_half_1010 rc=0 size=389553 578s ihrest6fresh east/half seed=1010 rescued=1 dead=2 unreachable=0 never_detected=0 ff_deaths=1 terminal=None completions=1 recycles=1 removals=1 returns=1 wall=576s
LAUNCH ihofffresh_east_half_707 running=5 free_kb=3587788 02:44:54
DONE ihrest6fresh_south_half_808 rc=0 size=343862 323s ihrest6fresh south/half seed=808 rescued=4 dead=0 unreachable=0 never_detected=0 ff_deaths=1 terminal=134 completions=4 recycles=4 removals=4 returns=4 wall=321s
LAUNCH ihofffresh_east_half_808 running=5 free_kb=3583992 02:46:48
DONE ihofffresh_east_half_707 rc=0 size=241213 138s ihofffresh east/half seed=707 rescued=4 dead=0 unreachable=0 never_detected=0 ff_deaths=0 terminal=175 completions=4 recycles=4 removals=4 returns=4 wall=137s
DONE ihrest6fresh_south_half_909 rc=0 size=394567 284s ihrest6fresh south/half seed=909 rescued=3 dead=0 unreachable=0 never_detected=0 ff_deaths=1 terminal=None completions=3 recycles=3 removals=3 returns=3 wall=282s
LAUNCH ihofffresh_east_half_909 running=4 free_kb=4512296 02:47:24
LAUNCH ihofffresh_east_half_1010 running=5 free_kb=3628108 02:47:45
DONE ihrest6fresh_south_half_1010 rc=0 size=371504 316s ihrest6fresh south/half seed=1010 rescued=2 dead=1 unreachable=1 never_detected=0 ff_deaths=2 terminal=201 completions=2 recycles=2 removals=2 returns=2 wall=314s
LAUNCH ihofffresh_south_half_606 running=5 free_kb=3582880 02:48:37
DONE ihofffresh_east_half_606 rc=0 size=345664 434s ihofffresh east/half seed=606 rescued=1 dead=1 unreachable=2 never_detected=0 ff_deaths=1 terminal=123 completions=1 recycles=1 removals=1 returns=1 wall=432s
LAUNCH ihofffresh_south_half_707 running=5 free_kb=3452752 02:50:47
DONE ihofffresh_south_half_606 rc=0 size=390084 327s ihofffresh south/half seed=606 rescued=3 dead=1 unreachable=0 never_detected=0 ff_deaths=1 terminal=165 completions=3 recycles=3 removals=3 returns=3 wall=326s
LAUNCH ihofffresh_south_half_808 running=5 free_kb=3410512 02:54:16
DONE ihofffresh_east_half_808 rc=0 size=347041 494s ihofffresh east/half seed=808 rescued=3 dead=1 unreachable=0 never_detected=0 ff_deaths=0 terminal=173 completions=3 recycles=3 removals=3 returns=3 wall=492s
LAUNCH ihofffresh_south_half_909 running=5 free_kb=3524232 02:55:08
DONE ihofffresh_east_half_909 rc=0 size=389646 497s ihofffresh east/half seed=909 rescued=3 dead=1 unreachable=0 never_detected=0 ff_deaths=1 terminal=189 completions=3 recycles=3 removals=3 returns=3 wall=495s
LAUNCH ihofffresh_south_half_1010 running=5 free_kb=3564360 02:55:44
DONE ihofffresh_south_half_707 rc=0 size=333341 350s ihofffresh south/half seed=707 rescued=3 dead=1 unreachable=0 never_detected=0 ff_deaths=0 terminal=198 completions=3 recycles=3 removals=3 returns=3 wall=349s
LAUNCH ihbasefresh_east_half_606 running=5 free_kb=3552452 02:56:51
DONE ihofffresh_east_half_1010 rc=0 size=389351 572s ihofffresh east/half seed=1010 rescued=1 dead=2 unreachable=0 never_detected=0 ff_deaths=1 terminal=None completions=1 recycles=1 removals=1 returns=1 wall=570s
LAUNCH ihbasefresh_east_half_707 running=5 free_kb=3598312 02:57:28
DONE ihbasefresh_east_half_707 rc=0 size=242373 145s ihbasefresh east/half seed=707 rescued=4 dead=0 unreachable=0 never_detected=0 ff_deaths=0 terminal=186 completions=4 recycles=4 removals=4 returns=4 wall=144s
LAUNCH ihbasefresh_east_half_808 running=6 free_kb=3551128 02:59:53
DONE ihofffresh_south_half_1010 rc=0 size=369572 254s ihofffresh south/half seed=1010 rescued=3 dead=1 unreachable=0 never_detected=0 ff_deaths=1 terminal=158 completions=3 recycles=3 removals=3 returns=3 wall=253s
LAUNCH ihbasefresh_east_half_909 running=5 free_kb=3428884 03:00:14
DONE ihofffresh_south_half_909 rc=0 size=394784 367s ihofffresh south/half seed=909 rescued=3 dead=0 unreachable=0 never_detected=0 ff_deaths=1 terminal=None completions=3 recycles=3 removals=3 returns=3 wall=366s
LAUNCH ihbasefresh_east_half_1010 running=5 free_kb=3442756 03:01:22
DONE ihofffresh_south_half_808 rc=0 size=363357 477s ihofffresh south/half seed=808 rescued=3 dead=0 unreachable=0 never_detected=0 ff_deaths=1 terminal=None completions=3 recycles=3 removals=3 returns=3 wall=476s
LAUNCH ihbasefresh_south_half_606 running=6 free_kb=3550632 03:02:14
DONE ihbasefresh_east_half_606 rc=0 size=347020 451s ihbasefresh east/half seed=606 rescued=1 dead=1 unreachable=2 never_detected=0 ff_deaths=2 terminal=125 completions=1 recycles=1 removals=1 returns=1 wall=449s
LAUNCH ihbasefresh_south_half_707 running=5 free_kb=3582248 03:04:24
DONE ihbasefresh_south_half_606 rc=0 size=400505 285s ihbasefresh south/half seed=606 rescued=2 dead=0 unreachable=1 never_detected=1 ff_deaths=0 terminal=None completions=2 recycles=2 removals=2 returns=2 wall=283s
LAUNCH ihbasefresh_south_half_808 running=5 free_kb=3445488 03:07:05
DONE ihbasefresh_east_half_808 rc=0 size=347279 465s ihbasefresh east/half seed=808 rescued=3 dead=1 unreachable=0 never_detected=0 ff_deaths=0 terminal=173 completions=3 recycles=3 removals=3 returns=3 wall=463s
LAUNCH ihbasefresh_south_half_909 running=5 free_kb=3531836 03:07:41
DONE ihbasefresh_east_half_1010 rc=0 size=378331 423s ihbasefresh east/half seed=1010 rescued=1 dead=1 unreachable=2 never_detected=0 ff_deaths=1 terminal=112 completions=1 recycles=1 removals=1 returns=1 wall=421s
DONE ihbasefresh_east_half_909 rc=0 size=368653 491s ihbasefresh east/half seed=909 rescued=3 dead=0 unreachable=1 never_detected=0 ff_deaths=2 terminal=190 completions=3 recycles=3 removals=3 returns=3 wall=489s
LAUNCH ihbasefresh_south_half_1010 running=4 free_kb=4445688 03:08:33
LAUNCH ihrbx222_east_half_222 running=5 free_kb=3613960 03:08:54
DONE ihbasefresh_south_half_707 rc=0 size=311710 304s ihbasefresh south/half seed=707 rescued=4 dead=0 unreachable=0 never_detected=0 ff_deaths=0 terminal=163 completions=4 recycles=4 removals=4 returns=4 wall=303s
LAUNCH ihrbx222off_east_half_222 running=5 free_kb=3596876 03:09:30
DONE ihbasefresh_south_half_808 rc=0 size=343850 308s ihbasefresh south/half seed=808 rescued=4 dead=0 unreachable=0 never_detected=0 ff_deaths=1 terminal=134 completions=4 recycles=4 removals=4 returns=4 wall=307s
DONE ihbasefresh_south_half_909 rc=0 size=394380 285s ihbasefresh south/half seed=909 rescued=3 dead=0 unreachable=0 never_detected=0 ff_deaths=1 terminal=None completions=3 recycles=3 removals=3 returns=3 wall=283s
LAUNCH ihrbx222base_east_half_222 running=4 free_kb=4445544 03:12:27
DONE ihbasefresh_south_half_1010 rc=0 size=366126 318s ihbasefresh south/half seed=1010 rescued=2 dead=0 unreachable=0 never_detected=0 ff_deaths=1 terminal=None completions=2 recycles=2 removals=2 returns=2 wall=317s
DONE ihrbx222off_east_half_222 rc=0 size=351564 518s ihrbx222off east/half seed=222 rescued=4 dead=0 unreachable=0 never_detected=0 ff_deaths=1 terminal=186 completions=4 recycles=4 removals=4 returns=4 wall=517s
DONE ihrbx222_east_half_222 rc=0 size=367545 602s ihrbx222 east/half seed=222 rescued=2 dead=0 unreachable=1 never_detected=1 ff_deaths=0 terminal=None completions=2 recycles=2 removals=2 returns=2 wall=600s
DONE ihrbx222base_east_half_222 rc=0 size=352036 511s ihrbx222base east/half seed=222 rescued=4 dead=0 unreachable=0 never_detected=0 ff_deaths=1 terminal=186 completions=4 recycles=4 removals=4 returns=4 wall=509s
ALL_DIM_POOL_COMPLETE launched=82 skipped=0 2026-09-07 03:20:58
