OK   fs_1111_hardlc rc=0 185090 bytes
OK   fs_1111_none rc=0 219284 bytes
OK   fs_2222_hardlc rc=0 191220 bytes
OK   fs_2222_none rc=0 215466 bytes
OK   fh_2222_none rc=0 222730 bytes
OK   fh_2222_hardlc rc=0 195445 bytes
OK   fh_3333_none rc=0 175890 bytes
OK   fs_3333_none rc=0 178076 bytes
OK   fs_3333_hardlc rc=0 163107 bytes
OK   fh_1111_none rc=0 178304 bytes
OK   fh_1111_hardlc rc=0 160303 bytes
OK   fs_4444_none rc=0 181565 bytes
OK   fh_3333_hardlc rc=0 164344 bytes
OK   fs_4444_hardlc rc=0 172123 bytes
OK   fh_4444_none rc=0 171981 bytes
OK   fs_5555_none rc=0 219842 bytes
OK   fs_5555_hardlc rc=0 185760 bytes
OK   fh_5555_none rc=0 222027 bytes
OK   fh_5555_hardlc rc=0 188161 bytes
OK   fh_4444_hardlc rc=0 159261 bytes
ALL_FRESH_JOBS_FINISHED
