OK   ed_202_keeplc rc=0 230639 bytes
OK   ed_202_none rc=0 259663 bytes
OK   ed_101_keeplc rc=0 179877 bytes
OK   ed_101_none rc=0 189478 bytes
OK   ed_303_keeplc rc=0 228243 bytes
OK   ed_303_none rc=0 257280 bytes
OK   eh_101_keeplc rc=0 169354 bytes
OK   eh_101_none rc=0 175732 bytes
OK   eh_202_none rc=0 235404 bytes
OK   eh_303_none rc=0 261312 bytes
OK   eh_303_keeplc rc=0 228939 bytes
OK   eh_404_none rc=0 169737 bytes
OK   eh_404_keeplc rc=0 153788 bytes
OK   eh_505_none rc=0 244660 bytes
OK   eh_202_keeplc rc=0 203264 bytes
OK   sh_101_none rc=0 232870 bytes
OK   sh_101_keeplc rc=0 219065 bytes
OK   sh_303_none rc=0 237910 bytes
OK   sh_303_keeplc rc=0 207831 bytes
OK   sh_202_none rc=0 225734 bytes
OK   sh_202_keeplc rc=0 192480 bytes
OK   eh_505_keeplc rc=0 219523 bytes
OK   sh_404_none rc=0 181407 bytes
OK   sh_404_keeplc rc=0 165112 bytes
OK   sh_505_none rc=0 237521 bytes
OK   sh_505_keeplc rc=0 205080 bytes
ALL_JOBS_FINISHED
