2026-10-05 01:14:35 START E:\Projects\SAS_wt\istrue\outputs\_ist3_q.jsonl 384 runs maxpar=10 min_free=4.0
2026-10-05 01:17:35 LAUNCH ist3_B_000_CUR_r_AN pid=14640 free=4.6GB running=1
2026-10-05 01:18:37 LAUNCH ist3_F1_000_CUR_r_AN pid=44948 free=4.7GB running=2
2026-10-05 01:28:20 DONE ist3_B_000_CUR_r_AN rc=0 645s
2026-10-05 01:28:20 LAUNCH ist3_F12_000_CUR_r_AN pid=51776 free=4.6GB running=2
2026-10-05 01:29:22 DONE ist3_F1_000_CUR_r_AN rc=0 645s
2026-10-05 01:29:22 LAUNCH ist3_K_000_CUR_r_AN pid=46832 free=4.6GB running=2
2026-10-05 01:38:49 DONE ist3_F12_000_CUR_r_AN rc=0 629s
2026-10-05 01:38:49 LAUNCH ist3_B_001_CUR_r_BS pid=53660 free=4.7GB running=2
2026-10-05 01:39:56 DONE ist3_K_000_CUR_r_AN rc=0 634s
2026-10-05 01:39:56 LAUNCH ist3_F1_001_CUR_r_BS pid=13580 free=4.7GB running=2
2026-10-05 01:46:09 DONE ist3_B_001_CUR_r_BS rc=0 439s
2026-10-05 01:46:09 LAUNCH ist3_F12_001_CUR_r_BS pid=40252 free=4.7GB running=2
2026-10-05 01:47:01 DONE ist3_F1_001_CUR_r_BS rc=0 424s
2026-10-05 01:47:01 LAUNCH ist3_B_002_CUR_r_CE pid=51408 free=4.7GB running=2
2026-10-05 01:53:28 DONE ist3_F12_001_CUR_r_BS rc=0 440s
2026-10-05 01:53:28 LAUNCH ist3_F1_002_CUR_r_CE pid=47772 free=4.6GB running=2
2026-10-05 02:08:21 LAUNCH ist3_F12_002_CUR_r_CE pid=46124 free=4.7GB running=3
2026-10-05 02:10:28 DONE ist3_B_002_CUR_r_CE rc=0 1408s
2026-10-05 02:16:44 DONE ist3_F1_002_CUR_r_CE rc=0 1395s
2026-10-05 02:16:44 LAUNCH ist3_B_003_CUR_r_DW pid=12620 free=4.8GB running=2
2026-10-05 02:19:11 LAUNCH ist3_F1_003_CUR_r_DW pid=40260 free=4.0GB running=3
2026-10-05 02:27:18 DONE ist3_B_003_CUR_r_DW rc=0 635s
2026-10-05 02:29:39 DONE ist3_F1_003_CUR_r_DW rc=0 628s
2026-10-05 02:29:39 LAUNCH ist3_F12_003_CUR_r_DW pid=51020 free=4.8GB running=2
2026-10-05 02:30:41 DONE ist3_F12_002_CUR_r_CE rc=0 1339s
2026-10-05 02:30:41 LAUNCH ist3_B_004_CUR_u_BN pid=14572 free=4.8GB running=2
2026-10-05 02:38:48 DONE ist3_B_004_CUR_u_BN rc=0 488s
2026-10-05 02:38:48 LAUNCH ist3_F1_004_CUR_u_BN pid=41056 free=4.8GB running=2
2026-10-05 02:39:05 LAUNCH ist3_F12_004_CUR_u_BN pid=46512 free=4.0GB running=3
2026-10-05 02:39:57 DONE ist3_F12_003_CUR_r_DW rc=0 619s
2026-10-05 02:40:42 LAUNCH ist3_B_005_CUR_u_CS pid=20500 free=4.0GB running=3
2026-10-05 02:47:00 DONE ist3_F1_004_CUR_u_BN rc=0 492s
2026-10-05 02:47:05 LAUNCH ist3_F1_005_CUR_u_CS pid=10524 free=4.0GB running=3
2026-10-05 02:47:37 DONE ist3_F12_004_CUR_u_BN rc=0 512s
2026-10-05 02:47:37 LAUNCH ist3_F12_005_CUR_u_CS pid=39124 free=4.1GB running=3
2026-10-05 02:50:14 DONE ist3_B_005_CUR_u_CS rc=0 572s
2026-10-05 02:50:14 LAUNCH ist3_B_006_CUR_u_DE pid=30912 free=4.0GB running=3
2026-10-05 02:56:21 DONE ist3_F1_005_CUR_u_CS rc=0 557s
2026-10-05 02:56:21 LAUNCH ist3_F1_006_CUR_u_DE pid=1560 free=4.0GB running=3
2026-10-05 02:56:53 DONE ist3_F12_005_CUR_u_CS rc=0 557s
2026-10-05 02:56:53 LAUNCH ist3_F12_006_CUR_u_DE pid=48560 free=4.0GB running=3
2026-10-05 03:00:11 DONE ist3_B_006_CUR_u_DE rc=0 597s
2026-10-05 03:03:11 LAUNCH ist3_B_007_CUR_u_AW pid=52204 free=4.0GB running=3
2026-10-05 03:05:58 DONE ist3_F1_006_CUR_u_DE rc=0 577s
2026-10-05 03:06:03 LAUNCH ist3_F1_007_CUR_u_AW pid=53752 free=4.0GB running=3
2026-10-05 03:07:00 DONE ist3_F12_006_CUR_u_DE rc=0 607s
2026-10-05 03:07:00 LAUNCH ist3_F12_007_CUR_u_AW pid=45068 free=4.0GB running=3
2026-10-05 03:12:07 DONE ist3_B_007_CUR_u_AW rc=0 537s
2026-10-05 03:12:07 LAUNCH ist3_B_008_LO_r_BN pid=47028 free=4.1GB running=3
2026-10-05 03:15:00 DONE ist3_F1_007_CUR_u_AW rc=0 537s
2026-10-05 03:15:50 LAUNCH ist3_F1_008_LO_r_BN pid=46812 free=4.0GB running=3
2026-10-05 03:15:52 LAUNCH ist3_F12_008_LO_r_BN pid=52292 free=4.0GB running=4
2026-10-05 03:15:59 DONE ist3_F12_007_CUR_u_AW rc=0 539s
2026-10-05 03:18:34 DONE ist3_B_008_LO_r_BN rc=0 386s
2026-10-05 03:20:34 LAUNCH ist3_B_009_LO_r_CS pid=47024 free=4.0GB running=3
2026-10-05 03:22:11 DONE ist3_F12_008_LO_r_BN rc=0 380s
2026-10-05 03:22:11 LAUNCH ist3_F1_009_LO_r_CS pid=42576 free=4.1GB running=3
2026-10-05 03:22:18 DONE ist3_F1_008_LO_r_BN rc=0 389s
2026-10-05 03:22:18 LAUNCH ist3_F12_009_LO_r_CS pid=50780 free=4.1GB running=3
2026-10-05 03:24:40 LAUNCH ist3_B_010_LO_r_DE pid=54524 free=4.1GB running=4
2026-10-05 03:27:17 DONE ist3_B_009_LO_r_CS rc=0 403s
2026-10-05 03:27:17 LAUNCH ist3_F1_010_LO_r_DE pid=46512 free=4.1GB running=4
2026-10-05 03:28:55 DONE ist3_F1_009_LO_r_CS rc=0 404s
2026-10-05 03:28:55 LAUNCH ist3_F12_010_LO_r_DE pid=44220 free=4.0GB running=4
2026-10-05 03:29:07 DONE ist3_F12_009_LO_r_CS rc=0 409s
2026-10-05 03:29:07 LAUNCH ist3_B_011_LO_r_AW pid=32236 free=4.1GB running=4
2026-10-05 03:36:59 DONE ist3_B_011_LO_r_AW rc=0 472s
2026-10-05 03:36:59 LAUNCH ist3_F1_011_LO_r_AW pid=33904 free=4.1GB running=4
2026-10-05 03:44:32 DONE ist3_F1_011_LO_r_AW rc=0 452s
2026-10-05 03:44:37 LAUNCH ist3_F12_011_LO_r_AW pid=53760 free=4.0GB running=4
2026-10-05 03:46:36 DONE ist3_B_010_LO_r_DE rc=0 1316s
2026-10-05 03:46:36 LAUNCH ist3_B_012_LO_u_CN pid=50908 free=4.1GB running=4
2026-10-05 03:49:38 DONE ist3_F1_010_LO_r_DE rc=0 1341s
2026-10-05 03:50:14 DONE ist3_F12_010_LO_r_DE rc=0 1279s
2026-10-05 03:50:14 LAUNCH ist3_F1_012_LO_u_CN pid=45624 free=4.8GB running=3
2026-10-05 03:50:16 LAUNCH ist3_F12_012_LO_u_CN pid=49016 free=4.0GB running=4
2026-10-05 03:52:28 DONE ist3_F12_011_LO_r_AW rc=0 471s
2026-10-05 03:52:28 LAUNCH ist3_B_013_LO_u_DS pid=4632 free=4.1GB running=4
2026-10-05 03:55:00 DONE ist3_B_012_LO_u_CN rc=0 504s
2026-10-05 03:55:05 LAUNCH ist3_F1_013_LO_u_DS pid=45224 free=4.0GB running=4
2026-10-05 03:58:32 DONE ist3_F12_012_LO_u_CN rc=0 497s
2026-10-05 03:58:32 LAUNCH ist3_F12_013_LO_u_DS pid=54996 free=4.1GB running=4
2026-10-05 03:58:44 DONE ist3_F1_012_LO_u_CN rc=0 511s
2026-10-05 03:58:44 LAUNCH ist3_B_014_LO_u_AE pid=52972 free=4.1GB running=4
2026-10-05 04:01:01 DONE ist3_B_013_LO_u_DS rc=0 514s
2026-10-05 04:01:06 LAUNCH ist3_F1_014_LO_u_AE pid=26932 free=4.0GB running=4
2026-10-05 04:03:39 DONE ist3_F1_013_LO_u_DS rc=0 514s
2026-10-05 04:06:04 LAUNCH ist3_F12_014_LO_u_AE pid=46204 free=4.0GB running=4
2026-10-05 04:06:16 DONE ist3_B_014_LO_u_AE rc=0 452s
2026-10-05 04:06:16 LAUNCH ist3_B_015_LO_u_BW pid=53212 free=4.0GB running=4
2026-10-05 04:07:13 DONE ist3_F12_013_LO_u_DS rc=0 521s
2026-10-05 04:07:13 LAUNCH ist3_F1_015_LO_u_BW pid=43560 free=4.1GB running=4
2026-10-05 04:08:20 DONE ist3_F1_014_LO_u_AE rc=0 434s
2026-10-05 04:08:20 LAUNCH ist3_F12_015_LO_u_BW pid=26608 free=4.1GB running=4
2026-10-05 04:08:27 LAUNCH ist3_K_015_LO_u_BW pid=53964 free=4.1GB running=5
2026-10-05 04:13:49 DONE ist3_F12_014_LO_u_AE rc=0 466s
2026-10-05 04:17:15 DONE ist3_B_015_LO_u_BW rc=0 659s
2026-10-05 04:17:15 LAUNCH ist3_B_016_BD_r_CN pid=54352 free=4.1GB running=4
2026-10-05 04:18:17 DONE ist3_F1_015_LO_u_BW rc=0 664s
2026-10-05 04:18:17 LAUNCH ist3_F1_016_BD_r_CN pid=42928 free=4.1GB running=4
2026-10-05 04:19:09 DONE ist3_K_015_LO_u_BW rc=0 642s
2026-10-05 04:19:09 LAUNCH ist3_F12_016_BD_r_CN pid=648 free=4.0GB running=4
2026-10-05 04:19:21 DONE ist3_F12_015_LO_u_BW rc=0 661s
2026-10-05 04:19:21 LAUNCH ist3_K_016_BD_r_CN pid=53336 free=4.0GB running=4
2026-10-05 04:24:28 DONE ist3_B_016_BD_r_CN rc=0 434s
2026-10-05 04:25:48 DONE ist3_F1_016_BD_r_CN rc=0 452s
2026-10-05 04:25:48 LAUNCH ist3_B_017_BD_r_DS pid=19332 free=4.8GB running=3
2026-10-05 04:25:50 LAUNCH ist3_F1_017_BD_r_DS pid=33736 free=4.0GB running=4
2026-10-05 04:26:37 DONE ist3_F12_016_BD_r_CN rc=0 449s
2026-10-05 04:26:37 LAUNCH ist3_F12_017_BD_r_DS pid=39292 free=4.1GB running=4
2026-10-05 04:26:49 DONE ist3_K_016_BD_r_CN rc=0 449s
2026-10-05 04:26:49 LAUNCH ist3_B_018_BD_r_AE pid=39896 free=4.1GB running=4
2026-10-05 04:34:27 DONE ist3_B_018_BD_r_AE rc=0 457s
2026-10-05 04:34:57 DONE ist3_B_017_BD_r_DS rc=0 549s
2026-10-05 04:34:57 LAUNCH ist3_F1_018_BD_r_AE pid=4004 free=4.8GB running=3
2026-10-05 04:35:04 LAUNCH ist3_F12_018_BD_r_AE pid=54332 free=4.0GB running=4
2026-10-05 04:35:11 DONE ist3_F1_017_BD_r_DS rc=0 561s
2026-10-05 04:35:11 LAUNCH ist3_B_019_BD_r_BW pid=54916 free=4.1GB running=4
2026-10-05 04:36:03 DONE ist3_F12_017_BD_r_DS rc=0 566s
2026-10-05 04:36:03 LAUNCH ist3_F1_019_BD_r_BW pid=54000 free=4.2GB running=4
2026-10-05 04:42:41 DONE ist3_F1_018_BD_r_AE rc=0 464s
2026-10-05 04:42:41 LAUNCH ist3_F12_019_BD_r_BW pid=11428 free=4.1GB running=4
2026-10-05 04:42:53 DONE ist3_F12_018_BD_r_AE rc=0 469s
2026-10-05 04:42:53 LAUNCH ist3_B_020_BD_u_DN pid=53224 free=4.1GB running=4
2026-10-05 04:49:35 DONE ist3_B_020_BD_u_DN rc=0 402s
2026-10-05 04:50:30 LAUNCH ist3_F1_020_BD_u_DN pid=47524 free=4.0GB running=4
2026-10-05 04:57:08 DONE ist3_F1_020_BD_u_DN rc=0 397s
2026-10-05 04:57:08 LAUNCH ist3_F12_020_BD_u_DN pid=50612 free=4.0GB running=4
2026-10-05 04:57:30 DONE ist3_B_019_BD_r_BW rc=0 1339s
2026-10-05 04:57:30 LAUNCH ist3_B_021_BD_u_AS pid=52464 free=4.0GB running=4
2026-10-05 04:57:52 DONE ist3_F1_019_BD_r_BW rc=0 1309s
2026-10-05 04:57:52 LAUNCH ist3_F1_021_BD_u_AS pid=30928 free=4.0GB running=4
2026-10-05 05:03:54 DONE ist3_F12_020_BD_u_DN rc=0 406s
2026-10-05 05:03:59 LAUNCH ist3_F12_021_BD_u_AS pid=54504 free=4.0GB running=4
2026-10-05 05:04:21 DONE ist3_F12_019_BD_r_BW rc=0 1300s
2026-10-05 05:04:41 DONE ist3_B_021_BD_u_AS rc=0 432s
2026-10-05 05:04:41 LAUNCH ist3_B_022_BD_u_BE pid=54688 free=4.8GB running=3
2026-10-05 05:04:58 DONE ist3_F1_021_BD_u_AS rc=0 427s
2026-10-05 05:04:58 LAUNCH ist3_F1_022_BD_u_BE pid=54476 free=4.9GB running=3
2026-10-05 05:05:00 LAUNCH ist3_F12_022_BD_u_BE pid=8392 free=4.0GB running=4
2026-10-05 05:11:03 DONE ist3_F12_021_BD_u_AS rc=0 424s
2026-10-05 05:11:03 LAUNCH ist3_B_023_BD_u_CW pid=35860 free=4.2GB running=4
2026-10-05 05:13:35 DONE ist3_B_022_BD_u_BE rc=0 534s
2026-10-05 05:13:35 LAUNCH ist3_F1_023_BD_u_CW pid=46144 free=4.1GB running=4
2026-10-05 05:13:42 DONE ist3_F1_022_BD_u_BE rc=0 524s
2026-10-05 05:13:42 DONE ist3_F12_022_BD_u_BE rc=0 522s
2026-10-05 05:13:42 LAUNCH ist3_F12_023_BD_u_CW pid=52616 free=5.0GB running=3
2026-10-05 05:13:44 LAUNCH ist3_B_024_BF_r_DN pid=52672 free=4.1GB running=4
2026-10-05 05:22:01 DONE ist3_B_024_BF_r_DN rc=0 497s
2026-10-05 05:22:01 LAUNCH ist3_F1_024_BF_r_DN pid=20936 free=4.1GB running=4
2026-10-05 05:23:39 DONE ist3_B_023_BD_u_CW rc=0 756s
2026-10-05 05:23:39 LAUNCH ist3_F12_024_BF_r_DN pid=54084 free=4.1GB running=4
2026-10-05 05:25:51 DONE ist3_F1_023_BD_u_CW rc=0 736s
2026-10-05 05:25:51 LAUNCH ist3_B_025_BF_r_AS pid=46840 free=4.1GB running=4
2026-10-05 05:26:18 DONE ist3_F12_023_BD_u_CW rc=0 756s
2026-10-05 05:26:18 LAUNCH ist3_F1_025_BF_r_AS pid=2364 free=4.1GB running=4
2026-10-05 05:30:25 DONE ist3_F1_024_BF_r_DN rc=0 504s
2026-10-05 05:32:00 DONE ist3_F12_024_BF_r_DN rc=0 502s
2026-10-05 05:32:00 LAUNCH ist3_F12_025_BF_r_AS pid=52904 free=4.8GB running=3
2026-10-05 05:32:02 LAUNCH ist3_B_026_BF_r_BE pid=35772 free=4.0GB running=4
2026-10-05 05:32:34 DONE ist3_B_025_BF_r_AS rc=0 404s
2026-10-05 05:32:34 LAUNCH ist3_F1_026_BF_r_BE pid=49116 free=4.0GB running=4
2026-10-05 05:32:56 DONE ist3_F1_025_BF_r_AS rc=0 399s
2026-10-05 05:32:56 LAUNCH ist3_F12_026_BF_r_BE pid=19780 free=4.0GB running=4
2026-10-05 05:38:39 DONE ist3_F12_025_BF_r_AS rc=0 399s
2026-10-05 05:38:39 LAUNCH ist3_B_027_BF_r_CW pid=41236 free=4.1GB running=4
2026-10-05 05:41:31 DONE ist3_B_026_BF_r_BE rc=0 569s
2026-10-05 05:41:31 LAUNCH ist3_F1_027_BF_r_CW pid=30732 free=4.1GB running=4
2026-10-05 05:41:53 DONE ist3_F1_026_BF_r_BE rc=0 559s
2026-10-05 05:41:53 LAUNCH ist3_F12_027_BF_r_CW pid=20600 free=4.1GB running=4
2026-10-05 05:42:05 DONE ist3_F12_026_BF_r_BE rc=0 549s
2026-10-05 05:42:05 LAUNCH ist3_B_028_BF_u_AN pid=51956 free=4.2GB running=4
2026-10-05 05:48:03 DONE ist3_B_027_BF_r_CW rc=0 564s
2026-10-05 05:48:03 LAUNCH ist3_F1_028_BF_u_AN pid=9436 free=4.1GB running=4
2026-10-05 05:50:30 DONE ist3_B_028_BF_u_AN rc=0 505s
2026-10-05 05:51:00 DONE ist3_F1_027_BF_r_CW rc=0 569s
2026-10-05 05:51:00 LAUNCH ist3_F12_028_BF_u_AN pid=46188 free=4.9GB running=3
2026-10-05 05:51:02 LAUNCH ist3_K_028_BF_u_AN pid=47112 free=4.1GB running=4
2026-10-05 05:51:24 DONE ist3_F12_027_BF_r_CW rc=0 571s
2026-10-05 05:51:24 LAUNCH ist3_B_029_BF_u_BS pid=48524 free=4.1GB running=4
2026-10-05 05:56:31 DONE ist3_F1_028_BF_u_AN rc=0 509s
2026-10-05 05:56:31 LAUNCH ist3_F1_029_BF_u_BS pid=49412 free=4.1GB running=4
2026-10-05 05:59:29 DONE ist3_B_029_BF_u_BS rc=0 485s
2026-10-05 05:59:34 DONE ist3_K_028_BF_u_AN rc=0 512s
2026-10-05 05:59:34 LAUNCH ist3_F12_029_BF_u_BS pid=54924 free=4.8GB running=3
2026-10-05 05:59:36 LAUNCH ist3_B_030_BF_u_CE pid=42956 free=4.0GB running=4
2026-10-05 05:59:43 DONE ist3_F12_028_BF_u_AN rc=0 523s
2026-10-05 05:59:43 LAUNCH ist3_F1_030_BF_u_CE pid=51708 free=4.0GB running=4
2026-10-05 06:04:30 DONE ist3_F1_029_BF_u_BS rc=0 479s
2026-10-05 06:04:35 LAUNCH ist3_F12_030_BF_u_CE pid=48876 free=4.0GB running=4
2026-10-05 06:06:07 DONE ist3_B_030_BF_u_CE rc=0 391s
2026-10-05 06:06:07 LAUNCH ist3_B_031_BF_u_DW pid=52380 free=4.1GB running=4
2026-10-05 06:06:19 DONE ist3_F1_030_BF_u_CE rc=0 397s
2026-10-05 06:06:19 LAUNCH ist3_F1_031_BF_u_DW pid=52784 free=4.0GB running=4
2026-10-05 06:07:46 DONE ist3_F12_029_BF_u_BS rc=0 493s
2026-10-05 06:07:46 LAUNCH ist3_F12_031_BF_u_DW pid=33192 free=4.0GB running=4
2026-10-05 06:11:04 DONE ist3_F12_030_BF_u_CE rc=0 389s
2026-10-05 06:11:04 LAUNCH ist3_B_032_FP_r_AN pid=51008 free=4.0GB running=4
2026-10-05 06:14:31 DONE ist3_B_031_BF_u_DW rc=0 504s
2026-10-05 06:14:46 DONE ist3_F1_031_BF_u_DW rc=0 507s
2026-10-05 06:14:46 LAUNCH ist3_F1_032_FP_r_AN pid=41960 free=4.7GB running=3
2026-10-05 06:15:58 LAUNCH ist3_F12_032_FP_r_AN pid=54168 free=4.0GB running=4
2026-10-05 06:16:10 DONE ist3_F12_031_BF_u_DW rc=0 504s
2026-10-05 06:16:10 LAUNCH ist3_B_033_FP_r_BS pid=50516 free=4.1GB running=4
2026-10-05 06:18:42 LAUNCH ist3_F1_033_FP_r_BS pid=45900 free=4.1GB running=5
2026-10-05 06:19:29 DONE ist3_B_032_FP_r_AN rc=0 506s
2026-10-05 06:22:10 LAUNCH ist3_F12_033_FP_r_BS pid=51924 free=4.0GB running=5
2026-10-05 06:23:12 DONE ist3_F1_032_FP_r_AN rc=0 506s
2026-10-05 06:23:12 LAUNCH ist3_K_033_FP_r_BS pid=7304 free=4.1GB running=5
2026-10-05 06:24:14 DONE ist3_F12_032_FP_r_AN rc=0 496s
2026-10-05 06:24:14 LAUNCH ist3_B_034_FP_r_CE pid=33976 free=4.1GB running=5
2026-10-05 06:26:26 DONE ist3_B_033_FP_r_BS rc=0 616s
2026-10-05 06:26:26 LAUNCH ist3_F1_034_FP_r_CE pid=40980 free=4.1GB running=5
2026-10-05 06:28:53 DONE ist3_F1_033_FP_r_BS rc=0 611s
2026-10-05 06:28:58 LAUNCH ist3_F12_034_FP_r_CE pid=49592 free=4.0GB running=5
2026-10-05 06:32:25 DONE ist3_F12_033_FP_r_BS rc=0 616s
2026-10-05 06:33:05 DONE ist3_B_034_FP_r_CE rc=0 532s
2026-10-05 06:33:05 LAUNCH ist3_B_035_FP_r_DW pid=4460 free=4.8GB running=4
2026-10-05 06:33:12 LAUNCH ist3_F1_035_FP_r_DW pid=52980 free=4.0GB running=5
2026-10-05 06:33:14 LAUNCH ist3_F12_035_FP_r_DW pid=52440 free=4.0GB running=6
2026-10-05 06:33:21 DONE ist3_K_033_FP_r_BS rc=0 610s
2026-10-05 06:35:27 DONE ist3_F1_034_FP_r_CE rc=0 541s
2026-10-05 06:35:27 LAUNCH ist3_B_036_FP_u_BN pid=46568 free=4.0GB running=5
2026-10-05 06:37:44 DONE ist3_F12_034_FP_r_CE rc=0 526s
2026-10-05 06:37:44 LAUNCH ist3_F1_036_FP_u_BN pid=19436 free=4.1GB running=5
2026-10-05 06:42:26 DONE ist3_F1_035_FP_r_DW rc=0 554s
2026-10-05 06:42:26 LAUNCH ist3_F12_036_FP_u_BN pid=54888 free=4.0GB running=5
2026-10-05 06:42:38 DONE ist3_B_035_FP_r_DW rc=0 573s
2026-10-05 06:42:38 LAUNCH ist3_B_037_FP_u_CS pid=53488 free=4.1GB running=5
2026-10-05 06:42:50 DONE ist3_F12_035_FP_r_DW rc=0 576s
2026-10-05 06:42:50 LAUNCH ist3_F1_037_FP_u_CS pid=17676 free=4.1GB running=5
2026-10-05 06:42:57 DONE ist3_B_036_FP_u_BN rc=0 451s
2026-10-05 06:42:57 LAUNCH ist3_F12_037_FP_u_CS pid=53288 free=4.1GB running=5
2026-10-05 06:45:19 DONE ist3_F1_036_FP_u_BN rc=0 456s
2026-10-05 06:45:24 LAUNCH ist3_B_038_FP_u_DE pid=50064 free=4.0GB running=5
2026-10-05 06:50:12 DONE ist3_F12_036_FP_u_BN rc=0 466s
2026-10-05 06:50:17 DONE ist3_B_037_FP_u_CS rc=0 459s
2026-10-05 06:50:17 LAUNCH ist3_F1_038_FP_u_DE pid=44524 free=4.8GB running=4
2026-10-05 06:50:34 LAUNCH ist3_F12_038_FP_u_DE pid=55268 free=4.0GB running=5
2026-10-05 06:50:41 DONE ist3_F1_037_FP_u_CS rc=0 471s
2026-10-05 06:50:41 DONE ist3_F12_037_FP_u_CS rc=0 464s
2026-10-05 06:50:41 LAUNCH ist3_B_039_FP_u_AW pid=47516 free=4.9GB running=4
2026-10-05 06:50:43 LAUNCH ist3_F1_039_FP_u_AW pid=55184 free=4.1GB running=5
2026-10-05 06:55:15 DONE ist3_B_038_FP_u_DE rc=0 591s
2026-10-05 06:57:50 DONE ist3_F1_039_FP_u_AW rc=0 427s
2026-10-05 06:57:50 LAUNCH ist3_F12_039_FP_u_AW pid=31556 free=4.5GB running=4
2026-10-05 06:57:57 DONE ist3_B_039_FP_u_AW rc=0 436s
2026-10-05 06:57:57 LAUNCH ist3_B_040_RW_r_BN pid=51248 free=4.5GB running=4
2026-10-05 06:59:20 DONE ist3_F1_038_FP_u_DE rc=0 543s
2026-10-05 06:59:20 LAUNCH ist3_F1_040_RW_r_BN pid=49168 free=4.6GB running=4
2026-10-05 06:59:57 DONE ist3_F12_038_FP_u_DE rc=0 563s
2026-10-05 06:59:57 LAUNCH ist3_F12_040_RW_r_BN pid=51060 free=4.4GB running=4
2026-10-05 07:03:34 DONE ist3_B_040_RW_r_BN rc=0 336s
2026-10-05 07:03:34 LAUNCH ist3_B_041_RW_r_CS pid=44524 free=4.9GB running=4
2026-10-05 07:03:36 LAUNCH ist3_F1_041_RW_r_CS pid=54728 free=4.0GB running=5
2026-10-05 07:04:38 DONE ist3_F12_039_FP_u_AW rc=0 408s
2026-10-05 07:04:43 DONE ist3_F1_040_RW_r_BN rc=0 324s
2026-10-05 07:04:43 LAUNCH ist3_F12_041_RW_r_CS pid=45612 free=4.9GB running=4
2026-10-05 07:05:15 DONE ist3_F12_040_RW_r_BN rc=0 319s
2026-10-05 07:05:15 LAUNCH ist3_B_042_RW_r_DE pid=31512 free=4.8GB running=4
2026-10-05 07:05:27 LAUNCH ist3_F1_042_RW_r_DE pid=44136 free=4.0GB running=5
2026-10-05 07:09:55 DONE ist3_F1_041_RW_r_CS rc=0 379s
2026-10-05 07:10:00 DONE ist3_B_041_RW_r_CS rc=0 386s
2026-10-05 07:10:00 LAUNCH ist3_F12_042_RW_r_DE pid=47368 free=4.4GB running=4
2026-10-05 07:11:17 DONE ist3_F12_041_RW_r_CS rc=0 394s
2026-10-05 07:11:17 LAUNCH ist3_B_043_RW_r_AW pid=50088 free=4.5GB running=4
2026-10-05 07:16:29 DONE ist3_B_043_RW_r_AW rc=0 312s
2026-10-05 07:16:34 LAUNCH ist3_F1_043_RW_r_AW pid=53032 free=4.0GB running=4
2026-10-05 07:19:31 DONE ist3_B_042_RW_r_DE rc=0 856s
2026-10-05 07:19:31 DONE ist3_F1_042_RW_r_DE rc=0 844s
2026-10-05 07:19:31 LAUNCH ist3_F12_043_RW_r_AW pid=27300 free=5.1GB running=3
2026-10-05 07:19:33 LAUNCH ist3_B_044_RW_u_CN pid=20396 free=4.2GB running=4
2026-10-05 07:22:00 DONE ist3_F1_043_RW_r_AW rc=0 326s
2026-10-05 07:22:00 LAUNCH ist3_F1_044_RW_u_CN pid=20604 free=4.2GB running=4
2026-10-05 07:24:23 DONE ist3_F12_042_RW_r_DE rc=0 863s
2026-10-05 07:24:23 LAUNCH ist3_F12_044_RW_u_CN pid=7256 free=4.8GB running=4
2026-10-05 07:24:35 LAUNCH ist3_K_044_RW_u_CN pid=39100 free=4.0GB running=5
2026-10-05 07:25:02 DONE ist3_F12_043_RW_r_AW rc=0 330s
2026-10-05 07:26:17 DONE ist3_B_044_RW_u_CN rc=0 404s
2026-10-05 07:26:17 LAUNCH ist3_B_045_RW_u_DS pid=52316 free=4.4GB running=4
2026-10-05 07:28:49 DONE ist3_F1_044_RW_u_CN rc=0 409s
2026-10-05 07:28:49 LAUNCH ist3_F1_045_RW_u_DS pid=44980 free=4.7GB running=4
2026-10-05 07:30:46 DONE ist3_F12_044_RW_u_CN rc=0 384s
2026-10-05 07:30:46 LAUNCH ist3_F12_045_RW_u_DS pid=50516 free=4.7GB running=4
2026-10-05 07:30:58 DONE ist3_K_044_RW_u_CN rc=0 384s
2026-10-05 07:30:58 LAUNCH ist3_B_046_RW_u_AE pid=48156 free=4.8GB running=4
2026-10-05 07:31:00 LAUNCH ist3_F1_046_RW_u_AE pid=54424 free=4.0GB running=5
2026-10-05 07:35:03 DONE ist3_B_045_RW_u_DS rc=0 526s
2026-10-05 07:35:03 LAUNCH ist3_F12_046_RW_u_AE pid=44652 free=4.0GB running=5
2026-10-05 07:37:45 DONE ist3_F1_045_RW_u_DS rc=0 536s
2026-10-05 07:37:45 LAUNCH ist3_B_047_RW_u_BW pid=29308 free=4.1GB running=5
2026-10-05 07:38:32 DONE ist3_B_046_RW_u_AE rc=0 454s
2026-10-05 07:38:57 DONE ist3_F1_046_RW_u_AE rc=0 477s
2026-10-05 07:39:37 DONE ist3_F12_045_RW_u_DS rc=0 531s
2026-10-05 07:39:37 LAUNCH ist3_F1_047_RW_u_BW pid=25572 free=4.4GB running=3
2026-10-05 07:42:49 DONE ist3_F12_046_RW_u_AE rc=0 467s
2026-10-05 07:45:44 LAUNCH ist3_F12_047_RW_u_BW pid=37132 free=4.2GB running=3
2026-10-05 07:57:47 LAUNCH ist3_B_048_GP_r_CN pid=55236 free=8.4GB running=4
2026-10-05 07:57:49 LAUNCH ist3_F1_048_GP_r_CN pid=50308 free=7.6GB running=5
2026-10-05 07:57:51 LAUNCH ist3_F12_048_GP_r_CN pid=20936 free=6.0GB running=6
2026-10-05 07:57:53 LAUNCH ist3_B_049_GP_r_DS pid=24116 free=5.1GB running=7
2026-10-05 07:57:55 LAUNCH ist3_F1_049_GP_r_DS pid=13568 free=4.2GB running=8
2026-10-05 08:02:37 DONE ist3_B_047_RW_u_BW rc=0 1493s
2026-10-05 08:05:18 DONE ist3_F1_047_RW_u_BW rc=0 1541s
2026-10-05 08:06:58 DONE ist3_B_048_GP_r_CN rc=0 551s
2026-10-05 08:06:58 LAUNCH ist3_F12_049_GP_r_DS pid=55868 free=4.2GB running=6
2026-10-05 08:07:05 DONE ist3_F1_048_GP_r_CN rc=0 556s
2026-10-05 08:07:05 DONE ist3_F12_048_GP_r_CN rc=0 554s
2026-10-05 08:07:05 LAUNCH ist3_B_050_GP_r_AE pid=3848 free=5.2GB running=5
2026-10-05 08:07:07 LAUNCH ist3_F1_050_GP_r_AE pid=53476 free=4.3GB running=6
2026-10-05 08:09:39 DONE ist3_B_049_GP_r_DS rc=0 706s
2026-10-05 08:09:39 DONE ist3_F1_049_GP_r_DS rc=0 704s
2026-10-05 08:09:39 LAUNCH ist3_F12_050_GP_r_AE pid=45980 free=5.2GB running=5
2026-10-05 08:09:41 LAUNCH ist3_K_050_GP_r_AE pid=55996 free=4.4GB running=6
2026-10-05 08:11:18 LAUNCH ist3_B_051_GP_r_BW pid=54180 free=4.4GB running=7
2026-10-05 08:11:30 LAUNCH ist3_F1_051_GP_r_BW pid=26608 free=4.4GB running=8
2026-10-05 08:12:13 DONE ist3_F12_047_RW_u_BW rc=0 1588s
2026-10-05 08:12:13 LAUNCH ist3_F12_051_GP_r_BW pid=46744 free=4.5GB running=8
2026-10-05 08:18:30 DONE ist3_F12_049_GP_r_DS rc=0 692s
2026-10-05 08:18:30 LAUNCH ist3_B_052_GP_u_DN pid=23192 free=4.4GB running=8
2026-10-05 08:21:42 DONE ist3_B_050_GP_r_AE rc=0 877s
2026-10-05 08:21:42 DONE ist3_F1_050_GP_r_AE rc=0 875s
2026-10-05 08:21:42 LAUNCH ist3_F1_052_GP_u_DN pid=48708 free=5.2GB running=7
2026-10-05 08:21:44 LAUNCH ist3_F12_052_GP_u_DN pid=51164 free=4.4GB running=8
2026-10-05 08:22:16 DONE ist3_B_051_GP_r_BW rc=0 658s
2026-10-05 08:22:16 LAUNCH ist3_B_053_GP_u_AS pid=3384 free=4.4GB running=8
2026-10-05 08:22:28 DONE ist3_F1_051_GP_r_BW rc=0 658s
2026-10-05 08:22:29 LAUNCH ist3_F1_053_GP_u_AS pid=33200 free=4.4GB running=8
2026-10-05 08:23:11 DONE ist3_F12_051_GP_r_BW rc=0 658s
2026-10-05 08:23:11 LAUNCH ist3_F12_053_GP_u_AS pid=23436 free=4.4GB running=8
2026-10-05 08:24:23 DONE ist3_F12_050_GP_r_AE rc=0 884s
2026-10-05 08:24:23 DONE ist3_K_050_GP_r_AE rc=0 882s
2026-10-05 08:24:23 LAUNCH ist3_B_054_GP_u_BE pid=43796 free=5.1GB running=7
2026-10-05 08:24:25 LAUNCH ist3_F1_054_GP_u_BE pid=55880 free=4.3GB running=8
2026-10-05 08:27:57 DONE ist3_B_052_GP_u_DN rc=0 567s
2026-10-05 08:27:57 LAUNCH ist3_F12_054_GP_u_BE pid=44772 free=4.4GB running=8
2026-10-05 08:31:10 DONE ist3_F12_052_GP_u_DN rc=0 565s
2026-10-05 08:31:10 LAUNCH ist3_B_055_GP_u_CW pid=31164 free=4.3GB running=8
2026-10-05 08:31:12 LAUNCH ist3_F1_055_GP_u_CW pid=37500 free=4.3GB running=9
2026-10-05 08:31:19 DONE ist3_F1_052_GP_u_DN rc=0 576s
2026-10-05 08:31:19 DONE ist3_B_053_GP_u_AS rc=0 542s
2026-10-05 08:31:19 LAUNCH ist3_F12_055_GP_u_CW pid=40404 free=4.3GB running=8
2026-10-05 08:31:31 DONE ist3_F1_053_GP_u_AS rc=0 542s
2026-10-05 08:31:31 LAUNCH ist3_B_056_BFcoord_r_DN pid=47064 free=4.3GB running=8
2026-10-05 08:32:13 DONE ist3_F12_053_GP_u_AS rc=0 542s
2026-10-05 08:32:13 LAUNCH ist3_F1_056_BFcoord_r_DN pid=24760 free=4.4GB running=8
2026-10-05 08:35:20 DONE ist3_B_054_GP_u_BE rc=0 657s
2026-10-05 08:35:20 DONE ist3_F1_054_GP_u_BE rc=0 655s
2026-10-05 08:35:20 LAUNCH ist3_F12_056_BFcoord_r_DN pid=50508 free=5.1GB running=7
2026-10-05 08:35:22 LAUNCH ist3_B_057_BFcoord_r_AS pid=45728 free=4.3GB running=8
2026-10-05 08:39:00 DONE ist3_F12_054_GP_u_BE rc=0 662s
2026-10-05 08:39:00 LAUNCH ist3_F1_057_BFcoord_r_AS pid=46904 free=4.3GB running=8
2026-10-05 08:42:32 DONE ist3_B_056_BFcoord_r_DN rc=0 661s
2026-10-05 08:42:32 LAUNCH ist3_F12_057_BFcoord_r_AS pid=46056 free=4.3GB running=8
2026-10-05 08:43:14 DONE ist3_F1_056_BFcoord_r_DN rc=0 661s
2026-10-05 08:43:14 LAUNCH ist3_B_058_BFcoord_r_BE pid=47936 free=4.3GB running=8
2026-10-05 08:44:11 DONE ist3_B_055_GP_u_CW rc=0 782s
2026-10-05 08:44:11 LAUNCH ist3_F1_058_BFcoord_r_BE pid=32276 free=4.4GB running=8
2026-10-05 08:44:13 LAUNCH ist3_F12_058_BFcoord_r_BE pid=55172 free=4.4GB running=9
2026-10-05 08:44:20 DONE ist3_F1_055_GP_u_CW rc=0 789s
2026-10-05 08:44:25 DONE ist3_F12_055_GP_u_CW rc=0 787s
2026-10-05 08:44:25 LAUNCH ist3_B_059_BFcoord_r_CW pid=49584 free=4.3GB running=8
2026-10-05 08:46:02 DONE ist3_B_057_BFcoord_r_AS rc=0 640s
2026-10-05 08:46:02 LAUNCH ist3_F1_059_BFcoord_r_CW pid=45024 free=4.3GB running=8
2026-10-05 08:46:20 DONE ist3_F12_056_BFcoord_r_DN rc=0 659s
2026-10-05 08:46:20 LAUNCH ist3_F12_059_BFcoord_r_CW pid=47524 free=4.4GB running=8
2026-10-05 08:49:42 DONE ist3_F1_057_BFcoord_r_AS rc=0 642s
2026-10-05 08:49:42 LAUNCH ist3_B_060_BFcoord_u_AN pid=51012 free=4.4GB running=8
2026-10-05 08:53:14 DONE ist3_F12_057_BFcoord_r_AS rc=0 642s
2026-10-05 08:53:14 LAUNCH ist3_F1_060_BFcoord_u_AN pid=50600 free=4.4GB running=8
2026-10-05 08:57:16 DONE ist3_B_059_BFcoord_r_CW rc=0 771s
2026-10-05 08:57:16 LAUNCH ist3_F12_060_BFcoord_u_AN pid=54072 free=4.4GB running=8
2026-10-05 08:57:34 DONE ist3_B_058_BFcoord_r_BE rc=0 859s
2026-10-05 08:57:34 LAUNCH ist3_B_061_BFcoord_u_BS pid=40872 free=4.4GB running=8
2026-10-05 08:58:31 DONE ist3_F1_058_BFcoord_r_BE rc=0 859s
2026-10-05 08:58:31 LAUNCH ist3_F1_061_BFcoord_u_BS pid=53224 free=4.4GB running=8
2026-10-05 08:58:38 DONE ist3_F12_058_BFcoord_r_BE rc=0 864s
2026-10-05 08:58:38 DONE ist3_B_060_BFcoord_u_AN rc=0 536s
2026-10-05 08:58:38 LAUNCH ist3_F12_061_BFcoord_u_BS pid=53264 free=5.3GB running=7
2026-10-05 08:58:40 LAUNCH ist3_K_061_BFcoord_u_BS pid=35100 free=4.4GB running=8
2026-10-05 08:58:52 DONE ist3_F1_059_BFcoord_r_CW rc=0 769s
2026-10-05 08:58:52 LAUNCH ist3_B_062_BFcoord_u_CE pid=3336 free=4.4GB running=8
2026-10-05 08:59:34 DONE ist3_F12_059_BFcoord_r_CW rc=0 794s
2026-10-05 08:59:34 LAUNCH ist3_F1_062_BFcoord_u_CE pid=47400 free=4.4GB running=8
2026-10-05 09:02:06 DONE ist3_F1_060_BFcoord_u_AN rc=0 532s
2026-10-05 09:02:06 LAUNCH ist3_F12_062_BFcoord_u_CE pid=55564 free=4.3GB running=8
2026-10-05 09:05:59 DONE ist3_B_061_BFcoord_u_BS rc=0 505s
2026-10-05 09:05:59 LAUNCH ist3_B_063_BFcoord_u_DW pid=27372 free=4.2GB running=8
2026-10-05 09:06:11 DONE ist3_F12_060_BFcoord_u_AN rc=0 534s
2026-10-05 09:06:11 LAUNCH ist3_F1_063_BFcoord_u_DW pid=38512 free=4.3GB running=8
2026-10-05 09:06:58 DONE ist3_F1_061_BFcoord_u_BS rc=0 507s
2026-10-05 09:06:58 LAUNCH ist3_F12_063_BFcoord_u_DW pid=56120 free=4.2GB running=8
2026-10-05 09:07:00 LAUNCH ist3_B_064_BFbatt_r_AN pid=41016 free=4.3GB running=9
2026-10-05 09:07:02 LAUNCH ist3_F1_064_BFbatt_r_AN pid=16568 free=4.2GB running=10
2026-10-05 09:07:09 DONE ist3_F12_061_BFcoord_u_BS rc=0 511s
2026-10-05 09:07:09 DONE ist3_K_061_BFcoord_u_BS rc=0 509s
2026-10-05 09:07:09 DONE ist3_B_062_BFcoord_u_CE rc=0 497s
2026-10-05 09:07:09 LAUNCH ist3_F12_064_BFbatt_r_AN pid=18472 free=4.4GB running=8
2026-10-05 09:07:46 DONE ist3_F1_062_BFcoord_u_CE rc=0 492s
2026-10-05 09:07:46 LAUNCH ist3_B_065_BFbatt_r_BS pid=8228 free=4.4GB running=8
2026-10-05 09:10:18 DONE ist3_F12_062_BFcoord_u_CE rc=0 492s
2026-10-05 09:10:18 LAUNCH ist3_F1_065_BFbatt_r_BS pid=51104 free=4.3GB running=8
2026-10-05 09:17:26 DONE ist3_B_065_BFbatt_r_BS rc=0 580s
2026-10-05 09:17:26 LAUNCH ist3_F12_065_BFbatt_r_BS pid=55344 free=4.3GB running=8
2026-10-05 09:18:03 DONE ist3_B_064_BFbatt_r_AN rc=0 663s
2026-10-05 09:18:03 LAUNCH ist3_B_066_BFbatt_r_CE pid=55172 free=4.3GB running=8
2026-10-05 09:18:10 DONE ist3_F1_064_BFbatt_r_AN rc=0 668s
2026-10-05 09:18:10 LAUNCH ist3_F1_066_BFbatt_r_CE pid=41872 free=4.4GB running=8
2026-10-05 09:18:17 DONE ist3_F12_064_BFbatt_r_AN rc=0 668s
2026-10-05 09:18:17 LAUNCH ist3_F12_066_BFbatt_r_CE pid=42632 free=4.4GB running=8
2026-10-05 09:19:49 DONE ist3_F1_065_BFbatt_r_BS rc=0 571s
2026-10-05 09:19:49 LAUNCH ist3_K_066_BFbatt_r_CE pid=54824 free=4.4GB running=8
2026-10-05 09:27:02 DONE ist3_F12_065_BFbatt_r_BS rc=0 576s
2026-10-05 09:27:02 LAUNCH ist3_B_067_BFbatt_r_DW pid=16616 free=4.3GB running=8
2026-10-05 09:33:49 DONE ist3_B_063_BFcoord_u_DW rc=0 1670s
2026-10-05 09:33:49 LAUNCH ist3_F1_067_BFbatt_r_DW pid=54428 free=4.1GB running=8
2026-10-05 09:34:16 DONE ist3_F1_063_BFcoord_u_DW rc=0 1685s
2026-10-05 09:34:16 LAUNCH ist3_F12_067_BFbatt_r_DW pid=44256 free=4.2GB running=8
2026-10-05 09:34:38 DONE ist3_F12_063_BFcoord_u_DW rc=0 1660s
2026-10-05 09:34:38 LAUNCH ist3_B_068_BFbatt_u_BN pid=33232 free=4.2GB running=8
2026-10-05 09:39:10 DONE ist3_B_067_BFbatt_r_DW rc=0 729s
2026-10-05 09:39:10 LAUNCH ist3_F1_068_BFbatt_u_BN pid=52996 free=4.3GB running=8
2026-10-05 09:43:28 DONE ist3_B_068_BFbatt_u_BN rc=0 529s
2026-10-05 09:43:28 LAUNCH ist3_F12_068_BFbatt_u_BN pid=24616 free=4.2GB running=8
2026-10-05 09:43:45 DONE ist3_B_066_BFbatt_r_CE rc=0 1542s
2026-10-05 09:43:45 LAUNCH ist3_B_069_BFbatt_u_CS pid=44772 free=4.3GB running=8
2026-10-05 09:44:02 DONE ist3_F12_066_BFbatt_r_CE rc=0 1545s
2026-10-05 09:44:02 LAUNCH ist3_F1_069_BFbatt_u_CS pid=55220 free=4.3GB running=8
2026-10-05 09:44:09 DONE ist3_F1_066_BFbatt_r_CE rc=0 1559s
2026-10-05 09:44:09 LAUNCH ist3_F12_069_BFbatt_u_CS pid=48380 free=4.4GB running=8
2026-10-05 09:45:46 DONE ist3_K_066_BFbatt_r_CE rc=0 1557s
2026-10-05 09:45:46 LAUNCH ist3_B_070_BFbatt_u_DE pid=12164 free=4.4GB running=8
2026-10-05 09:45:58 DONE ist3_F1_067_BFbatt_r_DW rc=0 729s
2026-10-05 09:45:58 LAUNCH ist3_F1_070_BFbatt_u_DE pid=26580 free=4.3GB running=8
2026-10-05 09:46:40 DONE ist3_F12_067_BFbatt_r_DW rc=0 744s
2026-10-05 09:46:40 LAUNCH ist3_F12_070_BFbatt_u_DE pid=41272 free=4.4GB running=8
2026-10-05 09:47:57 DONE ist3_F1_068_BFbatt_u_BN rc=0 527s
2026-10-05 09:47:57 LAUNCH ist3_B_071_BFbatt_u_AW pid=53012 free=4.4GB running=8
2026-10-05 09:52:09 DONE ist3_F12_068_BFbatt_u_BN rc=0 522s
2026-10-05 09:52:09 LAUNCH ist3_F1_071_BFbatt_u_AW pid=37148 free=4.3GB running=8
2026-10-05 09:53:17 DONE ist3_B_069_BFbatt_u_CS rc=0 572s
2026-10-05 09:53:17 LAUNCH ist3_F12_071_BFbatt_u_AW pid=9344 free=4.3GB running=8
2026-10-05 09:53:34 DONE ist3_F1_069_BFbatt_u_CS rc=0 572s
2026-10-05 09:53:34 LAUNCH ist3_B_072_BFmotion_r_BN pid=45292 free=4.3GB running=8
2026-10-05 09:53:41 DONE ist3_F12_069_BFbatt_u_CS rc=0 572s
2026-10-05 09:53:41 LAUNCH ist3_F1_072_BFmotion_r_BN pid=48580 free=4.2GB running=8
2026-10-05 09:57:28 DONE ist3_B_071_BFbatt_u_AW rc=0 571s
2026-10-05 09:57:28 LAUNCH ist3_F12_072_BFmotion_r_BN pid=53460 free=4.3GB running=8
2026-10-05 09:58:20 DONE ist3_B_070_BFbatt_u_DE rc=0 754s
2026-10-05 09:58:20 LAUNCH ist3_B_073_BFmotion_r_CS pid=28188 free=4.3GB running=8
2026-10-05 09:58:37 DONE ist3_F1_070_BFbatt_u_DE rc=0 759s
2026-10-05 09:58:37 LAUNCH ist3_F1_073_BFmotion_r_CS pid=39552 free=4.3GB running=8
2026-10-05 09:59:19 DONE ist3_F12_070_BFbatt_u_DE rc=0 759s
2026-10-05 09:59:19 LAUNCH ist3_F12_073_BFmotion_r_CS pid=24196 free=4.3GB running=8
2026-10-05 10:01:01 DONE ist3_B_072_BFmotion_r_BN rc=0 448s
2026-10-05 10:01:01 LAUNCH ist3_B_074_BFmotion_r_DE pid=10368 free=4.2GB running=8
2026-10-05 10:01:08 DONE ist3_F1_072_BFmotion_r_BN rc=0 448s
2026-10-05 10:01:08 LAUNCH ist3_F1_074_BFmotion_r_DE pid=32008 free=4.3GB running=8
2026-10-05 10:01:40 DONE ist3_F1_071_BFbatt_u_AW rc=0 571s
2026-10-05 10:01:40 LAUNCH ist3_F12_074_BFmotion_r_DE pid=47956 free=4.3GB running=8
2026-10-05 10:02:47 DONE ist3_F12_071_BFbatt_u_AW rc=0 571s
2026-10-05 10:02:47 LAUNCH ist3_B_075_BFmotion_r_AW pid=56100 free=4.3GB running=8
2026-10-05 10:04:50 DONE ist3_F12_072_BFmotion_r_BN rc=0 442s
2026-10-05 10:04:50 LAUNCH ist3_F1_075_BFmotion_r_AW pid=55192 free=4.2GB running=8
2026-10-05 10:05:42 DONE ist3_B_073_BFmotion_r_CS rc=0 442s
2026-10-05 10:05:42 LAUNCH ist3_F12_075_BFmotion_r_AW pid=53892 free=4.3GB running=8
2026-10-05 10:05:59 DONE ist3_F1_073_BFmotion_r_CS rc=0 442s
2026-10-05 10:05:59 LAUNCH ist3_B_076_BFmotion_u_CN pid=33604 free=4.3GB running=8
2026-10-05 10:06:41 DONE ist3_F12_073_BFmotion_r_CS rc=0 442s
2026-10-05 10:06:41 LAUNCH ist3_F1_076_BFmotion_u_CN pid=55584 free=4.3GB running=8
2026-10-05 10:14:08 DONE ist3_B_075_BFmotion_r_AW rc=0 681s
2026-10-05 10:14:08 LAUNCH ist3_F12_076_BFmotion_u_CN pid=7256 free=4.2GB running=8
2026-10-05 10:16:10 DONE ist3_F1_075_BFmotion_r_AW rc=0 681s
2026-10-05 10:16:10 LAUNCH ist3_B_077_BFmotion_u_DS pid=44692 free=4.2GB running=8
2026-10-05 10:17:07 DONE ist3_F12_075_BFmotion_r_AW rc=0 686s
2026-10-05 10:17:07 LAUNCH ist3_F1_077_BFmotion_u_DS pid=54176 free=4.2GB running=8
2026-10-05 10:17:39 DONE ist3_B_076_BFmotion_u_CN rc=0 701s
2026-10-05 10:17:39 LAUNCH ist3_F12_077_BFmotion_u_DS pid=48452 free=4.3GB running=8
2026-10-05 10:18:27 DONE ist3_F1_076_BFmotion_u_CN rc=0 706s
2026-10-05 10:18:27 LAUNCH ist3_B_078_BFmotion_u_AE pid=41688 free=4.3GB running=8
2026-10-05 10:23:49 DONE ist3_F1_074_BFmotion_r_DE rc=0 1361s
2026-10-05 10:23:49 LAUNCH ist3_F1_078_BFmotion_u_AE pid=53604 free=4.1GB running=8
2026-10-05 10:23:51 LAUNCH ist3_F12_078_BFmotion_u_AE pid=21676 free=4.2GB running=9
2026-10-05 10:23:58 DONE ist3_B_074_BFmotion_r_DE rc=0 1377s
2026-10-05 10:24:38 DONE ist3_F12_074_BFmotion_r_DE rc=0 1378s
2026-10-05 10:24:38 LAUNCH ist3_K_078_BFmotion_u_AE pid=52904 free=4.2GB running=8
2026-10-05 10:25:50 DONE ist3_F12_076_BFmotion_u_CN rc=0 702s
2026-10-05 10:25:50 DONE ist3_B_077_BFmotion_u_DS rc=0 580s
2026-10-05 10:25:50 LAUNCH ist3_B_079_BFmotion_u_BW pid=52448 free=5.1GB running=7
2026-10-05 10:25:52 LAUNCH ist3_F1_079_BFmotion_u_BW pid=49244 free=4.3GB running=8
2026-10-05 10:26:39 DONE ist3_F1_077_BFmotion_u_DS rc=0 572s
2026-10-05 10:26:39 LAUNCH ist3_F12_079_BFmotion_u_BW pid=55872 free=4.3GB running=8
2026-10-05 10:27:01 DONE ist3_B_078_BFmotion_u_AE rc=0 515s
2026-10-05 10:27:01 LAUNCH ist3_B_080_BFreach_r_CN pid=8392 free=4.3GB running=8
2026-10-05 10:27:08 DONE ist3_F12_077_BFmotion_u_DS rc=0 569s
2026-10-05 10:27:09 LAUNCH ist3_F1_080_BFreach_r_CN pid=42316 free=4.4GB running=8
2026-10-05 10:32:31 DONE ist3_F1_078_BFmotion_u_AE rc=0 522s
2026-10-05 10:32:31 DONE ist3_F12_078_BFmotion_u_AE rc=0 520s
2026-10-05 10:32:31 LAUNCH ist3_F12_080_BFreach_r_CN pid=53064 free=5.0GB running=7
2026-10-05 10:32:33 LAUNCH ist3_B_081_BFreach_r_DS pid=42020 free=4.2GB running=8
2026-10-05 10:33:10 DONE ist3_K_078_BFmotion_u_AE rc=0 512s
2026-10-05 10:33:10 LAUNCH ist3_F1_081_BFreach_r_DS pid=55508 free=4.2GB running=8
2026-10-05 10:36:57 DONE ist3_F1_079_BFmotion_u_BW rc=0 665s
2026-10-05 10:36:57 LAUNCH ist3_F12_081_BFreach_r_DS pid=52504 free=4.2GB running=8
2026-10-05 10:36:59 LAUNCH ist3_B_082_BFreach_r_AE pid=24048 free=4.2GB running=9
2026-10-05 10:37:06 DONE ist3_B_079_BFmotion_u_BW rc=0 676s
2026-10-05 10:37:16 DONE ist3_B_080_BFreach_r_CN rc=0 615s
2026-10-05 10:37:16 DONE ist3_F1_080_BFreach_r_CN rc=0 608s
2026-10-05 10:37:16 LAUNCH ist3_F1_082_BFreach_r_AE pid=55988 free=5.1GB running=7
2026-10-05 10:37:18 LAUNCH ist3_F12_082_BFreach_r_AE pid=10840 free=4.3GB running=8
2026-10-05 10:37:46 DONE ist3_F12_079_BFmotion_u_BW rc=0 666s
2026-10-05 10:37:46 LAUNCH ist3_B_083_BFreach_r_BW pid=51004 free=4.3GB running=8
2026-10-05 10:42:48 DONE ist3_F12_080_BFreach_r_CN rc=0 617s
2026-10-05 10:42:48 LAUNCH ist3_F1_083_BFreach_r_BW pid=26932 free=4.3GB running=8
2026-10-05 10:46:40 DONE ist3_B_081_BFreach_r_DS rc=0 847s
2026-10-05 10:46:40 LAUNCH ist3_F12_083_BFreach_r_BW pid=32480 free=4.2GB running=8
2026-10-05 10:46:57 DONE ist3_B_082_BFreach_r_AE rc=0 598s
2026-10-05 10:46:57 LAUNCH ist3_K_083_BFreach_r_BW pid=55252 free=4.2GB running=8
2026-10-05 10:47:14 DONE ist3_F1_081_BFreach_r_DS rc=0 844s
2026-10-05 10:47:14 LAUNCH ist3_B_084_BFreach_u_DN pid=8352 free=4.3GB running=8
2026-10-05 10:47:16 LAUNCH ist3_F1_084_BFreach_u_DN pid=36692 free=4.3GB running=9
2026-10-05 10:47:23 DONE ist3_F1_082_BFreach_r_AE rc=0 607s
2026-10-05 10:47:28 DONE ist3_F12_082_BFreach_r_AE rc=0 610s
2026-10-05 10:47:28 LAUNCH ist3_F12_084_BFreach_u_DN pid=35020 free=4.3GB running=8
2026-10-05 10:48:51 DONE ist3_B_083_BFreach_r_BW rc=0 665s
2026-10-05 10:48:51 LAUNCH ist3_B_085_BFreach_u_AS pid=55084 free=4.3GB running=8
2026-10-05 10:51:08 DONE ist3_F12_081_BFreach_r_DS rc=0 851s
2026-10-05 10:51:08 LAUNCH ist3_F1_085_BFreach_u_AS pid=44680 free=4.3GB running=8
2026-10-05 10:54:05 DONE ist3_F1_083_BFreach_r_BW rc=0 677s
2026-10-05 10:54:05 LAUNCH ist3_F12_085_BFreach_u_AS pid=33016 free=4.2GB running=8
2026-10-05 10:56:52 DONE ist3_B_084_BFreach_u_DN rc=0 578s
2026-10-05 10:56:52 DONE ist3_F1_084_BFreach_u_DN rc=0 576s
2026-10-05 10:56:52 LAUNCH ist3_B_086_BFreach_u_BE pid=44068 free=5.0GB running=7
2026-10-05 10:56:54 LAUNCH ist3_F1_086_BFreach_u_BE pid=37276 free=4.2GB running=8
2026-10-05 10:57:06 DONE ist3_F12_084_BFreach_u_DN rc=0 578s
2026-10-05 10:57:06 LAUNCH ist3_F12_086_BFreach_u_BE pid=36368 free=4.3GB running=8
2026-10-05 10:57:38 DONE ist3_B_085_BFreach_u_AS rc=0 528s
2026-10-05 10:57:38 LAUNCH ist3_B_087_BFreach_u_CW pid=26108 free=4.3GB running=8
2026-10-05 10:57:46 DONE ist3_F12_083_BFreach_r_BW rc=0 665s
2026-10-05 10:57:46 LAUNCH ist3_F1_087_BFreach_u_CW pid=47232 free=4.3GB running=8
2026-10-05 10:58:03 DONE ist3_K_083_BFreach_r_BW rc=0 665s
2026-10-05 10:58:03 LAUNCH ist3_F12_087_BFreach_u_CW pid=47708 free=4.3GB running=8
2026-10-05 11:00:00 DONE ist3_F1_085_BFreach_u_AS rc=0 532s
2026-10-05 11:00:00 LAUNCH ist3_B_088_BFfix0_r_DN pid=36948 free=4.2GB running=8
2026-10-05 11:02:57 DONE ist3_F12_085_BFreach_u_AS rc=0 532s
2026-10-05 11:02:57 LAUNCH ist3_F1_088_BFfix0_r_DN pid=36800 free=4.2GB running=8
2026-10-05 11:09:29 DONE ist3_B_088_BFfix0_r_DN rc=0 570s
2026-10-05 11:09:29 LAUNCH ist3_F12_088_BFfix0_r_DN pid=46272 free=4.1GB running=8
2026-10-05 11:10:07 DONE ist3_B_087_BFreach_u_CW rc=0 748s
2026-10-05 11:10:07 LAUNCH ist3_B_089_BFfix0_r_AS pid=36784 free=4.2GB running=8
2026-10-05 11:10:09 LAUNCH ist3_F1_089_BFfix0_r_AS pid=36396 free=4.2GB running=9
2026-10-05 11:10:16 DONE ist3_F1_087_BFreach_u_CW rc=0 750s
2026-10-05 11:10:36 DONE ist3_F12_087_BFreach_u_CW rc=0 753s
2026-10-05 11:10:36 LAUNCH ist3_F12_089_BFfix0_r_AS pid=23124 free=4.4GB running=8
2026-10-05 11:12:23 DONE ist3_F1_088_BFfix0_r_DN rc=0 566s
2026-10-05 11:12:23 LAUNCH ist3_B_090_BFfix0_r_BE pid=29316 free=4.3GB running=8
2026-10-05 11:17:50 DONE ist3_B_089_BFfix0_r_AS rc=0 464s
2026-10-05 11:17:50 DONE ist3_F1_089_BFfix0_r_AS rc=0 462s
2026-10-05 11:17:50 LAUNCH ist3_F1_090_BFfix0_r_BE pid=49608 free=5.1GB running=7
2026-10-05 11:17:57 LAUNCH ist3_F12_090_BFfix0_r_BE pid=13680 free=4.2GB running=8
2026-10-05 11:18:19 DONE ist3_F12_089_BFfix0_r_AS rc=0 464s
2026-10-05 11:18:19 LAUNCH ist3_B_091_BFfix0_r_CW pid=47784 free=4.3GB running=8
2026-10-05 11:18:51 DONE ist3_F12_088_BFfix0_r_DN rc=0 562s
2026-10-05 11:18:51 LAUNCH ist3_F1_091_BFfix0_r_CW pid=41424 free=4.3GB running=8
2026-10-05 11:26:49 DONE ist3_B_086_BFreach_u_BE rc=0 1797s
2026-10-05 11:26:54 DONE ist3_F1_086_BFreach_u_BE rc=0 1800s
2026-10-05 11:26:54 LAUNCH ist3_F12_091_BFfix0_r_CW pid=29308 free=4.7GB running=7
2026-10-05 11:27:01 DONE ist3_F12_086_BFreach_u_BE rc=0 1795s
2026-10-05 11:27:01 LAUNCH ist3_B_092_BFfix0_u_AN pid=13696 free=4.9GB running=7
2026-10-05 11:27:03 LAUNCH ist3_F1_092_BFfix0_u_AN pid=50960 free=4.0GB running=8
2026-10-05 11:30:35 DONE ist3_B_091_BFfix0_r_CW rc=0 736s
2026-10-05 11:30:35 LAUNCH ist3_F12_092_BFfix0_u_AN pid=14620 free=4.2GB running=8
2026-10-05 11:31:02 DONE ist3_F1_091_BFfix0_r_CW rc=0 731s
2026-10-05 11:31:02 LAUNCH ist3_B_093_BFfix0_u_BS pid=55264 free=4.3GB running=8
2026-10-05 11:32:59 DONE ist3_B_090_BFfix0_r_BE rc=0 1237s
2026-10-05 11:32:59 LAUNCH ist3_F1_093_BFfix0_u_BS pid=53304 free=4.4GB running=8
2026-10-05 11:38:37 DONE ist3_F1_090_BFfix0_r_BE rc=0 1246s
2026-10-05 11:38:37 LAUNCH ist3_F12_093_BFfix0_u_BS pid=31292 free=4.5GB running=8
2026-10-05 11:38:49 DONE ist3_F12_090_BFfix0_r_BE rc=0 1251s
2026-10-05 11:38:49 DONE ist3_B_093_BFfix0_u_BS rc=0 467s
2026-10-05 11:38:49 LAUNCH ist3_B_094_BFfix0_u_CE pid=55640 free=5.4GB running=7
2026-10-05 11:38:51 LAUNCH ist3_F1_094_BFfix0_u_CE pid=26068 free=4.6GB running=8
2026-10-05 11:39:08 DONE ist3_F12_091_BFfix0_r_CW rc=0 734s
2026-10-05 11:39:08 LAUNCH ist3_F12_094_BFfix0_u_CE pid=36208 free=4.6GB running=8
2026-10-05 11:39:25 DONE ist3_B_092_BFfix0_u_AN rc=0 744s
2026-10-05 11:39:25 LAUNCH ist3_K_094_BFfix0_u_CE pid=2380 free=4.5GB running=8
2026-10-05 11:39:27 LAUNCH ist3_B_095_BFfix0_u_DW pid=25496 free=4.5GB running=9
2026-10-05 11:39:34 DONE ist3_F1_092_BFfix0_u_AN rc=0 751s
2026-10-05 11:40:49 DONE ist3_F1_093_BFfix0_u_BS rc=0 470s
2026-10-05 11:40:49 LAUNCH ist3_F1_095_BFfix0_u_DW pid=24468 free=4.6GB running=8
2026-10-05 11:43:01 DONE ist3_F12_092_BFfix0_u_AN rc=0 746s
2026-10-05 11:43:01 LAUNCH ist3_F12_095_BFfix0_u_DW pid=36836 free=4.6GB running=8
2026-10-05 11:44:33 DONE ist3_B_095_BFfix0_u_DW rc=0 306s
2026-10-05 11:44:33 LAUNCH ist3_B_096_BF_s01stride1_r_AW pid=24616 free=4.6GB running=8
2026-10-05 11:45:55 DONE ist3_F1_095_BFfix0_u_DW rc=0 306s
2026-10-05 11:45:55 LAUNCH ist3_F1_096_BF_s01stride1_r_AW pid=52292 free=4.6GB running=8
2026-10-05 11:46:17 DONE ist3_F12_093_BFfix0_u_BS rc=0 461s
2026-10-05 11:46:17 LAUNCH ist3_F12_096_BF_s01stride1_r_AW pid=53188 free=4.7GB running=8
2026-10-05 11:48:05 DONE ist3_F12_095_BFfix0_u_DW rc=0 303s
2026-10-05 11:48:05 LAUNCH ist3_B_097_BF_s01stride1_u_CN pid=23304 free=4.7GB running=8
2026-10-05 11:54:32 DONE ist3_B_096_BF_s01stride1_r_AW rc=0 599s
2026-10-05 11:54:32 LAUNCH ist3_F1_097_BF_s01stride1_u_CN pid=40404 free=4.4GB running=8
2026-10-05 11:55:54 DONE ist3_F1_096_BF_s01stride1_r_AW rc=0 598s
2026-10-05 11:55:54 LAUNCH ist3_F12_097_BF_s01stride1_u_CN pid=48788 free=4.5GB running=8
2026-10-05 11:56:16 DONE ist3_F12_096_BF_s01stride1_r_AW rc=0 598s
2026-10-05 11:56:16 LAUNCH ist3_B_098_BD_s03q005_r_DS pid=43688 free=4.6GB running=8
2026-10-05 11:58:03 DONE ist3_B_097_BF_s01stride1_u_CN rc=0 598s
2026-10-05 11:58:03 LAUNCH ist3_F1_098_BD_s03q005_r_DS pid=49616 free=4.6GB running=8
2026-10-05 12:02:20 DONE ist3_F1_094_BFfix0_u_CE rc=0 1410s
2026-10-05 12:02:20 LAUNCH ist3_F12_098_BD_s03q005_r_DS pid=12140 free=4.4GB running=8
2026-10-05 12:02:27 DONE ist3_B_094_BFfix0_u_CE rc=0 1419s
2026-10-05 12:02:27 LAUNCH ist3_B_099_BD_s03q005_u_AE pid=55424 free=4.5GB running=8
2026-10-05 12:02:44 DONE ist3_F12_094_BFfix0_u_CE rc=0 1417s
2026-10-05 12:02:44 LAUNCH ist3_F1_099_BD_s03q005_u_AE pid=2956 free=4.5GB running=8
2026-10-05 12:03:11 DONE ist3_K_094_BFfix0_u_CE rc=0 1427s
2026-10-05 12:03:11 LAUNCH ist3_F12_099_BD_s03q005_u_AE pid=42988 free=4.5GB running=8
2026-10-05 12:04:29 DONE ist3_F1_097_BF_s01stride1_u_CN rc=0 597s
2026-10-05 12:04:29 LAUNCH ist3_B_100_BD_s04q03_r_BW pid=54684 free=4.4GB running=8
2026-10-05 12:05:51 DONE ist3_F12_097_BF_s01stride1_u_CN rc=0 597s
2026-10-05 12:05:51 LAUNCH ist3_F1_100_BD_s04q03_r_BW pid=10716 free=4.6GB running=8
2026-10-05 12:07:53 DONE ist3_B_098_BD_s03q005_r_DS rc=0 697s
2026-10-05 12:07:53 LAUNCH ist3_F12_100_BD_s04q03_r_BW pid=39756 free=4.5GB running=8
2026-10-05 12:09:50 DONE ist3_F1_098_BD_s03q005_r_DS rc=0 707s
2026-10-05 12:09:50 LAUNCH ist3_B_101_BD_s04q03_u_DN pid=44648 free=4.5GB running=8
2026-10-05 12:13:27 DONE ist3_B_099_BD_s03q005_u_AE rc=0 660s
2026-10-05 12:13:27 LAUNCH ist3_F1_101_BD_s04q03_u_DN pid=53284 free=4.5GB running=8
2026-10-05 12:13:54 DONE ist3_F12_098_BD_s03q005_r_DS rc=0 694s
2026-10-05 12:13:54 LAUNCH ist3_F12_101_BD_s04q03_u_DN pid=55664 free=4.5GB running=8
2026-10-05 12:14:06 DONE ist3_F1_099_BD_s03q005_u_AE rc=0 682s
2026-10-05 12:14:06 LAUNCH ist3_B_102_BF_s05d50_3_r_AS pid=56060 free=4.4GB running=8
2026-10-05 12:14:13 DONE ist3_F12_099_BD_s03q005_u_AE rc=0 662s
2026-10-05 12:14:13 LAUNCH ist3_F1_102_BF_s05d50_3_r_AS pid=32500 free=4.4GB running=8
2026-10-05 12:15:00 DONE ist3_B_100_BD_s04q03_r_BW rc=0 632s
2026-10-05 12:15:00 LAUNCH ist3_F12_102_BF_s05d50_3_r_AS pid=52564 free=4.4GB running=8
2026-10-05 12:16:37 DONE ist3_F1_100_BD_s04q03_r_BW rc=0 647s
2026-10-05 12:16:37 LAUNCH ist3_B_103_BF_s05d50_3_u_BE pid=48948 free=4.6GB running=8
2026-10-05 12:18:25 DONE ist3_F12_100_BD_s04q03_r_BW rc=0 632s
2026-10-05 12:18:25 LAUNCH ist3_F1_103_BF_s05d50_3_u_BE pid=23192 free=4.6GB running=8
2026-10-05 12:19:02 DONE ist3_B_101_BD_s04q03_u_DN rc=0 552s
2026-10-05 12:19:02 LAUNCH ist3_F12_103_BF_s05d50_3_u_BE pid=55932 free=4.6GB running=8
2026-10-05 12:21:44 DONE ist3_B_102_BF_s05d50_3_r_AS rc=0 458s
2026-10-05 12:21:44 LAUNCH ist3_B_104_BF_s06d50_8_r_CW pid=56308 free=4.5GB running=8
2026-10-05 12:21:51 DONE ist3_F1_102_BF_s05d50_3_r_AS rc=0 458s
2026-10-05 12:21:51 LAUNCH ist3_F1_104_BF_s06d50_8_r_CW pid=15984 free=4.5GB running=8
2026-10-05 12:22:38 DONE ist3_F12_102_BF_s05d50_3_r_AS rc=0 458s
2026-10-05 12:22:38 LAUNCH ist3_F12_104_BF_s06d50_8_r_CW pid=30088 free=4.6GB running=8
2026-10-05 12:22:40 LAUNCH ist3_B_105_BF_s06d50_8_u_AN pid=53856 free=4.6GB running=9
2026-10-05 12:22:47 DONE ist3_F1_101_BD_s04q03_u_DN rc=0 560s
2026-10-05 12:23:12 DONE ist3_F12_101_BD_s04q03_u_DN rc=0 558s
2026-10-05 12:23:12 LAUNCH ist3_F1_105_BF_s06d50_8_u_AN pid=41872 free=4.6GB running=8
2026-10-05 12:27:04 DONE ist3_B_103_BF_s05d50_3_u_BE rc=0 627s
2026-10-05 12:27:04 LAUNCH ist3_F12_105_BF_s06d50_8_u_AN pid=36048 free=4.5GB running=8
2026-10-05 12:28:56 DONE ist3_F1_103_BF_s05d50_3_u_BE rc=0 632s
2026-10-05 12:28:56 LAUNCH ist3_B_106_BF_s07bo0_r_BS pid=13440 free=4.5GB running=8
2026-10-05 12:29:28 DONE ist3_F12_103_BF_s05d50_3_u_BE rc=0 627s
2026-10-05 12:29:28 LAUNCH ist3_F1_106_BF_s07bo0_r_BS pid=43516 free=4.4GB running=8
2026-10-05 12:32:41 DONE ist3_B_105_BF_s06d50_8_u_AN rc=0 601s
2026-10-05 12:32:41 LAUNCH ist3_F12_106_BF_s07bo0_r_BS pid=35956 free=4.4GB running=8
2026-10-05 12:33:08 DONE ist3_F1_105_BF_s06d50_8_u_AN rc=0 596s
2026-10-05 12:33:08 LAUNCH ist3_B_107_BF_s07bo0_u_CE pid=56048 free=4.4GB running=8
2026-10-05 12:34:05 DONE ist3_B_104_BF_s06d50_8_r_CW rc=0 741s
2026-10-05 12:34:05 LAUNCH ist3_F1_107_BF_s07bo0_u_CE pid=47684 free=4.4GB running=8
2026-10-05 12:34:12 DONE ist3_F1_104_BF_s06d50_8_r_CW rc=0 741s
2026-10-05 12:34:12 LAUNCH ist3_F12_107_BF_s07bo0_u_CE pid=10704 free=4.5GB running=8
2026-10-05 12:35:04 DONE ist3_F12_104_BF_s06d50_8_r_CW rc=0 746s
2026-10-05 12:35:04 LAUNCH ist3_B_108_BF_s08bo02_r_DW pid=23016 free=4.5GB running=8
2026-10-05 12:36:56 DONE ist3_F12_105_BF_s06d50_8_u_AN rc=0 592s
2026-10-05 12:36:56 LAUNCH ist3_F1_108_BF_s08bo02_r_DW pid=56272 free=4.2GB running=8
2026-10-05 12:38:03 DONE ist3_B_106_BF_s07bo0_r_BS rc=0 547s
2026-10-05 12:38:03 LAUNCH ist3_F12_108_BF_s08bo02_r_DW pid=55924 free=4.4GB running=8
2026-10-05 12:38:30 DONE ist3_F1_106_BF_s07bo0_r_BS rc=0 542s
2026-10-05 12:38:30 LAUNCH ist3_B_109_BF_s08bo02_u_BN pid=7668 free=4.4GB running=8
2026-10-05 12:41:43 DONE ist3_F12_106_BF_s07bo0_r_BS rc=0 542s
2026-10-05 12:41:43 LAUNCH ist3_F1_109_BF_s08bo02_u_BN pid=37316 free=4.5GB running=8
2026-10-05 12:42:55 DONE ist3_B_107_BF_s07bo0_u_CE rc=0 587s
2026-10-05 12:42:55 LAUNCH ist3_F12_109_BF_s08bo02_u_BN pid=50704 free=4.4GB running=8
2026-10-05 12:43:47 DONE ist3_F1_107_BF_s07bo0_u_CE rc=0 582s
2026-10-05 12:43:47 LAUNCH ist3_B_110_BF_s09bo05_r_CS pid=48312 free=4.5GB running=8
2026-10-05 12:43:54 DONE ist3_F12_107_BF_s07bo0_u_CE rc=0 582s
2026-10-05 12:43:54 LAUNCH ist3_F1_110_BF_s09bo05_r_CS pid=33768 free=4.5GB running=8
2026-10-05 12:46:36 DONE ist3_B_108_BF_s08bo02_r_DW rc=0 692s
2026-10-05 12:46:36 LAUNCH ist3_F12_110_BF_s09bo05_r_CS pid=41780 free=4.5GB running=8
2026-10-05 12:47:23 DONE ist3_B_109_BF_s08bo02_u_BN rc=0 533s
2026-10-05 12:47:23 LAUNCH ist3_B_111_BF_s09bo05_u_DE pid=40480 free=4.5GB running=8
2026-10-05 12:48:35 DONE ist3_F1_108_BF_s08bo02_r_DW rc=0 699s
2026-10-05 12:48:35 LAUNCH ist3_F1_111_BF_s09bo05_u_DE pid=2552 free=4.5GB running=8
2026-10-05 12:49:38 DONE ist3_F12_108_BF_s08bo02_r_DW rc=0 694s
2026-10-05 12:49:38 LAUNCH ist3_F12_111_BF_s09bo05_u_DE pid=56128 free=4.3GB running=8
2026-10-05 12:50:40 DONE ist3_F1_109_BF_s08bo02_u_BN rc=0 537s
2026-10-05 12:50:40 LAUNCH ist3_B_112_BF_s10pds05_r_AW pid=39052 free=4.4GB running=8
2026-10-05 12:51:32 DONE ist3_B_110_BF_s09bo05_r_CS rc=0 465s
2026-10-05 12:51:32 LAUNCH ist3_F1_112_BF_s10pds05_r_AW pid=31572 free=4.5GB running=8
2026-10-05 12:51:34 LAUNCH ist3_F12_112_BF_s10pds05_r_AW pid=50172 free=4.5GB running=9
2026-10-05 12:51:41 DONE ist3_F1_110_BF_s09bo05_r_CS rc=0 467s
2026-10-05 12:51:46 DONE ist3_F12_109_BF_s08bo02_u_BN rc=0 531s
2026-10-05 12:51:46 LAUNCH ist3_B_113_BF_s10pds05_u_CN pid=44828 free=4.6GB running=8
2026-10-05 12:54:18 DONE ist3_F12_110_BF_s09bo05_r_CS rc=0 462s
2026-10-05 12:54:18 LAUNCH ist3_F1_113_BF_s10pds05_u_CN pid=37744 free=4.4GB running=8
2026-10-05 12:57:15 DONE ist3_B_111_BF_s09bo05_u_DE rc=0 592s
2026-10-05 12:57:15 LAUNCH ist3_F12_113_BF_s10pds05_u_CN pid=30668 free=4.6GB running=8
2026-10-05 12:58:22 DONE ist3_F1_111_BF_s09bo05_u_DE rc=0 587s
2026-10-05 12:58:22 LAUNCH ist3_B_114_FP_s12u10_10_r_DS pid=46284 free=4.7GB running=8
2026-10-05 12:59:30 DONE ist3_F12_111_BF_s09bo05_u_DE rc=0 592s
2026-10-05 12:59:30 LAUNCH ist3_F1_114_FP_s12u10_10_r_DS pid=33504 free=4.5GB running=8
2026-10-05 13:00:12 DONE ist3_B_112_BF_s10pds05_r_AW rc=0 572s
2026-10-05 13:00:12 LAUNCH ist3_F12_114_FP_s12u10_10_r_DS pid=54720 free=4.6GB running=8
2026-10-05 13:01:14 DONE ist3_F1_112_BF_s10pds05_r_AW rc=0 582s
2026-10-05 13:01:14 DONE ist3_F12_112_BF_s10pds05_r_AW rc=0 580s
2026-10-05 13:01:14 LAUNCH ist3_B_115_FP_s12u10_10_u_AE pid=32848 free=5.6GB running=7
2026-10-05 13:01:16 LAUNCH ist3_F1_115_FP_s12u10_10_u_AE pid=46300 free=4.7GB running=8
2026-10-05 13:02:08 DONE ist3_B_113_BF_s10pds05_u_CN rc=0 622s
2026-10-05 13:02:08 LAUNCH ist3_F12_115_FP_s12u10_10_u_AE pid=55052 free=4.7GB running=8
2026-10-05 13:04:55 DONE ist3_F1_113_BF_s10pds05_u_CN rc=0 637s
2026-10-05 13:04:55 LAUNCH ist3_B_116_FP_s13u10_40_r_BW pid=23124 free=4.6GB running=8
2026-10-05 13:07:32 DONE ist3_F12_113_BF_s10pds05_u_CN rc=0 617s
2026-10-05 13:07:32 LAUNCH ist3_F1_116_FP_s13u10_40_r_BW pid=10224 free=4.8GB running=8
2026-10-05 13:10:05 DONE ist3_B_114_FP_s12u10_10_r_DS rc=0 702s
2026-10-05 13:10:05 LAUNCH ist3_F12_116_FP_s13u10_40_r_BW pid=24048 free=4.7GB running=8
2026-10-05 13:11:02 DONE ist3_F1_114_FP_s12u10_10_r_DS rc=0 692s
2026-10-05 13:11:02 LAUNCH ist3_B_117_FP_s13u10_40_u_DN pid=55796 free=4.8GB running=8
2026-10-05 13:11:54 DONE ist3_F12_114_FP_s12u10_10_r_DS rc=0 702s
2026-10-05 13:11:54 LAUNCH ist3_F1_117_FP_s13u10_40_u_DN pid=46048 free=4.7GB running=8
2026-10-05 13:12:26 DONE ist3_B_115_FP_s12u10_10_u_AE rc=0 672s
2026-10-05 13:12:26 LAUNCH ist3_F12_117_FP_s13u10_40_u_DN pid=17676 free=4.7GB running=8
2026-10-05 13:12:38 DONE ist3_F1_115_FP_s12u10_10_u_AE rc=0 682s
2026-10-05 13:12:38 LAUNCH ist3_B_118_FP_s14kappa3_r_AS pid=47364 free=4.9GB running=8
2026-10-05 13:12:40 LAUNCH ist3_F1_118_FP_s14kappa3_r_AS pid=43272 free=4.0GB running=9
2026-10-05 13:13:22 DONE ist3_F12_115_FP_s12u10_10_u_AE rc=0 674s
2026-10-05 13:16:52 DONE ist3_B_116_FP_s13u10_40_r_BW rc=0 717s
2026-10-05 13:16:52 LAUNCH ist3_F12_118_FP_s14kappa3_r_AS pid=34912 free=4.7GB running=8
2026-10-05 13:19:34 DONE ist3_F1_116_FP_s13u10_40_r_BW rc=0 722s
2026-10-05 13:19:34 LAUNCH ist3_B_119_FP_s14kappa3_u_BE pid=48656 free=4.5GB running=8
2026-10-05 13:21:12 DONE ist3_B_118_FP_s14kappa3_r_AS rc=0 514s
2026-10-05 13:21:12 DONE ist3_F1_118_FP_s14kappa3_r_AS rc=0 512s
2026-10-05 13:21:12 LAUNCH ist3_F1_119_FP_s14kappa3_u_BE pid=28520 free=5.6GB running=7
2026-10-05 13:21:14 LAUNCH ist3_F12_119_FP_s14kappa3_u_BE pid=36744 free=4.7GB running=8
2026-10-05 13:22:11 DONE ist3_F12_116_FP_s13u10_40_r_BW rc=0 726s
2026-10-05 13:22:11 LAUNCH ist3_B_120_BF_s11h480_r_CW pid=43308 free=4.4GB running=8
2026-10-05 13:22:23 DONE ist3_B_117_FP_s13u10_40_u_DN rc=0 681s
2026-10-05 13:22:23 LAUNCH ist3_F1_120_BF_s11h480_r_CW pid=52400 free=4.7GB running=8
2026-10-05 13:23:30 DONE ist3_F1_117_FP_s13u10_40_u_DN rc=0 696s
2026-10-05 13:23:30 LAUNCH ist3_F12_120_BF_s11h480_r_CW pid=10524 free=4.7GB running=8
2026-10-05 13:23:57 DONE ist3_F12_117_FP_s13u10_40_u_DN rc=0 691s
2026-10-05 13:23:57 LAUNCH ist3_B_121_BF_s11h480_u_AN pid=48680 free=4.7GB running=8
2026-10-05 13:25:24 DONE ist3_F12_118_FP_s14kappa3_r_AS rc=0 512s
2026-10-05 13:25:24 LAUNCH ist3_F1_121_BF_s11h480_u_AN pid=34380 free=4.7GB running=8
2026-10-05 13:31:21 DONE ist3_B_119_FP_s14kappa3_u_BE rc=0 707s
2026-10-05 13:31:21 LAUNCH ist3_F12_121_BF_s11h480_u_AN pid=51212 free=4.6GB running=8
2026-10-05 13:32:59 DONE ist3_F12_119_FP_s14kappa3_u_BE rc=0 705s
2026-10-05 13:32:59 LAUNCH ist3_B_122_CUR_s11h480_r_BS pid=55288 free=4.6GB running=8
2026-10-05 13:33:06 DONE ist3_F1_119_FP_s14kappa3_u_BE rc=0 714s
2026-10-05 13:33:06 LAUNCH ist3_F1_122_CUR_s11h480_r_BS pid=7416 free=4.7GB running=8
2026-10-05 13:35:33 DONE ist3_B_121_BF_s11h480_u_AN rc=0 696s
2026-10-05 13:35:33 LAUNCH ist3_F12_122_CUR_s11h480_r_BS pid=44244 free=4.7GB running=8
2026-10-05 13:36:35 DONE ist3_B_120_BF_s11h480_r_CW rc=0 864s
2026-10-05 13:36:35 LAUNCH ist3_B_123_CUR_s11h480_u_CE pid=36728 free=4.8GB running=8
2026-10-05 13:37:02 DONE ist3_F1_121_BF_s11h480_u_AN rc=0 698s
2026-10-05 13:37:02 LAUNCH ist3_F1_123_CUR_s11h480_u_CE pid=8620 free=4.8GB running=8
2026-10-05 13:37:04 LAUNCH ist3_F12_123_CUR_s11h480_u_CE pid=50980 free=4.8GB running=9
2026-10-05 13:37:11 DONE ist3_F1_120_BF_s11h480_r_CW rc=0 888s
2026-10-05 13:38:01 DONE ist3_F12_120_BF_s11h480_r_CW rc=0 871s
2026-10-05 13:42:42 DONE ist3_F12_121_BF_s11h480_u_AN rc=0 680s
2026-10-05 13:42:47 DONE ist3_B_122_CUR_s11h480_r_BS rc=0 588s
2026-10-05 13:43:02 DONE ist3_F1_122_CUR_s11h480_r_BS rc=0 596s
2026-10-05 13:45:17 DONE ist3_F12_122_CUR_s11h480_r_BS rc=0 584s
2026-10-05 13:49:07 DONE ist3_B_123_CUR_s11h480_u_CE rc=0 752s
2026-10-05 13:49:32 DONE ist3_F12_123_CUR_s11h480_u_CE rc=0 748s
2026-10-05 13:49:37 DONE ist3_F1_123_CUR_s11h480_u_CE rc=0 755s
2026-10-05 13:49:42 ALL_MF2_COMPLETE E:\Projects\SAS_wt\istrue\outputs\_ist3_q.jsonl 384/384 0 FAIL
