START 2026-10-05 01:15:51 free_commit_gb=2.8 head=6904b1f8d1684865a67fb0a86ab8b121eeb6c15c
........................................................................ [  4%]
........................................................................ [  8%]
........................................................................ [ 12%]
........................................................................ [ 16%]
........................................................................ [ 21%]
........................................................................ [ 25%]
........................................................................ [ 29%]
........................................................................ [ 33%]
........................................................................ [ 38%]
........................................................................ [ 42%]
........................................................................ [ 46%]
........................................................................ [ 50%]
........................................................................ [ 55%]
........................................................................ [ 59%]
........................................................................ [ 63%]
........................................................................ [ 67%]
........................................................................ [ 72%]
........................................................................ [ 76%]
........................................................................ [ 80%]
........................................................................ [ 84%]
....................F................................................... [ 89%]
........................................................................ [ 93%]
........................................................................ [ 97%]
.........................................                                [100%]
================================== FAILURES ===================================
____________ test_fire_tracker_uavs_receive_different_target_sets _____________

    def test_fire_tracker_uavs_receive_different_target_sets() -> None:
        generator = LocalAdaptationSpaceGenerator()
        runtime_models = _runtime_models(["0", "1", "2"])
    
        fire_targets: dict[str, set[tuple[int, int]]] = {}
        for uav_id in ("0", "1", "2"):
            runtime_models["uav_id"] = uav_id
            runtime_models["uav_resource_model"] = _FakeUAVResource(
                by_uav_id={
                    uid: type("Role", (), {"current_role": "fire_tracker"})()
                    for uid in ("0", "1", "2")
                }
            )
            space = generator.generate(
                {"target_entity": uav_id, "triggers": ()},
                {},
                runtime_models,
                timestamp=1.0,
            )
            targets = {
                tuple(option.parameters.get("target_region"))
                for option in space.options
                if option.parameters.get("path_action", "").startswith("move_toward_fire")
                and option.parameters.get("target_region") is not None
            }
            fire_targets[uav_id] = targets
    
        assert fire_targets["0"]
        assert fire_targets["1"]
        assert fire_targets["2"]
        assert fire_targets["0"].isdisjoint(fire_targets["1"])
>       assert fire_targets["1"].isdisjoint(fire_targets["2"])
E       assert False
E        +  where False = <built-in method isdisjoint of set object at 0x000001943108BBC0>({(1, 5), (2, 5), (3, 5)})
E        +    where <built-in method isdisjoint of set object at 0x000001943108BBC0> = {(1, 5), (2, 5), (3, 5)}.isdisjoint

tests\test_uav_sector_assignment.py:198: AssertionError
============================== warnings summary ===============================
tests\test_firefighter_fire_avoidance.py:205
  E:\Projects\SAS_wt\istrue_suite\tests\test_firefighter_fire_avoidance.py:205: PytestUnknownMarkWarning: Unknown pytest.mark.slow - is this a typo?  You can register custom marks to avoid this warning - for details, see https://docs.pytest.org/en/stable/how-to/mark.html
    @pytest.mark.slow

tests\test_unresolved_victim_coverage.py:283
  E:\Projects\SAS_wt\istrue_suite\tests\test_unresolved_victim_coverage.py:283: PytestUnknownMarkWarning: Unknown pytest.mark.slow - is this a typo?  You can register custom marks to avoid this warning - for details, see https://docs.pytest.org/en/stable/how-to/mark.html
    @pytest.mark.slow

tests\test_unresolved_victim_coverage.py:311
  E:\Projects\SAS_wt\istrue_suite\tests\test_unresolved_victim_coverage.py:311: PytestUnknownMarkWarning: Unknown pytest.mark.slow - is this a typo?  You can register custom marks to avoid this warning - for details, see https://docs.pytest.org/en/stable/how-to/mark.html
    @pytest.mark.slow

tests\test_unresolved_victim_coverage.py:320
  E:\Projects\SAS_wt\istrue_suite\tests\test_unresolved_victim_coverage.py:320: PytestUnknownMarkWarning: Unknown pytest.mark.slow - is this a typo?  You can register custom marks to avoid this warning - for details, see https://docs.pytest.org/en/stable/how-to/mark.html
    @pytest.mark.slow

tests\test_y_sweep_commit.py:106
  E:\Projects\SAS_wt\istrue_suite\tests\test_y_sweep_commit.py:106: PytestUnknownMarkWarning: Unknown pytest.mark.slow - is this a typo?  You can register custom marks to avoid this warning - for details, see https://docs.pytest.org/en/stable/how-to/mark.html
    @pytest.mark.slow

-- Docs: https://docs.pytest.org/en/stable/how-to/capture-warnings.html
=========================== short test summary info ===========================
FAILED tests/test_uav_sector_assignment.py::test_fire_tracker_uavs_receive_different_target_sets
1 failed, 1696 passed, 5 warnings in 7727.66s (2:08:47)
EXIT 1 7729s 2026-10-05 03:24:40
