2026-10-05 07:53:08 START E:\Projects\SAS_wt\istrue\outputs\_ist3h_q.jsonl 32 runs maxpar=3 min_free=5.5
2026-10-05 07:57:49 LAUNCH ist3h_B_S_east_101 pid=52560 free=8.4GB running=1
2026-10-05 07:57:51 LAUNCH ist3h_F12_S_east_101 pid=27744 free=6.7GB running=2
2026-10-05 08:11:19 DONE ist3h_F12_S_east_101 rc=0 808s
2026-10-05 08:11:29 DONE ist3h_B_S_east_101 rc=0 820s
2026-10-05 13:42:37 LAUNCH ist3h_F1_S_east_101 pid=28184 free=5.6GB running=1
2026-10-05 13:42:49 LAUNCH ist3h_K_S_east_101 pid=49116 free=5.6GB running=2
2026-10-05 13:43:01 LAUNCH ist3h_B_S_west_103 pid=25484 free=5.6GB running=3
2026-10-05 13:52:54 START E:\Projects\SAS_wt\istrue\outputs\_ist3h_q.jsonl 32 runs maxpar=10 min_free=3.0
2026-10-05 13:52:54 SKIP ist3h_B_S_east_101 (valid, same argv)
2026-10-05 13:52:54 SKIP ist3h_F12_S_east_101 (valid, same argv)
2026-10-05 13:52:54 LAUNCH ist3h_F1_S_east_101 pid=52816 free=9.8GB running=1
2026-10-05 13:52:56 LAUNCH ist3h_K_S_east_101 pid=37344 free=9.0GB running=2
2026-10-05 13:52:58 LAUNCH ist3h_B_S_west_103 pid=16448 free=8.1GB running=3
2026-10-05 13:53:00 LAUNCH ist3h_F12_S_west_103 pid=47924 free=7.3GB running=4
2026-10-05 13:53:02 LAUNCH ist3h_F1_S_west_103 pid=29288 free=6.5GB running=5
2026-10-05 13:53:04 LAUNCH ist3h_K_S_west_103 pid=35692 free=5.7GB running=6
2026-10-05 13:53:06 LAUNCH ist3h_B_S_south_102 pid=33448 free=4.9GB running=7
2026-10-05 13:53:08 LAUNCH ist3h_F12_S_south_102 pid=20504 free=4.1GB running=8
2026-10-05 13:53:10 LAUNCH ist3h_F1_S_south_102 pid=50528 free=3.3GB running=9
2026-10-05 14:04:33 DONE ist3h_F12_S_south_102 rc=0 685s
2026-10-05 14:04:33 DONE ist3h_F1_S_south_102 rc=0 683s
2026-10-05 14:04:33 LAUNCH ist3h_K_S_south_102 pid=40324 free=4.0GB running=8
2026-10-05 14:04:35 LAUNCH ist3h_B_B5_east_101 pid=16664 free=4.0GB running=9
2026-10-05 14:04:37 LAUNCH ist3h_F12_B5_east_101 pid=5916 free=3.2GB running=10
2026-10-05 14:04:44 DONE ist3h_B_S_south_102 rc=0 698s
2026-10-05 14:05:04 DONE ist3h_B_S_west_103 rc=0 726s
2026-10-05 14:05:04 DONE ist3h_F1_S_west_103 rc=0 722s
2026-10-05 14:05:04 DONE ist3h_K_S_west_103 rc=0 720s
2026-10-05 14:05:04 LAUNCH ist3h_F1_B5_east_101 pid=56096 free=4.9GB running=7
2026-10-05 14:05:06 LAUNCH ist3h_K_B5_east_101 pid=47896 free=5.0GB running=8
2026-10-05 14:05:08 LAUNCH ist3h_B_G1_east_101 pid=47456 free=4.2GB running=9
2026-10-05 14:05:10 LAUNCH ist3h_F12_G1_east_101 pid=49508 free=3.3GB running=10
2026-10-05 14:05:17 DONE ist3h_F12_S_west_103 rc=0 737s
2026-10-05 14:06:32 DONE ist3h_F1_S_east_101 rc=0 818s
2026-10-05 14:06:33 DONE ist3h_K_S_east_101 rc=0 816s
2026-10-05 14:06:33 LAUNCH ist3h_F1_G1_east_101 pid=42880 free=4.2GB running=8
2026-10-05 14:06:35 LAUNCH ist3h_K_G1_east_101 pid=44352 free=3.4GB running=9
2026-10-05 14:15:42 DONE ist3h_K_S_south_102 rc=0 669s
2026-10-05 14:15:42 LAUNCH ist3h_B_A_east_104 pid=43272 free=3.2GB running=9
2026-10-05 14:16:39 DONE ist3h_F12_B5_east_101 rc=0 722s
2026-10-05 14:16:39 LAUNCH ist3h_F12_A_east_104 pid=27176 free=3.3GB running=9
2026-10-05 14:16:41 LAUNCH ist3h_F1_A_east_104 pid=40192 free=3.3GB running=10
2026-10-05 14:16:48 DONE ist3h_B_B5_east_101 rc=0 733s
2026-10-05 14:17:03 DONE ist3h_F1_B5_east_101 rc=0 719s
2026-10-05 14:17:03 LAUNCH ist3h_K_A_east_104 pid=24536 free=3.3GB running=9
2026-10-05 14:17:10 DONE ist3h_K_B5_east_101 rc=0 724s
2026-10-05 14:17:10 LAUNCH ist3h_B_Bsc_east_104 pid=55912 free=3.3GB running=9
2026-10-05 14:18:37 DONE ist3h_B_G1_east_101 rc=0 809s
2026-10-05 14:18:37 LAUNCH ist3h_F12_Bsc_east_104 pid=19960 free=3.3GB running=9
2026-10-05 14:18:44 DONE ist3h_F12_G1_east_101 rc=0 814s
2026-10-05 14:18:44 LAUNCH ist3h_F1_Bsc_east_104 pid=54064 free=3.3GB running=9
2026-10-05 14:20:02 DONE ist3h_F1_G1_east_101 rc=0 809s
2026-10-05 14:20:02 LAUNCH ist3h_K_Bsc_east_104 pid=15276 free=3.2GB running=9
2026-10-05 14:20:09 DONE ist3h_K_G1_east_101 rc=0 814s
2026-10-05 14:20:09 LAUNCH ist3h_B_C_east_104 pid=23172 free=3.3GB running=9
2026-10-05 14:27:46 DONE ist3h_B_A_east_104 rc=0 724s
2026-10-05 14:27:46 LAUNCH ist3h_F12_C_east_104 pid=27432 free=3.3GB running=9
2026-10-05 14:28:43 DONE ist3h_F12_A_east_104 rc=0 724s
2026-10-05 14:28:43 LAUNCH ist3h_F1_C_east_104 pid=36764 free=3.2GB running=9
2026-10-05 14:28:50 DONE ist3h_F1_A_east_104 rc=0 729s
2026-10-05 14:28:50 LAUNCH ist3h_K_C_east_104 pid=14096 free=3.2GB running=9
2026-10-05 14:29:07 DONE ist3h_K_A_east_104 rc=0 724s
2026-10-05 14:31:37 DONE ist3h_B_Bsc_east_104 rc=0 867s
2026-10-05 14:32:52 DONE ist3h_F12_Bsc_east_104 rc=0 855s
2026-10-05 14:33:12 DONE ist3h_F1_Bsc_east_104 rc=0 868s
2026-10-05 14:34:13 DONE ist3h_K_Bsc_east_104 rc=0 851s
2026-10-05 14:39:58 DONE ist3h_B_C_east_104 rc=0 1189s
2026-10-05 14:46:18 DONE ist3h_F12_C_east_104 rc=0 1112s
2026-10-05 14:47:18 DONE ist3h_K_C_east_104 rc=0 1108s
2026-10-05 14:47:33 DONE ist3h_F1_C_east_104 rc=0 1130s
2026-10-05 14:47:38 ALL_MF2_COMPLETE E:\Projects\SAS_wt\istrue\outputs\_ist3h_q.jsonl 32/32 0 FAIL
