DONE s808_m0_east 534s seed=808 mode=0 rescued=3 dead=1 ffd=0 nd=0 latched=0 [] (532.2s)
DONE s909_m0_east 537s seed=909 mode=0 rescued=3 dead=0 ffd=2 nd=0 latched=0 [] (535.2s)
DONE s202_m3_east 707s seed=202 mode=3 rescued=3 dead=1 ffd=0 nd=0 latched=0 [] (705.6s)
DONE s808_m3_east 750s seed=808 mode=3 rescued=2 dead=2 ffd=0 nd=0 latched=2 ['ff_unit_0', 'ff_unit_1'] (749.0s)
DONE s909_m3_east 848s seed=909 mode=3 rescued=2 dead=1 ffd=0 nd=1 latched=0 [] (846.7s)
DONE s202_m0_east 659s seed=202 mode=0 rescued=2 dead=1 ffd=1 nd=0 latched=1 ['ff_unit_1'] (657.1s)
DONE s1111_m3_east 447s seed=1111 mode=3 rescued=2 dead=2 ffd=0 nd=0 latched=0 [] (445.8s)
DONE s1111_m0_east 404s seed=1111 mode=0 rescued=2 dead=2 ffd=1 nd=0 latched=0 [] (402.6s)
DONE s1010_m3_east 593s seed=1010 mode=3 rescued=3 dead=1 ffd=0 nd=0 latched=0 [] (591.4s)
DONE s1010_m0_east 614s seed=1010 mode=0 rescued=1 dead=2 ffd=1 nd=0 latched=0 [] (612.9s)
DONE s1212_m0_east 581s seed=1212 mode=0 rescued=3 dead=1 ffd=0 nd=0 latched=0 [] (578.9s)
DONE s1313_m0_east 603s seed=1313 mode=0 rescued=2 dead=1 ffd=1 nd=1 latched=0 [] (601.7s)
DONE s1212_m3_east 785s seed=1212 mode=3 rescued=2 dead=1 ffd=0 nd=1 latched=0 [] (783.2s)
DONE s1313_m3_east 667s seed=1313 mode=3 rescued=4 dead=0 ffd=0 nd=0 latched=0 [] (666.0s)
DONE s1414_m3_east 848s seed=1414 mode=3 rescued=3 dead=0 ffd=0 nd=1 latched=0 [] (846.4s)
DONE s1414_m0_east 702s seed=1414 mode=0 rescued=2 dead=0 ffd=0 nd=1 latched=0 [] (700.2s)
DONE s1515_m0_east 448s seed=1515 mode=0 rescued=1 dead=1 ffd=2 nd=0 latched=0 [] (446.5s)
DONE s1616_m0_east 496s seed=1616 mode=0 rescued=4 dead=0 ffd=0 nd=0 latched=0 [] (494.5s)
DONE s606_m0_south 307s seed=606 mode=0 rescued=2 dead=0 ffd=0 nd=1 latched=0 [] (305.1s)
DONE s606_m3_south 318s seed=606 mode=3 rescued=3 dead=1 ffd=0 nd=0 latched=0 [] (316.7s)
DONE s1717_m0_east 549s seed=1717 mode=0 rescued=4 dead=0 ffd=0 nd=0 latched=0 [] (547.9s)
DONE s1616_m3_east 776s seed=1616 mode=3 rescued=3 dead=1 ffd=2 nd=0 latched=0 [] (774.2s)
DONE s1515_m3_east 926s seed=1515 mode=3 rescued=2 dead=1 ffd=0 nd=0 latched=0 [] (924.6s)
DONE s707_m3_south 269s seed=707 mode=3 rescued=4 dead=0 ffd=0 nd=0 latched=0 [] (268.1s)
DONE s1717_m3_east 790s seed=1717 mode=3 rescued=2 dead=1 ffd=0 nd=1 latched=0 [] (788.7s)
DONE s707_m0_south 328s seed=707 mode=0 rescued=4 dead=0 ffd=0 nd=0 latched=0 [] (326.0s)
DONE s808_m0_south 336s seed=808 mode=0 rescued=4 dead=0 ffd=1 nd=0 latched=0 [] (334.0s)
DONE s909_m3_south 374s seed=909 mode=3 rescued=4 dead=0 ffd=0 nd=0 latched=0 [] (372.2s)
DONE s909_m0_south 306s seed=909 mode=0 rescued=3 dead=0 ffd=1 nd=0 latched=1 ['ff_unit_0'] (304.0s)
DONE s808_m3_south 419s seed=808 mode=3 rescued=3 dead=1 ffd=0 nd=0 latched=2 ['ff_unit_0', 'ff_unit_1'] (417.2s)
DONE s1010_m3_south 400s seed=1010 mode=3 rescued=4 dead=0 ffd=1 nd=0 latched=0 [] (397.9s)
DONE s1010_m0_south 332s seed=1010 mode=0 rescued=2 dead=0 ffd=1 nd=0 latched=0 [] (330.7s)
DONE s202_m0_south 246s seed=202 mode=0 rescued=4 dead=0 ffd=0 nd=0 latched=0 [] (244.3s)
DONE s202_m3_south 283s seed=202 mode=3 rescued=3 dead=0 ffd=0 nd=1 latched=0 [] (281.4s)
L808 SWEEP2 DONE 02:13:16
