=== START C_east  (5 UAV: 3T+2S)  22:41:56 ===
seed=101   rescued=2 dead=1 unreach=0 nd=0 | lane obs_frac: 2503=0.982 2504=0.923 | id_changes=0 | compliance={'2503': 0.9292, '2504': 0.525}
seed=202   rescued=2 dead=1 unreach=0 nd=0 | lane obs_frac: 2503=1.000 2504=0.928 | id_changes=0 | compliance={'2503': 0.9875, '2504': 0.375}
seed=303   rescued=1 dead=2 unreach=0 nd=0 | lane obs_frac: 2503=0.977 2504=0.972 | id_changes=0 | compliance={'2503': 0.8125, '2504': 0.7625}
seed=404   rescued=2 dead=1 unreach=0 nd=0 | lane obs_frac: 2503=1.000 2504=0.998 | id_changes=0 | compliance={'2503': 0.9875, '2504': 0.3208}
seed=505   rescued=2 dead=1 unreach=0 nd=0 | lane obs_frac: 2503=0.962 2504=0.943 | id_changes=0 | compliance={'2503': 0.9875, '2504': 0.45}
WROTE outputs/lane_matrix/C_east.json
=== DONE  C_east  23:10:37 ===
=== START C_west  (5 UAV: 3T+2S)  23:10:37 ===
seed=101   rescued=2 dead=1 unreach=0 nd=0 | lane obs_frac: 2503=1.000 2504=1.000 | id_changes=0 | compliance={'2503': 0.9375, '2504': 0.6583}
seed=202   rescued=2 dead=1 unreach=0 nd=0 | lane obs_frac: 2503=0.970 2504=0.985 | id_changes=0 | compliance={'2503': 0.9083, '2504': 0.3458}
seed=303   rescued=3 dead=0 unreach=0 nd=0 | lane obs_frac: 2503=0.986 2504=0.950 | id_changes=0 | compliance={'2503': 0.9625, '2504': 0.5958}
seed=404   rescued=2 dead=1 unreach=0 nd=0 | lane obs_frac: 2503=0.990 2504=0.913 | id_changes=0 | compliance={'2503': 0.9833, '2504': 0.3917}
seed=505   rescued=3 dead=0 unreach=0 nd=0 | lane obs_frac: 2503=0.986 2504=0.952 | id_changes=0 | compliance={'2503': 0.9625, '2504': 0.5708}
WROTE outputs/lane_matrix/C_west.json
=== DONE  C_west  23:40:38 ===
=== START C_north  (5 UAV: 3T+2S)  23:40:38 ===
seed=101   rescued=3 dead=0 unreach=0 nd=0 | lane obs_frac: 2503=1.000 2504=0.992 | id_changes=0 | compliance={'2503': 0.8292, '2504': 0.8375}
seed=202   rescued=3 dead=0 unreach=0 nd=0 | lane obs_frac: 2503=1.000 2504=0.981 | id_changes=0 | compliance={'2503': 0.7958, '2504': 0.6625}
seed=303   rescued=2 dead=1 unreach=0 nd=0 | lane obs_frac: 2503=1.000 2504=0.938 | id_changes=0 | compliance={'2503': 0.5792, '2504': 0.5958}
seed=404   rescued=2 dead=1 unreach=0 nd=0 | lane obs_frac: 2503=1.000 2504=0.976 | id_changes=0 | compliance={'2503': 0.7083, '2504': 0.9458}
seed=505   rescued=2 dead=1 unreach=0 nd=0 | lane obs_frac: 2503=0.966 2504=1.000 | id_changes=0 | compliance={'2503': 0.6958, '2504': 0.7167}
WROTE outputs/lane_matrix/C_north.json
=== DONE  C_north  23:59:59 ===
=== START C_south  (5 UAV: 3T+2S)  23:59:59 ===
seed=101   rescued=3 dead=0 unreach=0 nd=0 | lane obs_frac: 2503=0.999 2504=0.994 | id_changes=0 | compliance={'2503': 0.9208, '2504': 0.85}
seed=202   rescued=3 dead=0 unreach=0 nd=0 | lane obs_frac: 2503=0.906 2504=1.000 | id_changes=0 | compliance={'2503': 0.7833, '2504': 0.9}
seed=303   rescued=3 dead=0 unreach=0 nd=0 | lane obs_frac: 2503=1.000 2504=0.976 | id_changes=0 | compliance={'2503': 0.5208, '2504': 0.9}
seed=404   rescued=2 dead=1 unreach=0 nd=0 | lane obs_frac: 2503=1.000 2504=0.987 | id_changes=0 | compliance={'2503': 0.7917, '2504': 1.0}
seed=505   rescued=2 dead=1 unreach=0 nd=0 | lane obs_frac: 2503=0.991 2504=0.830 | id_changes=0 | compliance={'2503': 0.4958, '2504': 0.9917}
WROTE outputs/lane_matrix/C_south.json
=== DONE  C_south  00:19:55 ===
=== START D_east  (4 UAV: 2T+2S)  00:19:55 ===
seed=101   rescued=2 dead=2 unreach=0 nd=0 | lane obs_frac: 2502=0.970 2503=1.000 | id_changes=0 | compliance={'2502': 0.9708, '2503': 0.8125}
seed=202   rescued=2 dead=2 unreach=0 nd=0 | lane obs_frac: 2502=0.974 2503=0.950 | id_changes=0 | compliance={'2502': 0.9875, '2503': 0.8833}
seed=303   rescued=1 dead=3 unreach=0 nd=0 | lane obs_frac: 2502=1.000 2503=0.986 | id_changes=0 | compliance={'2502': 0.9875, '2503': 0.75}
seed=404   rescued=2 dead=2 unreach=0 nd=0 | lane obs_frac: 2502=0.970 2503=0.998 | id_changes=0 | compliance={'2502': 0.9875, '2503': 0.5375}
seed=505   rescued=2 dead=2 unreach=0 nd=0 | lane obs_frac: 2502=1.000 2503=1.000 | id_changes=0 | compliance={'2502': 0.9875, '2503': 0.6167}
WROTE outputs/lane_matrix/D_east.json
=== DONE  D_east  00:58:22 ===
=== START D_west  (4 UAV: 2T+2S)  00:58:22 ===
seed=101   rescued=3 dead=1 unreach=0 nd=0 | lane obs_frac: 2502=1.000 2503=0.992 | id_changes=0 | compliance={'2502': 0.9917, '2503': 0.6083}
seed=202   rescued=3 dead=1 unreach=0 nd=0 | lane obs_frac: 2502=1.000 2503=1.000 | id_changes=0 | compliance={'2502': 0.9875, '2503': 0.6208}
seed=303   rescued=4 dead=0 unreach=0 nd=0 | lane obs_frac: 2502=0.996 2503=0.962 | id_changes=0 | compliance={'2502': 0.9875, '2503': 1.0}
seed=404   rescued=3 dead=0 unreach=1 nd=1 | lane obs_frac: 2502=1.000 2503=0.995 | id_changes=0 | compliance={'2502': 0.9875, '2503': 0.9167}
seed=505   rescued=3 dead=1 unreach=0 nd=0 | lane obs_frac: 2502=0.995 2503=1.000 | id_changes=0 | compliance={'2502': 0.8875, '2503': 0.7292}
WROTE outputs/lane_matrix/D_west.json
=== DONE  D_west  01:36:04 ===
=== START D_north  (4 UAV: 2T+2S)  01:36:04 ===
seed=101   rescued=3 dead=1 unreach=0 nd=0 | lane obs_frac: 2502=1.000 2503=1.000 | id_changes=0 | compliance={'2502': 0.8833, '2503': 1.0}
seed=202   rescued=2 dead=1 unreach=1 nd=1 | lane obs_frac: 2502=1.000 2503=0.941 | id_changes=0 | compliance={'2502': 0.9458, '2503': 0.3708}
seed=303   rescued=2 dead=2 unreach=0 nd=0 | lane obs_frac: 2502=0.910 2503=0.981 | id_changes=0 | compliance={'2502': 0.4542, '2503': 0.6625}
seed=404   rescued=3 dead=1 unreach=0 nd=0 | lane obs_frac: 2502=0.999 2503=0.947 | id_changes=0 | compliance={'2502': 0.7708, '2503': 0.8792}
seed=505   rescued=3 dead=1 unreach=0 nd=0 | lane obs_frac: 2502=0.983 2503=0.990 | id_changes=0 | compliance={'2502': 0.7, '2503': 0.7667}
WROTE outputs/lane_matrix/D_north.json
=== DONE  D_north  01:58:15 ===
=== START D_south  (4 UAV: 2T+2S)  01:58:15 ===
seed=101   rescued=2 dead=1 unreach=1 nd=0 | lane obs_frac: 2502=0.990 2503=1.000 | id_changes=0 | compliance={'2502': 0.825, '2503': 0.7125}
seed=202   rescued=3 dead=1 unreach=0 nd=0 | lane obs_frac: 2502=0.958 2503=0.982 | id_changes=0 | compliance={'2502': 0.9958, '2503': 1.0}
seed=303   rescued=3 dead=1 unreach=0 nd=0 | lane obs_frac: 2502=0.951 2503=0.976 | id_changes=0 | compliance={'2502': 0.6083, '2503': 0.8833}
seed=404   rescued=2 dead=2 unreach=0 nd=0 | lane obs_frac: 2502=1.000 2503=0.995 | id_changes=0 | compliance={'2502': 0.7208, '2503': 0.9}
seed=505   rescued=3 dead=1 unreach=0 nd=0 | lane obs_frac: 2502=0.936 2503=0.955 | id_changes=0 | compliance={'2502': 0.35, '2503': 0.9542}
WROTE outputs/lane_matrix/D_south.json
=== DONE  D_south  02:19:59 ===
ALL DONE 02:19:59
