START post_south_half_606 22:31:38
OK   post_south_half_606 22:37:39
START post_south_half_1010 22:37:39
OK   post_south_half_1010 22:44:07
START post_east_half_606 22:44:07
OK   post_east_half_606 22:57:20
START post_east_half_707 22:57:20
OK   post_east_half_707 23:00:04
START post_east_half_808 23:00:04
OK   post_east_half_808 23:08:17
START post_east_half_909 23:08:17
OK   post_east_half_909 23:14:22
START post_east_half_1010 23:14:22
OK   post_east_half_1010 23:22:34
START post_south_half_707 23:22:34
OK   post_south_half_707 23:27:10
START post_south_half_808 23:27:10
OK   post_south_half_808 23:32:00
START post_south_half_909 23:32:00
OK   post_south_half_909 23:36:10
POSTFRESH DONE 23:36:10
