START post_east_half_505 22:31:28
OK   post_east_half_505 22:43:18
START post_east_default_101 22:43:18
OK   post_east_default_101 22:48:28
START post_east_default_202 22:48:28
OK   post_east_default_202 22:53:41
START post_east_default_303 22:53:41
OK   post_east_default_303 22:59:16
START post_east_half_101 22:59:16
OK   post_east_half_101 23:08:16
START post_east_half_202 23:08:16
OK   post_east_half_202 23:17:38
START post_east_half_303 23:17:38
OK   post_east_half_303 23:24:40
START post_east_half_404 23:24:40
OK   post_east_half_404 23:31:36
START post_south_half_101 23:31:36
OK   post_south_half_101 23:36:45
START post_south_half_202 23:36:45
OK   post_south_half_202 23:40:52
START post_south_half_303 23:40:52
OK   post_south_half_303 23:44:19
START post_south_half_404 23:44:19
OK   post_south_half_404 23:48:45
START post_south_half_505 23:48:45
OK   post_south_half_505 23:52:56
POST13 DONE 23:52:56
