POOL START 2026-09-08 13:54:21 queue=outputs/_lf_q1.txt maxpar=6 minfree_kb=2500000 free_kb_now=5651728
LAUNCH rbc1_east_half_101 running=1 free_kb=5656892 13:54:22
LAUNCH rbc1_east_half_202 running=2 free_kb=4841348 13:54:41
LAUNCH rbc1_east_half_303 running=3 free_kb=3878716 13:55:00
LAUNCH rbc1_east_half_404 running=4 free_kb=2799104 13:55:18
LAUNCH rbc1_east_half_505 running=5 free_kb=2538080 13:59:17
DONE rbc1_east_half_404 rc=0 size=538199 731s rbc1 east/half seed=404 rescued=2 dead=2 unreachable=0 never_detected=0 ff_deaths=1 terminal=162 completions=2 recycles=2 removals=2 returns=2 wall=728s
LAUNCH rbc1_south_half_101 running=5 free_kb=2622436 14:07:41
DONE rbc1_east_half_101 rc=0 size=544018 839s rbc1 east/half seed=101 rescued=2 dead=1 unreachable=0 never_detected=0 ff_deaths=1 terminal=None completions=2 recycles=2 removals=2 returns=2 wall=838s
LAUNCH rbc1_south_half_202 running=5 free_kb=2548100 14:08:31
DONE rbc1_east_half_202 rc=0 size=479885 920s rbc1 east/half seed=202 rescued=2 dead=1 unreachable=1 never_detected=0 ff_deaths=1 terminal=237 completions=2 recycles=2 removals=2 returns=2 wall=919s
DONE rbc1_east_half_303 rc=0 size=547180 949s rbc1 east/half seed=303 rescued=3 dead=1 unreachable=0 never_detected=0 ff_deaths=0 terminal=240 completions=3 recycles=2 removals=3 returns=2 wall=947s
LAUNCH rbc1_south_half_303 running=4 free_kb=3390788 14:10:56
LAUNCH rbc1_south_half_404 running=5 free_kb=2585080 14:11:14
DONE rbc1_east_half_505 rc=0 size=497360 822s rbc1 east/half seed=505 rescued=2 dead=1 unreachable=0 never_detected=0 ff_deaths=0 terminal=None completions=2 recycles=2 removals=2 returns=2 wall=820s
DONE rbc1_south_half_202 rc=0 size=494091 374s rbc1 south/half seed=202 rescued=4 dead=0 unreachable=0 never_detected=0 ff_deaths=0 terminal=193 completions=4 recycles=4 removals=4 returns=4 wall=372s
LAUNCH rbc1_south_half_505 running=4 free_kb=2537636 14:15:12
DONE rbc1_south_half_101 rc=0 size=564280 521s rbc1 south/half seed=101 rescued=3 dead=0 unreachable=0 never_detected=0 ff_deaths=1 terminal=None completions=3 recycles=3 removals=3 returns=3 wall=519s
LAUNCH rbc1_east_def_101 running=4 free_kb=2610704 14:16:34
DONE rbc1_south_half_303 rc=0 size=494174 418s rbc1 south/half seed=303 rescued=3 dead=1 unreachable=0 never_detected=0 ff_deaths=1 terminal=216 completions=3 recycles=3 removals=3 returns=3 wall=417s
LAUNCH rbc1_east_def_202 running=4 free_kb=2614232 14:17:55
DONE rbc1_south_half_404 rc=0 size=532151 470s rbc1 south/half seed=404 rescued=4 dead=0 unreachable=0 never_detected=0 ff_deaths=0 terminal=141 completions=4 recycles=4 removals=4 returns=4 wall=468s
LAUNCH rbc1_east_def_303 running=4 free_kb=2585512 14:19:17
DONE rbc1_south_half_505 rc=0 size=478440 427s rbc1 south/half seed=505 rescued=3 dead=1 unreachable=0 never_detected=0 ff_deaths=0 terminal=108 completions=3 recycles=3 removals=3 returns=3 wall=425s
DONE rbc1_east_def_101 rc=0 size=488628 397s rbc1 east/default seed=101 rescued=1 dead=2 unreachable=1 never_detected=0 ff_deaths=2 terminal=112 completions=1 recycles=1 removals=1 returns=1 wall=396s
DONE rbc1_east_def_202 rc=0 size=460151 337s rbc1 east/default seed=202 rescued=3 dead=1 unreachable=0 never_detected=0 ff_deaths=1 terminal=162 completions=3 recycles=3 removals=3 returns=3 wall=335s
DONE rbc1_east_def_303 rc=0 size=534360 445s rbc1 east/default seed=303 rescued=3 dead=1 unreachable=0 never_detected=0 ff_deaths=0 terminal=125 completions=3 recycles=3 removals=3 returns=3 wall=443s
ALL_DIM_POOL_COMPLETE launched=13 skipped=0 2026-09-08 14:26:42
