LF SWEEP START 2026-09-08 10:57:57 queue=outputs/_lf_sweepq.txt maxpar=5 free_kb=5112828
LAUNCH s808_m3_east_sw2 free_kb=5056104 10:57:58
LAUNCH s808_m0_east_sw2 free_kb=4124680 10:58:14
LAUNCH s909_m3_east_sw2 free_kb=3292992 10:58:30
LAUNCH s909_m0_east_sw2 free_kb=3207612 10:59:48
DONE s808_m0_east_sw2 rc=0 481s seed=808 mode=0 wind=east switch=2 | cleared=0 released=0 | latched=0 enclosed_held=0 horizon=0 unaccounted=0 | GATE PASS
LAUNCH s202_m3_east_sw2 free_kb=3364384 11:06:20
LAUNCH s202_m0_east_sw2 free_kb=2501060 11:06:36
DONE s909_m0_east_sw2 rc=0 488s seed=909 mode=0 wind=east switch=2 | cleared=0 released=0 | latched=0 enclosed_held=0 horizon=0 unaccounted=0 | GATE PASS
LAUNCH s1010_m3_east_sw2 free_kb=2520836 11:08:10
DONE s808_m3_east_sw2 rc=0 700s seed=808 mode=3 wind=east switch=2 | cleared=2 released=0 | latched=0 enclosed_held=0 horizon=0 unaccounted=0 | GATE PASS
LAUNCH s1010_m0_east_sw2 free_kb=2506444 11:09:45
DONE s909_m3_east_sw2 rc=0 778s seed=909 mode=3 wind=east switch=2 | cleared=0 released=0 | latched=0 enclosed_held=0 horizon=0 unaccounted=0 | GATE PASS
LAUNCH s1111_m3_east_sw2 free_kb=2526708 11:11:35
DONE s202_m3_east_sw2 rc=0 647s seed=202 mode=3 wind=east switch=2 | cleared=0 released=0 | latched=0 enclosed_held=0 horizon=0 unaccounted=0 | GATE PASS
DONE s202_m0_east_sw2 rc=0 636s seed=202 mode=0 wind=east switch=2 | cleared=1 released=0 | latched=0 enclosed_held=0 horizon=0 unaccounted=0 | GATE PASS
LAUNCH s1111_m0_east_sw2 free_kb=3375184 11:17:20
DONE s1010_m3_east_sw2 rc=0 568s seed=1010 mode=3 wind=east switch=2 | cleared=0 released=0 | latched=0 enclosed_held=0 horizon=0 unaccounted=0 | GATE PASS
LAUNCH s1212_m3_east_sw2 free_kb=3376200 11:17:51
LAUNCH s1212_m0_east_sw2 free_kb=2516768 11:18:07
DONE s1111_m3_east_sw2 rc=0 431s seed=1111 mode=3 wind=east switch=2 | cleared=0 released=0 | latched=0 enclosed_held=0 horizon=0 unaccounted=0 | GATE PASS
DONE s1010_m0_east_sw2 rc=0 577s seed=1010 mode=0 wind=east switch=2 | cleared=0 released=0 | latched=0 enclosed_held=0 horizon=0 unaccounted=0 | GATE PASS
LAUNCH s1313_m3_east_sw2 free_kb=3242740 11:19:26
DONE s1111_m0_east_sw2 rc=0 398s seed=1111 mode=0 wind=east switch=2 | cleared=0 released=0 | latched=0 enclosed_held=0 horizon=0 unaccounted=0 | GATE PASS
LAUNCH s1313_m0_east_sw2 free_kb=3287884 11:24:08
DONE s1212_m0_east_sw2 rc=0 532s seed=1212 mode=0 wind=east switch=2 | cleared=0 released=0 | latched=0 enclosed_held=0 horizon=0 unaccounted=0 | GATE PASS
LAUNCH s1414_m3_east_sw2 free_kb=3338672 11:27:01
DONE s1313_m3_east_sw2 rc=0 589s seed=1313 mode=3 wind=east switch=2 | cleared=0 released=0 | latched=0 enclosed_held=0 horizon=0 unaccounted=0 | GATE PASS
LAUNCH s1414_m0_east_sw2 free_kb=3358784 11:29:22
DONE s1212_m3_east_sw2 rc=0 710s seed=1212 mode=3 wind=east switch=2 | cleared=0 released=0 | latched=0 enclosed_held=0 horizon=0 unaccounted=0 | GATE PASS
LAUNCH s1515_m3_east_sw2 free_kb=3347188 11:29:54
DONE s1313_m0_east_sw2 rc=0 572s seed=1313 mode=0 wind=east switch=2 | cleared=0 released=0 | latched=0 enclosed_held=0 horizon=0 unaccounted=0 | GATE PASS
LAUNCH s1515_m0_east_sw2 free_kb=3334600 11:33:49
DONE s1414_m3_east_sw2 rc=0 745s seed=1414 mode=3 wind=east switch=2 | cleared=0 released=0 | latched=0 enclosed_held=0 horizon=0 unaccounted=0 | GATE PASS
LAUNCH s1616_m3_east_sw2 free_kb=3329648 11:39:34
DONE s1414_m0_east_sw2 rc=0 631s seed=1414 mode=0 wind=east switch=2 | cleared=0 released=0 | latched=0 enclosed_held=0 horizon=1 unaccounted=0 | GATE PASS
LAUNCH s1616_m0_east_sw2 free_kb=3288648 11:40:05
DONE s1515_m0_east_sw2 rc=0 406s seed=1515 mode=0 wind=east switch=2 | cleared=0 released=0 | latched=0 enclosed_held=0 horizon=0 unaccounted=0 | GATE PASS
LAUNCH s1717_m3_east_sw2 free_kb=3316208 11:40:37
DONE s1515_m3_east_sw2 rc=0 973s seed=1515 mode=3 wind=east switch=2 | cleared=0 released=0 | latched=0 enclosed_held=0 horizon=1 unaccounted=0 | GATE PASS
LAUNCH s1717_m0_east_sw2 free_kb=3276984 11:46:22
DONE s1616_m0_east_sw2 rc=0 459s seed=1616 mode=0 wind=east switch=2 | cleared=0 released=0 | latched=0 enclosed_held=0 horizon=0 unaccounted=0 | GATE PASS
LAUNCH s606_m3_south_sw2 free_kb=3323260 11:47:56
DONE s1616_m3_east_sw2 rc=0 679s seed=1616 mode=3 wind=east switch=2 | cleared=0 released=0 | latched=0 enclosed_held=0 horizon=0 unaccounted=0 | GATE PASS
LAUNCH s606_m0_south_sw2 free_kb=3282264 11:51:04
DONE s1717_m3_east_sw2 rc=0 725s seed=1717 mode=3 wind=east switch=2 | cleared=0 released=0 | latched=0 enclosed_held=0 horizon=0 unaccounted=0 | GATE PASS
DONE s606_m3_south_sw2 rc=0 291s seed=606 mode=3 wind=south switch=2 | cleared=0 released=0 | latched=0 enclosed_held=0 horizon=0 unaccounted=0 | GATE PASS
LAUNCH s707_m3_south_sw2 free_kb=4211532 11:52:54
LAUNCH s707_m0_south_sw2 free_kb=3344840 11:53:10
DONE s1717_m0_east_sw2 rc=0 492s seed=1717 mode=0 wind=east switch=2 | cleared=0 released=0 | latched=0 enclosed_held=0 horizon=0 unaccounted=0 | GATE PASS
LAUNCH s808_m3_south_sw2 free_kb=3318824 11:54:45
DONE s606_m0_south_sw2 rc=0 306s seed=606 mode=0 wind=south switch=2 | cleared=0 released=0 | latched=0 enclosed_held=0 horizon=1 unaccounted=0 | GATE PASS
LAUNCH s808_m0_south_sw2 free_kb=3329576 11:56:19
DONE s707_m3_south_sw2 rc=0 215s seed=707 mode=3 wind=south switch=2 | cleared=0 released=0 | latched=0 enclosed_held=0 horizon=0 unaccounted=0 | GATE PASS
LAUNCH s909_m3_south_sw2 free_kb=3360912 11:56:35
DONE s707_m0_south_sw2 rc=0 300s seed=707 mode=0 wind=south switch=2 | cleared=0 released=0 | latched=0 enclosed_held=0 horizon=0 unaccounted=0 | GATE PASS
LAUNCH s909_m0_south_sw2 free_kb=3357480 11:58:25
DONE s808_m3_south_sw2 rc=0 382s seed=808 mode=3 wind=south switch=2 | cleared=2 released=0 | latched=0 enclosed_held=0 horizon=0 unaccounted=0 | GATE PASS
LAUNCH s1010_m3_south_sw2 free_kb=3188160 12:01:17
DONE s808_m0_south_sw2 rc=0 309s seed=808 mode=0 wind=south switch=2 | cleared=0 released=0 | latched=0 enclosed_held=0 horizon=0 unaccounted=0 | GATE PASS
LAUNCH s1010_m0_south_sw2 free_kb=3175732 12:01:33
DONE s909_m3_south_sw2 rc=0 341s seed=909 mode=3 wind=south switch=2 | cleared=0 released=0 | latched=0 enclosed_held=0 horizon=0 unaccounted=0 | GATE PASS
LAUNCH s202_m3_south_sw2 free_kb=3227188 12:02:21
DONE s909_m0_south_sw2 rc=0 269s seed=909 mode=0 wind=south switch=2 | cleared=0 released=0 | latched=0 enclosed_held=0 horizon=1 unaccounted=0 | GATE PASS
LAUNCH s202_m0_south_sw2 free_kb=3243852 12:03:08
DONE s1010_m0_south_sw2 rc=0 334s seed=1010 mode=0 wind=south switch=2 | cleared=0 released=0 | latched=0 enclosed_held=0 horizon=1 unaccounted=0 | GATE PASS
DONE s202_m3_south_sw2 rc=0 286s seed=202 mode=3 wind=south switch=2 | cleared=0 released=0 | latched=0 enclosed_held=0 horizon=0 unaccounted=0 | GATE PASS
LAUNCH s808_m3_east_sw0 free_kb=4170960 12:07:19
DONE s202_m0_south_sw2 rc=0 258s seed=202 mode=0 wind=south switch=2 | cleared=0 released=0 | latched=0 enclosed_held=0 horizon=0 unaccounted=0 | GATE PASS
LAUNCH s202_m0_east_sw0 free_kb=4194812 12:07:35
LAUNCH s808_m3_south_sw0 free_kb=3334688 12:07:51
DONE s1010_m3_south_sw2 rc=0 405s seed=1010 mode=3 wind=south switch=2 | cleared=0 released=0 | latched=0 enclosed_held=0 horizon=0 unaccounted=0 | GATE PASS
LAUNCH s909_m0_south_sw0 free_kb=3333644 12:08:07
DONE s909_m0_south_sw0 rc=0 429s seed=909 mode=0 wind=south switch=0 | cleared=0 released=0 | latched=0 enclosed_held=0 horizon=1 unaccounted=0 | GATE PASS
DONE s808_m3_south_sw0 rc=3 562s seed=808 mode=3 wind=south switch=0 | cleared=0 released=0 | latched=2 enclosed_held=0 horizon=0 unaccounted=0 | GATE FAIL
DONE s202_m0_east_sw0 rc=3 989s seed=202 mode=0 wind=east switch=0 | cleared=0 released=0 | latched=1 enclosed_held=0 horizon=0 unaccounted=0 | GATE FAIL
DONE s808_m3_east_sw0 rc=3 1074s seed=808 mode=3 wind=east switch=0 | cleared=0 released=0 | latched=2 enclosed_held=0 horizon=0 unaccounted=0 | GATE FAIL
LF SWEEP DONE 2026-09-08 12:25:13
