POOL START 2026-09-08 09:41:36 queue=outputs/_lf_queue.txt maxpar=6 minfree_kb=2500000 free_kb_now=5894900
LAUNCH rbcoff_east_half_101 running=1 free_kb=5899248 09:41:38
LAUNCH rbcoff_east_half_202 running=2 free_kb=5074868 09:41:58
LAUNCH rbcoff_east_half_303 running=3 free_kb=4222420 09:42:19
LAUNCH rbcoff_east_half_404 running=4 free_kb=3349060 09:42:40
DONE rbcoff_east_half_404 rc=0 size=538201 510s rbcoff east/half seed=404 rescued=2 dead=2 unreachable=0 never_detected=0 ff_deaths=1 terminal=162 completions=2 recycles=2 removals=2 returns=2 wall=509s
LAUNCH rbcoff_east_half_505 running=4 free_kb=3350752 09:51:22
DONE rbcoff_east_half_101 rc=0 size=544020 585s rbcoff east/half seed=101 rescued=2 dead=1 unreachable=0 never_detected=0 ff_deaths=1 terminal=None completions=2 recycles=2 removals=2 returns=2 wall=584s
LAUNCH rbcoff_south_half_101 running=4 free_kb=3393332 09:51:43
LAUNCH rbcoff_south_half_202 running=5 free_kb=2522292 09:52:03
DONE rbcoff_east_half_202 rc=0 size=479907 635s rbcoff east/half seed=202 rescued=2 dead=1 unreachable=1 never_detected=0 ff_deaths=1 terminal=237 completions=2 recycles=2 removals=2 returns=2 wall=633s
DONE rbcoff_east_half_303 rc=0 size=547182 620s rbcoff east/half seed=303 rescued=3 dead=1 unreachable=0 never_detected=0 ff_deaths=0 terminal=240 completions=3 recycles=2 removals=3 returns=2 wall=618s
LAUNCH rbcoff_south_half_303 running=4 free_kb=3431512 09:52:40
LAUNCH rbcoff_south_half_404 running=5 free_kb=2544824 09:53:01
DONE rbcoff_south_half_202 rc=0 size=494093 251s rbcoff south/half seed=202 rescued=4 dead=0 unreachable=0 never_detected=0 ff_deaths=0 terminal=193 completions=4 recycles=4 removals=4 returns=4 wall=249s
LAUNCH rbcoff_south_half_505 running=5 free_kb=2507544 09:56:29
DONE rbcoff_south_half_303 rc=0 size=494176 276s rbcoff south/half seed=303 rescued=3 dead=1 unreachable=0 never_detected=0 ff_deaths=1 terminal=216 completions=3 recycles=3 removals=3 returns=3 wall=274s
LAUNCH rbcoff_east_def_101 running=5 free_kb=2507588 09:57:22
DONE rbcoff_south_half_101 rc=0 size=564282 352s rbcoff south/half seed=101 rescued=3 dead=0 unreachable=0 never_detected=0 ff_deaths=1 terminal=None completions=3 recycles=3 removals=3 returns=3 wall=351s
LAUNCH rbcoff_east_def_202 running=5 free_kb=2571524 09:57:42
DONE rbcoff_south_half_404 rc=0 size=532153 309s rbcoff south/half seed=404 rescued=4 dead=0 unreachable=0 never_detected=0 ff_deaths=0 terminal=141 completions=4 recycles=4 removals=4 returns=4 wall=308s
LAUNCH rbcoff_east_def_303 running=5 free_kb=2586668 09:58:19
DONE rbcoff_east_half_505 rc=0 size=497362 543s rbcoff east/half seed=505 rescued=2 dead=1 unreachable=0 never_detected=0 ff_deaths=0 terminal=None completions=2 recycles=2 removals=2 returns=2 wall=541s
LAUNCH rbcon_east_half_101 running=5 free_kb=2508368 10:00:45
DONE rbcoff_south_half_505 rc=0 size=478442 283s rbcoff south/half seed=505 rescued=3 dead=1 unreachable=0 never_detected=0 ff_deaths=0 terminal=108 completions=3 recycles=3 removals=3 returns=3 wall=281s
LAUNCH rbcon_east_half_202 running=5 free_kb=2539476 10:01:21
DONE rbcoff_east_def_202 rc=0 size=460153 221s rbcoff east/default seed=202 rescued=3 dead=1 unreachable=0 never_detected=0 ff_deaths=1 terminal=162 completions=3 recycles=3 removals=3 returns=3 wall=219s
DONE rbcoff_east_def_101 rc=0 size=488630 249s rbcoff east/default seed=101 rescued=1 dead=2 unreachable=1 never_detected=0 ff_deaths=2 terminal=112 completions=1 recycles=1 removals=1 returns=1 wall=248s
LAUNCH rbcon_east_half_303 running=4 free_kb=3429184 10:01:42
LAUNCH rbcon_east_half_404 running=5 free_kb=2556864 10:02:03
DONE rbcoff_east_def_303 rc=0 size=534362 284s rbcoff east/default seed=303 rescued=3 dead=1 unreachable=0 never_detected=0 ff_deaths=0 terminal=125 completions=3 recycles=3 removals=3 returns=3 wall=282s
LAUNCH rbcon_east_half_505 running=5 free_kb=2582532 10:03:11
DONE rbcon_east_half_101 rc=0 size=544019 616s rbcon east/half seed=101 rescued=2 dead=1 unreachable=0 never_detected=0 ff_deaths=1 terminal=None completions=2 recycles=2 removals=2 returns=2 wall=614s
DONE rbcon_east_half_404 rc=0 size=538200 540s rbcon east/half seed=404 rescued=2 dead=2 unreachable=0 never_detected=0 ff_deaths=1 terminal=162 completions=2 recycles=2 removals=2 returns=2 wall=539s
LAUNCH rbcon_south_half_101 running=4 free_kb=3427720 10:11:07
LAUNCH rbcon_south_half_202 running=5 free_kb=2544348 10:11:27
DONE rbcon_east_half_202 rc=0 size=479886 646s rbcon east/half seed=202 rescued=2 dead=1 unreachable=1 never_detected=0 ff_deaths=1 terminal=237 completions=2 recycles=2 removals=2 returns=2 wall=644s
DONE rbcon_east_half_505 rc=0 size=497361 540s rbcon east/half seed=505 rescued=2 dead=1 unreachable=0 never_detected=0 ff_deaths=0 terminal=None completions=2 recycles=2 removals=2 returns=2 wall=539s
LAUNCH rbcon_south_half_303 running=4 free_kb=3421912 10:12:19
DONE rbcon_east_half_303 rc=0 size=547181 645s rbcon east/half seed=303 rescued=3 dead=1 unreachable=0 never_detected=0 ff_deaths=0 terminal=240 completions=3 recycles=2 removals=3 returns=2 wall=643s
LAUNCH rbcon_south_half_404 running=4 free_kb=3364360 10:12:40
DONE rbcon_south_half_202 rc=0 size=494092 246s rbcon south/half seed=202 rescued=4 dead=0 unreachable=0 never_detected=0 ff_deaths=0 terminal=193 completions=4 recycles=4 removals=4 returns=4 wall=244s
LAUNCH rbcon_south_half_505 running=4 free_kb=3367080 10:15:38
LAUNCH rbcon_east_def_101 running=5 free_kb=2502024 10:15:58
DONE rbcon_south_half_303 rc=0 size=494175 274s rbcon south/half seed=303 rescued=3 dead=1 unreachable=0 never_detected=0 ff_deaths=1 terminal=216 completions=3 recycles=3 removals=3 returns=3 wall=271s
DONE rbcon_south_half_101 rc=0 size=564281 348s rbcon south/half seed=101 rescued=3 dead=0 unreachable=0 never_detected=0 ff_deaths=1 terminal=None completions=3 recycles=3 removals=3 returns=3 wall=346s
LAUNCH rbcon_east_def_202 running=4 free_kb=3458236 10:17:06
LAUNCH rbcon_east_def_303 running=5 free_kb=2588228 10:17:27
DONE rbcon_south_half_404 rc=0 size=532152 308s rbcon south/half seed=404 rescued=4 dead=0 unreachable=0 never_detected=0 ff_deaths=0 terminal=141 completions=4 recycles=4 removals=4 returns=4 wall=306s
LAUNCH rbcoff_east_half_606 running=5 free_kb=2586940 10:18:03
DONE rbcon_east_def_101 rc=0 size=488629 250s rbcon east/default seed=101 rescued=1 dead=2 unreachable=1 never_detected=0 ff_deaths=2 terminal=112 completions=1 recycles=1 removals=1 returns=1 wall=248s
DONE rbcon_south_half_505 rc=0 size=478441 280s rbcon south/half seed=505 rescued=3 dead=1 unreachable=0 never_detected=0 ff_deaths=0 terminal=108 completions=3 recycles=3 removals=3 returns=3 wall=279s
LAUNCH rbcoff_east_half_707 running=4 free_kb=3409512 10:20:29
LAUNCH rbcoff_east_half_808 running=5 free_kb=2528040 10:20:50
DONE rbcon_east_def_202 rc=0 size=460152 229s rbcon east/default seed=202 rescued=3 dead=1 unreachable=0 never_detected=0 ff_deaths=1 terminal=162 completions=3 recycles=3 removals=3 returns=3 wall=227s
LAUNCH rbcoff_east_half_909 running=5 free_kb=2524472 10:21:11
DONE rbcon_east_def_303 rc=0 size=534361 291s rbcon east/default seed=303 rescued=3 dead=1 unreachable=0 never_detected=0 ff_deaths=0 terminal=125 completions=3 recycles=3 removals=3 returns=3 wall=290s
LAUNCH rbcoff_east_half_1010 running=6 free_kb=2565800 10:22:19
DONE rbcoff_east_half_707 rc=0 size=382287 153s rbcoff east/half seed=707 rescued=4 dead=0 unreachable=0 never_detected=0 ff_deaths=0 terminal=186 completions=4 recycles=4 removals=4 returns=4 wall=151s
DONE rbcoff_east_half_606 rc=0 size=487369 630s rbcoff east/half seed=606 rescued=3 dead=1 unreachable=0 never_detected=0 ff_deaths=1 terminal=212 completions=3 recycles=3 removals=3 returns=3 wall=628s
DONE rbcoff_east_half_808 rc=0 size=486732 520s rbcoff east/half seed=808 rescued=3 dead=1 unreachable=0 never_detected=0 ff_deaths=0 terminal=173 completions=3 recycles=3 removals=3 returns=3 wall=519s
LAUNCH rbcoff_south_half_606 running=3 free_kb=3366988 10:29:43
DONE rbcoff_east_half_909 rc=0 size=507860 518s rbcoff east/half seed=909 rescued=3 dead=0 unreachable=1 never_detected=0 ff_deaths=2 terminal=190 completions=3 recycles=3 removals=3 returns=3 wall=517s
LAUNCH rbcoff_south_half_707 running=3 free_kb=3274076 10:30:04
DONE rbcoff_east_half_1010 rc=0 size=529879 615s rbcoff east/half seed=1010 rescued=1 dead=2 unreachable=0 never_detected=0 ff_deaths=1 terminal=None completions=1 recycles=1 removals=1 returns=1 wall=613s
LAUNCH rbcoff_south_half_808 running=3 free_kb=3371292 10:32:46
LAUNCH rbcoff_south_half_909 running=4 free_kb=2528872 10:33:06
DONE rbcoff_south_half_606 rc=0 size=539739 297s rbcoff south/half seed=606 rescued=2 dead=0 unreachable=1 never_detected=1 ff_deaths=0 terminal=None completions=2 recycles=2 removals=2 returns=2 wall=295s
DONE rbcoff_south_half_707 rc=0 size=450920 313s rbcoff south/half seed=707 rescued=4 dead=0 unreachable=0 never_detected=0 ff_deaths=0 terminal=163 completions=4 recycles=4 removals=4 returns=4 wall=311s
LAUNCH rbcoff_south_half_1010 running=4 free_kb=3373192 10:35:17
LAUNCH rbcon_east_half_606 running=4 free_kb=2543440 10:35:38
DONE rbcoff_south_half_909 rc=0 size=532056 284s rbcoff south/half seed=909 rescued=3 dead=0 unreachable=0 never_detected=0 ff_deaths=1 terminal=None completions=3 recycles=3 removals=3 returns=3 wall=282s
LAUNCH rbcon_east_half_707 running=4 free_kb=2549944 10:38:04
DONE rbcoff_south_half_808 rc=0 size=482387 327s rbcoff south/half seed=808 rescued=4 dead=0 unreachable=0 never_detected=0 ff_deaths=1 terminal=115 completions=4 recycles=4 removals=4 returns=4 wall=326s
LAUNCH rbcon_east_half_808 running=4 free_kb=2547024 10:38:25
DONE rbcon_east_half_707 rc=0 size=382286 155s rbcon east/half seed=707 rescued=4 dead=0 unreachable=0 never_detected=0 ff_deaths=0 terminal=186 completions=4 recycles=4 removals=4 returns=4 wall=153s
DONE rbcoff_south_half_1010 rc=0 size=505259 331s rbcoff south/half seed=1010 rescued=2 dead=0 unreachable=0 never_detected=0 ff_deaths=1 terminal=None completions=2 recycles=2 removals=2 returns=2 wall=330s
LAUNCH rbcon_east_half_909 running=3 free_kb=3373644 10:40:51
DONE rbcon_east_half_606 rc=0 size=487368 579s rbcon east/half seed=606 rescued=3 dead=1 unreachable=0 never_detected=0 ff_deaths=1 terminal=212 completions=3 recycles=3 removals=3 returns=3 wall=578s
LAUNCH rbcon_east_half_1010 running=3 free_kb=3370484 10:45:22
LAUNCH rbcon_south_half_606 running=4 free_kb=2521476 10:45:58
DONE rbcon_east_half_808 rc=0 size=486731 514s rbcon east/half seed=808 rescued=3 dead=1 unreachable=0 never_detected=0 ff_deaths=0 terminal=173 completions=3 recycles=3 removals=3 returns=3 wall=512s
LAUNCH rbcon_south_half_707 running=4 free_kb=2524756 10:47:06
DONE rbcon_east_half_909 rc=0 size=507859 493s rbcon east/half seed=909 rescued=3 dead=0 unreachable=1 never_detected=0 ff_deaths=2 terminal=190 completions=3 recycles=3 removals=3 returns=3 wall=491s
DONE rbcon_south_half_606 rc=0 size=539738 285s rbcon south/half seed=606 rescued=2 dead=0 unreachable=1 never_detected=1 ff_deaths=0 terminal=None completions=2 recycles=2 removals=2 returns=2 wall=283s
LAUNCH rbcon_south_half_808 running=3 free_kb=3354220 10:50:51
DONE rbcon_south_half_707 rc=0 size=450919 302s rbcon south/half seed=707 rescued=4 dead=0 unreachable=0 never_detected=0 ff_deaths=0 terminal=163 completions=4 recycles=4 removals=4 returns=4 wall=301s
LAUNCH rbcon_south_half_909 running=3 free_kb=3372772 10:52:14
LAUNCH rbcon_south_half_1010 running=4 free_kb=2507712 10:52:35
DONE rbcon_east_half_1010 rc=0 size=529878 574s rbcon east/half seed=1010 rescued=1 dead=2 unreachable=0 never_detected=0 ff_deaths=1 terminal=None completions=1 recycles=1 removals=1 returns=1 wall=572s
DONE rbcon_south_half_808 rc=0 size=482386 314s rbcon south/half seed=808 rescued=4 dead=0 unreachable=0 never_detected=0 ff_deaths=1 terminal=115 completions=4 recycles=4 removals=4 returns=4 wall=313s
DONE rbcon_south_half_909 rc=0 size=532055 270s rbcon south/half seed=909 rescued=3 dead=0 unreachable=0 never_detected=0 ff_deaths=1 terminal=None completions=3 recycles=3 removals=3 returns=3 wall=268s
DONE rbcon_south_half_1010 rc=0 size=505258 316s rbcon south/half seed=1010 rescued=2 dead=0 unreachable=0 never_detected=0 ff_deaths=1 terminal=None completions=2 recycles=2 removals=2 returns=2 wall=315s
ALL_DIM_POOL_COMPLETE launched=46 skipped=0 2026-09-08 10:57:51
