[16:13:56] POOL START wave=merge runid=20260914-161356-4717 restart=0 pid=4717 winpid=28472 head=6adeb4f dirty_tracked=0 queue=outputs/_merge_verify_queue.txt maxpar=3 minfree_kb=3500000
[16:13:57] ENV 3.10.11 mesa 1.2.1  prereg_sha256=a947cbb1afddcc67 queue_sha256=0d5b493194c566f9
[16:13:57] SHIPPED BASE_STATION_MODE=3 BASE_STATION_RETURN_MECHANISM=2 BASE_STATION_DEPOTS=9 BASE_STATION_SPAWN_SPLIT=2 UAV_RETURN_TO_BASE_RESERVE=0.0 BASE_STATION_RETURN_MARGIN=39.23 BASE_STATION_DOCK_FIX=2 BASE_STATION_RETURN_STALL_LIMIT=3 BASE_STATION_WAYPOINT_FIX=1 ROUTE_BLOCK_STALE_CLEAR=1 VICTIM_SEARCHER_HAZARD_RETREAT_RANGE=99
[16:13:58] VALIDATE total=3 valid=0 invalid=0 missing=3
[16:13:58] START STATE wave=merge total=3 valid=0 pending=3 live_orphans_this_wave=0 sims_boxwide=0 free_kb=18795932
[16:13:58] HEARTBEAT pid=4755 every 60s -> outputs/_merge_verify_wave.log ; state file outputs/_merge_verify_state.txt ; sentinel outputs/_merge_verify_hb_20260914-161356-4717.stop
[16:13:58] LAUNCH mgD_east_half_101 running=1 free_kb=18786688 sims_boxwide=0 attempt=1
[16:14:11] LAUNCH mgD_south_half_101 running=2 free_kb=17870964 sims_boxwide=1 attempt=1
[16:14:24] LAUNCH mgD_east_def_101 running=3 free_kb=16983896 sims_boxwide=2 attempt=1
[16:14:58] .. alive runid=20260914-161356-4717 event_age=34s | wave=merge total=3 valid=0 running=3 pending=0 launched=3 failed=0 gaveup=0 forkfail=0 free_kb=16983896 sims_boxwide=2 last_event_age=0s last_event_epoch=1789395264
[16:15:58] .. alive runid=20260914-161356-4717 event_age=94s | wave=merge total=3 valid=0 running=3 pending=0 launched=3 failed=0 gaveup=0 forkfail=0 free_kb=16983896 sims_boxwide=2 last_event_age=0s last_event_epoch=1789395264
[16:16:58] .. alive runid=20260914-161356-4717 event_age=154s | wave=merge total=3 valid=0 running=3 pending=0 launched=3 failed=0 gaveup=0 forkfail=0 free_kb=16983896 sims_boxwide=2 last_event_age=0s last_event_epoch=1789395264
[16:17:58] .. alive runid=20260914-161356-4717 event_age=214s | wave=merge total=3 valid=0 running=3 pending=0 launched=3 failed=0 gaveup=0 forkfail=0 free_kb=16983896 sims_boxwide=2 last_event_age=0s last_event_epoch=1789395264
[16:18:13] DONE mgD_east_def_101 rc=0 228s mgD east/default seed=101 rescued=3 dead=0 unreachable=1 never_detected=1 ff_deaths=0 terminal=215 completions=3 recycles=3 removals=3 returns=3 wall=227s [valid 1/3]
[16:18:58] .. alive runid=20260914-161356-4717 event_age=46s | wave=merge total=3 valid=1 running=2 pending=0 launched=3 failed=0 gaveup=0 forkfail=0 free_kb=16983896 sims_boxwide=2 last_event_age=1s last_event_epoch=1789395492
[16:19:04] DONE mgD_south_half_101 rc=0 293s mgD south/half seed=101 rescued=2 dead=1 unreachable=1 never_detected=0 ff_deaths=2 terminal=159 completions=2 recycles=2 removals=2 returns=2 wall=291s [valid 2/3]
[16:19:58] .. alive runid=20260914-161356-4717 event_age=54s | wave=merge total=3 valid=2 running=1 pending=0 launched=3 failed=0 gaveup=0 forkfail=0 free_kb=16983896 sims_boxwide=2 last_event_age=0s last_event_epoch=1789395544
[16:20:58] .. alive runid=20260914-161356-4717 event_age=114s | wave=merge total=3 valid=2 running=1 pending=0 launched=3 failed=0 gaveup=0 forkfail=0 free_kb=16983896 sims_boxwide=2 last_event_age=0s last_event_epoch=1789395544
[16:21:15] DONE mgD_east_half_101 rc=0 436s mgD east/half seed=101 rescued=4 dead=0 unreachable=0 never_detected=0 ff_deaths=1 terminal=127 completions=4 recycles=4 removals=4 returns=4 wall=435s [valid 3/3]
[16:21:15] MAIN LOOP LEFT pending=0 running=0
[16:21:15] FINAL SUMMARY total=3 valid=3 invalid=0 missing=0
[16:21:15] FINAL wave=merge SUMMARY total=3 valid=3 invalid=0 missing=0 live_this_wave=0 sims_boxwide=0
[16:21:16] ALL_DCD4RB_COMPLETE wave=merge runid=20260914-161356-4717 valid=3/3 launched=3 failed=0 forkfail=0
[16:21:58] HEARTBEAT EXIT wave=merge runid=20260914-161356-4717 (sentinel)
