2026-09-28 15:36:45 START outputs/_mf1_q_harness.jsonl 89 runs maxpar=12 min_free=2.0
2026-09-28 15:36:45 LAUNCH mf1R_D_east_half_101 pid=14264 free=6.1GB running=1
2026-09-28 15:36:47 LAUNCH mf1R_D_east_half_202 pid=66912 free=5.3GB running=2
2026-09-28 15:36:49 LAUNCH mf1R_D_east_half_303 pid=3772 free=4.5GB running=3
2026-09-28 15:36:51 LAUNCH mf1R_D_east_half_404 pid=60820 free=3.6GB running=4
2026-09-28 15:36:53 LAUNCH mf1R_D_east_half_505 pid=19396 free=2.8GB running=5
2026-09-28 15:36:55 LAUNCH mf1R_D_south_half_101 pid=13048 free=2.0GB running=6
2026-09-28 15:38:02 LAUNCH mf1R_D_south_half_202 pid=56024 free=2.2GB running=7
2026-09-28 15:41:24 LAUNCH mf1R_D_south_half_303 pid=26164 free=2.1GB running=8
2026-09-28 15:42:36 DONE mf1R_D_south_half_101 rc=0 341s
2026-09-28 15:42:36 LAUNCH mf1R_D_south_half_404 pid=17292 free=2.2GB running=8
2026-09-28 15:44:43 DONE mf1R_D_south_half_202 rc=0 401s
2026-09-28 15:44:43 LAUNCH mf1R_D_south_half_505 pid=59944 free=2.1GB running=8
2026-09-28 15:44:55 DONE mf1R_D_east_half_202 rc=0 489s
2026-09-28 15:44:55 LAUNCH mf1R_D_east_default_101 pid=53376 free=2.1GB running=8
2026-09-28 15:44:57 LAUNCH mf1R_D_east_default_202 pid=6592 free=2.2GB running=9
2026-09-28 15:45:04 DONE mf1R_D_east_half_505 rc=0 492s
2026-09-28 15:45:54 DONE mf1R_D_east_half_101 rc=0 550s
2026-09-28 15:45:54 LAUNCH mf1R_D_east_default_303 pid=59668 free=2.2GB running=8
2026-09-28 15:46:06 DONE mf1R_D_east_half_303 rc=0 558s
2026-09-28 15:46:06 LAUNCH mf1R_A_west_default_9501 pid=66156 free=2.2GB running=8
2026-09-28 15:46:33 DONE mf1R_D_south_half_303 rc=0 309s
2026-09-28 15:46:33 LAUNCH mf1R_B_north_default_9502 pid=25708 free=2.2GB running=8
2026-09-28 15:49:11 DONE mf1R_D_south_half_404 rc=0 395s
2026-09-28 15:49:11 LAUNCH mf1R_C_south_default_9503 pid=55548 free=2.1GB running=8
2026-09-28 15:49:33 DONE mf1R_D_south_half_505 rc=0 289s
2026-09-28 15:49:33 LAUNCH mf1Z_D_east_half_101 pid=9188 free=2.1GB running=8
2026-09-28 15:50:20 DONE mf1R_D_east_default_202 rc=0 322s
2026-09-28 15:50:20 LAUNCH mf1Z_D_east_half_202 pid=20900 free=2.1GB running=8
2026-09-28 15:50:42 DONE mf1R_D_east_default_101 rc=0 347s
2026-09-28 15:50:42 LAUNCH mf1Z_D_east_half_303 pid=19116 free=2.1GB running=8
2026-09-28 15:50:49 DONE mf1R_D_east_default_303 rc=0 294s
2026-09-28 15:50:49 LAUNCH mf1Z_D_east_half_404 pid=67484 free=2.2GB running=8
2026-09-28 15:51:31 DONE mf1R_A_west_default_9501 rc=0 324s
2026-09-28 15:51:31 LAUNCH mf1Z_D_east_half_505 pid=10256 free=2.2GB running=8
2026-09-28 15:52:23 DONE mf1R_D_east_half_404 rc=0 932s
2026-09-28 15:52:23 LAUNCH mf1Z_D_south_half_101 pid=11968 free=2.2GB running=8
2026-09-28 15:53:15 DONE mf1R_B_north_default_9502 rc=0 402s
2026-09-28 15:53:15 LAUNCH mf1Z_D_south_half_202 pid=14844 free=2.2GB running=8
2026-09-28 15:55:02 DONE mf1R_C_south_default_9503 rc=0 352s
2026-09-28 15:55:02 LAUNCH mf1Z_D_south_half_303 pid=34796 free=2.1GB running=8
2026-09-28 15:58:04 DONE mf1Z_D_south_half_101 rc=0 341s
2026-09-28 15:58:04 LAUNCH mf1Z_D_south_half_404 pid=39124 free=2.1GB running=8
2026-09-28 15:58:31 DONE mf1Z_D_east_half_202 rc=0 492s
2026-09-28 15:58:31 LAUNCH mf1Z_D_south_half_505 pid=65364 free=2.1GB running=8
2026-09-28 15:58:48 DONE mf1Z_D_east_half_101 rc=0 556s
2026-09-28 15:58:48 LAUNCH mf1Z_D_east_default_101 pid=40612 free=2.2GB running=8
2026-09-28 15:59:41 DONE mf1Z_D_east_half_505 rc=0 490s
2026-09-28 15:59:41 LAUNCH mf1Z_D_east_default_202 pid=57408 free=2.1GB running=8
2026-09-28 15:59:58 DONE mf1Z_D_east_half_303 rc=0 556s
2026-09-28 15:59:58 DONE mf1Z_D_south_half_202 rc=0 403s
2026-09-28 15:59:58 LAUNCH mf1Z_D_east_default_303 pid=41616 free=2.9GB running=7
2026-09-28 16:00:00 LAUNCH mf1Z_A_west_default_9501 pid=53792 free=2.1GB running=8
2026-09-28 16:00:12 DONE mf1Z_D_south_half_303 rc=0 310s
2026-09-28 16:00:27 LAUNCH mf1Z_B_north_default_9502 pid=40560 free=2.0GB running=8
2026-09-28 16:03:19 DONE mf1Z_D_south_half_505 rc=0 288s
2026-09-28 16:04:39 DONE mf1Z_D_east_default_101 rc=0 351s
2026-09-28 16:04:39 LAUNCH mf1Z_C_south_default_9503 pid=8424 free=2.2GB running=7
2026-09-28 16:04:46 DONE mf1Z_D_south_half_404 rc=0 402s
2026-09-28 16:04:46 LAUNCH mf1Bt_B_north_default_9511 pid=25460 free=2.2GB running=7
2026-09-28 16:04:53 DONE mf1Z_D_east_default_303 rc=0 295s
2026-09-28 16:04:53 LAUNCH mf1Bt_B_north_default_9512 pid=11068 free=2.3GB running=7
2026-09-28 16:05:05 DONE mf1Z_D_east_default_202 rc=0 325s
2026-09-28 16:05:05 DONE mf1Z_A_west_default_9501 rc=0 305s
2026-09-28 16:05:05 LAUNCH mf1Bt_B_south_default_9511 pid=11160 free=3.1GB running=6
2026-09-28 16:05:07 LAUNCH mf1Bt_B_south_default_9512 pid=14432 free=2.3GB running=7
2026-09-28 16:06:39 DONE mf1Z_D_east_half_404 rc=0 951s
2026-09-28 16:06:39 LAUNCH mf1Bt_B_east_default_9511 pid=15344 free=2.4GB running=7
2026-09-28 16:07:11 DONE mf1Z_B_north_default_9502 rc=0 405s
2026-09-28 16:07:11 LAUNCH mf1Bt_B_east_default_9512 pid=61896 free=2.3GB running=7
2026-09-28 16:08:03 LAUNCH mf1Bt_B_west_default_9511 pid=28816 free=2.3GB running=8
2026-09-28 16:09:25 DONE mf1Bt_B_south_default_9512 rc=0 258s
2026-09-28 16:10:31 DONE mf1Z_C_south_default_9503 rc=0 352s
2026-09-28 16:10:31 LAUNCH mf1Bt_B_west_default_9512 pid=11900 free=2.3GB running=7
2026-09-28 16:10:33 LAUNCH mf1Bt_A_east_default_9513 pid=63056 free=2.4GB running=8
2026-09-28 16:10:40 DONE mf1Bt_B_north_default_9511 rc=0 354s
2026-09-28 16:11:05 DONE mf1Bt_B_south_default_9511 rc=0 360s
2026-09-28 16:11:05 LAUNCH mf1Bt_C_east_default_9514 pid=39244 free=2.3GB running=7
2026-09-28 16:11:12 LAUNCH mf1Bt_D_east_default_9515 pid=18184 free=2.4GB running=8
2026-09-28 16:11:19 DONE mf1Bt_B_north_default_9512 rc=0 386s
2026-09-28 16:11:19 LAUNCH mf1Z_B_north_default_9511 pid=17448 free=2.4GB running=8
2026-09-28 16:12:06 DONE mf1Bt_B_east_default_9511 rc=0 327s
2026-09-28 16:12:06 DONE mf1Bt_B_east_default_9512 rc=0 295s
2026-09-28 16:12:06 LAUNCH mf1Z_B_north_default_9512 pid=2916 free=3.2GB running=7
2026-09-28 16:12:08 LAUNCH mf1Z_B_south_default_9511 pid=13728 free=2.4GB running=8
2026-09-28 16:14:45 DONE mf1Bt_A_east_default_9513 rc=0 252s
2026-09-28 16:14:45 LAUNCH mf1Z_B_south_default_9512 pid=54556 free=2.3GB running=8
2026-09-28 16:14:52 DONE mf1Bt_B_west_default_9511 rc=0 409s
2026-09-28 16:14:52 LAUNCH mf1Z_B_east_default_9511 pid=25076 free=2.4GB running=8
2026-09-28 16:15:59 DONE mf1Bt_B_west_default_9512 rc=0 329s
2026-09-28 16:15:59 LAUNCH mf1Z_B_east_default_9512 pid=29404 free=2.4GB running=8
2026-09-28 16:16:31 DONE mf1Bt_D_east_default_9515 rc=0 320s
2026-09-28 16:16:31 LAUNCH mf1Z_B_west_default_9511 pid=51784 free=2.4GB running=8
2026-09-28 16:16:33 LAUNCH mf1Z_B_west_default_9512 pid=40864 free=2.4GB running=9
2026-09-28 16:16:40 DONE mf1Bt_C_east_default_9514 rc=0 336s
2026-09-28 16:17:05 DONE mf1Z_B_north_default_9511 rc=0 347s
2026-09-28 16:17:05 LAUNCH mf1Z_A_east_default_9513 pid=33728 free=2.4GB running=8
2026-09-28 16:17:53 DONE mf1Z_B_north_default_9512 rc=0 347s
2026-09-28 16:17:53 LAUNCH mf1Z_C_east_default_9514 pid=47744 free=2.4GB running=8
2026-09-28 16:18:00 DONE mf1Z_B_south_default_9511 rc=0 352s
2026-09-28 16:18:00 LAUNCH mf1Z_D_east_default_9515 pid=33300 free=2.5GB running=8
2026-09-28 16:19:22 DONE mf1Z_B_south_default_9512 rc=0 277s
2026-09-28 16:19:22 LAUNCH mf1Rl_A_east_default_9521 pid=39540 free=2.3GB running=8
2026-09-28 16:19:54 DONE mf1Z_B_east_default_9511 rc=0 302s
2026-09-28 16:19:54 LAUNCH mf1Rl_B_east_default_9522 pid=62632 free=2.4GB running=8
2026-09-28 16:20:16 DONE mf1Z_B_east_default_9512 rc=0 256s
2026-09-28 16:20:16 LAUNCH mf1Rl_C_east_default_9523 pid=21172 free=2.3GB running=8
2026-09-28 16:20:28 DONE mf1Z_B_west_default_9512 rc=0 234s
2026-09-28 16:20:28 LAUNCH mf1Rl_C_east_default_9524 pid=32256 free=2.4GB running=8
2026-09-28 16:21:15 DONE mf1Z_A_east_default_9513 rc=0 249s
2026-09-28 16:21:15 LAUNCH mf1Rl_C_south_default_9523 pid=13832 free=2.4GB running=8
2026-09-28 16:22:52 DONE mf1Z_B_west_default_9511 rc=0 381s
2026-09-28 16:22:52 LAUNCH mf1Rl_C_south_default_9524 pid=41392 free=2.4GB running=8
2026-09-28 16:23:19 DONE mf1Z_C_east_default_9514 rc=0 327s
2026-09-28 16:23:19 DONE mf1Z_D_east_default_9515 rc=0 320s
2026-09-28 16:23:19 LAUNCH mf1Rl_D_east_default_101 pid=40176 free=3.3GB running=7
2026-09-28 16:23:21 LAUNCH mf1Rl_D_east_default_202 pid=5368 free=2.5GB running=8
2026-09-28 16:24:48 DONE mf1Rl_B_east_default_9522 rc=0 294s
2026-09-28 16:24:48 LAUNCH mf1Rl_D_east_default_303 pid=26664 free=2.4GB running=8
2026-09-28 16:25:00 DONE mf1Rl_A_east_default_9521 rc=0 339s
2026-09-28 16:25:00 LAUNCH mf1Rl_A_east_half_9521 pid=67812 free=2.4GB running=8
2026-09-28 16:26:17 DONE mf1Rl_C_south_default_9523 rc=0 302s
2026-09-28 16:26:17 LAUNCH mf1Rl_C_east_half_9523 pid=66680 free=2.4GB running=8
2026-09-28 16:27:34 DONE mf1Rl_C_south_default_9524 rc=0 282s
2026-09-28 16:27:34 LAUNCH mf1Z_A_east_default_9521 pid=54556 free=2.4GB running=8
2026-09-28 16:28:47 DONE mf1Rl_C_east_default_9524 rc=0 499s
2026-09-28 16:28:47 LAUNCH mf1Z_B_east_default_9522 pid=49980 free=2.4GB running=8
2026-09-28 16:29:24 DONE mf1Rl_C_east_default_9523 rc=0 548s
2026-09-28 16:29:24 LAUNCH mf1Z_C_east_default_9523 pid=35112 free=2.4GB running=8
2026-09-28 16:30:36 DONE mf1Rl_A_east_half_9521 rc=0 335s
2026-09-28 16:30:36 LAUNCH mf1Z_C_east_default_9524 pid=62016 free=2.3GB running=8
2026-09-28 16:31:33 DONE mf1Rl_D_east_default_202 rc=0 492s
2026-09-28 16:31:33 LAUNCH mf1Z_C_south_default_9523 pid=38524 free=2.3GB running=8
2026-09-28 16:32:30 DONE mf1Rl_D_east_default_101 rc=0 551s
2026-09-28 16:32:30 LAUNCH mf1Z_C_south_default_9524 pid=25044 free=2.3GB running=8
2026-09-28 16:33:07 DONE mf1Z_A_east_default_9521 rc=0 332s
2026-09-28 16:33:07 LAUNCH mf1Ct_D_south_half_9531 pid=28952 free=2.3GB running=8
2026-09-28 16:33:34 DONE mf1Z_B_east_default_9522 rc=0 287s
2026-09-28 16:33:34 LAUNCH mf1Ct_D_south_half_9532 pid=63104 free=2.3GB running=8
2026-09-28 16:33:56 DONE mf1Rl_D_east_default_303 rc=0 548s
2026-09-28 16:33:56 LAUNCH mf1Ct_D_south_half_9533 pid=68328 free=2.4GB running=8
2026-09-28 16:35:13 DONE mf1Z_C_east_default_9523 rc=0 349s
2026-09-28 16:35:13 LAUNCH mf1Ct_D_east_half_9531 pid=32376 free=2.3GB running=8
2026-09-28 16:35:25 DONE mf1Rl_C_east_half_9523 rc=0 548s
2026-09-28 16:35:25 LAUNCH mf1Ct_D_east_half_9532 pid=64496 free=2.4GB running=8
2026-09-28 16:35:42 DONE mf1Z_C_east_default_9524 rc=0 306s
2026-09-28 16:35:42 LAUNCH mf1Ct_D_east_half_9533 pid=55040 free=2.5GB running=8
2026-09-28 16:36:19 DONE mf1Z_C_south_default_9523 rc=0 286s
2026-09-28 16:36:19 LAUNCH mf1Zc_D_south_half_9531 pid=8716 free=2.4GB running=8
2026-09-28 16:37:31 DONE mf1Z_C_south_default_9524 rc=0 302s
2026-09-28 16:37:31 LAUNCH mf1Zc_D_south_half_9532 pid=49468 free=2.4GB running=8
2026-09-28 16:39:04 DONE mf1Ct_D_south_half_9531 rc=0 357s
2026-09-28 16:39:04 LAUNCH mf1Zc_D_south_half_9533 pid=55984 free=2.4GB running=8
2026-09-28 16:40:31 DONE mf1Ct_D_south_half_9533 rc=0 395s
2026-09-28 16:40:31 LAUNCH mf1Zc_D_east_half_9531 pid=13364 free=2.4GB running=8
2026-09-28 16:41:03 DONE mf1Zc_D_south_half_9531 rc=0 283s
2026-09-28 16:41:03 LAUNCH mf1Zc_D_east_half_9532 pid=40208 free=2.5GB running=8
2026-09-28 16:41:20 DONE mf1Ct_D_south_half_9532 rc=0 466s
2026-09-28 16:41:20 LAUNCH mf1Zc_D_east_half_9533 pid=69236 free=2.5GB running=8
2026-09-28 16:44:02 DONE mf1Zc_D_south_half_9533 rc=0 298s
2026-09-28 16:44:02 LAUNCH mf1Z_D_south_half_9531 pid=56580 free=2.4GB running=8
2026-09-28 16:44:04 LAUNCH mf1Z_D_south_half_9532 pid=59724 free=2.4GB running=9
2026-09-28 16:44:11 DONE mf1Zc_D_south_half_9532 rc=0 400s
2026-09-28 16:46:46 DONE mf1Ct_D_east_half_9531 rc=0 693s
2026-09-28 16:46:46 LAUNCH mf1Z_D_south_half_9533 pid=53868 free=2.4GB running=8
2026-09-28 16:47:03 DONE mf1Ct_D_east_half_9533 rc=0 681s
2026-09-28 16:47:03 LAUNCH mf1Z_D_east_half_9531 pid=59616 free=2.4GB running=8
2026-09-28 16:48:45 DONE mf1Z_D_south_half_9531 rc=0 283s
2026-09-28 16:48:45 LAUNCH mf1Z_D_east_half_9532 pid=50812 free=2.4GB running=8
2026-09-28 16:50:12 DONE mf1Ct_D_east_half_9532 rc=0 887s
2026-09-28 16:50:12 LAUNCH mf1Z_D_east_half_9533 pid=68620 free=2.3GB running=8
2026-09-28 16:50:40 DONE mf1Zc_D_east_half_9531 rc=0 609s
2026-09-28 16:50:40 DONE mf1Z_D_south_half_9532 rc=0 396s
2026-09-28 16:50:55 DONE mf1Zc_D_east_half_9533 rc=0 575s
2026-09-28 16:51:45 DONE mf1Z_D_south_half_9533 rc=0 298s
2026-09-28 16:53:45 DONE mf1Zc_D_east_half_9532 rc=0 762s
2026-09-28 16:56:25 DONE mf1Z_D_east_half_9531 rc=0 562s
2026-09-28 16:59:00 DONE mf1Z_D_east_half_9533 rc=0 528s
2026-09-28 17:00:40 DONE mf1Z_D_east_half_9532 rc=0 715s
2026-09-28 17:00:45 ALL_MF1_COMPLETE outputs/_mf1_q_harness.jsonl 89/89 0 FAIL
