2026-09-28 17:01:06 START outputs/_mf1_q_stage2.jsonl 44 runs maxpar=12 min_free=2.0
2026-09-28 17:01:06 LAUNCH mf1gRa pid=36244 free=7.9GB running=1
2026-09-28 17:01:08 LAUNCH mf1gRb pid=11428 free=7.0GB running=2
2026-09-28 17:01:10 LAUNCH mf1gRc pid=58552 free=6.2GB running=3
2026-09-28 17:01:12 LAUNCH mf1gRs pid=64444 free=5.5GB running=4
2026-09-28 17:01:14 LAUNCH mf1gZa pid=64376 free=4.6GB running=5
2026-09-28 17:01:16 LAUNCH mf1gZb pid=60128 free=3.8GB running=6
2026-09-28 17:01:18 LAUNCH mf1gZc pid=9908 free=3.0GB running=7
2026-09-28 17:01:20 LAUNCH mf1gZs pid=25552 free=2.2GB running=8
2026-09-28 17:23:09 DONE mf1gZs rc=0 1308s
2026-09-28 17:23:09 LAUNCH mf1gSa pid=56468 free=2.5GB running=8
2026-09-28 17:23:41 DONE mf1gRs rc=0 1348s
2026-09-28 17:23:41 LAUNCH mf1gSb pid=40684 free=2.6GB running=8
2026-09-28 17:28:23 DONE mf1gRc rc=0 1633s
2026-09-28 17:28:23 LAUNCH mf1gSc pid=48472 free=2.7GB running=8
2026-09-28 17:28:30 DONE mf1gZc rc=0 1632s
2026-09-28 17:28:30 LAUNCH mf1gSs pid=62716 free=2.7GB running=8
2026-09-28 17:31:12 DONE mf1gZb rc=0 1796s
2026-09-28 17:31:12 LAUNCH mf1Zv_D_south_half_202 pid=28112 free=2.6GB running=8
2026-09-28 17:32:24 DONE mf1gRb rc=0 1876s
2026-09-28 17:32:24 LAUNCH mf1Zv_A_west_default_9501 pid=65304 free=2.6GB running=8
2026-09-28 17:37:17 DONE mf1Zv_A_west_default_9501 rc=0 292s
2026-09-28 17:37:17 LAUNCH mf1Zv_B_north_default_9502 pid=31980 free=2.6GB running=8
2026-09-28 17:37:54 DONE mf1Zv_D_south_half_202 rc=0 401s
2026-09-28 17:37:54 LAUNCH mf1_eval360 pid=36012 free=2.6GB running=8
2026-09-28 17:43:36 DONE mf1Zv_B_north_default_9502 rc=0 379s
2026-09-28 17:43:36 LAUNCH mf1Un_AE9103 pid=65748 free=2.6GB running=8
2026-09-28 17:44:03 DONE mf1gZa rc=0 2569s
2026-09-28 17:44:03 LAUNCH mf1Zp_AE9103 pid=22836 free=2.6GB running=8
2026-09-28 17:44:50 DONE mf1gRa rc=0 2624s
2026-09-28 17:44:50 LAUNCH mf1Un_DEv10_9122 pid=56540 free=2.6GB running=8
2026-09-28 17:48:27 DONE mf1Zp_AE9103 rc=0 264s
2026-09-28 17:48:27 LAUNCH mf1Zp_DEv10_9122 pid=39740 free=2.6GB running=8
2026-09-28 17:48:49 DONE mf1Un_AE9103 rc=0 313s
2026-09-28 17:48:49 LAUNCH mf1Un_DhN9127 pid=13628 free=2.6GB running=8
2026-09-28 17:51:12 DONE mf1Un_DEv10_9122 rc=0 382s
2026-09-28 17:51:12 LAUNCH mf1Zp_DhN9127 pid=46636 free=2.6GB running=8
2026-09-28 17:54:34 DONE mf1Zp_DEv10_9122 rc=0 366s
2026-09-28 17:54:34 LAUNCH mf1Un_DEv10_9123 pid=2820 free=2.5GB running=8
2026-09-28 17:54:51 DONE mf1Un_DhN9127 rc=0 361s
2026-09-28 17:54:51 LAUNCH mf1Zp_DEv10_9123 pid=60708 free=2.5GB running=8
2026-09-28 17:56:38 DONE mf1Zp_DhN9127 rc=0 326s
2026-09-28 17:56:38 LAUNCH mf1Un_DEv10_9124 pid=37048 free=2.6GB running=8
2026-09-28 17:57:10 DONE mf1gSs rc=0 1720s
2026-09-28 17:57:10 LAUNCH mf1Zp_DEv10_9124 pid=40592 free=2.6GB running=8
2026-09-28 17:57:17 DONE mf1gSb rc=0 2016s
2026-09-28 17:57:17 LAUNCH mf1Un_DEv10_9125 pid=2864 free=2.6GB running=8
2026-09-28 17:57:59 DONE mf1_eval360 rc=0 1206s
2026-09-28 17:57:59 LAUNCH mf1Zp_DEv10_9125 pid=24140 free=2.6GB running=8
2026-09-28 18:00:41 DONE mf1gSc rc=0 1938s
2026-09-28 18:00:41 LAUNCH mf1P_A_N pid=41224 free=2.5GB running=8
2026-09-28 18:01:08 DONE mf1Un_DEv10_9123 rc=0 395s
2026-09-28 18:01:08 LAUNCH mf1P_A_S pid=12152 free=2.6GB running=8
2026-09-28 18:01:15 DONE mf1Zp_DEv10_9123 rc=0 385s
2026-09-28 18:01:15 LAUNCH mf1P_A_E pid=18164 free=2.6GB running=8
2026-09-28 18:03:18 DONE mf1Un_DEv10_9124 rc=0 400s
2026-09-28 18:03:18 LAUNCH mf1P_A_W pid=54588 free=2.6GB running=8
2026-09-28 18:03:20 LAUNCH mf1P_B_N pid=16948 free=2.6GB running=9
2026-09-28 18:03:27 DONE mf1Zp_DEv10_9124 rc=0 377s
2026-09-28 18:03:52 DONE mf1Un_DEv10_9125 rc=0 395s
2026-09-28 18:03:52 LAUNCH mf1P_B_S pid=30884 free=2.6GB running=8
2026-09-28 18:04:14 DONE mf1Zp_DEv10_9125 rc=0 375s
2026-09-28 18:04:14 LAUNCH mf1P_B_E pid=51492 free=2.7GB running=8
2026-09-28 18:06:46 DONE mf1P_A_S rc=0 337s
2026-09-28 18:06:46 LAUNCH mf1P_B_W pid=10528 free=2.6GB running=8
2026-09-28 18:08:08 DONE mf1P_A_E rc=0 413s
2026-09-28 18:08:08 LAUNCH mf1P_C_N pid=23496 free=2.6GB running=8
2026-09-28 18:08:40 DONE mf1P_A_N rc=0 479s
2026-09-28 18:08:40 LAUNCH mf1P_C_S pid=14944 free=2.7GB running=8
2026-09-28 18:10:12 DONE mf1P_B_N rc=0 413s
2026-09-28 18:10:12 LAUNCH mf1P_C_E pid=44792 free=2.5GB running=8
2026-09-28 18:10:24 DONE mf1P_A_W rc=0 427s
2026-09-28 18:10:24 LAUNCH mf1P_C_W pid=29480 free=2.6GB running=8
2026-09-28 18:10:31 DONE mf1P_B_S rc=0 400s
2026-09-28 18:10:31 LAUNCH mf1P_D_N pid=3296 free=2.7GB running=8
2026-09-28 18:11:43 DONE mf1P_B_E rc=0 450s
2026-09-28 18:11:43 LAUNCH mf1P_D_S pid=22588 free=2.7GB running=8
2026-09-28 18:12:00 DONE mf1gSa rc=0 2932s
2026-09-28 18:12:00 LAUNCH mf1P_D_E pid=29248 free=2.7GB running=8
2026-09-28 18:12:07 DONE mf1P_B_W rc=0 321s
2026-09-28 18:12:07 LAUNCH mf1P_D_W pid=7596 free=2.7GB running=8
2026-09-28 18:14:20 DONE mf1P_C_N rc=0 371s
2026-09-28 18:17:00 DONE mf1P_C_S rc=0 500s
2026-09-28 18:19:45 DONE mf1P_D_N rc=0 554s
2026-09-28 18:19:50 DONE mf1P_C_W rc=0 566s
2026-09-28 18:20:40 DONE mf1P_C_E rc=0 628s
2026-09-28 18:20:45 DONE mf1P_D_E rc=0 525s
2026-09-28 18:22:20 DONE mf1P_D_S rc=0 637s
2026-09-28 18:23:15 DONE mf1P_D_W rc=0 668s
2026-09-28 18:23:20 ALL_MF1_COMPLETE outputs/_mf1_q_stage2.jsonl 44/44 0 FAIL
