2026-09-29 02:31:23 START E:\Projects\SAS\outputs\_mf2_q_p3b.jsonl 49 runs maxpar=4 min_free=2.5
2026-09-29 02:31:23 LAUNCH mf2A1_A_S pid=8244 free=4.8GB running=1
2026-09-29 02:31:25 LAUNCH mf2A1_A_E pid=33436 free=3.9GB running=2
2026-09-29 02:31:27 LAUNCH mf2A1_B_S pid=66864 free=3.2GB running=3
2026-09-29 02:39:00 DONE mf2A1_A_S rc=0 456s
2026-09-29 02:39:00 LAUNCH mf2A1_B_E pid=48768 free=3.0GB running=3
2026-09-29 02:40:47 DONE mf2A1_A_E rc=0 561s
2026-09-29 02:40:47 LAUNCH mf2A1_C_S pid=68672 free=2.9GB running=3
2026-09-29 02:40:49 LAUNCH mf2A1_C_E pid=12464 free=2.9GB running=4
2026-09-29 02:40:56 DONE mf2A1_B_S rc=0 569s
2026-09-29 02:41:31 LAUNCH mf2A1_D_S pid=55484 free=4.7GB running=4
2026-09-29 02:49:23 DONE mf2A1_B_E rc=0 624s
2026-09-29 02:49:23 LAUNCH mf2A1_D_E pid=49800 free=3.0GB running=4
2026-09-29 02:53:20 DONE mf2A1_C_S rc=0 754s
2026-09-29 02:53:20 LAUNCH mf2FS_A_S pid=49820 free=3.0GB running=4
2026-09-29 02:55:27 DONE mf2A1_D_S rc=0 837s
2026-09-29 02:56:08 LAUNCH mf2FS_A_E pid=32700 free=3.0GB running=4
2026-09-29 02:58:00 DONE mf2A1_C_E rc=0 1031s
2026-09-29 02:58:45 LAUNCH mf2FS_B_S pid=51936 free=3.1GB running=4
2026-09-29 03:01:52 DONE mf2FS_A_S rc=0 511s
2026-09-29 03:02:42 DONE mf2A1_D_E rc=0 799s
2026-09-29 03:02:42 LAUNCH mf2FS_B_E pid=2492 free=3.0GB running=3
2026-09-29 03:05:39 LAUNCH mf2FS_C_S pid=17660 free=2.9GB running=4
2026-09-29 03:07:06 DONE mf2FS_A_E rc=0 659s
2026-09-29 03:07:06 LAUNCH mf2FS_C_E pid=15292 free=2.9GB running=4
2026-09-29 03:08:33 DONE mf2FS_B_S rc=0 589s
2026-09-29 03:08:33 LAUNCH mf2FS_D_S pid=33652 free=2.9GB running=4
2026-09-29 03:14:31 DONE mf2FS_B_E rc=0 709s
2026-09-29 03:14:31 LAUNCH mf2FS_D_E pid=57716 free=2.8GB running=4
2026-09-29 03:17:58 DONE mf2FS_C_S rc=0 739s
2026-09-29 03:17:58 LAUNCH mf2A2_A_S pid=50292 free=2.9GB running=4
2026-09-29 03:22:40 DONE mf2FS_C_E rc=0 934s
2026-09-29 03:24:35 DONE mf2FS_D_S rc=0 962s
2026-09-29 03:24:35 LAUNCH mf2A2_A_E pid=38724 free=2.8GB running=3
2026-09-29 03:26:22 LAUNCH mf2A2_B_S pid=44624 free=2.9GB running=4
2026-09-29 03:26:27 DONE mf2A2_A_S rc=0 509s
2026-09-29 03:26:27 LAUNCH mf2A2_B_E pid=45628 free=2.9GB running=4
2026-09-29 03:27:59 DONE mf2FS_D_E rc=0 808s
2026-09-29 03:31:04 LAUNCH mf2A2_C_S pid=36616 free=2.8GB running=4
2026-09-29 03:34:16 DONE mf2A2_A_E rc=0 581s
2026-09-29 03:34:16 LAUNCH mf2A2_C_E pid=24908 free=2.9GB running=4
2026-09-29 03:36:43 DONE mf2A2_B_S rc=0 621s
2026-09-29 03:37:13 DONE mf2A2_B_E rc=0 647s
2026-09-29 03:37:13 LAUNCH mf2A2_D_S pid=30704 free=2.7GB running=3
2026-09-29 03:42:21 DONE mf2A2_C_S rc=0 677s
2026-09-29 03:42:21 LAUNCH mf2A2_D_E pid=18040 free=2.9GB running=3
2026-09-29 03:45:08 LAUNCH mf2A3a_A_S pid=60052 free=2.8GB running=4
2026-09-29 03:48:40 DONE mf2A2_D_S rc=0 687s
2026-09-29 03:48:40 LAUNCH mf2A3a_A_E pid=20696 free=3.0GB running=4
2026-09-29 03:50:17 DONE mf2A2_C_E rc=0 961s
2026-09-29 03:50:17 LAUNCH mf2A3a_B_S pid=22084 free=2.9GB running=4
2026-09-29 03:53:29 DONE mf2A3a_A_S rc=0 501s
2026-09-29 03:53:29 LAUNCH mf2A3a_B_E pid=3964 free=2.9GB running=4
2026-09-29 03:55:51 DONE mf2A2_D_E rc=0 811s
2026-09-29 03:55:51 LAUNCH mf2A3a_C_S pid=38208 free=2.9GB running=4
2026-09-29 03:58:53 DONE mf2A3a_A_E rc=0 613s
2026-09-29 03:58:53 LAUNCH mf2A3a_C_E pid=26836 free=2.9GB running=4
2026-09-29 03:59:55 DONE mf2A3a_B_S rc=0 578s
2026-09-29 03:59:55 LAUNCH mf2A3a_D_S pid=58764 free=2.8GB running=4
2026-09-29 04:04:38 DONE mf2A3a_B_E rc=0 669s
2026-09-29 04:04:38 LAUNCH mf2A3a_D_E pid=9016 free=2.9GB running=4
2026-09-29 04:07:50 DONE mf2A3a_C_S rc=0 719s
2026-09-29 04:07:50 LAUNCH mf2A3b_A_S pid=62988 free=3.0GB running=4
2026-09-29 04:15:12 DONE mf2A3a_C_E rc=0 979s
2026-09-29 04:15:12 LAUNCH mf2A3b_A_E pid=49608 free=2.8GB running=4
2026-09-29 04:15:49 DONE mf2A3a_D_S rc=0 954s
2026-09-29 04:15:49 LAUNCH mf2A3b_B_S pid=60576 free=2.9GB running=4
2026-09-29 04:16:21 DONE mf2A3b_A_S rc=0 511s
2026-09-29 04:16:21 LAUNCH mf2A3b_B_E pid=52192 free=3.0GB running=4
2026-09-29 04:18:03 DONE mf2A3a_D_E rc=0 806s
2026-09-29 04:18:03 LAUNCH mf2A3b_C_S pid=59080 free=2.9GB running=4
2026-09-29 04:25:21 DONE mf2A3b_A_E rc=0 608s
2026-09-29 04:25:21 LAUNCH mf2A3b_C_E pid=14508 free=2.8GB running=4
2026-09-29 04:25:43 DONE mf2A3b_B_S rc=0 593s
2026-09-29 04:25:43 LAUNCH mf2A3b_D_S pid=43112 free=2.9GB running=4
2026-09-29 04:27:20 DONE mf2A3b_B_E rc=0 659s
2026-09-29 04:27:20 LAUNCH mf2A3b_D_E pid=65080 free=3.8GB running=4
2026-09-29 04:29:57 DONE mf2A3b_C_S rc=0 714s
2026-09-29 04:29:57 LAUNCH mf2A4_A_S pid=27796 free=5.4GB running=4
2026-09-29 04:37:49 DONE mf2A3b_D_S rc=0 727s
2026-09-29 04:37:49 LAUNCH mf2A4_A_E pid=35872 free=7.9GB running=4
2026-09-29 04:37:56 DONE mf2A4_A_S rc=0 479s
2026-09-29 04:37:56 LAUNCH mf2A4_B_S pid=15148 free=7.9GB running=4
2026-09-29 04:39:54 DONE mf2A3b_D_E rc=0 754s
2026-09-29 04:39:54 LAUNCH mf2A4_B_E pid=61800 free=7.9GB running=4
2026-09-29 04:41:06 DONE mf2A3b_C_E rc=0 945s
2026-09-29 04:41:06 LAUNCH mf2A4_C_S pid=44756 free=8.0GB running=4
2026-09-29 04:47:03 DONE mf2A4_A_E rc=0 553s
2026-09-29 04:47:03 LAUNCH mf2A4_C_E pid=24860 free=8.0GB running=4
2026-09-29 04:48:55 DONE mf2A4_B_S rc=0 659s
2026-09-29 04:48:55 LAUNCH mf2A4_D_S pid=45084 free=8.0GB running=4
2026-09-29 04:49:42 DONE mf2A4_B_E rc=0 589s
2026-09-29 04:49:42 LAUNCH mf2A4_D_E pid=57568 free=7.9GB running=4
2026-09-29 04:53:24 DONE mf2A4_C_S rc=0 739s
2026-09-29 04:53:24 LAUNCH mf2A3b_B_W pid=53688 free=9.7GB running=4
2026-09-29 05:00:32 DONE mf2A3b_B_W rc=0 428s
2026-09-29 05:00:57 DONE mf2A4_D_E rc=0 675s
2026-09-29 05:01:27 DONE mf2A4_C_E rc=0 864s
2026-09-29 05:01:52 DONE mf2A4_D_S rc=0 777s
2026-09-29 05:01:57 ALL_MF2_COMPLETE E:\Projects\SAS\outputs\_mf2_q_p3b.jsonl 49/49 0 FAIL
