2026-10-07 14:16:52 START E:\Projects\SAS_wt\mvg\outputs\_mvg_q_w1.jsonl 64 runs maxpar=12 min_free=3.0
2026-10-07 14:16:52 LAUNCH mvg0r1_A_E pid=20492 free=14.8GB running=1
2026-10-07 14:16:54 LAUNCH mvg0r1_A_N pid=55324 free=14.0GB running=2
2026-10-07 14:16:56 LAUNCH mvg0r1_A_S pid=49132 free=13.1GB running=3
2026-10-07 14:16:58 LAUNCH mvg0r1_A_W pid=49752 free=12.3GB running=4
2026-10-07 14:17:00 LAUNCH mvg0r1_B_E pid=21008 free=11.5GB running=5
2026-10-07 14:17:02 LAUNCH mvg0r1_B_N pid=54980 free=10.7GB running=6
2026-10-07 14:17:04 LAUNCH mvg0r1_B_S pid=8448 free=9.9GB running=7
2026-10-07 14:17:06 LAUNCH mvg0r1_B_W pid=19208 free=9.0GB running=8
2026-10-07 14:17:09 LAUNCH mvg0r1_C_E pid=60024 free=8.2GB running=9
2026-10-07 14:17:11 LAUNCH mvg0r1_C_N pid=47508 free=7.4GB running=10
2026-10-07 14:17:13 LAUNCH mvg0r1_C_S pid=22704 free=6.3GB running=11
2026-10-07 14:17:15 LAUNCH mvg0r1_C_W pid=32732 free=5.7GB running=12
2026-10-07 14:23:07 DONE mvg0r1_C_N rc=0 356s
2026-10-07 14:23:07 LAUNCH mvg0r1_D_E pid=59644 free=5.5GB running=12
2026-10-07 14:23:14 DONE mvg0r1_A_E rc=0 382s
2026-10-07 14:23:14 LAUNCH mvg0r1_D_N pid=57632 free=5.5GB running=12
2026-10-07 14:23:31 DONE mvg0r1_A_S rc=0 395s
2026-10-07 14:23:31 LAUNCH mvg0r1_D_S pid=7648 free=5.6GB running=12
2026-10-07 14:24:48 DONE mvg0r1_B_S rc=0 464s
2026-10-07 14:24:48 LAUNCH mvg0r1_D_W pid=45944 free=5.4GB running=12
2026-10-07 14:25:00 DONE mvg0r1_A_W rc=0 482s
2026-10-07 14:25:00 LAUNCH mvg0u1_A_E pid=4528 free=5.4GB running=12
2026-10-07 14:25:07 DONE mvg0r1_A_N rc=0 493s
2026-10-07 14:25:07 LAUNCH mvg0u1_A_N pid=25112 free=5.5GB running=12
2026-10-07 14:25:19 DONE mvg0r1_C_S rc=0 487s
2026-10-07 14:25:19 LAUNCH mvg0u1_A_S pid=54588 free=5.5GB running=12
2026-10-07 14:25:31 DONE mvg0r1_B_N rc=0 509s
2026-10-07 14:25:31 DONE mvg0r1_B_W rc=0 505s
2026-10-07 14:25:31 LAUNCH mvg0u1_A_W pid=58592 free=6.5GB running=11
2026-10-07 14:25:33 LAUNCH mvg0u1_B_E pid=33056 free=5.6GB running=12
2026-10-07 14:30:35 DONE mvg0r1_D_N rc=0 442s
2026-10-07 14:30:35 LAUNCH mvg0u1_B_N pid=19352 free=5.5GB running=12
2026-10-07 14:30:57 DONE mvg0u1_A_E rc=0 357s
2026-10-07 14:30:58 LAUNCH mvg0u1_B_S pid=19856 free=5.5GB running=12
2026-10-07 14:31:40 DONE mvg0r1_D_S rc=0 489s
2026-10-07 14:31:40 LAUNCH mvg0u1_B_W pid=58556 free=5.5GB running=12
2026-10-07 14:32:07 DONE mvg0r1_D_W rc=0 439s
2026-10-07 14:32:07 LAUNCH mvg0u1_C_E pid=42424 free=5.6GB running=12
2026-10-07 14:32:19 DONE mvg0u1_A_S rc=0 420s
2026-10-07 14:32:19 LAUNCH mvg0u1_C_N pid=44268 free=5.5GB running=12
2026-10-07 14:32:36 DONE mvg0r1_C_E rc=0 927s
2026-10-07 14:32:36 DONE mvg0u1_A_N rc=0 449s
2026-10-07 14:32:36 LAUNCH mvg0u1_C_S pid=59708 free=6.5GB running=11
2026-10-07 14:32:38 LAUNCH mvg0u1_C_W pid=44096 free=5.6GB running=12
2026-10-07 14:32:45 DONE mvg0u1_A_W rc=0 434s
2026-10-07 14:32:45 LAUNCH mvg0u1_D_E pid=47948 free=5.7GB running=12
2026-10-07 14:33:27 DONE mvg0r1_C_W rc=0 972s
2026-10-07 14:33:27 LAUNCH mvg0u1_D_N pid=56160 free=5.7GB running=12
2026-10-07 14:34:24 DONE mvg0r1_B_E rc=0 1043s
2026-10-07 14:34:24 LAUNCH mvg0u1_D_S pid=45996 free=5.6GB running=12
2026-10-07 14:37:26 DONE mvg0u1_B_N rc=0 411s
2026-10-07 14:37:26 LAUNCH mvg0u1_D_W pid=53536 free=5.6GB running=12
2026-10-07 14:37:38 DONE mvg0r1_D_E rc=0 871s
2026-10-07 14:37:38 LAUNCH mvg0r2_A_E pid=44124 free=5.7GB running=12
2026-10-07 14:38:30 DONE mvg0u1_C_N rc=0 372s
2026-10-07 14:38:30 LAUNCH mvg0r2_A_N pid=58116 free=5.7GB running=12
2026-10-07 14:39:07 DONE mvg0u1_B_S rc=0 490s
2026-10-07 14:39:07 LAUNCH mvg0r2_A_S pid=46816 free=5.6GB running=12
2026-10-07 14:39:44 DONE mvg0u1_B_W rc=0 485s
2026-10-07 14:39:44 DONE mvg0u1_C_S rc=0 429s
2026-10-07 14:39:44 LAUNCH mvg0r2_A_W pid=22680 free=6.3GB running=11
2026-10-07 14:39:46 LAUNCH mvg0r2_B_E pid=53472 free=5.5GB running=12
2026-10-07 14:40:34 DONE mvg0u1_D_S rc=0 370s
2026-10-07 14:40:34 LAUNCH mvg0r2_B_N pid=37056 free=5.7GB running=12
2026-10-07 14:41:11 DONE mvg0u1_D_N rc=0 464s
2026-10-07 14:41:11 LAUNCH mvg0r2_B_S pid=40700 free=5.7GB running=12
2026-10-07 14:42:33 DONE mvg0u1_B_E rc=0 1020s
2026-10-07 14:42:33 LAUNCH mvg0r2_B_W pid=5452 free=5.4GB running=12
2026-10-07 14:43:45 DONE mvg0r2_A_E rc=0 367s
2026-10-07 14:43:45 LAUNCH mvg0r2_C_E pid=25112 free=5.5GB running=12
2026-10-07 14:44:47 DONE mvg0r2_A_N rc=0 377s
2026-10-07 14:44:47 LAUNCH mvg0r2_C_N pid=27780 free=5.4GB running=12
2026-10-07 14:45:14 DONE mvg0u1_D_W rc=0 468s
2026-10-07 14:45:14 LAUNCH mvg0r2_C_S pid=56736 free=5.5GB running=12
2026-10-07 14:45:31 DONE mvg0r2_A_S rc=0 384s
2026-10-07 14:45:31 LAUNCH mvg0r2_C_W pid=41672 free=5.5GB running=12
2026-10-07 14:46:28 DONE mvg0r2_B_N rc=0 355s
2026-10-07 14:46:28 LAUNCH mvg0r2_D_E pid=42128 free=5.6GB running=12
2026-10-07 14:47:20 DONE mvg0r2_A_W rc=0 456s
2026-10-07 14:47:20 LAUNCH mvg0r2_D_N pid=48592 free=5.6GB running=12
2026-10-07 14:47:27 DONE mvg0u1_C_E rc=0 921s
2026-10-07 14:47:27 LAUNCH mvg0r2_D_S pid=60608 free=5.6GB running=12
2026-10-07 14:48:09 DONE mvg0u1_D_E rc=0 925s
2026-10-07 14:48:09 LAUNCH mvg0r2_D_W pid=28996 free=5.6GB running=12
2026-10-07 14:48:36 DONE mvg0r2_B_S rc=0 446s
2026-10-07 14:48:36 LAUNCH mvg0u2_A_E pid=52192 free=5.6GB running=12
2026-10-07 14:50:24 DONE mvg0r2_B_W rc=0 471s
2026-10-07 14:50:24 LAUNCH mvg0u2_A_N pid=55804 free=5.6GB running=12
2026-10-07 14:50:31 DONE mvg0r2_C_S rc=0 317s
2026-10-07 14:50:31 LAUNCH mvg0u2_A_S pid=43700 free=5.6GB running=12
2026-10-07 14:51:58 DONE mvg0r2_C_N rc=0 431s
2026-10-07 14:51:58 LAUNCH mvg0u2_A_W pid=14492 free=5.6GB running=12
2026-10-07 14:52:05 DONE mvg0u1_C_W rc=0 1167s
2026-10-07 14:52:05 LAUNCH mvg0u2_B_E pid=8900 free=5.6GB running=12
2026-10-07 14:52:47 DONE mvg0r2_D_S rc=0 320s
2026-10-07 14:52:47 LAUNCH mvg0u2_B_N pid=50380 free=5.6GB running=12
2026-10-07 14:53:49 DONE mvg0r2_B_E rc=0 843s
2026-10-07 14:53:49 LAUNCH mvg0u2_B_S pid=28168 free=5.6GB running=12
2026-10-07 14:54:06 DONE mvg0r2_C_W rc=0 515s
2026-10-07 14:54:06 LAUNCH mvg0u2_B_W pid=31616 free=5.7GB running=12
2026-10-07 14:54:53 DONE mvg0r2_D_N rc=0 453s
2026-10-07 14:54:53 LAUNCH mvg0u2_C_E pid=45412 free=5.6GB running=12
2026-10-07 14:55:15 DONE mvg0u2_A_E rc=0 399s
2026-10-07 14:55:15 LAUNCH mvg0u2_C_N pid=46836 free=5.6GB running=12
2026-10-07 14:57:37 DONE mvg0r2_D_W rc=0 568s
2026-10-07 14:57:37 LAUNCH mvg0u2_C_S pid=46400 free=5.6GB running=12
2026-10-07 14:57:54 DONE mvg0u2_A_N rc=0 451s
2026-10-07 14:57:54 LAUNCH mvg0u2_C_W pid=54664 free=5.6GB running=12
2026-10-07 14:58:27 DONE mvg0u2_A_S rc=0 476s
2026-10-07 14:58:27 LAUNCH mvg0u2_D_E pid=60048 free=5.6GB running=12
2026-10-07 14:59:49 DONE mvg0r2_C_E rc=0 964s
2026-10-07 14:59:49 LAUNCH mvg0u2_D_N pid=60280 free=5.4GB running=12
2026-10-07 15:00:11 DONE mvg0u2_A_W rc=0 493s
2026-10-07 15:00:11 DONE mvg0u2_B_E rc=0 486s
2026-10-07 15:00:11 DONE mvg0u2_B_N rc=0 444s
2026-10-07 15:00:11 LAUNCH mvg0u2_D_S pid=58224 free=7.1GB running=10
2026-10-07 15:00:13 LAUNCH mvg0u2_D_W pid=33464 free=6.3GB running=11
2026-10-07 15:00:40 DONE mvg0r2_D_E rc=0 852s
2026-10-07 15:01:30 DONE mvg0u2_B_S rc=0 461s
2026-10-07 15:02:00 DONE mvg0u2_B_W rc=0 474s
2026-10-07 15:03:20 DONE mvg0u2_C_N rc=0 485s
2026-10-07 15:03:20 DONE mvg0u2_C_S rc=0 343s
2026-10-07 15:05:00 DONE mvg0u2_D_S rc=0 289s
2026-10-07 15:05:50 DONE mvg0u2_C_W rc=0 476s
2026-10-07 15:06:50 DONE mvg0u2_D_N rc=0 422s
2026-10-07 15:09:36 DONE mvg0u2_C_E rc=0 882s
2026-10-07 15:11:36 DONE mvg0u2_D_E rc=0 789s
2026-10-07 15:16:46 DONE mvg0u2_D_W rc=0 993s
2026-10-07 15:16:51 ALL_MF2_COMPLETE E:\Projects\SAS_wt\mvg\outputs\_mvg_q_w1.jsonl 64/64 0 FAIL
