2026-10-07 15:27:34 START E:\Projects\SAS_wt\mvg\outputs\_mvg_q_w2.jsonl 192 runs maxpar=12 min_free=3.0
2026-10-07 15:27:34 LAUNCH mvg0r5_A_E pid=20200 free=14.7GB running=1
2026-10-07 15:27:36 LAUNCH mvg1r5_A_E pid=50996 free=13.9GB running=2
2026-10-07 15:27:38 LAUNCH mvg2r5_A_E pid=44200 free=13.1GB running=3
2026-10-07 15:27:40 LAUNCH mvg0r5_A_N pid=58792 free=12.3GB running=4
2026-10-07 15:27:42 LAUNCH mvg1r5_A_N pid=29644 free=11.4GB running=5
2026-10-07 15:27:44 LAUNCH mvg2r5_A_N pid=51876 free=10.5GB running=6
2026-10-07 15:27:46 LAUNCH mvg0r5_A_S pid=10516 free=9.7GB running=7
2026-10-07 15:27:48 LAUNCH mvg1r5_A_S pid=46092 free=8.9GB running=8
2026-10-07 15:27:50 LAUNCH mvg2r5_A_S pid=16236 free=8.1GB running=9
2026-10-07 15:27:53 LAUNCH mvg0r5_A_W pid=37200 free=7.3GB running=10
2026-10-07 15:27:55 LAUNCH mvg1r5_A_W pid=12304 free=6.4GB running=11
2026-10-07 15:27:57 LAUNCH mvg2r5_A_W pid=42148 free=5.6GB running=12
2026-10-07 15:34:09 DONE mvg0r5_A_E rc=0 394s
2026-10-07 15:34:09 LAUNCH mvg0r5_B_E pid=33448 free=5.4GB running=12
2026-10-07 15:34:16 DONE mvg2r5_A_E rc=0 397s
2026-10-07 15:34:16 LAUNCH mvg1r5_B_E pid=19160 free=5.4GB running=12
2026-10-07 15:34:23 DONE mvg1r5_A_E rc=0 407s
2026-10-07 15:34:23 LAUNCH mvg2r5_B_E pid=26608 free=5.3GB running=12
2026-10-07 15:35:05 DONE mvg1r5_A_N rc=0 443s
2026-10-07 15:35:05 LAUNCH mvg0r5_B_N pid=33504 free=5.3GB running=12
2026-10-07 15:35:12 DONE mvg0r5_A_N rc=0 452s
2026-10-07 15:35:12 DONE mvg2r5_A_N rc=0 448s
2026-10-07 15:35:12 LAUNCH mvg1r5_B_N pid=53020 free=6.2GB running=11
2026-10-07 15:35:14 LAUNCH mvg2r5_B_N pid=44028 free=5.4GB running=12
2026-10-07 15:35:21 DONE mvg1r5_A_W rc=0 447s
2026-10-07 15:35:21 LAUNCH mvg0r5_B_S pid=38228 free=5.4GB running=12
2026-10-07 15:35:28 DONE mvg2r5_A_W rc=0 452s
2026-10-07 15:35:28 LAUNCH mvg1r5_B_S pid=47652 free=5.4GB running=12
2026-10-07 15:35:35 DONE mvg0r5_A_W rc=0 463s
2026-10-07 15:35:35 LAUNCH mvg2r5_B_S pid=51308 free=5.5GB running=12
2026-10-07 15:36:07 DONE mvg0r5_A_S rc=0 501s
2026-10-07 15:36:07 DONE mvg2r5_A_S rc=0 497s
2026-10-07 15:36:07 LAUNCH mvg0r5_B_W pid=25364 free=6.4GB running=11
2026-10-07 15:36:09 LAUNCH mvg1r5_B_W pid=47848 free=5.6GB running=12
2026-10-07 15:36:16 DONE mvg1r5_A_S rc=0 508s
2026-10-07 15:36:16 LAUNCH mvg2r5_B_W pid=58188 free=5.6GB running=12
2026-10-07 15:40:49 DONE mvg0r5_B_N rc=0 344s
2026-10-07 15:40:49 LAUNCH mvg0r5_C_E pid=61304 free=5.4GB running=12
2026-10-07 15:40:56 DONE mvg1r5_B_N rc=0 344s
2026-10-07 15:40:56 DONE mvg2r5_B_N rc=0 342s
2026-10-07 15:40:56 LAUNCH mvg1r5_C_E pid=34224 free=6.3GB running=11
2026-10-07 15:40:58 LAUNCH mvg2r5_C_E pid=56544 free=5.5GB running=12
2026-10-07 15:42:40 DONE mvg0r5_B_S rc=0 439s
2026-10-07 15:42:40 LAUNCH mvg0r5_C_N pid=33540 free=5.5GB running=12
2026-10-07 15:42:47 DONE mvg1r5_B_S rc=0 439s
2026-10-07 15:42:47 LAUNCH mvg1r5_C_N pid=47980 free=5.5GB running=12
2026-10-07 15:42:54 DONE mvg2r5_B_S rc=0 439s
2026-10-07 15:42:54 LAUNCH mvg2r5_C_N pid=50172 free=5.6GB running=12
2026-10-07 15:43:26 DONE mvg0r5_B_W rc=0 439s
2026-10-07 15:43:26 DONE mvg1r5_B_W rc=0 437s
2026-10-07 15:43:26 LAUNCH mvg0r5_C_S pid=58936 free=6.4GB running=11
2026-10-07 15:43:28 LAUNCH mvg1r5_C_S pid=9976 free=5.6GB running=12
2026-10-07 15:43:40 DONE mvg2r5_B_W rc=0 444s
2026-10-07 15:43:40 LAUNCH mvg2r5_C_S pid=44724 free=5.6GB running=12
2026-10-07 15:48:47 DONE mvg0r5_C_S rc=0 321s
2026-10-07 15:48:47 LAUNCH mvg0r5_C_W pid=45652 free=5.4GB running=12
2026-10-07 15:48:54 DONE mvg1r5_C_S rc=0 326s
2026-10-07 15:48:54 LAUNCH mvg1r5_C_W pid=58096 free=5.5GB running=12
2026-10-07 15:49:01 DONE mvg2r5_C_S rc=0 321s
2026-10-07 15:49:01 LAUNCH mvg2r5_C_W pid=7312 free=5.5GB running=12
2026-10-07 15:50:09 DONE mvg0r5_C_N rc=0 449s
2026-10-07 15:50:09 LAUNCH mvg0r5_D_E pid=57844 free=5.4GB running=12
2026-10-07 15:50:16 DONE mvg0r5_B_E rc=0 967s
2026-10-07 15:50:16 DONE mvg1r5_C_N rc=0 449s
2026-10-07 15:50:16 LAUNCH mvg1r5_D_E pid=15056 free=6.3GB running=11
2026-10-07 15:50:18 LAUNCH mvg2r5_D_E pid=58960 free=5.4GB running=12
2026-10-07 15:50:25 DONE mvg2r5_C_N rc=0 451s
2026-10-07 15:50:25 LAUNCH mvg0r5_D_N pid=51776 free=5.5GB running=12
2026-10-07 15:50:32 DONE mvg1r5_B_E rc=0 976s
2026-10-07 15:50:32 LAUNCH mvg1r5_D_N pid=59028 free=5.5GB running=12
2026-10-07 15:50:59 DONE mvg2r5_B_E rc=0 996s
2026-10-07 15:50:59 LAUNCH mvg2r5_D_N pid=58408 free=5.6GB running=12
2026-10-07 15:51:51 DONE mvg0r5_C_E rc=0 662s
2026-10-07 15:51:51 LAUNCH mvg0r5_D_S pid=33100 free=5.6GB running=12
2026-10-07 15:52:03 DONE mvg1r5_C_E rc=0 667s
2026-10-07 15:52:03 DONE mvg2r5_C_E rc=0 665s
2026-10-07 15:52:03 LAUNCH mvg1r5_D_S pid=50472 free=6.5GB running=11
2026-10-07 15:52:05 LAUNCH mvg2r5_D_S pid=48008 free=5.6GB running=12
2026-10-07 15:57:47 DONE mvg0r5_C_W rc=0 540s
2026-10-07 15:57:47 DONE mvg1r5_C_W rc=0 533s
2026-10-07 15:57:47 LAUNCH mvg0r5_D_W pid=34620 free=6.2GB running=11
2026-10-07 15:57:49 LAUNCH mvg1r5_D_W pid=58680 free=5.4GB running=12
2026-10-07 15:57:56 DONE mvg0r5_D_N rc=0 452s
2026-10-07 15:57:56 DONE mvg1r5_D_N rc=0 445s
2026-10-07 15:57:56 LAUNCH mvg2r5_D_W pid=47872 free=6.3GB running=11
2026-10-07 15:57:58 LAUNCH mvg0u5_A_E pid=51072 free=5.4GB running=12
2026-10-07 15:58:05 DONE mvg2r5_C_W rc=0 544s
2026-10-07 15:58:05 LAUNCH mvg1u5_A_E pid=15948 free=5.5GB running=12
2026-10-07 15:58:12 DONE mvg0r5_D_E rc=0 484s
2026-10-07 15:58:12 DONE mvg2r5_D_E rc=0 475s
2026-10-07 15:58:12 LAUNCH mvg2u5_A_E pid=34368 free=6.4GB running=11
2026-10-07 15:58:14 LAUNCH mvg0u5_A_N pid=60700 free=5.5GB running=12
2026-10-07 15:58:21 DONE mvg2r5_D_N rc=0 443s
2026-10-07 15:58:21 DONE mvg0r5_D_S rc=0 391s
2026-10-07 15:58:21 LAUNCH mvg1u5_A_N pid=18624 free=6.4GB running=11
2026-10-07 15:58:23 LAUNCH mvg2u5_A_N pid=27496 free=5.6GB running=12
2026-10-07 15:58:35 DONE mvg2r5_D_S rc=0 391s
2026-10-07 15:58:35 LAUNCH mvg0u5_A_S pid=61408 free=5.6GB running=12
2026-10-07 15:58:43 DONE mvg1r5_D_S rc=0 400s
2026-10-07 15:58:43 LAUNCH mvg1u5_A_S pid=14332 free=5.6GB running=12
2026-10-07 15:58:50 DONE mvg1r5_D_E rc=0 514s
2026-10-07 15:58:50 LAUNCH mvg2u5_A_S pid=51892 free=5.6GB running=12
2026-10-07 16:05:07 DONE mvg0u5_A_E rc=0 429s
2026-10-07 16:05:07 DONE mvg1u5_A_E rc=0 422s
2026-10-07 16:05:07 DONE mvg2u5_A_E rc=0 414s
2026-10-07 16:05:07 LAUNCH mvg0u5_A_W pid=59268 free=7.0GB running=10
2026-10-07 16:05:09 LAUNCH mvg1u5_A_W pid=24620 free=6.2GB running=11
2026-10-07 16:05:11 LAUNCH mvg2u5_A_W pid=56324 free=6.2GB running=12
2026-10-07 16:05:18 DONE mvg0u5_A_N rc=0 424s
2026-10-07 16:05:18 LAUNCH mvg0u5_B_E pid=58816 free=5.4GB running=12
2026-10-07 16:05:25 DONE mvg1u5_A_N rc=0 424s
2026-10-07 16:05:25 DONE mvg2u5_A_N rc=0 422s
2026-10-07 16:05:25 LAUNCH mvg1u5_B_E pid=10840 free=6.3GB running=11
2026-10-07 16:05:27 LAUNCH mvg2u5_B_E pid=53556 free=5.5GB running=12
2026-10-07 16:05:34 DONE mvg0r5_D_W rc=0 467s
2026-10-07 16:05:34 LAUNCH mvg0u5_B_N pid=42548 free=5.5GB running=12
2026-10-07 16:05:41 DONE mvg1r5_D_W rc=0 472s
2026-10-07 16:05:41 LAUNCH mvg1u5_B_N pid=60408 free=5.6GB running=12
2026-10-07 16:06:03 DONE mvg2r5_D_W rc=0 487s
2026-10-07 16:06:03 LAUNCH mvg2u5_B_N pid=44508 free=5.6GB running=12
2026-10-07 16:06:20 DONE mvg0u5_A_S rc=0 465s
2026-10-07 16:06:20 LAUNCH mvg0u5_B_S pid=57060 free=5.6GB running=12
2026-10-07 16:06:47 DONE mvg1u5_A_S rc=0 485s
2026-10-07 16:06:47 LAUNCH mvg1u5_B_S pid=27740 free=5.6GB running=12
2026-10-07 16:06:59 DONE mvg2u5_A_S rc=0 490s
2026-10-07 16:06:59 LAUNCH mvg2u5_B_S pid=51376 free=5.6GB running=12
2026-10-07 16:11:21 DONE mvg0u5_B_N rc=0 347s
2026-10-07 16:11:21 LAUNCH mvg0u5_B_W pid=59120 free=5.4GB running=12
2026-10-07 16:11:28 DONE mvg1u5_B_N rc=0 347s
2026-10-07 16:11:28 LAUNCH mvg1u5_B_W pid=45020 free=5.5GB running=12
2026-10-07 16:11:45 DONE mvg2u5_B_N rc=0 342s
2026-10-07 16:11:45 LAUNCH mvg2u5_B_W pid=50844 free=5.5GB running=12
2026-10-07 16:12:18 DONE mvg0u5_A_W rc=0 431s
2026-10-07 16:12:18 LAUNCH mvg0u5_C_E pid=59468 free=5.5GB running=12
2026-10-07 16:12:25 DONE mvg1u5_A_W rc=0 436s
2026-10-07 16:12:25 DONE mvg2u5_A_W rc=0 434s
2026-10-07 16:12:25 LAUNCH mvg1u5_C_E pid=36032 free=6.4GB running=11
2026-10-07 16:12:27 LAUNCH mvg2u5_C_E pid=61288 free=5.6GB running=12
2026-10-07 16:14:14 DONE mvg0u5_B_S rc=0 474s
2026-10-07 16:14:14 LAUNCH mvg0u5_C_N pid=47740 free=5.4GB running=12
2026-10-07 16:14:41 DONE mvg2u5_B_S rc=0 461s
2026-10-07 16:14:41 LAUNCH mvg1u5_C_N pid=58840 free=5.4GB running=12
2026-10-07 16:15:08 DONE mvg1u5_B_S rc=0 501s
2026-10-07 16:15:08 LAUNCH mvg2u5_C_N pid=32108 free=5.4GB running=12
2026-10-07 16:21:45 DONE mvg0u5_C_N rc=0 451s
2026-10-07 16:21:45 LAUNCH mvg0u5_C_S pid=22736 free=5.4GB running=12
2026-10-07 16:22:07 DONE mvg1u5_C_N rc=0 446s
2026-10-07 16:22:07 LAUNCH mvg1u5_C_S pid=57940 free=5.4GB running=12
2026-10-07 16:22:54 DONE mvg2u5_C_N rc=0 466s
2026-10-07 16:22:54 LAUNCH mvg2u5_C_S pid=60272 free=5.4GB running=12
2026-10-07 16:23:06 DONE mvg0u5_C_E rc=0 649s
2026-10-07 16:23:06 LAUNCH mvg0u5_C_W pid=60700 free=5.4GB running=12
2026-10-07 16:23:13 DONE mvg1u5_C_E rc=0 649s
2026-10-07 16:23:13 DONE mvg2u5_C_E rc=0 647s
2026-10-07 16:23:13 LAUNCH mvg1u5_C_W pid=3204 free=6.3GB running=11
2026-10-07 16:23:15 LAUNCH mvg2u5_C_W pid=40060 free=5.5GB running=12
2026-10-07 16:23:42 DONE mvg2u5_B_E rc=0 1095s
2026-10-07 16:23:42 LAUNCH mvg0u5_D_E pid=46176 free=5.5GB running=12
2026-10-07 16:23:49 DONE mvg1u5_B_E rc=0 1105s
2026-10-07 16:23:49 DONE mvg0u5_B_W rc=0 748s
2026-10-07 16:23:50 LAUNCH mvg1u5_D_E pid=61220 free=6.4GB running=11
2026-10-07 16:23:52 LAUNCH mvg2u5_D_E pid=58768 free=5.5GB running=12
2026-10-07 16:23:59 DONE mvg0u5_B_E rc=0 1121s
2026-10-07 16:23:59 LAUNCH mvg0u5_D_N pid=13920 free=5.6GB running=12
2026-10-07 16:24:26 DONE mvg1u5_B_W rc=0 777s
2026-10-07 16:24:26 DONE mvg2u5_B_W rc=0 760s
2026-10-07 16:24:26 LAUNCH mvg1u5_D_N pid=51044 free=6.4GB running=11
2026-10-07 16:24:28 LAUNCH mvg2u5_D_N pid=27736 free=5.5GB running=12
2026-10-07 16:27:20 DONE mvg0u5_C_S rc=0 335s
2026-10-07 16:27:20 LAUNCH mvg0u5_D_S pid=61344 free=5.5GB running=12
2026-10-07 16:27:42 DONE mvg1u5_C_S rc=0 335s
2026-10-07 16:27:42 LAUNCH mvg1u5_D_S pid=59932 free=5.5GB running=12
2026-10-07 16:28:29 DONE mvg2u5_C_S rc=0 335s
2026-10-07 16:28:29 LAUNCH mvg2u5_D_S pid=58428 free=5.5GB running=12
2026-10-07 16:31:26 DONE mvg0u5_D_E rc=0 464s
2026-10-07 16:31:26 LAUNCH mvg0u5_D_W pid=44584 free=5.3GB running=12
2026-10-07 16:31:43 DONE mvg1u5_D_E rc=0 474s
2026-10-07 16:31:43 LAUNCH mvg1u5_D_W pid=24596 free=5.4GB running=12
2026-10-07 16:31:50 DONE mvg2u5_D_E rc=0 479s
2026-10-07 16:31:50 LAUNCH mvg2u5_D_W pid=45080 free=5.4GB running=12
2026-10-07 16:32:22 DONE mvg1u5_C_W rc=0 549s
2026-10-07 16:32:22 DONE mvg2u5_C_W rc=0 547s
2026-10-07 16:32:22 DONE mvg1u5_D_N rc=0 477s
2026-10-07 16:32:22 DONE mvg2u5_D_N rc=0 475s
2026-10-07 16:32:22 LAUNCH mvg0r6_A_E pid=41172 free=8.0GB running=9
2026-10-07 16:32:24 LAUNCH mvg1r6_A_E pid=44168 free=7.2GB running=10
2026-10-07 16:32:26 LAUNCH mvg2r6_A_E pid=59264 free=7.2GB running=11
2026-10-07 16:32:28 LAUNCH mvg0r6_A_N pid=31560 free=6.4GB running=12
2026-10-07 16:32:35 DONE mvg0u5_D_N rc=0 517s
2026-10-07 16:32:35 LAUNCH mvg1r6_A_N pid=57676 free=5.5GB running=12
2026-10-07 16:32:47 DONE mvg0u5_C_W rc=0 581s
2026-10-07 16:32:47 LAUNCH mvg2r6_A_N pid=23980 free=5.6GB running=12
2026-10-07 16:33:44 DONE mvg0u5_D_S rc=0 385s
2026-10-07 16:33:44 LAUNCH mvg0r6_A_S pid=60696 free=5.5GB running=12
2026-10-07 16:34:22 DONE mvg1u5_D_S rc=0 400s
2026-10-07 16:34:22 LAUNCH mvg1r6_A_S pid=25092 free=5.4GB running=12
2026-10-07 16:35:09 DONE mvg2u5_D_S rc=0 400s
2026-10-07 16:35:09 LAUNCH mvg2r6_A_S pid=8356 free=5.5GB running=12
2026-10-07 16:38:06 DONE mvg0r6_A_E rc=0 343s
2026-10-07 16:38:06 LAUNCH mvg0r6_A_W pid=50316 free=5.5GB running=12
2026-10-07 16:38:13 DONE mvg1r6_A_E rc=0 348s
2026-10-07 16:38:13 LAUNCH mvg1r6_A_W pid=31192 free=5.5GB running=12
2026-10-07 16:38:25 DONE mvg2r6_A_E rc=0 358s
2026-10-07 16:38:25 LAUNCH mvg2r6_A_W pid=37244 free=5.5GB running=12
2026-10-07 16:39:37 DONE mvg0r6_A_S rc=0 352s
2026-10-07 16:39:37 LAUNCH mvg0r6_B_E pid=612 free=5.4GB running=12
2026-10-07 16:40:04 DONE mvg2r6_A_N rc=0 436s
2026-10-07 16:40:04 LAUNCH mvg1r6_B_E pid=60916 free=5.4GB running=12
2026-10-07 16:40:11 DONE mvg0r6_A_N rc=0 463s
2026-10-07 16:40:11 DONE mvg1r6_A_S rc=0 349s
2026-10-07 16:40:11 LAUNCH mvg2r6_B_E pid=34364 free=6.3GB running=11
2026-10-07 16:40:13 LAUNCH mvg0r6_B_N pid=55424 free=5.5GB running=12
2026-10-07 16:40:35 DONE mvg1r6_A_N rc=0 480s
2026-10-07 16:40:35 LAUNCH mvg1r6_B_N pid=50356 free=5.5GB running=12
2026-10-07 16:41:07 DONE mvg2r6_A_S rc=0 358s
2026-10-07 16:41:07 LAUNCH mvg2r6_B_N pid=29476 free=5.6GB running=12
2026-10-07 16:41:24 DONE mvg0u5_D_W rc=0 598s
2026-10-07 16:41:24 LAUNCH mvg0r6_B_S pid=57748 free=5.6GB running=12
2026-10-07 16:41:36 DONE mvg1u5_D_W rc=0 593s
2026-10-07 16:41:36 LAUNCH mvg1r6_B_S pid=44024 free=5.6GB running=12
2026-10-07 16:41:48 DONE mvg2u5_D_W rc=0 598s
2026-10-07 16:41:48 LAUNCH mvg2r6_B_S pid=27044 free=5.6GB running=12
2026-10-07 16:46:25 DONE mvg1r6_A_W rc=0 493s
2026-10-07 16:46:25 LAUNCH mvg0r6_B_W pid=42756 free=5.4GB running=12
2026-10-07 16:46:32 DONE mvg0r6_A_W rc=0 507s
2026-10-07 16:46:32 LAUNCH mvg1r6_B_W pid=34888 free=5.4GB running=12
2026-10-07 16:46:44 DONE mvg2r6_A_W rc=0 500s
2026-10-07 16:46:44 LAUNCH mvg2r6_B_W pid=60604 free=5.4GB running=12
2026-10-07 16:46:51 DONE mvg0r6_B_N rc=0 399s
2026-10-07 16:46:52 LAUNCH mvg0r6_C_E pid=56128 free=5.4GB running=12
2026-10-07 16:46:59 DONE mvg0r6_B_E rc=0 442s
2026-10-07 16:46:59 LAUNCH mvg1r6_C_E pid=60492 free=5.5GB running=12
2026-10-07 16:47:11 DONE mvg1r6_B_E rc=0 427s
2026-10-07 16:47:11 LAUNCH mvg2r6_C_E pid=8848 free=5.5GB running=12
2026-10-07 16:47:18 DONE mvg2r6_B_E rc=0 427s
2026-10-07 16:47:18 DONE mvg1r6_B_N rc=0 403s
2026-10-07 16:47:18 DONE mvg2r6_B_N rc=0 371s
2026-10-07 16:47:18 LAUNCH mvg0r6_C_N pid=28808 free=7.2GB running=10
2026-10-07 16:47:20 LAUNCH mvg1r6_C_N pid=49556 free=6.4GB running=11
2026-10-07 16:47:22 LAUNCH mvg2r6_C_N pid=14452 free=5.6GB running=12
2026-10-07 16:49:44 DONE mvg0r6_B_S rc=0 500s
2026-10-07 16:49:44 LAUNCH mvg0r6_C_S pid=60820 free=5.4GB running=12
2026-10-07 16:49:51 DONE mvg1r6_B_S rc=0 495s
2026-10-07 16:49:51 LAUNCH mvg1r6_C_S pid=26508 free=5.4GB running=12
2026-10-07 16:50:03 DONE mvg2r6_B_S rc=0 495s
2026-10-07 16:50:03 LAUNCH mvg2r6_C_S pid=33176 free=5.5GB running=12
2026-10-07 16:52:55 DONE mvg0r6_C_N rc=0 337s
2026-10-07 16:52:55 LAUNCH mvg0r6_C_W pid=60348 free=5.4GB running=12
2026-10-07 16:53:02 DONE mvg1r6_C_N rc=0 342s
2026-10-07 16:53:02 LAUNCH mvg1r6_C_W pid=42548 free=5.5GB running=12
2026-10-07 16:53:09 DONE mvg2r6_C_N rc=0 347s
2026-10-07 16:53:09 LAUNCH mvg2r6_C_W pid=20488 free=5.5GB running=12
2026-10-07 16:53:46 DONE mvg1r6_B_W rc=0 434s
2026-10-07 16:53:46 DONE mvg2r6_B_W rc=0 422s
2026-10-07 16:53:46 LAUNCH mvg0r6_D_E pid=58112 free=6.4GB running=11
2026-10-07 16:53:48 LAUNCH mvg1r6_D_E pid=19160 free=5.5GB running=12
2026-10-07 16:54:15 DONE mvg0r6_B_W rc=0 470s
2026-10-07 16:54:15 LAUNCH mvg2r6_D_E pid=55356 free=5.6GB running=12
2026-10-07 16:56:07 DONE mvg1r6_C_S rc=0 377s
2026-10-07 16:56:07 LAUNCH mvg0r6_D_N pid=52600 free=5.5GB running=12
2026-10-07 16:56:14 DONE mvg0r6_C_S rc=0 391s
2026-10-07 16:56:14 LAUNCH mvg1r6_D_N pid=30264 free=5.6GB running=12
2026-10-07 16:56:26 DONE mvg2r6_C_S rc=0 384s
2026-10-07 16:56:26 LAUNCH mvg2r6_D_N pid=61332 free=5.6GB running=12
2026-10-07 16:59:44 DONE mvg0r6_C_E rc=0 772s
2026-10-07 16:59:44 DONE mvg1r6_C_E rc=0 765s
2026-10-07 16:59:44 LAUNCH mvg0r6_D_S pid=55816 free=6.2GB running=11
2026-10-07 16:59:46 LAUNCH mvg1r6_D_S pid=28064 free=5.4GB running=12
2026-10-07 17:00:28 DONE mvg2r6_C_E rc=0 797s
2026-10-07 17:00:28 LAUNCH mvg2r6_D_S pid=58832 free=5.4GB running=12
2026-10-07 17:01:25 DONE mvg1r6_D_E rc=0 457s
2026-10-07 17:01:25 LAUNCH mvg0r6_D_W pid=59900 free=5.4GB running=12
2026-10-07 17:01:32 DONE mvg0r6_D_E rc=0 466s
2026-10-07 17:01:32 LAUNCH mvg1r6_D_W pid=58608 free=5.5GB running=12
2026-10-07 17:01:39 DONE mvg0r6_C_W rc=0 524s
2026-10-07 17:01:39 LAUNCH mvg2r6_D_W pid=29624 free=5.5GB running=12
2026-10-07 17:01:46 DONE mvg1r6_C_W rc=0 524s
2026-10-07 17:01:46 LAUNCH mvg0u6_A_E pid=35944 free=5.5GB running=12
2026-10-07 17:01:53 DONE mvg2r6_C_W rc=0 524s
2026-10-07 17:01:53 DONE mvg2r6_D_E rc=0 458s
2026-10-07 17:01:53 LAUNCH mvg1u6_A_E pid=33228 free=6.4GB running=11
2026-10-07 17:01:55 LAUNCH mvg2u6_A_E pid=28808 free=5.6GB running=12
2026-10-07 17:02:47 DONE mvg0r6_D_N rc=0 400s
2026-10-07 17:02:47 DONE mvg1r6_D_N rc=0 393s
2026-10-07 17:02:47 LAUNCH mvg0u6_A_N pid=15568 free=6.4GB running=11
2026-10-07 17:02:49 LAUNCH mvg1u6_A_N pid=17028 free=5.5GB running=12
2026-10-07 17:03:16 DONE mvg2r6_D_N rc=0 410s
2026-10-07 17:03:16 LAUNCH mvg2u6_A_N pid=61300 free=5.6GB running=12
2026-10-07 17:05:38 DONE mvg1r6_D_S rc=0 353s
2026-10-07 17:05:38 LAUNCH mvg0u6_A_S pid=54664 free=5.5GB running=12
2026-10-07 17:06:05 DONE mvg2r6_D_S rc=0 338s
2026-10-07 17:06:05 LAUNCH mvg1u6_A_S pid=35612 free=5.5GB running=12
2026-10-07 17:06:12 DONE mvg0r6_D_S rc=0 389s
2026-10-07 17:06:12 LAUNCH mvg2u6_A_S pid=56552 free=5.5GB running=12
2026-10-07 17:07:05 DONE mvg0u6_A_E rc=0 319s
2026-10-07 17:07:05 LAUNCH mvg0u6_A_W pid=51476 free=5.5GB running=12
2026-10-07 17:07:12 DONE mvg1u6_A_E rc=0 319s
2026-10-07 17:07:12 LAUNCH mvg1u6_A_W pid=42456 free=5.6GB running=12
2026-10-07 17:07:44 DONE mvg2u6_A_E rc=0 349s
2026-10-07 17:07:44 LAUNCH mvg2u6_A_W pid=47124 free=5.6GB running=12
2026-10-07 17:09:36 DONE mvg1r6_D_W rc=0 484s
2026-10-07 17:09:36 LAUNCH mvg0u6_B_E pid=51072 free=5.3GB running=12
2026-10-07 17:09:43 DONE mvg0r6_D_W rc=0 498s
2026-10-07 17:09:43 DONE mvg1u6_A_N rc=0 414s
2026-10-07 17:09:43 LAUNCH mvg1u6_B_E pid=16404 free=6.2GB running=11
2026-10-07 17:09:45 LAUNCH mvg2u6_B_E pid=54956 free=6.3GB running=12
2026-10-07 17:09:52 DONE mvg2r6_D_W rc=0 493s
2026-10-07 17:09:52 LAUNCH mvg0u6_B_N pid=44136 free=5.4GB running=12
2026-10-07 17:10:09 DONE mvg0u6_A_N rc=0 442s
2026-10-07 17:10:09 LAUNCH mvg1u6_B_N pid=13316 free=5.5GB running=12
2026-10-07 17:10:16 DONE mvg2u6_A_N rc=0 420s
2026-10-07 17:10:16 LAUNCH mvg2u6_B_N pid=53608 free=5.5GB running=12
2026-10-07 17:11:33 DONE mvg0u6_A_S rc=0 355s
2026-10-07 17:11:33 LAUNCH mvg0u6_B_S pid=2540 free=5.5GB running=12
2026-10-07 17:11:50 DONE mvg1u6_A_S rc=0 345s
2026-10-07 17:11:50 LAUNCH mvg1u6_B_S pid=41924 free=5.5GB running=12
2026-10-07 17:12:02 DONE mvg2u6_A_S rc=0 350s
2026-10-07 17:12:02 LAUNCH mvg2u6_B_S pid=42500 free=5.6GB running=12
2026-10-07 17:14:59 DONE mvg1u6_A_W rc=0 468s
2026-10-07 17:14:59 LAUNCH mvg0u6_B_W pid=57308 free=5.3GB running=12
2026-10-07 17:15:06 DONE mvg0u6_A_W rc=0 482s
2026-10-07 17:15:06 LAUNCH mvg1u6_B_W pid=17476 free=5.4GB running=12
2026-10-07 17:15:43 DONE mvg2u6_A_W rc=0 480s
2026-10-07 17:15:43 LAUNCH mvg2u6_B_W pid=58112 free=5.4GB running=12
2026-10-07 17:16:40 DONE mvg0u6_B_N rc=0 409s
2026-10-07 17:16:40 LAUNCH mvg0u6_C_E pid=52220 free=5.4GB running=12
2026-10-07 17:16:57 DONE mvg1u6_B_N rc=0 409s
2026-10-07 17:16:57 DONE mvg2u6_B_N rc=0 402s
2026-10-07 17:16:58 LAUNCH mvg1u6_C_E pid=40276 free=6.3GB running=11
2026-10-07 17:17:00 LAUNCH mvg2u6_C_E pid=58348 free=5.5GB running=12
2026-10-07 17:17:37 DONE mvg0u6_B_E rc=0 481s
2026-10-07 17:17:37 LAUNCH mvg0u6_C_N pid=57224 free=5.5GB running=12
2026-10-07 17:17:44 DONE mvg1u6_B_E rc=0 481s
2026-10-07 17:17:44 LAUNCH mvg1u6_C_N pid=45424 free=5.5GB running=12
2026-10-07 17:17:51 DONE mvg2u6_B_E rc=0 486s
2026-10-07 17:17:51 LAUNCH mvg2u6_C_N pid=49004 free=5.6GB running=12
2026-10-07 17:21:08 DONE mvg0u6_B_S rc=0 575s
2026-10-07 17:21:08 DONE mvg1u6_B_S rc=0 558s
2026-10-07 17:21:08 LAUNCH mvg0u6_C_S pid=51820 free=6.3GB running=11
2026-10-07 17:21:10 LAUNCH mvg1u6_C_S pid=28432 free=5.5GB running=12
2026-10-07 17:21:37 DONE mvg2u6_B_S rc=0 575s
2026-10-07 17:21:37 LAUNCH mvg2u6_C_S pid=17004 free=5.5GB running=12
2026-10-07 17:25:04 DONE mvg1u6_C_N rc=0 440s
2026-10-07 17:25:04 LAUNCH mvg0u6_C_W pid=51576 free=5.3GB running=12
2026-10-07 17:25:16 DONE mvg0u6_C_N rc=0 459s
2026-10-07 17:25:16 LAUNCH mvg1u6_C_W pid=60728 free=5.3GB running=12
2026-10-07 17:25:43 DONE mvg2u6_C_N rc=0 472s
2026-10-07 17:25:43 LAUNCH mvg2u6_C_W pid=54612 free=5.4GB running=12
2026-10-07 17:28:45 DONE mvg0u6_C_S rc=0 457s
2026-10-07 17:28:45 DONE mvg1u6_C_S rc=0 455s
2026-10-07 17:28:45 LAUNCH mvg0u6_D_E pid=42228 free=6.2GB running=11
2026-10-07 17:28:47 LAUNCH mvg1u6_D_E pid=48800 free=6.2GB running=12
2026-10-07 17:28:54 DONE mvg2u6_C_S rc=0 437s
2026-10-07 17:28:54 LAUNCH mvg2u6_D_E pid=58388 free=5.4GB running=12
2026-10-07 17:32:32 DONE mvg0u6_C_E rc=0 951s
2026-10-07 17:32:32 LAUNCH mvg0u6_D_N pid=25240 free=5.4GB running=12
2026-10-07 17:32:44 DONE mvg1u6_C_E rc=0 946s
2026-10-07 17:32:44 DONE mvg2u6_C_E rc=0 944s
2026-10-07 17:32:44 LAUNCH mvg1u6_D_N pid=26700 free=6.2GB running=11
2026-10-07 17:32:46 LAUNCH mvg2u6_D_N pid=51888 free=5.4GB running=12
2026-10-07 17:33:13 DONE mvg0u6_C_W rc=0 489s
2026-10-07 17:33:13 LAUNCH mvg0u6_D_S pid=53044 free=5.4GB running=12
2026-10-07 17:33:20 DONE mvg1u6_C_W rc=0 484s
2026-10-07 17:33:20 LAUNCH mvg1u6_D_S pid=54096 free=5.4GB running=12
2026-10-07 17:33:47 DONE mvg2u6_C_W rc=0 484s
2026-10-07 17:33:47 LAUNCH mvg2u6_D_S pid=32108 free=5.3GB running=12
2026-10-07 17:34:14 DONE mvg0u6_B_W rc=0 1155s
2026-10-07 17:34:14 LAUNCH mvg0u6_D_W pid=32260 free=5.4GB running=12
2026-10-07 17:34:56 DONE mvg1u6_B_W rc=0 1190s
2026-10-07 17:34:56 LAUNCH mvg1u6_D_W pid=23312 free=5.3GB running=12
2026-10-07 17:35:18 DONE mvg2u6_B_W rc=0 1175s
2026-10-07 17:35:18 LAUNCH mvg2u6_D_W pid=36748 free=5.4GB running=12
2026-10-07 17:36:40 DONE mvg0u6_D_E rc=0 475s
2026-10-07 17:36:40 DONE mvg1u6_D_E rc=0 473s
2026-10-07 17:36:50 DONE mvg2u6_D_E rc=0 476s
2026-10-07 17:38:45 DONE mvg0u6_D_N rc=0 374s
2026-10-07 17:38:50 DONE mvg1u6_D_N rc=0 367s
2026-10-07 17:38:55 DONE mvg2u6_D_N rc=0 370s
2026-10-07 17:39:00 DONE mvg0u6_D_S rc=0 348s
2026-10-07 17:39:05 DONE mvg1u6_D_S rc=0 346s
2026-10-07 17:39:25 DONE mvg2u6_D_S rc=0 339s
2026-10-07 17:41:26 DONE mvg0u6_D_W rc=0 432s
2026-10-07 17:42:06 DONE mvg1u6_D_W rc=0 430s
2026-10-07 17:42:26 DONE mvg2u6_D_W rc=0 428s
2026-10-07 17:42:31 ALL_MF2_COMPLETE E:\Projects\SAS_wt\mvg\outputs\_mvg_q_w2.jsonl 192/192 0 FAIL
