2026-10-07 17:43:35 START E:\Projects\SAS_wt\mvg\outputs\_mvg_q_w3.jsonl 80 runs maxpar=12 min_free=3.0
2026-10-07 17:43:35 LAUNCH mvgrp_mvg1r5_A_E_R0 pid=43176 free=14.7GB running=1
2026-10-07 17:43:37 LAUNCH mvgrp_mvg1r5_A_E_f1_KOown pid=26444 free=13.9GB running=2
2026-10-07 17:43:39 LAUNCH mvgrp_mvg1r5_A_E_f1_KOlast pid=26484 free=13.1GB running=3
2026-10-07 17:43:41 LAUNCH mvgrp_mvg2r5_A_E_R0 pid=56068 free=12.3GB running=4
2026-10-07 17:43:43 LAUNCH mvgrp_mvg2r5_A_E_f1_KOown pid=55368 free=11.5GB running=5
2026-10-07 17:43:45 LAUNCH mvgrp_mvg2r5_A_E_f1_KOlast pid=27804 free=10.6GB running=6
2026-10-07 17:43:47 LAUNCH mvgrp_mvg2r5_A_W_R0 pid=49776 free=9.8GB running=7
2026-10-07 17:43:49 LAUNCH mvgrp_mvg2r5_A_W_f2_KOown pid=24160 free=9.0GB running=8
2026-10-07 17:43:51 LAUNCH mvgrp_mvg2r5_A_W_f2_KOlast pid=57632 free=8.1GB running=9
2026-10-07 17:43:53 LAUNCH mvgrp_mvg2r5_A_W_f2_KOothers pid=7644 free=7.3GB running=10
2026-10-07 17:43:55 LAUNCH mvgrp_mvg1r5_B_S_R0 pid=50972 free=6.5GB running=11
2026-10-07 17:43:57 LAUNCH mvgrp_mvg1r5_B_S_f2_KOown pid=30340 free=5.7GB running=12
2026-10-07 17:50:19 DONE mvgrp_mvg1r5_A_E_f1_KOown rc=0 402s
2026-10-07 17:50:19 DONE mvgrp_mvg1r5_A_E_f1_KOlast rc=0 400s
2026-10-07 17:50:19 DONE mvgrp_mvg2r5_A_E_R0 rc=0 398s
2026-10-07 17:50:19 DONE mvgrp_mvg2r5_A_E_f1_KOown rc=0 396s
2026-10-07 17:50:19 LAUNCH mvgrp_mvg1r5_B_S_f2_KOothers pid=60760 free=7.8GB running=9
2026-10-07 17:50:21 LAUNCH mvgrp_mvg2r5_B_S_R0 pid=59624 free=8.7GB running=10
2026-10-07 17:50:23 LAUNCH mvgrp_mvg2r5_B_S_f2_KOown pid=26224 free=8.0GB running=11
2026-10-07 17:50:25 LAUNCH mvgrp_mvg2r5_B_S_f2_KOothers pid=20892 free=7.2GB running=12
2026-10-07 17:50:32 DONE mvgrp_mvg1r5_A_E_R0 rc=0 418s
2026-10-07 17:50:32 DONE mvgrp_mvg2r5_A_E_f1_KOlast rc=0 408s
2026-10-07 17:50:32 LAUNCH mvgrp_mvg2r5_C_E_R0 pid=26948 free=6.3GB running=11
2026-10-07 17:50:34 LAUNCH mvgrp_mvg2r5_C_E_f1_KOown pid=47752 free=5.5GB running=12
2026-10-07 17:50:56 DONE mvgrp_mvg2r5_A_W_f2_KOown rc=0 428s
2026-10-07 17:50:56 LAUNCH mvgrp_mvg2r5_C_E_f1_KOlast pid=55364 free=5.5GB running=12
2026-10-07 17:51:13 DONE mvgrp_mvg1r5_B_S_R0 rc=0 439s
2026-10-07 17:51:13 LAUNCH mvgrp_mvg2r5_C_W_R0 pid=56428 free=5.5GB running=12
2026-10-07 17:51:20 DONE mvgrp_mvg2r5_A_W_R0 rc=0 454s
2026-10-07 17:51:20 DONE mvgrp_mvg2r5_A_W_f2_KOothers rc=0 448s
2026-10-07 17:51:20 DONE mvgrp_mvg1r5_B_S_f2_KOown rc=0 444s
2026-10-07 17:51:20 LAUNCH mvgrp_mvg2r5_C_W_f0_KOothers pid=10596 free=7.2GB running=10
2026-10-07 17:51:23 LAUNCH mvgrp_mvg1r5_D_N_R0 pid=57492 free=7.3GB running=11
2026-10-07 17:51:25 LAUNCH mvgrp_mvg1r5_D_N_f1_KOown pid=42988 free=6.5GB running=12
2026-10-07 17:51:32 DONE mvgrp_mvg2r5_A_W_f2_KOlast rc=0 461s
2026-10-07 17:51:32 LAUNCH mvgrp_mvg1r5_D_N_f1_KOlast pid=60072 free=5.6GB running=12
2026-10-07 17:57:39 DONE mvgrp_mvg1r5_B_S_f2_KOothers rc=0 440s
2026-10-07 17:57:39 DONE mvgrp_mvg2r5_B_S_R0 rc=0 438s
2026-10-07 17:57:39 LAUNCH mvgrp_mvg1r5_D_N_f1_KOothers pid=42996 free=6.2GB running=11
2026-10-07 17:57:41 LAUNCH mvgrp_mvg1r5_D_N_f1_KOguard pid=58276 free=5.4GB running=12
2026-10-07 17:57:48 DONE mvgrp_mvg2r5_B_S_f2_KOown rc=0 445s
2026-10-07 17:57:48 DONE mvgrp_mvg2r5_B_S_f2_KOothers rc=0 443s
2026-10-07 17:57:48 LAUNCH mvgrp_mvg1u5_B_E_R0 pid=3480 free=6.2GB running=11
2026-10-07 17:57:50 LAUNCH mvgrp_mvg1u5_B_E_f2_KOown pid=58976 free=5.4GB running=12
2026-10-07 17:58:32 DONE mvgrp_mvg1r5_D_N_R0 rc=0 430s
2026-10-07 17:58:32 LAUNCH mvgrp_mvg2u5_B_E_R0 pid=34812 free=5.4GB running=12
2026-10-07 17:58:44 DONE mvgrp_mvg1r5_D_N_f1_KOown rc=0 440s
2026-10-07 17:58:44 LAUNCH mvgrp_mvg2u5_B_E_f2_KOown pid=36468 free=5.4GB running=12
2026-10-07 17:58:51 DONE mvgrp_mvg1r5_D_N_f1_KOlast rc=0 440s
2026-10-07 17:58:51 LAUNCH mvgrp_mvg1u5_B_S_R0 pid=42616 free=5.5GB running=12
2026-10-07 18:00:03 DONE mvgrp_mvg2r5_C_W_R0 rc=0 530s
2026-10-07 18:00:03 LAUNCH mvgrp_mvg1u5_B_S_f0_KOown pid=43504 free=5.3GB running=12
2026-10-07 18:00:15 DONE mvgrp_mvg2r5_C_W_f0_KOothers rc=0 535s
2026-10-07 18:00:15 LAUNCH mvgrp_mvg1u5_B_S_f0_KOothers pid=43432 free=5.3GB running=12
2026-10-07 18:01:27 DONE mvgrp_mvg2r5_C_E_R0 rc=0 655s
2026-10-07 18:01:27 LAUNCH mvgrp_mvg1u5_B_S_f2_KOown pid=57716 free=5.5GB running=12
2026-10-07 18:01:49 DONE mvgrp_mvg2r5_C_E_f1_KOlast rc=0 653s
2026-10-07 18:01:49 LAUNCH mvgrp_mvg1u5_B_S_f2_KOothers pid=46284 free=5.5GB running=12
2026-10-07 18:02:06 DONE mvgrp_mvg2r5_C_E_f1_KOown rc=0 692s
2026-10-07 18:02:06 LAUNCH mvgrp_mvg2u5_B_S_R0 pid=48564 free=5.5GB running=12
2026-10-07 18:04:54 DONE mvgrp_mvg1r5_D_N_f1_KOothers rc=0 435s
2026-10-07 18:04:54 LAUNCH mvgrp_mvg2u5_B_S_f0_KOown pid=48112 free=5.4GB running=12
2026-10-07 18:05:06 DONE mvgrp_mvg1r5_D_N_f1_KOguard rc=0 445s
2026-10-07 18:05:06 LAUNCH mvgrp_mvg2u5_B_S_f0_KOothers pid=58408 free=5.4GB running=12
2026-10-07 18:06:33 DONE mvgrp_mvg1u5_B_S_R0 rc=0 462s
2026-10-07 18:06:33 LAUNCH mvgrp_mvg2u5_B_S_f1_KOown pid=61364 free=5.4GB running=12
2026-10-07 18:07:40 DONE mvgrp_mvg1u5_B_S_f0_KOown rc=0 457s
2026-10-07 18:07:40 LAUNCH mvgrp_mvg2u5_B_S_f1_KOothers pid=29624 free=5.5GB running=12
2026-10-07 18:07:52 DONE mvgrp_mvg1u5_B_S_f0_KOothers rc=0 457s
2026-10-07 18:07:52 LAUNCH mvgrp_mvg2u5_B_S_f2_KOown pid=56528 free=5.4GB running=12
2026-10-07 18:09:19 DONE mvgrp_mvg1u5_B_S_f2_KOown rc=0 472s
2026-10-07 18:09:19 LAUNCH mvgrp_mvg2u5_B_S_f2_KOothers pid=59580 free=5.3GB running=12
2026-10-07 18:09:26 DONE mvgrp_mvg1u5_B_S_f2_KOothers rc=0 457s
2026-10-07 18:09:26 LAUNCH mvgrp_mvg2u5_C_E_R0 pid=56068 free=5.3GB running=12
2026-10-07 18:09:43 DONE mvgrp_mvg2u5_B_S_R0 rc=0 457s
2026-10-07 18:09:43 LAUNCH mvgrp_mvg2u5_C_E_f1_KOown pid=42112 free=5.4GB running=12
2026-10-07 18:12:30 DONE mvgrp_mvg2u5_B_S_f0_KOown rc=0 457s
2026-10-07 18:12:30 LAUNCH mvgrp_mvg2u5_C_E_f1_KOlast pid=22500 free=5.4GB running=12
2026-10-07 18:13:07 DONE mvgrp_mvg2u5_B_S_f0_KOothers rc=0 482s
2026-10-07 18:13:07 LAUNCH mvgrp_mvg2u5_C_E_f1_KOothers pid=44272 free=5.4GB running=12
2026-10-07 18:14:14 DONE mvgrp_mvg2u5_B_S_f1_KOown rc=0 462s
2026-10-07 18:14:14 LAUNCH mvgrp_mvg1u5_D_N_R0 pid=33684 free=5.3GB running=12
2026-10-07 18:15:32 DONE mvgrp_mvg2u5_B_S_f1_KOothers rc=0 472s
2026-10-07 18:15:32 LAUNCH mvgrp_mvg1u5_D_N_f1_KOown pid=1616 free=5.4GB running=12
2026-10-07 18:15:44 DONE mvgrp_mvg2u5_B_S_f2_KOown rc=0 472s
2026-10-07 18:15:44 LAUNCH mvgrp_mvg2u5_D_N_R0 pid=60380 free=5.4GB running=12
2026-10-07 18:16:26 DONE mvgrp_mvg1u5_B_E_R0 rc=0 1118s
2026-10-07 18:16:26 LAUNCH mvgrp_mvg2u5_D_N_f1_KOown pid=19132 free=5.5GB running=12
2026-10-07 18:16:33 DONE mvgrp_mvg2u5_B_E_f2_KOown rc=0 1069s
2026-10-07 18:16:33 LAUNCH mvgrp_mvg1r6_A_N_R0 pid=61404 free=5.5GB running=12
2026-10-07 18:16:45 DONE mvgrp_mvg1u5_B_E_f2_KOown rc=0 1135s
2026-10-07 18:16:45 DONE mvgrp_mvg2u5_B_E_R0 rc=0 1093s
2026-10-07 18:16:45 LAUNCH mvgrp_mvg1r6_A_N_f0_KOown pid=60116 free=6.4GB running=11
2026-10-07 18:16:47 LAUNCH mvgrp_mvg1r6_A_N_f0_KOlast pid=56224 free=5.6GB running=12
2026-10-07 18:17:14 DONE mvgrp_mvg2u5_B_S_f2_KOothers rc=0 475s
2026-10-07 18:17:14 LAUNCH mvgrp_mvg1r6_A_N_f0_KOothers pid=58980 free=5.6GB running=12
2026-10-07 18:20:11 DONE mvgrp_mvg2u5_C_E_R0 rc=0 645s
2026-10-07 18:20:11 LAUNCH mvgrp_mvg2r6_A_N_R0 pid=43144 free=5.4GB running=12
2026-10-07 18:20:53 DONE mvgrp_mvg2u5_C_E_f1_KOown rc=0 670s
2026-10-07 18:20:53 LAUNCH mvgrp_mvg2r6_A_N_f0_KOown pid=19424 free=5.5GB running=12
2026-10-07 18:22:10 DONE mvgrp_mvg1u5_D_N_R0 rc=0 476s
2026-10-07 18:22:10 LAUNCH mvgrp_mvg2r6_A_N_f0_KOlast pid=14100 free=5.5GB running=12
2026-10-07 18:23:02 DONE mvgrp_mvg2u5_C_E_f1_KOlast rc=0 632s
2026-10-07 18:23:02 LAUNCH mvgrp_mvg2r6_A_N_f0_KOothers pid=39136 free=5.5GB running=12
2026-10-07 18:23:49 DONE mvgrp_mvg2u5_C_E_f1_KOothers rc=0 642s
2026-10-07 18:23:49 DONE mvgrp_mvg1u5_D_N_f1_KOown rc=0 498s
2026-10-07 18:23:49 DONE mvgrp_mvg2u5_D_N_R0 rc=0 486s
2026-10-07 18:23:49 LAUNCH mvgrp_mvg1r6_C_S_R0 pid=34652 free=7.2GB running=10
2026-10-07 18:23:51 LAUNCH mvgrp_mvg1r6_C_S_f2_KOown pid=37264 free=6.4GB running=11
2026-10-07 18:23:53 LAUNCH mvgrp_mvg1r6_C_S_f2_KOothers pid=612 free=5.6GB running=12
2026-10-07 18:24:15 DONE mvgrp_mvg1r6_A_N_f0_KOown rc=0 451s
2026-10-07 18:24:15 LAUNCH mvgrp_mvg2r6_C_S_R0 pid=49984 free=5.6GB running=12
2026-10-07 18:24:22 DONE mvgrp_mvg1r6_A_N_R0 rc=0 470s
2026-10-07 18:24:22 LAUNCH mvgrp_mvg2r6_C_S_f2_KOown pid=60436 free=5.5GB running=12
2026-10-07 18:24:34 DONE mvgrp_mvg1r6_A_N_f0_KOothers rc=0 441s
2026-10-07 18:24:34 LAUNCH mvgrp_mvg2r6_C_S_f2_KOothers pid=26724 free=5.5GB running=12
2026-10-07 18:24:41 DONE mvgrp_mvg2u5_D_N_f1_KOown rc=0 496s
2026-10-07 18:24:41 DONE mvgrp_mvg1r6_A_N_f0_KOlast rc=0 475s
2026-10-07 18:24:41 LAUNCH mvgrp_mvg1r6_D_W_R0 pid=45796 free=6.4GB running=11
2026-10-07 18:24:43 LAUNCH mvgrp_mvg1r6_D_W_f1_KOown pid=28824 free=5.6GB running=12
2026-10-07 18:27:26 DONE mvgrp_mvg2r6_A_N_R0 rc=0 435s
2026-10-07 18:27:26 LAUNCH mvgrp_mvg1r6_D_W_f1_KOothers pid=40260 free=5.6GB running=12
2026-10-07 18:28:13 DONE mvgrp_mvg2r6_A_N_f0_KOown rc=0 440s
2026-10-07 18:28:13 LAUNCH mvgrp_mvg2r6_D_W_R0 pid=58276 free=5.5GB running=12
2026-10-07 18:29:30 DONE mvgrp_mvg2r6_A_N_f0_KOlast rc=0 440s
2026-10-07 18:29:30 LAUNCH mvgrp_mvg2r6_D_W_f1_KOown pid=61348 free=5.4GB running=12
2026-10-07 18:29:57 DONE mvgrp_mvg1r6_C_S_f2_KOown rc=0 365s
2026-10-07 18:29:57 LAUNCH mvgrp_mvg2r6_D_W_f1_KOothers pid=55252 free=5.4GB running=12
2026-10-07 18:30:04 DONE mvgrp_mvg1r6_C_S_R0 rc=0 374s
2026-10-07 18:30:04 LAUNCH mvgrp_mvg2u6_B_S_R0 pid=59588 free=5.3GB running=12
2026-10-07 18:30:26 DONE mvgrp_mvg2r6_A_N_f0_KOothers rc=0 444s
2026-10-07 18:30:26 DONE mvgrp_mvg1r6_C_S_f2_KOothers rc=0 393s
2026-10-07 18:30:26 LAUNCH mvgrp_mvg2u6_B_S_f1_KOown pid=53536 free=6.4GB running=11
2026-10-07 18:30:28 LAUNCH mvgrp_mvg2u6_B_S_f1_KOothers pid=50172 free=5.5GB running=12
2026-10-07 18:30:35 DONE mvgrp_mvg2r6_C_S_R0 rc=0 380s
2026-10-07 18:30:35 DONE mvgrp_mvg2r6_C_S_f2_KOown rc=0 373s
2026-10-07 18:30:35 LAUNCH mvgrp_mvg1u6_C_S_R0 pid=60340 free=6.4GB running=11
2026-10-07 18:30:37 LAUNCH mvgrp_mvg1u6_C_S_f2_KOown pid=55356 free=5.6GB running=12
2026-10-07 18:31:09 DONE mvgrp_mvg2r6_C_S_f2_KOothers rc=0 395s
2026-10-07 18:31:09 LAUNCH mvgrp_mvg2u6_C_S_R0 pid=56148 free=5.7GB running=12
2026-10-07 18:32:51 DONE mvgrp_mvg1r6_D_W_R0 rc=0 490s
2026-10-07 18:32:51 LAUNCH mvgrp_mvg2u6_C_S_f1_KOown pid=27800 free=5.6GB running=12
2026-10-07 18:33:03 DONE mvgrp_mvg1r6_D_W_f1_KOown rc=0 500s
2026-10-07 18:33:03 LAUNCH mvgrp_mvg2u6_C_S_f1_KOothers pid=46092 free=5.6GB running=12
2026-10-07 18:35:45 DONE mvgrp_mvg1r6_D_W_f1_KOothers rc=0 500s
2026-10-07 18:35:45 LAUNCH mvgrp_mvg2u6_C_S_f2_KOown pid=36396 free=5.4GB running=12
2026-10-07 18:36:27 DONE mvgrp_mvg2r6_D_W_R0 rc=0 495s
2026-10-07 18:36:27 LAUNCH mvgrp_mvg2u6_C_S_f2_KOothers pid=57896 free=5.5GB running=12
2026-10-07 18:37:59 DONE mvgrp_mvg2r6_D_W_f1_KOown rc=0 510s
2026-10-07 18:38:04 DONE mvgrp_mvg1u6_C_S_f2_KOown rc=0 447s
2026-10-07 18:38:09 DONE mvgrp_mvg1u6_C_S_R0 rc=0 454s
2026-10-07 18:38:19 DONE mvgrp_mvg2u6_C_S_R0 rc=0 430s
2026-10-07 18:38:29 DONE mvgrp_mvg2r6_D_W_f1_KOothers rc=0 513s
2026-10-07 18:39:14 DONE mvgrp_mvg2u6_B_S_f1_KOothers rc=0 527s
2026-10-07 18:39:50 DONE mvgrp_mvg2u6_B_S_R0 rc=0 586s
2026-10-07 18:39:50 DONE mvgrp_mvg2u6_B_S_f1_KOown rc=0 564s
2026-10-07 18:40:10 DONE mvgrp_mvg2u6_C_S_f1_KOown rc=0 439s
2026-10-07 18:40:15 DONE mvgrp_mvg2u6_C_S_f1_KOothers rc=0 432s
2026-10-07 18:42:25 DONE mvgrp_mvg2u6_C_S_f2_KOown rc=0 400s
2026-10-07 18:43:20 DONE mvgrp_mvg2u6_C_S_f2_KOothers rc=0 413s
2026-10-07 18:43:25 ALL_MF2_COMPLETE E:\Projects\SAS_wt\mvg\outputs\_mvg_q_w3.jsonl 80/80 0 FAIL
