2026-10-09 01:07:36 START outputs/_dq_q_refs.jsonl 33 runs maxpar=12 min_free=3.0
2026-10-09 01:07:37 LAUNCH dqrefcr1_A_E pid=17916 free=19.1GB running=1
2026-10-09 01:07:39 LAUNCH dqrefcr1_A_N pid=16912 free=18.2GB running=2
2026-10-09 01:07:41 LAUNCH dqrefcr1_A_S pid=31620 free=17.4GB running=3
2026-10-09 01:07:43 LAUNCH dqrefcr1_A_W pid=57420 free=16.6GB running=4
2026-10-09 01:07:45 LAUNCH dqrefcr1_B_E pid=34896 free=15.8GB running=5
2026-10-09 01:07:47 LAUNCH dqrefcr1_B_N pid=25096 free=14.9GB running=6
2026-10-09 01:07:49 LAUNCH dqrefcr1_B_S pid=30204 free=14.1GB running=7
2026-10-09 01:07:51 LAUNCH dqrefcr1_B_W pid=40192 free=13.3GB running=8
2026-10-09 01:07:53 LAUNCH dqrefcr1_C_E pid=24948 free=12.5GB running=9
2026-10-09 01:07:55 LAUNCH dqrefcr1_C_N pid=25876 free=11.7GB running=10
2026-10-09 01:07:57 LAUNCH dqrefcr1_C_S pid=48256 free=10.8GB running=11
2026-10-09 01:07:59 LAUNCH dqrefcr1_C_W pid=38208 free=10.0GB running=12
2026-10-09 01:13:36 DONE dqrefcr1_A_E rc=0 359s
2026-10-09 01:13:36 DONE dqrefcr1_C_N rc=0 341s
2026-10-09 01:13:36 LAUNCH dqrefcr1_D_E pid=48196 free=10.6GB running=11
2026-10-09 01:13:38 LAUNCH dqrefcr1_D_N pid=26904 free=9.8GB running=12
2026-10-09 01:13:50 DONE dqrefcr1_A_S rc=0 369s
2026-10-09 01:13:50 LAUNCH dqrefcr1_D_S pid=44240 free=9.8GB running=12
2026-10-09 01:15:17 DONE dqrefcr1_A_W rc=0 455s
2026-10-09 01:15:17 LAUNCH dqrefcr1_D_W pid=25884 free=9.7GB running=12
2026-10-09 01:15:24 DONE dqrefcr1_B_S rc=0 456s
2026-10-09 01:15:24 LAUNCH dqrefcu1_A_E pid=55780 free=9.8GB running=12
2026-10-09 01:15:31 DONE dqrefcr1_A_N rc=0 473s
2026-10-09 01:15:31 LAUNCH dqrefcu1_A_N pid=60540 free=9.8GB running=12
2026-10-09 01:15:53 DONE dqrefcr1_B_N rc=0 487s
2026-10-09 01:15:53 DONE dqrefcr1_C_S rc=0 477s
2026-10-09 01:15:53 LAUNCH dqrefcu1_A_S pid=30416 free=10.7GB running=11
2026-10-09 01:15:55 LAUNCH dqrefcu1_A_W pid=8820 free=9.8GB running=12
2026-10-09 01:16:17 DONE dqrefcr1_B_W rc=0 507s
2026-10-09 01:16:17 LAUNCH dqrefcu1_B_E pid=24100 free=9.9GB running=12
2026-10-09 01:20:59 DONE dqrefcr1_D_N rc=0 441s
2026-10-09 01:20:59 LAUNCH dqrefcu1_B_N pid=49780 free=9.7GB running=12
2026-10-09 01:21:11 DONE dqrefcu1_A_E rc=0 347s
2026-10-09 01:21:11 LAUNCH dqrefcu1_B_S pid=42124 free=9.7GB running=12
2026-10-09 01:22:04 DONE dqrefcr1_D_S rc=0 494s
2026-10-09 01:22:04 LAUNCH dqrefcu1_B_W pid=39580 free=9.7GB running=12
2026-10-09 01:22:36 DONE dqrefcr1_D_W rc=0 439s
2026-10-09 01:22:36 LAUNCH dqrefcu1_C_E pid=56556 free=9.7GB running=12
2026-10-09 01:22:48 DONE dqrefcu1_A_S rc=0 414s
2026-10-09 01:22:48 LAUNCH dqrefcu1_C_N pid=24056 free=9.7GB running=12
2026-10-09 01:22:55 DONE dqrefcu1_A_N rc=0 444s
2026-10-09 01:22:55 LAUNCH dqrefcu1_C_S pid=49376 free=9.8GB running=12
2026-10-09 01:23:02 DONE dqrefcu1_A_W rc=0 426s
2026-10-09 01:23:02 LAUNCH dqrefcu1_C_W pid=17532 free=9.8GB running=12
2026-10-09 01:23:14 DONE dqrefcr1_C_E rc=0 921s
2026-10-09 01:23:14 LAUNCH dqrefcu1_D_E pid=50108 free=9.8GB running=12
2026-10-09 01:24:11 DONE dqrefcr1_C_W rc=0 972s
2026-10-09 01:24:11 LAUNCH dqrefcu1_D_N pid=17056 free=9.8GB running=12
2026-10-09 01:25:13 DONE dqrefcr1_B_E rc=0 1048s
2026-10-09 01:25:13 LAUNCH dqrefcu1_D_S pid=38696 free=9.7GB running=12
2026-10-09 01:27:35 DONE dqrefcr1_D_E rc=0 839s
2026-10-09 01:27:35 LAUNCH dqrefcu1_D_W pid=17780 free=9.7GB running=12
2026-10-09 01:27:47 DONE dqrefcu1_B_N rc=0 408s
2026-10-09 01:27:47 LAUNCH dqrefcu2_D_W pid=35256 free=9.8GB running=12
2026-10-09 01:28:39 DONE dqrefcu1_C_N rc=0 352s
2026-10-09 01:29:59 DONE dqrefcu1_B_S rc=0 528s
2026-10-09 01:30:09 DONE dqrefcu1_C_S rc=0 435s
2026-10-09 01:30:34 DONE dqrefcu1_B_W rc=0 511s
2026-10-09 01:31:19 DONE dqrefcu1_D_S rc=0 366s
2026-10-09 01:31:39 DONE dqrefcu1_D_N rc=0 449s
2026-10-09 01:34:25 DONE dqrefcu1_B_E rc=0 1087s
2026-10-09 01:34:45 DONE dqrefcu1_D_W rc=0 430s
2026-10-09 01:37:50 DONE dqrefcu1_D_E rc=0 876s
2026-10-09 01:39:55 DONE dqrefcu1_C_E rc=0 1039s
2026-10-09 01:40:00 DONE dqrefcu1_C_W rc=0 1018s
2026-10-09 01:44:15 DONE dqrefcu2_D_W rc=0 988s
2026-10-09 01:44:20 ALL_MF2_COMPLETE outputs/_dq_q_refs.jsonl 33/33 0 FAIL
