2026-09-29 15:56:24 START E:\Projects\SAS\outputs\_mf2_q_r.jsonl 88 runs maxpar=10 min_free=2.5
2026-09-29 15:56:24 LAUNCH mf2rS_A_E pid=7544 free=22.1GB running=1
2026-09-29 15:56:26 LAUNCH mf2rS_A_N pid=5340 free=21.3GB running=2
2026-09-29 15:56:28 LAUNCH mf2rS_A_S pid=17196 free=20.3GB running=3
2026-09-29 15:56:30 LAUNCH mf2rS_A_W pid=6072 free=19.7GB running=4
2026-09-29 15:56:32 LAUNCH mf2rS_B_E pid=6036 free=18.9GB running=5
2026-09-29 15:56:34 LAUNCH mf2rS_B_N pid=2216 free=18.0GB running=6
2026-09-29 15:56:36 LAUNCH mf2rS_B_S pid=25548 free=17.2GB running=7
2026-09-29 15:56:38 LAUNCH mf2rS_B_W pid=27900 free=16.4GB running=8
2026-09-29 15:56:40 LAUNCH mf2rS_C_E pid=25336 free=15.6GB running=9
2026-09-29 15:56:42 LAUNCH mf2rS_C_N pid=8128 free=14.8GB running=10
2026-09-29 16:01:55 DONE mf2rS_A_S rc=0 326s
2026-09-29 16:01:55 LAUNCH mf2rS_C_S pid=38340 free=14.6GB running=10
2026-09-29 16:02:02 DONE mf2rS_B_W rc=0 323s
2026-09-29 16:02:02 LAUNCH mf2rS_C_W pid=4676 free=14.6GB running=10
2026-09-29 16:03:09 DONE mf2rS_A_E rc=0 404s
2026-09-29 16:03:09 LAUNCH mf2rS_D_E pid=11900 free=14.6GB running=10
2026-09-29 16:03:26 DONE mf2rS_A_W rc=0 415s
2026-09-29 16:03:26 DONE mf2rS_B_N rc=0 411s
2026-09-29 16:03:26 DONE mf2rS_C_N rc=0 403s
2026-09-29 16:03:26 LAUNCH mf2rS_D_N pid=16116 free=16.4GB running=8
2026-09-29 16:03:28 LAUNCH mf2rS_D_S pid=30332 free=15.6GB running=9
2026-09-29 16:03:30 LAUNCH mf2rS_D_W pid=28500 free=14.7GB running=10
2026-09-29 16:03:47 DONE mf2rS_B_E rc=0 434s
2026-09-29 16:03:47 LAUNCH mf2rC_A_E pid=3960 free=14.7GB running=10
2026-09-29 16:03:54 DONE mf2rS_B_S rc=0 437s
2026-09-29 16:03:54 LAUNCH mf2rC_A_N pid=15836 free=14.7GB running=10
2026-09-29 16:04:51 DONE mf2rS_A_N rc=0 505s
2026-09-29 16:04:51 LAUNCH mf2rC_A_S pid=10452 free=14.6GB running=10
2026-09-29 16:08:28 DONE mf2rS_C_E rc=0 708s
2026-09-29 16:08:28 LAUNCH mf2rC_A_W pid=19228 free=14.7GB running=10
2026-09-29 16:10:15 DONE mf2rC_A_E rc=0 388s
2026-09-29 16:10:15 LAUNCH mf2rC_B_E pid=35820 free=14.5GB running=10
2026-09-29 16:10:27 DONE mf2rC_A_S rc=0 336s
2026-09-29 16:10:27 LAUNCH mf2rC_B_N pid=15332 free=14.6GB running=10
2026-09-29 16:10:44 DONE mf2rS_C_S rc=0 530s
2026-09-29 16:10:44 LAUNCH mf2rC_B_S pid=37420 free=14.6GB running=10
2026-09-29 16:11:26 DONE mf2rS_C_W rc=0 565s
2026-09-29 16:11:26 LAUNCH mf2rC_B_W pid=27448 free=14.6GB running=10
2026-09-29 16:11:33 DONE mf2rC_A_N rc=0 459s
2026-09-29 16:11:33 LAUNCH mf2rC_C_E pid=38684 free=14.7GB running=10
2026-09-29 16:11:55 DONE mf2rS_D_E rc=0 527s
2026-09-29 16:11:55 LAUNCH mf2rC_C_N pid=27104 free=14.6GB running=10
2026-09-29 16:13:02 DONE mf2rS_D_N rc=0 577s
2026-09-29 16:13:02 LAUNCH mf2rC_C_S pid=28148 free=14.7GB running=10
2026-09-29 16:13:14 DONE mf2rS_D_S rc=0 587s
2026-09-29 16:13:14 LAUNCH mf2rC_C_W pid=13692 free=14.7GB running=10
2026-09-29 16:15:16 DONE mf2rC_A_W rc=0 408s
2026-09-29 16:15:16 LAUNCH mf2rC_D_E pid=17172 free=14.6GB running=10
2026-09-29 16:15:23 DONE mf2rS_D_W rc=0 714s
2026-09-29 16:15:23 LAUNCH mf2rC_D_N pid=29044 free=14.6GB running=10
2026-09-29 16:16:40 DONE mf2rC_B_W rc=0 314s
2026-09-29 16:16:41 LAUNCH mf2rC_D_S pid=5640 free=14.7GB running=10
2026-09-29 16:17:13 DONE mf2rC_B_E rc=0 417s
2026-09-29 16:17:13 DONE mf2rC_B_N rc=0 405s
2026-09-29 16:17:13 LAUNCH mf2rC_D_W pid=6696 free=15.5GB running=9
2026-09-29 16:17:15 LAUNCH mf2rM_A_E pid=28688 free=14.7GB running=10
2026-09-29 16:17:42 DONE mf2rC_B_S rc=0 418s
2026-09-29 16:17:42 LAUNCH mf2rM_A_N pid=29276 free=14.7GB running=10
2026-09-29 16:19:39 DONE mf2rC_C_N rc=0 464s
2026-09-29 16:19:39 LAUNCH mf2rM_A_S pid=28136 free=14.6GB running=10
2026-09-29 16:21:31 DONE mf2rC_C_S rc=0 509s
2026-09-29 16:21:31 LAUNCH mf2rM_A_W pid=28032 free=14.6GB running=10
2026-09-29 16:22:23 DONE mf2rC_C_E rc=0 650s
2026-09-29 16:22:23 LAUNCH mf2rM_B_E pid=25192 free=14.7GB running=10
2026-09-29 16:22:35 DONE mf2rC_C_W rc=0 561s
2026-09-29 16:22:35 LAUNCH mf2rM_B_N pid=2164 free=14.7GB running=10
2026-09-29 16:23:32 DONE mf2rM_A_E rc=0 377s
2026-09-29 16:23:32 LAUNCH mf2rM_B_S pid=13116 free=14.6GB running=10
2026-09-29 16:24:04 DONE mf2rC_D_E rc=0 528s
2026-09-29 16:24:04 LAUNCH mf2rM_B_W pid=3324 free=14.6GB running=10
2026-09-29 16:24:16 DONE mf2rC_D_N rc=0 533s
2026-09-29 16:24:16 LAUNCH mf2rM_C_E pid=6876 free=14.6GB running=10
2026-09-29 16:25:03 DONE mf2rM_A_S rc=0 324s
2026-09-29 16:25:03 LAUNCH mf2rM_C_N pid=36204 free=14.6GB running=10
2026-09-29 16:26:05 DONE mf2rM_A_N rc=0 504s
2026-09-29 16:26:05 LAUNCH mf2rM_C_S pid=14876 free=14.7GB running=10
2026-09-29 16:26:17 DONE mf2rC_D_S rc=0 577s
2026-09-29 16:26:17 LAUNCH mf2rM_C_W pid=38896 free=14.7GB running=10
2026-09-29 16:28:19 DONE mf2rM_A_W rc=0 408s
2026-09-29 16:28:19 LAUNCH mf2rM_D_E pid=3788 free=14.6GB running=10
2026-09-29 16:28:26 DONE mf2rC_D_W rc=0 674s
2026-09-29 16:28:26 LAUNCH mf2rM_D_N pid=34384 free=14.7GB running=10
2026-09-29 16:29:03 DONE mf2rM_B_N rc=0 388s
2026-09-29 16:29:03 LAUNCH mf2rM_D_S pid=28272 free=14.6GB running=10
2026-09-29 16:29:15 DONE mf2rM_B_W rc=0 311s
2026-09-29 16:29:15 LAUNCH mf2rM_D_W pid=32416 free=14.6GB running=10
2026-09-29 16:29:23 DONE mf2rM_B_E rc=0 420s
2026-09-29 16:29:23 LAUNCH mf2gYa pid=28872 free=14.6GB running=10
2026-09-29 16:30:35 DONE mf2rM_B_S rc=0 423s
2026-09-29 16:30:35 LAUNCH mf2gYb pid=34340 free=14.5GB running=10
2026-09-29 16:31:22 DONE mf2rM_C_N rc=0 378s
2026-09-29 16:31:22 LAUNCH mf2gYc pid=13368 free=14.6GB running=10
2026-09-29 16:34:34 DONE mf2rM_C_S rc=0 509s
2026-09-29 16:34:34 LAUNCH mf2gYs pid=25888 free=14.5GB running=10
2026-09-29 16:34:41 DONE mf2rM_C_E rc=0 625s
2026-09-29 16:34:41 LAUNCH mf2gMa pid=19548 free=14.5GB running=10
2026-09-29 16:35:28 DONE mf2rM_C_W rc=0 551s
2026-09-29 16:35:28 LAUNCH mf2gMb pid=27900 free=14.6GB running=10
2026-09-29 16:36:50 DONE mf2rM_D_E rc=0 511s
2026-09-29 16:36:50 LAUNCH mf2gMc pid=33028 free=14.5GB running=10
2026-09-29 16:37:12 DONE mf2rM_D_N rc=0 526s
2026-09-29 16:37:12 LAUNCH mf2gMs pid=33292 free=14.6GB running=10
2026-09-29 16:39:44 DONE mf2rM_D_S rc=0 641s
2026-09-29 16:39:44 LAUNCH mf2rX_A_E pid=32300 free=14.5GB running=10
2026-09-29 16:40:26 DONE mf2rM_D_W rc=0 671s
2026-09-29 16:40:26 LAUNCH mf2rX_A_N pid=18324 free=14.5GB running=10
2026-09-29 16:46:23 DONE mf2rX_A_E rc=0 399s
2026-09-29 16:46:23 LAUNCH mf2rX_A_S pid=27792 free=14.5GB running=10
2026-09-29 16:47:55 DONE mf2rX_A_N rc=0 449s
2026-09-29 16:47:55 LAUNCH mf2rX_A_W pid=12264 free=14.5GB running=10
2026-09-29 16:51:43 DONE mf2rX_A_S rc=0 319s
2026-09-29 16:51:43 LAUNCH mf2rX_B_E pid=628 free=14.4GB running=10
2026-09-29 16:54:40 DONE mf2rX_A_W rc=0 404s
2026-09-29 16:54:40 LAUNCH mf2rX_B_N pid=17576 free=14.4GB running=10
2026-09-29 16:58:42 DONE mf2rX_B_E rc=0 419s
2026-09-29 16:58:42 LAUNCH mf2rX_B_S pid=11912 free=14.5GB running=10
2026-09-29 17:01:24 DONE mf2rX_B_N rc=0 404s
2026-09-29 17:01:24 LAUNCH mf2rX_B_W pid=32356 free=14.5GB running=10
2026-09-29 17:02:41 DONE mf2gYb rc=0 1927s
2026-09-29 17:02:41 LAUNCH mf2rX_C_E pid=27308 free=14.5GB running=10
2026-09-29 17:03:08 DONE mf2gYc rc=0 1907s
2026-09-29 17:03:08 LAUNCH mf2rX_C_N pid=11124 free=14.5GB running=10
2026-09-29 17:03:30 DONE mf2gYs rc=0 1737s
2026-09-29 17:03:30 LAUNCH mf2rX_C_S pid=28696 free=14.5GB running=10
2026-09-29 17:03:37 DONE mf2gMb rc=0 1689s
2026-09-29 17:03:37 LAUNCH mf2rX_C_W pid=6876 free=14.5GB running=10
2026-09-29 17:05:29 DONE mf2gMs rc=0 1697s
2026-09-29 17:05:29 LAUNCH mf2rX_D_E pid=31612 free=14.5GB running=10
2026-09-29 17:05:51 DONE mf2rX_B_S rc=0 429s
2026-09-29 17:05:51 LAUNCH mf2rX_D_N pid=7460 free=14.5GB running=10
2026-09-29 17:06:34 DONE mf2rX_B_W rc=0 309s
2026-09-29 17:06:34 LAUNCH mf2rX_D_S pid=27604 free=14.6GB running=10
2026-09-29 17:08:31 DONE mf2gMc rc=0 1901s
2026-09-29 17:08:31 LAUNCH mf2rX_D_W pid=35108 free=14.6GB running=10
2026-09-29 17:09:13 DONE mf2rX_C_N rc=0 364s
2026-09-29 17:09:13 LAUNCH mf2rZ_A_E pid=23896 free=14.5GB running=10
2026-09-29 17:12:05 DONE mf2rX_C_S rc=0 514s
2026-09-29 17:12:05 LAUNCH mf2rZ_A_N pid=10388 free=14.4GB running=10
2026-09-29 17:12:47 DONE mf2rX_C_W rc=0 549s
2026-09-29 17:12:47 LAUNCH mf2rZ_A_S pid=37840 free=14.5GB running=10
2026-09-29 17:13:49 DONE mf2rX_C_E rc=0 668s
2026-09-29 17:13:49 LAUNCH mf2rZ_A_W pid=16452 free=14.5GB running=10
2026-09-29 17:14:11 DONE mf2rX_D_E rc=0 521s
2026-09-29 17:14:11 LAUNCH mf2rZ_B_E pid=35228 free=14.5GB running=10
2026-09-29 17:15:03 DONE mf2rX_D_N rc=0 552s
2026-09-29 17:15:03 LAUNCH mf2rZ_B_N pid=6788 free=14.5GB running=10
2026-09-29 17:15:20 DONE mf2rX_D_S rc=0 527s
2026-09-29 17:15:20 LAUNCH mf2rZ_B_S pid=37356 free=14.5GB running=10
2026-09-29 17:16:07 DONE mf2rZ_A_E rc=0 414s
2026-09-29 17:16:07 LAUNCH mf2rZ_B_W pid=33116 free=14.5GB running=10
2026-09-29 17:16:14 DONE mf2gYa rc=0 2812s
2026-09-29 17:16:14 LAUNCH mf2rZ_C_E pid=37324 free=14.6GB running=10
2026-09-29 17:18:16 DONE mf2rZ_A_S rc=0 329s
2026-09-29 17:18:16 LAUNCH mf2rZ_C_N pid=13116 free=14.5GB running=10
2026-09-29 17:19:53 DONE mf2rZ_A_N rc=0 469s
2026-09-29 17:19:53 LAUNCH mf2rZ_C_S pid=38748 free=14.4GB running=10
2026-09-29 17:20:10 DONE mf2gMa rc=0 2730s
2026-09-29 17:20:10 LAUNCH mf2rZ_C_W pid=3168 free=14.4GB running=10
2026-09-29 17:20:17 DONE mf2rX_D_W rc=0 707s
2026-09-29 17:20:17 LAUNCH mf2rZ_D_E pid=27352 free=14.4GB running=10
2026-09-29 17:20:44 DONE mf2rZ_A_W rc=0 416s
2026-09-29 17:20:44 LAUNCH mf2rZ_D_N pid=24612 free=14.5GB running=10
2026-09-29 17:21:21 DONE mf2rZ_B_W rc=0 314s
2026-09-29 17:21:21 LAUNCH mf2rZ_D_S pid=32356 free=14.5GB running=10
2026-09-29 17:21:43 DONE mf2rZ_B_E rc=0 453s
2026-09-29 17:21:44 LAUNCH mf2rZ_D_W pid=25336 free=14.5GB running=10
2026-09-29 17:21:56 DONE mf2rZ_B_N rc=0 413s
2026-09-29 17:21:56 DONE mf2rZ_B_S rc=0 395s
2026-09-29 17:24:26 DONE mf2rZ_C_N rc=0 369s
2026-09-29 17:26:36 DONE mf2rZ_C_E rc=0 622s
2026-09-29 17:28:06 DONE mf2rZ_C_S rc=0 492s
2026-09-29 17:28:56 DONE mf2rZ_D_E rc=0 518s
2026-09-29 17:29:26 DONE mf2rZ_C_W rc=0 555s
2026-09-29 17:29:46 DONE mf2rZ_D_N rc=0 541s
2026-09-29 17:31:51 DONE mf2rZ_D_S rc=0 629s
2026-09-29 17:32:36 DONE mf2rZ_D_W rc=0 653s
2026-09-29 17:32:41 ALL_MF2_COMPLETE E:\Projects\SAS\outputs\_mf2_q_r.jsonl 88/88 0 FAIL
