2026-10-08 21:53:10 START outputs/_dq_q_w3.jsonl 9 runs maxpar=12 min_free=3.0
2026-10-08 21:53:10 LAUNCH dqrp_dq1r7_C_S_R0 pid=38104 free=20.2GB running=1
2026-10-08 21:53:12 LAUNCH dqrp_dq1r7_C_S_f1_KOown pid=49956 free=19.4GB running=2
2026-10-08 21:53:14 LAUNCH dqrp_dq1r7_C_S_f1_KOothers pid=34336 free=18.6GB running=3
2026-10-08 21:53:16 LAUNCH dqrp_dq1u7_B_S_R0 pid=35968 free=17.6GB running=4
2026-10-08 21:53:18 LAUNCH dqrp_dq1u7_B_S_f0_KOown pid=6640 free=16.6GB running=5
2026-10-08 21:53:20 LAUNCH dqrp_dq1u7_B_S_f0_KOlast pid=34536 free=15.9GB running=6
2026-10-08 21:53:22 LAUNCH dqrp_dq1u7_B_S_f0_KOothers pid=13780 free=15.0GB running=7
2026-10-08 21:53:24 LAUNCH dqrp_dq1u7_B_S_f1_KOown pid=44712 free=14.3GB running=8
2026-10-08 21:53:26 LAUNCH dqrp_dq1u7_B_S_f1_KOothers pid=20988 free=13.3GB running=9
2026-10-08 22:03:19 DONE dqrp_dq1r7_C_S_f1_KOown rc=0 607s
2026-10-08 22:03:24 DONE dqrp_dq1r7_C_S_R0 rc=0 614s
2026-10-08 22:03:29 DONE dqrp_dq1r7_C_S_f1_KOothers rc=0 615s
2026-10-08 22:04:04 DONE dqrp_dq1u7_B_S_R0 rc=0 648s
2026-10-08 22:04:04 DONE dqrp_dq1u7_B_S_f0_KOlast rc=0 644s
2026-10-08 22:04:14 DONE dqrp_dq1u7_B_S_f0_KOown rc=0 656s
2026-10-08 22:04:34 DONE dqrp_dq1u7_B_S_f1_KOothers rc=0 668s
2026-10-08 22:04:54 DONE dqrp_dq1u7_B_S_f0_KOothers rc=0 692s
2026-10-08 22:04:54 DONE dqrp_dq1u7_B_S_f1_KOown rc=0 690s
2026-10-08 22:04:59 ALL_MF2_COMPLETE outputs/_dq_q_w3.jsonl 9/9 0 FAIL
