2026-10-08 19:18:26 START outputs/_dq_q_w1.jsonl 128 runs maxpar=12 min_free=3.0
2026-10-08 19:18:26 LAUNCH dqRr7_A_E pid=10700 free=19.5GB running=1
2026-10-08 19:18:28 LAUNCH dq0r7_A_E pid=44216 free=18.7GB running=2
2026-10-08 19:18:30 LAUNCH dqRr7_A_N pid=47956 free=17.8GB running=3
2026-10-08 19:18:32 LAUNCH dq0r7_A_N pid=52152 free=17.0GB running=4
2026-10-08 19:18:34 LAUNCH dqRr7_A_S pid=17768 free=16.1GB running=5
2026-10-08 19:18:36 LAUNCH dq0r7_A_S pid=42092 free=15.3GB running=6
2026-10-08 19:18:38 LAUNCH dqRr7_A_W pid=36216 free=14.5GB running=7
2026-10-08 19:18:40 LAUNCH dq0r7_A_W pid=30052 free=13.7GB running=8
2026-10-08 19:18:42 LAUNCH dqRr7_B_E pid=37316 free=12.8GB running=9
2026-10-08 19:18:44 LAUNCH dq0r7_B_E pid=15356 free=11.9GB running=10
2026-10-08 19:18:46 LAUNCH dqRr7_B_N pid=54220 free=11.1GB running=11
2026-10-08 19:18:48 LAUNCH dq0r7_B_N pid=32064 free=10.2GB running=12
2026-10-08 19:24:25 DONE dqRr7_A_S rc=0 351s
2026-10-08 19:24:25 LAUNCH dqRr7_B_S pid=44880 free=10.0GB running=12
2026-10-08 19:24:32 DONE dq0r7_A_S rc=0 356s
2026-10-08 19:24:32 LAUNCH dq0r7_B_S pid=19676 free=10.1GB running=12
2026-10-08 19:25:24 DONE dqRr7_A_N rc=0 414s
2026-10-08 19:25:24 LAUNCH dqRr7_B_W pid=29528 free=10.2GB running=12
2026-10-08 19:25:31 DONE dqRr7_A_E rc=0 425s
2026-10-08 19:25:31 DONE dq0r7_A_E rc=0 423s
2026-10-08 19:25:31 DONE dq0r7_A_N rc=0 419s
2026-10-08 19:25:31 LAUNCH dq0r7_B_W pid=32348 free=11.9GB running=10
2026-10-08 19:25:33 LAUNCH dqRr7_C_E pid=18028 free=11.9GB running=11
2026-10-08 19:25:35 LAUNCH dq0r7_C_E pid=16132 free=12.0GB running=12
2026-10-08 19:25:42 DONE dq0r7_A_W rc=0 422s
2026-10-08 19:25:42 DONE dqRr7_B_N rc=0 416s
2026-10-08 19:25:42 DONE dq0r7_B_N rc=0 414s
2026-10-08 19:25:42 LAUNCH dqRr7_C_N pid=50932 free=12.0GB running=10
2026-10-08 19:25:44 LAUNCH dq0r7_C_N pid=20156 free=11.2GB running=11
2026-10-08 19:25:46 LAUNCH dqRr7_C_S pid=61180 free=11.2GB running=12
2026-10-08 19:25:53 DONE dqRr7_A_W rc=0 436s
2026-10-08 19:25:53 LAUNCH dq0r7_C_S pid=11988 free=10.4GB running=12
2026-10-08 19:31:06 DONE dqRr7_C_N rc=0 323s
2026-10-08 19:31:06 LAUNCH dqRr7_C_W pid=34328 free=10.0GB running=12
2026-10-08 19:31:13 DONE dq0r7_C_N rc=0 328s
2026-10-08 19:31:13 LAUNCH dq0r7_C_W pid=41448 free=10.1GB running=12
2026-10-08 19:31:25 DONE dqRr7_B_S rc=0 420s
2026-10-08 19:31:25 LAUNCH dqRr7_D_E pid=14816 free=10.0GB running=12
2026-10-08 19:31:37 DONE dq0r7_B_S rc=0 425s
2026-10-08 19:31:37 LAUNCH dq0r7_D_E pid=45040 free=10.2GB running=12
2026-10-08 19:32:34 DONE dqRr7_C_S rc=0 407s
2026-10-08 19:32:34 LAUNCH dqRr7_D_N pid=47348 free=10.1GB running=12
2026-10-08 19:32:46 DONE dq0r7_C_S rc=0 412s
2026-10-08 19:32:46 LAUNCH dq0r7_D_N pid=27464 free=10.1GB running=12
2026-10-08 19:33:13 DONE dq0r7_B_W rc=0 462s
2026-10-08 19:33:13 LAUNCH dqRr7_D_S pid=20852 free=10.2GB running=12
2026-10-08 19:33:25 DONE dqRr7_B_W rc=0 481s
2026-10-08 19:33:25 LAUNCH dq0r7_D_S pid=14040 free=10.2GB running=12
2026-10-08 19:37:17 DONE dqRr7_B_E rc=0 1115s
2026-10-08 19:37:17 LAUNCH dqRr7_D_W pid=57516 free=10.1GB running=12
2026-10-08 19:37:49 DONE dq0r7_B_E rc=0 1145s
2026-10-08 19:37:49 LAUNCH dq0r7_D_W pid=46960 free=10.2GB running=12
2026-10-08 19:38:36 DONE dqRr7_D_S rc=0 323s
2026-10-08 19:38:36 LAUNCH dqRu7_A_E pid=35444 free=10.2GB running=12
2026-10-08 19:38:48 DONE dq0r7_D_S rc=0 323s
2026-10-08 19:38:48 LAUNCH dq0u7_A_E pid=45836 free=10.2GB running=12
2026-10-08 19:39:30 DONE dqRr7_D_N rc=0 417s
2026-10-08 19:39:30 LAUNCH dqRu7_A_N pid=58708 free=10.2GB running=12
2026-10-08 19:39:57 DONE dq0r7_D_N rc=0 432s
2026-10-08 19:39:57 LAUNCH dq0u7_A_N pid=41592 free=10.2GB running=12
2026-10-08 19:41:09 DONE dq0r7_C_E rc=0 934s
2026-10-08 19:41:09 LAUNCH dqRu7_A_S pid=19296 free=10.3GB running=12
2026-10-08 19:41:22 DONE dqRr7_C_E rc=0 948s
2026-10-08 19:41:22 LAUNCH dq0u7_A_S pid=17976 free=10.3GB running=12
2026-10-08 19:42:09 DONE dqRr7_D_E rc=0 644s
2026-10-08 19:42:09 LAUNCH dqRu7_A_W pid=18192 free=10.3GB running=12
2026-10-08 19:42:16 DONE dq0r7_D_E rc=0 639s
2026-10-08 19:42:16 LAUNCH dq0u7_A_W pid=6788 free=10.3GB running=12
2026-10-08 19:42:53 DONE dqRr7_C_W rc=0 707s
2026-10-08 19:42:53 LAUNCH dqRu7_B_E pid=45252 free=10.3GB running=12
2026-10-08 19:43:05 DONE dq0r7_C_W rc=0 712s
2026-10-08 19:43:05 LAUNCH dq0u7_B_E pid=21112 free=10.3GB running=12
2026-10-08 19:45:32 DONE dqRu7_A_E rc=0 416s
2026-10-08 19:45:32 LAUNCH dqRu7_B_N pid=46408 free=10.2GB running=12
2026-10-08 19:45:39 DONE dq0u7_A_E rc=0 411s
2026-10-08 19:45:39 LAUNCH dq0u7_B_N pid=22816 free=10.2GB running=12
2026-10-08 19:46:16 DONE dqRu7_A_N rc=0 406s
2026-10-08 19:46:16 LAUNCH dqRu7_B_S pid=16352 free=10.2GB running=12
2026-10-08 19:46:38 DONE dq0u7_A_N rc=0 401s
2026-10-08 19:46:38 LAUNCH dq0u7_B_S pid=8980 free=10.3GB running=12
2026-10-08 19:47:05 DONE dq0u7_A_S rc=0 343s
2026-10-08 19:47:05 LAUNCH dqRu7_B_W pid=44992 free=10.3GB running=12
2026-10-08 19:47:17 DONE dqRu7_A_S rc=0 368s
2026-10-08 19:47:17 LAUNCH dq0u7_B_W pid=48696 free=10.3GB running=12
2026-10-08 19:47:49 DONE dqRr7_D_W rc=0 632s
2026-10-08 19:47:49 LAUNCH dqRu7_C_E pid=48808 free=10.3GB running=12
2026-10-08 19:48:16 DONE dq0r7_D_W rc=0 627s
2026-10-08 19:48:16 LAUNCH dq0u7_C_E pid=59680 free=10.3GB running=12
2026-10-08 19:49:38 DONE dqRu7_A_W rc=0 450s
2026-10-08 19:49:38 LAUNCH dqRu7_C_N pid=7388 free=10.2GB running=12
2026-10-08 19:49:55 DONE dq0u7_A_W rc=0 460s
2026-10-08 19:49:55 LAUNCH dq0u7_C_N pid=54744 free=10.2GB running=12
2026-10-08 19:50:37 DONE dqRu7_B_E rc=0 465s
2026-10-08 19:50:37 LAUNCH dqRu7_C_S pid=18828 free=10.2GB running=12
2026-10-08 19:50:54 DONE dq0u7_B_E rc=0 470s
2026-10-08 19:50:54 LAUNCH dq0u7_C_S pid=19780 free=10.3GB running=12
2026-10-08 19:52:51 DONE dqRu7_B_N rc=0 440s
2026-10-08 19:52:51 LAUNCH dqRu7_C_W pid=20820 free=10.2GB running=12
2026-10-08 19:52:58 DONE dq0u7_B_N rc=0 440s
2026-10-08 19:52:58 LAUNCH dq0u7_C_W pid=6012 free=10.2GB running=12
2026-10-08 19:53:21 DONE dqRu7_B_S rc=0 425s
2026-10-08 19:53:21 LAUNCH dqRu7_D_E pid=34940 free=10.3GB running=12
2026-10-08 19:53:43 DONE dq0u7_B_S rc=0 425s
2026-10-08 19:53:43 LAUNCH dq0u7_D_E pid=27792 free=10.2GB running=12
2026-10-08 19:54:55 DONE dqRu7_B_W rc=0 470s
2026-10-08 19:54:55 LAUNCH dqRu7_D_N pid=31064 free=10.2GB running=12
2026-10-08 19:55:02 DONE dq0u7_B_W rc=0 465s
2026-10-08 19:55:02 LAUNCH dq0u7_D_N pid=7684 free=10.2GB running=12
2026-10-08 19:55:14 DONE dqRu7_C_N rc=0 336s
2026-10-08 19:55:14 LAUNCH dqRu7_D_S pid=17700 free=10.2GB running=12
2026-10-08 19:55:31 DONE dq0u7_C_N rc=0 335s
2026-10-08 19:55:31 LAUNCH dq0u7_D_S pid=29324 free=10.3GB running=12
2026-10-08 19:56:38 DONE dqRu7_C_E rc=0 529s
2026-10-08 19:56:38 LAUNCH dqRu7_D_W pid=31204 free=10.3GB running=12
2026-10-08 19:57:10 DONE dq0u7_C_E rc=0 534s
2026-10-08 19:57:10 LAUNCH dq0u7_D_W pid=23480 free=10.3GB running=12
2026-10-08 19:58:02 DONE dqRu7_C_S rc=0 445s
2026-10-08 19:58:02 LAUNCH dqRr8_A_E pid=33364 free=10.3GB running=12
2026-10-08 19:58:19 DONE dq0u7_C_S rc=0 445s
2026-10-08 19:58:19 LAUNCH dq0r8_A_E pid=23096 free=10.3GB running=12
2026-10-08 20:01:26 DONE dqRu7_D_E rc=0 485s
2026-10-08 20:01:26 LAUNCH dqRr8_A_N pid=61284 free=10.1GB running=12
2026-10-08 20:01:33 DONE dq0u7_D_S rc=0 362s
2026-10-08 20:01:33 LAUNCH dq0r8_A_N pid=40068 free=10.2GB running=12
2026-10-08 20:01:40 DONE dqRu7_D_S rc=0 386s
2026-10-08 20:01:40 LAUNCH dqRr8_A_S pid=17092 free=10.2GB running=12
2026-10-08 20:02:02 DONE dqRu7_C_W rc=0 551s
2026-10-08 20:02:02 LAUNCH dq0r8_A_S pid=8024 free=10.3GB running=12
2026-10-08 20:02:09 DONE dq0u7_C_W rc=0 551s
2026-10-08 20:02:09 LAUNCH dqRr8_A_W pid=10700 free=10.3GB running=12
2026-10-08 20:02:51 DONE dq0u7_D_E rc=0 549s
2026-10-08 20:02:51 LAUNCH dq0r8_A_W pid=46580 free=10.2GB running=12
2026-10-08 20:04:08 DONE dqRr8_A_E rc=0 366s
2026-10-08 20:04:08 LAUNCH dqRr8_B_E pid=58112 free=10.2GB running=12
2026-10-08 20:04:25 DONE dq0r8_A_E rc=0 366s
2026-10-08 20:04:25 LAUNCH dq0r8_B_E pid=37812 free=10.2GB running=12
2026-10-08 20:04:52 DONE dqRu7_D_N rc=0 598s
2026-10-08 20:04:52 LAUNCH dqRr8_B_N pid=29496 free=10.2GB running=12
2026-10-08 20:04:59 DONE dq0u7_D_N rc=0 598s
2026-10-08 20:04:59 LAUNCH dq0r8_B_N pid=44260 free=10.2GB running=12
2026-10-08 20:08:47 DONE dqRr8_A_N rc=0 441s
2026-10-08 20:08:47 LAUNCH dqRr8_B_S pid=14460 free=10.2GB running=12
2026-10-08 20:08:54 DONE dq0r8_A_N rc=0 441s
2026-10-08 20:08:54 LAUNCH dq0r8_B_S pid=21912 free=10.2GB running=12
2026-10-08 20:09:21 DONE dqRu7_D_W rc=0 763s
2026-10-08 20:09:21 LAUNCH dqRr8_B_W pid=25792 free=10.1GB running=12
2026-10-08 20:09:38 DONE dqRr8_A_S rc=0 478s
2026-10-08 20:09:38 LAUNCH dq0r8_B_W pid=10824 free=10.0GB running=12
2026-10-08 20:10:05 DONE dq0u7_D_W rc=0 775s
2026-10-08 20:10:05 DONE dqRr8_A_W rc=0 476s
2026-10-08 20:10:05 LAUNCH dqRr8_C_E pid=46964 free=11.0GB running=11
2026-10-08 20:10:07 LAUNCH dq0r8_C_E pid=28916 free=10.1GB running=12
2026-10-08 20:10:14 DONE dq0r8_A_S rc=0 492s
2026-10-08 20:10:14 DONE dqRr8_B_E rc=0 366s
2026-10-08 20:10:14 LAUNCH dqRr8_C_N pid=41544 free=11.0GB running=11
2026-10-08 20:10:16 LAUNCH dq0r8_C_N pid=16284 free=11.0GB running=12
2026-10-08 20:10:23 DONE dq0r8_B_E rc=0 358s
2026-10-08 20:10:23 LAUNCH dqRr8_C_S pid=22140 free=10.3GB running=12
2026-10-08 20:10:45 DONE dq0r8_A_W rc=0 474s
2026-10-08 20:10:45 LAUNCH dq0r8_C_S pid=34680 free=10.3GB running=12
2026-10-08 20:10:52 DONE dqRr8_B_N rc=0 360s
2026-10-08 20:10:52 LAUNCH dqRr8_C_W pid=48840 free=10.3GB running=12
2026-10-08 20:11:09 DONE dq0r8_B_N rc=0 370s
2026-10-08 20:11:09 LAUNCH dq0r8_C_W pid=58756 free=10.4GB running=12
2026-10-08 20:15:11 DONE dqRr8_B_S rc=0 385s
2026-10-08 20:15:11 LAUNCH dqRr8_D_E pid=27108 free=10.1GB running=12
2026-10-08 20:15:18 DONE dq0r8_B_S rc=0 385s
2026-10-08 20:15:18 LAUNCH dq0r8_D_E pid=22488 free=10.2GB running=12
2026-10-08 20:15:45 DONE dqRr8_C_N rc=0 331s
2026-10-08 20:15:45 LAUNCH dqRr8_D_N pid=30740 free=10.2GB running=12
2026-10-08 20:15:52 DONE dq0r8_C_N rc=0 336s
2026-10-08 20:15:52 DONE dqRr8_C_S rc=0 329s
2026-10-08 20:15:52 LAUNCH dq0r8_D_N pid=36460 free=11.1GB running=11
2026-10-08 20:15:54 LAUNCH dqRr8_D_S pid=60300 free=10.3GB running=12
2026-10-08 20:16:06 DONE dq0r8_C_S rc=0 321s
2026-10-08 20:16:06 LAUNCH dq0r8_D_S pid=16876 free=10.3GB running=12
2026-10-08 20:19:14 DONE dqRr8_C_W rc=0 502s
2026-10-08 20:19:14 LAUNCH dqRr8_D_W pid=31136 free=10.2GB running=12
2026-10-08 20:19:21 DONE dq0r8_C_W rc=0 492s
2026-10-08 20:19:21 LAUNCH dq0r8_D_W pid=24168 free=10.2GB running=12
2026-10-08 20:22:43 DONE dqRr8_D_E rc=0 452s
2026-10-08 20:22:43 LAUNCH dqRu8_A_E pid=31640 free=10.2GB running=12
2026-10-08 20:22:55 DONE dq0r8_D_E rc=0 457s
2026-10-08 20:22:55 LAUNCH dq0u8_A_E pid=52140 free=10.2GB running=12
2026-10-08 20:23:02 DONE dqRr8_D_N rc=0 437s
2026-10-08 20:23:02 LAUNCH dqRu8_A_N pid=17660 free=10.2GB running=12
2026-10-08 20:23:09 DONE dq0r8_D_N rc=0 437s
2026-10-08 20:23:09 LAUNCH dq0u8_A_N pid=23916 free=10.3GB running=12
2026-10-08 20:24:11 DONE dqRr8_C_E rc=0 846s
2026-10-08 20:24:11 DONE dq0r8_C_E rc=0 844s
2026-10-08 20:24:11 LAUNCH dqRu8_A_S pid=34680 free=11.1GB running=11
2026-10-08 20:24:13 LAUNCH dq0u8_A_S pid=23656 free=10.3GB running=12
2026-10-08 20:26:20 DONE dqRr8_D_S rc=0 626s
2026-10-08 20:26:20 DONE dq0r8_D_S rc=0 614s
2026-10-08 20:26:20 LAUNCH dqRu8_A_W pid=23292 free=11.1GB running=11
2026-10-08 20:26:22 LAUNCH dq0u8_A_W pid=58820 free=10.3GB running=12
2026-10-08 20:26:39 DONE dqRr8_B_W rc=0 1039s
2026-10-08 20:26:39 LAUNCH dqRu8_B_E pid=23000 free=10.3GB running=12
2026-10-08 20:26:56 DONE dqRr8_D_W rc=0 463s
2026-10-08 20:26:56 LAUNCH dq0u8_B_E pid=4768 free=10.3GB running=12
2026-10-08 20:27:03 DONE dq0r8_D_W rc=0 463s
2026-10-08 20:27:03 LAUNCH dqRu8_B_N pid=48840 free=10.4GB running=12
2026-10-08 20:28:00 DONE dq0r8_B_W rc=0 1103s
2026-10-08 20:28:00 LAUNCH dq0u8_B_N pid=61300 free=10.3GB running=12
2026-10-08 20:29:13 DONE dqRu8_A_E rc=0 390s
2026-10-08 20:29:13 LAUNCH dqRu8_B_S pid=49852 free=10.3GB running=12
2026-10-08 20:29:35 DONE dq0u8_A_E rc=0 400s
2026-10-08 20:29:35 LAUNCH dq0u8_B_S pid=30676 free=10.2GB running=12
2026-10-08 20:30:47 DONE dqRu8_A_N rc=0 465s
2026-10-08 20:30:47 LAUNCH dqRu8_B_W pid=60388 free=10.2GB running=12
2026-10-08 20:30:59 DONE dq0u8_A_N rc=0 470s
2026-10-08 20:30:59 LAUNCH dq0u8_B_W pid=13628 free=10.2GB running=12
2026-10-08 20:31:51 DONE dqRu8_A_S rc=0 460s
2026-10-08 20:31:51 DONE dq0u8_A_S rc=0 458s
2026-10-08 20:31:51 LAUNCH dqRu8_C_E pid=59384 free=11.1GB running=11
2026-10-08 20:31:53 LAUNCH dq0u8_C_E pid=16608 free=10.2GB running=12
2026-10-08 20:32:35 DONE dqRu8_B_E rc=0 356s
2026-10-08 20:32:35 LAUNCH dqRu8_C_N pid=24952 free=10.2GB running=12
2026-10-08 20:32:52 DONE dq0u8_B_E rc=0 356s
2026-10-08 20:32:52 LAUNCH dq0u8_C_N pid=55620 free=10.2GB running=12
2026-10-08 20:33:09 DONE dqRu8_B_N rc=0 366s
2026-10-08 20:33:09 LAUNCH dqRu8_C_S pid=18240 free=10.3GB running=12
2026-10-08 20:33:16 DONE dq0u8_A_W rc=0 414s
2026-10-08 20:33:16 LAUNCH dq0u8_C_S pid=26884 free=10.3GB running=12
2026-10-08 20:33:23 DONE dqRu8_A_W rc=0 423s
2026-10-08 20:33:23 LAUNCH dqRu8_C_W pid=23076 free=10.3GB running=12
2026-10-08 20:34:15 DONE dq0u8_B_N rc=0 375s
2026-10-08 20:34:15 LAUNCH dq0u8_C_W pid=28724 free=10.3GB running=12
2026-10-08 20:36:42 DONE dqRu8_B_W rc=0 356s
2026-10-08 20:36:42 LAUNCH dqRu8_D_E pid=43936 free=10.3GB running=12
2026-10-08 20:36:49 DONE dq0u8_B_W rc=0 351s
2026-10-08 20:36:49 LAUNCH dq0u8_D_E pid=32500 free=10.3GB running=12
2026-10-08 20:36:56 DONE dqRu8_B_S rc=0 464s
2026-10-08 20:36:56 LAUNCH dqRu8_D_N pid=34888 free=10.3GB running=12
2026-10-08 20:37:18 DONE dq0u8_B_S rc=0 464s
2026-10-08 20:37:18 LAUNCH dq0u8_D_N pid=11032 free=10.3GB running=12
2026-10-08 20:38:20 DONE dqRu8_C_N rc=0 346s
2026-10-08 20:38:20 LAUNCH dqRu8_D_S pid=30044 free=10.3GB running=12
2026-10-08 20:38:37 DONE dq0u8_C_N rc=0 346s
2026-10-08 20:38:37 LAUNCH dq0u8_D_S pid=58080 free=10.4GB running=12
2026-10-08 20:38:59 DONE dqRu8_C_S rc=0 351s
2026-10-08 20:38:59 LAUNCH dqRu8_D_W pid=46236 free=10.3GB running=12
2026-10-08 20:39:12 DONE dq0u8_C_S rc=0 356s
2026-10-08 20:39:12 LAUNCH dq0u8_D_W pid=22864 free=10.4GB running=12
2026-10-08 20:42:19 DONE dqRu8_C_W rc=0 536s
2026-10-08 20:42:54 DONE dq0u8_C_W rc=0 519s
2026-10-08 20:43:14 DONE dqRu8_D_E rc=0 392s
2026-10-08 20:43:14 DONE dq0u8_D_E rc=0 385s
2026-10-08 20:44:19 DONE dqRu8_D_N rc=0 443s
2026-10-08 20:44:19 DONE dqRu8_D_S rc=0 358s
2026-10-08 20:44:34 DONE dq0u8_D_N rc=0 436s
2026-10-08 20:44:34 DONE dq0u8_D_S rc=0 356s
2026-10-08 20:46:34 DONE dqRu8_D_W rc=0 454s
2026-10-08 20:46:34 DONE dq0u8_D_W rc=0 442s
2026-10-08 20:46:44 DONE dqRu8_C_E rc=0 893s
2026-10-08 20:46:44 DONE dq0u8_C_E rc=0 891s
2026-10-08 20:46:49 ALL_MF2_COMPLETE outputs/_dq_q_w1.jsonl 128/128 0 FAIL
