2026-10-08 20:47:26 START outputs/_dq_q_w2.jsonl 64 runs maxpar=12 min_free=3.0
2026-10-08 20:47:26 LAUNCH dq1r7_A_E pid=31132 free=19.5GB running=1
2026-10-08 20:47:28 LAUNCH dq1r7_A_N pid=41556 free=18.8GB running=2
2026-10-08 20:47:30 LAUNCH dq1r7_A_S pid=36252 free=18.0GB running=3
2026-10-08 20:47:32 LAUNCH dq1r7_A_W pid=17460 free=17.1GB running=4
2026-10-08 20:47:34 LAUNCH dq1r7_B_E pid=16404 free=16.3GB running=5
2026-10-08 20:47:36 LAUNCH dq1r7_B_N pid=25668 free=15.5GB running=6
2026-10-08 20:47:38 LAUNCH dq1r7_B_S pid=40276 free=14.6GB running=7
2026-10-08 20:47:40 LAUNCH dq1r7_B_W pid=51288 free=13.8GB running=8
2026-10-08 20:47:42 LAUNCH dq1r7_C_E pid=18872 free=12.9GB running=9
2026-10-08 20:47:44 LAUNCH dq1r7_C_N pid=40284 free=12.0GB running=10
2026-10-08 20:47:46 LAUNCH dq1r7_C_S pid=27168 free=11.2GB running=11
2026-10-08 20:47:48 LAUNCH dq1r7_C_W pid=11040 free=10.4GB running=12
2026-10-08 20:53:00 DONE dq1r7_A_S rc=0 330s
2026-10-08 20:53:00 LAUNCH dq1r7_D_E pid=30760 free=10.1GB running=12
2026-10-08 20:53:07 DONE dq1r7_C_N rc=0 323s
2026-10-08 20:53:07 LAUNCH dq1r7_D_N pid=58820 free=10.2GB running=12
2026-10-08 20:54:04 DONE dq1r7_A_N rc=0 396s
2026-10-08 20:54:04 LAUNCH dq1r7_D_S pid=19128 free=10.1GB running=12
2026-10-08 20:54:16 DONE dq1r7_A_W rc=0 404s
2026-10-08 20:54:16 LAUNCH dq1r7_D_W pid=2848 free=10.2GB running=12
2026-10-08 20:54:23 DONE dq1r7_B_N rc=0 408s
2026-10-08 20:54:23 LAUNCH dq1u7_A_E pid=29260 free=10.1GB running=12
2026-10-08 20:54:30 DONE dq1r7_A_E rc=0 425s
2026-10-08 20:54:30 LAUNCH dq1u7_A_N pid=40432 free=10.2GB running=12
2026-10-08 20:54:37 DONE dq1r7_B_S rc=0 420s
2026-10-08 20:54:37 LAUNCH dq1u7_A_S pid=22368 free=10.2GB running=12
2026-10-08 20:54:44 DONE dq1r7_C_S rc=0 419s
2026-10-08 20:54:44 LAUNCH dq1u7_A_W pid=24096 free=10.3GB running=12
2026-10-08 20:55:06 DONE dq1r7_B_W rc=0 447s
2026-10-08 20:55:06 LAUNCH dq1u7_B_E pid=28920 free=10.3GB running=12
2026-10-08 20:59:34 DONE dq1r7_D_S rc=0 330s
2026-10-08 20:59:34 LAUNCH dq1u7_B_N pid=53668 free=10.1GB running=12
2026-10-08 21:00:21 DONE dq1r7_D_N rc=0 434s
2026-10-08 21:00:21 LAUNCH dq1u7_B_S pid=14884 free=10.0GB running=12
2026-10-08 21:00:28 DONE dq1r7_C_W rc=0 760s
2026-10-08 21:00:28 LAUNCH dq1u7_B_W pid=13380 free=10.1GB running=12
2026-10-08 21:00:35 DONE dq1u7_A_S rc=0 357s
2026-10-08 21:00:35 LAUNCH dq1u7_C_E pid=37668 free=10.1GB running=12
2026-10-08 21:01:32 DONE dq1u7_A_N rc=0 422s
2026-10-08 21:01:32 LAUNCH dq1u7_C_N pid=19592 free=10.1GB running=12
2026-10-08 21:01:39 DONE dq1u7_A_E rc=0 436s
2026-10-08 21:01:39 LAUNCH dq1u7_C_S pid=4900 free=10.2GB running=12
2026-10-08 21:01:46 DONE dq1u7_A_W rc=0 422s
2026-10-08 21:01:46 LAUNCH dq1u7_C_W pid=58508 free=10.2GB running=12
2026-10-08 21:03:03 DONE dq1u7_B_E rc=0 477s
2026-10-08 21:03:03 LAUNCH dq1u7_D_E pid=20404 free=10.2GB running=12
2026-10-08 21:03:30 DONE dq1r7_C_E rc=0 948s
2026-10-08 21:03:30 LAUNCH dq1u7_D_N pid=26460 free=10.2GB running=12
2026-10-08 21:03:57 DONE dq1r7_D_E rc=0 657s
2026-10-08 21:03:57 LAUNCH dq1u7_D_S pid=19352 free=10.1GB running=12
2026-10-08 21:05:24 DONE dq1r7_D_W rc=0 668s
2026-10-08 21:05:24 LAUNCH dq1u7_D_W pid=23404 free=10.1GB running=12
2026-10-08 21:07:36 DONE dq1r7_B_E rc=0 1203s
2026-10-08 21:07:36 LAUNCH dq1r8_A_E pid=42000 free=10.1GB running=12
2026-10-08 21:08:49 DONE dq1u7_B_N rc=0 555s
2026-10-08 21:08:49 LAUNCH dq1r8_A_N pid=27632 free=10.2GB running=12
2026-10-08 21:09:16 DONE dq1u7_C_N rc=0 464s
2026-10-08 21:09:16 LAUNCH dq1r8_A_S pid=34024 free=10.2GB running=12
2026-10-08 21:09:38 DONE dq1u7_B_S rc=0 557s
2026-10-08 21:09:38 LAUNCH dq1r8_A_W pid=53832 free=10.6GB running=12
2026-10-08 21:10:45 DONE dq1u7_B_W rc=0 617s
2026-10-08 21:10:45 LAUNCH dq1r8_B_E pid=52108 free=10.8GB running=12
2026-10-08 21:11:32 DONE dq1u7_C_S rc=0 593s
2026-10-08 21:11:32 LAUNCH dq1r8_B_N pid=53648 free=10.9GB running=12
2026-10-08 21:12:14 DONE dq1u7_C_E rc=0 699s
2026-10-08 21:12:14 LAUNCH dq1r8_B_S pid=30072 free=10.9GB running=12
2026-10-08 21:12:36 DONE dq1u7_D_S rc=0 519s
2026-10-08 21:12:36 LAUNCH dq1r8_B_W pid=58084 free=10.7GB running=12
2026-10-08 21:13:43 DONE dq1u7_C_W rc=0 717s
2026-10-08 21:13:43 LAUNCH dq1r8_C_E pid=16700 free=10.9GB running=12
2026-10-08 21:13:50 DONE dq1u7_D_E rc=0 647s
2026-10-08 21:13:50 LAUNCH dq1r8_C_N pid=14088 free=10.9GB running=12
2026-10-08 21:14:52 DONE dq1r8_A_E rc=0 436s
2026-10-08 21:14:52 LAUNCH dq1r8_C_S pid=26516 free=10.8GB running=12
2026-10-08 21:16:39 DONE dq1u7_D_N rc=0 789s
2026-10-08 21:16:39 LAUNCH dq1r8_C_W pid=11552 free=10.9GB running=12
2026-10-08 21:17:52 DONE dq1r8_B_E rc=0 427s
2026-10-08 21:17:52 LAUNCH dq1r8_D_E pid=29464 free=10.9GB running=12
2026-10-08 21:19:09 DONE dq1r8_A_N rc=0 620s
2026-10-08 21:19:09 LAUNCH dq1r8_D_N pid=28168 free=10.9GB running=12
2026-10-08 21:19:21 DONE dq1r8_A_S rc=0 605s
2026-10-08 21:19:21 LAUNCH dq1r8_D_S pid=7252 free=10.8GB running=12
2026-10-08 21:19:28 DONE dq1r8_B_N rc=0 476s
2026-10-08 21:19:28 LAUNCH dq1r8_D_W pid=8968 free=10.8GB running=12
2026-10-08 21:19:55 DONE dq1r8_A_W rc=0 617s
2026-10-08 21:19:55 LAUNCH dq1u8_A_E pid=26776 free=10.9GB running=12
2026-10-08 21:21:27 DONE dq1r8_B_S rc=0 553s
2026-10-08 21:21:27 LAUNCH dq1u8_A_N pid=60268 free=10.9GB running=12
2026-10-08 21:22:24 DONE dq1r8_C_N rc=0 514s
2026-10-08 21:22:24 LAUNCH dq1u8_A_S pid=53932 free=11.0GB running=12
2026-10-08 21:23:21 DONE dq1u7_D_W rc=0 1077s
2026-10-08 21:23:21 LAUNCH dq1u8_A_W pid=46140 free=11.0GB running=12
2026-10-08 21:23:33 DONE dq1r8_C_S rc=0 521s
2026-10-08 21:23:33 LAUNCH dq1u8_B_E pid=10564 free=11.1GB running=12
2026-10-08 21:29:51 DONE dq1r8_D_E rc=0 719s
2026-10-08 21:29:51 LAUNCH dq1u8_B_N pid=44200 free=10.8GB running=12
2026-10-08 21:30:23 DONE dq1r8_C_W rc=0 823s
2026-10-08 21:30:23 DONE dq1r8_D_N rc=0 674s
2026-10-08 21:30:23 LAUNCH dq1u8_B_S pid=22104 free=11.7GB running=11
2026-10-08 21:30:25 LAUNCH dq1u8_B_W pid=13384 free=10.9GB running=12
2026-10-08 21:31:07 DONE dq1u8_A_E rc=0 672s
2026-10-08 21:31:07 LAUNCH dq1u8_C_E pid=15116 free=10.9GB running=12
2026-10-08 21:31:59 DONE dq1r8_D_W rc=0 751s
2026-10-08 21:31:59 LAUNCH dq1u8_C_N pid=54168 free=11.0GB running=12
2026-10-08 21:33:16 DONE dq1u8_B_E rc=0 583s
2026-10-08 21:33:16 LAUNCH dq1u8_C_S pid=53316 free=11.0GB running=12
2026-10-08 21:34:08 DONE dq1u8_A_S rc=0 704s
2026-10-08 21:34:08 LAUNCH dq1u8_C_W pid=12492 free=10.9GB running=12
2026-10-08 21:34:50 DONE dq1u8_A_N rc=0 803s
2026-10-08 21:34:50 LAUNCH dq1u8_D_E pid=38908 free=10.7GB running=12
2026-10-08 21:35:02 DONE dq1u8_A_W rc=0 701s
2026-10-08 21:35:02 LAUNCH dq1u8_D_N pid=12212 free=10.8GB running=12
2026-10-08 21:35:44 DONE dq1r8_B_W rc=0 1388s
2026-10-08 21:35:44 LAUNCH dq1u8_D_S pid=46508 free=10.8GB running=12
2026-10-08 21:36:06 DONE dq1r8_D_S rc=0 1006s
2026-10-08 21:36:06 LAUNCH dq1u8_D_W pid=41504 free=10.9GB running=12
2026-10-08 21:36:34 DONE dq1r8_C_E rc=0 1370s
2026-10-08 21:39:59 DONE dq1u8_B_W rc=0 574s
2026-10-08 21:40:29 DONE dq1u8_B_N rc=0 638s
2026-10-08 21:41:04 DONE dq1u8_C_N rc=0 545s
2026-10-08 21:42:39 DONE dq1u8_B_S rc=0 736s
2026-10-08 21:42:44 DONE dq1u8_C_S rc=0 568s
2026-10-08 21:45:04 DONE dq1u8_D_E rc=0 614s
2026-10-08 21:45:14 DONE dq1u8_D_S rc=0 570s
2026-10-08 21:46:19 DONE dq1u8_D_N rc=0 677s
2026-10-08 21:47:44 DONE dq1u8_D_W rc=0 698s
2026-10-08 21:47:49 DONE dq1u8_C_W rc=0 821s
2026-10-08 21:51:45 DONE dq1u8_C_E rc=0 1238s
2026-10-08 21:51:50 ALL_MF2_COMPLETE outputs/_dq_q_w2.jsonl 64/64 0 FAIL
