2026-09-28 23:22:02 START E:\Projects\SAS\outputs\_mf2_q_p2k.jsonl 16 runs maxpar=10 min_free=2.5
2026-09-28 23:22:02 LAUNCH mf2K_A_E pid=15608 free=10.2GB running=1
2026-09-28 23:22:04 LAUNCH mf2K_A_N pid=12056 free=9.4GB running=2
2026-09-28 23:22:06 LAUNCH mf2K_A_S pid=4620 free=8.6GB running=3
2026-09-28 23:22:08 LAUNCH mf2K_A_W pid=36204 free=7.7GB running=4
2026-09-28 23:22:10 LAUNCH mf2K_B_E pid=58680 free=6.9GB running=5
2026-09-28 23:22:12 LAUNCH mf2K_B_N pid=6604 free=6.1GB running=6
2026-09-28 23:22:15 LAUNCH mf2K_B_S pid=54364 free=5.3GB running=7
2026-09-28 23:22:17 LAUNCH mf2K_B_W pid=30884 free=4.5GB running=8
2026-09-28 23:22:19 LAUNCH mf2K_C_E pid=57512 free=3.7GB running=9
2026-09-28 23:22:21 LAUNCH mf2K_C_N pid=12692 free=2.9GB running=10
2026-09-28 23:31:28 DONE mf2K_B_W rc=0 552s
2026-09-28 23:31:28 LAUNCH mf2K_C_S pid=59508 free=2.7GB running=10
2026-09-28 23:32:06 DONE mf2K_A_S rc=0 599s
2026-09-28 23:32:06 LAUNCH mf2K_C_W pid=56568 free=2.7GB running=10
2026-09-28 23:33:13 DONE mf2K_A_E rc=0 670s
2026-09-28 23:33:13 LAUNCH mf2K_D_E pid=62624 free=2.7GB running=10
2026-09-28 23:33:50 DONE mf2K_C_N rc=0 689s
2026-09-28 23:33:50 LAUNCH mf2K_D_N pid=25768 free=2.7GB running=10
2026-09-28 23:34:22 DONE mf2K_B_E rc=0 731s
2026-09-28 23:34:22 LAUNCH mf2K_D_S pid=66648 free=2.7GB running=10
2026-09-28 23:34:29 DONE mf2K_A_W rc=0 740s
2026-09-28 23:34:29 LAUNCH mf2K_D_W pid=27688 free=2.7GB running=10
2026-09-28 23:35:26 DONE mf2K_B_N rc=0 793s
2026-09-28 23:36:31 DONE mf2K_B_S rc=0 857s
2026-09-28 23:37:01 DONE mf2K_A_N rc=0 897s
2026-09-28 23:40:51 DONE mf2K_C_E rc=0 1113s
2026-09-28 23:47:12 DONE mf2K_D_N rc=0 802s
2026-09-28 23:47:27 DONE mf2K_C_S rc=0 958s
2026-09-28 23:47:37 DONE mf2K_D_E rc=0 864s
2026-09-28 23:48:22 DONE mf2K_C_W rc=0 976s
2026-09-28 23:50:12 DONE mf2K_D_S rc=0 950s
2026-09-28 23:53:07 DONE mf2K_D_W rc=0 1118s
2026-09-28 23:53:12 ALL_MF2_COMPLETE E:\Projects\SAS\outputs\_mf2_q_p2k.jsonl 16/16 0 FAIL
