2026-09-29 00:50:39 START E:\Projects\SAS\outputs\_mf2_q_p3r.jsonl 20 runs maxpar=10 min_free=2.5
2026-09-29 00:50:39 LAUNCH mf2hR_D_east_half_101 pid=21444 free=10.0GB running=1
2026-09-29 00:50:41 LAUNCH mf2hR_D_east_half_202 pid=26964 free=9.1GB running=2
2026-09-29 00:50:43 LAUNCH mf2hR_D_east_half_303 pid=28192 free=8.3GB running=3
2026-09-29 00:50:45 LAUNCH mf2hR_D_east_half_404 pid=24596 free=7.5GB running=4
2026-09-29 00:50:47 LAUNCH mf2hR_D_east_half_505 pid=4124 free=6.7GB running=5
2026-09-29 00:50:49 LAUNCH mf2hR_D_south_half_101 pid=65660 free=5.9GB running=6
2026-09-29 00:50:51 LAUNCH mf2hR_D_south_half_202 pid=49120 free=5.1GB running=7
2026-09-29 00:50:53 LAUNCH mf2hR_D_south_half_303 pid=19996 free=4.3GB running=8
2026-09-29 00:50:55 LAUNCH mf2hR_D_south_half_404 pid=10788 free=3.4GB running=9
2026-09-29 00:50:57 LAUNCH mf2hR_D_south_half_505 pid=47248 free=2.6GB running=10
2026-09-29 00:59:50 DONE mf2hR_D_south_half_505 rc=0 532s
2026-09-29 00:59:50 LAUNCH mf2hR_D_east_default_101 pid=59588 free=4.3GB running=10
2026-09-29 01:00:12 DONE mf2hR_D_south_half_303 rc=0 559s
2026-09-29 01:00:12 LAUNCH mf2hR_D_east_default_202 pid=25920 free=3.3GB running=10
2026-09-29 01:01:54 DONE mf2hR_D_south_half_101 rc=0 665s
2026-09-29 01:01:54 LAUNCH mf2hR_D_east_default_303 pid=20068 free=3.4GB running=10
2026-09-29 01:02:06 DONE mf2hR_D_south_half_202 rc=0 675s
2026-09-29 01:02:06 LAUNCH mf2hR_A_west_default_9501 pid=17644 free=3.4GB running=10
2026-09-29 01:02:23 DONE mf2hR_D_south_half_404 rc=0 688s
2026-09-29 01:02:23 LAUNCH mf2hR_B_north_default_9502 pid=46288 free=3.5GB running=10
2026-09-29 01:04:20 DONE mf2hR_D_east_half_505 rc=0 813s
2026-09-29 01:04:20 LAUNCH mf2hR_C_south_default_9503 pid=61588 free=4.3GB running=10
2026-09-29 01:04:47 DONE mf2hR_D_east_half_202 rc=0 846s
2026-09-29 01:04:47 LAUNCH mf2gRa pid=17716 free=4.3GB running=10
2026-09-29 01:05:29 DONE mf2hR_D_east_half_303 rc=0 886s
2026-09-29 01:05:29 LAUNCH mf2gRb pid=17284 free=4.4GB running=10
2026-09-29 01:05:51 DONE mf2hR_D_east_half_101 rc=0 912s
2026-09-29 01:05:51 LAUNCH mf2gRc pid=50720 free=4.4GB running=10
2026-09-29 01:11:34 DONE mf2hR_A_west_default_9501 rc=0 568s
2026-09-29 01:11:34 LAUNCH mf2gRs pid=3928 free=4.3GB running=10
2026-09-29 01:13:36 DONE mf2hR_D_east_default_202 rc=0 804s
2026-09-29 01:13:41 DONE mf2hR_C_south_default_9503 rc=0 561s
2026-09-29 01:14:06 DONE mf2hR_B_north_default_9502 rc=0 703s
2026-09-29 01:15:26 DONE mf2hR_D_east_default_101 rc=0 936s
2026-09-29 01:16:16 DONE mf2hR_D_east_default_303 rc=0 862s
2026-09-29 01:19:31 DONE mf2hR_D_east_half_404 rc=0 1726s
2026-09-29 01:51:48 DONE mf2gRc rc=0 2756s
2026-09-29 01:53:53 DONE mf2gRs rc=0 2539s
2026-09-29 01:53:58 DONE mf2gRb rc=0 2908s
2026-09-29 02:18:59 DONE mf2gRa rc=0 4452s
2026-09-29 02:19:04 ALL_MF2_COMPLETE E:\Projects\SAS\outputs\_mf2_q_p3r.jsonl 20/20 0 FAIL
