........................................................................ [  5%]
........................................................................ [ 10%]
........................................................................ [ 16%]
........................................................................ [ 21%]
........................................................................ [ 26%]
........................................F............................... [ 32%]
........................................................................ [ 37%]
....................................................F...F............... [ 42%]
..F..................................................................... [ 48%]
........................................................................ [ 53%]
........................................................................ [ 59%]
........................................................................ [ 64%]
........................................................................ [ 69%]
........................................................................ [ 75%]
........................................................................ [ 80%]
.........................F.............................................. [ 85%]
........................................................................ [ 91%]
........................................................................ [ 96%]
..............................................                           [100%]
================================== FAILURES ===================================
_________________ test_safe_hold_converts_local_path_to_hold __________________

    def test_safe_hold_converts_local_path_to_hold() -> None:
        agent = _FakeAgent(unique_id=0, pos=(5, 5), selected_dir=2)
        dispatcher = DecisionDispatcher(model=_dispatcher_model(agent))
        planning_result = {
            "fail_safe_decision": _hold_fail_safe_decision(),
            "path_decisions": [
                PathDecision(decision_id="path-1", uav_id="0", next_action="east"),
            ],
        }
    
        result = dispatcher.dispatch(planning_result, timestamp=1.0)
        uav_result = result["local"]["uav_results"]["0"]
    
        assert result["fail_safe_override_active"] is True
>       assert uav_result["action"] == "hold"
E       AssertionError: assert 'east' == 'hold'
E         
E         - hold
E         + east

tests\test_failsafe_integration.py:384: AssertionError
______________________ test_right_of_way_to_the_lower_id ______________________

switch = <function switch.<locals>.set_ at 0x0000023810C85120>

    def test_right_of_way_to_the_lower_id(switch) -> None:
        switch(1)
        model, u, d = _yield_setup([(20, 20), (21, 21), (40, 40)], named=[])
        model.latest_analysis_snapshot = SimpleNamespace(all_triggers=(_collision(u[0].unique_id),
                                                                       _collision(u[1].unique_id)))
        model.evaluation_timesteps_counter = 30
        assert d._must_yield(str(u[1].unique_id)) is True     # higher id, lower id within 2
        assert d._must_yield(str(u[0].unique_id)) is False    # the lower id proceeds
>       assert d._must_yield(str(u[2].unique_id)) is False    # alone
E       IndexError: list index out of range

tests\test_fix2_hold.py:179: IndexError
---------------------------- Captured stdout call -----------------------------
2
__________________ test_dispatch_holds_only_the_yielding_uav __________________

switch = <function switch.<locals>.set_ at 0x0000023810C84280>

    def test_dispatch_holds_only_the_yielding_uav(switch) -> None:
        switch(1)
        model, u, d = _yield_setup([(20, 20), (21, 21), (40, 40)], named=[])
        model.latest_analysis_snapshot = SimpleNamespace(all_triggers=(_collision(u[0].unique_id),
                                                                       _collision(u[1].unique_id)))
        model.evaluation_timesteps_counter = 30
        fs = FailSafeDecision(decision_id="fs", selected_option_id="safety-hold", fail_safe_action="safe_hold",
                              mission_mode="safety_first",
                              uncertainty_context={"fail_safe_mode": "safety_first"})
        paths = [PathDecision(decision_id="p%d" % i, uav_id=str(a.unique_id), selected_option_id="explore_x",
                              next_action="east") for i, a in enumerate(u)]
        seen = {}
        for a in u:
            ex = d._get_uav_executor(str(a.unique_id))
            orig = ex.execute
    
            def spy(decision, timestamp=0.0, fail_safe_decision=None, _o=orig, _id=str(a.unique_id)):
                seen[_id] = (decision.next_action, decision.selected_option_id)
                return _o(decision, timestamp, fail_safe_decision=fail_safe_decision)
    
            ex.execute = spy
        d._dispatch_local_paths(paths, 30.0, fs, fail_safe_override_active=True, override_reason="safety_first_mode")
        assert seen[str(u[1].unique_id)] == ("hold", "")          # yields: a fail-safe hold
        assert seen[str(u[0].unique_id)] == ("east", "explore_x")  # right of way: its own path
>       assert seen[str(u[2].unique_id)] == ("east", "explore_x")  # not in a pair: its own path
E       IndexError: list index out of range

tests\test_fix2_hold.py:239: IndexError
---------------------------- Captured stdout call -----------------------------
2
_____________ test_collision_counts_only_airborne_uavs_within_two _____________

switch = <function switch.<locals>.set_ at 0x0000023810C84280>

    def test_collision_counts_only_airborne_uavs_within_two(switch) -> None:
        switch(1)
        model, u = _model_with_uavs([(20, 20), (22, 20), (40, 40)])   # the default fleet: 3 UAVs
        assert _congestion(model, u[0]) == pytest.approx(1 / 3)   # (22,20) at distance 2
>       assert _congestion(model, u[2]) == 0.0                    # alone
E       IndexError: list index out of range

tests\test_fix2_real_alarms.py:101: IndexError
---------------------------- Captured stdout call -----------------------------
2
____________ test_fire_tracker_uavs_receive_different_target_sets _____________

    def test_fire_tracker_uavs_receive_different_target_sets() -> None:
        generator = LocalAdaptationSpaceGenerator()
        runtime_models = _runtime_models(["0", "1", "2"])
    
        fire_targets: dict[str, set[tuple[int, int]]] = {}
        for uav_id in ("0", "1", "2"):
            runtime_models["uav_id"] = uav_id
            runtime_models["uav_resource_model"] = _FakeUAVResource(
                by_uav_id={
                    uid: type("Role", (), {"current_role": "fire_tracker"})()
                    for uid in ("0", "1", "2")
                }
            )
            space = generator.generate(
                {"target_entity": uav_id, "triggers": ()},
                {},
                runtime_models,
                timestamp=1.0,
            )
            targets = {
                tuple(option.parameters.get("target_region"))
                for option in space.options
                if option.parameters.get("path_action", "").startswith("move_toward_fire")
                and option.parameters.get("target_region") is not None
            }
            fire_targets[uav_id] = targets
    
        assert fire_targets["0"]
        assert fire_targets["1"]
        assert fire_targets["2"]
        assert fire_targets["0"].isdisjoint(fire_targets["1"])
>       assert fire_targets["1"].isdisjoint(fire_targets["2"])
E       assert False
E        +  where False = <built-in method isdisjoint of set object at 0x00000238112E67A0>({(1, 5), (2, 5), (3, 5)})
E        +    where <built-in method isdisjoint of set object at 0x00000238112E67A0> = {(1, 5), (2, 5), (3, 5)}.isdisjoint

tests\test_uav_sector_assignment.py:198: AssertionError
============================== warnings summary ===============================
tests\test_firefighter_fire_avoidance.py:205
  E:\Projects\SAS\tests\test_firefighter_fire_avoidance.py:205: PytestUnknownMarkWarning: Unknown pytest.mark.slow - is this a typo?  You can register custom marks to avoid this warning - for details, see https://docs.pytest.org/en/stable/how-to/mark.html
    @pytest.mark.slow

tests\test_unresolved_victim_coverage.py:282
  E:\Projects\SAS\tests\test_unresolved_victim_coverage.py:282: PytestUnknownMarkWarning: Unknown pytest.mark.slow - is this a typo?  You can register custom marks to avoid this warning - for details, see https://docs.pytest.org/en/stable/how-to/mark.html
    @pytest.mark.slow

tests\test_unresolved_victim_coverage.py:303
  E:\Projects\SAS\tests\test_unresolved_victim_coverage.py:303: PytestUnknownMarkWarning: Unknown pytest.mark.slow - is this a typo?  You can register custom marks to avoid this warning - for details, see https://docs.pytest.org/en/stable/how-to/mark.html
    @pytest.mark.slow

tests\test_unresolved_victim_coverage.py:312
  E:\Projects\SAS\tests\test_unresolved_victim_coverage.py:312: PytestUnknownMarkWarning: Unknown pytest.mark.slow - is this a typo?  You can register custom marks to avoid this warning - for details, see https://docs.pytest.org/en/stable/how-to/mark.html
    @pytest.mark.slow

tests\test_y_sweep_commit.py:106
  E:\Projects\SAS\tests\test_y_sweep_commit.py:106: PytestUnknownMarkWarning: Unknown pytest.mark.slow - is this a typo?  You can register custom marks to avoid this warning - for details, see https://docs.pytest.org/en/stable/how-to/mark.html
    @pytest.mark.slow

-- Docs: https://docs.pytest.org/en/stable/how-to/capture-warnings.html
=========================== short test summary info ===========================
FAILED tests/test_failsafe_integration.py::test_safe_hold_converts_local_path_to_hold
FAILED tests/test_fix2_hold.py::test_right_of_way_to_the_lower_id - IndexErro...
FAILED tests/test_fix2_hold.py::test_dispatch_holds_only_the_yielding_uav - I...
FAILED tests/test_fix2_real_alarms.py::test_collision_counts_only_airborne_uavs_within_two
FAILED tests/test_uav_sector_assignment.py::test_fire_tracker_uavs_receive_different_target_sets
5 failed, 1337 passed, 5 warnings in 4085.11s (1:08:05)
