2026-09-29 05:03:15 START E:\Projects\SAS\outputs\_mf2_q_p3c.jsonl 64 runs maxpar=10 min_free=2.5
2026-09-29 05:03:15 LAUNCH mf2hcZ_A_east_9701 pid=65604 free=12.0GB running=1
2026-09-29 05:03:17 LAUNCH mf2hcZ_A_north_9702 pid=66696 free=11.2GB running=2
2026-09-29 05:03:19 LAUNCH mf2hcZ_A_south_9703 pid=36496 free=10.4GB running=3
2026-09-29 05:03:21 LAUNCH mf2hcZ_A_west_9704 pid=5972 free=9.6GB running=4
2026-09-29 05:03:23 LAUNCH mf2hcZ_B_east_9705 pid=31216 free=8.8GB running=5
2026-09-29 05:03:25 LAUNCH mf2hcZ_B_north_9706 pid=59664 free=7.9GB running=6
2026-09-29 05:03:27 LAUNCH mf2hcZ_B_south_9707 pid=3688 free=7.1GB running=7
2026-09-29 05:03:29 LAUNCH mf2hcZ_B_west_9708 pid=58628 free=6.3GB running=8
2026-09-29 05:03:31 LAUNCH mf2hcZ_C_east_9709 pid=48796 free=5.5GB running=9
2026-09-29 05:03:33 LAUNCH mf2hcZ_C_north_9710 pid=20664 free=4.7GB running=10
2026-09-29 05:12:20 DONE mf2hcZ_A_west_9704 rc=0 540s
2026-09-29 05:12:20 LAUNCH mf2hcZ_C_south_9711 pid=39912 free=4.5GB running=10
2026-09-29 05:12:37 DONE mf2hcZ_B_west_9708 rc=0 549s
2026-09-29 05:12:37 LAUNCH mf2hcZ_C_west_9712 pid=59468 free=4.5GB running=10
2026-09-29 05:12:59 DONE mf2hcZ_B_south_9707 rc=0 573s
2026-09-29 05:12:59 LAUNCH mf2hcZ_D_east_9713 pid=17120 free=4.5GB running=10
2026-09-29 05:13:06 DONE mf2hcZ_A_north_9702 rc=0 590s
2026-09-29 05:13:07 LAUNCH mf2hcZ_D_north_9714 pid=17800 free=4.5GB running=10
2026-09-29 05:13:34 DONE mf2hcZ_A_east_9701 rc=0 619s
2026-09-29 05:13:34 DONE mf2hcZ_C_north_9710 rc=0 601s
2026-09-29 05:13:34 LAUNCH mf2hcZ_D_south_9715 pid=31448 free=5.4GB running=9
2026-09-29 05:13:36 LAUNCH mf2hcZ_D_west_9716 pid=57120 free=4.6GB running=10
2026-09-29 05:13:48 DONE mf2hcZ_A_south_9703 rc=0 629s
2026-09-29 05:13:48 LAUNCH mf2hc3_A_east_9701 pid=10288 free=4.7GB running=10
2026-09-29 05:13:55 DONE mf2hcZ_B_north_9706 rc=0 630s
2026-09-29 05:13:55 LAUNCH mf2hc3_A_north_9702 pid=17432 free=4.7GB running=10
2026-09-29 05:14:57 DONE mf2hcZ_B_east_9705 rc=0 694s
2026-09-29 05:14:57 LAUNCH mf2hc3_A_south_9703 pid=57256 free=4.6GB running=10
2026-09-29 05:15:14 DONE mf2hcZ_C_east_9709 rc=0 703s
2026-09-29 05:15:14 LAUNCH mf2hc3_A_west_9704 pid=58340 free=4.6GB running=10
2026-09-29 05:20:06 DONE mf2hcZ_D_north_9714 rc=0 420s
2026-09-29 05:20:06 LAUNCH mf2hc3_B_east_9705 pid=28240 free=4.5GB running=10
2026-09-29 05:21:18 DONE mf2hcZ_C_south_9711 rc=0 538s
2026-09-29 05:21:18 LAUNCH mf2hc3_B_north_9706 pid=67732 free=4.6GB running=10
2026-09-29 05:22:50 DONE mf2hc3_A_north_9702 rc=0 536s
2026-09-29 05:22:50 LAUNCH mf2hc3_B_south_9707 pid=1960 free=4.6GB running=10
2026-09-29 05:24:12 DONE mf2hc3_A_west_9704 rc=0 539s
2026-09-29 05:24:12 LAUNCH mf2hc3_B_west_9708 pid=14332 free=4.6GB running=10
2026-09-29 05:24:29 DONE mf2hc3_A_east_9701 rc=0 642s
2026-09-29 05:24:29 LAUNCH mf2hc3_C_east_9709 pid=31052 free=4.5GB running=10
2026-09-29 05:24:51 DONE mf2hcZ_D_south_9715 rc=0 678s
2026-09-29 05:24:51 LAUNCH mf2hc3_C_north_9710 pid=10796 free=4.6GB running=10
2026-09-29 05:26:04 DONE mf2hc3_A_south_9703 rc=0 667s
2026-09-29 05:26:04 LAUNCH mf2hc3_C_south_9711 pid=60728 free=4.6GB running=10
2026-09-29 05:27:11 DONE mf2hcZ_C_west_9712 rc=0 873s
2026-09-29 05:27:11 LAUNCH mf2hc3_C_west_9712 pid=41592 free=4.6GB running=10
2026-09-29 05:28:03 DONE mf2hcZ_D_east_9713 rc=0 903s
2026-09-29 05:28:03 LAUNCH mf2hc3_D_east_9713 pid=68156 free=4.6GB running=10
2026-09-29 05:29:00 DONE mf2hcZ_D_west_9716 rc=0 924s
2026-09-29 05:29:00 LAUNCH mf2hc3_D_north_9714 pid=27120 free=4.7GB running=10
2026-09-29 05:32:02 DONE mf2hc3_B_south_9707 rc=0 552s
2026-09-29 05:32:02 LAUNCH mf2hc3_D_south_9715 pid=59068 free=4.5GB running=10
2026-09-29 05:32:09 DONE mf2hc3_B_east_9705 rc=0 723s
2026-09-29 05:32:09 LAUNCH mf2hc3_D_west_9716 pid=17824 free=4.6GB running=10
2026-09-29 05:34:26 DONE mf2hc3_B_north_9706 rc=0 788s
2026-09-29 05:34:26 LAUNCH mf2hcX_A_east_9701 pid=48492 free=4.4GB running=10
2026-09-29 05:34:48 DONE mf2hc3_B_west_9708 rc=0 636s
2026-09-29 05:34:48 LAUNCH mf2hcX_A_north_9702 pid=19404 free=4.5GB running=10
2026-09-29 05:34:55 DONE mf2hc3_C_south_9711 rc=0 532s
2026-09-29 05:34:55 LAUNCH mf2hcX_A_south_9703 pid=4244 free=4.5GB running=10
2026-09-29 05:36:17 DONE mf2hc3_D_north_9714 rc=0 438s
2026-09-29 05:36:17 LAUNCH mf2hcX_A_west_9704 pid=53172 free=4.6GB running=10
2026-09-29 05:36:39 DONE mf2hc3_C_north_9710 rc=0 708s
2026-09-29 05:36:39 LAUNCH mf2hcX_B_east_9705 pid=17692 free=4.6GB running=10
2026-09-29 05:37:27 DONE mf2hc3_C_east_9709 rc=0 777s
2026-09-29 05:37:27 LAUNCH mf2hcX_B_north_9706 pid=48248 free=4.6GB running=10
2026-09-29 05:42:24 DONE mf2hc3_D_east_9713 rc=0 861s
2026-09-29 05:42:24 LAUNCH mf2hcX_B_south_9707 pid=55368 free=4.5GB running=10
2026-09-29 05:42:31 DONE mf2hc3_C_west_9712 rc=0 920s
2026-09-29 05:42:31 LAUNCH mf2hcX_B_west_9708 pid=22524 free=4.6GB running=10
2026-09-29 05:43:38 DONE mf2hc3_D_south_9715 rc=0 696s
2026-09-29 05:43:38 LAUNCH mf2hcX_C_east_9709 pid=18692 free=4.6GB running=10
2026-09-29 05:43:45 DONE mf2hcX_A_east_9701 rc=0 559s
2026-09-29 05:43:45 LAUNCH mf2hcX_C_north_9710 pid=67616 free=4.6GB running=10
2026-09-29 05:44:12 DONE mf2hcX_A_north_9702 rc=0 564s
2026-09-29 05:44:12 LAUNCH mf2hcX_C_south_9711 pid=31228 free=4.6GB running=10
2026-09-29 05:45:39 DONE mf2hcX_A_south_9703 rc=0 644s
2026-09-29 05:45:39 LAUNCH mf2hcX_C_west_9712 pid=36336 free=4.6GB running=10
2026-09-29 05:45:46 DONE mf2hcX_A_west_9704 rc=0 569s
2026-09-29 05:45:46 LAUNCH mf2hcX_D_east_9713 pid=13624 free=4.6GB running=10
2026-09-29 05:48:13 DONE mf2hcX_B_east_9705 rc=0 694s
2026-09-29 05:48:13 LAUNCH mf2hcX_D_north_9714 pid=46308 free=4.6GB running=10
2026-09-29 05:48:20 DONE mf2hc3_D_west_9716 rc=0 971s
2026-09-29 05:48:20 LAUNCH mf2hcX_D_south_9715 pid=18512 free=4.6GB running=10
2026-09-29 05:50:02 DONE mf2hcX_B_north_9706 rc=0 756s
2026-09-29 05:50:02 LAUNCH mf2hcX_D_west_9716 pid=57196 free=4.5GB running=10
2026-09-29 05:51:45 DONE mf2hcX_B_west_9708 rc=0 554s
2026-09-29 05:51:45 LAUNCH mf2hcS_A_east_9701 pid=30088 free=4.6GB running=10
2026-09-29 05:52:27 DONE mf2hcX_C_north_9710 rc=0 522s
2026-09-29 05:52:27 LAUNCH mf2hcS_A_north_9702 pid=43192 free=4.6GB running=10
2026-09-29 05:52:34 DONE mf2hcX_B_south_9707 rc=0 610s
2026-09-29 05:52:34 LAUNCH mf2hcS_A_south_9703 pid=54368 free=4.6GB running=10
2026-09-29 05:53:01 DONE mf2hcX_C_south_9711 rc=0 529s
2026-09-29 05:53:01 LAUNCH mf2hcS_A_west_9704 pid=25012 free=4.6GB running=10
2026-09-29 05:54:13 DONE mf2hcX_D_north_9714 rc=0 360s
2026-09-29 05:54:13 LAUNCH mf2hcS_B_east_9705 pid=31452 free=4.6GB running=10
2026-09-29 05:56:20 DONE mf2hcX_C_east_9709 rc=0 762s
2026-09-29 05:56:20 LAUNCH mf2hcS_B_north_9706 pid=38652 free=4.6GB running=10
2026-09-29 05:58:47 DONE mf2hcX_D_south_9715 rc=0 627s
2026-09-29 05:58:47 LAUNCH mf2hcS_B_south_9707 pid=27620 free=4.6GB running=10
2026-09-29 06:01:19 DONE mf2hcX_D_east_9713 rc=0 933s
2026-09-29 06:01:19 LAUNCH mf2hcS_B_west_9708 pid=64160 free=4.4GB running=10
2026-09-29 06:01:36 DONE mf2hcS_A_west_9704 rc=0 515s
2026-09-29 06:01:36 LAUNCH mf2hcS_C_east_9709 pid=52164 free=4.4GB running=10
2026-09-29 06:01:43 DONE mf2hcX_C_west_9712 rc=0 964s
2026-09-29 06:01:43 DONE mf2hcS_A_north_9702 rc=0 557s
2026-09-29 06:01:43 LAUNCH mf2hcS_C_north_9710 pid=29160 free=5.3GB running=9
2026-09-29 06:01:45 LAUNCH mf2hcS_C_south_9711 pid=16036 free=4.5GB running=10
2026-09-29 06:01:57 DONE mf2hcS_A_east_9701 rc=0 613s
2026-09-29 06:01:57 LAUNCH mf2hcS_C_west_9712 pid=56520 free=4.5GB running=10
2026-09-29 06:02:35 DONE mf2hcS_A_south_9703 rc=0 601s
2026-09-29 06:02:35 LAUNCH mf2hcS_D_east_9713 pid=67648 free=4.5GB running=10
2026-09-29 06:04:27 DONE mf2hcS_B_east_9705 rc=0 614s
2026-09-29 06:04:27 LAUNCH mf2hcS_D_north_9714 pid=4620 free=4.5GB running=10
2026-09-29 06:07:24 DONE mf2hcX_D_west_9716 rc=0 1041s
2026-09-29 06:07:24 LAUNCH mf2hcS_D_south_9715 pid=56784 free=4.6GB running=10
2026-09-29 06:08:36 DONE mf2hcS_B_north_9706 rc=0 736s
2026-09-29 06:08:36 DONE mf2hcS_B_south_9707 rc=0 589s
2026-09-29 06:08:36 LAUNCH mf2hcS_D_west_9716 pid=54156 free=5.3GB running=9
2026-09-29 06:10:23 DONE mf2hcS_B_west_9708 rc=0 544s
2026-09-29 06:10:33 DONE mf2hcS_C_south_9711 rc=0 528s
2026-09-29 06:10:48 DONE mf2hcS_D_north_9714 rc=0 381s
2026-09-29 06:10:58 DONE mf2hcS_C_north_9710 rc=0 555s
2026-09-29 06:13:38 DONE mf2hcS_C_east_9709 rc=0 722s
2026-09-29 06:15:58 DONE mf2hcS_D_east_9713 rc=0 804s
2026-09-29 06:15:58 DONE mf2hcS_D_south_9715 rc=0 515s
2026-09-29 06:17:14 DONE mf2hcS_C_west_9712 rc=0 916s
2026-09-29 06:22:04 DONE mf2hcS_D_west_9716 rc=0 808s
2026-09-29 06:22:09 ALL_MF2_COMPLETE E:\Projects\SAS\outputs\_mf2_q_p3c.jsonl 64/64 0 FAIL
