2026-09-29 02:30:58 START E:\Projects\SAS\outputs\_mf2_q_p3a.jsonl 56 runs maxpar=9 min_free=2.5
2026-09-29 02:30:58 LAUNCH mf2Z_A_E pid=48824 free=12.1GB running=1
2026-09-29 02:31:00 LAUNCH mf2Z_A_N pid=56252 free=11.3GB running=2
2026-09-29 02:31:02 LAUNCH mf2Z_A_S pid=4668 free=10.5GB running=3
2026-09-29 02:31:04 LAUNCH mf2Z_A_W pid=44408 free=9.7GB running=4
2026-09-29 02:31:06 LAUNCH mf2Z_B_E pid=5516 free=8.9GB running=5
2026-09-29 02:31:08 LAUNCH mf2Z_B_N pid=41448 free=8.0GB running=6
2026-09-29 02:31:10 LAUNCH mf2Z_B_S pid=22220 free=7.2GB running=7
2026-09-29 02:31:12 LAUNCH mf2Z_B_W pid=3240 free=6.4GB running=8
2026-09-29 02:31:14 LAUNCH mf2Z_C_E pid=53744 free=5.6GB running=9
2026-09-29 02:39:16 DONE mf2Z_A_S rc=0 495s
2026-09-29 02:39:16 LAUNCH mf2Z_C_N pid=9580 free=3.0GB running=9
2026-09-29 02:39:24 DONE mf2Z_B_W rc=0 491s
2026-09-29 02:39:24 LAUNCH mf2Z_C_S pid=26664 free=2.9GB running=9
2026-09-29 02:41:26 DONE mf2Z_B_S rc=0 616s
2026-09-29 02:41:26 LAUNCH mf2Z_C_W pid=17936 free=2.9GB running=9
2026-09-29 02:41:33 DONE mf2Z_A_E rc=0 635s
2026-09-29 02:41:33 DONE mf2Z_A_W rc=0 629s
2026-09-29 02:41:33 DONE mf2Z_B_N rc=0 625s
2026-09-29 02:41:33 LAUNCH mf2Z_D_E pid=31120 free=3.9GB running=7
2026-09-29 02:41:35 LAUNCH mf2Z_D_N pid=41768 free=3.1GB running=8
2026-09-29 02:42:37 DONE mf2Z_B_E rc=0 691s
2026-09-29 02:42:37 LAUNCH mf2Z_D_S pid=13116 free=3.1GB running=8
2026-09-29 02:43:09 DONE mf2Z_A_N rc=0 729s
2026-09-29 02:43:09 LAUNCH mf2Z_D_W pid=36876 free=3.1GB running=8
2026-09-29 02:47:26 DONE mf2Z_C_E rc=0 972s
2026-09-29 02:47:26 LAUNCH mf2ALL_A_E pid=25628 free=3.0GB running=8
2026-09-29 02:48:03 DONE mf2Z_C_N rc=0 527s
2026-09-29 02:48:03 LAUNCH mf2ALL_A_N pid=59316 free=3.0GB running=8
2026-09-29 02:52:05 DONE mf2Z_C_S rc=0 762s
2026-09-29 02:52:05 LAUNCH mf2ALL_A_S pid=41884 free=3.0GB running=8
2026-09-29 02:55:12 DONE mf2Z_D_E rc=0 820s
2026-09-29 02:55:12 DONE mf2Z_D_N rc=0 818s
2026-09-29 02:55:12 LAUNCH mf2ALL_A_W pid=11052 free=3.8GB running=7
2026-09-29 02:55:14 LAUNCH mf2ALL_B_E pid=26484 free=3.0GB running=8
2026-09-29 02:55:26 LAUNCH mf2ALL_B_N pid=64024 free=3.0GB running=9
2026-09-29 02:56:09 DONE mf2Z_C_W rc=0 883s
2026-09-29 02:56:39 DONE mf2ALL_A_E rc=0 553s
2026-09-29 02:56:39 LAUNCH mf2ALL_B_S pid=65696 free=3.1GB running=8
2026-09-29 02:57:56 LAUNCH mf2ALL_B_W pid=55384 free=3.0GB running=9
2026-09-29 02:58:48 DONE mf2Z_D_S rc=0 971s
2026-09-29 02:59:13 DONE mf2ALL_A_N rc=0 670s
2026-09-29 02:59:13 LAUNCH mf2ALL_C_E pid=49660 free=3.1GB running=8
2026-09-29 02:59:50 DONE mf2Z_D_W rc=0 1001s
2026-09-29 02:59:50 LAUNCH mf2ALL_C_N pid=69580 free=3.0GB running=8
2026-09-29 03:00:22 DONE mf2ALL_A_S rc=0 497s
2026-09-29 03:00:22 LAUNCH mf2ALL_C_S pid=19792 free=2.9GB running=8
2026-09-29 03:01:49 LAUNCH mf2ALL_C_W pid=11356 free=3.0GB running=9
2026-09-29 03:05:41 DONE mf2ALL_B_W rc=0 466s
2026-09-29 03:05:51 DONE mf2ALL_A_W rc=0 639s
2026-09-29 03:05:51 LAUNCH mf2ALL_D_E pid=20644 free=2.9GB running=8
2026-09-29 03:06:58 DONE mf2ALL_B_E rc=0 704s
2026-09-29 03:06:58 DONE mf2ALL_B_N rc=0 692s
2026-09-29 03:06:58 LAUNCH mf2ALL_D_N pid=16052 free=3.7GB running=7
2026-09-29 03:07:00 LAUNCH mf2ALL_D_S pid=56408 free=2.9GB running=8
2026-09-29 03:07:32 DONE mf2ALL_B_S rc=0 654s
2026-09-29 03:07:32 LAUNCH mf2ALL_D_W pid=32288 free=3.0GB running=8
2026-09-29 03:08:50 DONE mf2ALL_C_N rc=0 540s
2026-09-29 03:08:50 LAUNCH mf2hZ_D_east_half_101 pid=5496 free=3.0GB running=8
2026-09-29 03:14:52 DONE mf2ALL_C_E rc=0 939s
2026-09-29 03:14:52 LAUNCH mf2hZ_D_east_half_202 pid=25044 free=2.9GB running=8
2026-09-29 03:15:54 DONE mf2ALL_C_W rc=0 845s
2026-09-29 03:15:54 LAUNCH mf2hZ_D_east_half_303 pid=67660 free=2.9GB running=8
2026-09-29 03:16:11 DONE mf2ALL_C_S rc=0 949s
2026-09-29 03:16:11 LAUNCH mf2hZ_D_east_half_404 pid=22720 free=3.0GB running=8
2026-09-29 03:18:28 DONE mf2ALL_D_E rc=0 757s
2026-09-29 03:18:28 LAUNCH mf2hZ_D_east_half_505 pid=3288 free=2.9GB running=8
2026-09-29 03:20:15 DONE mf2ALL_D_N rc=0 797s
2026-09-29 03:20:15 LAUNCH mf2hZ_D_south_half_101 pid=29884 free=2.8GB running=8
2026-09-29 03:21:27 DONE mf2ALL_D_S rc=0 867s
2026-09-29 03:21:27 LAUNCH mf2hZ_D_south_half_202 pid=15944 free=2.9GB running=8
2026-09-29 03:22:39 LAUNCH mf2hZ_D_south_half_303 pid=20648 free=2.9GB running=9
2026-09-29 03:24:52 DONE mf2hZ_D_east_half_101 rc=0 962s
2026-09-29 03:24:52 LAUNCH mf2hZ_D_south_half_404 pid=62628 free=2.9GB running=9
2026-09-29 03:26:24 DONE mf2ALL_D_W rc=0 1131s
2026-09-29 03:27:56 LAUNCH mf2hZ_D_south_half_505 pid=56436 free=2.9GB running=9
2026-09-29 03:29:03 DONE mf2hZ_D_east_half_202 rc=0 851s
2026-09-29 03:29:03 LAUNCH mf2hZ_D_east_default_101 pid=33516 free=2.9GB running=9
2026-09-29 03:31:05 DONE mf2hZ_D_east_half_303 rc=0 911s
2026-09-29 03:31:20 DONE mf2hZ_D_south_half_101 rc=0 665s
2026-09-29 03:31:20 LAUNCH mf2hZ_D_east_default_202 pid=36372 free=2.8GB running=8
2026-09-29 03:31:57 DONE mf2hZ_D_south_half_303 rc=0 558s
2026-09-29 03:31:57 LAUNCH mf2hZ_D_east_default_303 pid=16096 free=2.9GB running=8
2026-09-29 03:32:39 DONE mf2hZ_D_east_half_505 rc=0 851s
2026-09-29 03:32:39 LAUNCH mf2hZ_A_west_default_9501 pid=3740 free=2.9GB running=8
2026-09-29 03:33:21 DONE mf2hZ_D_south_half_202 rc=0 714s
2026-09-29 03:33:21 LAUNCH mf2hZ_B_north_default_9502 pid=22080 free=2.9GB running=8
2026-09-29 03:36:34 DONE mf2hZ_D_south_half_404 rc=0 702s
2026-09-29 03:36:34 LAUNCH mf2hZ_C_south_default_9503 pid=66584 free=2.9GB running=8
2026-09-29 03:36:36 LAUNCH mf2gZa pid=3996 free=2.9GB running=9
2026-09-29 03:36:43 DONE mf2hZ_D_south_half_505 rc=0 527s
2026-09-29 03:36:43 LAUNCH mf2gZb pid=2128 free=3.0GB running=9
2026-09-29 03:42:40 DONE mf2hZ_A_west_default_9501 rc=0 601s
2026-09-29 03:42:40 LAUNCH mf2gZc pid=60064 free=2.9GB running=9
2026-09-29 03:43:52 DONE mf2hZ_D_east_half_404 rc=0 1661s
2026-09-29 03:43:52 LAUNCH mf2gZs pid=58680 free=2.9GB running=9
2026-09-29 03:45:09 DONE mf2hZ_B_north_default_9502 rc=0 708s
2026-09-29 03:45:19 DONE mf2hZ_D_east_default_101 rc=0 976s
2026-09-29 03:45:19 LAUNCH mf2gSa pid=62636 free=2.9GB running=8
2026-09-29 03:45:36 DONE mf2hZ_D_east_default_202 rc=0 856s
2026-09-29 03:45:36 LAUNCH mf2gSb pid=49232 free=3.0GB running=8
2026-09-29 03:46:33 DONE mf2hZ_C_south_default_9503 rc=0 600s
2026-09-29 03:46:33 LAUNCH mf2gSc pid=34580 free=3.0GB running=8
2026-09-29 03:47:30 DONE mf2hZ_D_east_default_303 rc=0 933s
2026-09-29 03:47:30 LAUNCH mf2gSs pid=59184 free=3.0GB running=8
2026-09-29 04:26:34 DONE mf2gZs rc=0 2562s
2026-09-29 04:28:54 DONE mf2gZb rc=0 3132s
2026-09-29 04:29:49 DONE mf2gZc rc=0 2829s
2026-09-29 04:31:09 DONE mf2gSs rc=0 2619s
2026-09-29 04:35:35 DONE mf2gSb rc=0 2998s
2026-09-29 04:35:40 DONE mf2gSc rc=0 2946s
2026-09-29 04:49:55 DONE mf2gZa rc=0 4400s
2026-09-29 04:50:10 DONE mf2gSa rc=0 3891s
2026-09-29 04:50:15 ALL_MF2_COMPLETE E:\Projects\SAS\outputs\_mf2_q_p3a.jsonl 56/56 0 FAIL
