2026-10-08 16:48:54 START outputs/_dq_q_struct_s1.jsonl 4 runs maxpar=12 min_free=3.0
2026-10-08 16:48:54 LAUNCH dq1r1_A_E pid=30596 free=19.6GB running=1
2026-10-08 16:48:56 LAUNCH dq1r1_A_S pid=24980 free=18.8GB running=2
2026-10-08 16:48:58 LAUNCH dq1r1_A_W pid=2356 free=18.0GB running=3
2026-10-08 16:49:00 LAUNCH dq1r1_B_E pid=60284 free=17.2GB running=4
2026-10-08 16:54:48 DONE dq1r1_A_E rc=0 353s
2026-10-08 16:54:58 DONE dq1r1_A_S rc=0 361s
2026-10-08 16:56:33 DONE dq1r1_A_W rc=0 455s
2026-10-08 17:02:40 START outputs/_dq_q_struct_s2.jsonl 4 runs maxpar=12 min_free=3.0
2026-10-08 17:02:40 LAUNCH dq1r1_B_N pid=20508 free=18.7GB running=1
2026-10-08 17:02:42 LAUNCH dq1r1_B_S pid=24504 free=18.0GB running=2
2026-10-08 17:02:44 LAUNCH dq1r1_B_W pid=16792 free=17.1GB running=3
2026-10-08 17:02:46 LAUNCH dq1r1_C_E pid=31616 free=16.3GB running=4
2026-10-08 17:05:23 DONE dq1r1_B_E rc=0 983s
2026-10-08 17:05:28 ALL_MF2_COMPLETE outputs/_dq_q_struct_s1.jsonl 4/4 0 FAIL
2026-10-08 17:09:39 DONE dq1r1_B_S rc=0 416s
2026-10-08 17:10:04 DONE dq1r1_B_N rc=0 443s
2026-10-08 17:10:24 DONE dq1r1_B_W rc=0 459s
2026-10-08 17:16:19 DONE dq1r1_C_E rc=0 813s
2026-10-08 17:16:24 ALL_MF2_COMPLETE outputs/_dq_q_struct_s2.jsonl 4/4 0 FAIL
2026-10-08 17:16:36 START outputs/_dq_q_struct_s3.jsonl 4 runs maxpar=12 min_free=3.0
2026-10-08 17:16:36 LAUNCH dq1r1_C_N pid=23340 free=19.6GB running=1
2026-10-08 17:16:38 LAUNCH dq1r1_C_S pid=58072 free=18.8GB running=2
2026-10-08 17:16:40 LAUNCH dq1r1_C_W pid=22708 free=18.0GB running=3
2026-10-08 17:16:42 LAUNCH dq1r1_D_E pid=29220 free=17.2GB running=4
2026-10-08 17:21:49 DONE dq1r1_C_N rc=0 313s
2026-10-08 17:23:44 DONE dq1r1_C_S rc=0 426s
2026-10-08 17:29:14 DONE dq1r1_D_E rc=0 753s
2026-10-08 17:30:59 DONE dq1r1_C_W rc=0 860s
2026-10-08 17:31:04 ALL_MF2_COMPLETE outputs/_dq_q_struct_s3.jsonl 4/4 0 FAIL
2026-10-08 17:31:17 START outputs/_dq_q_struct_s4.jsonl 4 runs maxpar=12 min_free=3.0
2026-10-08 17:31:17 LAUNCH dq1r1_D_N pid=55956 free=19.4GB running=1
2026-10-08 17:31:19 LAUNCH dq1r1_D_S pid=27136 free=18.6GB running=2
2026-10-08 17:31:21 LAUNCH dq1r1_D_W pid=28036 free=17.8GB running=3
2026-10-08 17:31:23 LAUNCH dq1u1_A_E pid=38520 free=17.0GB running=4
2026-10-08 17:36:45 DONE dq1u1_A_E rc=0 322s
2026-10-08 17:38:00 DONE dq1r1_D_N rc=0 403s
2026-10-08 17:38:05 DONE dq1r1_D_W rc=0 404s
2026-10-08 17:38:56 DONE dq1r1_D_S rc=0 457s
2026-10-08 17:39:01 ALL_MF2_COMPLETE outputs/_dq_q_struct_s4.jsonl 4/4 0 FAIL
