2026-09-28 20:44:17 START E:\Projects\SAS\outputs\_mf2_q_p1.jsonl 16 runs maxpar=10 min_free=2.5
2026-09-28 20:44:17 LAUNCH mf2H_A_E pid=36040 free=11.5GB running=1
2026-09-28 20:44:19 LAUNCH mf2H_A_N pid=51060 free=10.6GB running=2
2026-09-28 20:44:21 LAUNCH mf2H_A_S pid=63656 free=9.8GB running=3
2026-09-28 20:44:23 LAUNCH mf2H_A_W pid=47428 free=8.9GB running=4
2026-09-28 20:44:25 LAUNCH mf2H_B_E pid=45484 free=8.1GB running=5
2026-09-28 20:44:27 LAUNCH mf2H_B_N pid=34488 free=7.3GB running=6
2026-09-28 20:44:29 LAUNCH mf2H_B_S pid=38676 free=6.5GB running=7
2026-09-28 20:44:31 LAUNCH mf2H_B_W pid=29576 free=5.7GB running=8
2026-09-28 20:44:33 LAUNCH mf2H_C_E pid=19036 free=4.9GB running=9
2026-09-28 20:44:35 LAUNCH mf2H_C_N pid=65744 free=4.0GB running=10
2026-09-28 20:52:47 DONE mf2H_B_W rc=0 497s
2026-09-28 20:52:47 LAUNCH mf2H_C_S pid=43388 free=3.9GB running=10
2026-09-28 20:53:09 DONE mf2H_A_S rc=0 529s
2026-09-28 20:53:09 LAUNCH mf2H_C_W pid=43948 free=3.9GB running=10
2026-09-28 20:54:32 DONE mf2H_C_N rc=0 597s
2026-09-28 20:54:32 LAUNCH mf2H_D_E pid=19668 free=3.8GB running=10
2026-09-28 20:55:09 DONE mf2H_B_S rc=0 640s
2026-09-28 20:55:09 LAUNCH mf2H_D_N pid=39012 free=3.9GB running=10
2026-09-28 20:55:16 DONE mf2H_A_E rc=0 659s
2026-09-28 20:55:16 LAUNCH mf2H_D_S pid=68156 free=3.9GB running=10
2026-09-28 20:55:28 DONE mf2H_A_W rc=0 665s
2026-09-28 20:55:28 DONE mf2H_B_N rc=0 661s
2026-09-28 20:55:28 LAUNCH mf2H_D_W pid=31792 free=4.8GB running=9
2026-09-28 20:56:40 DONE mf2H_B_E rc=0 735s
2026-09-28 20:57:05 DONE mf2H_A_N rc=0 766s
2026-09-28 21:02:00 DONE mf2H_C_E rc=0 1047s
2026-09-28 21:07:00 DONE mf2H_C_S rc=0 853s
2026-09-28 21:09:31 DONE mf2H_C_W rc=0 981s
2026-09-28 21:09:51 DONE mf2H_D_E rc=0 919s
2026-09-28 21:10:11 DONE mf2H_D_N rc=0 902s
2026-09-28 21:12:36 DONE mf2H_D_S rc=0 1040s
2026-09-28 21:15:06 DONE mf2H_D_W rc=0 1178s
2026-09-28 21:15:11 ALL_MF2_COMPLETE E:\Projects\SAS\outputs\_mf2_q_p1.jsonl 16/16 0 FAIL
