2026-10-09 00:44:31 START outputs/_dq_q_ist.jsonl 24 runs maxpar=12 min_free=3.0
2026-10-09 00:44:31 LAUNCH dqist_S_000_CUR_r_AN pid=57836 free=18.9GB running=1
2026-10-09 00:44:33 LAUNCH dqist_K_000_CUR_r_AN pid=46744 free=18.1GB running=2
2026-10-09 00:44:35 LAUNCH dqist_S_015_LO_u_BW pid=38452 free=17.2GB running=3
2026-10-09 00:44:37 LAUNCH dqist_K_015_LO_u_BW pid=6412 free=16.4GB running=4
2026-10-09 00:44:39 LAUNCH dqist_S_016_BD_r_CN pid=39336 free=15.6GB running=5
2026-10-09 00:44:42 LAUNCH dqist_K_016_BD_r_CN pid=25416 free=14.8GB running=6
2026-10-09 00:44:44 LAUNCH dqist_S_028_BF_u_AN pid=43604 free=13.9GB running=7
2026-10-09 00:44:46 LAUNCH dqist_K_028_BF_u_AN pid=19548 free=13.1GB running=8
2026-10-09 00:44:48 LAUNCH dqist_S_033_FP_r_BS pid=25288 free=12.2GB running=9
2026-10-09 00:44:50 LAUNCH dqist_K_033_FP_r_BS pid=13716 free=11.4GB running=10
2026-10-09 00:44:52 LAUNCH dqist_S_044_RW_u_CN pid=42812 free=10.7GB running=11
2026-10-09 00:44:54 LAUNCH dqist_K_044_RW_u_CN pid=31620 free=9.8GB running=12
2026-10-09 00:50:01 DONE dqist_S_044_RW_u_CN rc=0 309s
2026-10-09 00:50:01 LAUNCH dqist_S_050_GP_r_AE pid=17752 free=9.6GB running=12
2026-10-09 00:50:08 DONE dqist_K_044_RW_u_CN rc=0 314s
2026-10-09 00:50:08 LAUNCH dqist_K_050_GP_r_AE pid=26916 free=9.6GB running=12
2026-10-09 00:50:30 DONE dqist_S_016_BD_r_CN rc=0 350s
2026-10-09 00:50:30 DONE dqist_K_016_BD_r_CN rc=0 348s
2026-10-09 00:50:30 LAUNCH dqist_S_061_BFcoord_u_BS pid=25636 free=10.6GB running=11
2026-10-09 00:50:32 LAUNCH dqist_K_061_BFcoord_u_BS pid=39296 free=9.8GB running=12
2026-10-09 00:51:34 DONE dqist_S_028_BF_u_AN rc=0 411s
2026-10-09 00:51:34 LAUNCH dqist_S_066_BFbatt_r_CE pid=41600 free=9.8GB running=12
2026-10-09 00:51:41 DONE dqist_K_028_BF_u_AN rc=0 416s
2026-10-09 00:51:41 LAUNCH dqist_K_066_BFbatt_r_CE pid=24696 free=9.8GB running=12
2026-10-09 00:52:23 DONE dqist_S_000_CUR_r_AN rc=0 472s
2026-10-09 00:52:23 DONE dqist_K_000_CUR_r_AN rc=0 470s
2026-10-09 00:52:23 LAUNCH dqist_S_078_BFmotion_u_AE pid=38704 free=10.6GB running=11
2026-10-09 00:52:25 LAUNCH dqist_K_078_BFmotion_u_AE pid=1940 free=9.8GB running=12
2026-10-09 00:52:47 DONE dqist_S_015_LO_u_BW rc=0 492s
2026-10-09 00:52:47 LAUNCH dqist_S_083_BFreach_r_BW pid=29464 free=9.8GB running=12
2026-10-09 00:53:04 DONE dqist_K_015_LO_u_BW rc=0 507s
2026-10-09 00:53:04 LAUNCH dqist_K_083_BFreach_r_BW pid=44992 free=9.9GB running=12
2026-10-09 00:53:21 DONE dqist_S_033_FP_r_BS rc=0 514s
2026-10-09 00:53:21 LAUNCH dqist_S_094_BFfix0_u_CE pid=31056 free=9.9GB running=12
2026-10-09 00:53:28 DONE dqist_K_033_FP_r_BS rc=0 519s
2026-10-09 00:53:28 LAUNCH dqist_K_094_BFfix0_u_CE pid=56040 free=9.9GB running=12
2026-10-09 00:56:01 DONE dqist_K_061_BFcoord_u_BS rc=0 329s
2026-10-09 00:56:06 DONE dqist_S_061_BFcoord_u_BS rc=0 336s
2026-10-09 00:57:56 DONE dqist_S_078_BFmotion_u_AE rc=0 332s
2026-10-09 00:57:56 DONE dqist_K_078_BFmotion_u_AE rc=0 330s
2026-10-09 00:59:46 DONE dqist_S_050_GP_r_AE rc=0 585s
2026-10-09 00:59:51 DONE dqist_S_083_BFreach_r_BW rc=0 424s
2026-10-09 00:59:56 DONE dqist_K_050_GP_r_AE rc=0 588s
2026-10-09 01:00:01 DONE dqist_K_083_BFreach_r_BW rc=0 417s
2026-10-09 01:07:11 DONE dqist_S_066_BFbatt_r_CE rc=0 937s
2026-10-09 01:07:26 DONE dqist_S_094_BFfix0_u_CE rc=0 845s
2026-10-09 01:07:26 DONE dqist_K_094_BFfix0_u_CE rc=0 838s
2026-10-09 01:07:31 DONE dqist_K_066_BFbatt_r_CE rc=0 950s
2026-10-09 01:07:36 ALL_MF2_COMPLETE outputs/_dq_q_ist.jsonl 24/24 0 FAIL
