2026-09-29 10:17:01 START E:\Projects\SAS\outputs\_mf2_q_c.jsonl 80 runs maxpar=10 min_free=2.5
2026-09-29 10:17:01 LAUNCH mf2cK_A_E pid=17268 free=23.3GB running=1
2026-09-29 10:17:03 LAUNCH mf2cK_A_N pid=18920 free=22.5GB running=2
2026-09-29 10:17:05 LAUNCH mf2cK_A_S pid=21008 free=21.7GB running=3
2026-09-29 10:17:07 LAUNCH mf2cK_A_W pid=16472 free=20.9GB running=4
2026-09-29 10:17:09 LAUNCH mf2cK_B_E pid=18144 free=20.1GB running=5
2026-09-29 10:17:11 LAUNCH mf2cK_B_N pid=18836 free=19.3GB running=6
2026-09-29 10:17:13 LAUNCH mf2cK_B_S pid=34700 free=18.5GB running=7
2026-09-29 10:17:15 LAUNCH mf2cK_B_W pid=11800 free=17.7GB running=8
2026-09-29 10:17:17 LAUNCH mf2cK_C_E pid=26456 free=16.8GB running=9
2026-09-29 10:17:19 LAUNCH mf2cK_C_N pid=8964 free=16.0GB running=10
2026-09-29 10:25:56 DONE mf2cK_B_W rc=0 521s
2026-09-29 10:25:56 LAUNCH mf2cK_C_S pid=8816 free=15.7GB running=10
2026-09-29 10:26:33 DONE mf2cK_A_S rc=0 569s
2026-09-29 10:26:33 LAUNCH mf2cK_C_W pid=34920 free=15.7GB running=10
2026-09-29 10:28:41 DONE mf2cK_A_E rc=0 700s
2026-09-29 10:28:41 LAUNCH mf2cK_D_E pid=28660 free=15.8GB running=10
2026-09-29 10:29:08 DONE mf2cK_B_E rc=0 719s
2026-09-29 10:29:08 LAUNCH mf2cK_D_N pid=26872 free=15.8GB running=10
2026-09-29 10:29:20 DONE mf2cK_A_W rc=0 733s
2026-09-29 10:29:20 LAUNCH mf2cK_D_S pid=15180 free=15.8GB running=10
2026-09-29 10:29:27 DONE mf2cK_C_N rc=0 728s
2026-09-29 10:29:27 LAUNCH mf2cK_D_W pid=16860 free=15.8GB running=10
2026-09-29 10:30:04 DONE mf2cK_B_N rc=0 773s
2026-09-29 10:30:04 LAUNCH mf2cS_A_E pid=26992 free=15.8GB running=10
2026-09-29 10:30:31 DONE mf2cK_B_S rc=0 798s
2026-09-29 10:30:31 LAUNCH mf2cS_A_N pid=5084 free=15.8GB running=10
2026-09-29 10:30:43 DONE mf2cK_A_N rc=0 820s
2026-09-29 10:30:43 LAUNCH mf2cS_A_S pid=31560 free=15.9GB running=10
2026-09-29 10:36:30 DONE mf2cK_C_E rc=0 1153s
2026-09-29 10:36:30 LAUNCH mf2cS_A_W pid=21944 free=15.9GB running=10
2026-09-29 10:39:37 DONE mf2cK_C_S rc=0 821s
2026-09-29 10:39:37 LAUNCH mf2cS_B_E pid=12772 free=15.7GB running=10
2026-09-29 10:40:09 DONE mf2cS_A_S rc=0 566s
2026-09-29 10:40:09 LAUNCH mf2cS_B_N pid=15012 free=15.8GB running=10
2026-09-29 10:42:56 DONE mf2cK_D_S rc=0 817s
2026-09-29 10:42:56 LAUNCH mf2cS_B_S pid=3136 free=15.8GB running=10
2026-09-29 10:43:18 DONE mf2cS_A_E rc=0 795s
2026-09-29 10:43:18 LAUNCH mf2cS_B_W pid=2308 free=15.8GB running=10
2026-09-29 10:43:35 DONE mf2cS_A_N rc=0 785s
2026-09-29 10:43:35 LAUNCH mf2cS_C_E pid=31556 free=15.9GB running=10
2026-09-29 10:43:47 DONE mf2cK_D_N rc=0 880s
2026-09-29 10:43:47 LAUNCH mf2cS_C_N pid=15304 free=15.9GB running=10
2026-09-29 10:44:05 DONE mf2cK_D_E rc=0 924s
2026-09-29 10:44:05 LAUNCH mf2cS_C_S pid=29872 free=15.0GB running=10
2026-09-29 10:44:17 DONE mf2cK_C_W rc=0 1063s
2026-09-29 10:44:17 LAUNCH mf2cS_C_W pid=1148 free=15.2GB running=10
2026-09-29 10:47:19 DONE mf2cS_A_W rc=0 649s
2026-09-29 10:47:19 LAUNCH mf2cS_D_E pid=17420 free=15.8GB running=10
2026-09-29 10:48:56 DONE mf2cK_D_W rc=0 1169s
2026-09-29 10:48:56 LAUNCH mf2cS_D_N pid=31748 free=15.8GB running=10
2026-09-29 10:49:03 DONE mf2cS_B_E rc=0 566s
2026-09-29 10:49:03 LAUNCH mf2cS_D_S pid=2172 free=15.8GB running=10
2026-09-29 10:49:25 DONE mf2cS_B_W rc=0 366s
2026-09-29 10:49:25 LAUNCH mf2cS_D_W pid=38640 free=15.8GB running=10
2026-09-29 10:50:22 DONE mf2cS_B_N rc=0 613s
2026-09-29 10:50:22 LAUNCH mf2cX_A_E pid=30200 free=15.8GB running=10
2026-09-29 10:50:54 DONE mf2cS_B_S rc=0 477s
2026-09-29 10:50:54 LAUNCH mf2cX_A_N pid=28292 free=15.8GB running=10
2026-09-29 10:52:26 DONE mf2cS_C_N rc=0 518s
2026-09-29 10:52:26 LAUNCH mf2cX_A_S pid=38080 free=15.8GB running=10
2026-09-29 10:54:13 DONE mf2cS_C_S rc=0 608s
2026-09-29 10:54:13 LAUNCH mf2cX_A_W pid=29680 free=15.8GB running=10
2026-09-29 10:55:10 DONE mf2cS_C_W rc=0 653s
2026-09-29 10:55:10 LAUNCH mf2cX_B_E pid=28704 free=15.7GB running=10
2026-09-29 10:56:07 DONE mf2cS_C_E rc=0 752s
2026-09-29 10:56:07 LAUNCH mf2cX_B_N pid=29508 free=15.8GB running=10
2026-09-29 10:56:14 DONE mf2cS_D_E rc=0 535s
2026-09-29 10:56:14 LAUNCH mf2cX_B_S pid=24900 free=15.8GB running=10
2026-09-29 10:57:01 DONE mf2cX_A_E rc=0 399s
2026-09-29 10:57:01 LAUNCH mf2cX_B_W pid=31852 free=15.8GB running=10
2026-09-29 10:57:53 DONE mf2cX_A_S rc=0 327s
2026-09-29 10:57:53 LAUNCH mf2cX_C_E pid=21044 free=15.8GB running=10
2026-09-29 10:58:05 DONE mf2cS_D_S rc=0 542s
2026-09-29 10:58:05 LAUNCH mf2cX_C_N pid=24280 free=15.8GB running=10
2026-09-29 10:58:17 DONE mf2cS_D_N rc=0 561s
2026-09-29 10:58:17 LAUNCH mf2cX_C_S pid=10376 free=15.8GB running=10
2026-09-29 10:58:49 DONE mf2cX_A_N rc=0 475s
2026-09-29 10:58:49 LAUNCH mf2cX_C_W pid=32244 free=15.8GB running=10
2026-09-29 11:01:11 DONE mf2cX_A_W rc=0 418s
2026-09-29 11:01:11 LAUNCH mf2cX_D_E pid=10472 free=15.8GB running=10
2026-09-29 11:01:43 DONE mf2cS_D_W rc=0 738s
2026-09-29 11:01:43 LAUNCH mf2cX_D_N pid=11292 free=15.8GB running=10
2026-09-29 11:02:10 DONE mf2cX_B_E rc=0 420s
2026-09-29 11:02:10 LAUNCH mf2cX_D_S pid=28328 free=15.8GB running=10
2026-09-29 11:02:17 DONE mf2cX_B_W rc=0 316s
2026-09-29 11:02:17 LAUNCH mf2cX_D_W pid=37808 free=15.8GB running=10
2026-09-29 11:02:54 DONE mf2cX_B_N rc=0 407s
2026-09-29 11:02:54 LAUNCH mf2gCa pid=6084 free=15.8GB running=10
2026-09-29 11:03:21 DONE mf2cX_B_S rc=0 427s
2026-09-29 11:03:21 LAUNCH mf2gCb pid=1628 free=15.8GB running=10
2026-09-29 11:04:08 DONE mf2cX_C_N rc=0 363s
2026-09-29 11:04:08 LAUNCH mf2gCc pid=30776 free=15.8GB running=10
2026-09-29 11:06:50 DONE mf2cX_C_S rc=0 513s
2026-09-29 11:06:50 LAUNCH mf2gCs pid=28628 free=15.8GB running=10
2026-09-29 11:07:52 DONE mf2cX_C_W rc=0 543s
2026-09-29 11:07:52 LAUNCH mf2gXa pid=17192 free=15.7GB running=10
2026-09-29 11:08:59 DONE mf2cX_C_E rc=0 666s
2026-09-29 11:08:59 LAUNCH mf2gXb pid=34504 free=15.7GB running=10
2026-09-29 11:09:47 DONE mf2cX_D_E rc=0 515s
2026-09-29 11:09:47 LAUNCH mf2gXc pid=29624 free=15.6GB running=10
2026-09-29 11:10:44 DONE mf2cX_D_N rc=0 540s
2026-09-29 11:10:44 LAUNCH mf2gXs pid=4228 free=15.6GB running=10
2026-09-29 11:10:51 DONE mf2cX_D_S rc=0 520s
2026-09-29 11:10:51 LAUNCH mf2cZ_A_E pid=17456 free=15.7GB running=10
2026-09-29 11:13:33 DONE mf2cX_D_W rc=0 675s
2026-09-29 11:13:33 LAUNCH mf2cZ_A_N pid=31852 free=15.7GB running=10
2026-09-29 11:17:45 DONE mf2cZ_A_E rc=0 414s
2026-09-29 11:17:45 LAUNCH mf2cZ_A_S pid=18872 free=15.7GB running=10
2026-09-29 11:22:22 DONE mf2cZ_A_N rc=0 529s
2026-09-29 11:22:22 LAUNCH mf2cZ_A_W pid=33724 free=15.5GB running=10
2026-09-29 11:25:29 DONE mf2cZ_A_S rc=0 464s
2026-09-29 11:25:29 LAUNCH mf2cZ_B_E pid=6392 free=15.4GB running=10
2026-09-29 11:34:06 DONE mf2cZ_A_W rc=0 705s
2026-09-29 11:34:06 LAUNCH mf2cZ_B_N pid=38776 free=15.4GB running=10
2026-09-29 11:38:24 DONE mf2cZ_B_E rc=0 775s
2026-09-29 11:38:24 LAUNCH mf2cZ_B_S pid=27056 free=15.5GB running=10
2026-09-29 11:45:46 DONE mf2cZ_B_N rc=0 700s
2026-09-29 11:45:46 LAUNCH mf2cZ_B_W pid=29288 free=15.5GB running=10
2026-09-29 11:46:43 DONE mf2gCs rc=0 2393s
2026-09-29 11:46:43 LAUNCH mf2cZ_C_E pid=15532 free=15.6GB running=10
2026-09-29 11:47:40 DONE mf2gCc rc=0 2612s
2026-09-29 11:47:40 LAUNCH mf2cZ_C_N pid=21944 free=15.6GB running=10
2026-09-29 11:47:47 DONE mf2gCb rc=0 2666s
2026-09-29 11:47:47 LAUNCH mf2cZ_C_S pid=3636 free=15.6GB running=10
2026-09-29 11:49:34 DONE mf2cZ_B_S rc=0 671s
2026-09-29 11:49:34 LAUNCH mf2cZ_C_W pid=8392 free=15.5GB running=10
2026-09-29 11:53:06 DONE mf2gXs rc=0 2543s
2026-09-29 11:53:06 LAUNCH mf2cZ_D_E pid=14684 free=15.5GB running=10
2026-09-29 11:54:48 DONE mf2cZ_B_W rc=0 543s
2026-09-29 11:54:48 LAUNCH mf2cZ_D_N pid=9436 free=15.5GB running=10
2026-09-29 11:56:31 DONE mf2gXc rc=0 2804s
2026-09-29 11:56:31 LAUNCH mf2cZ_D_S pid=20084 free=15.5GB running=10
2026-09-29 11:57:28 DONE mf2gXb rc=0 2908s
2026-09-29 11:57:28 LAUNCH mf2cZ_D_W pid=7724 free=15.5GB running=10
2026-09-29 11:58:15 DONE mf2cZ_C_N rc=0 635s
2026-09-29 11:58:15 LAUNCH mf2cE_A_S pid=26216 free=15.5GB running=10
2026-09-29 12:01:42 DONE mf2cZ_C_S rc=0 835s
2026-09-29 12:01:42 LAUNCH mf2cE_A_E pid=28576 free=15.5GB running=10
2026-09-29 12:04:39 DONE mf2cZ_C_E rc=0 1076s
2026-09-29 12:04:39 LAUNCH mf2cE_B_S pid=27104 free=15.5GB running=10
2026-09-29 12:05:36 DONE mf2cZ_C_W rc=0 962s
2026-09-29 12:05:36 LAUNCH mf2cE_B_E pid=37660 free=15.2GB running=10
2026-09-29 12:07:28 DONE mf2cZ_D_E rc=0 862s
2026-09-29 12:07:28 DONE mf2cE_A_S rc=0 554s
2026-09-29 12:07:28 LAUNCH mf2cE_C_S pid=38080 free=16.3GB running=9
2026-09-29 12:07:30 LAUNCH mf2cE_C_E pid=28288 free=15.5GB running=10
2026-09-29 12:08:22 DONE mf2gCa rc=0 3928s
2026-09-29 12:08:22 DONE mf2cZ_D_N rc=0 814s
2026-09-29 12:08:22 LAUNCH mf2cE_D_S pid=27284 free=16.3GB running=9
2026-09-29 12:08:24 LAUNCH mf2cE_D_E pid=27012 free=15.5GB running=10
2026-09-29 12:10:16 DONE mf2cE_A_E rc=0 515s
2026-09-29 12:11:16 DONE mf2cZ_D_S rc=0 886s
2026-09-29 12:12:46 DONE mf2cZ_D_W rc=0 919s
2026-09-29 12:12:56 DONE mf2gXa rc=0 3904s
2026-09-29 12:13:07 DONE mf2cE_B_E rc=0 451s
2026-09-29 12:13:47 DONE mf2cE_B_S rc=0 548s
2026-09-29 12:16:02 DONE mf2cE_C_S rc=0 513s
2026-09-29 12:16:52 DONE mf2cE_D_E rc=0 507s
2026-09-29 12:17:37 DONE mf2cE_C_E rc=0 607s
2026-09-29 12:18:12 DONE mf2cE_D_S rc=0 589s
2026-09-29 12:18:17 ALL_MF2_COMPLETE E:\Projects\SAS\outputs\_mf2_q_c.jsonl 80/80 0 FAIL
