POOL START 2026-09-08 15:08:40 queue=outputs/_mm_queue.txt maxpar=5 minfree_kb=2500000 free_kb_now=6018244
LAUNCH mainff_east_half_101 running=1 free_kb=6018180 15:08:41
LAUNCH mainff_east_half_202 running=2 free_kb=4261248 15:09:00
LAUNCH mainff_east_half_303 running=3 free_kb=3421724 15:09:19
LAUNCH mainff_east_half_404 running=4 free_kb=2511008 15:09:37
DONE mainff_east_half_404 rc=0 size=538095 525s mainff east/half seed=404 rescued=2 dead=2 unreachable=0 never_detected=0 ff_deaths=1 terminal=162 completions=2 recycles=2 removals=2 returns=2 wall=523s
LAUNCH mainff_east_half_505 running=4 free_kb=2517700 15:18:50
DONE mainff_east_half_101 rc=0 size=543914 629s mainff east/half seed=101 rescued=2 dead=1 unreachable=0 never_detected=0 ff_deaths=1 terminal=None completions=2 recycles=2 removals=2 returns=2 wall=627s
LAUNCH mainff_south_half_101 running=4 free_kb=2556036 15:19:25
DONE mainff_east_half_202 rc=0 size=479781 639s mainff east/half seed=202 rescued=2 dead=1 unreachable=1 never_detected=0 ff_deaths=1 terminal=237 completions=2 recycles=2 removals=2 returns=2 wall=638s
LAUNCH mainff_south_half_202 running=4 free_kb=2580808 15:19:43
DONE mainff_east_half_303 rc=0 size=547076 645s mainff east/half seed=303 rescued=3 dead=1 unreachable=0 never_detected=0 ff_deaths=0 terminal=240 completions=3 recycles=2 removals=3 returns=2 wall=644s
LAUNCH mainff_south_half_303 running=4 free_kb=2542980 15:20:18
DONE mainff_south_half_202 rc=0 size=493987 245s mainff south/half seed=202 rescued=4 dead=0 unreachable=0 never_detected=0 ff_deaths=0 terminal=193 completions=4 recycles=4 removals=4 returns=4 wall=243s
LAUNCH mainff_south_half_404 running=4 free_kb=2537368 15:24:00
DONE mainff_south_half_101 rc=0 size=564176 333s mainff south/half seed=101 rescued=3 dead=0 unreachable=0 never_detected=0 ff_deaths=1 terminal=None completions=3 recycles=3 removals=3 returns=3 wall=332s
LAUNCH mainff_south_half_505 running=4 free_kb=2545648 15:25:06
DONE mainff_south_half_303 rc=0 size=494070 299s mainff south/half seed=303 rescued=3 dead=1 unreachable=0 never_detected=0 ff_deaths=1 terminal=216 completions=3 recycles=3 removals=3 returns=3 wall=298s
LAUNCH mainff_east_def_101 running=4 free_kb=2554660 15:25:25
DONE mainff_east_half_505 rc=0 size=497256 518s mainff east/half seed=505 rescued=2 dead=1 unreachable=0 never_detected=0 ff_deaths=0 terminal=None completions=2 recycles=2 removals=2 returns=2 wall=516s
LAUNCH mainff_east_def_202 running=4 free_kb=2566816 15:27:33
DONE mainff_south_half_404 rc=0 size=532047 298s mainff south/half seed=404 rescued=4 dead=0 unreachable=0 never_detected=0 ff_deaths=0 terminal=141 completions=4 recycles=4 removals=4 returns=4 wall=296s
LAUNCH mainff_east_def_303 running=4 free_kb=2548932 15:29:10
DONE mainff_east_def_101 rc=0 size=488524 239s mainff east/default seed=101 rescued=1 dead=2 unreachable=1 never_detected=0 ff_deaths=2 terminal=112 completions=1 recycles=1 removals=1 returns=1 wall=238s
DONE mainff_south_half_505 rc=0 size=478336 272s mainff south/half seed=505 rescued=3 dead=1 unreachable=0 never_detected=0 ff_deaths=0 terminal=108 completions=3 recycles=3 removals=3 returns=3 wall=271s
DONE mainff_east_def_202 rc=0 size=460047 210s mainff east/default seed=202 rescued=3 dead=1 unreachable=0 never_detected=0 ff_deaths=1 terminal=162 completions=3 recycles=3 removals=3 returns=3 wall=208s
DONE mainff_east_def_303 rc=0 size=534256 264s mainff east/default seed=303 rescued=3 dead=1 unreachable=0 never_detected=0 ff_deaths=0 terminal=125 completions=3 recycles=3 removals=3 returns=3 wall=262s
ALL_DIM_POOL_COMPLETE launched=13 skipped=0 2026-09-08 15:33:34
