[01:44:09] POOL START wave=qQ runid=20260928-014408-4384 restart=0 pid=4384 winpid=55676 head=9a2e5c45ee931dcd8deb26e94b7f1190a093bfe4 src=925559e6d528 ext=158afe36be41 dirty_tracked=0 queue=outputs/_pl_qQ_queue.txt maxpar=1 minfree_kb=3500000
[01:44:10] ENV 3.10.11 mesa 1.2.1  prereg_sha256=d659ea1d554308bb queue_sha256=1eeb259ca1874a7c
[01:44:11] SHIPPED GLOBAL_PLANNER_MODE=0 BASE_STATION_MODE=3 FF_EXIT_LEG_MODE=2 FF_EXIT_LEG_HOLD=0 FF_EXIT_LEG_SERVED=1 FF_FIREFIGHT_EXTINGUISH=1 FF_FIREFIGHT_FIREBREAK=1 ROUTE_BLOCK_STALE_CLEAR=1 global_planner_mode()=0 ff_exit_leg_mode()=2 ff_exit_leg_served()=1
[01:44:12] SHIPPED-CONTROL head=dfbfbe7
GLOBAL_PLANNER_MODE=ABSENT BASE_STATION_MODE=3 FF_EXIT_LEG_MODE=2 FF_EXIT_LEG_HOLD=0 FF_EXIT_LEG_SERVED=1 FF_FIREFIGHT_EXTINGUISH=1 FF_FIREFIGHT_FIREBREAK=1 ROUTE_BLOCK_STALE_CLEAR=1 global_planner_mode()=ABSENT ff_exit_leg_mode()=2 ff_exit_leg_served()=1
[01:44:13] VALIDATE total=1 valid=0 invalid=0 missing=1
[01:44:13] START STATE wave=qQ total=1 valid=0 pending=1 live_orphans_this_wave=2 sims_boxwide=2 free_kb=13942136
[01:44:13] HEARTBEAT pid=4474 every 60s -> outputs/_pl_qQ_wave.log ; state file outputs/_pl_qQ_state.txt ; sentinel outputs/_pl_qQ_hb_20260928-014408-4384.stop
[01:44:14] LAUNCH plQ_east_half_101 running=1 free_kb=13893456 sims_boxwide=2 attempt=1 src=925559e6d528 ext=158afe36be41 head=9a2e5c45ee931dcd8deb26e94b7f1190a093bfe4
[01:45:13] .. alive runid=20260928-014408-4384 event_age=59s | wave=qQ total=1 valid=0 running=1 pending=0 launched=1 failed=0 gaveup=0 forkfail=0 free_kb=13893456 sims_boxwide=2 last_event_age=0s last_event_epoch=1790552654
[01:46:13] .. alive runid=20260928-014408-4384 event_age=119s | wave=qQ total=1 valid=0 running=1 pending=0 launched=1 failed=0 gaveup=0 forkfail=0 free_kb=13893456 sims_boxwide=2 last_event_age=0s last_event_epoch=1790552654
[01:47:13] .. alive runid=20260928-014408-4384 event_age=179s | wave=qQ total=1 valid=0 running=1 pending=0 launched=1 failed=0 gaveup=0 forkfail=0 free_kb=13893456 sims_boxwide=2 last_event_age=0s last_event_epoch=1790552654
[01:48:13] .. alive runid=20260928-014408-4384 event_age=239s | wave=qQ total=1 valid=0 running=1 pending=0 launched=1 failed=0 gaveup=0 forkfail=0 free_kb=13893456 sims_boxwide=2 last_event_age=0s last_event_epoch=1790552654
[01:49:13] .. alive runid=20260928-014408-4384 event_age=299s | wave=qQ total=1 valid=0 running=1 pending=0 launched=1 failed=0 gaveup=0 forkfail=0 free_kb=13893456 sims_boxwide=2 last_event_age=0s last_event_epoch=1790552654
[01:50:13] .. alive runid=20260928-014408-4384 event_age=359s | wave=qQ total=1 valid=0 running=1 pending=0 launched=1 failed=0 gaveup=0 forkfail=0 free_kb=13893456 sims_boxwide=2 last_event_age=0s last_event_epoch=1790552654
[01:51:13] .. alive runid=20260928-014408-4384 event_age=419s | wave=qQ total=1 valid=0 running=1 pending=0 launched=1 failed=0 gaveup=0 forkfail=0 free_kb=13893456 sims_boxwide=2 last_event_age=0s last_event_epoch=1790552654
[01:52:13] .. alive runid=20260928-014408-4384 event_age=479s | wave=qQ total=1 valid=0 running=1 pending=0 launched=1 failed=0 gaveup=0 forkfail=0 free_kb=13893456 sims_boxwide=2 last_event_age=0s last_event_epoch=1790552654
[01:53:13] .. alive runid=20260928-014408-4384 event_age=539s | wave=qQ total=1 valid=0 running=1 pending=0 launched=1 failed=0 gaveup=0 forkfail=0 free_kb=13893456 sims_boxwide=2 last_event_age=0s last_event_epoch=1790552654
[01:54:13] .. alive runid=20260928-014408-4384 event_age=599s | wave=qQ total=1 valid=0 running=1 pending=0 launched=1 failed=0 gaveup=0 forkfail=0 free_kb=13893456 sims_boxwide=2 last_event_age=0s last_event_epoch=1790552654
[01:55:14] .. alive runid=20260928-014408-4384 event_age=660s | wave=qQ total=1 valid=0 running=1 pending=0 launched=1 failed=0 gaveup=0 forkfail=0 free_kb=13893456 sims_boxwide=2 last_event_age=0s last_event_epoch=1790552654
[01:55:17] DONE plQ_east_half_101 rc=0 662s plQ east/half seed=101 rescued=4 dead=0 unreachable=0 never_detected=0 ff_deaths=0 terminal=115 completions=4 recycles=4 removals=4 returns=4 wall=661s [valid 1/1] src=925559e6d528 ext=158afe36be41 head=9a2e5c45ee931dcd8deb26e94b7f1190a093bfe4
E:/Projects/SAS/outputs/_pl_pool.sh: line 427: syntax error near unexpected token `done'
E:/Projects/SAS/outputs/_pl_pool.sh: line 427: `done'
[01:56:14] HEARTBEAT EXIT wave=qQ runid=20260928-014408-4384 (MAIN SHELL GONE - pool died; restart with the launcher, completed jobs are kept)
