[08:15:10] POOL START wave=q6 runid=20260928-081509-4894 restart=0 pid=4894 winpid=33048 head=9a2e5c45ee931dcd8deb26e94b7f1190a093bfe4 src=925559e6d528 ext=158afe36be41 dirty_tracked=0 queue=outputs/_pl_q6_queue.txt maxpar=13 minfree_kb=3500000
[08:15:11] ENV 3.10.11 mesa 1.2.1  prereg_sha256=d659ea1d554308bb queue_sha256=6967ee7ea4df1664
[08:15:12] SHIPPED GLOBAL_PLANNER_MODE=0 BASE_STATION_MODE=3 FF_EXIT_LEG_MODE=2 FF_EXIT_LEG_HOLD=0 FF_EXIT_LEG_SERVED=1 FF_FIREFIGHT_EXTINGUISH=1 FF_FIREFIGHT_FIREBREAK=1 ROUTE_BLOCK_STALE_CLEAR=1 global_planner_mode()=0 ff_exit_leg_mode()=2 ff_exit_leg_served()=1
[08:15:13] SHIPPED-CONTROL head=dfbfbe7
GLOBAL_PLANNER_MODE=ABSENT BASE_STATION_MODE=3 FF_EXIT_LEG_MODE=2 FF_EXIT_LEG_HOLD=0 FF_EXIT_LEG_SERVED=1 FF_FIREFIGHT_EXTINGUISH=1 FF_FIREFIGHT_FIREBREAK=1 ROUTE_BLOCK_STALE_CLEAR=1 global_planner_mode()=ABSENT ff_exit_leg_mode()=2 ff_exit_leg_served()=1
[08:15:14] VALIDATE total=60 valid=0 invalid=0 missing=60
[08:15:14] START STATE wave=q6 total=60 valid=0 pending=60 live_orphans_this_wave=0 sims_boxwide=13 free_kb=3867060
[08:15:14] HEARTBEAT pid=4987 every 60s -> outputs/_pl_q6_wave.log ; state file outputs/_pl_q6_state.txt ; sentinel outputs/_pl_q6_hb_20260928-081509-4894.stop
[08:15:16] LAUNCH plF_east_half_1506055301 running=1 free_kb=3845084 sims_boxwide=13 attempt=1 src=925559e6d528 ext=158afe36be41 head=9a2e5c45ee931dcd8deb26e94b7f1190a093bfe4
[08:15:27] THROTTLE free_kb=3031668 <= 3500000 running=1
[08:16:14] .. alive runid=20260928-081509-4894 event_age=58s | wave=q6 total=60 valid=0 running=1 pending=59 launched=1 failed=0 gaveup=0 forkfail=0 free_kb=3031668 sims_boxwide=14 last_event_age=11s last_event_epoch=1790576116
[08:17:15] .. alive runid=20260928-081509-4894 event_age=119s | wave=q6 total=60 valid=0 running=1 pending=59 launched=1 failed=0 gaveup=0 forkfail=0 free_kb=3031668 sims_boxwide=14 last_event_age=11s last_event_epoch=1790576116
[08:18:15] .. alive runid=20260928-081509-4894 event_age=179s | wave=q6 total=60 valid=0 running=1 pending=59 launched=1 failed=0 gaveup=0 forkfail=0 free_kb=3031668 sims_boxwide=14 last_event_age=11s last_event_epoch=1790576116
[08:19:15] .. alive runid=20260928-081509-4894 event_age=239s | wave=q6 total=60 valid=0 running=1 pending=59 launched=1 failed=0 gaveup=0 forkfail=0 free_kb=3031668 sims_boxwide=14 last_event_age=11s last_event_epoch=1790576116
[08:20:15] .. alive runid=20260928-081509-4894 event_age=299s | wave=q6 total=60 valid=0 running=1 pending=59 launched=1 failed=0 gaveup=0 forkfail=0 free_kb=3031668 sims_boxwide=14 last_event_age=11s last_event_epoch=1790576116
[08:21:15] .. alive runid=20260928-081509-4894 event_age=359s | wave=q6 total=60 valid=0 running=1 pending=59 launched=1 failed=0 gaveup=0 forkfail=0 free_kb=3031668 sims_boxwide=14 last_event_age=11s last_event_epoch=1790576116
[08:22:15] .. alive runid=20260928-081509-4894 event_age=419s | wave=q6 total=60 valid=0 running=1 pending=59 launched=1 failed=0 gaveup=0 forkfail=0 free_kb=3031668 sims_boxwide=14 last_event_age=11s last_event_epoch=1790576116
[08:23:15] .. alive runid=20260928-081509-4894 event_age=479s | wave=q6 total=60 valid=0 running=1 pending=59 launched=1 failed=0 gaveup=0 forkfail=0 free_kb=3031668 sims_boxwide=14 last_event_age=11s last_event_epoch=1790576116
[08:23:57] DONE plF_east_half_1506055301 rc=0 520s plF east/half seed=1506055301 rescued=3 dead=1 unreachable=0 never_detected=0 ff_deaths=0 terminal=104 completions=3 recycles=3 removals=3 returns=3 wall=518s [valid 1/60] src=925559e6d528 ext=158afe36be41 head=9a2e5c45ee931dcd8deb26e94b7f1190a093bfe4
[08:23:58] LAUNCH plF_east_half_1999015533 running=1 free_kb=12865088 sims_boxwide=3 attempt=1 src=925559e6d528 ext=158afe36be41 head=9a2e5c45ee931dcd8deb26e94b7f1190a093bfe4
[08:24:09] LAUNCH plF_east_half_2095654154 running=2 free_kb=12001140 sims_boxwide=4 attempt=1 src=925559e6d528 ext=158afe36be41 head=9a2e5c45ee931dcd8deb26e94b7f1190a093bfe4
[08:24:15] .. alive runid=20260928-081509-4894 event_age=6s | wave=q6 total=60 valid=1 running=2 pending=57 launched=3 failed=0 gaveup=0 forkfail=0 free_kb=12001140 sims_boxwide=4 last_event_age=0s last_event_epoch=1790576649
[08:24:20] LAUNCH plF_east_half_824498143 running=3 free_kb=11114112 sims_boxwide=5 attempt=1 src=925559e6d528 ext=158afe36be41 head=9a2e5c45ee931dcd8deb26e94b7f1190a093bfe4
[08:24:32] LAUNCH plF_east_half_1468405687 running=4 free_kb=10225832 sims_boxwide=6 attempt=1 src=925559e6d528 ext=158afe36be41 head=9a2e5c45ee931dcd8deb26e94b7f1190a093bfe4
[08:24:43] LAUNCH plF_east_half_731846821 running=5 free_kb=9332756 sims_boxwide=7 attempt=1 src=925559e6d528 ext=158afe36be41 head=9a2e5c45ee931dcd8deb26e94b7f1190a093bfe4
[08:24:54] LAUNCH plF_east_half_1301429659 running=6 free_kb=8413392 sims_boxwide=8 attempt=1 src=925559e6d528 ext=158afe36be41 head=9a2e5c45ee931dcd8deb26e94b7f1190a093bfe4
[08:25:06] LAUNCH plF_east_half_53258209 running=7 free_kb=7540272 sims_boxwide=9 attempt=1 src=925559e6d528 ext=158afe36be41 head=9a2e5c45ee931dcd8deb26e94b7f1190a093bfe4
[08:25:15] .. alive runid=20260928-081509-4894 event_age=9s | wave=q6 total=60 valid=1 running=7 pending=52 launched=8 failed=0 gaveup=0 forkfail=0 free_kb=7540272 sims_boxwide=9 last_event_age=0s last_event_epoch=1790576706
[08:25:17] LAUNCH plF_east_half_1341701987 running=8 free_kb=6662936 sims_boxwide=10 attempt=1 src=925559e6d528 ext=158afe36be41 head=9a2e5c45ee931dcd8deb26e94b7f1190a093bfe4
[08:25:28] LAUNCH plF_east_half_264075293 running=9 free_kb=5844696 sims_boxwide=11 attempt=1 src=925559e6d528 ext=158afe36be41 head=9a2e5c45ee931dcd8deb26e94b7f1190a093bfe4
[08:25:40] LAUNCH plF_east_half_2091896221 running=10 free_kb=4946780 sims_boxwide=12 attempt=1 src=925559e6d528 ext=158afe36be41 head=9a2e5c45ee931dcd8deb26e94b7f1190a093bfe4
[08:25:51] LAUNCH plF_east_half_21892117 running=11 free_kb=5009528 sims_boxwide=12 attempt=1 src=925559e6d528 ext=158afe36be41 head=9a2e5c45ee931dcd8deb26e94b7f1190a093bfe4
[08:26:03] LAUNCH plF_east_half_1717500098 running=12 free_kb=4147452 sims_boxwide=13 attempt=1 src=925559e6d528 ext=158afe36be41 head=9a2e5c45ee931dcd8deb26e94b7f1190a093bfe4
[08:26:13] THROTTLE free_kb=3271216 <= 3500000 running=12
[08:26:15] .. alive runid=20260928-081509-4894 event_age=12s | wave=q6 total=60 valid=1 running=12 pending=47 launched=13 failed=0 gaveup=0 forkfail=0 free_kb=3271216 sims_boxwide=14 last_event_age=10s last_event_epoch=1790576763
[08:27:15] .. alive runid=20260928-081509-4894 event_age=72s | wave=q6 total=60 valid=1 running=12 pending=47 launched=13 failed=0 gaveup=0 forkfail=0 free_kb=3271216 sims_boxwide=14 last_event_age=10s last_event_epoch=1790576763
[08:28:15] .. alive runid=20260928-081509-4894 event_age=132s | wave=q6 total=60 valid=1 running=12 pending=47 launched=13 failed=0 gaveup=0 forkfail=0 free_kb=3271216 sims_boxwide=14 last_event_age=10s last_event_epoch=1790576763
[08:29:16] .. alive runid=20260928-081509-4894 event_age=193s | wave=q6 total=60 valid=1 running=12 pending=47 launched=13 failed=0 gaveup=0 forkfail=0 free_kb=3271216 sims_boxwide=14 last_event_age=10s last_event_epoch=1790576763
[08:30:16] .. alive runid=20260928-081509-4894 event_age=253s | wave=q6 total=60 valid=1 running=12 pending=47 launched=13 failed=0 gaveup=0 forkfail=0 free_kb=3271216 sims_boxwide=14 last_event_age=10s last_event_epoch=1790576763
[08:31:16] .. alive runid=20260928-081509-4894 event_age=313s | wave=q6 total=60 valid=1 running=12 pending=47 launched=13 failed=0 gaveup=0 forkfail=0 free_kb=3271216 sims_boxwide=14 last_event_age=10s last_event_epoch=1790576763
[08:32:16] .. alive runid=20260928-081509-4894 event_age=373s | wave=q6 total=60 valid=1 running=12 pending=47 launched=13 failed=0 gaveup=0 forkfail=0 free_kb=3271216 sims_boxwide=14 last_event_age=10s last_event_epoch=1790576763
[08:33:16] .. alive runid=20260928-081509-4894 event_age=433s | wave=q6 total=60 valid=1 running=12 pending=47 launched=13 failed=0 gaveup=0 forkfail=0 free_kb=3271216 sims_boxwide=14 last_event_age=10s last_event_epoch=1790576763
[08:34:05] DONE plF_east_half_1301429659 rc=0 551s plF east/half seed=1301429659 rescued=3 dead=1 unreachable=0 never_detected=0 ff_deaths=0 terminal=104 completions=3 recycles=3 removals=3 returns=3 wall=549s [valid 2/60] src=925559e6d528 ext=158afe36be41 head=9a2e5c45ee931dcd8deb26e94b7f1190a093bfe4
[08:34:07] LAUNCH plF_south_half_1386492524 running=12 free_kb=5683180 sims_boxwide=11 attempt=1 src=925559e6d528 ext=158afe36be41 head=9a2e5c45ee931dcd8deb26e94b7f1190a093bfe4
[08:34:16] .. alive runid=20260928-081509-4894 event_age=9s | wave=q6 total=60 valid=2 running=12 pending=46 launched=14 failed=0 gaveup=0 forkfail=0 free_kb=5683180 sims_boxwide=11 last_event_age=0s last_event_epoch=1790577247
[08:34:18] LAUNCH plF_south_half_481765503 running=13 free_kb=4854416 sims_boxwide=12 attempt=1 src=925559e6d528 ext=158afe36be41 head=9a2e5c45ee931dcd8deb26e94b7f1190a093bfe4
[08:34:29] DONE plF_east_half_264075293 rc=0 540s plF east/half seed=264075293 rescued=3 dead=1 unreachable=0 never_detected=0 ff_deaths=0 terminal=99 completions=3 recycles=3 removals=3 returns=3 wall=532s [valid 3/60] src=925559e6d528 ext=158afe36be41 head=9a2e5c45ee931dcd8deb26e94b7f1190a093bfe4
[08:34:30] LAUNCH plF_south_half_1415738618 running=13 free_kb=4807616 sims_boxwide=12 attempt=1 src=925559e6d528 ext=158afe36be41 head=9a2e5c45ee931dcd8deb26e94b7f1190a093bfe4
[08:34:46] DONE plF_east_half_1468405687 rc=0 614s plF east/half seed=1468405687 rescued=3 dead=1 unreachable=0 never_detected=0 ff_deaths=1 terminal=103 completions=3 recycles=3 removals=3 returns=3 wall=612s [valid 4/60] src=925559e6d528 ext=158afe36be41 head=9a2e5c45ee931dcd8deb26e94b7f1190a093bfe4
[08:34:48] LAUNCH plF_south_half_1218089274 running=13 free_kb=4801056 sims_boxwide=12 attempt=1 src=925559e6d528 ext=158afe36be41 head=9a2e5c45ee931dcd8deb26e94b7f1190a093bfe4
[08:35:16] .. alive runid=20260928-081509-4894 event_age=28s | wave=q6 total=60 valid=4 running=13 pending=43 launched=17 failed=0 gaveup=0 forkfail=0 free_kb=4801056 sims_boxwide=12 last_event_age=0s last_event_epoch=1790577288
[08:35:25] DONE plF_east_half_1341701987 rc=0 607s plF east/half seed=1341701987 rescued=4 dead=0 unreachable=0 never_detected=0 ff_deaths=0 terminal=142 completions=4 recycles=4 removals=4 returns=4 wall=605s [valid 5/60] src=925559e6d528 ext=158afe36be41 head=9a2e5c45ee931dcd8deb26e94b7f1190a093bfe4
[08:35:26] LAUNCH plF_south_half_2084799913 running=13 free_kb=4852404 sims_boxwide=12 attempt=1 src=925559e6d528 ext=158afe36be41 head=9a2e5c45ee931dcd8deb26e94b7f1190a093bfe4
[08:35:37] DONE plF_east_half_824498143 rc=0 676s plF east/half seed=824498143 rescued=3 dead=1 unreachable=0 never_detected=0 ff_deaths=0 terminal=143 completions=3 recycles=3 removals=3 returns=3 wall=668s [valid 6/60] src=925559e6d528 ext=158afe36be41 head=9a2e5c45ee931dcd8deb26e94b7f1190a093bfe4
[08:35:38] LAUNCH plF_south_half_1335705976 running=13 free_kb=4886620 sims_boxwide=12 attempt=1 src=925559e6d528 ext=158afe36be41 head=9a2e5c45ee931dcd8deb26e94b7f1190a093bfe4
[08:36:16] .. alive runid=20260928-081509-4894 event_age=38s | wave=q6 total=60 valid=6 running=13 pending=41 launched=19 failed=0 gaveup=0 forkfail=0 free_kb=4886620 sims_boxwide=12 last_event_age=0s last_event_epoch=1790577338
[08:36:21] DONE plF_east_half_21892117 rc=0 630s plF east/half seed=21892117 rescued=4 dead=0 unreachable=0 never_detected=0 ff_deaths=0 terminal=138 completions=4 recycles=4 removals=4 returns=4 wall=628s [valid 7/60] src=925559e6d528 ext=158afe36be41 head=9a2e5c45ee931dcd8deb26e94b7f1190a093bfe4
[08:36:23] LAUNCH plF_south_half_588279432 running=13 free_kb=4907928 sims_boxwide=12 attempt=1 src=925559e6d528 ext=158afe36be41 head=9a2e5c45ee931dcd8deb26e94b7f1190a093bfe4
[08:36:34] DONE plF_east_half_53258209 rc=0 687s plF east/half seed=53258209 rescued=4 dead=0 unreachable=0 never_detected=0 ff_deaths=0 terminal=161 completions=4 recycles=4 removals=4 returns=4 wall=685s [valid 8/60] src=925559e6d528 ext=158afe36be41 head=9a2e5c45ee931dcd8deb26e94b7f1190a093bfe4
[08:36:34] DONE plF_east_half_731846821 rc=0 711s plF east/half seed=731846821 rescued=3 dead=1 unreachable=0 never_detected=0 ff_deaths=1 terminal=164 completions=3 recycles=3 removals=3 returns=3 wall=704s [valid 9/60] src=925559e6d528 ext=158afe36be41 head=9a2e5c45ee931dcd8deb26e94b7f1190a093bfe4
[08:36:36] LAUNCH plF_south_half_1887778617 running=12 free_kb=5825508 sims_boxwide=11 attempt=1 src=925559e6d528 ext=158afe36be41 head=9a2e5c45ee931dcd8deb26e94b7f1190a093bfe4
[08:36:46] DONE plF_east_half_1717500098 rc=0 643s plF east/half seed=1717500098 rescued=4 dead=0 unreachable=0 never_detected=0 ff_deaths=1 terminal=140 completions=4 recycles=4 removals=4 returns=4 wall=634s [valid 10/60] src=925559e6d528 ext=158afe36be41 head=9a2e5c45ee931dcd8deb26e94b7f1190a093bfe4
[08:36:48] LAUNCH plF_south_half_2128361047 running=12 free_kb=5848488 sims_boxwide=11 attempt=1 src=925559e6d528 ext=158afe36be41 head=9a2e5c45ee931dcd8deb26e94b7f1190a093bfe4
[08:36:59] LAUNCH plF_south_half_684332673 running=13 free_kb=4969168 sims_boxwide=12 attempt=1 src=925559e6d528 ext=158afe36be41 head=9a2e5c45ee931dcd8deb26e94b7f1190a093bfe4
[08:37:16] .. alive runid=20260928-081509-4894 event_age=17s | wave=q6 total=60 valid=10 running=13 pending=37 launched=23 failed=0 gaveup=0 forkfail=0 free_kb=4969168 sims_boxwide=12 last_event_age=0s last_event_epoch=1790577419
[08:37:28] DONE plF_east_half_1999015533 rc=0 809s plF east/half seed=1999015533 rescued=4 dead=0 unreachable=0 never_detected=0 ff_deaths=0 terminal=276 completions=4 recycles=4 removals=4 returns=4 wall=808s [valid 11/60] src=925559e6d528 ext=158afe36be41 head=9a2e5c45ee931dcd8deb26e94b7f1190a093bfe4
[08:37:29] LAUNCH plF_south_half_1320165480 running=13 free_kb=4964624 sims_boxwide=12 attempt=1 src=925559e6d528 ext=158afe36be41 head=9a2e5c45ee931dcd8deb26e94b7f1190a093bfe4
[08:38:01] DONE plF_east_half_2091896221 rc=0 741s plF east/half seed=2091896221 rescued=3 dead=0 unreachable=1 never_detected=1 ff_deaths=0 terminal=210 completions=3 recycles=3 removals=3 returns=3 wall=739s [valid 12/60] src=925559e6d528 ext=158afe36be41 head=9a2e5c45ee931dcd8deb26e94b7f1190a093bfe4
[08:38:03] LAUNCH plF_south_half_751617716 running=13 free_kb=4944676 sims_boxwide=12 attempt=1 src=925559e6d528 ext=158afe36be41 head=9a2e5c45ee931dcd8deb26e94b7f1190a093bfe4
[08:38:16] .. alive runid=20260928-081509-4894 event_age=13s | wave=q6 total=60 valid=12 running=13 pending=35 launched=25 failed=0 gaveup=0 forkfail=0 free_kb=4944676 sims_boxwide=12 last_event_age=0s last_event_epoch=1790577483
[08:39:16] .. alive runid=20260928-081509-4894 event_age=73s | wave=q6 total=60 valid=12 running=13 pending=35 launched=25 failed=0 gaveup=0 forkfail=0 free_kb=4944676 sims_boxwide=12 last_event_age=0s last_event_epoch=1790577483
[08:39:20] DONE plF_south_half_481765503 rc=0 301s plF south/half seed=481765503 rescued=4 dead=0 unreachable=0 never_detected=0 ff_deaths=0 terminal=156 completions=4 recycles=4 removals=4 returns=4 wall=300s [valid 13/60] src=925559e6d528 ext=158afe36be41 head=9a2e5c45ee931dcd8deb26e94b7f1190a093bfe4
[08:39:21] LAUNCH plF_south_half_422588777 running=13 free_kb=4885272 sims_boxwide=12 attempt=1 src=925559e6d528 ext=158afe36be41 head=9a2e5c45ee931dcd8deb26e94b7f1190a093bfe4
[08:39:44] DONE plF_east_half_2095654154 rc=0 934s plF east/half seed=2095654154 rescued=4 dead=0 unreachable=0 never_detected=0 ff_deaths=1 terminal=272 completions=4 recycles=4 removals=4 returns=4 wall=932s [valid 14/60] src=925559e6d528 ext=158afe36be41 head=9a2e5c45ee931dcd8deb26e94b7f1190a093bfe4
[08:39:45] LAUNCH plF_east_def_6554204 running=13 free_kb=4844460 sims_boxwide=12 attempt=1 src=925559e6d528 ext=158afe36be41 head=9a2e5c45ee931dcd8deb26e94b7f1190a093bfe4
[08:40:16] .. alive runid=20260928-081509-4894 event_age=31s | wave=q6 total=60 valid=14 running=13 pending=33 launched=27 failed=0 gaveup=0 forkfail=0 free_kb=4844460 sims_boxwide=12 last_event_age=0s last_event_epoch=1790577585
[08:40:23] DONE plF_south_half_1386492524 rc=0 375s plF south/half seed=1386492524 rescued=3 dead=1 unreachable=0 never_detected=0 ff_deaths=1 terminal=146 completions=3 recycles=3 removals=3 returns=3 wall=373s [valid 15/60] src=925559e6d528 ext=158afe36be41 head=9a2e5c45ee931dcd8deb26e94b7f1190a093bfe4
[08:40:24] LAUNCH plF_east_def_1325753362 running=13 free_kb=4827004 sims_boxwide=12 attempt=1 src=925559e6d528 ext=158afe36be41 head=9a2e5c45ee931dcd8deb26e94b7f1190a093bfe4
[08:40:45] DONE plF_south_half_2084799913 rc=0 318s plF south/half seed=2084799913 rescued=4 dead=0 unreachable=0 never_detected=0 ff_deaths=0 terminal=164 completions=4 recycles=4 removals=4 returns=4 wall=317s [valid 16/60] src=925559e6d528 ext=158afe36be41 head=9a2e5c45ee931dcd8deb26e94b7f1190a093bfe4
[08:40:46] LAUNCH plF_east_def_265702576 running=13 free_kb=4770236 sims_boxwide=12 attempt=1 src=925559e6d528 ext=158afe36be41 head=9a2e5c45ee931dcd8deb26e94b7f1190a093bfe4
[08:40:57] DONE plF_south_half_1335705976 rc=0 318s plF south/half seed=1335705976 rescued=4 dead=0 unreachable=0 never_detected=0 ff_deaths=0 terminal=154 completions=4 recycles=4 removals=4 returns=4 wall=313s [valid 17/60] src=925559e6d528 ext=158afe36be41 head=9a2e5c45ee931dcd8deb26e94b7f1190a093bfe4
[08:40:58] LAUNCH plF_east_def_1686457565 running=13 free_kb=4854684 sims_boxwide=12 attempt=1 src=925559e6d528 ext=158afe36be41 head=9a2e5c45ee931dcd8deb26e94b7f1190a093bfe4
[08:41:09] DONE plF_south_half_1415738618 rc=0 398s plF south/half seed=1415738618 rescued=4 dead=0 unreachable=0 never_detected=0 ff_deaths=0 terminal=119 completions=4 recycles=4 removals=4 returns=4 wall=386s [valid 18/60] src=925559e6d528 ext=158afe36be41 head=9a2e5c45ee931dcd8deb26e94b7f1190a093bfe4
[08:41:11] LAUNCH plS_east_half_1506055301 running=13 free_kb=4865556 sims_boxwide=12 attempt=1 src=925559e6d528 ext=158afe36be41 head=9a2e5c45ee931dcd8deb26e94b7f1190a093bfe4
[08:41:17] .. alive runid=20260928-081509-4894 event_age=6s | wave=q6 total=60 valid=18 running=13 pending=29 launched=31 failed=0 gaveup=0 forkfail=0 free_kb=4865556 sims_boxwide=12 last_event_age=0s last_event_epoch=1790577671
[08:42:16] DONE plF_south_half_2128361047 rc=0 327s plF south/half seed=2128361047 rescued=4 dead=0 unreachable=0 never_detected=0 ff_deaths=1 terminal=170 completions=4 recycles=4 removals=4 returns=4 wall=326s [valid 19/60] src=925559e6d528 ext=158afe36be41 head=9a2e5c45ee931dcd8deb26e94b7f1190a093bfe4
[08:42:17] .. alive runid=20260928-081509-4894 event_age=2s | wave=q6 total=60 valid=19 running=12 pending=29 launched=31 failed=0 gaveup=0 forkfail=0 free_kb=4781580 sims_boxwide=12 last_event_age=2s last_event_epoch=1790577735
[08:42:17] LAUNCH plS_east_half_1999015533 running=13 free_kb=4781580 sims_boxwide=12 attempt=1 src=925559e6d528 ext=158afe36be41 head=9a2e5c45ee931dcd8deb26e94b7f1190a093bfe4
[08:42:28] DONE plF_south_half_588279432 rc=0 364s plF south/half seed=588279432 rescued=4 dead=0 unreachable=0 never_detected=0 ff_deaths=0 terminal=135 completions=4 recycles=4 removals=4 returns=4 wall=356s [valid 20/60] src=925559e6d528 ext=158afe36be41 head=9a2e5c45ee931dcd8deb26e94b7f1190a093bfe4
[08:42:29] LAUNCH plS_east_half_2095654154 running=13 free_kb=4854800 sims_boxwide=12 attempt=1 src=925559e6d528 ext=158afe36be41 head=9a2e5c45ee931dcd8deb26e94b7f1190a093bfe4
[08:42:40] DONE plF_south_half_1218089274 rc=0 471s plF south/half seed=1218089274 rescued=4 dead=0 unreachable=0 never_detected=0 ff_deaths=1 terminal=227 completions=4 recycles=4 removals=4 returns=4 wall=466s [valid 21/60] src=925559e6d528 ext=158afe36be41 head=9a2e5c45ee931dcd8deb26e94b7f1190a093bfe4
[08:42:42] LAUNCH plS_east_half_824498143 running=13 free_kb=4889284 sims_boxwide=12 attempt=1 src=925559e6d528 ext=158afe36be41 head=9a2e5c45ee931dcd8deb26e94b7f1190a093bfe4
[08:43:11] DONE plF_south_half_1887778617 rc=0 395s plF south/half seed=1887778617 rescued=4 dead=0 unreachable=0 never_detected=0 ff_deaths=1 terminal=186 completions=4 recycles=4 removals=4 returns=4 wall=393s [valid 22/60] src=925559e6d528 ext=158afe36be41 head=9a2e5c45ee931dcd8deb26e94b7f1190a093bfe4
[08:43:13] LAUNCH plS_east_half_1468405687 running=13 free_kb=4817236 sims_boxwide=12 attempt=1 src=925559e6d528 ext=158afe36be41 head=9a2e5c45ee931dcd8deb26e94b7f1190a093bfe4
[08:43:17] .. alive runid=20260928-081509-4894 event_age=4s | wave=q6 total=60 valid=22 running=13 pending=25 launched=35 failed=0 gaveup=0 forkfail=0 free_kb=4817236 sims_boxwide=12 last_event_age=0s last_event_epoch=1790577793
[08:44:13] DONE plF_south_half_751617716 rc=0 370s plF south/half seed=751617716 rescued=3 dead=1 unreachable=0 never_detected=0 ff_deaths=0 terminal=195 completions=3 recycles=3 removals=3 returns=3 wall=368s [valid 23/60] src=925559e6d528 ext=158afe36be41 head=9a2e5c45ee931dcd8deb26e94b7f1190a093bfe4
[08:44:15] LAUNCH plS_east_half_731846821 running=13 free_kb=4831896 sims_boxwide=12 attempt=1 src=925559e6d528 ext=158afe36be41 head=9a2e5c45ee931dcd8deb26e94b7f1190a093bfe4
[08:44:17] .. alive runid=20260928-081509-4894 event_age=2s | wave=q6 total=60 valid=23 running=13 pending=24 launched=36 failed=0 gaveup=0 forkfail=0 free_kb=4831896 sims_boxwide=12 last_event_age=0s last_event_epoch=1790577855
[08:44:33] DONE plF_south_half_684332673 rc=0 453s plF south/half seed=684332673 rescued=4 dead=0 unreachable=0 never_detected=0 ff_deaths=1 terminal=187 completions=4 recycles=4 removals=4 returns=4 wall=451s [valid 24/60] src=925559e6d528 ext=158afe36be41 head=9a2e5c45ee931dcd8deb26e94b7f1190a093bfe4
[08:44:34] LAUNCH plS_east_half_1301429659 running=13 free_kb=4754956 sims_boxwide=12 attempt=1 src=925559e6d528 ext=158afe36be41 head=9a2e5c45ee931dcd8deb26e94b7f1190a093bfe4
[08:44:45] DONE plF_south_half_1320165480 rc=0 435s plF south/half seed=1320165480 rescued=3 dead=1 unreachable=0 never_detected=0 ff_deaths=0 terminal=162 completions=3 recycles=3 removals=3 returns=3 wall=425s [valid 25/60] src=925559e6d528 ext=158afe36be41 head=9a2e5c45ee931dcd8deb26e94b7f1190a093bfe4
[08:44:46] LAUNCH plS_east_half_53258209 running=13 free_kb=4735072 sims_boxwide=12 attempt=1 src=925559e6d528 ext=158afe36be41 head=9a2e5c45ee931dcd8deb26e94b7f1190a093bfe4
[08:45:04] DONE plF_east_def_6554204 rc=0 319s plF east/default seed=6554204 rescued=4 dead=0 unreachable=0 never_detected=0 ff_deaths=0 terminal=203 completions=4 recycles=4 removals=4 returns=4 wall=317s [valid 26/60] src=925559e6d528 ext=158afe36be41 head=9a2e5c45ee931dcd8deb26e94b7f1190a093bfe4
[08:45:06] LAUNCH plS_east_half_1341701987 running=13 free_kb=4777236 sims_boxwide=12 attempt=1 src=925559e6d528 ext=158afe36be41 head=9a2e5c45ee931dcd8deb26e94b7f1190a093bfe4
[08:45:16] DONE plF_south_half_422588777 rc=0 355s plF south/half seed=422588777 rescued=4 dead=0 unreachable=0 never_detected=0 ff_deaths=0 terminal=118 completions=4 recycles=4 removals=4 returns=4 wall=350s [valid 27/60] src=925559e6d528 ext=158afe36be41 head=9a2e5c45ee931dcd8deb26e94b7f1190a093bfe4
[08:45:17] .. alive runid=20260928-081509-4894 event_age=1s | wave=q6 total=60 valid=27 running=12 pending=21 launched=39 failed=0 gaveup=0 forkfail=0 free_kb=4777236 sims_boxwide=12 last_event_age=0s last_event_epoch=1790577916
[08:45:18] LAUNCH plS_east_half_264075293 running=13 free_kb=4843516 sims_boxwide=12 attempt=1 src=925559e6d528 ext=158afe36be41 head=9a2e5c45ee931dcd8deb26e94b7f1190a093bfe4
[08:46:17] .. alive runid=20260928-081509-4894 event_age=59s | wave=q6 total=60 valid=27 running=13 pending=20 launched=40 failed=0 gaveup=0 forkfail=0 free_kb=4843516 sims_boxwide=12 last_event_age=0s last_event_epoch=1790577918
[08:46:22] DONE plF_east_def_1686457565 rc=0 324s plF east/default seed=1686457565 rescued=4 dead=0 unreachable=0 never_detected=0 ff_deaths=0 terminal=220 completions=4 recycles=4 removals=4 returns=4 wall=322s [valid 28/60] src=925559e6d528 ext=158afe36be41 head=9a2e5c45ee931dcd8deb26e94b7f1190a093bfe4
[08:46:24] LAUNCH plS_east_half_2091896221 running=13 free_kb=4927384 sims_boxwide=12 attempt=1 src=925559e6d528 ext=158afe36be41 head=9a2e5c45ee931dcd8deb26e94b7f1190a093bfe4
[08:46:38] DONE plF_east_def_1325753362 rc=0 374s plF east/default seed=1325753362 rescued=4 dead=0 unreachable=0 never_detected=0 ff_deaths=1 terminal=130 completions=4 recycles=4 removals=4 returns=4 wall=372s [valid 29/60] src=925559e6d528 ext=158afe36be41 head=9a2e5c45ee931dcd8deb26e94b7f1190a093bfe4
[08:46:39] LAUNCH plS_east_half_21892117 running=13 free_kb=4947804 sims_boxwide=12 attempt=1 src=925559e6d528 ext=158afe36be41 head=9a2e5c45ee931dcd8deb26e94b7f1190a093bfe4
[08:46:50] DONE plF_east_def_265702576 rc=0 364s plF east/default seed=265702576 rescued=3 dead=1 unreachable=0 never_detected=0 ff_deaths=1 terminal=87 completions=3 recycles=3 removals=3 returns=3 wall=354s [valid 30/60] src=925559e6d528 ext=158afe36be41 head=9a2e5c45ee931dcd8deb26e94b7f1190a093bfe4
[08:46:51] LAUNCH plS_east_half_1717500098 running=13 free_kb=4973884 sims_boxwide=12 attempt=1 src=925559e6d528 ext=158afe36be41 head=9a2e5c45ee931dcd8deb26e94b7f1190a093bfe4
[08:47:17] .. alive runid=20260928-081509-4894 event_age=26s | wave=q6 total=60 valid=30 running=13 pending=17 launched=43 failed=0 gaveup=0 forkfail=0 free_kb=4973884 sims_boxwide=12 last_event_age=0s last_event_epoch=1790578011
[08:48:17] .. alive runid=20260928-081509-4894 event_age=86s | wave=q6 total=60 valid=30 running=13 pending=17 launched=43 failed=0 gaveup=0 forkfail=0 free_kb=4973884 sims_boxwide=12 last_event_age=0s last_event_epoch=1790578011
[08:49:17] .. alive runid=20260928-081509-4894 event_age=146s | wave=q6 total=60 valid=30 running=13 pending=17 launched=43 failed=0 gaveup=0 forkfail=0 free_kb=4973884 sims_boxwide=12 last_event_age=0s last_event_epoch=1790578011
[08:50:17] .. alive runid=20260928-081509-4894 event_age=206s | wave=q6 total=60 valid=30 running=13 pending=17 launched=43 failed=0 gaveup=0 forkfail=0 free_kb=4973884 sims_boxwide=12 last_event_age=0s last_event_epoch=1790578011
[08:51:17] .. alive runid=20260928-081509-4894 event_age=266s | wave=q6 total=60 valid=30 running=13 pending=17 launched=43 failed=0 gaveup=0 forkfail=0 free_kb=4973884 sims_boxwide=12 last_event_age=0s last_event_epoch=1790578011
[08:52:18] .. alive runid=20260928-081509-4894 event_age=327s | wave=q6 total=60 valid=30 running=13 pending=17 launched=43 failed=0 gaveup=0 forkfail=0 free_kb=4973884 sims_boxwide=12 last_event_age=0s last_event_epoch=1790578011
[08:52:18] DONE plS_east_half_1506055301 rc=0 667s plS east/half seed=1506055301 rescued=3 dead=0 unreachable=1 never_detected=1 ff_deaths=0 terminal=210 completions=3 recycles=3 removals=3 returns=3 wall=666s [valid 31/60] src=925559e6d528 ext=158afe36be41 head=9a2e5c45ee931dcd8deb26e94b7f1190a093bfe4
[08:52:20] LAUNCH plS_south_half_1386492524 running=13 free_kb=4870984 sims_boxwide=12 attempt=1 src=925559e6d528 ext=158afe36be41 head=9a2e5c45ee931dcd8deb26e94b7f1190a093bfe4
[08:53:15] DONE plS_east_half_2095654154 rc=0 645s plS east/half seed=2095654154 rescued=2 dead=1 unreachable=1 never_detected=1 ff_deaths=0 terminal=210 completions=2 recycles=2 removals=2 returns=2 wall=643s [valid 32/60] src=925559e6d528 ext=158afe36be41 head=9a2e5c45ee931dcd8deb26e94b7f1190a093bfe4
[08:53:16] LAUNCH plS_south_half_481765503 running=13 free_kb=4863896 sims_boxwide=12 attempt=1 src=925559e6d528 ext=158afe36be41 head=9a2e5c45ee931dcd8deb26e94b7f1190a093bfe4
[08:53:18] .. alive runid=20260928-081509-4894 event_age=2s | wave=q6 total=60 valid=32 running=13 pending=15 launched=45 failed=0 gaveup=0 forkfail=0 free_kb=4863896 sims_boxwide=12 last_event_age=0s last_event_epoch=1790578396
[08:53:27] DONE plS_east_half_1999015533 rc=0 669s plS east/half seed=1999015533 rescued=3 dead=1 unreachable=0 never_detected=0 ff_deaths=0 terminal=195 completions=3 recycles=3 removals=3 returns=3 wall=665s [valid 33/60] src=925559e6d528 ext=158afe36be41 head=9a2e5c45ee931dcd8deb26e94b7f1190a093bfe4
[08:53:28] DONE plS_east_half_824498143 rc=0 646s plS east/half seed=824498143 rescued=3 dead=1 unreachable=0 never_detected=0 ff_deaths=0 terminal=193 completions=3 recycles=3 removals=3 returns=3 wall=642s [valid 34/60] src=925559e6d528 ext=158afe36be41 head=9a2e5c45ee931dcd8deb26e94b7f1190a093bfe4
[08:53:29] LAUNCH plS_south_half_1415738618 running=12 free_kb=5793980 sims_boxwide=11 attempt=1 src=925559e6d528 ext=158afe36be41 head=9a2e5c45ee931dcd8deb26e94b7f1190a093bfe4
[08:53:40] LAUNCH plS_south_half_1218089274 running=13 free_kb=4893996 sims_boxwide=12 attempt=1 src=925559e6d528 ext=158afe36be41 head=9a2e5c45ee931dcd8deb26e94b7f1190a093bfe4
[08:53:51] DONE plS_east_half_1301429659 rc=0 556s plS east/half seed=1301429659 rescued=3 dead=1 unreachable=0 never_detected=0 ff_deaths=0 terminal=165 completions=3 recycles=3 removals=3 returns=3 wall=554s [valid 35/60] src=925559e6d528 ext=158afe36be41 head=9a2e5c45ee931dcd8deb26e94b7f1190a093bfe4
[08:53:52] LAUNCH plS_south_half_2084799913 running=13 free_kb=4933876 sims_boxwide=12 attempt=1 src=925559e6d528 ext=158afe36be41 head=9a2e5c45ee931dcd8deb26e94b7f1190a093bfe4
[08:54:07] DONE plS_east_half_731846821 rc=0 591s plS east/half seed=731846821 rescued=2 dead=2 unreachable=0 never_detected=0 ff_deaths=0 terminal=177 completions=2 recycles=2 removals=2 returns=2 wall=590s [valid 36/60] src=925559e6d528 ext=158afe36be41 head=9a2e5c45ee931dcd8deb26e94b7f1190a093bfe4
[08:54:08] LAUNCH plS_south_half_1335705976 running=13 free_kb=4931524 sims_boxwide=12 attempt=1 src=925559e6d528 ext=158afe36be41 head=9a2e5c45ee931dcd8deb26e94b7f1190a093bfe4
[08:54:18] .. alive runid=20260928-081509-4894 event_age=10s | wave=q6 total=60 valid=36 running=13 pending=11 launched=49 failed=0 gaveup=0 forkfail=0 free_kb=4931524 sims_boxwide=12 last_event_age=0s last_event_epoch=1790578448
[08:54:40] DONE plS_east_half_1468405687 rc=0 686s plS east/half seed=1468405687 rescued=2 dead=1 unreachable=1 never_detected=1 ff_deaths=0 terminal=210 completions=2 recycles=2 removals=2 returns=2 wall=685s [valid 37/60] src=925559e6d528 ext=158afe36be41 head=9a2e5c45ee931dcd8deb26e94b7f1190a093bfe4
[08:54:40] DONE plS_east_half_53258209 rc=0 594s plS east/half seed=53258209 rescued=1 dead=3 unreachable=0 never_detected=0 ff_deaths=1 terminal=162 completions=1 recycles=1 removals=1 returns=1 wall=591s [valid 38/60] src=925559e6d528 ext=158afe36be41 head=9a2e5c45ee931dcd8deb26e94b7f1190a093bfe4
[08:54:42] LAUNCH plS_south_half_588279432 running=12 free_kb=5762796 sims_boxwide=11 attempt=1 src=925559e6d528 ext=158afe36be41 head=9a2e5c45ee931dcd8deb26e94b7f1190a093bfe4
[08:54:53] LAUNCH plS_south_half_1887778617 running=13 free_kb=4912604 sims_boxwide=12 attempt=1 src=925559e6d528 ext=158afe36be41 head=9a2e5c45ee931dcd8deb26e94b7f1190a093bfe4
[08:55:04] DONE plS_east_half_264075293 rc=0 585s plS east/half seed=264075293 rescued=2 dead=1 unreachable=1 never_detected=0 ff_deaths=2 terminal=182 completions=2 recycles=2 removals=2 returns=2 wall=577s [valid 39/60] src=925559e6d528 ext=158afe36be41 head=9a2e5c45ee931dcd8deb26e94b7f1190a093bfe4
[08:55:05] LAUNCH plS_south_half_2128361047 running=13 free_kb=4916960 sims_boxwide=12 attempt=1 src=925559e6d528 ext=158afe36be41 head=9a2e5c45ee931dcd8deb26e94b7f1190a093bfe4
[08:55:16] DONE plS_east_half_1341701987 rc=0 609s plS east/half seed=1341701987 rescued=4 dead=0 unreachable=0 never_detected=0 ff_deaths=0 terminal=186 completions=4 recycles=4 removals=4 returns=4 wall=598s [valid 40/60] src=925559e6d528 ext=158afe36be41 head=9a2e5c45ee931dcd8deb26e94b7f1190a093bfe4
[08:55:17] LAUNCH plS_south_half_684332673 running=13 free_kb=4914208 sims_boxwide=12 attempt=1 src=925559e6d528 ext=158afe36be41 head=9a2e5c45ee931dcd8deb26e94b7f1190a093bfe4
[08:55:18] .. alive runid=20260928-081509-4894 event_age=1s | wave=q6 total=60 valid=40 running=13 pending=7 launched=53 failed=0 gaveup=0 forkfail=0 free_kb=4914208 sims_boxwide=12 last_event_age=0s last_event_epoch=1790578517
[08:56:18] .. alive runid=20260928-081509-4894 event_age=61s | wave=q6 total=60 valid=40 running=13 pending=7 launched=53 failed=0 gaveup=0 forkfail=0 free_kb=4914208 sims_boxwide=12 last_event_age=0s last_event_epoch=1790578517
[08:56:35] DONE plS_east_half_2091896221 rc=0 611s plS east/half seed=2091896221 rescued=3 dead=1 unreachable=0 never_detected=0 ff_deaths=0 terminal=197 completions=3 recycles=3 removals=3 returns=3 wall=610s [valid 41/60] src=925559e6d528 ext=158afe36be41 head=9a2e5c45ee931dcd8deb26e94b7f1190a093bfe4
[08:56:37] LAUNCH plS_south_half_1320165480 running=13 free_kb=4916732 sims_boxwide=12 attempt=1 src=925559e6d528 ext=158afe36be41 head=9a2e5c45ee931dcd8deb26e94b7f1190a093bfe4
[08:57:18] .. alive runid=20260928-081509-4894 event_age=41s | wave=q6 total=60 valid=41 running=13 pending=6 launched=54 failed=0 gaveup=0 forkfail=0 free_kb=4916732 sims_boxwide=12 last_event_age=0s last_event_epoch=1790578597
[08:58:04] DONE plS_south_half_1386492524 rc=0 343s plS south/half seed=1386492524 rescued=4 dead=0 unreachable=0 never_detected=0 ff_deaths=0 terminal=183 completions=4 recycles=4 removals=4 returns=4 wall=342s [valid 42/60] src=925559e6d528 ext=158afe36be41 head=9a2e5c45ee931dcd8deb26e94b7f1190a093bfe4
[08:58:06] LAUNCH plS_south_half_751617716 running=13 free_kb=4588732 sims_boxwide=12 attempt=1 src=925559e6d528 ext=158afe36be41 head=9a2e5c45ee931dcd8deb26e94b7f1190a093bfe4
[08:58:16] DONE plS_south_half_481765503 rc=0 300s plS south/half seed=481765503 rescued=4 dead=0 unreachable=0 never_detected=0 ff_deaths=0 terminal=165 completions=4 recycles=4 removals=4 returns=4 wall=290s [valid 43/60] src=925559e6d528 ext=158afe36be41 head=9a2e5c45ee931dcd8deb26e94b7f1190a093bfe4
[08:58:18] LAUNCH plS_south_half_422588777 running=13 free_kb=4646880 sims_boxwide=12 attempt=1 src=925559e6d528 ext=158afe36be41 head=9a2e5c45ee931dcd8deb26e94b7f1190a093bfe4
[08:58:18] .. alive runid=20260928-081509-4894 event_age=0s | wave=q6 total=60 valid=43 running=13 pending=4 launched=56 failed=0 gaveup=0 forkfail=0 free_kb=4646880 sims_boxwide=12 last_event_age=0s last_event_epoch=1790578698
[08:58:39] DONE plS_east_half_1717500098 rc=0 708s plS east/half seed=1717500098 rescued=3 dead=0 unreachable=1 never_detected=1 ff_deaths=0 terminal=210 completions=3 recycles=3 removals=3 returns=3 wall=706s [valid 44/60] src=925559e6d528 ext=158afe36be41 head=9a2e5c45ee931dcd8deb26e94b7f1190a093bfe4
[08:58:41] LAUNCH plS_east_def_6554204 running=13 free_kb=4534420 sims_boxwide=12 attempt=1 src=925559e6d528 ext=158afe36be41 head=9a2e5c45ee931dcd8deb26e94b7f1190a093bfe4
[08:58:51] DONE plS_east_half_21892117 rc=0 732s plS east/half seed=21892117 rescued=4 dead=0 unreachable=0 never_detected=0 ff_deaths=0 terminal=220 completions=4 recycles=4 removals=4 returns=4 wall=725s [valid 45/60] src=925559e6d528 ext=158afe36be41 head=9a2e5c45ee931dcd8deb26e94b7f1190a093bfe4
[08:58:53] LAUNCH plS_east_def_1325753362 running=13 free_kb=4642744 sims_boxwide=12 attempt=1 src=925559e6d528 ext=158afe36be41 head=9a2e5c45ee931dcd8deb26e94b7f1190a093bfe4
[08:59:18] .. alive runid=20260928-081509-4894 event_age=25s | wave=q6 total=60 valid=45 running=13 pending=2 launched=58 failed=0 gaveup=0 forkfail=0 free_kb=4642744 sims_boxwide=12 last_event_age=0s last_event_epoch=1790578733
[08:59:23] DONE plS_south_half_1415738618 rc=0 354s plS south/half seed=1415738618 rescued=4 dead=0 unreachable=0 never_detected=0 ff_deaths=0 terminal=130 completions=4 recycles=4 removals=4 returns=4 wall=352s [valid 46/60] src=925559e6d528 ext=158afe36be41 head=9a2e5c45ee931dcd8deb26e94b7f1190a093bfe4
[08:59:24] LAUNCH plS_east_def_265702576 running=13 free_kb=4628232 sims_boxwide=12 attempt=1 src=925559e6d528 ext=158afe36be41 head=9a2e5c45ee931dcd8deb26e94b7f1190a093bfe4
[09:00:18] .. alive runid=20260928-081509-4894 event_age=54s | wave=q6 total=60 valid=46 running=13 pending=1 launched=59 failed=0 gaveup=0 forkfail=0 free_kb=4628232 sims_boxwide=12 last_event_age=0s last_event_epoch=1790578764
[09:00:19] DONE plS_south_half_1218089274 rc=0 398s plS south/half seed=1218089274 rescued=4 dead=0 unreachable=0 never_detected=0 ff_deaths=0 terminal=315 completions=4 recycles=4 removals=4 returns=4 wall=397s [valid 47/60] src=925559e6d528 ext=158afe36be41 head=9a2e5c45ee931dcd8deb26e94b7f1190a093bfe4
[09:00:21] LAUNCH plS_east_def_1686457565 running=13 free_kb=3877336 sims_boxwide=12 attempt=1 src=925559e6d528 ext=158afe36be41 head=9a2e5c45ee931dcd8deb26e94b7f1190a093bfe4
[09:00:32] DONE plS_south_half_588279432 rc=0 349s plS south/half seed=588279432 rescued=4 dead=0 unreachable=0 never_detected=0 ff_deaths=0 terminal=194 completions=4 recycles=4 removals=4 returns=4 wall=343s [valid 48/60] src=925559e6d528 ext=158afe36be41 head=9a2e5c45ee931dcd8deb26e94b7f1190a093bfe4
[09:00:39] DONE plS_south_half_2128361047 rc=0 334s plS south/half seed=2128361047 rescued=4 dead=0 unreachable=0 never_detected=0 ff_deaths=0 terminal=179 completions=4 recycles=4 removals=4 returns=4 wall=332s [valid 49/60] src=925559e6d528 ext=158afe36be41 head=9a2e5c45ee931dcd8deb26e94b7f1190a093bfe4
[09:01:18] .. alive runid=20260928-081509-4894 event_age=39s | wave=q6 total=60 valid=49 running=11 pending=0 launched=60 failed=0 gaveup=0 forkfail=0 free_kb=3877336 sims_boxwide=12 last_event_age=0s last_event_epoch=1790578839
[09:02:18] .. alive runid=20260928-081509-4894 event_age=99s | wave=q6 total=60 valid=49 running=11 pending=0 launched=60 failed=0 gaveup=0 forkfail=0 free_kb=3877336 sims_boxwide=12 last_event_age=0s last_event_epoch=1790578839
[09:02:21] DONE plS_south_half_1887778617 rc=0 448s plS south/half seed=1887778617 rescued=4 dead=0 unreachable=0 never_detected=0 ff_deaths=0 terminal=149 completions=4 recycles=4 removals=4 returns=4 wall=446s [valid 50/60] src=925559e6d528 ext=158afe36be41 head=9a2e5c45ee931dcd8deb26e94b7f1190a093bfe4
[09:03:13] DONE plS_south_half_1335705976 rc=0 544s plS south/half seed=1335705976 rescued=3 dead=0 unreachable=1 never_detected=0 ff_deaths=1 terminal=304 completions=4 recycles=4 removals=3 returns=3 wall=542s [valid 51/60] src=925559e6d528 ext=158afe36be41 head=9a2e5c45ee931dcd8deb26e94b7f1190a093bfe4
[09:03:19] .. alive runid=20260928-081509-4894 event_age=6s | wave=q6 total=60 valid=51 running=9 pending=0 launched=60 failed=0 gaveup=0 forkfail=0 free_kb=3877336 sims_boxwide=12 last_event_age=1s last_event_epoch=1790578992
[09:03:19] DONE plS_south_half_2084799913 rc=0 566s plS south/half seed=2084799913 rescued=3 dead=1 unreachable=0 never_detected=0 ff_deaths=1 terminal=150 completions=3 recycles=3 removals=3 returns=3 wall=565s [valid 52/60] src=925559e6d528 ext=158afe36be41 head=9a2e5c45ee931dcd8deb26e94b7f1190a093bfe4
[09:03:24] DONE plS_south_half_1320165480 rc=0 407s plS south/half seed=1320165480 rescued=4 dead=0 unreachable=0 never_detected=0 ff_deaths=0 terminal=127 completions=4 recycles=4 removals=4 returns=4 wall=406s [valid 53/60] src=925559e6d528 ext=158afe36be41 head=9a2e5c45ee931dcd8deb26e94b7f1190a093bfe4
[09:04:19] .. alive runid=20260928-081509-4894 event_age=55s | wave=q6 total=60 valid=53 running=7 pending=0 launched=60 failed=0 gaveup=0 forkfail=0 free_kb=3877336 sims_boxwide=12 last_event_age=0s last_event_epoch=1790579004
[09:04:19] DONE plS_south_half_422588777 rc=0 360s plS south/half seed=422588777 rescued=4 dead=0 unreachable=0 never_detected=0 ff_deaths=0 terminal=217 completions=4 recycles=4 removals=4 returns=4 wall=359s [valid 54/60] src=925559e6d528 ext=158afe36be41 head=9a2e5c45ee931dcd8deb26e94b7f1190a093bfe4
[09:04:33] DONE plS_east_def_6554204 rc=0 351s plS east/default seed=6554204 rescued=3 dead=0 unreachable=1 never_detected=1 ff_deaths=0 terminal=210 completions=3 recycles=3 removals=3 returns=3 wall=350s [valid 55/60] src=925559e6d528 ext=158afe36be41 head=9a2e5c45ee931dcd8deb26e94b7f1190a093bfe4
[09:04:42] DONE plS_south_half_684332673 rc=0 564s plS south/half seed=684332673 rescued=3 dead=1 unreachable=0 never_detected=0 ff_deaths=0 terminal=168 completions=3 recycles=3 removals=3 returns=3 wall=562s [valid 56/60] src=925559e6d528 ext=158afe36be41 head=9a2e5c45ee931dcd8deb26e94b7f1190a093bfe4
[09:04:49] DONE plS_east_def_1325753362 rc=0 355s plS east/default seed=1325753362 rescued=3 dead=0 unreachable=1 never_detected=1 ff_deaths=0 terminal=210 completions=3 recycles=3 removals=3 returns=3 wall=354s [valid 57/60] src=925559e6d528 ext=158afe36be41 head=9a2e5c45ee931dcd8deb26e94b7f1190a093bfe4
[09:05:15] DONE plS_east_def_1686457565 rc=0 294s plS east/default seed=1686457565 rescued=4 dead=0 unreachable=0 never_detected=0 ff_deaths=0 terminal=150 completions=4 recycles=4 removals=4 returns=4 wall=292s [valid 58/60] src=925559e6d528 ext=158afe36be41 head=9a2e5c45ee931dcd8deb26e94b7f1190a093bfe4
[09:05:16] DONE plS_east_def_265702576 rc=0 352s plS east/default seed=265702576 rescued=4 dead=0 unreachable=0 never_detected=0 ff_deaths=0 terminal=102 completions=4 recycles=4 removals=4 returns=4 wall=350s [valid 59/60] src=925559e6d528 ext=158afe36be41 head=9a2e5c45ee931dcd8deb26e94b7f1190a093bfe4
[09:05:19] .. alive runid=20260928-081509-4894 event_age=3s | wave=q6 total=60 valid=59 running=1 pending=0 launched=60 failed=0 gaveup=0 forkfail=0 free_kb=3877336 sims_boxwide=12 last_event_age=0s last_event_epoch=1790579116
[09:05:36] DONE plS_south_half_751617716 rc=0 449s plS south/half seed=751617716 rescued=4 dead=0 unreachable=0 never_detected=0 ff_deaths=1 terminal=172 completions=4 recycles=4 removals=4 returns=4 wall=448s [valid 60/60] src=925559e6d528 ext=158afe36be41 head=9a2e5c45ee931dcd8deb26e94b7f1190a093bfe4
[09:05:36] MAIN LOOP LEFT pending=0 running=0
[09:05:38] FINAL SUMMARY total=60 valid=60 invalid=0 missing=0
[09:05:38] FINAL wave=q6 SUMMARY total=60 valid=60 invalid=0 missing=0 live_this_wave=0 sims_boxwide=0
[09:05:38] ALL_PL_COMPLETE wave=q6 runid=20260928-081509-4894 valid=60/60 launched=60 failed=0 forkfail=0 src=925559e6d528 ext=158afe36be41 head=9a2e5c45ee931dcd8deb26e94b7f1190a093bfe4
[09:06:19] HEARTBEAT EXIT wave=q6 runid=20260928-081509-4894 (sentinel)
