[02:04:52] POOL START wave=q3 runid=20260928-020451-89 restart=0 pid=89 winpid=62100 head=9a2e5c45ee931dcd8deb26e94b7f1190a093bfe4 src=925559e6d528 ext=158afe36be41 dirty_tracked=0 queue=outputs/_pl_q3_queue.txt maxpar=13 minfree_kb=3500000
[02:04:53] ENV 3.10.11 mesa 1.2.1  prereg_sha256=d659ea1d554308bb queue_sha256=717e96ffee0e2b80
[02:04:54] SHIPPED GLOBAL_PLANNER_MODE=0 BASE_STATION_MODE=3 FF_EXIT_LEG_MODE=2 FF_EXIT_LEG_HOLD=0 FF_EXIT_LEG_SERVED=1 FF_FIREFIGHT_EXTINGUISH=1 FF_FIREFIGHT_FIREBREAK=1 ROUTE_BLOCK_STALE_CLEAR=1 global_planner_mode()=0 ff_exit_leg_mode()=2 ff_exit_leg_served()=1
[02:04:55] SHIPPED-CONTROL head=dfbfbe7
GLOBAL_PLANNER_MODE=ABSENT BASE_STATION_MODE=3 FF_EXIT_LEG_MODE=2 FF_EXIT_LEG_HOLD=0 FF_EXIT_LEG_SERVED=1 FF_FIREFIGHT_EXTINGUISH=1 FF_FIREFIGHT_FIREBREAK=1 ROUTE_BLOCK_STALE_CLEAR=1 global_planner_mode()=ABSENT ff_exit_leg_mode()=2 ff_exit_leg_served()=1
[02:04:56] VALIDATE total=60 valid=0 invalid=0 missing=60
[02:04:56] START STATE wave=q3 total=60 valid=0 pending=60 live_orphans_this_wave=0 sims_boxwide=0 free_kb=15637924
[02:04:56] HEARTBEAT pid=178 every 60s -> outputs/_pl_q3_wave.log ; state file outputs/_pl_q3_state.txt ; sentinel outputs/_pl_q3_hb_20260928-020451-89.stop
[02:04:57] LAUNCH plC_east_half_1506055301 running=1 free_kb=15565972 sims_boxwide=0 attempt=1 src=925559e6d528 ext=158afe36be41 head=9a2e5c45ee931dcd8deb26e94b7f1190a093bfe4
[02:05:08] LAUNCH plC_east_half_1999015533 running=2 free_kb=14761296 sims_boxwide=1 attempt=1 src=925559e6d528 ext=158afe36be41 head=9a2e5c45ee931dcd8deb26e94b7f1190a093bfe4
[02:05:19] LAUNCH plC_east_half_2095654154 running=3 free_kb=13896576 sims_boxwide=2 attempt=1 src=925559e6d528 ext=158afe36be41 head=9a2e5c45ee931dcd8deb26e94b7f1190a093bfe4
[02:05:30] LAUNCH plC_east_half_824498143 running=4 free_kb=13058452 sims_boxwide=3 attempt=1 src=925559e6d528 ext=158afe36be41 head=9a2e5c45ee931dcd8deb26e94b7f1190a093bfe4
[02:05:41] LAUNCH plC_east_half_1468405687 running=5 free_kb=12221464 sims_boxwide=4 attempt=1 src=925559e6d528 ext=158afe36be41 head=9a2e5c45ee931dcd8deb26e94b7f1190a093bfe4
[02:05:53] LAUNCH plC_east_half_731846821 running=6 free_kb=11336272 sims_boxwide=5 attempt=1 src=925559e6d528 ext=158afe36be41 head=9a2e5c45ee931dcd8deb26e94b7f1190a093bfe4
[02:05:56] .. alive runid=20260928-020451-89 event_age=3s | wave=q3 total=60 valid=0 running=6 pending=54 launched=6 failed=0 gaveup=0 forkfail=0 free_kb=11336272 sims_boxwide=5 last_event_age=0s last_event_epoch=1790553953
[02:06:04] LAUNCH plC_east_half_1301429659 running=7 free_kb=10531096 sims_boxwide=6 attempt=1 src=925559e6d528 ext=158afe36be41 head=9a2e5c45ee931dcd8deb26e94b7f1190a093bfe4
[02:06:15] LAUNCH plC_east_half_53258209 running=8 free_kb=9645340 sims_boxwide=7 attempt=1 src=925559e6d528 ext=158afe36be41 head=9a2e5c45ee931dcd8deb26e94b7f1190a093bfe4
[02:06:26] LAUNCH plC_east_half_1341701987 running=9 free_kb=8782496 sims_boxwide=8 attempt=1 src=925559e6d528 ext=158afe36be41 head=9a2e5c45ee931dcd8deb26e94b7f1190a093bfe4
[02:06:38] LAUNCH plC_east_half_264075293 running=10 free_kb=7889548 sims_boxwide=9 attempt=1 src=925559e6d528 ext=158afe36be41 head=9a2e5c45ee931dcd8deb26e94b7f1190a093bfe4
[02:06:49] LAUNCH plC_east_half_2091896221 running=11 free_kb=7030020 sims_boxwide=10 attempt=1 src=925559e6d528 ext=158afe36be41 head=9a2e5c45ee931dcd8deb26e94b7f1190a093bfe4
[02:06:56] .. alive runid=20260928-020451-89 event_age=7s | wave=q3 total=60 valid=0 running=11 pending=49 launched=11 failed=0 gaveup=0 forkfail=0 free_kb=7030020 sims_boxwide=10 last_event_age=0s last_event_epoch=1790554009
[02:07:00] LAUNCH plC_east_half_21892117 running=12 free_kb=6148668 sims_boxwide=11 attempt=1 src=925559e6d528 ext=158afe36be41 head=9a2e5c45ee931dcd8deb26e94b7f1190a093bfe4
[02:07:12] LAUNCH plC_east_half_1717500098 running=13 free_kb=5265484 sims_boxwide=12 attempt=1 src=925559e6d528 ext=158afe36be41 head=9a2e5c45ee931dcd8deb26e94b7f1190a093bfe4
[02:07:56] .. alive runid=20260928-020451-89 event_age=44s | wave=q3 total=60 valid=0 running=13 pending=47 launched=13 failed=0 gaveup=0 forkfail=0 free_kb=5265484 sims_boxwide=12 last_event_age=0s last_event_epoch=1790554032
[02:08:56] .. alive runid=20260928-020451-89 event_age=104s | wave=q3 total=60 valid=0 running=13 pending=47 launched=13 failed=0 gaveup=0 forkfail=0 free_kb=5265484 sims_boxwide=12 last_event_age=0s last_event_epoch=1790554032
[02:09:56] .. alive runid=20260928-020451-89 event_age=164s | wave=q3 total=60 valid=0 running=13 pending=47 launched=13 failed=0 gaveup=0 forkfail=0 free_kb=5265484 sims_boxwide=12 last_event_age=0s last_event_epoch=1790554032
[02:10:56] .. alive runid=20260928-020451-89 event_age=224s | wave=q3 total=60 valid=0 running=13 pending=47 launched=13 failed=0 gaveup=0 forkfail=0 free_kb=5265484 sims_boxwide=12 last_event_age=0s last_event_epoch=1790554032
[02:11:56] .. alive runid=20260928-020451-89 event_age=284s | wave=q3 total=60 valid=0 running=13 pending=47 launched=13 failed=0 gaveup=0 forkfail=0 free_kb=5265484 sims_boxwide=12 last_event_age=0s last_event_epoch=1790554032
[02:12:56] .. alive runid=20260928-020451-89 event_age=344s | wave=q3 total=60 valid=0 running=13 pending=47 launched=13 failed=0 gaveup=0 forkfail=0 free_kb=5265484 sims_boxwide=12 last_event_age=0s last_event_epoch=1790554032
[02:13:56] .. alive runid=20260928-020451-89 event_age=404s | wave=q3 total=60 valid=0 running=13 pending=47 launched=13 failed=0 gaveup=0 forkfail=0 free_kb=5265484 sims_boxwide=12 last_event_age=0s last_event_epoch=1790554032
[02:14:56] .. alive runid=20260928-020451-89 event_age=464s | wave=q3 total=60 valid=0 running=13 pending=47 launched=13 failed=0 gaveup=0 forkfail=0 free_kb=5265484 sims_boxwide=12 last_event_age=0s last_event_epoch=1790554032
[02:15:57] .. alive runid=20260928-020451-89 event_age=525s | wave=q3 total=60 valid=0 running=13 pending=47 launched=13 failed=0 gaveup=0 forkfail=0 free_kb=5265484 sims_boxwide=12 last_event_age=0s last_event_epoch=1790554032
[02:16:57] .. alive runid=20260928-020451-89 event_age=585s | wave=q3 total=60 valid=0 running=13 pending=47 launched=13 failed=0 gaveup=0 forkfail=0 free_kb=5265484 sims_boxwide=12 last_event_age=0s last_event_epoch=1790554032
[02:17:57] .. alive runid=20260928-020451-89 event_age=645s | wave=q3 total=60 valid=0 running=13 pending=47 launched=13 failed=0 gaveup=0 forkfail=0 free_kb=5265484 sims_boxwide=12 last_event_age=0s last_event_epoch=1790554032
[02:18:15] DONE plC_east_half_1506055301 rc=0 797s plC east/half seed=1506055301 rescued=3 dead=1 unreachable=0 never_detected=0 ff_deaths=0 terminal=96 completions=3 recycles=3 removals=3 returns=3 wall=796s [valid 1/60] src=925559e6d528 ext=158afe36be41 head=9a2e5c45ee931dcd8deb26e94b7f1190a093bfe4
[02:18:17] LAUNCH plC_south_half_1386492524 running=13 free_kb=5071480 sims_boxwide=12 attempt=1 src=925559e6d528 ext=158afe36be41 head=9a2e5c45ee931dcd8deb26e94b7f1190a093bfe4
[02:18:57] .. alive runid=20260928-020451-89 event_age=40s | wave=q3 total=60 valid=1 running=13 pending=46 launched=14 failed=0 gaveup=0 forkfail=0 free_kb=5071480 sims_boxwide=12 last_event_age=0s last_event_epoch=1790554697
[02:19:12] DONE plC_east_half_1468405687 rc=0 810s plC east/half seed=1468405687 rescued=3 dead=1 unreachable=0 never_detected=0 ff_deaths=0 terminal=108 completions=3 recycles=3 removals=3 returns=3 wall=808s [valid 2/60] src=925559e6d528 ext=158afe36be41 head=9a2e5c45ee931dcd8deb26e94b7f1190a093bfe4
[02:19:13] LAUNCH plC_south_half_481765503 running=13 free_kb=5024832 sims_boxwide=12 attempt=1 src=925559e6d528 ext=158afe36be41 head=9a2e5c45ee931dcd8deb26e94b7f1190a093bfe4
[02:19:24] DONE plC_east_half_1301429659 rc=0 799s plC east/half seed=1301429659 rescued=3 dead=1 unreachable=0 never_detected=0 ff_deaths=0 terminal=91 completions=3 recycles=3 removals=3 returns=3 wall=796s [valid 3/60] src=925559e6d528 ext=158afe36be41 head=9a2e5c45ee931dcd8deb26e94b7f1190a093bfe4
[02:19:26] LAUNCH plC_south_half_1415738618 running=13 free_kb=5007508 sims_boxwide=12 attempt=1 src=925559e6d528 ext=158afe36be41 head=9a2e5c45ee931dcd8deb26e94b7f1190a093bfe4
[02:19:57] .. alive runid=20260928-020451-89 event_age=31s | wave=q3 total=60 valid=3 running=13 pending=44 launched=16 failed=0 gaveup=0 forkfail=0 free_kb=5007508 sims_boxwide=12 last_event_age=0s last_event_epoch=1790554766
[02:20:23] DONE plC_east_half_264075293 rc=0 824s plC east/half seed=264075293 rescued=3 dead=1 unreachable=0 never_detected=0 ff_deaths=0 terminal=107 completions=3 recycles=3 removals=3 returns=3 wall=823s [valid 4/60] src=925559e6d528 ext=158afe36be41 head=9a2e5c45ee931dcd8deb26e94b7f1190a093bfe4
[02:20:24] LAUNCH plC_south_half_1218089274 running=13 free_kb=5032940 sims_boxwide=12 attempt=1 src=925559e6d528 ext=158afe36be41 head=9a2e5c45ee931dcd8deb26e94b7f1190a093bfe4
[02:20:44] DONE plC_east_half_1341701987 rc=0 857s plC east/half seed=1341701987 rescued=4 dead=0 unreachable=0 never_detected=0 ff_deaths=0 terminal=128 completions=4 recycles=4 removals=4 returns=4 wall=855s [valid 5/60] src=925559e6d528 ext=158afe36be41 head=9a2e5c45ee931dcd8deb26e94b7f1190a093bfe4
[02:20:45] LAUNCH plC_south_half_2084799913 running=13 free_kb=5045600 sims_boxwide=12 attempt=1 src=925559e6d528 ext=158afe36be41 head=9a2e5c45ee931dcd8deb26e94b7f1190a093bfe4
[02:20:57] .. alive runid=20260928-020451-89 event_age=12s | wave=q3 total=60 valid=5 running=13 pending=42 launched=18 failed=0 gaveup=0 forkfail=0 free_kb=5045600 sims_boxwide=12 last_event_age=0s last_event_epoch=1790554845
[02:21:03] DONE plC_east_half_824498143 rc=0 932s plC east/half seed=824498143 rescued=3 dead=1 unreachable=0 never_detected=0 ff_deaths=0 terminal=105 completions=3 recycles=3 removals=3 returns=3 wall=930s [valid 6/60] src=925559e6d528 ext=158afe36be41 head=9a2e5c45ee931dcd8deb26e94b7f1190a093bfe4
[02:21:04] LAUNCH plC_south_half_1335705976 running=13 free_kb=5110020 sims_boxwide=12 attempt=1 src=925559e6d528 ext=158afe36be41 head=9a2e5c45ee931dcd8deb26e94b7f1190a093bfe4
[02:21:44] DONE plC_east_half_731846821 rc=0 950s plC east/half seed=731846821 rescued=3 dead=1 unreachable=0 never_detected=0 ff_deaths=0 terminal=133 completions=3 recycles=3 removals=3 returns=3 wall=949s [valid 7/60] src=925559e6d528 ext=158afe36be41 head=9a2e5c45ee931dcd8deb26e94b7f1190a093bfe4
[02:21:45] LAUNCH plC_south_half_588279432 running=13 free_kb=5117536 sims_boxwide=12 attempt=1 src=925559e6d528 ext=158afe36be41 head=9a2e5c45ee931dcd8deb26e94b7f1190a093bfe4
[02:21:57] .. alive runid=20260928-020451-89 event_age=12s | wave=q3 total=60 valid=7 running=13 pending=40 launched=20 failed=0 gaveup=0 forkfail=0 free_kb=5117536 sims_boxwide=12 last_event_age=0s last_event_epoch=1790554905
[02:22:05] DONE plC_east_half_1999015533 rc=0 1016s plC east/half seed=1999015533 rescued=4 dead=0 unreachable=0 never_detected=0 ff_deaths=0 terminal=156 completions=4 recycles=4 removals=4 returns=4 wall=1015s [valid 8/60] src=925559e6d528 ext=158afe36be41 head=9a2e5c45ee931dcd8deb26e94b7f1190a093bfe4
[02:22:06] LAUNCH plC_south_half_1887778617 running=13 free_kb=5145900 sims_boxwide=12 attempt=1 src=925559e6d528 ext=158afe36be41 head=9a2e5c45ee931dcd8deb26e94b7f1190a093bfe4
[02:22:57] .. alive runid=20260928-020451-89 event_age=51s | wave=q3 total=60 valid=8 running=13 pending=39 launched=21 failed=0 gaveup=0 forkfail=0 free_kb=5145900 sims_boxwide=12 last_event_age=0s last_event_epoch=1790554926
[02:23:06] DONE plC_east_half_1717500098 rc=0 953s plC east/half seed=1717500098 rescued=4 dead=0 unreachable=0 never_detected=0 ff_deaths=0 terminal=125 completions=4 recycles=4 removals=4 returns=4 wall=952s [valid 9/60] src=925559e6d528 ext=158afe36be41 head=9a2e5c45ee931dcd8deb26e94b7f1190a093bfe4
[02:23:07] DONE plC_east_half_21892117 rc=0 966s plC east/half seed=21892117 rescued=4 dead=0 unreachable=0 never_detected=0 ff_deaths=0 terminal=123 completions=4 recycles=4 removals=4 returns=4 wall=964s [valid 10/60] src=925559e6d528 ext=158afe36be41 head=9a2e5c45ee931dcd8deb26e94b7f1190a093bfe4
[02:23:08] LAUNCH plC_south_half_2128361047 running=12 free_kb=6040676 sims_boxwide=11 attempt=1 src=925559e6d528 ext=158afe36be41 head=9a2e5c45ee931dcd8deb26e94b7f1190a093bfe4
[02:23:20] LAUNCH plC_south_half_684332673 running=13 free_kb=5164292 sims_boxwide=12 attempt=1 src=925559e6d528 ext=158afe36be41 head=9a2e5c45ee931dcd8deb26e94b7f1190a093bfe4
[02:23:57] .. alive runid=20260928-020451-89 event_age=37s | wave=q3 total=60 valid=10 running=13 pending=37 launched=23 failed=0 gaveup=0 forkfail=0 free_kb=5164292 sims_boxwide=12 last_event_age=0s last_event_epoch=1790555000
[02:24:25] DONE plC_east_half_53258209 rc=0 1089s plC east/half seed=53258209 rescued=4 dead=0 unreachable=0 never_detected=0 ff_deaths=1 terminal=162 completions=4 recycles=4 removals=4 returns=4 wall=1088s [valid 11/60] src=925559e6d528 ext=158afe36be41 head=9a2e5c45ee931dcd8deb26e94b7f1190a093bfe4
[02:24:26] LAUNCH plC_south_half_1320165480 running=13 free_kb=5027780 sims_boxwide=12 attempt=1 src=925559e6d528 ext=158afe36be41 head=9a2e5c45ee931dcd8deb26e94b7f1190a093bfe4
[02:24:57] .. alive runid=20260928-020451-89 event_age=31s | wave=q3 total=60 valid=11 running=13 pending=36 launched=24 failed=0 gaveup=0 forkfail=0 free_kb=5027780 sims_boxwide=12 last_event_age=0s last_event_epoch=1790555066
[02:25:38] DONE plC_east_half_2091896221 rc=0 1129s plC east/half seed=2091896221 rescued=3 dead=0 unreachable=1 never_detected=1 ff_deaths=0 terminal=210 completions=3 recycles=3 removals=3 returns=3 wall=1127s [valid 12/60] src=925559e6d528 ext=158afe36be41 head=9a2e5c45ee931dcd8deb26e94b7f1190a093bfe4
[02:25:40] LAUNCH plC_south_half_751617716 running=13 free_kb=5037060 sims_boxwide=12 attempt=1 src=925559e6d528 ext=158afe36be41 head=9a2e5c45ee931dcd8deb26e94b7f1190a093bfe4
[02:25:57] .. alive runid=20260928-020451-89 event_age=17s | wave=q3 total=60 valid=12 running=13 pending=35 launched=25 failed=0 gaveup=0 forkfail=0 free_kb=5037060 sims_boxwide=12 last_event_age=0s last_event_epoch=1790555140
[02:26:58] .. alive runid=20260928-020451-89 event_age=78s | wave=q3 total=60 valid=12 running=13 pending=35 launched=25 failed=0 gaveup=0 forkfail=0 free_kb=5037060 sims_boxwide=12 last_event_age=0s last_event_epoch=1790555140
[02:27:17] DONE plC_south_half_1415738618 rc=0 470s plC south/half seed=1415738618 rescued=4 dead=0 unreachable=0 never_detected=0 ff_deaths=0 terminal=118 completions=4 recycles=4 removals=4 returns=4 wall=469s [valid 13/60] src=925559e6d528 ext=158afe36be41 head=9a2e5c45ee931dcd8deb26e94b7f1190a093bfe4
[02:27:18] LAUNCH plC_south_half_422588777 running=13 free_kb=5073468 sims_boxwide=12 attempt=1 src=925559e6d528 ext=158afe36be41 head=9a2e5c45ee931dcd8deb26e94b7f1190a093bfe4
[02:27:58] .. alive runid=20260928-020451-89 event_age=40s | wave=q3 total=60 valid=13 running=13 pending=34 launched=26 failed=0 gaveup=0 forkfail=0 free_kb=5073468 sims_boxwide=12 last_event_age=0s last_event_epoch=1790555238
[02:28:44] DONE plC_south_half_481765503 rc=0 571s plC south/half seed=481765503 rescued=4 dead=0 unreachable=0 never_detected=0 ff_deaths=0 terminal=102 completions=4 recycles=4 removals=4 returns=4 wall=569s [valid 14/60] src=925559e6d528 ext=158afe36be41 head=9a2e5c45ee931dcd8deb26e94b7f1190a093bfe4
[02:28:46] LAUNCH plC_east_def_6554204 running=13 free_kb=5038696 sims_boxwide=12 attempt=1 src=925559e6d528 ext=158afe36be41 head=9a2e5c45ee931dcd8deb26e94b7f1190a093bfe4
[02:28:58] .. alive runid=20260928-020451-89 event_age=12s | wave=q3 total=60 valid=14 running=13 pending=33 launched=27 failed=0 gaveup=0 forkfail=0 free_kb=5038696 sims_boxwide=12 last_event_age=0s last_event_epoch=1790555326
[02:29:09] DONE plC_south_half_1386492524 rc=0 651s plC south/half seed=1386492524 rescued=3 dead=1 unreachable=0 never_detected=0 ff_deaths=0 terminal=128 completions=3 recycles=3 removals=3 returns=3 wall=650s [valid 15/60] src=925559e6d528 ext=158afe36be41 head=9a2e5c45ee931dcd8deb26e94b7f1190a093bfe4
[02:29:10] LAUNCH plC_east_def_1325753362 running=13 free_kb=5048972 sims_boxwide=12 attempt=1 src=925559e6d528 ext=158afe36be41 head=9a2e5c45ee931dcd8deb26e94b7f1190a093bfe4
[02:29:27] DONE plC_south_half_1335705976 rc=0 502s plC south/half seed=1335705976 rescued=4 dead=0 unreachable=0 never_detected=0 ff_deaths=0 terminal=151 completions=4 recycles=4 removals=4 returns=4 wall=500s [valid 16/60] src=925559e6d528 ext=158afe36be41 head=9a2e5c45ee931dcd8deb26e94b7f1190a093bfe4
[02:29:27] DONE plC_south_half_2084799913 rc=0 522s plC south/half seed=2084799913 rescued=4 dead=0 unreachable=0 never_detected=0 ff_deaths=0 terminal=178 completions=4 recycles=4 removals=4 returns=4 wall=519s [valid 17/60] src=925559e6d528 ext=158afe36be41 head=9a2e5c45ee931dcd8deb26e94b7f1190a093bfe4
[02:29:29] LAUNCH plC_east_def_265702576 running=12 free_kb=5899988 sims_boxwide=11 attempt=1 src=925559e6d528 ext=158afe36be41 head=9a2e5c45ee931dcd8deb26e94b7f1190a093bfe4
[02:29:40] LAUNCH plC_east_def_1686457565 running=13 free_kb=5045172 sims_boxwide=12 attempt=1 src=925559e6d528 ext=158afe36be41 head=9a2e5c45ee931dcd8deb26e94b7f1190a093bfe4
[02:29:51] DONE plC_south_half_588279432 rc=0 485s plC south/half seed=588279432 rescued=4 dead=0 unreachable=0 never_detected=0 ff_deaths=0 terminal=139 completions=4 recycles=4 removals=4 returns=4 wall=473s [valid 18/60] src=925559e6d528 ext=158afe36be41 head=9a2e5c45ee931dcd8deb26e94b7f1190a093bfe4
[02:29:52] LAUNCH plG_east_half_1506055301 running=13 free_kb=5071324 sims_boxwide=12 attempt=1 src=925559e6d528 ext=158afe36be41 head=9a2e5c45ee931dcd8deb26e94b7f1190a093bfe4
[02:29:58] .. alive runid=20260928-020451-89 event_age=6s | wave=q3 total=60 valid=18 running=13 pending=29 launched=31 failed=0 gaveup=0 forkfail=0 free_kb=5071324 sims_boxwide=12 last_event_age=0s last_event_epoch=1790555392
[02:30:10] DONE plC_south_half_1218089274 rc=0 585s plC south/half seed=1218089274 rescued=3 dead=0 unreachable=1 never_detected=0 ff_deaths=2 terminal=175 completions=3 recycles=3 removals=3 returns=3 wall=583s [valid 19/60] src=925559e6d528 ext=158afe36be41 head=9a2e5c45ee931dcd8deb26e94b7f1190a093bfe4
[02:30:11] LAUNCH plG_east_half_1999015533 running=13 free_kb=5072408 sims_boxwide=12 attempt=1 src=925559e6d528 ext=158afe36be41 head=9a2e5c45ee931dcd8deb26e94b7f1190a093bfe4
[02:30:58] .. alive runid=20260928-020451-89 event_age=47s | wave=q3 total=60 valid=19 running=13 pending=28 launched=32 failed=0 gaveup=0 forkfail=0 free_kb=5072408 sims_boxwide=12 last_event_age=0s last_event_epoch=1790555411
[02:31:13] DONE plC_east_half_2095654154 rc=0 1554s plC east/half seed=2095654154 rescued=4 dead=0 unreachable=0 never_detected=0 ff_deaths=1 terminal=273 completions=4 recycles=4 removals=4 returns=4 wall=1552s [valid 20/60] src=925559e6d528 ext=158afe36be41 head=9a2e5c45ee931dcd8deb26e94b7f1190a093bfe4
[02:31:15] LAUNCH plG_east_half_2095654154 running=13 free_kb=5092188 sims_boxwide=12 attempt=1 src=925559e6d528 ext=158afe36be41 head=9a2e5c45ee931dcd8deb26e94b7f1190a093bfe4
[02:31:26] DONE plC_south_half_2128361047 rc=0 497s plC south/half seed=2128361047 rescued=4 dead=0 unreachable=0 never_detected=0 ff_deaths=0 terminal=148 completions=4 recycles=4 removals=4 returns=4 wall=491s [valid 21/60] src=925559e6d528 ext=158afe36be41 head=9a2e5c45ee931dcd8deb26e94b7f1190a093bfe4
[02:31:27] LAUNCH plG_east_half_824498143 running=13 free_kb=5136004 sims_boxwide=12 attempt=1 src=925559e6d528 ext=158afe36be41 head=9a2e5c45ee931dcd8deb26e94b7f1190a093bfe4
[02:31:58] .. alive runid=20260928-020451-89 event_age=31s | wave=q3 total=60 valid=21 running=13 pending=26 launched=34 failed=0 gaveup=0 forkfail=0 free_kb=5136004 sims_boxwide=12 last_event_age=0s last_event_epoch=1790555487
[02:32:58] .. alive runid=20260928-020451-89 event_age=91s | wave=q3 total=60 valid=21 running=13 pending=26 launched=34 failed=0 gaveup=0 forkfail=0 free_kb=5136004 sims_boxwide=12 last_event_age=0s last_event_epoch=1790555487
[02:33:19] DONE plC_south_half_1887778617 rc=0 672s plC south/half seed=1887778617 rescued=3 dead=0 unreachable=1 never_detected=0 ff_deaths=2 terminal=213 completions=3 recycles=3 removals=3 returns=3 wall=670s [valid 22/60] src=925559e6d528 ext=158afe36be41 head=9a2e5c45ee931dcd8deb26e94b7f1190a093bfe4
[02:33:20] LAUNCH plG_east_half_1468405687 running=13 free_kb=5096344 sims_boxwide=12 attempt=1 src=925559e6d528 ext=158afe36be41 head=9a2e5c45ee931dcd8deb26e94b7f1190a093bfe4
[02:33:58] .. alive runid=20260928-020451-89 event_age=38s | wave=q3 total=60 valid=22 running=13 pending=25 launched=35 failed=0 gaveup=0 forkfail=0 free_kb=5096344 sims_boxwide=12 last_event_age=0s last_event_epoch=1790555600
[02:34:58] .. alive runid=20260928-020451-89 event_age=98s | wave=q3 total=60 valid=22 running=13 pending=25 launched=35 failed=0 gaveup=0 forkfail=0 free_kb=5096344 sims_boxwide=12 last_event_age=0s last_event_epoch=1790555600
[02:35:11] DONE plC_south_half_684332673 rc=0 710s plC south/half seed=684332673 rescued=4 dead=0 unreachable=0 never_detected=0 ff_deaths=0 terminal=187 completions=4 recycles=4 removals=4 returns=4 wall=709s [valid 23/60] src=925559e6d528 ext=158afe36be41 head=9a2e5c45ee931dcd8deb26e94b7f1190a093bfe4
[02:35:12] LAUNCH plG_east_half_731846821 running=13 free_kb=4978240 sims_boxwide=12 attempt=1 src=925559e6d528 ext=158afe36be41 head=9a2e5c45ee931dcd8deb26e94b7f1190a093bfe4
[02:35:39] DONE plC_south_half_422588777 rc=0 500s plC south/half seed=422588777 rescued=4 dead=0 unreachable=0 never_detected=0 ff_deaths=0 terminal=104 completions=4 recycles=4 removals=4 returns=4 wall=498s [valid 24/60] src=925559e6d528 ext=158afe36be41 head=9a2e5c45ee931dcd8deb26e94b7f1190a093bfe4
[02:35:40] LAUNCH plG_east_half_1301429659 running=13 free_kb=5026740 sims_boxwide=12 attempt=1 src=925559e6d528 ext=158afe36be41 head=9a2e5c45ee931dcd8deb26e94b7f1190a093bfe4
[02:35:51] DONE plC_south_half_751617716 rc=0 610s plC south/half seed=751617716 rescued=2 dead=1 unreachable=1 never_detected=0 ff_deaths=2 terminal=179 completions=2 recycles=2 removals=2 returns=2 wall=608s [valid 25/60] src=925559e6d528 ext=158afe36be41 head=9a2e5c45ee931dcd8deb26e94b7f1190a093bfe4
[02:35:52] LAUNCH plG_east_half_53258209 running=13 free_kb=5105624 sims_boxwide=12 attempt=1 src=925559e6d528 ext=158afe36be41 head=9a2e5c45ee931dcd8deb26e94b7f1190a093bfe4
[02:35:58] .. alive runid=20260928-020451-89 event_age=6s | wave=q3 total=60 valid=25 running=13 pending=22 launched=38 failed=0 gaveup=0 forkfail=0 free_kb=5105624 sims_boxwide=12 last_event_age=0s last_event_epoch=1790555752
[02:36:58] .. alive runid=20260928-020451-89 event_age=66s | wave=q3 total=60 valid=25 running=13 pending=22 launched=38 failed=0 gaveup=0 forkfail=0 free_kb=5105624 sims_boxwide=12 last_event_age=0s last_event_epoch=1790555752
[02:37:11] DONE plC_south_half_1320165480 rc=0 765s plC south/half seed=1320165480 rescued=3 dead=1 unreachable=0 never_detected=0 ff_deaths=0 terminal=219 completions=3 recycles=3 removals=3 returns=3 wall=762s [valid 26/60] src=925559e6d528 ext=158afe36be41 head=9a2e5c45ee931dcd8deb26e94b7f1190a093bfe4
[02:37:13] LAUNCH plG_east_half_1341701987 running=13 free_kb=5088052 sims_boxwide=12 attempt=1 src=925559e6d528 ext=158afe36be41 head=9a2e5c45ee931dcd8deb26e94b7f1190a093bfe4
[02:37:24] DONE plC_east_def_6554204 rc=0 517s plC east/default seed=6554204 rescued=4 dead=0 unreachable=0 never_detected=0 ff_deaths=0 terminal=189 completions=4 recycles=4 removals=4 returns=4 wall=512s [valid 27/60] src=925559e6d528 ext=158afe36be41 head=9a2e5c45ee931dcd8deb26e94b7f1190a093bfe4
[02:37:25] LAUNCH plG_east_half_264075293 running=13 free_kb=5155724 sims_boxwide=12 attempt=1 src=925559e6d528 ext=158afe36be41 head=9a2e5c45ee931dcd8deb26e94b7f1190a093bfe4
[02:37:38] DONE plC_east_def_1325753362 rc=0 508s plC east/default seed=1325753362 rescued=4 dead=0 unreachable=0 never_detected=0 ff_deaths=0 terminal=106 completions=4 recycles=4 removals=4 returns=4 wall=505s [valid 28/60] src=925559e6d528 ext=158afe36be41 head=9a2e5c45ee931dcd8deb26e94b7f1190a093bfe4
[02:37:40] LAUNCH plG_east_half_2091896221 running=13 free_kb=5198576 sims_boxwide=12 attempt=1 src=925559e6d528 ext=158afe36be41 head=9a2e5c45ee931dcd8deb26e94b7f1190a093bfe4
[02:37:59] .. alive runid=20260928-020451-89 event_age=19s | wave=q3 total=60 valid=28 running=13 pending=19 launched=41 failed=0 gaveup=0 forkfail=0 free_kb=5198576 sims_boxwide=12 last_event_age=0s last_event_epoch=1790555860
[02:38:10] DONE plC_east_def_1686457565 rc=0 510s plC east/default seed=1686457565 rescued=4 dead=0 unreachable=0 never_detected=0 ff_deaths=0 terminal=205 completions=4 recycles=4 removals=4 returns=4 wall=508s [valid 29/60] src=925559e6d528 ext=158afe36be41 head=9a2e5c45ee931dcd8deb26e94b7f1190a093bfe4
[02:38:12] LAUNCH plG_east_half_21892117 running=13 free_kb=5197140 sims_boxwide=12 attempt=1 src=925559e6d528 ext=158afe36be41 head=9a2e5c45ee931dcd8deb26e94b7f1190a093bfe4
[02:38:29] DONE plC_east_def_265702576 rc=0 539s plC east/default seed=265702576 rescued=3 dead=1 unreachable=0 never_detected=0 ff_deaths=0 terminal=157 completions=3 recycles=3 removals=3 returns=3 wall=537s [valid 30/60] src=925559e6d528 ext=158afe36be41 head=9a2e5c45ee931dcd8deb26e94b7f1190a093bfe4
[02:38:30] LAUNCH plG_east_half_1717500098 running=13 free_kb=5226852 sims_boxwide=12 attempt=1 src=925559e6d528 ext=158afe36be41 head=9a2e5c45ee931dcd8deb26e94b7f1190a093bfe4
[02:38:59] .. alive runid=20260928-020451-89 event_age=29s | wave=q3 total=60 valid=30 running=13 pending=17 launched=43 failed=0 gaveup=0 forkfail=0 free_kb=5226852 sims_boxwide=12 last_event_age=0s last_event_epoch=1790555910
[02:39:59] .. alive runid=20260928-020451-89 event_age=89s | wave=q3 total=60 valid=30 running=13 pending=17 launched=43 failed=0 gaveup=0 forkfail=0 free_kb=5226852 sims_boxwide=12 last_event_age=0s last_event_epoch=1790555910
[02:40:59] .. alive runid=20260928-020451-89 event_age=149s | wave=q3 total=60 valid=30 running=13 pending=17 launched=43 failed=0 gaveup=0 forkfail=0 free_kb=5226852 sims_boxwide=12 last_event_age=0s last_event_epoch=1790555910
[02:41:59] .. alive runid=20260928-020451-89 event_age=209s | wave=q3 total=60 valid=30 running=13 pending=17 launched=43 failed=0 gaveup=0 forkfail=0 free_kb=5226852 sims_boxwide=12 last_event_age=0s last_event_epoch=1790555910
[02:42:59] .. alive runid=20260928-020451-89 event_age=269s | wave=q3 total=60 valid=30 running=13 pending=17 launched=43 failed=0 gaveup=0 forkfail=0 free_kb=5226852 sims_boxwide=12 last_event_age=0s last_event_epoch=1790555910
[02:43:53] DONE plG_east_half_1506055301 rc=0 840s plG east/half seed=1506055301 rescued=3 dead=1 unreachable=0 never_detected=0 ff_deaths=0 terminal=96 completions=3 recycles=3 removals=3 returns=3 wall=838s [valid 31/60] src=925559e6d528 ext=158afe36be41 head=9a2e5c45ee931dcd8deb26e94b7f1190a093bfe4
[02:43:54] LAUNCH plG_south_half_1386492524 running=13 free_kb=5125700 sims_boxwide=12 attempt=1 src=925559e6d528 ext=158afe36be41 head=9a2e5c45ee931dcd8deb26e94b7f1190a093bfe4
[02:43:59] .. alive runid=20260928-020451-89 event_age=5s | wave=q3 total=60 valid=31 running=13 pending=16 launched=44 failed=0 gaveup=0 forkfail=0 free_kb=5125700 sims_boxwide=12 last_event_age=0s last_event_epoch=1790556234
[02:44:59] .. alive runid=20260928-020451-89 event_age=65s | wave=q3 total=60 valid=31 running=13 pending=16 launched=44 failed=0 gaveup=0 forkfail=0 free_kb=5125700 sims_boxwide=12 last_event_age=0s last_event_epoch=1790556234
[02:45:07] DONE plG_east_half_1999015533 rc=0 895s plG east/half seed=1999015533 rescued=4 dead=0 unreachable=0 never_detected=0 ff_deaths=0 terminal=156 completions=4 recycles=4 removals=4 returns=4 wall=893s [valid 32/60] src=925559e6d528 ext=158afe36be41 head=9a2e5c45ee931dcd8deb26e94b7f1190a093bfe4
[02:45:08] LAUNCH plG_south_half_481765503 running=13 free_kb=5057540 sims_boxwide=12 attempt=1 src=925559e6d528 ext=158afe36be41 head=9a2e5c45ee931dcd8deb26e94b7f1190a093bfe4
[02:45:59] .. alive runid=20260928-020451-89 event_age=51s | wave=q3 total=60 valid=32 running=13 pending=15 launched=45 failed=0 gaveup=0 forkfail=0 free_kb=5057540 sims_boxwide=12 last_event_age=0s last_event_epoch=1790556308
[02:46:59] .. alive runid=20260928-020451-89 event_age=111s | wave=q3 total=60 valid=32 running=13 pending=15 launched=45 failed=0 gaveup=0 forkfail=0 free_kb=5057540 sims_boxwide=12 last_event_age=0s last_event_epoch=1790556308
[02:47:10] DONE plG_east_half_1468405687 rc=0 829s plG east/half seed=1468405687 rescued=3 dead=1 unreachable=0 never_detected=0 ff_deaths=0 terminal=108 completions=3 recycles=3 removals=3 returns=3 wall=827s [valid 33/60] src=925559e6d528 ext=158afe36be41 head=9a2e5c45ee931dcd8deb26e94b7f1190a093bfe4
[02:47:11] LAUNCH plG_south_half_1415738618 running=13 free_kb=5090276 sims_boxwide=12 attempt=1 src=925559e6d528 ext=158afe36be41 head=9a2e5c45ee931dcd8deb26e94b7f1190a093bfe4
[02:47:23] DONE plG_east_half_824498143 rc=0 956s plG east/half seed=824498143 rescued=3 dead=1 unreachable=0 never_detected=0 ff_deaths=0 terminal=105 completions=3 recycles=3 removals=3 returns=3 wall=954s [valid 34/60] src=925559e6d528 ext=158afe36be41 head=9a2e5c45ee931dcd8deb26e94b7f1190a093bfe4
[02:47:25] LAUNCH plG_south_half_1218089274 running=13 free_kb=5117136 sims_boxwide=12 attempt=1 src=925559e6d528 ext=158afe36be41 head=9a2e5c45ee931dcd8deb26e94b7f1190a093bfe4
[02:48:00] .. alive runid=20260928-020451-89 event_age=34s | wave=q3 total=60 valid=34 running=13 pending=13 launched=47 failed=0 gaveup=0 forkfail=0 free_kb=5117136 sims_boxwide=12 last_event_age=0s last_event_epoch=1790556445
[02:49:00] .. alive runid=20260928-020451-89 event_age=95s | wave=q3 total=60 valid=34 running=13 pending=13 launched=47 failed=0 gaveup=0 forkfail=0 free_kb=5117136 sims_boxwide=12 last_event_age=0s last_event_epoch=1790556445
[02:49:10] DONE plG_east_half_1301429659 rc=0 809s plG east/half seed=1301429659 rescued=3 dead=1 unreachable=0 never_detected=0 ff_deaths=0 terminal=91 completions=3 recycles=3 removals=3 returns=3 wall=807s [valid 35/60] src=925559e6d528 ext=158afe36be41 head=9a2e5c45ee931dcd8deb26e94b7f1190a093bfe4
[02:49:11] LAUNCH plG_south_half_2084799913 running=13 free_kb=5096188 sims_boxwide=12 attempt=1 src=925559e6d528 ext=158afe36be41 head=9a2e5c45ee931dcd8deb26e94b7f1190a093bfe4
[02:49:58] DONE plG_east_half_53258209 rc=0 846s plG east/half seed=53258209 rescued=4 dead=0 unreachable=0 never_detected=0 ff_deaths=1 terminal=162 completions=4 recycles=4 removals=4 returns=4 wall=844s [valid 36/60] src=925559e6d528 ext=158afe36be41 head=9a2e5c45ee931dcd8deb26e94b7f1190a093bfe4
[02:50:00] .. alive runid=20260928-020451-89 event_age=2s | wave=q3 total=60 valid=36 running=12 pending=12 launched=48 failed=0 gaveup=0 forkfail=0 free_kb=4998000 sims_boxwide=12 last_event_age=1s last_event_epoch=1790556598
[02:50:00] LAUNCH plG_south_half_1335705976 running=13 free_kb=4998000 sims_boxwide=12 attempt=1 src=925559e6d528 ext=158afe36be41 head=9a2e5c45ee931dcd8deb26e94b7f1190a093bfe4
[02:51:00] .. alive runid=20260928-020451-89 event_age=60s | wave=q3 total=60 valid=36 running=13 pending=11 launched=49 failed=0 gaveup=0 forkfail=0 free_kb=4998000 sims_boxwide=12 last_event_age=0s last_event_epoch=1790556600
[02:51:53] DONE plG_east_half_1341701987 rc=0 879s plG east/half seed=1341701987 rescued=4 dead=0 unreachable=0 never_detected=0 ff_deaths=0 terminal=128 completions=4 recycles=4 removals=4 returns=4 wall=878s [valid 37/60] src=925559e6d528 ext=158afe36be41 head=9a2e5c45ee931dcd8deb26e94b7f1190a093bfe4
[02:51:54] LAUNCH plG_south_half_588279432 running=13 free_kb=5026368 sims_boxwide=12 attempt=1 src=925559e6d528 ext=158afe36be41 head=9a2e5c45ee931dcd8deb26e94b7f1190a093bfe4
[02:52:00] .. alive runid=20260928-020451-89 event_age=6s | wave=q3 total=60 valid=37 running=13 pending=10 launched=50 failed=0 gaveup=0 forkfail=0 free_kb=5026368 sims_boxwide=12 last_event_age=0s last_event_epoch=1790556714
[02:52:12] DONE plG_east_half_731846821 rc=0 1019s plG east/half seed=731846821 rescued=3 dead=1 unreachable=0 never_detected=0 ff_deaths=0 terminal=104 completions=3 recycles=3 removals=3 returns=3 wall=1017s [valid 38/60] src=925559e6d528 ext=158afe36be41 head=9a2e5c45ee931dcd8deb26e94b7f1190a093bfe4
[02:52:13] LAUNCH plG_south_half_1887778617 running=13 free_kb=5060688 sims_boxwide=12 attempt=1 src=925559e6d528 ext=158afe36be41 head=9a2e5c45ee931dcd8deb26e94b7f1190a093bfe4
[02:53:00] .. alive runid=20260928-020451-89 event_age=47s | wave=q3 total=60 valid=38 running=13 pending=9 launched=51 failed=0 gaveup=0 forkfail=0 free_kb=5060688 sims_boxwide=12 last_event_age=0s last_event_epoch=1790556733
[02:53:15] DONE plG_south_half_481765503 rc=0 486s plG south/half seed=481765503 rescued=4 dead=0 unreachable=0 never_detected=0 ff_deaths=0 terminal=167 completions=4 recycles=4 removals=4 returns=4 wall=484s [valid 39/60] src=925559e6d528 ext=158afe36be41 head=9a2e5c45ee931dcd8deb26e94b7f1190a093bfe4
[02:53:16] LAUNCH plG_south_half_2128361047 running=13 free_kb=5040308 sims_boxwide=12 attempt=1 src=925559e6d528 ext=158afe36be41 head=9a2e5c45ee931dcd8deb26e94b7f1190a093bfe4
[02:53:27] DONE plG_east_half_264075293 rc=0 961s plG east/half seed=264075293 rescued=3 dead=1 unreachable=0 never_detected=0 ff_deaths=0 terminal=107 completions=3 recycles=3 removals=3 returns=3 wall=959s [valid 40/60] src=925559e6d528 ext=158afe36be41 head=9a2e5c45ee931dcd8deb26e94b7f1190a093bfe4
[02:53:28] LAUNCH plG_south_half_684332673 running=13 free_kb=5080964 sims_boxwide=12 attempt=1 src=925559e6d528 ext=158afe36be41 head=9a2e5c45ee931dcd8deb26e94b7f1190a093bfe4
[02:53:49] DONE plG_east_half_2091896221 rc=0 968s plG east/half seed=2091896221 rescued=3 dead=0 unreachable=1 never_detected=1 ff_deaths=0 terminal=210 completions=3 recycles=3 removals=3 returns=3 wall=967s [valid 41/60] src=925559e6d528 ext=158afe36be41 head=9a2e5c45ee931dcd8deb26e94b7f1190a093bfe4
[02:53:50] LAUNCH plG_south_half_1320165480 running=13 free_kb=5072392 sims_boxwide=12 attempt=1 src=925559e6d528 ext=158afe36be41 head=9a2e5c45ee931dcd8deb26e94b7f1190a093bfe4
[02:54:00] .. alive runid=20260928-020451-89 event_age=10s | wave=q3 total=60 valid=41 running=13 pending=6 launched=54 failed=0 gaveup=0 forkfail=0 free_kb=5072392 sims_boxwide=12 last_event_age=0s last_event_epoch=1790556830
[02:54:04] DONE plG_east_half_1717500098 rc=0 933s plG east/half seed=1717500098 rescued=4 dead=0 unreachable=0 never_detected=0 ff_deaths=0 terminal=125 completions=4 recycles=4 removals=4 returns=4 wall=931s [valid 42/60] src=925559e6d528 ext=158afe36be41 head=9a2e5c45ee931dcd8deb26e94b7f1190a093bfe4
[02:54:05] LAUNCH plG_south_half_751617716 running=13 free_kb=5078140 sims_boxwide=12 attempt=1 src=925559e6d528 ext=158afe36be41 head=9a2e5c45ee931dcd8deb26e94b7f1190a093bfe4
[02:54:16] DONE plG_south_half_1386492524 rc=0 622s plG south/half seed=1386492524 rescued=3 dead=1 unreachable=0 never_detected=0 ff_deaths=0 terminal=128 completions=3 recycles=3 removals=3 returns=3 wall=620s [valid 43/60] src=925559e6d528 ext=158afe36be41 head=9a2e5c45ee931dcd8deb26e94b7f1190a093bfe4
[02:54:18] LAUNCH plG_south_half_422588777 running=13 free_kb=5042448 sims_boxwide=12 attempt=1 src=925559e6d528 ext=158afe36be41 head=9a2e5c45ee931dcd8deb26e94b7f1190a093bfe4
[02:54:29] DONE plG_east_half_21892117 rc=0 976s plG east/half seed=21892117 rescued=4 dead=0 unreachable=0 never_detected=0 ff_deaths=0 terminal=123 completions=4 recycles=4 removals=4 returns=4 wall=967s [valid 44/60] src=925559e6d528 ext=158afe36be41 head=9a2e5c45ee931dcd8deb26e94b7f1190a093bfe4
[02:54:30] LAUNCH plG_east_def_6554204 running=13 free_kb=5025692 sims_boxwide=12 attempt=1 src=925559e6d528 ext=158afe36be41 head=9a2e5c45ee931dcd8deb26e94b7f1190a093bfe4
[02:54:58] DONE plG_south_half_1415738618 rc=0 466s plG south/half seed=1415738618 rescued=4 dead=0 unreachable=0 never_detected=0 ff_deaths=0 terminal=118 completions=4 recycles=4 removals=4 returns=4 wall=465s [valid 45/60] src=925559e6d528 ext=158afe36be41 head=9a2e5c45ee931dcd8deb26e94b7f1190a093bfe4
[02:55:00] LAUNCH plG_east_def_1325753362 running=13 free_kb=5073644 sims_boxwide=12 attempt=1 src=925559e6d528 ext=158afe36be41 head=9a2e5c45ee931dcd8deb26e94b7f1190a093bfe4
[02:55:00] .. alive runid=20260928-020451-89 event_age=0s | wave=q3 total=60 valid=45 running=13 pending=2 launched=58 failed=0 gaveup=0 forkfail=0 free_kb=5073644 sims_boxwide=12 last_event_age=0s last_event_epoch=1790556900
[02:56:00] .. alive runid=20260928-020451-89 event_age=60s | wave=q3 total=60 valid=45 running=13 pending=2 launched=58 failed=0 gaveup=0 forkfail=0 free_kb=5073644 sims_boxwide=12 last_event_age=0s last_event_epoch=1790556900
[02:56:54] DONE plG_south_half_1218089274 rc=0 568s plG south/half seed=1218089274 rescued=3 dead=0 unreachable=1 never_detected=0 ff_deaths=2 terminal=175 completions=3 recycles=3 removals=3 returns=3 wall=566s [valid 46/60] src=925559e6d528 ext=158afe36be41 head=9a2e5c45ee931dcd8deb26e94b7f1190a093bfe4
[02:56:55] LAUNCH plG_east_def_265702576 running=13 free_kb=5104328 sims_boxwide=12 attempt=1 src=925559e6d528 ext=158afe36be41 head=9a2e5c45ee931dcd8deb26e94b7f1190a093bfe4
[02:57:00] .. alive runid=20260928-020451-89 event_age=5s | wave=q3 total=60 valid=46 running=13 pending=1 launched=59 failed=0 gaveup=0 forkfail=0 free_kb=5104328 sims_boxwide=12 last_event_age=0s last_event_epoch=1790557015
[02:57:41] DONE plG_east_half_2095654154 rc=0 1585s plG east/half seed=2095654154 rescued=4 dead=0 unreachable=0 never_detected=0 ff_deaths=1 terminal=273 completions=4 recycles=4 removals=4 returns=4 wall=1583s [valid 47/60] src=925559e6d528 ext=158afe36be41 head=9a2e5c45ee931dcd8deb26e94b7f1190a093bfe4
[02:57:42] LAUNCH plG_east_def_1686457565 running=13 free_kb=5116832 sims_boxwide=12 attempt=1 src=925559e6d528 ext=158afe36be41 head=9a2e5c45ee931dcd8deb26e94b7f1190a093bfe4
[02:57:53] DONE plG_south_half_1335705976 rc=0 472s plG south/half seed=1335705976 rescued=4 dead=0 unreachable=0 never_detected=0 ff_deaths=0 terminal=164 completions=4 recycles=4 removals=4 returns=4 wall=468s [valid 48/60] src=925559e6d528 ext=158afe36be41 head=9a2e5c45ee931dcd8deb26e94b7f1190a093bfe4
[02:58:00] .. alive runid=20260928-020451-89 event_age=8s | wave=q3 total=60 valid=48 running=12 pending=0 launched=60 failed=0 gaveup=0 forkfail=0 free_kb=5116832 sims_boxwide=12 last_event_age=1s last_event_epoch=1790557072
[02:59:01] .. alive runid=20260928-020451-89 event_age=69s | wave=q3 total=60 valid=48 running=12 pending=0 launched=60 failed=0 gaveup=0 forkfail=0 free_kb=5116832 sims_boxwide=12 last_event_age=1s last_event_epoch=1790557072
[03:00:01] .. alive runid=20260928-020451-89 event_age=129s | wave=q3 total=60 valid=48 running=12 pending=0 launched=60 failed=0 gaveup=0 forkfail=0 free_kb=5116832 sims_boxwide=12 last_event_age=1s last_event_epoch=1790557072
[03:00:02] DONE plG_south_half_588279432 rc=0 487s plG south/half seed=588279432 rescued=4 dead=0 unreachable=0 never_detected=0 ff_deaths=0 terminal=139 completions=4 recycles=4 removals=4 returns=4 wall=485s [valid 49/60] src=925559e6d528 ext=158afe36be41 head=9a2e5c45ee931dcd8deb26e94b7f1190a093bfe4
[03:01:01] .. alive runid=20260928-020451-89 event_age=60s | wave=q3 total=60 valid=49 running=11 pending=0 launched=60 failed=0 gaveup=0 forkfail=0 free_kb=5116832 sims_boxwide=12 last_event_age=1s last_event_epoch=1790557201
[03:01:18] DONE plG_south_half_2128361047 rc=0 482s plG south/half seed=2128361047 rescued=4 dead=0 unreachable=0 never_detected=0 ff_deaths=0 terminal=148 completions=4 recycles=4 removals=4 returns=4 wall=480s [valid 50/60] src=925559e6d528 ext=158afe36be41 head=9a2e5c45ee931dcd8deb26e94b7f1190a093bfe4
[03:02:01] .. alive runid=20260928-020451-89 event_age=43s | wave=q3 total=60 valid=50 running=10 pending=0 launched=60 failed=0 gaveup=0 forkfail=0 free_kb=5116832 sims_boxwide=12 last_event_age=0s last_event_epoch=1790557278
[03:02:22] DONE plG_south_half_422588777 rc=0 483s plG south/half seed=422588777 rescued=4 dead=0 unreachable=0 never_detected=0 ff_deaths=0 terminal=105 completions=4 recycles=4 removals=4 returns=4 wall=482s [valid 51/60] src=925559e6d528 ext=158afe36be41 head=9a2e5c45ee931dcd8deb26e94b7f1190a093bfe4
[03:03:01] .. alive runid=20260928-020451-89 event_age=40s | wave=q3 total=60 valid=51 running=9 pending=0 launched=60 failed=0 gaveup=0 forkfail=0 free_kb=5116832 sims_boxwide=12 last_event_age=1s last_event_epoch=1790557341
[03:03:30] DONE plG_south_half_1887778617 rc=0 677s plG south/half seed=1887778617 rescued=4 dead=0 unreachable=0 never_detected=0 ff_deaths=0 terminal=137 completions=4 recycles=4 removals=4 returns=4 wall=675s [valid 52/60] src=925559e6d528 ext=158afe36be41 head=9a2e5c45ee931dcd8deb26e94b7f1190a093bfe4
[03:04:01] .. alive runid=20260928-020451-89 event_age=31s | wave=q3 total=60 valid=52 running=8 pending=0 launched=60 failed=0 gaveup=0 forkfail=0 free_kb=5116832 sims_boxwide=12 last_event_age=0s last_event_epoch=1790557410
[03:04:18] DONE plG_south_half_2084799913 rc=0 906s plG south/half seed=2084799913 rescued=4 dead=0 unreachable=0 never_detected=0 ff_deaths=0 terminal=200 completions=4 recycles=4 removals=4 returns=4 wall=904s [valid 53/60] src=925559e6d528 ext=158afe36be41 head=9a2e5c45ee931dcd8deb26e94b7f1190a093bfe4
[03:05:01] .. alive runid=20260928-020451-89 event_age=44s | wave=q3 total=60 valid=53 running=7 pending=0 launched=60 failed=0 gaveup=0 forkfail=0 free_kb=5116832 sims_boxwide=12 last_event_age=1s last_event_epoch=1790557457
[03:06:01] .. alive runid=20260928-020451-89 event_age=104s | wave=q3 total=60 valid=53 running=7 pending=0 launched=60 failed=0 gaveup=0 forkfail=0 free_kb=5116832 sims_boxwide=12 last_event_age=1s last_event_epoch=1790557457
[03:06:11] DONE plG_south_half_1320165480 rc=0 740s plG south/half seed=1320165480 rescued=3 dead=1 unreachable=0 never_detected=0 ff_deaths=0 terminal=219 completions=3 recycles=3 removals=3 returns=3 wall=738s [valid 54/60] src=925559e6d528 ext=158afe36be41 head=9a2e5c45ee931dcd8deb26e94b7f1190a093bfe4
[03:07:01] .. alive runid=20260928-020451-89 event_age=51s | wave=q3 total=60 valid=54 running=6 pending=0 launched=60 failed=0 gaveup=0 forkfail=0 free_kb=5116832 sims_boxwide=12 last_event_age=1s last_event_epoch=1790557570
[03:08:01] .. alive runid=20260928-020451-89 event_age=111s | wave=q3 total=60 valid=54 running=6 pending=0 launched=60 failed=0 gaveup=0 forkfail=0 free_kb=5116832 sims_boxwide=12 last_event_age=1s last_event_epoch=1790557570
[03:08:03] DONE plG_south_half_751617716 rc=0 837s plG south/half seed=751617716 rescued=2 dead=1 unreachable=1 never_detected=0 ff_deaths=2 terminal=179 completions=2 recycles=2 removals=2 returns=2 wall=835s [valid 55/60] src=925559e6d528 ext=158afe36be41 head=9a2e5c45ee931dcd8deb26e94b7f1190a093bfe4
[03:09:01] .. alive runid=20260928-020451-89 event_age=59s | wave=q3 total=60 valid=55 running=5 pending=0 launched=60 failed=0 gaveup=0 forkfail=0 free_kb=5116832 sims_boxwide=12 last_event_age=1s last_event_epoch=1790557682
[03:09:16] DONE plG_east_def_1325753362 rc=0 855s plG east/default seed=1325753362 rescued=4 dead=0 unreachable=0 never_detected=0 ff_deaths=0 terminal=139 completions=4 recycles=4 removals=4 returns=4 wall=854s [valid 56/60] src=925559e6d528 ext=158afe36be41 head=9a2e5c45ee931dcd8deb26e94b7f1190a093bfe4
[03:10:02] .. alive runid=20260928-020451-89 event_age=46s | wave=q3 total=60 valid=56 running=4 pending=0 launched=60 failed=0 gaveup=0 forkfail=0 free_kb=5116832 sims_boxwide=12 last_event_age=1s last_event_epoch=1790557755
[03:11:02] .. alive runid=20260928-020451-89 event_age=107s | wave=q3 total=60 valid=56 running=4 pending=0 launched=60 failed=0 gaveup=0 forkfail=0 free_kb=5116832 sims_boxwide=12 last_event_age=1s last_event_epoch=1790557755
[03:11:47] DONE plG_south_half_684332673 rc=0 1099s plG south/half seed=684332673 rescued=3 dead=1 unreachable=0 never_detected=0 ff_deaths=0 terminal=204 completions=3 recycles=3 removals=3 returns=3 wall=1097s [valid 57/60] src=925559e6d528 ext=158afe36be41 head=9a2e5c45ee931dcd8deb26e94b7f1190a093bfe4
[03:11:54] DONE plG_east_def_265702576 rc=0 898s plG east/default seed=265702576 rescued=3 dead=1 unreachable=0 never_detected=0 ff_deaths=0 terminal=96 completions=3 recycles=3 removals=3 returns=3 wall=897s [valid 58/60] src=925559e6d528 ext=158afe36be41 head=9a2e5c45ee931dcd8deb26e94b7f1190a093bfe4
[03:12:02] .. alive runid=20260928-020451-89 event_age=9s | wave=q3 total=60 valid=58 running=2 pending=0 launched=60 failed=0 gaveup=0 forkfail=0 free_kb=5116832 sims_boxwide=12 last_event_age=1s last_event_epoch=1790557913
[03:13:02] .. alive runid=20260928-020451-89 event_age=69s | wave=q3 total=60 valid=58 running=2 pending=0 launched=60 failed=0 gaveup=0 forkfail=0 free_kb=5116832 sims_boxwide=12 last_event_age=1s last_event_epoch=1790557913
[03:14:02] .. alive runid=20260928-020451-89 event_age=129s | wave=q3 total=60 valid=58 running=2 pending=0 launched=60 failed=0 gaveup=0 forkfail=0 free_kb=5116832 sims_boxwide=12 last_event_age=1s last_event_epoch=1790557913
[03:14:11] DONE plG_east_def_6554204 rc=0 1180s plG east/default seed=6554204 rescued=4 dead=0 unreachable=0 never_detected=0 ff_deaths=0 terminal=197 completions=4 recycles=4 removals=4 returns=4 wall=1178s [valid 59/60] src=925559e6d528 ext=158afe36be41 head=9a2e5c45ee931dcd8deb26e94b7f1190a093bfe4
[03:15:02] .. alive runid=20260928-020451-89 event_age=52s | wave=q3 total=60 valid=59 running=1 pending=0 launched=60 failed=0 gaveup=0 forkfail=0 free_kb=5116832 sims_boxwide=12 last_event_age=1s last_event_epoch=1790558050
[03:16:02] .. alive runid=20260928-020451-89 event_age=112s | wave=q3 total=60 valid=59 running=1 pending=0 launched=60 failed=0 gaveup=0 forkfail=0 free_kb=5116832 sims_boxwide=12 last_event_age=1s last_event_epoch=1790558050
[03:17:02] .. alive runid=20260928-020451-89 event_age=172s | wave=q3 total=60 valid=59 running=1 pending=0 launched=60 failed=0 gaveup=0 forkfail=0 free_kb=5116832 sims_boxwide=12 last_event_age=1s last_event_epoch=1790558050
[03:18:02] .. alive runid=20260928-020451-89 event_age=232s | wave=q3 total=60 valid=59 running=1 pending=0 launched=60 failed=0 gaveup=0 forkfail=0 free_kb=5116832 sims_boxwide=12 last_event_age=1s last_event_epoch=1790558050
[03:18:08] DONE plG_east_def_1686457565 rc=0 1225s plG east/default seed=1686457565 rescued=4 dead=0 unreachable=0 never_detected=0 ff_deaths=0 terminal=211 completions=4 recycles=4 removals=4 returns=4 wall=1223s [valid 60/60] src=925559e6d528 ext=158afe36be41 head=9a2e5c45ee931dcd8deb26e94b7f1190a093bfe4
[03:18:08] MAIN LOOP LEFT pending=0 running=0
[03:18:10] FINAL SUMMARY total=60 valid=60 invalid=0 missing=0
[03:18:10] FINAL wave=q3 SUMMARY total=60 valid=60 invalid=0 missing=0 live_this_wave=0 sims_boxwide=0
[03:18:10] ALL_PL_COMPLETE wave=q3 runid=20260928-020451-89 valid=60/60 launched=60 failed=0 forkfail=0 src=925559e6d528 ext=158afe36be41 head=9a2e5c45ee931dcd8deb26e94b7f1190a093bfe4
[03:19:02] HEARTBEAT EXIT wave=q3 runid=20260928-020451-89 (sentinel)
