[07:41:45] POOL START wave=q5 runid=20260928-074143-2024 restart=0 pid=2024 winpid=41532 head=9a2e5c45ee931dcd8deb26e94b7f1190a093bfe4 src=925559e6d528 ext=158afe36be41 dirty_tracked=0 queue=outputs/_pl_q5_queue.txt maxpar=13 minfree_kb=3500000
[07:41:47] ENV 3.10.11 mesa 1.2.1  prereg_sha256=d659ea1d554308bb queue_sha256=af83e8bed025f4fe
[07:41:47] SHIPPED GLOBAL_PLANNER_MODE=0 BASE_STATION_MODE=3 FF_EXIT_LEG_MODE=2 FF_EXIT_LEG_HOLD=0 FF_EXIT_LEG_SERVED=1 FF_FIREFIGHT_EXTINGUISH=1 FF_FIREFIGHT_FIREBREAK=1 ROUTE_BLOCK_STALE_CLEAR=1 global_planner_mode()=0 ff_exit_leg_mode()=2 ff_exit_leg_served()=1
[07:41:48] SHIPPED-CONTROL head=dfbfbe7
GLOBAL_PLANNER_MODE=ABSENT BASE_STATION_MODE=3 FF_EXIT_LEG_MODE=2 FF_EXIT_LEG_HOLD=0 FF_EXIT_LEG_SERVED=1 FF_FIREFIGHT_EXTINGUISH=1 FF_FIREFIGHT_FIREBREAK=1 ROUTE_BLOCK_STALE_CLEAR=1 global_planner_mode()=ABSENT ff_exit_leg_mode()=2 ff_exit_leg_served()=1
[07:41:49] VALIDATE total=60 valid=0 invalid=0 missing=60
[07:41:49] START STATE wave=q5 total=60 valid=0 pending=60 live_orphans_this_wave=0 sims_boxwide=0 free_kb=15451668
[07:41:49] HEARTBEAT pid=2114 every 60s -> outputs/_pl_q5_wave.log ; state file outputs/_pl_q5_state.txt ; sentinel outputs/_pl_q5_hb_20260928-074143-2024.stop
[07:41:50] LAUNCH plKC_east_half_1506055301 running=1 free_kb=15448868 sims_boxwide=0 attempt=1 src=925559e6d528 ext=158afe36be41 head=9a2e5c45ee931dcd8deb26e94b7f1190a093bfe4
[07:42:02] LAUNCH plKC_east_half_1999015533 running=2 free_kb=14585272 sims_boxwide=1 attempt=1 src=925559e6d528 ext=158afe36be41 head=9a2e5c45ee931dcd8deb26e94b7f1190a093bfe4
[07:42:13] LAUNCH plKC_east_half_2095654154 running=3 free_kb=13835668 sims_boxwide=2 attempt=1 src=925559e6d528 ext=158afe36be41 head=9a2e5c45ee931dcd8deb26e94b7f1190a093bfe4
[07:42:24] LAUNCH plKC_east_half_824498143 running=4 free_kb=12909864 sims_boxwide=3 attempt=1 src=925559e6d528 ext=158afe36be41 head=9a2e5c45ee931dcd8deb26e94b7f1190a093bfe4
[07:42:35] LAUNCH plKC_east_half_1468405687 running=5 free_kb=11461672 sims_boxwide=5 attempt=1 src=925559e6d528 ext=158afe36be41 head=9a2e5c45ee931dcd8deb26e94b7f1190a093bfe4
[07:42:47] LAUNCH plKC_east_half_731846821 running=6 free_kb=11153160 sims_boxwide=5 attempt=1 src=925559e6d528 ext=158afe36be41 head=9a2e5c45ee931dcd8deb26e94b7f1190a093bfe4
[07:42:49] .. alive runid=20260928-074143-2024 event_age=3s | wave=q5 total=60 valid=0 running=6 pending=54 launched=6 failed=0 gaveup=0 forkfail=0 free_kb=11153160 sims_boxwide=5 last_event_age=1s last_event_epoch=1790574166
[07:42:58] LAUNCH plKC_east_half_1301429659 running=7 free_kb=10291608 sims_boxwide=6 attempt=1 src=925559e6d528 ext=158afe36be41 head=9a2e5c45ee931dcd8deb26e94b7f1190a093bfe4
[07:43:09] LAUNCH plKC_east_half_53258209 running=8 free_kb=9469256 sims_boxwide=7 attempt=1 src=925559e6d528 ext=158afe36be41 head=9a2e5c45ee931dcd8deb26e94b7f1190a093bfe4
[07:43:21] LAUNCH plKC_east_half_1341701987 running=9 free_kb=8623156 sims_boxwide=8 attempt=1 src=925559e6d528 ext=158afe36be41 head=9a2e5c45ee931dcd8deb26e94b7f1190a093bfe4
[07:43:32] LAUNCH plKC_east_half_264075293 running=10 free_kb=7736304 sims_boxwide=9 attempt=1 src=925559e6d528 ext=158afe36be41 head=9a2e5c45ee931dcd8deb26e94b7f1190a093bfe4
[07:43:43] LAUNCH plKC_east_half_2091896221 running=11 free_kb=6873804 sims_boxwide=10 attempt=1 src=925559e6d528 ext=158afe36be41 head=9a2e5c45ee931dcd8deb26e94b7f1190a093bfe4
[07:43:49] .. alive runid=20260928-074143-2024 event_age=6s | wave=q5 total=60 valid=0 running=11 pending=49 launched=11 failed=0 gaveup=0 forkfail=0 free_kb=6873804 sims_boxwide=10 last_event_age=0s last_event_epoch=1790574223
[07:43:55] LAUNCH plKC_east_half_21892117 running=12 free_kb=5996596 sims_boxwide=11 attempt=1 src=925559e6d528 ext=158afe36be41 head=9a2e5c45ee931dcd8deb26e94b7f1190a093bfe4
[07:44:06] LAUNCH plKC_east_half_1717500098 running=13 free_kb=5056568 sims_boxwide=12 attempt=1 src=925559e6d528 ext=158afe36be41 head=9a2e5c45ee931dcd8deb26e94b7f1190a093bfe4
[07:44:50] .. alive runid=20260928-074143-2024 event_age=44s | wave=q5 total=60 valid=0 running=13 pending=47 launched=13 failed=0 gaveup=0 forkfail=0 free_kb=5056568 sims_boxwide=12 last_event_age=0s last_event_epoch=1790574246
[07:45:50] .. alive runid=20260928-074143-2024 event_age=104s | wave=q5 total=60 valid=0 running=13 pending=47 launched=13 failed=0 gaveup=0 forkfail=0 free_kb=5056568 sims_boxwide=12 last_event_age=0s last_event_epoch=1790574246
[07:46:50] .. alive runid=20260928-074143-2024 event_age=164s | wave=q5 total=60 valid=0 running=13 pending=47 launched=13 failed=0 gaveup=0 forkfail=0 free_kb=5056568 sims_boxwide=12 last_event_age=0s last_event_epoch=1790574246
[07:47:50] .. alive runid=20260928-074143-2024 event_age=224s | wave=q5 total=60 valid=0 running=13 pending=47 launched=13 failed=0 gaveup=0 forkfail=0 free_kb=5056568 sims_boxwide=12 last_event_age=0s last_event_epoch=1790574246
[07:48:50] .. alive runid=20260928-074143-2024 event_age=284s | wave=q5 total=60 valid=0 running=13 pending=47 launched=13 failed=0 gaveup=0 forkfail=0 free_kb=5056568 sims_boxwide=12 last_event_age=0s last_event_epoch=1790574246
[07:49:50] .. alive runid=20260928-074143-2024 event_age=344s | wave=q5 total=60 valid=0 running=13 pending=47 launched=13 failed=0 gaveup=0 forkfail=0 free_kb=5056568 sims_boxwide=12 last_event_age=0s last_event_epoch=1790574246
[07:50:50] .. alive runid=20260928-074143-2024 event_age=404s | wave=q5 total=60 valid=0 running=13 pending=47 launched=13 failed=0 gaveup=0 forkfail=0 free_kb=5056568 sims_boxwide=12 last_event_age=0s last_event_epoch=1790574246
[07:51:45] DONE plKC_east_half_1999015533 rc=0 582s plKC east/half seed=1999015533 rescued=3 dead=1 unreachable=0 never_detected=0 ff_deaths=0 terminal=150 completions=3 recycles=3 removals=3 returns=3 wall=581s [valid 1/60] src=925559e6d528 ext=158afe36be41 head=9a2e5c45ee931dcd8deb26e94b7f1190a093bfe4
[07:51:46] LAUNCH plKC_south_half_1386492524 running=13 free_kb=4850168 sims_boxwide=12 attempt=1 src=925559e6d528 ext=158afe36be41 head=9a2e5c45ee931dcd8deb26e94b7f1190a093bfe4
[07:51:50] .. alive runid=20260928-074143-2024 event_age=4s | wave=q5 total=60 valid=1 running=13 pending=46 launched=14 failed=0 gaveup=0 forkfail=0 free_kb=4850168 sims_boxwide=12 last_event_age=0s last_event_epoch=1790574706
[07:52:03] DONE plKC_east_half_1506055301 rc=0 612s plKC east/half seed=1506055301 rescued=3 dead=1 unreachable=0 never_detected=0 ff_deaths=0 terminal=150 completions=3 recycles=3 removals=3 returns=3 wall=610s [valid 2/60] src=925559e6d528 ext=158afe36be41 head=9a2e5c45ee931dcd8deb26e94b7f1190a093bfe4
[07:52:04] LAUNCH plKC_south_half_481765503 running=13 free_kb=4873552 sims_boxwide=12 attempt=1 src=925559e6d528 ext=158afe36be41 head=9a2e5c45ee931dcd8deb26e94b7f1190a093bfe4
[07:52:18] DONE plKC_east_half_1468405687 rc=0 582s plKC east/half seed=1468405687 rescued=4 dead=0 unreachable=0 never_detected=0 ff_deaths=0 terminal=126 completions=4 recycles=4 removals=4 returns=4 wall=580s [valid 3/60] src=925559e6d528 ext=158afe36be41 head=9a2e5c45ee931dcd8deb26e94b7f1190a093bfe4
[07:52:19] LAUNCH plKC_south_half_1415738618 running=13 free_kb=4924288 sims_boxwide=12 attempt=1 src=925559e6d528 ext=158afe36be41 head=9a2e5c45ee931dcd8deb26e94b7f1190a093bfe4
[07:52:35] DONE plKC_east_half_1301429659 rc=0 577s plKC east/half seed=1301429659 rescued=3 dead=1 unreachable=0 never_detected=0 ff_deaths=0 terminal=116 completions=3 recycles=3 removals=3 returns=3 wall=575s [valid 4/60] src=925559e6d528 ext=158afe36be41 head=9a2e5c45ee931dcd8deb26e94b7f1190a093bfe4
[07:52:37] LAUNCH plKC_south_half_1218089274 running=13 free_kb=4888108 sims_boxwide=12 attempt=1 src=925559e6d528 ext=158afe36be41 head=9a2e5c45ee931dcd8deb26e94b7f1190a093bfe4
[07:52:47] DONE plKC_east_half_264075293 rc=0 555s plKC east/half seed=264075293 rescued=3 dead=1 unreachable=0 never_detected=0 ff_deaths=0 terminal=97 completions=3 recycles=3 removals=3 returns=3 wall=544s [valid 5/60] src=925559e6d528 ext=158afe36be41 head=9a2e5c45ee931dcd8deb26e94b7f1190a093bfe4
[07:52:49] LAUNCH plKC_south_half_2084799913 running=13 free_kb=4919840 sims_boxwide=12 attempt=1 src=925559e6d528 ext=158afe36be41 head=9a2e5c45ee931dcd8deb26e94b7f1190a093bfe4
[07:52:50] .. alive runid=20260928-074143-2024 event_age=1s | wave=q5 total=60 valid=5 running=13 pending=42 launched=18 failed=0 gaveup=0 forkfail=0 free_kb=4919840 sims_boxwide=12 last_event_age=0s last_event_epoch=1790574769
[07:53:00] DONE plKC_east_half_2091896221 rc=0 556s plKC east/half seed=2091896221 rescued=3 dead=1 unreachable=0 never_detected=0 ff_deaths=0 terminal=96 completions=3 recycles=3 removals=3 returns=3 wall=553s [valid 6/60] src=925559e6d528 ext=158afe36be41 head=9a2e5c45ee931dcd8deb26e94b7f1190a093bfe4
[07:53:00] DONE plKC_east_half_824498143 rc=0 636s plKC east/half seed=824498143 rescued=3 dead=1 unreachable=0 never_detected=0 ff_deaths=0 terminal=139 completions=3 recycles=3 removals=3 returns=3 wall=623s [valid 7/60] src=925559e6d528 ext=158afe36be41 head=9a2e5c45ee931dcd8deb26e94b7f1190a093bfe4
[07:53:02] LAUNCH plKC_south_half_1335705976 running=12 free_kb=5848412 sims_boxwide=11 attempt=1 src=925559e6d528 ext=158afe36be41 head=9a2e5c45ee931dcd8deb26e94b7f1190a093bfe4
[07:53:12] DONE plKC_east_half_1341701987 rc=0 591s plKC east/half seed=1341701987 rescued=4 dead=0 unreachable=0 never_detected=0 ff_deaths=0 terminal=127 completions=4 recycles=4 removals=4 returns=4 wall=588s [valid 8/60] src=925559e6d528 ext=158afe36be41 head=9a2e5c45ee931dcd8deb26e94b7f1190a093bfe4
[07:53:14] LAUNCH plKC_south_half_588279432 running=12 free_kb=5896268 sims_boxwide=11 attempt=1 src=925559e6d528 ext=158afe36be41 head=9a2e5c45ee931dcd8deb26e94b7f1190a093bfe4
[07:53:25] LAUNCH plKC_south_half_1887778617 running=13 free_kb=5033980 sims_boxwide=12 attempt=1 src=925559e6d528 ext=158afe36be41 head=9a2e5c45ee931dcd8deb26e94b7f1190a093bfe4
[07:53:36] DONE plKC_east_half_2095654154 rc=0 682s plKC east/half seed=2095654154 rescued=2 dead=2 unreachable=0 never_detected=0 ff_deaths=0 terminal=193 completions=2 recycles=2 removals=2 returns=2 wall=677s [valid 9/60] src=925559e6d528 ext=158afe36be41 head=9a2e5c45ee931dcd8deb26e94b7f1190a093bfe4
[07:53:37] LAUNCH plKC_south_half_2128361047 running=13 free_kb=4993428 sims_boxwide=12 attempt=1 src=925559e6d528 ext=158afe36be41 head=9a2e5c45ee931dcd8deb26e94b7f1190a093bfe4
[07:53:50] .. alive runid=20260928-074143-2024 event_age=13s | wave=q5 total=60 valid=9 running=13 pending=38 launched=22 failed=0 gaveup=0 forkfail=0 free_kb=4993428 sims_boxwide=12 last_event_age=0s last_event_epoch=1790574817
[07:54:26] DONE plKC_east_half_1717500098 rc=0 619s plKC east/half seed=1717500098 rescued=4 dead=0 unreachable=0 never_detected=0 ff_deaths=0 terminal=125 completions=4 recycles=4 removals=4 returns=4 wall=618s [valid 10/60] src=925559e6d528 ext=158afe36be41 head=9a2e5c45ee931dcd8deb26e94b7f1190a093bfe4
[07:54:27] LAUNCH plKC_south_half_684332673 running=13 free_kb=4894820 sims_boxwide=12 attempt=1 src=925559e6d528 ext=158afe36be41 head=9a2e5c45ee931dcd8deb26e94b7f1190a093bfe4
[07:54:50] .. alive runid=20260928-074143-2024 event_age=23s | wave=q5 total=60 valid=10 running=13 pending=37 launched=23 failed=0 gaveup=0 forkfail=0 free_kb=4894820 sims_boxwide=12 last_event_age=0s last_event_epoch=1790574867
[07:55:06] DONE plKC_east_half_731846821 rc=0 739s plKC east/half seed=731846821 rescued=3 dead=1 unreachable=0 never_detected=0 ff_deaths=0 terminal=222 completions=3 recycles=3 removals=3 returns=3 wall=737s [valid 11/60] src=925559e6d528 ext=158afe36be41 head=9a2e5c45ee931dcd8deb26e94b7f1190a093bfe4
[07:55:07] LAUNCH plKC_south_half_1320165480 running=13 free_kb=4911632 sims_boxwide=12 attempt=1 src=925559e6d528 ext=158afe36be41 head=9a2e5c45ee931dcd8deb26e94b7f1190a093bfe4
[07:55:51] .. alive runid=20260928-074143-2024 event_age=44s | wave=q5 total=60 valid=11 running=13 pending=36 launched=24 failed=0 gaveup=0 forkfail=0 free_kb=4911632 sims_boxwide=12 last_event_age=0s last_event_epoch=1790574907
[07:55:56] DONE plKC_east_half_53258209 rc=0 766s plKC east/half seed=53258209 rescued=4 dead=0 unreachable=0 never_detected=0 ff_deaths=0 terminal=214 completions=4 recycles=4 removals=4 returns=4 wall=764s [valid 12/60] src=925559e6d528 ext=158afe36be41 head=9a2e5c45ee931dcd8deb26e94b7f1190a093bfe4
[07:55:57] LAUNCH plKC_south_half_751617716 running=13 free_kb=4907228 sims_boxwide=12 attempt=1 src=925559e6d528 ext=158afe36be41 head=9a2e5c45ee931dcd8deb26e94b7f1190a093bfe4
[07:56:51] .. alive runid=20260928-074143-2024 event_age=54s | wave=q5 total=60 valid=12 running=13 pending=35 launched=25 failed=0 gaveup=0 forkfail=0 free_kb=4907228 sims_boxwide=12 last_event_age=0s last_event_epoch=1790574957
[07:57:21] DONE plKC_south_half_481765503 rc=0 317s plKC south/half seed=481765503 rescued=4 dead=0 unreachable=0 never_detected=0 ff_deaths=0 terminal=106 completions=4 recycles=4 removals=4 returns=4 wall=315s [valid 13/60] src=925559e6d528 ext=158afe36be41 head=9a2e5c45ee931dcd8deb26e94b7f1190a093bfe4
[07:57:23] LAUNCH plKC_south_half_422588777 running=13 free_kb=4900936 sims_boxwide=12 attempt=1 src=925559e6d528 ext=158afe36be41 head=9a2e5c45ee931dcd8deb26e94b7f1190a093bfe4
[07:57:51] .. alive runid=20260928-074143-2024 event_age=28s | wave=q5 total=60 valid=13 running=13 pending=34 launched=26 failed=0 gaveup=0 forkfail=0 free_kb=4900936 sims_boxwide=12 last_event_age=0s last_event_epoch=1790575043
[07:58:15] DONE plKC_south_half_1386492524 rc=0 388s plKC south/half seed=1386492524 rescued=3 dead=1 unreachable=0 never_detected=0 ff_deaths=0 terminal=87 completions=3 recycles=3 removals=3 returns=3 wall=386s [valid 14/60] src=925559e6d528 ext=158afe36be41 head=9a2e5c45ee931dcd8deb26e94b7f1190a093bfe4
[07:58:16] LAUNCH plKC_east_def_6554204 running=13 free_kb=4886152 sims_boxwide=12 attempt=1 src=925559e6d528 ext=158afe36be41 head=9a2e5c45ee931dcd8deb26e94b7f1190a093bfe4
[07:58:27] DONE plKC_south_half_1415738618 rc=0 368s plKC south/half seed=1415738618 rescued=4 dead=0 unreachable=0 never_detected=0 ff_deaths=0 terminal=114 completions=4 recycles=4 removals=4 returns=4 wall=359s [valid 15/60] src=925559e6d528 ext=158afe36be41 head=9a2e5c45ee931dcd8deb26e94b7f1190a093bfe4
[07:58:29] LAUNCH plKC_east_def_1325753362 running=13 free_kb=4888576 sims_boxwide=12 attempt=1 src=925559e6d528 ext=158afe36be41 head=9a2e5c45ee931dcd8deb26e94b7f1190a093bfe4
[07:58:45] DONE plKC_south_half_2128361047 rc=0 307s plKC south/half seed=2128361047 rescued=4 dead=0 unreachable=0 never_detected=0 ff_deaths=1 terminal=154 completions=4 recycles=4 removals=4 returns=4 wall=305s [valid 16/60] src=925559e6d528 ext=158afe36be41 head=9a2e5c45ee931dcd8deb26e94b7f1190a093bfe4
[07:58:46] LAUNCH plKC_east_def_265702576 running=13 free_kb=4882760 sims_boxwide=12 attempt=1 src=925559e6d528 ext=158afe36be41 head=9a2e5c45ee931dcd8deb26e94b7f1190a093bfe4
[07:58:51] .. alive runid=20260928-074143-2024 event_age=5s | wave=q5 total=60 valid=16 running=13 pending=31 launched=29 failed=0 gaveup=0 forkfail=0 free_kb=4882760 sims_boxwide=12 last_event_age=0s last_event_epoch=1790575126
[07:58:57] DONE plKC_south_half_1335705976 rc=0 354s plKC south/half seed=1335705976 rescued=3 dead=1 unreachable=0 never_detected=0 ff_deaths=1 terminal=150 completions=3 recycles=3 removals=3 returns=3 wall=351s [valid 17/60] src=925559e6d528 ext=158afe36be41 head=9a2e5c45ee931dcd8deb26e94b7f1190a093bfe4
[07:58:57] DONE plKC_south_half_2084799913 rc=0 368s plKC south/half seed=2084799913 rescued=3 dead=1 unreachable=0 never_detected=0 ff_deaths=0 terminal=180 completions=3 recycles=3 removals=3 returns=3 wall=365s [valid 18/60] src=925559e6d528 ext=158afe36be41 head=9a2e5c45ee931dcd8deb26e94b7f1190a093bfe4
[07:58:58] DONE plKC_east_half_21892117 rc=0 902s plKC east/half seed=21892117 rescued=4 dead=0 unreachable=0 never_detected=0 ff_deaths=0 terminal=263 completions=4 recycles=4 removals=4 returns=4 wall=890s [valid 19/60] src=925559e6d528 ext=158afe36be41 head=9a2e5c45ee931dcd8deb26e94b7f1190a093bfe4
[07:58:59] DONE plKC_south_half_1218089274 rc=0 381s plKC south/half seed=1218089274 rescued=2 dead=2 unreachable=0 never_detected=0 ff_deaths=0 terminal=90 completions=2 recycles=2 removals=2 returns=2 wall=375s [valid 20/60] src=925559e6d528 ext=158afe36be41 head=9a2e5c45ee931dcd8deb26e94b7f1190a093bfe4
[07:59:00] LAUNCH plKC_east_def_1686457565 running=10 free_kb=7622468 sims_boxwide=9 attempt=1 src=925559e6d528 ext=158afe36be41 head=9a2e5c45ee931dcd8deb26e94b7f1190a093bfe4
[07:59:11] DONE plKC_south_half_588279432 rc=0 356s plKC south/half seed=588279432 rescued=4 dead=0 unreachable=0 never_detected=0 ff_deaths=0 terminal=131 completions=4 recycles=4 removals=4 returns=4 wall=346s [valid 21/60] src=925559e6d528 ext=158afe36be41 head=9a2e5c45ee931dcd8deb26e94b7f1190a093bfe4
[07:59:12] LAUNCH plKG_east_half_1506055301 running=10 free_kb=7697840 sims_boxwide=9 attempt=1 src=925559e6d528 ext=158afe36be41 head=9a2e5c45ee931dcd8deb26e94b7f1190a093bfe4
[07:59:24] LAUNCH plKG_east_half_1999015533 running=11 free_kb=6729688 sims_boxwide=10 attempt=1 src=925559e6d528 ext=158afe36be41 head=9a2e5c45ee931dcd8deb26e94b7f1190a093bfe4
[07:59:35] LAUNCH plKG_east_half_2095654154 running=12 free_kb=5826308 sims_boxwide=11 attempt=1 src=925559e6d528 ext=158afe36be41 head=9a2e5c45ee931dcd8deb26e94b7f1190a093bfe4
[07:59:46] LAUNCH plKG_east_half_824498143 running=13 free_kb=4936256 sims_boxwide=12 attempt=1 src=925559e6d528 ext=158afe36be41 head=9a2e5c45ee931dcd8deb26e94b7f1190a093bfe4
[07:59:51] .. alive runid=20260928-074143-2024 event_age=5s | wave=q5 total=60 valid=21 running=13 pending=26 launched=34 failed=0 gaveup=0 forkfail=0 free_kb=4936256 sims_boxwide=12 last_event_age=0s last_event_epoch=1790575186
[08:00:51] .. alive runid=20260928-074143-2024 event_age=65s | wave=q5 total=60 valid=21 running=13 pending=26 launched=34 failed=0 gaveup=0 forkfail=0 free_kb=4936256 sims_boxwide=12 last_event_age=0s last_event_epoch=1790575186
[08:01:16] DONE plKC_south_half_1887778617 rc=0 471s plKC south/half seed=1887778617 rescued=2 dead=1 unreachable=1 never_detected=0 ff_deaths=2 terminal=245 completions=2 recycles=2 removals=2 returns=2 wall=469s [valid 22/60] src=925559e6d528 ext=158afe36be41 head=9a2e5c45ee931dcd8deb26e94b7f1190a093bfe4
[08:01:18] LAUNCH plKG_east_half_1468405687 running=13 free_kb=4985212 sims_boxwide=12 attempt=1 src=925559e6d528 ext=158afe36be41 head=9a2e5c45ee931dcd8deb26e94b7f1190a093bfe4
[08:01:29] DONE plKC_south_half_1320165480 rc=0 381s plKC south/half seed=1320165480 rescued=3 dead=1 unreachable=0 never_detected=0 ff_deaths=0 terminal=223 completions=3 recycles=3 removals=3 returns=3 wall=375s [valid 23/60] src=925559e6d528 ext=158afe36be41 head=9a2e5c45ee931dcd8deb26e94b7f1190a093bfe4
[08:01:30] LAUNCH plKG_east_half_731846821 running=13 free_kb=4987716 sims_boxwide=12 attempt=1 src=925559e6d528 ext=158afe36be41 head=9a2e5c45ee931dcd8deb26e94b7f1190a093bfe4
[08:01:41] DONE plKC_south_half_684332673 rc=0 433s plKC south/half seed=684332673 rescued=3 dead=0 unreachable=1 never_detected=0 ff_deaths=2 terminal=189 completions=3 recycles=3 removals=3 returns=3 wall=425s [valid 24/60] src=925559e6d528 ext=158afe36be41 head=9a2e5c45ee931dcd8deb26e94b7f1190a093bfe4
[08:01:42] LAUNCH plKG_east_half_1301429659 running=13 free_kb=4962672 sims_boxwide=12 attempt=1 src=925559e6d528 ext=158afe36be41 head=9a2e5c45ee931dcd8deb26e94b7f1190a093bfe4
[08:01:51] .. alive runid=20260928-074143-2024 event_age=9s | wave=q5 total=60 valid=24 running=13 pending=23 launched=37 failed=0 gaveup=0 forkfail=0 free_kb=4962672 sims_boxwide=12 last_event_age=0s last_event_epoch=1790575302
[08:02:09] DONE plKC_south_half_422588777 rc=0 286s plKC south/half seed=422588777 rescued=4 dead=0 unreachable=0 never_detected=0 ff_deaths=0 terminal=100 completions=4 recycles=4 removals=4 returns=4 wall=284s [valid 25/60] src=925559e6d528 ext=158afe36be41 head=9a2e5c45ee931dcd8deb26e94b7f1190a093bfe4
[08:02:11] LAUNCH plKG_east_half_53258209 running=13 free_kb=4985940 sims_boxwide=12 attempt=1 src=925559e6d528 ext=158afe36be41 head=9a2e5c45ee931dcd8deb26e94b7f1190a093bfe4
[08:02:36] DONE plKC_south_half_751617716 rc=0 398s plKC south/half seed=751617716 rescued=3 dead=1 unreachable=0 never_detected=0 ff_deaths=1 terminal=187 completions=3 recycles=3 removals=3 returns=3 wall=397s [valid 26/60] src=925559e6d528 ext=158afe36be41 head=9a2e5c45ee931dcd8deb26e94b7f1190a093bfe4
[08:02:37] LAUNCH plKG_east_half_1341701987 running=13 free_kb=4929632 sims_boxwide=12 attempt=1 src=925559e6d528 ext=158afe36be41 head=9a2e5c45ee931dcd8deb26e94b7f1190a093bfe4
[08:02:51] .. alive runid=20260928-074143-2024 event_age=14s | wave=q5 total=60 valid=26 running=13 pending=21 launched=39 failed=0 gaveup=0 forkfail=0 free_kb=4929632 sims_boxwide=12 last_event_age=0s last_event_epoch=1790575357
[08:03:18] DONE plKC_east_def_6554204 rc=0 301s plKC east/default seed=6554204 rescued=3 dead=0 unreachable=1 never_detected=1 ff_deaths=0 terminal=210 completions=3 recycles=3 removals=3 returns=3 wall=299s [valid 27/60] src=925559e6d528 ext=158afe36be41 head=9a2e5c45ee931dcd8deb26e94b7f1190a093bfe4
[08:03:19] LAUNCH plKG_east_half_264075293 running=13 free_kb=5022284 sims_boxwide=12 attempt=1 src=925559e6d528 ext=158afe36be41 head=9a2e5c45ee931dcd8deb26e94b7f1190a093bfe4
[08:03:51] .. alive runid=20260928-074143-2024 event_age=32s | wave=q5 total=60 valid=27 running=13 pending=20 launched=40 failed=0 gaveup=0 forkfail=0 free_kb=5022284 sims_boxwide=12 last_event_age=0s last_event_epoch=1790575399
[08:04:13] DONE plKC_east_def_1686457565 rc=0 312s plKC east/default seed=1686457565 rescued=4 dead=0 unreachable=0 never_detected=0 ff_deaths=0 terminal=175 completions=4 recycles=4 removals=4 returns=4 wall=311s [valid 28/60] src=925559e6d528 ext=158afe36be41 head=9a2e5c45ee931dcd8deb26e94b7f1190a093bfe4
[08:04:14] LAUNCH plKG_east_half_2091896221 running=13 free_kb=5013428 sims_boxwide=12 attempt=1 src=925559e6d528 ext=158afe36be41 head=9a2e5c45ee931dcd8deb26e94b7f1190a093bfe4
[08:04:25] DONE plKC_east_def_265702576 rc=0 339s plKC east/default seed=265702576 rescued=2 dead=2 unreachable=0 never_detected=0 ff_deaths=0 terminal=132 completions=2 recycles=2 removals=2 returns=2 wall=335s [valid 29/60] src=925559e6d528 ext=158afe36be41 head=9a2e5c45ee931dcd8deb26e94b7f1190a093bfe4
[08:04:27] LAUNCH plKG_east_half_21892117 running=13 free_kb=4969512 sims_boxwide=12 attempt=1 src=925559e6d528 ext=158afe36be41 head=9a2e5c45ee931dcd8deb26e94b7f1190a093bfe4
[08:04:51] .. alive runid=20260928-074143-2024 event_age=24s | wave=q5 total=60 valid=29 running=13 pending=18 launched=42 failed=0 gaveup=0 forkfail=0 free_kb=4969512 sims_boxwide=12 last_event_age=0s last_event_epoch=1790575467
[08:05:14] DONE plKC_east_def_1325753362 rc=0 404s plKC east/default seed=1325753362 rescued=2 dead=2 unreachable=0 never_detected=0 ff_deaths=0 terminal=219 completions=2 recycles=2 removals=2 returns=2 wall=402s [valid 30/60] src=925559e6d528 ext=158afe36be41 head=9a2e5c45ee931dcd8deb26e94b7f1190a093bfe4
[08:05:15] LAUNCH plKG_east_half_1717500098 running=13 free_kb=4979808 sims_boxwide=12 attempt=1 src=925559e6d528 ext=158afe36be41 head=9a2e5c45ee931dcd8deb26e94b7f1190a093bfe4
[08:05:51] .. alive runid=20260928-074143-2024 event_age=36s | wave=q5 total=60 valid=30 running=13 pending=17 launched=43 failed=0 gaveup=0 forkfail=0 free_kb=4979808 sims_boxwide=12 last_event_age=0s last_event_epoch=1790575515
[08:06:52] .. alive runid=20260928-074143-2024 event_age=97s | wave=q5 total=60 valid=30 running=13 pending=17 launched=43 failed=0 gaveup=0 forkfail=0 free_kb=4979808 sims_boxwide=12 last_event_age=0s last_event_epoch=1790575515
[08:07:52] .. alive runid=20260928-074143-2024 event_age=157s | wave=q5 total=60 valid=30 running=13 pending=17 launched=43 failed=0 gaveup=0 forkfail=0 free_kb=4979808 sims_boxwide=12 last_event_age=0s last_event_epoch=1790575515
[08:08:32] DONE plKG_east_half_1506055301 rc=0 559s plKG east/half seed=1506055301 rescued=3 dead=1 unreachable=0 never_detected=0 ff_deaths=0 terminal=150 completions=3 recycles=3 removals=3 returns=3 wall=557s [valid 31/60] src=925559e6d528 ext=158afe36be41 head=9a2e5c45ee931dcd8deb26e94b7f1190a093bfe4
[08:08:33] LAUNCH plKG_south_half_1386492524 running=13 free_kb=4946592 sims_boxwide=12 attempt=1 src=925559e6d528 ext=158afe36be41 head=9a2e5c45ee931dcd8deb26e94b7f1190a093bfe4
[08:08:52] .. alive runid=20260928-074143-2024 event_age=19s | wave=q5 total=60 valid=31 running=13 pending=16 launched=44 failed=0 gaveup=0 forkfail=0 free_kb=4946592 sims_boxwide=12 last_event_age=0s last_event_epoch=1790575713
[08:09:10] DONE plKG_east_half_2095654154 rc=0 574s plKG east/half seed=2095654154 rescued=2 dead=2 unreachable=0 never_detected=0 ff_deaths=0 terminal=193 completions=2 recycles=2 removals=2 returns=2 wall=573s [valid 32/60] src=925559e6d528 ext=158afe36be41 head=9a2e5c45ee931dcd8deb26e94b7f1190a093bfe4
[08:09:11] LAUNCH plKG_south_half_481765503 running=13 free_kb=4887560 sims_boxwide=12 attempt=1 src=925559e6d528 ext=158afe36be41 head=9a2e5c45ee931dcd8deb26e94b7f1190a093bfe4
[08:09:22] DONE plKG_east_half_1999015533 rc=0 598s plKG east/half seed=1999015533 rescued=3 dead=1 unreachable=0 never_detected=0 ff_deaths=0 terminal=150 completions=3 recycles=3 removals=3 returns=3 wall=596s [valid 33/60] src=925559e6d528 ext=158afe36be41 head=9a2e5c45ee931dcd8deb26e94b7f1190a093bfe4
[08:09:24] LAUNCH plKG_south_half_1415738618 running=13 free_kb=4801460 sims_boxwide=12 attempt=1 src=925559e6d528 ext=158afe36be41 head=9a2e5c45ee931dcd8deb26e94b7f1190a093bfe4
[08:09:52] .. alive runid=20260928-074143-2024 event_age=28s | wave=q5 total=60 valid=33 running=13 pending=14 launched=46 failed=0 gaveup=0 forkfail=0 free_kb=4801460 sims_boxwide=12 last_event_age=0s last_event_epoch=1790575764
[08:10:04] DONE plKG_east_half_731846821 rc=0 513s plKG east/half seed=731846821 rescued=3 dead=1 unreachable=0 never_detected=0 ff_deaths=0 terminal=169 completions=3 recycles=3 removals=3 returns=3 wall=511s [valid 34/60] src=925559e6d528 ext=158afe36be41 head=9a2e5c45ee931dcd8deb26e94b7f1190a093bfe4
[08:10:05] LAUNCH plKG_south_half_1218089274 running=13 free_kb=4823964 sims_boxwide=12 attempt=1 src=925559e6d528 ext=158afe36be41 head=9a2e5c45ee931dcd8deb26e94b7f1190a093bfe4
[08:10:16] DONE plKG_east_half_824498143 rc=0 629s plKG east/half seed=824498143 rescued=3 dead=1 unreachable=0 never_detected=0 ff_deaths=0 terminal=139 completions=3 recycles=3 removals=3 returns=3 wall=625s [valid 35/60] src=925559e6d528 ext=158afe36be41 head=9a2e5c45ee931dcd8deb26e94b7f1190a093bfe4
[08:10:17] LAUNCH plKG_south_half_2084799913 running=13 free_kb=4853352 sims_boxwide=12 attempt=1 src=925559e6d528 ext=158afe36be41 head=9a2e5c45ee931dcd8deb26e94b7f1190a093bfe4
[08:10:43] DONE plKG_east_half_1301429659 rc=0 541s plKG east/half seed=1301429659 rescued=3 dead=1 unreachable=0 never_detected=0 ff_deaths=0 terminal=116 completions=3 recycles=3 removals=3 returns=3 wall=539s [valid 36/60] src=925559e6d528 ext=158afe36be41 head=9a2e5c45ee931dcd8deb26e94b7f1190a093bfe4
[08:10:45] LAUNCH plKG_south_half_1335705976 running=13 free_kb=4825828 sims_boxwide=12 attempt=1 src=925559e6d528 ext=158afe36be41 head=9a2e5c45ee931dcd8deb26e94b7f1190a093bfe4
[08:10:52] .. alive runid=20260928-074143-2024 event_age=7s | wave=q5 total=60 valid=36 running=13 pending=11 launched=49 failed=0 gaveup=0 forkfail=0 free_kb=4825828 sims_boxwide=12 last_event_age=0s last_event_epoch=1790575845
[08:10:55] DONE plKG_east_half_1468405687 rc=0 577s plKG east/half seed=1468405687 rescued=4 dead=0 unreachable=0 never_detected=0 ff_deaths=0 terminal=126 completions=4 recycles=4 removals=4 returns=4 wall=571s [valid 37/60] src=925559e6d528 ext=158afe36be41 head=9a2e5c45ee931dcd8deb26e94b7f1190a093bfe4
[08:10:57] LAUNCH plKG_south_half_588279432 running=13 free_kb=4919340 sims_boxwide=12 attempt=1 src=925559e6d528 ext=158afe36be41 head=9a2e5c45ee931dcd8deb26e94b7f1190a093bfe4
[08:11:15] DONE plKG_east_half_53258209 rc=0 543s plKG east/half seed=53258209 rescued=4 dead=0 unreachable=0 never_detected=0 ff_deaths=0 terminal=214 completions=4 recycles=4 removals=4 returns=4 wall=542s [valid 38/60] src=925559e6d528 ext=158afe36be41 head=9a2e5c45ee931dcd8deb26e94b7f1190a093bfe4
[08:11:16] LAUNCH plKG_south_half_1887778617 running=13 free_kb=4965940 sims_boxwide=12 attempt=1 src=925559e6d528 ext=158afe36be41 head=9a2e5c45ee931dcd8deb26e94b7f1190a093bfe4
[08:11:50] DONE plKG_east_half_1341701987 rc=0 552s plKG east/half seed=1341701987 rescued=4 dead=0 unreachable=0 never_detected=0 ff_deaths=0 terminal=127 completions=4 recycles=4 removals=4 returns=4 wall=550s [valid 39/60] src=925559e6d528 ext=158afe36be41 head=9a2e5c45ee931dcd8deb26e94b7f1190a093bfe4
[08:11:51] LAUNCH plKG_south_half_2128361047 running=13 free_kb=4910620 sims_boxwide=12 attempt=1 src=925559e6d528 ext=158afe36be41 head=9a2e5c45ee931dcd8deb26e94b7f1190a093bfe4
[08:11:52] .. alive runid=20260928-074143-2024 event_age=1s | wave=q5 total=60 valid=39 running=13 pending=8 launched=52 failed=0 gaveup=0 forkfail=0 free_kb=4910620 sims_boxwide=12 last_event_age=0s last_event_epoch=1790575911
[08:12:50] DONE plKG_east_half_2091896221 rc=0 515s plKG east/half seed=2091896221 rescued=3 dead=1 unreachable=0 never_detected=0 ff_deaths=0 terminal=96 completions=3 recycles=3 removals=3 returns=3 wall=513s [valid 40/60] src=925559e6d528 ext=158afe36be41 head=9a2e5c45ee931dcd8deb26e94b7f1190a093bfe4
[08:12:52] LAUNCH plKG_south_half_684332673 running=13 free_kb=4909844 sims_boxwide=12 attempt=1 src=925559e6d528 ext=158afe36be41 head=9a2e5c45ee931dcd8deb26e94b7f1190a093bfe4
[08:12:52] .. alive runid=20260928-074143-2024 event_age=0s | wave=q5 total=60 valid=40 running=13 pending=7 launched=53 failed=0 gaveup=0 forkfail=0 free_kb=4909844 sims_boxwide=12 last_event_age=0s last_event_epoch=1790575972
[08:13:12] DONE plKG_east_half_264075293 rc=0 592s plKG east/half seed=264075293 rescued=3 dead=1 unreachable=0 never_detected=0 ff_deaths=0 terminal=97 completions=3 recycles=3 removals=3 returns=3 wall=591s [valid 41/60] src=925559e6d528 ext=158afe36be41 head=9a2e5c45ee931dcd8deb26e94b7f1190a093bfe4
[08:13:13] LAUNCH plKG_south_half_1320165480 running=13 free_kb=4924584 sims_boxwide=12 attempt=1 src=925559e6d528 ext=158afe36be41 head=9a2e5c45ee931dcd8deb26e94b7f1190a093bfe4
[08:13:52] .. alive runid=20260928-074143-2024 event_age=39s | wave=q5 total=60 valid=41 running=13 pending=6 launched=54 failed=0 gaveup=0 forkfail=0 free_kb=4924584 sims_boxwide=12 last_event_age=0s last_event_epoch=1790575993
[08:14:03] DONE plKG_east_half_1717500098 rc=0 527s plKG east/half seed=1717500098 rescued=4 dead=0 unreachable=0 never_detected=0 ff_deaths=0 terminal=125 completions=4 recycles=4 removals=4 returns=4 wall=525s [valid 42/60] src=925559e6d528 ext=158afe36be41 head=9a2e5c45ee931dcd8deb26e94b7f1190a093bfe4
[08:14:04] LAUNCH plKG_south_half_751617716 running=13 free_kb=4860468 sims_boxwide=12 attempt=1 src=925559e6d528 ext=158afe36be41 head=9a2e5c45ee931dcd8deb26e94b7f1190a093bfe4
[08:14:31] DONE plKG_south_half_481765503 rc=0 319s plKG south/half seed=481765503 rescued=4 dead=0 unreachable=0 never_detected=0 ff_deaths=0 terminal=166 completions=4 recycles=4 removals=4 returns=4 wall=317s [valid 43/60] src=925559e6d528 ext=158afe36be41 head=9a2e5c45ee931dcd8deb26e94b7f1190a093bfe4
[08:14:32] LAUNCH plKG_south_half_422588777 running=13 free_kb=4853560 sims_boxwide=12 attempt=1 src=925559e6d528 ext=158afe36be41 head=9a2e5c45ee931dcd8deb26e94b7f1190a093bfe4
[08:14:44] DONE plKG_south_half_1386492524 rc=0 370s plKG south/half seed=1386492524 rescued=3 dead=1 unreachable=0 never_detected=0 ff_deaths=0 terminal=87 completions=3 recycles=3 removals=3 returns=3 wall=369s [valid 44/60] src=925559e6d528 ext=158afe36be41 head=9a2e5c45ee931dcd8deb26e94b7f1190a093bfe4
[08:14:45] LAUNCH plKG_east_def_6554204 running=13 free_kb=4851388 sims_boxwide=12 attempt=1 src=925559e6d528 ext=158afe36be41 head=9a2e5c45ee931dcd8deb26e94b7f1190a093bfe4
[08:14:52] .. alive runid=20260928-074143-2024 event_age=7s | wave=q5 total=60 valid=44 running=13 pending=3 launched=57 failed=0 gaveup=0 forkfail=0 free_kb=4851388 sims_boxwide=12 last_event_age=0s last_event_epoch=1790576085
[08:15:16] DONE plKG_south_half_1415738618 rc=0 351s plKG south/half seed=1415738618 rescued=4 dead=0 unreachable=0 never_detected=0 ff_deaths=0 terminal=114 completions=4 recycles=4 removals=4 returns=4 wall=350s [valid 45/60] src=925559e6d528 ext=158afe36be41 head=9a2e5c45ee931dcd8deb26e94b7f1190a093bfe4
[08:15:17] LAUNCH plKG_east_def_1325753362 running=13 free_kb=3904784 sims_boxwide=13 attempt=1 src=925559e6d528 ext=158afe36be41 head=9a2e5c45ee931dcd8deb26e94b7f1190a093bfe4
[08:15:47] DONE plKG_south_half_588279432 rc=0 289s plKG south/half seed=588279432 rescued=4 dead=0 unreachable=0 never_detected=0 ff_deaths=0 terminal=131 completions=4 recycles=4 removals=4 returns=4 wall=287s [valid 46/60] src=925559e6d528 ext=158afe36be41 head=9a2e5c45ee931dcd8deb26e94b7f1190a093bfe4
[08:15:48] LAUNCH plKG_east_def_265702576 running=13 free_kb=3961312 sims_boxwide=13 attempt=1 src=925559e6d528 ext=158afe36be41 head=9a2e5c45ee931dcd8deb26e94b7f1190a093bfe4
[08:15:52] .. alive runid=20260928-074143-2024 event_age=4s | wave=q5 total=60 valid=46 running=13 pending=1 launched=59 failed=0 gaveup=0 forkfail=0 free_kb=3961312 sims_boxwide=13 last_event_age=0s last_event_epoch=1790576148
[08:16:08] DONE plKG_south_half_1218089274 rc=0 363s plKG south/half seed=1218089274 rescued=2 dead=2 unreachable=0 never_detected=0 ff_deaths=0 terminal=90 completions=2 recycles=2 removals=2 returns=2 wall=361s [valid 47/60] src=925559e6d528 ext=158afe36be41 head=9a2e5c45ee931dcd8deb26e94b7f1190a093bfe4
[08:16:10] LAUNCH plKG_east_def_1686457565 running=13 free_kb=3985808 sims_boxwide=13 attempt=1 src=925559e6d528 ext=158afe36be41 head=9a2e5c45ee931dcd8deb26e94b7f1190a093bfe4
[08:16:40] DONE plKG_south_half_2084799913 rc=0 382s plKG south/half seed=2084799913 rescued=3 dead=1 unreachable=0 never_detected=0 ff_deaths=0 terminal=180 completions=3 recycles=3 removals=3 returns=3 wall=380s [valid 48/60] src=925559e6d528 ext=158afe36be41 head=9a2e5c45ee931dcd8deb26e94b7f1190a093bfe4
[08:16:52] .. alive runid=20260928-074143-2024 event_age=13s | wave=q5 total=60 valid=48 running=12 pending=0 launched=60 failed=0 gaveup=0 forkfail=0 free_kb=3985808 sims_boxwide=13 last_event_age=1s last_event_epoch=1790576199
[08:17:04] DONE plKG_south_half_2128361047 rc=0 312s plKG south/half seed=2128361047 rescued=4 dead=0 unreachable=0 never_detected=0 ff_deaths=0 terminal=175 completions=4 recycles=4 removals=4 returns=4 wall=311s [valid 49/60] src=925559e6d528 ext=158afe36be41 head=9a2e5c45ee931dcd8deb26e94b7f1190a093bfe4
[08:17:53] .. alive runid=20260928-074143-2024 event_age=50s | wave=q5 total=60 valid=49 running=11 pending=0 launched=60 failed=0 gaveup=0 forkfail=0 free_kb=3985808 sims_boxwide=13 last_event_age=1s last_event_epoch=1790576223
[08:18:21] DONE plKG_south_half_1887778617 rc=0 425s plKG south/half seed=1887778617 rescued=2 dead=1 unreachable=1 never_detected=0 ff_deaths=2 terminal=245 completions=2 recycles=2 removals=2 returns=2 wall=423s [valid 50/60] src=925559e6d528 ext=158afe36be41 head=9a2e5c45ee931dcd8deb26e94b7f1190a093bfe4
[08:18:30] DONE plKG_south_half_1335705976 rc=0 464s plKG south/half seed=1335705976 rescued=3 dead=1 unreachable=0 never_detected=0 ff_deaths=1 terminal=308 completions=3 recycles=3 removals=3 returns=3 wall=463s [valid 51/60] src=925559e6d528 ext=158afe36be41 head=9a2e5c45ee931dcd8deb26e94b7f1190a093bfe4
[08:18:53] .. alive runid=20260928-074143-2024 event_age=24s | wave=q5 total=60 valid=51 running=9 pending=0 launched=60 failed=0 gaveup=0 forkfail=0 free_kb=3985808 sims_boxwide=13 last_event_age=1s last_event_epoch=1790576309
[08:19:11] DONE plKG_east_half_21892117 rc=0 883s plKG east/half seed=21892117 rescued=4 dead=0 unreachable=0 never_detected=0 ff_deaths=0 terminal=263 completions=4 recycles=4 removals=4 returns=4 wall=882s [valid 52/60] src=925559e6d528 ext=158afe36be41 head=9a2e5c45ee931dcd8deb26e94b7f1190a093bfe4
[08:19:21] DONE plKG_south_half_684332673 rc=0 389s plKG south/half seed=684332673 rescued=4 dead=0 unreachable=0 never_detected=0 ff_deaths=1 terminal=320 completions=4 recycles=4 removals=4 returns=4 wall=387s [valid 53/60] src=925559e6d528 ext=158afe36be41 head=9a2e5c45ee931dcd8deb26e94b7f1190a093bfe4
[08:19:25] DONE plKG_south_half_1320165480 rc=0 371s plKG south/half seed=1320165480 rescued=3 dead=1 unreachable=0 never_detected=0 ff_deaths=0 terminal=223 completions=3 recycles=3 removals=3 returns=3 wall=369s [valid 54/60] src=925559e6d528 ext=158afe36be41 head=9a2e5c45ee931dcd8deb26e94b7f1190a093bfe4
[08:19:53] .. alive runid=20260928-074143-2024 event_age=29s | wave=q5 total=60 valid=54 running=6 pending=0 launched=60 failed=0 gaveup=0 forkfail=0 free_kb=3985808 sims_boxwide=13 last_event_age=1s last_event_epoch=1790576364
[08:20:48] DONE plKG_south_half_422588777 rc=0 376s plKG south/half seed=422588777 rescued=4 dead=0 unreachable=0 never_detected=0 ff_deaths=0 terminal=322 completions=4 recycles=4 removals=4 returns=4 wall=374s [valid 55/60] src=925559e6d528 ext=158afe36be41 head=9a2e5c45ee931dcd8deb26e94b7f1190a093bfe4
[08:20:53] .. alive runid=20260928-074143-2024 event_age=5s | wave=q5 total=60 valid=55 running=5 pending=0 launched=60 failed=0 gaveup=0 forkfail=0 free_kb=3985808 sims_boxwide=13 last_event_age=0s last_event_epoch=1790576448
[08:21:04] DONE plKG_south_half_751617716 rc=0 419s plKG south/half seed=751617716 rescued=3 dead=1 unreachable=0 never_detected=0 ff_deaths=1 terminal=187 completions=3 recycles=3 removals=3 returns=3 wall=417s [valid 56/60] src=925559e6d528 ext=158afe36be41 head=9a2e5c45ee931dcd8deb26e94b7f1190a093bfe4
[08:21:53] .. alive runid=20260928-074143-2024 event_age=50s | wave=q5 total=60 valid=56 running=4 pending=0 launched=60 failed=0 gaveup=0 forkfail=0 free_kb=3985808 sims_boxwide=13 last_event_age=1s last_event_epoch=1790576463
[08:22:53] .. alive runid=20260928-074143-2024 event_age=110s | wave=q5 total=60 valid=56 running=4 pending=0 launched=60 failed=0 gaveup=0 forkfail=0 free_kb=3985808 sims_boxwide=13 last_event_age=1s last_event_epoch=1790576463
[08:23:23] DONE plKG_east_def_6554204 rc=0 518s plKG east/default seed=6554204 rescued=4 dead=0 unreachable=0 never_detected=0 ff_deaths=0 terminal=116 completions=4 recycles=4 removals=4 returns=4 wall=516s [valid 57/60] src=925559e6d528 ext=158afe36be41 head=9a2e5c45ee931dcd8deb26e94b7f1190a093bfe4
[08:23:53] .. alive runid=20260928-074143-2024 event_age=30s | wave=q5 total=60 valid=57 running=3 pending=0 launched=60 failed=0 gaveup=0 forkfail=0 free_kb=3985808 sims_boxwide=13 last_event_age=0s last_event_epoch=1790576603
[08:24:53] .. alive runid=20260928-074143-2024 event_age=90s | wave=q5 total=60 valid=57 running=3 pending=0 launched=60 failed=0 gaveup=0 forkfail=0 free_kb=3985808 sims_boxwide=13 last_event_age=0s last_event_epoch=1790576603
[08:25:44] DONE plKG_east_def_265702576 rc=0 595s plKG east/default seed=265702576 rescued=2 dead=2 unreachable=0 never_detected=0 ff_deaths=0 terminal=132 completions=2 recycles=2 removals=2 returns=2 wall=594s [valid 58/60] src=925559e6d528 ext=158afe36be41 head=9a2e5c45ee931dcd8deb26e94b7f1190a093bfe4
[08:25:53] .. alive runid=20260928-074143-2024 event_age=10s | wave=q5 total=60 valid=58 running=2 pending=0 launched=60 failed=0 gaveup=0 forkfail=0 free_kb=3985808 sims_boxwide=13 last_event_age=1s last_event_epoch=1790576743
[08:26:53] .. alive runid=20260928-074143-2024 event_age=70s | wave=q5 total=60 valid=58 running=2 pending=0 launched=60 failed=0 gaveup=0 forkfail=0 free_kb=3985808 sims_boxwide=13 last_event_age=1s last_event_epoch=1790576743
[08:27:53] .. alive runid=20260928-074143-2024 event_age=130s | wave=q5 total=60 valid=58 running=2 pending=0 launched=60 failed=0 gaveup=0 forkfail=0 free_kb=3985808 sims_boxwide=13 last_event_age=1s last_event_epoch=1790576743
[08:28:53] .. alive runid=20260928-074143-2024 event_age=190s | wave=q5 total=60 valid=58 running=2 pending=0 launched=60 failed=0 gaveup=0 forkfail=0 free_kb=3985808 sims_boxwide=13 last_event_age=1s last_event_epoch=1790576743
[08:29:06] DONE plKG_east_def_1325753362 rc=0 829s plKG east/default seed=1325753362 rescued=3 dead=1 unreachable=0 never_detected=0 ff_deaths=1 terminal=219 completions=3 recycles=3 removals=3 returns=3 wall=826s [valid 59/60] src=925559e6d528 ext=158afe36be41 head=9a2e5c45ee931dcd8deb26e94b7f1190a093bfe4
[08:29:08] DONE plKG_east_def_1686457565 rc=0 777s plKG east/default seed=1686457565 rescued=3 dead=0 unreachable=1 never_detected=1 ff_deaths=0 terminal=210 completions=3 recycles=3 removals=3 returns=3 wall=776s [valid 60/60] src=925559e6d528 ext=158afe36be41 head=9a2e5c45ee931dcd8deb26e94b7f1190a093bfe4
[08:29:08] MAIN LOOP LEFT pending=0 running=0
[08:29:11] FINAL SUMMARY total=60 valid=60 invalid=0 missing=0
[08:29:11] FINAL wave=q5 SUMMARY total=60 valid=60 invalid=0 missing=0 live_this_wave=0 sims_boxwide=12
[08:29:11] ALL_PL_COMPLETE wave=q5 runid=20260928-074143-2024 valid=60/60 launched=60 failed=0 forkfail=0 src=925559e6d528 ext=158afe36be41 head=9a2e5c45ee931dcd8deb26e94b7f1190a093bfe4
[08:29:53] HEARTBEAT EXIT wave=q5 runid=20260928-074143-2024 (sentinel)
