[03:18:38] POOL START wave=q4 runid=20260928-031837-3913 restart=0 pid=3913 winpid=20744 head=9a2e5c45ee931dcd8deb26e94b7f1190a093bfe4 src=925559e6d528 ext=158afe36be41 dirty_tracked=0 queue=outputs/_pl_q4_queue.txt maxpar=13 minfree_kb=3500000
[03:18:39] ENV 3.10.11 mesa 1.2.1  prereg_sha256=d659ea1d554308bb queue_sha256=03ae5fc8821c93ed
[03:18:39] SHIPPED GLOBAL_PLANNER_MODE=0 BASE_STATION_MODE=3 FF_EXIT_LEG_MODE=2 FF_EXIT_LEG_HOLD=0 FF_EXIT_LEG_SERVED=1 FF_FIREFIGHT_EXTINGUISH=1 FF_FIREFIGHT_FIREBREAK=1 ROUTE_BLOCK_STALE_CLEAR=1 global_planner_mode()=0 ff_exit_leg_mode()=2 ff_exit_leg_served()=1
[03:18:40] SHIPPED-CONTROL head=dfbfbe7
GLOBAL_PLANNER_MODE=ABSENT BASE_STATION_MODE=3 FF_EXIT_LEG_MODE=2 FF_EXIT_LEG_HOLD=0 FF_EXIT_LEG_SERVED=1 FF_FIREFIGHT_EXTINGUISH=1 FF_FIREFIGHT_FIREBREAK=1 ROUTE_BLOCK_STALE_CLEAR=1 global_planner_mode()=ABSENT ff_exit_leg_mode()=2 ff_exit_leg_served()=1
[03:18:41] VALIDATE total=26 valid=0 invalid=0 missing=26
[03:18:41] START STATE wave=q4 total=26 valid=0 pending=26 live_orphans_this_wave=0 sims_boxwide=0 free_kb=15652320
[03:18:41] HEARTBEAT pid=4005 every 60s -> outputs/_pl_q4_wave.log ; state file outputs/_pl_q4_state.txt ; sentinel outputs/_pl_q4_hb_20260928-031837-3913.stop
[03:18:42] LAUNCH plC_east_half_111 running=1 free_kb=15640112 sims_boxwide=0 attempt=1 src=925559e6d528 ext=158afe36be41 head=9a2e5c45ee931dcd8deb26e94b7f1190a093bfe4
[03:18:53] LAUNCH plC_east_half_222 running=2 free_kb=13916180 sims_boxwide=1 attempt=1 src=925559e6d528 ext=158afe36be41 head=9a2e5c45ee931dcd8deb26e94b7f1190a093bfe4
[03:19:05] LAUNCH plC_east_half_333 running=3 free_kb=13951232 sims_boxwide=2 attempt=1 src=925559e6d528 ext=158afe36be41 head=9a2e5c45ee931dcd8deb26e94b7f1190a093bfe4
[03:19:16] LAUNCH plC_east_half_444 running=4 free_kb=13065084 sims_boxwide=3 attempt=1 src=925559e6d528 ext=158afe36be41 head=9a2e5c45ee931dcd8deb26e94b7f1190a093bfe4
[03:19:27] LAUNCH plC_east_half_606 running=5 free_kb=12003212 sims_boxwide=4 attempt=1 src=925559e6d528 ext=158afe36be41 head=9a2e5c45ee931dcd8deb26e94b7f1190a093bfe4
[03:19:38] LAUNCH plC_east_half_808 running=6 free_kb=11190224 sims_boxwide=5 attempt=1 src=925559e6d528 ext=158afe36be41 head=9a2e5c45ee931dcd8deb26e94b7f1190a093bfe4
[03:19:41] .. alive runid=20260928-031837-3913 event_age=3s | wave=q4 total=26 valid=0 running=6 pending=20 launched=6 failed=0 gaveup=0 forkfail=0 free_kb=11190224 sims_boxwide=5 last_event_age=0s last_event_epoch=1790558378
[03:19:50] LAUNCH plC_east_half_909 running=7 free_kb=10363732 sims_boxwide=6 attempt=1 src=925559e6d528 ext=158afe36be41 head=9a2e5c45ee931dcd8deb26e94b7f1190a093bfe4
[03:20:01] LAUNCH plG_east_half_111 running=8 free_kb=9474316 sims_boxwide=7 attempt=1 src=925559e6d528 ext=158afe36be41 head=9a2e5c45ee931dcd8deb26e94b7f1190a093bfe4
[03:20:12] LAUNCH plG_east_half_222 running=9 free_kb=8624940 sims_boxwide=8 attempt=1 src=925559e6d528 ext=158afe36be41 head=9a2e5c45ee931dcd8deb26e94b7f1190a093bfe4
[03:20:23] LAUNCH plG_east_half_333 running=10 free_kb=7760612 sims_boxwide=9 attempt=1 src=925559e6d528 ext=158afe36be41 head=9a2e5c45ee931dcd8deb26e94b7f1190a093bfe4
[03:20:35] LAUNCH plG_east_half_444 running=11 free_kb=6878952 sims_boxwide=10 attempt=1 src=925559e6d528 ext=158afe36be41 head=9a2e5c45ee931dcd8deb26e94b7f1190a093bfe4
[03:20:41] .. alive runid=20260928-031837-3913 event_age=6s | wave=q4 total=26 valid=0 running=11 pending=15 launched=11 failed=0 gaveup=0 forkfail=0 free_kb=6878952 sims_boxwide=10 last_event_age=0s last_event_epoch=1790558435
[03:20:46] LAUNCH plG_east_half_606 running=12 free_kb=6021728 sims_boxwide=11 attempt=1 src=925559e6d528 ext=158afe36be41 head=9a2e5c45ee931dcd8deb26e94b7f1190a093bfe4
[03:20:57] LAUNCH plG_east_half_808 running=13 free_kb=5227768 sims_boxwide=12 attempt=1 src=925559e6d528 ext=158afe36be41 head=9a2e5c45ee931dcd8deb26e94b7f1190a093bfe4
[03:21:41] .. alive runid=20260928-031837-3913 event_age=44s | wave=q4 total=26 valid=0 running=13 pending=13 launched=13 failed=0 gaveup=0 forkfail=0 free_kb=5227768 sims_boxwide=12 last_event_age=0s last_event_epoch=1790558457
[03:22:41] .. alive runid=20260928-031837-3913 event_age=104s | wave=q4 total=26 valid=0 running=13 pending=13 launched=13 failed=0 gaveup=0 forkfail=0 free_kb=5227768 sims_boxwide=12 last_event_age=0s last_event_epoch=1790558457
[03:23:41] .. alive runid=20260928-031837-3913 event_age=164s | wave=q4 total=26 valid=0 running=13 pending=13 launched=13 failed=0 gaveup=0 forkfail=0 free_kb=5227768 sims_boxwide=12 last_event_age=0s last_event_epoch=1790558457
[03:24:42] .. alive runid=20260928-031837-3913 event_age=225s | wave=q4 total=26 valid=0 running=13 pending=13 launched=13 failed=0 gaveup=0 forkfail=0 free_kb=5227768 sims_boxwide=12 last_event_age=0s last_event_epoch=1790558457
[03:25:42] .. alive runid=20260928-031837-3913 event_age=285s | wave=q4 total=26 valid=0 running=13 pending=13 launched=13 failed=0 gaveup=0 forkfail=0 free_kb=5227768 sims_boxwide=12 last_event_age=0s last_event_epoch=1790558457
[03:26:42] .. alive runid=20260928-031837-3913 event_age=345s | wave=q4 total=26 valid=0 running=13 pending=13 launched=13 failed=0 gaveup=0 forkfail=0 free_kb=5227768 sims_boxwide=12 last_event_age=0s last_event_epoch=1790558457
[03:27:42] .. alive runid=20260928-031837-3913 event_age=405s | wave=q4 total=26 valid=0 running=13 pending=13 launched=13 failed=0 gaveup=0 forkfail=0 free_kb=5227768 sims_boxwide=12 last_event_age=0s last_event_epoch=1790558457
[03:27:43] DONE plC_east_half_444 rc=0 506s plC east/half seed=444 rescued=4 dead=0 unreachable=0 never_detected=0 ff_deaths=0 terminal=226 completions=4 recycles=4 removals=4 returns=4 wall=505s [valid 1/26] src=925559e6d528 ext=158afe36be41 head=9a2e5c45ee931dcd8deb26e94b7f1190a093bfe4
[03:27:44] LAUNCH plG_east_half_909 running=13 free_kb=5093792 sims_boxwide=12 attempt=1 src=925559e6d528 ext=158afe36be41 head=9a2e5c45ee931dcd8deb26e94b7f1190a093bfe4
[03:28:42] .. alive runid=20260928-031837-3913 event_age=58s | wave=q4 total=26 valid=1 running=13 pending=12 launched=14 failed=0 gaveup=0 forkfail=0 free_kb=5093792 sims_boxwide=12 last_event_age=0s last_event_epoch=1790558864
[03:29:42] .. alive runid=20260928-031837-3913 event_age=118s | wave=q4 total=26 valid=1 running=13 pending=12 launched=14 failed=0 gaveup=0 forkfail=0 free_kb=5093792 sims_boxwide=12 last_event_age=0s last_event_epoch=1790558864
[03:30:23] DONE plG_east_half_444 rc=0 587s plG east/half seed=444 rescued=4 dead=0 unreachable=0 never_detected=0 ff_deaths=0 terminal=227 completions=4 recycles=4 removals=4 returns=4 wall=585s [valid 2/26] src=925559e6d528 ext=158afe36be41 head=9a2e5c45ee931dcd8deb26e94b7f1190a093bfe4
[03:30:24] LAUNCH plRCa_D_east running=13 free_kb=4932220 sims_boxwide=12 attempt=1 src=925559e6d528 ext=158afe36be41 head=9a2e5c45ee931dcd8deb26e94b7f1190a093bfe4
[03:30:42] .. alive runid=20260928-031837-3913 event_age=18s | wave=q4 total=26 valid=2 running=13 pending=11 launched=15 failed=0 gaveup=0 forkfail=0 free_kb=4932220 sims_boxwide=12 last_event_age=0s last_event_epoch=1790559024
[03:31:42] .. alive runid=20260928-031837-3913 event_age=78s | wave=q4 total=26 valid=2 running=13 pending=11 launched=15 failed=0 gaveup=0 forkfail=0 free_kb=4932220 sims_boxwide=12 last_event_age=0s last_event_epoch=1790559024
[03:32:42] .. alive runid=20260928-031837-3913 event_age=138s | wave=q4 total=26 valid=2 running=13 pending=11 launched=15 failed=0 gaveup=0 forkfail=0 free_kb=4932220 sims_boxwide=12 last_event_age=0s last_event_epoch=1790559024
[03:33:18] DONE plC_east_half_333 rc=0 852s plC east/half seed=333 rescued=3 dead=1 unreachable=0 never_detected=0 ff_deaths=0 terminal=104 completions=3 recycles=3 removals=3 returns=3 wall=851s [valid 3/26] src=925559e6d528 ext=158afe36be41 head=9a2e5c45ee931dcd8deb26e94b7f1190a093bfe4
[03:33:19] LAUNCH plRCb_D_east running=13 free_kb=4968424 sims_boxwide=12 attempt=1 src=925559e6d528 ext=158afe36be41 head=9a2e5c45ee931dcd8deb26e94b7f1190a093bfe4
[03:33:42] .. alive runid=20260928-031837-3913 event_age=23s | wave=q4 total=26 valid=3 running=13 pending=10 launched=16 failed=0 gaveup=0 forkfail=0 free_kb=4968424 sims_boxwide=12 last_event_age=0s last_event_epoch=1790559199
[03:33:50] DONE plC_east_half_808 rc=0 852s plC east/half seed=808 rescued=3 dead=1 unreachable=0 never_detected=0 ff_deaths=0 terminal=103 completions=3 recycles=3 removals=3 returns=3 wall=850s [valid 4/26] src=925559e6d528 ext=158afe36be41 head=9a2e5c45ee931dcd8deb26e94b7f1190a093bfe4
[03:33:52] LAUNCH plRCc_D_east running=13 free_kb=4957664 sims_boxwide=12 attempt=1 src=925559e6d528 ext=158afe36be41 head=9a2e5c45ee931dcd8deb26e94b7f1190a093bfe4
[03:34:07] DONE plC_east_half_111 rc=0 924s plC east/half seed=111 rescued=4 dead=0 unreachable=0 never_detected=0 ff_deaths=0 terminal=127 completions=4 recycles=4 removals=4 returns=4 wall=923s [valid 5/26] src=925559e6d528 ext=158afe36be41 head=9a2e5c45ee931dcd8deb26e94b7f1190a093bfe4
[03:34:09] LAUNCH plRCs_D_south running=13 free_kb=4964612 sims_boxwide=12 attempt=1 src=925559e6d528 ext=158afe36be41 head=9a2e5c45ee931dcd8deb26e94b7f1190a093bfe4
[03:34:19] DONE plC_east_half_909 rc=0 869s plC east/half seed=909 rescued=4 dead=0 unreachable=0 never_detected=0 ff_deaths=0 terminal=110 completions=4 recycles=4 removals=4 returns=4 wall=864s [valid 6/26] src=925559e6d528 ext=158afe36be41 head=9a2e5c45ee931dcd8deb26e94b7f1190a093bfe4
[03:34:21] LAUNCH plRGa_D_east running=13 free_kb=4944204 sims_boxwide=12 attempt=1 src=925559e6d528 ext=158afe36be41 head=9a2e5c45ee931dcd8deb26e94b7f1190a093bfe4
[03:34:42] .. alive runid=20260928-031837-3913 event_age=21s | wave=q4 total=26 valid=6 running=13 pending=7 launched=19 failed=0 gaveup=0 forkfail=0 free_kb=4944204 sims_boxwide=12 last_event_age=0s last_event_epoch=1790559261
[03:35:22] DONE plG_east_half_333 rc=0 898s plG east/half seed=333 rescued=3 dead=1 unreachable=0 never_detected=0 ff_deaths=0 terminal=104 completions=3 recycles=3 removals=3 returns=3 wall=896s [valid 7/26] src=925559e6d528 ext=158afe36be41 head=9a2e5c45ee931dcd8deb26e94b7f1190a093bfe4
[03:35:24] LAUNCH plRGb_D_east running=13 free_kb=4916748 sims_boxwide=12 attempt=1 src=925559e6d528 ext=158afe36be41 head=9a2e5c45ee931dcd8deb26e94b7f1190a093bfe4
[03:35:35] DONE plG_east_half_808 rc=0 877s plG east/half seed=808 rescued=3 dead=1 unreachable=0 never_detected=0 ff_deaths=0 terminal=103 completions=3 recycles=3 removals=3 returns=3 wall=875s [valid 8/26] src=925559e6d528 ext=158afe36be41 head=9a2e5c45ee931dcd8deb26e94b7f1190a093bfe4
[03:35:36] LAUNCH plRGc_D_east running=13 free_kb=5001028 sims_boxwide=12 attempt=1 src=925559e6d528 ext=158afe36be41 head=9a2e5c45ee931dcd8deb26e94b7f1190a093bfe4
[03:35:43] .. alive runid=20260928-031837-3913 event_age=7s | wave=q4 total=26 valid=8 running=13 pending=5 launched=21 failed=0 gaveup=0 forkfail=0 free_kb=5001028 sims_boxwide=12 last_event_age=0s last_event_epoch=1790559336
[03:35:47] DONE plC_east_half_222 rc=0 1013s plC east/half seed=222 rescued=4 dead=0 unreachable=0 never_detected=0 ff_deaths=0 terminal=127 completions=4 recycles=4 removals=4 returns=4 wall=1006s [valid 9/26] src=925559e6d528 ext=158afe36be41 head=9a2e5c45ee931dcd8deb26e94b7f1190a093bfe4
[03:35:48] LAUNCH plRGs_D_south running=13 free_kb=6001648 sims_boxwide=11 attempt=1 src=925559e6d528 ext=158afe36be41 head=9a2e5c45ee931dcd8deb26e94b7f1190a093bfe4
[03:35:59] DONE plG_east_half_111 rc=0 958s plG east/half seed=111 rescued=4 dead=0 unreachable=0 never_detected=0 ff_deaths=0 terminal=127 completions=4 recycles=4 removals=4 returns=4 wall=944s [valid 10/26] src=925559e6d528 ext=158afe36be41 head=9a2e5c45ee931dcd8deb26e94b7f1190a093bfe4
[03:36:01] LAUNCH plRBa_D_east running=13 free_kb=5169116 sims_boxwide=12 attempt=1 src=925559e6d528 ext=158afe36be41 head=9a2e5c45ee931dcd8deb26e94b7f1190a093bfe4
[03:36:22] DONE plG_east_half_222 rc=0 969s plG east/half seed=222 rescued=4 dead=0 unreachable=0 never_detected=0 ff_deaths=0 terminal=127 completions=4 recycles=4 removals=4 returns=4 wall=967s [valid 11/26] src=925559e6d528 ext=158afe36be41 head=9a2e5c45ee931dcd8deb26e94b7f1190a093bfe4
[03:36:23] LAUNCH plRBb_D_east running=13 free_kb=5166296 sims_boxwide=12 attempt=1 src=925559e6d528 ext=158afe36be41 head=9a2e5c45ee931dcd8deb26e94b7f1190a093bfe4
[03:36:43] .. alive runid=20260928-031837-3913 event_age=20s | wave=q4 total=26 valid=11 running=13 pending=2 launched=24 failed=0 gaveup=0 forkfail=0 free_kb=5166296 sims_boxwide=12 last_event_age=0s last_event_epoch=1790559383
[03:37:43] .. alive runid=20260928-031837-3913 event_age=80s | wave=q4 total=26 valid=11 running=13 pending=2 launched=24 failed=0 gaveup=0 forkfail=0 free_kb=5166296 sims_boxwide=12 last_event_age=0s last_event_epoch=1790559383
[03:38:43] .. alive runid=20260928-031837-3913 event_age=140s | wave=q4 total=26 valid=11 running=13 pending=2 launched=24 failed=0 gaveup=0 forkfail=0 free_kb=5166296 sims_boxwide=12 last_event_age=0s last_event_epoch=1790559383
[03:39:43] .. alive runid=20260928-031837-3913 event_age=200s | wave=q4 total=26 valid=11 running=13 pending=2 launched=24 failed=0 gaveup=0 forkfail=0 free_kb=5166296 sims_boxwide=12 last_event_age=0s last_event_epoch=1790559383
[03:40:43] .. alive runid=20260928-031837-3913 event_age=260s | wave=q4 total=26 valid=11 running=13 pending=2 launched=24 failed=0 gaveup=0 forkfail=0 free_kb=5166296 sims_boxwide=12 last_event_age=0s last_event_epoch=1790559383
[03:41:01] DONE plG_east_half_909 rc=0 796s plG east/half seed=909 rescued=4 dead=0 unreachable=0 never_detected=0 ff_deaths=0 terminal=110 completions=4 recycles=4 removals=4 returns=4 wall=794s [valid 12/26] src=925559e6d528 ext=158afe36be41 head=9a2e5c45ee931dcd8deb26e94b7f1190a093bfe4
[03:41:02] LAUNCH plRBc_D_east running=13 free_kb=5094108 sims_boxwide=12 attempt=1 src=925559e6d528 ext=158afe36be41 head=9a2e5c45ee931dcd8deb26e94b7f1190a093bfe4
[03:41:43] .. alive runid=20260928-031837-3913 event_age=41s | wave=q4 total=26 valid=12 running=13 pending=1 launched=25 failed=0 gaveup=0 forkfail=0 free_kb=5094108 sims_boxwide=12 last_event_age=0s last_event_epoch=1790559662
[03:42:43] .. alive runid=20260928-031837-3913 event_age=101s | wave=q4 total=26 valid=12 running=13 pending=1 launched=25 failed=0 gaveup=0 forkfail=0 free_kb=5094108 sims_boxwide=12 last_event_age=0s last_event_epoch=1790559662
[03:43:16] DONE plC_east_half_606 rc=0 1428s plC east/half seed=606 rescued=4 dead=0 unreachable=0 never_detected=0 ff_deaths=0 terminal=245 completions=4 recycles=4 removals=4 returns=4 wall=1426s [valid 13/26] src=925559e6d528 ext=158afe36be41 head=9a2e5c45ee931dcd8deb26e94b7f1190a093bfe4
[03:43:17] LAUNCH plRBs_D_south running=13 free_kb=5067152 sims_boxwide=12 attempt=1 src=925559e6d528 ext=158afe36be41 head=9a2e5c45ee931dcd8deb26e94b7f1190a093bfe4
[03:43:43] .. alive runid=20260928-031837-3913 event_age=26s | wave=q4 total=26 valid=13 running=13 pending=0 launched=26 failed=0 gaveup=0 forkfail=0 free_kb=5067152 sims_boxwide=12 last_event_age=0s last_event_epoch=1790559797
[03:44:43] .. alive runid=20260928-031837-3913 event_age=86s | wave=q4 total=26 valid=13 running=13 pending=0 launched=26 failed=0 gaveup=0 forkfail=0 free_kb=5067152 sims_boxwide=12 last_event_age=0s last_event_epoch=1790559797
[03:44:53] DONE plG_east_half_606 rc=0 1446s plG east/half seed=606 rescued=4 dead=0 unreachable=0 never_detected=0 ff_deaths=0 terminal=245 completions=4 recycles=4 removals=4 returns=4 wall=1444s [valid 14/26] src=925559e6d528 ext=158afe36be41 head=9a2e5c45ee931dcd8deb26e94b7f1190a093bfe4
[03:45:43] .. alive runid=20260928-031837-3913 event_age=51s | wave=q4 total=26 valid=14 running=12 pending=0 launched=26 failed=0 gaveup=0 forkfail=0 free_kb=5067152 sims_boxwide=12 last_event_age=1s last_event_epoch=1790559892
[03:46:44] .. alive runid=20260928-031837-3913 event_age=112s | wave=q4 total=26 valid=14 running=12 pending=0 launched=26 failed=0 gaveup=0 forkfail=0 free_kb=5067152 sims_boxwide=12 last_event_age=1s last_event_epoch=1790559892
[03:47:44] .. alive runid=20260928-031837-3913 event_age=172s | wave=q4 total=26 valid=14 running=12 pending=0 launched=26 failed=0 gaveup=0 forkfail=0 free_kb=5067152 sims_boxwide=12 last_event_age=1s last_event_epoch=1790559892
[03:48:44] .. alive runid=20260928-031837-3913 event_age=232s | wave=q4 total=26 valid=14 running=12 pending=0 launched=26 failed=0 gaveup=0 forkfail=0 free_kb=5067152 sims_boxwide=12 last_event_age=1s last_event_epoch=1790559892
[03:49:44] .. alive runid=20260928-031837-3913 event_age=292s | wave=q4 total=26 valid=14 running=12 pending=0 launched=26 failed=0 gaveup=0 forkfail=0 free_kb=5067152 sims_boxwide=12 last_event_age=1s last_event_epoch=1790559892
[03:50:44] .. alive runid=20260928-031837-3913 event_age=352s | wave=q4 total=26 valid=14 running=12 pending=0 launched=26 failed=0 gaveup=0 forkfail=0 free_kb=5067152 sims_boxwide=12 last_event_age=1s last_event_epoch=1790559892
[03:51:44] .. alive runid=20260928-031837-3913 event_age=412s | wave=q4 total=26 valid=14 running=12 pending=0 launched=26 failed=0 gaveup=0 forkfail=0 free_kb=5067152 sims_boxwide=12 last_event_age=1s last_event_epoch=1790559892
[03:52:44] .. alive runid=20260928-031837-3913 event_age=472s | wave=q4 total=26 valid=14 running=12 pending=0 launched=26 failed=0 gaveup=0 forkfail=0 free_kb=5067152 sims_boxwide=12 last_event_age=1s last_event_epoch=1790559892
[03:53:44] .. alive runid=20260928-031837-3913 event_age=532s | wave=q4 total=26 valid=14 running=12 pending=0 launched=26 failed=0 gaveup=0 forkfail=0 free_kb=5067152 sims_boxwide=12 last_event_age=1s last_event_epoch=1790559892
[03:54:44] .. alive runid=20260928-031837-3913 event_age=592s | wave=q4 total=26 valid=14 running=12 pending=0 launched=26 failed=0 gaveup=0 forkfail=0 free_kb=5067152 sims_boxwide=12 last_event_age=1s last_event_epoch=1790559892
[03:55:44] .. alive runid=20260928-031837-3913 event_age=652s | wave=q4 total=26 valid=14 running=12 pending=0 launched=26 failed=0 gaveup=0 forkfail=0 free_kb=5067152 sims_boxwide=12 last_event_age=1s last_event_epoch=1790559892
[03:56:44] .. alive runid=20260928-031837-3913 event_age=712s | wave=q4 total=26 valid=14 running=12 pending=0 launched=26 failed=0 gaveup=0 forkfail=0 free_kb=5067152 sims_boxwide=12 last_event_age=1s last_event_epoch=1790559892
[03:57:44] .. alive runid=20260928-031837-3913 event_age=772s | wave=q4 total=26 valid=14 running=12 pending=0 launched=26 failed=0 gaveup=0 forkfail=0 free_kb=5067152 sims_boxwide=12 last_event_age=1s last_event_epoch=1790559892
[03:58:45] .. alive runid=20260928-031837-3913 event_age=833s | wave=q4 total=26 valid=14 running=12 pending=0 launched=26 failed=0 gaveup=0 forkfail=0 free_kb=5067152 sims_boxwide=12 last_event_age=1s last_event_epoch=1790559892
[03:59:45] .. alive runid=20260928-031837-3913 event_age=893s | wave=q4 total=26 valid=14 running=12 pending=0 launched=26 failed=0 gaveup=0 forkfail=0 free_kb=5067152 sims_boxwide=12 last_event_age=1s last_event_epoch=1790559892
[04:00:45] .. alive runid=20260928-031837-3913 event_age=953s | wave=q4 total=26 valid=14 running=12 pending=0 launched=26 failed=0 gaveup=0 forkfail=0 free_kb=5067152 sims_boxwide=12 last_event_age=1s last_event_epoch=1790559892
[04:01:45] .. alive runid=20260928-031837-3913 event_age=1013s | wave=q4 total=26 valid=14 running=12 pending=0 launched=26 failed=0 gaveup=0 forkfail=0 free_kb=5067152 sims_boxwide=12 last_event_age=1s last_event_epoch=1790559892
[04:02:45] .. alive runid=20260928-031837-3913 event_age=1073s | wave=q4 total=26 valid=14 running=12 pending=0 launched=26 failed=0 gaveup=0 forkfail=0 free_kb=5067152 sims_boxwide=12 last_event_age=1s last_event_epoch=1790559892
[04:03:45] .. alive runid=20260928-031837-3913 event_age=1133s | wave=q4 total=26 valid=14 running=12 pending=0 launched=26 failed=0 gaveup=0 forkfail=0 free_kb=5067152 sims_boxwide=12 last_event_age=1s last_event_epoch=1790559892
[04:04:45] .. alive runid=20260928-031837-3913 event_age=1193s | wave=q4 total=26 valid=14 running=12 pending=0 launched=26 failed=0 gaveup=0 forkfail=0 free_kb=5067152 sims_boxwide=12 last_event_age=1s last_event_epoch=1790559892
[04:05:45] .. alive runid=20260928-031837-3913 event_age=1253s | wave=q4 total=26 valid=14 running=12 pending=0 launched=26 failed=0 gaveup=0 forkfail=0 free_kb=5067152 sims_boxwide=12 last_event_age=1s last_event_epoch=1790559892
[04:06:45] .. alive runid=20260928-031837-3913 event_age=1313s | wave=q4 total=26 valid=14 running=12 pending=0 launched=26 failed=0 gaveup=0 forkfail=0 free_kb=5067152 sims_boxwide=12 last_event_age=1s last_event_epoch=1790559892
[04:07:45] .. alive runid=20260928-031837-3913 event_age=1373s | wave=q4 total=26 valid=14 running=12 pending=0 launched=26 failed=0 gaveup=0 forkfail=0 free_kb=5067152 sims_boxwide=12 last_event_age=1s last_event_epoch=1790559892
[04:08:45] .. alive runid=20260928-031837-3913 event_age=1433s | wave=q4 total=26 valid=14 running=12 pending=0 launched=26 failed=0 gaveup=0 forkfail=0 free_kb=5067152 sims_boxwide=12 last_event_age=1s last_event_epoch=1790559892
[04:09:46] .. alive runid=20260928-031837-3913 event_age=1494s | wave=q4 total=26 valid=14 running=12 pending=0 launched=26 failed=0 gaveup=0 forkfail=0 free_kb=5067152 sims_boxwide=12 last_event_age=1s last_event_epoch=1790559892
[04:10:46] .. alive runid=20260928-031837-3913 event_age=1554s | wave=q4 total=26 valid=14 running=12 pending=0 launched=26 failed=0 gaveup=0 forkfail=0 free_kb=5067152 sims_boxwide=12 last_event_age=1s last_event_epoch=1790559892
[04:11:39] DONE plRCs_D_south rc=0 2250s | plRCs south seed 101 done 442.2s: rescued=2 dead=2 ff_deaths=1 | fires=5 recoveries=3 bad_assign=1 | plRCs south seed 202 done 514.4s: rescued=4 dead=0 ff_deaths=0 | fires=7 recoveries=4 bad_assign=1 | plRCs south seed 303 done 381.0s: rescued=4 dead=0 ff_deaths=0 | fires=7 recoveries=4 bad_assign=1 | plRCs south seed 404 done 526.8s: rescued=1 dead=0 ff_deaths=1 | fires=11 recoveries=6 bad_assign=2 | plRCs south seed 505 done 383.9s: rescued=3 dead=1 ff_deaths=0 | fires=13 recoveries=8 bad_assign=3  [valid 15/26] src=925559e6d528 ext=158afe36be41 head=9a2e5c45ee931dcd8deb26e94b7f1190a093bfe4
[04:11:46] .. alive runid=20260928-031837-3913 event_age=7s | wave=q4 total=26 valid=15 running=11 pending=0 launched=26 failed=0 gaveup=0 forkfail=0 free_kb=5067152 sims_boxwide=12 last_event_age=0s last_event_epoch=1790561499
[04:12:46] .. alive runid=20260928-031837-3913 event_age=67s | wave=q4 total=26 valid=15 running=11 pending=0 launched=26 failed=0 gaveup=0 forkfail=0 free_kb=5067152 sims_boxwide=12 last_event_age=0s last_event_epoch=1790561499
[04:12:56] DONE plRGs_D_south rc=0 2227s | plRGs south seed 101 done 437.9s: rescued=2 dead=2 ff_deaths=1 | fires=5 recoveries=3 bad_assign=1 | plRGs south seed 202 done 496.5s: rescued=4 dead=0 ff_deaths=0 | fires=7 recoveries=4 bad_assign=1 | plRGs south seed 303 done 391.1s: rescued=4 dead=0 ff_deaths=0 | fires=7 recoveries=4 bad_assign=1 | plRGs south seed 404 done 510.8s: rescued=1 dead=0 ff_deaths=1 | fires=11 recoveries=6 bad_assign=2 | plRGs south seed 505 done 388.8s: rescued=3 dead=1 ff_deaths=0 | fires=13 recoveries=8 bad_assign=3  [valid 16/26] src=925559e6d528 ext=158afe36be41 head=9a2e5c45ee931dcd8deb26e94b7f1190a093bfe4
[04:13:46] .. alive runid=20260928-031837-3913 event_age=51s | wave=q4 total=26 valid=16 running=10 pending=0 launched=26 failed=0 gaveup=0 forkfail=0 free_kb=5067152 sims_boxwide=12 last_event_age=1s last_event_epoch=1790561575
[04:14:46] .. alive runid=20260928-031837-3913 event_age=111s | wave=q4 total=26 valid=16 running=10 pending=0 launched=26 failed=0 gaveup=0 forkfail=0 free_kb=5067152 sims_boxwide=12 last_event_age=1s last_event_epoch=1790561575
[04:15:43] .. alive runid=20260928-031837-3913 event_age=168s | wave=q4 total=26 valid=16 running=10 pending=0 launched=26 failed=0 gaveup=0 forkfail=0 free_kb=5067152 sims_boxwide=12 last_event_age=1s last_event_epoch=1790561575
[04:16:43] .. alive runid=20260928-031837-3913 event_age=228s | wave=q4 total=26 valid=16 running=10 pending=0 launched=26 failed=0 gaveup=0 forkfail=0 free_kb=5067152 sims_boxwide=12 last_event_age=1s last_event_epoch=1790561575
[04:17:43] .. alive runid=20260928-031837-3913 event_age=288s | wave=q4 total=26 valid=16 running=10 pending=0 launched=26 failed=0 gaveup=0 forkfail=0 free_kb=5067152 sims_boxwide=12 last_event_age=1s last_event_epoch=1790561575
[04:18:43] .. alive runid=20260928-031837-3913 event_age=348s | wave=q4 total=26 valid=16 running=10 pending=0 launched=26 failed=0 gaveup=0 forkfail=0 free_kb=5067152 sims_boxwide=12 last_event_age=1s last_event_epoch=1790561575
[04:19:43] .. alive runid=20260928-031837-3913 event_age=408s | wave=q4 total=26 valid=16 running=10 pending=0 launched=26 failed=0 gaveup=0 forkfail=0 free_kb=5067152 sims_boxwide=12 last_event_age=1s last_event_epoch=1790561575
[04:20:27] DONE plRBs_D_south rc=0 2229s | plRBs south seed 101 done 451.5s: rescued=2 dead=2 ff_deaths=1 | fires=5 recoveries=3 bad_assign=1 | plRBs south seed 202 done 513.4s: rescued=4 dead=0 ff_deaths=0 | fires=7 recoveries=4 bad_assign=1 | plRBs south seed 303 done 384.0s: rescued=4 dead=0 ff_deaths=0 | fires=7 recoveries=4 bad_assign=1 | plRBs south seed 404 done 519.3s: rescued=1 dead=0 ff_deaths=1 | fires=11 recoveries=6 bad_assign=2 | plRBs south seed 505 done 362.8s: rescued=3 dead=1 ff_deaths=0 | fires=13 recoveries=8 bad_assign=3  [valid 17/26] src=925559e6d528 ext=158afe36be41 head=9a2e5c45ee931dcd8deb26e94b7f1190a093bfe4
[04:20:40] DONE plRCc_D_east rc=0 2808s | plRCc east seed 111 done 807.6s: rescued=4 dead=0 ff_deaths=0 | fires=0 recoveries=0 bad_assign=0 | plRCc east seed 222 done 866.7s: rescued=4 dead=0 ff_deaths=0 | fires=0 recoveries=0 bad_assign=0 | plRCc east seed 333 done 726.9s: rescued=3 dead=1 ff_deaths=0 | fires=0 recoveries=0 bad_assign=0 | plRCc east seed 444 done 408.6s: rescued=4 dead=0 ff_deaths=0 | fires=0 recoveries=0 bad_assign=0  [valid 18/26] src=925559e6d528 ext=158afe36be41 head=9a2e5c45ee931dcd8deb26e94b7f1190a093bfe4
[04:20:43] .. alive runid=20260928-031837-3913 event_age=3s | wave=q4 total=26 valid=18 running=8 pending=0 launched=26 failed=0 gaveup=0 forkfail=0 free_kb=5067152 sims_boxwide=12 last_event_age=0s last_event_epoch=1790562040
[04:21:43] .. alive runid=20260928-031837-3913 event_age=63s | wave=q4 total=26 valid=18 running=8 pending=0 launched=26 failed=0 gaveup=0 forkfail=0 free_kb=5067152 sims_boxwide=12 last_event_age=0s last_event_epoch=1790562040
[04:22:43] .. alive runid=20260928-031837-3913 event_age=123s | wave=q4 total=26 valid=18 running=8 pending=0 launched=26 failed=0 gaveup=0 forkfail=0 free_kb=5067152 sims_boxwide=12 last_event_age=0s last_event_epoch=1790562040
[04:23:43] .. alive runid=20260928-031837-3913 event_age=183s | wave=q4 total=26 valid=18 running=8 pending=0 launched=26 failed=0 gaveup=0 forkfail=0 free_kb=5067152 sims_boxwide=12 last_event_age=0s last_event_epoch=1790562040
[04:23:45] DONE plRGc_D_east rc=0 2888s | plRGc east seed 111 done 810.9s: rescued=4 dead=0 ff_deaths=0 | fires=0 recoveries=0 bad_assign=0 | plRGc east seed 222 done 843.6s: rescued=4 dead=0 ff_deaths=0 | fires=0 recoveries=0 bad_assign=0 | plRGc east seed 333 done 775.4s: rescued=3 dead=1 ff_deaths=0 | fires=0 recoveries=0 bad_assign=0 | plRGc east seed 444 done 460.0s: rescued=4 dead=0 ff_deaths=0 | fires=0 recoveries=0 bad_assign=0  [valid 19/26] src=925559e6d528 ext=158afe36be41 head=9a2e5c45ee931dcd8deb26e94b7f1190a093bfe4
[04:24:43] .. alive runid=20260928-031837-3913 event_age=59s | wave=q4 total=26 valid=19 running=7 pending=0 launched=26 failed=0 gaveup=0 forkfail=0 free_kb=5067152 sims_boxwide=12 last_event_age=1s last_event_epoch=1790562224
[04:25:15] DONE plRCb_D_east rc=0 3115s | plRCb east seed 606 done 1358.8s: rescued=3 dead=0 ff_deaths=0 | fires=2 recoveries=2 bad_assign=1 | plRCb east seed 707 done 270.3s: rescued=2 dead=0 ff_deaths=0 | fires=2 recoveries=2 bad_assign=1 | plRCb east seed 808 done 739.0s: rescued=3 dead=1 ff_deaths=0 | fires=2 recoveries=2 bad_assign=1 | plRCb east seed 909 done 749.2s: rescued=4 dead=0 ff_deaths=0 | fires=2 recoveries=2 bad_assign=1  [valid 20/26] src=925559e6d528 ext=158afe36be41 head=9a2e5c45ee931dcd8deb26e94b7f1190a093bfe4
[04:25:16] DONE plRGb_D_east rc=0 2991s | plRGb east seed 606 done 1320.5s: rescued=3 dead=0 ff_deaths=0 | fires=2 recoveries=2 bad_assign=1 | plRGb east seed 707 done 267.6s: rescued=3 dead=0 ff_deaths=0 | fires=2 recoveries=2 bad_assign=1 | plRGb east seed 808 done 766.5s: rescued=3 dead=1 ff_deaths=0 | fires=2 recoveries=2 bad_assign=1 | plRGb east seed 909 done 638.5s: rescued=4 dead=0 ff_deaths=0 | fires=2 recoveries=2 bad_assign=1  [valid 21/26] src=925559e6d528 ext=158afe36be41 head=9a2e5c45ee931dcd8deb26e94b7f1190a093bfe4
[04:25:44] .. alive runid=20260928-031837-3913 event_age=29s | wave=q4 total=26 valid=21 running=5 pending=0 launched=26 failed=0 gaveup=0 forkfail=0 free_kb=5067152 sims_boxwide=12 last_event_age=1s last_event_epoch=1790562315
[04:26:44] .. alive runid=20260928-031837-3913 event_age=89s | wave=q4 total=26 valid=21 running=5 pending=0 launched=26 failed=0 gaveup=0 forkfail=0 free_kb=5067152 sims_boxwide=12 last_event_age=1s last_event_epoch=1790562315
[04:26:49] DONE plRBb_D_east rc=0 3026s | plRBb east seed 606 done 1336.5s: rescued=3 dead=0 ff_deaths=0 | fires=2 recoveries=2 bad_assign=1 | plRBb east seed 707 done 269.3s: rescued=2 dead=0 ff_deaths=0 | fires=2 recoveries=2 bad_assign=1 | plRBb east seed 808 done 720.6s: rescued=3 dead=1 ff_deaths=0 | fires=2 recoveries=2 bad_assign=1 | plRBb east seed 909 done 701.3s: rescued=4 dead=0 ff_deaths=0 | fires=2 recoveries=2 bad_assign=1  [valid 22/26] src=925559e6d528 ext=158afe36be41 head=9a2e5c45ee931dcd8deb26e94b7f1190a093bfe4
[04:27:27] DONE plRBc_D_east rc=0 2784s | plRBc east seed 111 done 822.1s: rescued=4 dead=0 ff_deaths=0 | fires=0 recoveries=0 bad_assign=0 | plRBc east seed 222 done 870.1s: rescued=4 dead=0 ff_deaths=0 | fires=0 recoveries=0 bad_assign=0 | plRBc east seed 333 done 711.0s: rescued=3 dead=1 ff_deaths=0 | fires=0 recoveries=0 bad_assign=0 | plRBc east seed 444 done 383.0s: rescued=4 dead=0 ff_deaths=0 | fires=0 recoveries=0 bad_assign=0  [valid 23/26] src=925559e6d528 ext=158afe36be41 head=9a2e5c45ee931dcd8deb26e94b7f1190a093bfe4
[04:27:44] .. alive runid=20260928-031837-3913 event_age=18s | wave=q4 total=26 valid=23 running=3 pending=0 launched=26 failed=0 gaveup=0 forkfail=0 free_kb=5067152 sims_boxwide=12 last_event_age=1s last_event_epoch=1790562446
[04:28:44] .. alive runid=20260928-031837-3913 event_age=78s | wave=q4 total=26 valid=23 running=3 pending=0 launched=26 failed=0 gaveup=0 forkfail=0 free_kb=5067152 sims_boxwide=12 last_event_age=1s last_event_epoch=1790562446
[04:29:44] .. alive runid=20260928-031837-3913 event_age=138s | wave=q4 total=26 valid=23 running=3 pending=0 launched=26 failed=0 gaveup=0 forkfail=0 free_kb=5067152 sims_boxwide=12 last_event_age=1s last_event_epoch=1790562446
[04:30:44] .. alive runid=20260928-031837-3913 event_age=198s | wave=q4 total=26 valid=23 running=3 pending=0 launched=26 failed=0 gaveup=0 forkfail=0 free_kb=5067152 sims_boxwide=12 last_event_age=1s last_event_epoch=1790562446
[04:31:44] .. alive runid=20260928-031837-3913 event_age=258s | wave=q4 total=26 valid=23 running=3 pending=0 launched=26 failed=0 gaveup=0 forkfail=0 free_kb=5067152 sims_boxwide=12 last_event_age=1s last_event_epoch=1790562446
[04:32:44] .. alive runid=20260928-031837-3913 event_age=318s | wave=q4 total=26 valid=23 running=3 pending=0 launched=26 failed=0 gaveup=0 forkfail=0 free_kb=5067152 sims_boxwide=12 last_event_age=1s last_event_epoch=1790562446
[04:33:44] .. alive runid=20260928-031837-3913 event_age=378s | wave=q4 total=26 valid=23 running=3 pending=0 launched=26 failed=0 gaveup=0 forkfail=0 free_kb=5067152 sims_boxwide=12 last_event_age=1s last_event_epoch=1790562446
[04:34:44] .. alive runid=20260928-031837-3913 event_age=438s | wave=q4 total=26 valid=23 running=3 pending=0 launched=26 failed=0 gaveup=0 forkfail=0 free_kb=5067152 sims_boxwide=12 last_event_age=1s last_event_epoch=1790562446
[04:35:44] .. alive runid=20260928-031837-3913 event_age=498s | wave=q4 total=26 valid=23 running=3 pending=0 launched=26 failed=0 gaveup=0 forkfail=0 free_kb=5067152 sims_boxwide=12 last_event_age=1s last_event_epoch=1790562446
[04:36:42] DONE plRGa_D_east rc=0 3740s | plRGa east seed 101 done 800.3s: rescued=4 dead=0 ff_deaths=0 | fires=0 recoveries=0 bad_assign=0 | plRGa east seed 202 done 709.1s: rescued=3 dead=1 ff_deaths=0 | fires=0 recoveries=0 bad_assign=0 | plRGa east seed 303 done 716.4s: rescued=3 dead=1 ff_deaths=0 | fires=5 recoveries=3 bad_assign=4 | plRGa east seed 404 done 1098.1s: rescued=3 dead=0 ff_deaths=1 | fires=6 recoveries=3 bad_assign=5 | plRGa east seed 505 done 418.6s: rescued=3 dead=1 ff_deaths=0 | fires=8 recoveries=5 bad_assign=6  [valid 24/26] src=925559e6d528 ext=158afe36be41 head=9a2e5c45ee931dcd8deb26e94b7f1190a093bfe4
[04:36:44] .. alive runid=20260928-031837-3913 event_age=3s | wave=q4 total=26 valid=24 running=2 pending=0 launched=26 failed=0 gaveup=0 forkfail=0 free_kb=5067152 sims_boxwide=12 last_event_age=1s last_event_epoch=1790563001
[04:37:45] .. alive runid=20260928-031837-3913 event_age=64s | wave=q4 total=26 valid=24 running=2 pending=0 launched=26 failed=0 gaveup=0 forkfail=0 free_kb=5067152 sims_boxwide=12 last_event_age=1s last_event_epoch=1790563001
[04:38:45] .. alive runid=20260928-031837-3913 event_age=124s | wave=q4 total=26 valid=24 running=2 pending=0 launched=26 failed=0 gaveup=0 forkfail=0 free_kb=5067152 sims_boxwide=12 last_event_age=1s last_event_epoch=1790563001
[04:39:20] DONE plRCa_D_east rc=0 4135s | plRCa east seed 101 done 808.6s: rescued=4 dead=0 ff_deaths=0 | fires=0 recoveries=0 bad_assign=0 | plRCa east seed 202 done 716.1s: rescued=3 dead=1 ff_deaths=0 | fires=0 recoveries=0 bad_assign=0 | plRCa east seed 303 done 796.4s: rescued=3 dead=1 ff_deaths=0 | fires=3 recoveries=2 bad_assign=2 | plRCa east seed 404 done 1207.3s: rescued=3 dead=0 ff_deaths=1 | fires=4 recoveries=2 bad_assign=3 | plRCa east seed 505 done 608.7s: rescued=3 dead=1 ff_deaths=0 | fires=4 recoveries=2 bad_assign=3  [valid 25/26] src=925559e6d528 ext=158afe36be41 head=9a2e5c45ee931dcd8deb26e94b7f1190a093bfe4
[04:39:45] .. alive runid=20260928-031837-3913 event_age=26s | wave=q4 total=26 valid=25 running=1 pending=0 launched=26 failed=0 gaveup=0 forkfail=0 free_kb=5067152 sims_boxwide=12 last_event_age=1s last_event_epoch=1790563159
[04:40:45] .. alive runid=20260928-031837-3913 event_age=86s | wave=q4 total=26 valid=25 running=1 pending=0 launched=26 failed=0 gaveup=0 forkfail=0 free_kb=5067152 sims_boxwide=12 last_event_age=1s last_event_epoch=1790563159
[04:41:45] .. alive runid=20260928-031837-3913 event_age=146s | wave=q4 total=26 valid=25 running=1 pending=0 launched=26 failed=0 gaveup=0 forkfail=0 free_kb=5067152 sims_boxwide=12 last_event_age=1s last_event_epoch=1790563159
[04:42:45] .. alive runid=20260928-031837-3913 event_age=206s | wave=q4 total=26 valid=25 running=1 pending=0 launched=26 failed=0 gaveup=0 forkfail=0 free_kb=5067152 sims_boxwide=12 last_event_age=1s last_event_epoch=1790563159
[04:43:13] DONE plRBa_D_east rc=0 4031s | plRBa east seed 101 done 829.6s: rescued=4 dead=0 ff_deaths=0 | fires=0 recoveries=0 bad_assign=0 | plRBa east seed 202 done 724.8s: rescued=3 dead=1 ff_deaths=0 | fires=0 recoveries=0 bad_assign=0 | plRBa east seed 303 done 809.3s: rescued=3 dead=1 ff_deaths=0 | fires=3 recoveries=2 bad_assign=2 | plRBa east seed 404 done 1188.2s: rescued=3 dead=0 ff_deaths=1 | fires=4 recoveries=2 bad_assign=3 | plRBa east seed 505 done 481.9s: rescued=3 dead=1 ff_deaths=0 | fires=4 recoveries=2 bad_assign=3  [valid 26/26] src=925559e6d528 ext=158afe36be41 head=9a2e5c45ee931dcd8deb26e94b7f1190a093bfe4
[04:43:13] MAIN LOOP LEFT pending=0 running=0
[04:43:14] FINAL SUMMARY total=26 valid=26 invalid=0 missing=0
[04:43:15] FINAL wave=q4 SUMMARY total=26 valid=26 invalid=0 missing=0 live_this_wave=0 sims_boxwide=0
[04:43:15] ALL_PL_COMPLETE wave=q4 runid=20260928-031837-3913 valid=26/26 launched=26 failed=0 forkfail=0 src=925559e6d528 ext=158afe36be41 head=9a2e5c45ee931dcd8deb26e94b7f1190a093bfe4
[04:43:45] HEARTBEAT EXIT wave=q4 runid=20260928-031837-3913 (sentinel)
