[00:41:29] POOL START wave=q1 runid=20260928-004128-1162 restart=0 pid=1162 winpid=67116 head=9a2e5c45ee931dcd8deb26e94b7f1190a093bfe4 src=925559e6d528 ext=158afe36be41 dirty_tracked=0 queue=outputs/_pl_q1_queue.txt maxpar=12 minfree_kb=3500000
[00:41:30] ENV 3.10.11 mesa 1.2.1  prereg_sha256=d659ea1d554308bb queue_sha256=fdc7841a65a9adfe
[00:41:31] SHIPPED GLOBAL_PLANNER_MODE=0 BASE_STATION_MODE=3 FF_EXIT_LEG_MODE=2 FF_EXIT_LEG_HOLD=0 FF_EXIT_LEG_SERVED=1 FF_FIREFIGHT_EXTINGUISH=1 FF_FIREFIGHT_FIREBREAK=1 ROUTE_BLOCK_STALE_CLEAR=1 global_planner_mode()=0 ff_exit_leg_mode()=2 ff_exit_leg_served()=1
[00:41:32] SHIPPED-CONTROL head=dfbfbe7
GLOBAL_PLANNER_MODE=ABSENT BASE_STATION_MODE=3 FF_EXIT_LEG_MODE=2 FF_EXIT_LEG_HOLD=0 FF_EXIT_LEG_SERVED=1 FF_FIREFIGHT_EXTINGUISH=1 FF_FIREFIGHT_FIREBREAK=1 ROUTE_BLOCK_STALE_CLEAR=1 global_planner_mode()=ABSENT ff_exit_leg_mode()=2 ff_exit_leg_served()=1
[00:41:33] VALIDATE total=35 valid=0 invalid=0 missing=35
[00:41:33] START STATE wave=q1 total=35 valid=0 pending=35 live_orphans_this_wave=0 sims_boxwide=0 free_kb=14872224
[00:41:33] HEARTBEAT pid=1254 every 60s -> outputs/_pl_q1_wave.log ; state file outputs/_pl_q1_state.txt ; sentinel outputs/_pl_q1_hb_20260928-004128-1162.stop
[00:41:34] LAUNCH plB_east_half_101 running=1 free_kb=14879352 sims_boxwide=0 attempt=1 src=925559e6d528 ext=158afe36be41 head=9a2e5c45ee931dcd8deb26e94b7f1190a093bfe4
[00:41:45] LAUNCH plB_east_half_202 running=2 free_kb=14060728 sims_boxwide=1 attempt=1 src=925559e6d528 ext=158afe36be41 head=9a2e5c45ee931dcd8deb26e94b7f1190a093bfe4
[00:41:56] LAUNCH plB_east_half_303 running=3 free_kb=13151236 sims_boxwide=2 attempt=1 src=925559e6d528 ext=158afe36be41 head=9a2e5c45ee931dcd8deb26e94b7f1190a093bfe4
[00:42:07] LAUNCH plB_east_half_404 running=4 free_kb=12180872 sims_boxwide=3 attempt=1 src=925559e6d528 ext=158afe36be41 head=9a2e5c45ee931dcd8deb26e94b7f1190a093bfe4
[00:42:19] LAUNCH plB_east_half_505 running=5 free_kb=11367228 sims_boxwide=4 attempt=1 src=925559e6d528 ext=158afe36be41 head=9a2e5c45ee931dcd8deb26e94b7f1190a093bfe4
[00:42:30] LAUNCH plB_south_half_101 running=6 free_kb=10553712 sims_boxwide=5 attempt=1 src=925559e6d528 ext=158afe36be41 head=9a2e5c45ee931dcd8deb26e94b7f1190a093bfe4
[00:42:33] .. alive runid=20260928-004128-1162 event_age=3s | wave=q1 total=35 valid=0 running=6 pending=29 launched=6 failed=0 gaveup=0 forkfail=0 free_kb=10553712 sims_boxwide=5 last_event_age=0s last_event_epoch=1790548950
[00:42:41] LAUNCH plB_south_half_202 running=7 free_kb=9722692 sims_boxwide=6 attempt=1 src=925559e6d528 ext=158afe36be41 head=9a2e5c45ee931dcd8deb26e94b7f1190a093bfe4
[00:42:53] LAUNCH plB_south_half_303 running=8 free_kb=8848924 sims_boxwide=7 attempt=1 src=925559e6d528 ext=158afe36be41 head=9a2e5c45ee931dcd8deb26e94b7f1190a093bfe4
[00:43:04] LAUNCH plB_south_half_404 running=9 free_kb=7959428 sims_boxwide=8 attempt=1 src=925559e6d528 ext=158afe36be41 head=9a2e5c45ee931dcd8deb26e94b7f1190a093bfe4
[00:43:15] LAUNCH plB_south_half_505 running=10 free_kb=7019904 sims_boxwide=9 attempt=1 src=925559e6d528 ext=158afe36be41 head=9a2e5c45ee931dcd8deb26e94b7f1190a093bfe4
[00:43:27] LAUNCH plB_east_def_101 running=11 free_kb=6213572 sims_boxwide=10 attempt=1 src=925559e6d528 ext=158afe36be41 head=9a2e5c45ee931dcd8deb26e94b7f1190a093bfe4
[00:43:33] .. alive runid=20260928-004128-1162 event_age=6s | wave=q1 total=35 valid=0 running=11 pending=24 launched=11 failed=0 gaveup=0 forkfail=0 free_kb=6213572 sims_boxwide=10 last_event_age=0s last_event_epoch=1790549007
[00:43:38] LAUNCH plB_east_def_202 running=12 free_kb=5360188 sims_boxwide=11 attempt=1 src=925559e6d528 ext=158afe36be41 head=9a2e5c45ee931dcd8deb26e94b7f1190a093bfe4
[00:44:33] .. alive runid=20260928-004128-1162 event_age=55s | wave=q1 total=35 valid=0 running=12 pending=23 launched=12 failed=0 gaveup=0 forkfail=0 free_kb=5360188 sims_boxwide=11 last_event_age=0s last_event_epoch=1790549018
[00:45:33] .. alive runid=20260928-004128-1162 event_age=115s | wave=q1 total=35 valid=0 running=12 pending=23 launched=12 failed=0 gaveup=0 forkfail=0 free_kb=5360188 sims_boxwide=11 last_event_age=0s last_event_epoch=1790549018
[00:46:33] .. alive runid=20260928-004128-1162 event_age=175s | wave=q1 total=35 valid=0 running=12 pending=23 launched=12 failed=0 gaveup=0 forkfail=0 free_kb=5360188 sims_boxwide=11 last_event_age=0s last_event_epoch=1790549018
[00:47:33] .. alive runid=20260928-004128-1162 event_age=235s | wave=q1 total=35 valid=0 running=12 pending=23 launched=12 failed=0 gaveup=0 forkfail=0 free_kb=5360188 sims_boxwide=11 last_event_age=0s last_event_epoch=1790549018
[00:48:34] .. alive runid=20260928-004128-1162 event_age=296s | wave=q1 total=35 valid=0 running=12 pending=23 launched=12 failed=0 gaveup=0 forkfail=0 free_kb=5360188 sims_boxwide=11 last_event_age=0s last_event_epoch=1790549018
[00:49:34] .. alive runid=20260928-004128-1162 event_age=356s | wave=q1 total=35 valid=0 running=12 pending=23 launched=12 failed=0 gaveup=0 forkfail=0 free_kb=5360188 sims_boxwide=11 last_event_age=0s last_event_epoch=1790549018
[00:50:34] .. alive runid=20260928-004128-1162 event_age=416s | wave=q1 total=35 valid=0 running=12 pending=23 launched=12 failed=0 gaveup=0 forkfail=0 free_kb=5360188 sims_boxwide=11 last_event_age=0s last_event_epoch=1790549018
[00:51:12] DONE plB_south_half_505 rc=0 477s plB south/half seed=505 rescued=3 dead=1 unreachable=0 never_detected=0 ff_deaths=0 terminal=115 completions=3 recycles=3 removals=3 returns=3 wall=474s [valid 1/35] src=925559e6d528 ext=158afe36be41 head=9a2e5c45ee931dcd8deb26e94b7f1190a093bfe4
[00:51:14] LAUNCH plB_east_def_303 running=12 free_kb=5182548 sims_boxwide=11 attempt=1 src=925559e6d528 ext=158afe36be41 head=9a2e5c45ee931dcd8deb26e94b7f1190a093bfe4
[00:51:25] DONE plB_south_half_303 rc=0 511s plB south/half seed=303 rescued=4 dead=0 unreachable=0 never_detected=0 ff_deaths=0 terminal=115 completions=4 recycles=4 removals=4 returns=4 wall=507s [valid 2/35] src=925559e6d528 ext=158afe36be41 head=9a2e5c45ee931dcd8deb26e94b7f1190a093bfe4
[00:51:26] LAUNCH plD_east_half_101 running=12 free_kb=5184168 sims_boxwide=11 attempt=1 src=925559e6d528 ext=158afe36be41 head=9a2e5c45ee931dcd8deb26e94b7f1190a093bfe4
[00:51:34] .. alive runid=20260928-004128-1162 event_age=8s | wave=q1 total=35 valid=2 running=12 pending=21 launched=14 failed=0 gaveup=0 forkfail=0 free_kb=5184168 sims_boxwide=11 last_event_age=0s last_event_epoch=1790549486
[00:52:03] DONE plB_south_half_101 rc=0 573s plB south/half seed=101 rescued=2 dead=2 unreachable=0 never_detected=0 ff_deaths=1 terminal=129 completions=2 recycles=2 removals=2 returns=2 wall=571s [valid 3/35] src=925559e6d528 ext=158afe36be41 head=9a2e5c45ee931dcd8deb26e94b7f1190a093bfe4
[00:52:05] LAUNCH plD_south_half_101 running=12 free_kb=5166432 sims_boxwide=11 attempt=1 src=925559e6d528 ext=158afe36be41 head=9a2e5c45ee931dcd8deb26e94b7f1190a093bfe4
[00:52:34] .. alive runid=20260928-004128-1162 event_age=29s | wave=q1 total=35 valid=3 running=12 pending=20 launched=15 failed=0 gaveup=0 forkfail=0 free_kb=5166432 sims_boxwide=11 last_event_age=0s last_event_epoch=1790549525
[00:52:39] DONE plB_east_def_202 rc=0 540s plB east/default seed=202 rescued=3 dead=1 unreachable=0 never_detected=0 ff_deaths=0 terminal=172 completions=3 recycles=3 removals=3 returns=3 wall=538s [valid 4/35] src=925559e6d528 ext=158afe36be41 head=9a2e5c45ee931dcd8deb26e94b7f1190a093bfe4
[00:52:40] LAUNCH plC_east_half_101 running=12 free_kb=5145212 sims_boxwide=11 attempt=1 src=925559e6d528 ext=158afe36be41 head=9a2e5c45ee931dcd8deb26e94b7f1190a093bfe4
[00:53:08] DONE plB_east_def_101 rc=0 580s plB east/default seed=101 rescued=4 dead=0 unreachable=0 never_detected=0 ff_deaths=0 terminal=288 completions=4 recycles=4 removals=4 returns=4 wall=578s [valid 5/35] src=925559e6d528 ext=158afe36be41 head=9a2e5c45ee931dcd8deb26e94b7f1190a093bfe4
[00:53:09] LAUNCH plC_east_half_202 running=12 free_kb=5207740 sims_boxwide=11 attempt=1 src=925559e6d528 ext=158afe36be41 head=9a2e5c45ee931dcd8deb26e94b7f1190a093bfe4
[00:53:34] .. alive runid=20260928-004128-1162 event_age=25s | wave=q1 total=35 valid=5 running=12 pending=18 launched=17 failed=0 gaveup=0 forkfail=0 free_kb=5207740 sims_boxwide=11 last_event_age=0s last_event_epoch=1790549589
[00:53:52] DONE plB_south_half_202 rc=0 670s plB south/half seed=202 rescued=4 dead=0 unreachable=0 never_detected=0 ff_deaths=0 terminal=235 completions=4 recycles=4 removals=4 returns=4 wall=668s [valid 6/35] src=925559e6d528 ext=158afe36be41 head=9a2e5c45ee931dcd8deb26e94b7f1190a093bfe4
[00:53:53] LAUNCH plC_east_half_303 running=12 free_kb=5159992 sims_boxwide=11 attempt=1 src=925559e6d528 ext=158afe36be41 head=9a2e5c45ee931dcd8deb26e94b7f1190a093bfe4
[00:54:07] DONE plB_south_half_404 rc=0 662s plB south/half seed=404 rescued=2 dead=0 unreachable=0 never_detected=0 ff_deaths=1 terminal=None completions=2 recycles=2 removals=2 returns=2 wall=660s [valid 7/35] src=925559e6d528 ext=158afe36be41 head=9a2e5c45ee931dcd8deb26e94b7f1190a093bfe4
[00:54:08] LAUNCH plC_east_half_404 running=12 free_kb=5248956 sims_boxwide=11 attempt=1 src=925559e6d528 ext=158afe36be41 head=9a2e5c45ee931dcd8deb26e94b7f1190a093bfe4
[00:54:34] .. alive runid=20260928-004128-1162 event_age=26s | wave=q1 total=35 valid=7 running=12 pending=16 launched=19 failed=0 gaveup=0 forkfail=0 free_kb=5248956 sims_boxwide=11 last_event_age=0s last_event_epoch=1790549648
[00:55:24] DONE plB_east_half_202 rc=0 819s plB east/half seed=202 rescued=3 dead=1 unreachable=0 never_detected=0 ff_deaths=0 terminal=93 completions=3 recycles=3 removals=3 returns=3 wall=817s [valid 8/35] src=925559e6d528 ext=158afe36be41 head=9a2e5c45ee931dcd8deb26e94b7f1190a093bfe4
[00:55:26] LAUNCH plC_east_half_505 running=12 free_kb=5153752 sims_boxwide=11 attempt=1 src=925559e6d528 ext=158afe36be41 head=9a2e5c45ee931dcd8deb26e94b7f1190a093bfe4
[00:55:34] .. alive runid=20260928-004128-1162 event_age=8s | wave=q1 total=35 valid=8 running=12 pending=15 launched=20 failed=0 gaveup=0 forkfail=0 free_kb=5153752 sims_boxwide=11 last_event_age=0s last_event_epoch=1790549726
[00:55:50] DONE plB_east_half_505 rc=0 810s plB east/half seed=505 rescued=3 dead=1 unreachable=0 never_detected=0 ff_deaths=0 terminal=94 completions=3 recycles=3 removals=3 returns=3 wall=809s [valid 9/35] src=925559e6d528 ext=158afe36be41 head=9a2e5c45ee931dcd8deb26e94b7f1190a093bfe4
[00:55:51] LAUNCH plC_south_half_101 running=12 free_kb=5213012 sims_boxwide=11 attempt=1 src=925559e6d528 ext=158afe36be41 head=9a2e5c45ee931dcd8deb26e94b7f1190a093bfe4
[00:56:34] .. alive runid=20260928-004128-1162 event_age=43s | wave=q1 total=35 valid=9 running=12 pending=14 launched=21 failed=0 gaveup=0 forkfail=0 free_kb=5213012 sims_boxwide=11 last_event_age=0s last_event_epoch=1790549751
[00:56:53] DONE plB_east_half_101 rc=0 919s plB east/half seed=101 rescued=4 dead=0 unreachable=0 never_detected=0 ff_deaths=0 terminal=115 completions=4 recycles=4 removals=4 returns=4 wall=917s [valid 10/35] src=925559e6d528 ext=158afe36be41 head=9a2e5c45ee931dcd8deb26e94b7f1190a093bfe4
[00:56:55] LAUNCH plC_south_half_202 running=12 free_kb=5207760 sims_boxwide=11 attempt=1 src=925559e6d528 ext=158afe36be41 head=9a2e5c45ee931dcd8deb26e94b7f1190a093bfe4
[00:57:17] DONE plB_east_half_303 rc=0 920s plB east/half seed=303 rescued=3 dead=1 unreachable=0 never_detected=0 ff_deaths=0 terminal=121 completions=3 recycles=3 removals=3 returns=3 wall=919s [valid 11/35] src=925559e6d528 ext=158afe36be41 head=9a2e5c45ee931dcd8deb26e94b7f1190a093bfe4
[00:57:19] LAUNCH plC_south_half_303 running=12 free_kb=5184000 sims_boxwide=11 attempt=1 src=925559e6d528 ext=158afe36be41 head=9a2e5c45ee931dcd8deb26e94b7f1190a093bfe4
[00:57:34] .. alive runid=20260928-004128-1162 event_age=15s | wave=q1 total=35 valid=11 running=12 pending=12 launched=23 failed=0 gaveup=0 forkfail=0 free_kb=5184000 sims_boxwide=11 last_event_age=0s last_event_epoch=1790549839
[00:58:35] .. alive runid=20260928-004128-1162 event_age=76s | wave=q1 total=35 valid=11 running=12 pending=12 launched=23 failed=0 gaveup=0 forkfail=0 free_kb=5184000 sims_boxwide=11 last_event_age=0s last_event_epoch=1790549839
[00:59:35] .. alive runid=20260928-004128-1162 event_age=136s | wave=q1 total=35 valid=11 running=12 pending=12 launched=23 failed=0 gaveup=0 forkfail=0 free_kb=5184000 sims_boxwide=11 last_event_age=0s last_event_epoch=1790549839
[00:59:38] DONE plB_east_def_303 rc=0 504s plB east/default seed=303 rescued=3 dead=1 unreachable=0 never_detected=0 ff_deaths=0 terminal=137 completions=3 recycles=3 removals=3 returns=3 wall=502s [valid 12/35] src=925559e6d528 ext=158afe36be41 head=9a2e5c45ee931dcd8deb26e94b7f1190a093bfe4
[00:59:40] LAUNCH plC_south_half_404 running=12 free_kb=5116520 sims_boxwide=11 attempt=1 src=925559e6d528 ext=158afe36be41 head=9a2e5c45ee931dcd8deb26e94b7f1190a093bfe4
[01:00:35] .. alive runid=20260928-004128-1162 event_age=55s | wave=q1 total=35 valid=12 running=12 pending=11 launched=24 failed=0 gaveup=0 forkfail=0 free_kb=5116520 sims_boxwide=11 last_event_age=0s last_event_epoch=1790549980
[01:01:35] .. alive runid=20260928-004128-1162 event_age=115s | wave=q1 total=35 valid=12 running=12 pending=11 launched=24 failed=0 gaveup=0 forkfail=0 free_kb=5116520 sims_boxwide=11 last_event_age=0s last_event_epoch=1790549980
[01:01:44] DONE plD_south_half_101 rc=0 578s plD south/half seed=101 rescued=2 dead=2 unreachable=0 never_detected=0 ff_deaths=1 terminal=129 completions=2 recycles=2 removals=2 returns=2 wall=577s [valid 13/35] src=925559e6d528 ext=158afe36be41 head=9a2e5c45ee931dcd8deb26e94b7f1190a093bfe4
[01:01:45] LAUNCH plC_south_half_505 running=12 free_kb=5164588 sims_boxwide=11 attempt=1 src=925559e6d528 ext=158afe36be41 head=9a2e5c45ee931dcd8deb26e94b7f1190a093bfe4
[01:02:35] .. alive runid=20260928-004128-1162 event_age=50s | wave=q1 total=35 valid=13 running=12 pending=10 launched=25 failed=0 gaveup=0 forkfail=0 free_kb=5164588 sims_boxwide=11 last_event_age=0s last_event_epoch=1790550105
[01:03:35] .. alive runid=20260928-004128-1162 event_age=110s | wave=q1 total=35 valid=13 running=12 pending=10 launched=25 failed=0 gaveup=0 forkfail=0 free_kb=5164588 sims_boxwide=11 last_event_age=0s last_event_epoch=1790550105
[01:04:35] .. alive runid=20260928-004128-1162 event_age=170s | wave=q1 total=35 valid=13 running=12 pending=10 launched=25 failed=0 gaveup=0 forkfail=0 free_kb=5164588 sims_boxwide=11 last_event_age=0s last_event_epoch=1790550105
[01:05:26] DONE plC_south_half_101 rc=0 575s plC south/half seed=101 rescued=2 dead=2 unreachable=0 never_detected=0 ff_deaths=1 terminal=129 completions=2 recycles=2 removals=2 returns=2 wall=572s [valid 14/35] src=925559e6d528 ext=158afe36be41 head=9a2e5c45ee931dcd8deb26e94b7f1190a093bfe4
[01:05:28] LAUNCH plC_east_def_101 running=12 free_kb=4990772 sims_boxwide=11 attempt=1 src=925559e6d528 ext=158afe36be41 head=9a2e5c45ee931dcd8deb26e94b7f1190a093bfe4
[01:05:35] .. alive runid=20260928-004128-1162 event_age=7s | wave=q1 total=35 valid=14 running=12 pending=9 launched=26 failed=0 gaveup=0 forkfail=0 free_kb=4990772 sims_boxwide=11 last_event_age=0s last_event_epoch=1790550328
[01:05:48] DONE plC_south_half_303 rc=0 509s plC south/half seed=303 rescued=4 dead=0 unreachable=0 never_detected=0 ff_deaths=0 terminal=115 completions=4 recycles=4 removals=4 returns=4 wall=507s [valid 15/35] src=925559e6d528 ext=158afe36be41 head=9a2e5c45ee931dcd8deb26e94b7f1190a093bfe4
[01:05:50] LAUNCH plC_east_def_202 running=12 free_kb=5097056 sims_boxwide=11 attempt=1 src=925559e6d528 ext=158afe36be41 head=9a2e5c45ee931dcd8deb26e94b7f1190a093bfe4
[01:06:35] .. alive runid=20260928-004128-1162 event_age=45s | wave=q1 total=35 valid=15 running=12 pending=8 launched=27 failed=0 gaveup=0 forkfail=0 free_kb=5097056 sims_boxwide=11 last_event_age=0s last_event_epoch=1790550350
[01:06:56] DONE plC_east_half_202 rc=0 826s plC east/half seed=202 rescued=3 dead=1 unreachable=0 never_detected=0 ff_deaths=0 terminal=93 completions=3 recycles=3 removals=3 returns=3 wall=825s [valid 16/35] src=925559e6d528 ext=158afe36be41 head=9a2e5c45ee931dcd8deb26e94b7f1190a093bfe4
[01:06:58] LAUNCH plC_east_def_303 running=12 free_kb=5115484 sims_boxwide=11 attempt=1 src=925559e6d528 ext=158afe36be41 head=9a2e5c45ee931dcd8deb26e94b7f1190a093bfe4
[01:07:08] DONE plD_east_half_101 rc=0 942s plD east/half seed=101 rescued=4 dead=0 unreachable=0 never_detected=0 ff_deaths=0 terminal=115 completions=4 recycles=4 removals=4 returns=4 wall=938s [valid 17/35] src=925559e6d528 ext=158afe36be41 head=9a2e5c45ee931dcd8deb26e94b7f1190a093bfe4
[01:07:10] LAUNCH plP_east_half_101 running=12 free_kb=5154112 sims_boxwide=11 attempt=1 src=925559e6d528 ext=158afe36be41 head=9a2e5c45ee931dcd8deb26e94b7f1190a093bfe4
[01:07:35] .. alive runid=20260928-004128-1162 event_age=25s | wave=q1 total=35 valid=17 running=12 pending=6 launched=29 failed=0 gaveup=0 forkfail=0 free_kb=5154112 sims_boxwide=11 last_event_age=0s last_event_epoch=1790550430
[01:08:05] DONE plC_south_half_202 rc=0 669s plC south/half seed=202 rescued=4 dead=0 unreachable=0 never_detected=0 ff_deaths=0 terminal=235 completions=4 recycles=4 removals=4 returns=4 wall=667s [valid 18/35] src=925559e6d528 ext=158afe36be41 head=9a2e5c45ee931dcd8deb26e94b7f1190a093bfe4
[01:08:06] LAUNCH plZ_east_half_101 running=12 free_kb=5139064 sims_boxwide=11 attempt=1 src=925559e6d528 ext=158afe36be41 head=9a2e5c45ee931dcd8deb26e94b7f1190a093bfe4
[01:08:17] DONE plC_east_half_101 rc=0 936s plC east/half seed=101 rescued=4 dead=0 unreachable=0 never_detected=0 ff_deaths=0 terminal=115 completions=4 recycles=4 removals=4 returns=4 wall=928s [valid 19/35] src=925559e6d528 ext=158afe36be41 head=9a2e5c45ee931dcd8deb26e94b7f1190a093bfe4
[01:08:18] LAUNCH plZ_south_half_101 running=12 free_kb=5170524 sims_boxwide=11 attempt=1 src=925559e6d528 ext=158afe36be41 head=9a2e5c45ee931dcd8deb26e94b7f1190a093bfe4
[01:08:29] DONE plB_east_half_404 rc=0 1581s plB east/half seed=404 rescued=4 dead=0 unreachable=0 never_detected=0 ff_deaths=1 terminal=291 completions=4 recycles=4 removals=4 returns=4 wall=1575s [valid 20/35] src=925559e6d528 ext=158afe36be41 head=9a2e5c45ee931dcd8deb26e94b7f1190a093bfe4
[01:08:30] LAUNCH plZ_east_def_101 running=12 free_kb=5184952 sims_boxwide=11 attempt=1 src=925559e6d528 ext=158afe36be41 head=9a2e5c45ee931dcd8deb26e94b7f1190a093bfe4
[01:08:35] .. alive runid=20260928-004128-1162 event_age=5s | wave=q1 total=35 valid=20 running=12 pending=3 launched=32 failed=0 gaveup=0 forkfail=0 free_kb=5184952 sims_boxwide=11 last_event_age=0s last_event_epoch=1790550510
[01:08:56] DONE plC_east_half_505 rc=0 810s plC east/half seed=505 rescued=3 dead=1 unreachable=0 never_detected=0 ff_deaths=0 terminal=94 completions=3 recycles=3 removals=3 returns=3 wall=808s [valid 21/35] src=925559e6d528 ext=158afe36be41 head=9a2e5c45ee931dcd8deb26e94b7f1190a093bfe4
[01:08:58] LAUNCH plJ_east_half_101 running=12 free_kb=5194776 sims_boxwide=11 attempt=1 src=925559e6d528 ext=158afe36be41 head=9a2e5c45ee931dcd8deb26e94b7f1190a093bfe4
[01:09:19] DONE plC_east_half_303 rc=0 925s plC east/half seed=303 rescued=3 dead=1 unreachable=0 never_detected=0 ff_deaths=0 terminal=121 completions=3 recycles=3 removals=3 returns=3 wall=923s [valid 22/35] src=925559e6d528 ext=158afe36be41 head=9a2e5c45ee931dcd8deb26e94b7f1190a093bfe4
[01:09:20] LAUNCH plJ_south_half_101 running=12 free_kb=5179128 sims_boxwide=11 attempt=1 src=925559e6d528 ext=158afe36be41 head=9a2e5c45ee931dcd8deb26e94b7f1190a093bfe4
[01:09:36] .. alive runid=20260928-004128-1162 event_age=16s | wave=q1 total=35 valid=22 running=12 pending=1 launched=34 failed=0 gaveup=0 forkfail=0 free_kb=5179128 sims_boxwide=11 last_event_age=0s last_event_epoch=1790550560
[01:09:44] DONE plC_south_half_505 rc=0 479s plC south/half seed=505 rescued=3 dead=1 unreachable=0 never_detected=0 ff_deaths=0 terminal=115 completions=3 recycles=3 removals=3 returns=3 wall=476s [valid 23/35] src=925559e6d528 ext=158afe36be41 head=9a2e5c45ee931dcd8deb26e94b7f1190a093bfe4
[01:09:46] LAUNCH plJ_east_def_101 running=12 free_kb=5164676 sims_boxwide=11 attempt=1 src=925559e6d528 ext=158afe36be41 head=9a2e5c45ee931dcd8deb26e94b7f1190a093bfe4
[01:10:36] .. alive runid=20260928-004128-1162 event_age=50s | wave=q1 total=35 valid=23 running=12 pending=0 launched=35 failed=0 gaveup=0 forkfail=0 free_kb=5164676 sims_boxwide=11 last_event_age=0s last_event_epoch=1790550586
[01:10:46] DONE plC_south_half_404 rc=0 665s plC south/half seed=404 rescued=2 dead=0 unreachable=0 never_detected=0 ff_deaths=1 terminal=None completions=2 recycles=2 removals=2 returns=2 wall=664s [valid 24/35] src=925559e6d528 ext=158afe36be41 head=9a2e5c45ee931dcd8deb26e94b7f1190a093bfe4
[01:11:36] .. alive runid=20260928-004128-1162 event_age=51s | wave=q1 total=35 valid=24 running=11 pending=0 launched=35 failed=0 gaveup=0 forkfail=0 free_kb=5164676 sims_boxwide=11 last_event_age=1s last_event_epoch=1790550645
[01:12:36] .. alive runid=20260928-004128-1162 event_age=111s | wave=q1 total=35 valid=24 running=11 pending=0 launched=35 failed=0 gaveup=0 forkfail=0 free_kb=5164676 sims_boxwide=11 last_event_age=1s last_event_epoch=1790550645
[01:13:36] .. alive runid=20260928-004128-1162 event_age=171s | wave=q1 total=35 valid=24 running=11 pending=0 launched=35 failed=0 gaveup=0 forkfail=0 free_kb=5164676 sims_boxwide=11 last_event_age=1s last_event_epoch=1790550645
[01:14:36] .. alive runid=20260928-004128-1162 event_age=231s | wave=q1 total=35 valid=24 running=11 pending=0 launched=35 failed=0 gaveup=0 forkfail=0 free_kb=5164676 sims_boxwide=11 last_event_age=1s last_event_epoch=1790550645
[01:14:50] DONE plC_east_def_202 rc=0 540s plC east/default seed=202 rescued=3 dead=1 unreachable=0 never_detected=0 ff_deaths=0 terminal=172 completions=3 recycles=3 removals=3 returns=3 wall=538s [valid 25/35] src=925559e6d528 ext=158afe36be41 head=9a2e5c45ee931dcd8deb26e94b7f1190a093bfe4
[01:15:11] DONE plC_east_def_101 rc=0 582s plC east/default seed=101 rescued=4 dead=0 unreachable=0 never_detected=0 ff_deaths=0 terminal=288 completions=4 recycles=4 removals=4 returns=4 wall=580s [valid 26/35] src=925559e6d528 ext=158afe36be41 head=9a2e5c45ee931dcd8deb26e94b7f1190a093bfe4
[01:15:19] DONE plC_east_def_303 rc=0 501s plC east/default seed=303 rescued=3 dead=1 unreachable=0 never_detected=0 ff_deaths=0 terminal=137 completions=3 recycles=3 removals=3 returns=3 wall=499s [valid 27/35] src=925559e6d528 ext=158afe36be41 head=9a2e5c45ee931dcd8deb26e94b7f1190a093bfe4
[01:15:36] .. alive runid=20260928-004128-1162 event_age=17s | wave=q1 total=35 valid=27 running=8 pending=0 launched=35 failed=0 gaveup=0 forkfail=0 free_kb=5164676 sims_boxwide=11 last_event_age=0s last_event_epoch=1790550919
[01:16:36] .. alive runid=20260928-004128-1162 event_age=77s | wave=q1 total=35 valid=27 running=8 pending=0 launched=35 failed=0 gaveup=0 forkfail=0 free_kb=5164676 sims_boxwide=11 last_event_age=0s last_event_epoch=1790550919
[01:17:36] .. alive runid=20260928-004128-1162 event_age=137s | wave=q1 total=35 valid=27 running=8 pending=0 launched=35 failed=0 gaveup=0 forkfail=0 free_kb=5164676 sims_boxwide=11 last_event_age=0s last_event_epoch=1790550919
[01:17:45] DONE plZ_south_half_101 rc=0 566s plZ south/half seed=101 rescued=2 dead=2 unreachable=0 never_detected=0 ff_deaths=1 terminal=129 completions=2 recycles=2 removals=2 returns=2 wall=565s [valid 28/35] src=925559e6d528 ext=158afe36be41 head=9a2e5c45ee931dcd8deb26e94b7f1190a093bfe4
[01:18:01] DONE plZ_east_def_101 rc=0 570s plZ east/default seed=101 rescued=4 dead=0 unreachable=0 never_detected=0 ff_deaths=0 terminal=288 completions=4 recycles=4 removals=4 returns=4 wall=568s [valid 29/35] src=925559e6d528 ext=158afe36be41 head=9a2e5c45ee931dcd8deb26e94b7f1190a093bfe4
[01:18:36] .. alive runid=20260928-004128-1162 event_age=36s | wave=q1 total=35 valid=29 running=6 pending=0 launched=35 failed=0 gaveup=0 forkfail=0 free_kb=5164676 sims_boxwide=11 last_event_age=1s last_event_epoch=1790551080
[01:18:45] DONE plJ_south_half_101 rc=0 564s plJ south/half seed=101 rescued=2 dead=2 unreachable=0 never_detected=0 ff_deaths=1 terminal=129 completions=2 recycles=2 removals=2 returns=2 wall=562s [valid 30/35] src=925559e6d528 ext=158afe36be41 head=9a2e5c45ee931dcd8deb26e94b7f1190a093bfe4
[01:19:13] DONE plJ_east_def_101 rc=0 567s plJ east/default seed=101 rescued=4 dead=0 unreachable=0 never_detected=0 ff_deaths=0 terminal=288 completions=4 recycles=4 removals=4 returns=4 wall=565s [valid 31/35] src=925559e6d528 ext=158afe36be41 head=9a2e5c45ee931dcd8deb26e94b7f1190a093bfe4
[01:19:36] .. alive runid=20260928-004128-1162 event_age=23s | wave=q1 total=35 valid=31 running=4 pending=0 launched=35 failed=0 gaveup=0 forkfail=0 free_kb=5164676 sims_boxwide=11 last_event_age=0s last_event_epoch=1790551153
[01:20:07] DONE plC_east_half_404 rc=0 1559s plC east/half seed=404 rescued=4 dead=0 unreachable=0 never_detected=0 ff_deaths=1 terminal=291 completions=4 recycles=4 removals=4 returns=4 wall=1557s [valid 32/35] src=925559e6d528 ext=158afe36be41 head=9a2e5c45ee931dcd8deb26e94b7f1190a093bfe4
[01:20:37] .. alive runid=20260928-004128-1162 event_age=30s | wave=q1 total=35 valid=32 running=3 pending=0 launched=35 failed=0 gaveup=0 forkfail=0 free_kb=5164676 sims_boxwide=11 last_event_age=0s last_event_epoch=1790551207
[01:21:37] .. alive runid=20260928-004128-1162 event_age=90s | wave=q1 total=35 valid=32 running=3 pending=0 launched=35 failed=0 gaveup=0 forkfail=0 free_kb=5164676 sims_boxwide=11 last_event_age=0s last_event_epoch=1790551207
[01:22:08] DONE plP_east_half_101 rc=0 897s plP east/half seed=101 rescued=4 dead=0 unreachable=0 never_detected=0 ff_deaths=0 terminal=115 completions=4 recycles=4 removals=4 returns=4 wall=896s [valid 33/35] src=925559e6d528 ext=158afe36be41 head=9a2e5c45ee931dcd8deb26e94b7f1190a093bfe4
[01:22:37] .. alive runid=20260928-004128-1162 event_age=30s | wave=q1 total=35 valid=33 running=2 pending=0 launched=35 failed=0 gaveup=0 forkfail=0 free_kb=5164676 sims_boxwide=11 last_event_age=1s last_event_epoch=1790551327
[01:22:47] DONE plZ_east_half_101 rc=0 880s plZ east/half seed=101 rescued=4 dead=0 unreachable=0 never_detected=0 ff_deaths=0 terminal=115 completions=4 recycles=4 removals=4 returns=4 wall=879s [valid 34/35] src=925559e6d528 ext=158afe36be41 head=9a2e5c45ee931dcd8deb26e94b7f1190a093bfe4
[01:23:37] .. alive runid=20260928-004128-1162 event_age=51s | wave=q1 total=35 valid=34 running=1 pending=0 launched=35 failed=0 gaveup=0 forkfail=0 free_kb=5164676 sims_boxwide=11 last_event_age=1s last_event_epoch=1790551366
[01:23:52] DONE plJ_east_half_101 rc=0 894s plJ east/half seed=101 rescued=4 dead=0 unreachable=0 never_detected=0 ff_deaths=0 terminal=115 completions=4 recycles=4 removals=4 returns=4 wall=892s [valid 35/35] src=925559e6d528 ext=158afe36be41 head=9a2e5c45ee931dcd8deb26e94b7f1190a093bfe4
[01:23:52] MAIN LOOP LEFT pending=0 running=0
[01:23:54] FINAL SUMMARY total=35 valid=35 invalid=0 missing=0
[01:23:54] FINAL wave=q1 SUMMARY total=35 valid=35 invalid=0 missing=0 live_this_wave=0 sims_boxwide=0
[01:23:54] ALL_PL_COMPLETE wave=q1 runid=20260928-004128-1162 valid=35/35 launched=35 failed=0 forkfail=0 src=925559e6d528 ext=158afe36be41 head=9a2e5c45ee931dcd8deb26e94b7f1190a093bfe4
[01:24:37] HEARTBEAT EXIT wave=q1 runid=20260928-004128-1162 (sentinel)
