[01:24:18] POOL START wave=q2 runid=20260928-012417-3481 restart=0 pid=3481 winpid=43344 head=9a2e5c45ee931dcd8deb26e94b7f1190a093bfe4 src=925559e6d528 ext=158afe36be41 dirty_tracked=0 queue=outputs/_pl_q2_queue.txt maxpar=13 minfree_kb=3500000
[01:24:19] ENV 3.10.11 mesa 1.2.1  prereg_sha256=d659ea1d554308bb queue_sha256=dd2072b2d3560e15
[01:24:19] SHIPPED GLOBAL_PLANNER_MODE=0 BASE_STATION_MODE=3 FF_EXIT_LEG_MODE=2 FF_EXIT_LEG_HOLD=0 FF_EXIT_LEG_SERVED=1 FF_FIREFIGHT_EXTINGUISH=1 FF_FIREFIGHT_FIREBREAK=1 ROUTE_BLOCK_STALE_CLEAR=1 global_planner_mode()=0 ff_exit_leg_mode()=2 ff_exit_leg_served()=1
[01:24:20] SHIPPED-CONTROL head=dfbfbe7
GLOBAL_PLANNER_MODE=ABSENT BASE_STATION_MODE=3 FF_EXIT_LEG_MODE=2 FF_EXIT_LEG_HOLD=0 FF_EXIT_LEG_SERVED=1 FF_FIREFIGHT_EXTINGUISH=1 FF_FIREFIGHT_FIREBREAK=1 ROUTE_BLOCK_STALE_CLEAR=1 global_planner_mode()=ABSENT ff_exit_leg_mode()=2 ff_exit_leg_served()=1
[01:24:21] VALIDATE total=13 valid=0 invalid=0 missing=13
[01:24:21] START STATE wave=q2 total=13 valid=0 pending=13 live_orphans_this_wave=0 sims_boxwide=0 free_kb=14782904
[01:24:21] HEARTBEAT pid=3571 every 60s -> outputs/_pl_q2_wave.log ; state file outputs/_pl_q2_state.txt ; sentinel outputs/_pl_q2_hb_20260928-012417-3481.stop
[01:24:22] LAUNCH plG_east_half_101 running=1 free_kb=14742104 sims_boxwide=0 attempt=1 src=925559e6d528 ext=158afe36be41 head=9a2e5c45ee931dcd8deb26e94b7f1190a093bfe4
[01:24:33] LAUNCH plG_east_half_202 running=2 free_kb=13880808 sims_boxwide=1 attempt=1 src=925559e6d528 ext=158afe36be41 head=9a2e5c45ee931dcd8deb26e94b7f1190a093bfe4
[01:24:45] LAUNCH plG_east_half_303 running=3 free_kb=13033068 sims_boxwide=2 attempt=1 src=925559e6d528 ext=158afe36be41 head=9a2e5c45ee931dcd8deb26e94b7f1190a093bfe4
[01:24:56] LAUNCH plG_east_half_404 running=4 free_kb=12169280 sims_boxwide=3 attempt=1 src=925559e6d528 ext=158afe36be41 head=9a2e5c45ee931dcd8deb26e94b7f1190a093bfe4
[01:25:07] LAUNCH plG_east_half_505 running=5 free_kb=11307404 sims_boxwide=4 attempt=1 src=925559e6d528 ext=158afe36be41 head=9a2e5c45ee931dcd8deb26e94b7f1190a093bfe4
[01:25:19] LAUNCH plG_south_half_101 running=6 free_kb=10455848 sims_boxwide=5 attempt=1 src=925559e6d528 ext=158afe36be41 head=9a2e5c45ee931dcd8deb26e94b7f1190a093bfe4
[01:25:21] .. alive runid=20260928-012417-3481 event_age=2s | wave=q2 total=13 valid=0 running=6 pending=7 launched=6 failed=0 gaveup=0 forkfail=0 free_kb=10455848 sims_boxwide=5 last_event_age=0s last_event_epoch=1790551519
[01:25:30] LAUNCH plG_south_half_202 running=7 free_kb=9644628 sims_boxwide=6 attempt=1 src=925559e6d528 ext=158afe36be41 head=9a2e5c45ee931dcd8deb26e94b7f1190a093bfe4
[01:25:41] LAUNCH plG_south_half_303 running=8 free_kb=8735408 sims_boxwide=7 attempt=1 src=925559e6d528 ext=158afe36be41 head=9a2e5c45ee931dcd8deb26e94b7f1190a093bfe4
[01:25:52] LAUNCH plG_south_half_404 running=9 free_kb=7903628 sims_boxwide=8 attempt=1 src=925559e6d528 ext=158afe36be41 head=9a2e5c45ee931dcd8deb26e94b7f1190a093bfe4
[01:26:04] LAUNCH plG_south_half_505 running=10 free_kb=7024624 sims_boxwide=9 attempt=1 src=925559e6d528 ext=158afe36be41 head=9a2e5c45ee931dcd8deb26e94b7f1190a093bfe4
[01:26:15] LAUNCH plG_east_def_101 running=11 free_kb=6146276 sims_boxwide=10 attempt=1 src=925559e6d528 ext=158afe36be41 head=9a2e5c45ee931dcd8deb26e94b7f1190a093bfe4
[01:26:21] .. alive runid=20260928-012417-3481 event_age=6s | wave=q2 total=13 valid=0 running=11 pending=2 launched=11 failed=0 gaveup=0 forkfail=0 free_kb=6146276 sims_boxwide=10 last_event_age=0s last_event_epoch=1790551575
[01:26:26] LAUNCH plG_east_def_202 running=12 free_kb=5273140 sims_boxwide=11 attempt=1 src=925559e6d528 ext=158afe36be41 head=9a2e5c45ee931dcd8deb26e94b7f1190a093bfe4
[01:26:38] LAUNCH plG_east_def_303 running=13 free_kb=4364764 sims_boxwide=12 attempt=1 src=925559e6d528 ext=158afe36be41 head=9a2e5c45ee931dcd8deb26e94b7f1190a093bfe4
[01:27:21] .. alive runid=20260928-012417-3481 event_age=43s | wave=q2 total=13 valid=0 running=13 pending=0 launched=13 failed=0 gaveup=0 forkfail=0 free_kb=4364764 sims_boxwide=12 last_event_age=0s last_event_epoch=1790551598
[01:28:21] .. alive runid=20260928-012417-3481 event_age=103s | wave=q2 total=13 valid=0 running=13 pending=0 launched=13 failed=0 gaveup=0 forkfail=0 free_kb=4364764 sims_boxwide=12 last_event_age=0s last_event_epoch=1790551598
[01:29:21] .. alive runid=20260928-012417-3481 event_age=163s | wave=q2 total=13 valid=0 running=13 pending=0 launched=13 failed=0 gaveup=0 forkfail=0 free_kb=4364764 sims_boxwide=12 last_event_age=0s last_event_epoch=1790551598
[01:30:22] .. alive runid=20260928-012417-3481 event_age=224s | wave=q2 total=13 valid=0 running=13 pending=0 launched=13 failed=0 gaveup=0 forkfail=0 free_kb=4364764 sims_boxwide=12 last_event_age=0s last_event_epoch=1790551598
[01:31:22] .. alive runid=20260928-012417-3481 event_age=284s | wave=q2 total=13 valid=0 running=13 pending=0 launched=13 failed=0 gaveup=0 forkfail=0 free_kb=4364764 sims_boxwide=12 last_event_age=0s last_event_epoch=1790551598
[01:32:22] .. alive runid=20260928-012417-3481 event_age=344s | wave=q2 total=13 valid=0 running=13 pending=0 launched=13 failed=0 gaveup=0 forkfail=0 free_kb=4364764 sims_boxwide=12 last_event_age=0s last_event_epoch=1790551598
[01:33:22] .. alive runid=20260928-012417-3481 event_age=404s | wave=q2 total=13 valid=0 running=13 pending=0 launched=13 failed=0 gaveup=0 forkfail=0 free_kb=4364764 sims_boxwide=12 last_event_age=0s last_event_epoch=1790551598
[01:34:10] DONE plG_south_half_303 rc=0 508s plG south/half seed=303 rescued=4 dead=0 unreachable=0 never_detected=0 ff_deaths=0 terminal=115 completions=4 recycles=4 removals=4 returns=4 wall=506s [valid 1/13] src=925559e6d528 ext=158afe36be41 head=9a2e5c45ee931dcd8deb26e94b7f1190a093bfe4
[01:34:22] .. alive runid=20260928-012417-3481 event_age=13s | wave=q2 total=13 valid=1 running=12 pending=0 launched=13 failed=0 gaveup=0 forkfail=0 free_kb=4364764 sims_boxwide=12 last_event_age=1s last_event_epoch=1790552049
[01:34:28] DONE plG_south_half_505 rc=0 503s plG south/half seed=505 rescued=3 dead=1 unreachable=0 never_detected=0 ff_deaths=0 terminal=115 completions=3 recycles=3 removals=3 returns=3 wall=502s [valid 2/13] src=925559e6d528 ext=158afe36be41 head=9a2e5c45ee931dcd8deb26e94b7f1190a093bfe4
[01:34:50] DONE plG_south_half_101 rc=0 570s plG south/half seed=101 rescued=2 dead=2 unreachable=0 never_detected=0 ff_deaths=1 terminal=129 completions=2 recycles=2 removals=2 returns=2 wall=569s [valid 3/13] src=925559e6d528 ext=158afe36be41 head=9a2e5c45ee931dcd8deb26e94b7f1190a093bfe4
[01:35:22] .. alive runid=20260928-012417-3481 event_age=33s | wave=q2 total=13 valid=3 running=10 pending=0 launched=13 failed=0 gaveup=0 forkfail=0 free_kb=4364764 sims_boxwide=12 last_event_age=1s last_event_epoch=1790552089
[01:36:03] DONE plG_south_half_202 rc=0 632s plG south/half seed=202 rescued=4 dead=0 unreachable=0 never_detected=0 ff_deaths=0 terminal=235 completions=4 recycles=4 removals=4 returns=4 wall=631s [valid 4/13] src=925559e6d528 ext=158afe36be41 head=9a2e5c45ee931dcd8deb26e94b7f1190a093bfe4
[01:36:22] .. alive runid=20260928-012417-3481 event_age=20s | wave=q2 total=13 valid=4 running=9 pending=0 launched=13 failed=0 gaveup=0 forkfail=0 free_kb=4364764 sims_boxwide=12 last_event_age=1s last_event_epoch=1790552162
[01:37:20] DONE plG_south_half_404 rc=0 687s plG south/half seed=404 rescued=2 dead=0 unreachable=0 never_detected=0 ff_deaths=1 terminal=None completions=2 recycles=2 removals=2 returns=2 wall=685s [valid 5/13] src=925559e6d528 ext=158afe36be41 head=9a2e5c45ee931dcd8deb26e94b7f1190a093bfe4
[01:37:22] .. alive runid=20260928-012417-3481 event_age=3s | wave=q2 total=13 valid=5 running=8 pending=0 launched=13 failed=0 gaveup=0 forkfail=0 free_kb=4364764 sims_boxwide=12 last_event_age=1s last_event_epoch=1790552239
[01:38:22] .. alive runid=20260928-012417-3481 event_age=63s | wave=q2 total=13 valid=5 running=8 pending=0 launched=13 failed=0 gaveup=0 forkfail=0 free_kb=4364764 sims_boxwide=12 last_event_age=1s last_event_epoch=1790552239
[01:38:26] DONE plG_east_half_202 rc=0 832s plG east/half seed=202 rescued=3 dead=1 unreachable=0 never_detected=0 ff_deaths=0 terminal=93 completions=3 recycles=3 removals=3 returns=3 wall=830s [valid 6/13] src=925559e6d528 ext=158afe36be41 head=9a2e5c45ee931dcd8deb26e94b7f1190a093bfe4
[01:38:47] DONE plG_east_half_505 rc=0 819s plG east/half seed=505 rescued=3 dead=1 unreachable=0 never_detected=0 ff_deaths=0 terminal=120 completions=3 recycles=3 removals=3 returns=3 wall=817s [valid 7/13] src=925559e6d528 ext=158afe36be41 head=9a2e5c45ee931dcd8deb26e94b7f1190a093bfe4
[01:39:03] DONE plG_east_half_303 rc=0 858s plG east/half seed=303 rescued=3 dead=1 unreachable=0 never_detected=0 ff_deaths=0 terminal=175 completions=3 recycles=3 removals=3 returns=3 wall=856s [valid 8/13] src=925559e6d528 ext=158afe36be41 head=9a2e5c45ee931dcd8deb26e94b7f1190a093bfe4
[01:39:22] .. alive runid=20260928-012417-3481 event_age=19s | wave=q2 total=13 valid=8 running=5 pending=0 launched=13 failed=0 gaveup=0 forkfail=0 free_kb=4364764 sims_boxwide=12 last_event_age=0s last_event_epoch=1790552343
[01:39:37] DONE plG_east_half_101 rc=0 914s plG east/half seed=101 rescued=4 dead=0 unreachable=0 never_detected=0 ff_deaths=0 terminal=115 completions=4 recycles=4 removals=4 returns=4 wall=912s [valid 9/13] src=925559e6d528 ext=158afe36be41 head=9a2e5c45ee931dcd8deb26e94b7f1190a093bfe4
[01:40:22] .. alive runid=20260928-012417-3481 event_age=46s | wave=q2 total=13 valid=9 running=4 pending=0 launched=13 failed=0 gaveup=0 forkfail=0 free_kb=4364764 sims_boxwide=12 last_event_age=1s last_event_epoch=1790552376
[01:41:23] .. alive runid=20260928-012417-3481 event_age=107s | wave=q2 total=13 valid=9 running=4 pending=0 launched=13 failed=0 gaveup=0 forkfail=0 free_kb=4364764 sims_boxwide=12 last_event_age=1s last_event_epoch=1790552376
[01:42:23] .. alive runid=20260928-012417-3481 event_age=167s | wave=q2 total=13 valid=9 running=4 pending=0 launched=13 failed=0 gaveup=0 forkfail=0 free_kb=4364764 sims_boxwide=12 last_event_age=1s last_event_epoch=1790552376
[01:43:03] DONE plG_east_def_303 rc=0 985s plG east/default seed=303 rescued=3 dead=1 unreachable=0 never_detected=0 ff_deaths=0 terminal=137 completions=3 recycles=3 removals=3 returns=3 wall=983s [valid 10/13] src=925559e6d528 ext=158afe36be41 head=9a2e5c45ee931dcd8deb26e94b7f1190a093bfe4
[01:43:23] .. alive runid=20260928-012417-3481 event_age=20s | wave=q2 total=13 valid=10 running=3 pending=0 launched=13 failed=0 gaveup=0 forkfail=0 free_kb=4364764 sims_boxwide=12 last_event_age=0s last_event_epoch=1790552583
[01:43:39] DONE plG_east_def_202 rc=0 1032s plG east/default seed=202 rescued=3 dead=1 unreachable=0 never_detected=0 ff_deaths=0 terminal=135 completions=3 recycles=3 removals=3 returns=3 wall=1030s [valid 11/13] src=925559e6d528 ext=158afe36be41 head=9a2e5c45ee931dcd8deb26e94b7f1190a093bfe4
[01:44:23] .. alive runid=20260928-012417-3481 event_age=45s | wave=q2 total=13 valid=11 running=2 pending=0 launched=13 failed=0 gaveup=0 forkfail=0 free_kb=4364764 sims_boxwide=12 last_event_age=1s last_event_epoch=1790552618
[01:45:23] .. alive runid=20260928-012417-3481 event_age=105s | wave=q2 total=13 valid=11 running=2 pending=0 launched=13 failed=0 gaveup=0 forkfail=0 free_kb=4364764 sims_boxwide=12 last_event_age=1s last_event_epoch=1790552618
[01:46:23] .. alive runid=20260928-012417-3481 event_age=165s | wave=q2 total=13 valid=11 running=2 pending=0 launched=13 failed=0 gaveup=0 forkfail=0 free_kb=4364764 sims_boxwide=12 last_event_age=1s last_event_epoch=1790552618
[01:47:23] .. alive runid=20260928-012417-3481 event_age=225s | wave=q2 total=13 valid=11 running=2 pending=0 launched=13 failed=0 gaveup=0 forkfail=0 free_kb=4364764 sims_boxwide=12 last_event_age=1s last_event_epoch=1790552618
[01:48:23] .. alive runid=20260928-012417-3481 event_age=285s | wave=q2 total=13 valid=11 running=2 pending=0 launched=13 failed=0 gaveup=0 forkfail=0 free_kb=4364764 sims_boxwide=12 last_event_age=1s last_event_epoch=1790552618
[01:49:23] .. alive runid=20260928-012417-3481 event_age=345s | wave=q2 total=13 valid=11 running=2 pending=0 launched=13 failed=0 gaveup=0 forkfail=0 free_kb=4364764 sims_boxwide=12 last_event_age=1s last_event_epoch=1790552618
[01:49:57] DONE plG_east_half_404 rc=0 1501s plG east/half seed=404 rescued=4 dead=0 unreachable=0 never_detected=0 ff_deaths=1 terminal=291 completions=4 recycles=4 removals=4 returns=4 wall=1499s [valid 12/13] src=925559e6d528 ext=158afe36be41 head=9a2e5c45ee931dcd8deb26e94b7f1190a093bfe4
[01:50:23] .. alive runid=20260928-012417-3481 event_age=26s | wave=q2 total=13 valid=12 running=1 pending=0 launched=13 failed=0 gaveup=0 forkfail=0 free_kb=4364764 sims_boxwide=12 last_event_age=0s last_event_epoch=1790552997
[01:51:18] DONE plG_east_def_101 rc=0 1503s plG east/default seed=101 rescued=4 dead=0 unreachable=0 never_detected=0 ff_deaths=0 terminal=236 completions=4 recycles=4 removals=4 returns=4 wall=1501s [valid 13/13] src=925559e6d528 ext=158afe36be41 head=9a2e5c45ee931dcd8deb26e94b7f1190a093bfe4
[01:51:18] MAIN LOOP LEFT pending=0 running=0
[01:51:19] FINAL SUMMARY total=13 valid=13 invalid=0 missing=0
[01:51:20] FINAL wave=q2 SUMMARY total=13 valid=13 invalid=0 missing=0 live_this_wave=1 sims_boxwide=1
[01:51:20] POOL INCOMPLETE wave=q2 runid=20260928-012417-3481 valid=13/13 - re-exec in 60s (restart 1/3)
[01:51:23] HEARTBEAT EXIT wave=q2 runid=20260928-012417-3481 (sentinel)
[01:52:21] POOL START wave=q2 runid=20260928-015220-3481 restart=1 pid=3481 winpid=67428 head=9a2e5c45ee931dcd8deb26e94b7f1190a093bfe4 src=925559e6d528 ext=158afe36be41 dirty_tracked=0 queue=outputs/_pl_q2_queue.txt maxpar=13 minfree_kb=3500000
[01:52:22] ENV 3.10.11 mesa 1.2.1  prereg_sha256=d659ea1d554308bb queue_sha256=dd2072b2d3560e15
[01:52:22] SHIPPED GLOBAL_PLANNER_MODE=0 BASE_STATION_MODE=3 FF_EXIT_LEG_MODE=2 FF_EXIT_LEG_HOLD=0 FF_EXIT_LEG_SERVED=1 FF_FIREFIGHT_EXTINGUISH=1 FF_FIREFIGHT_FIREBREAK=1 ROUTE_BLOCK_STALE_CLEAR=1 global_planner_mode()=0 ff_exit_leg_mode()=2 ff_exit_leg_served()=1
[01:52:23] SHIPPED-CONTROL head=dfbfbe7
GLOBAL_PLANNER_MODE=ABSENT BASE_STATION_MODE=3 FF_EXIT_LEG_MODE=2 FF_EXIT_LEG_HOLD=0 FF_EXIT_LEG_SERVED=1 FF_FIREFIGHT_EXTINGUISH=1 FF_FIREFIGHT_FIREBREAK=1 ROUTE_BLOCK_STALE_CLEAR=1 global_planner_mode()=ABSENT ff_exit_leg_mode()=2 ff_exit_leg_served()=1
[01:52:24] VALIDATE total=13 valid=13 invalid=0 missing=0
[01:52:24] START STATE wave=q2 total=13 valid=13 pending=0 live_orphans_this_wave=1 sims_boxwide=1 free_kb=14912856
[01:52:24] HEARTBEAT pid=4771 every 60s -> outputs/_pl_q2_wave.log ; state file outputs/_pl_q2_state.txt ; sentinel outputs/_pl_q2_hb_20260928-015220-3481.stop
[01:52:24] MAIN LOOP LEFT pending=0 running=0
[01:52:25] FINAL SUMMARY total=13 valid=13 invalid=0 missing=0
[01:52:26] FINAL wave=q2 SUMMARY total=13 valid=13 invalid=0 missing=0 live_this_wave=1 sims_boxwide=1
[01:52:26] POOL INCOMPLETE wave=q2 runid=20260928-015220-3481 valid=13/13 - re-exec in 60s (restart 2/3)
[01:53:25] HEARTBEAT EXIT wave=q2 runid=20260928-015220-3481 (sentinel)
[01:53:27] POOL START wave=q2 runid=20260928-015326-3481 restart=2 pid=3481 winpid=56616 head=9a2e5c45ee931dcd8deb26e94b7f1190a093bfe4 src=925559e6d528 ext=158afe36be41 dirty_tracked=0 queue=outputs/_pl_q2_queue.txt maxpar=13 minfree_kb=3500000
[01:53:28] ENV 3.10.11 mesa 1.2.1  prereg_sha256=d659ea1d554308bb queue_sha256=dd2072b2d3560e15
[01:53:29] SHIPPED GLOBAL_PLANNER_MODE=0 BASE_STATION_MODE=3 FF_EXIT_LEG_MODE=2 FF_EXIT_LEG_HOLD=0 FF_EXIT_LEG_SERVED=1 FF_FIREFIGHT_EXTINGUISH=1 FF_FIREFIGHT_FIREBREAK=1 ROUTE_BLOCK_STALE_CLEAR=1 global_planner_mode()=0 ff_exit_leg_mode()=2 ff_exit_leg_served()=1
[01:53:30] SHIPPED-CONTROL head=dfbfbe7
GLOBAL_PLANNER_MODE=ABSENT BASE_STATION_MODE=3 FF_EXIT_LEG_MODE=2 FF_EXIT_LEG_HOLD=0 FF_EXIT_LEG_SERVED=1 FF_FIREFIGHT_EXTINGUISH=1 FF_FIREFIGHT_FIREBREAK=1 ROUTE_BLOCK_STALE_CLEAR=1 global_planner_mode()=ABSENT ff_exit_leg_mode()=2 ff_exit_leg_served()=1
[01:53:31] VALIDATE total=13 valid=13 invalid=0 missing=0
[01:53:31] START STATE wave=q2 total=13 valid=13 pending=0 live_orphans_this_wave=1 sims_boxwide=1 free_kb=14884796
[01:53:31] HEARTBEAT pid=4886 every 60s -> outputs/_pl_q2_wave.log ; state file outputs/_pl_q2_state.txt ; sentinel outputs/_pl_q2_hb_20260928-015326-3481.stop
[01:53:31] MAIN LOOP LEFT pending=0 running=0
[01:53:32] FINAL SUMMARY total=13 valid=13 invalid=0 missing=0
[01:53:32] FINAL wave=q2 SUMMARY total=13 valid=13 invalid=0 missing=0 live_this_wave=1 sims_boxwide=1
[01:53:32] POOL INCOMPLETE wave=q2 runid=20260928-015326-3481 valid=13/13 - re-exec in 60s (restart 3/3)
[01:54:31] HEARTBEAT EXIT wave=q2 runid=20260928-015326-3481 (sentinel)
[01:54:33] POOL START wave=q2 runid=20260928-015433-3481 restart=3 pid=3481 winpid=24088 head=9a2e5c45ee931dcd8deb26e94b7f1190a093bfe4 src=925559e6d528 ext=158afe36be41 dirty_tracked=0 queue=outputs/_pl_q2_queue.txt maxpar=13 minfree_kb=3500000
[01:54:34] ENV 3.10.11 mesa 1.2.1  prereg_sha256=d659ea1d554308bb queue_sha256=dd2072b2d3560e15
[01:54:35] SHIPPED GLOBAL_PLANNER_MODE=0 BASE_STATION_MODE=3 FF_EXIT_LEG_MODE=2 FF_EXIT_LEG_HOLD=0 FF_EXIT_LEG_SERVED=1 FF_FIREFIGHT_EXTINGUISH=1 FF_FIREFIGHT_FIREBREAK=1 ROUTE_BLOCK_STALE_CLEAR=1 global_planner_mode()=0 ff_exit_leg_mode()=2 ff_exit_leg_served()=1
[01:54:36] SHIPPED-CONTROL head=dfbfbe7
GLOBAL_PLANNER_MODE=ABSENT BASE_STATION_MODE=3 FF_EXIT_LEG_MODE=2 FF_EXIT_LEG_HOLD=0 FF_EXIT_LEG_SERVED=1 FF_FIREFIGHT_EXTINGUISH=1 FF_FIREFIGHT_FIREBREAK=1 ROUTE_BLOCK_STALE_CLEAR=1 global_planner_mode()=ABSENT ff_exit_leg_mode()=2 ff_exit_leg_served()=1
[01:54:37] VALIDATE total=13 valid=13 invalid=0 missing=0
[01:54:37] START STATE wave=q2 total=13 valid=13 pending=0 live_orphans_this_wave=1 sims_boxwide=1 free_kb=14783704
[01:54:37] HEARTBEAT pid=5001 every 60s -> outputs/_pl_q2_wave.log ; state file outputs/_pl_q2_state.txt ; sentinel outputs/_pl_q2_hb_20260928-015433-3481.stop
[01:54:37] MAIN LOOP LEFT pending=0 running=0
[01:54:38] FINAL SUMMARY total=13 valid=13 invalid=0 missing=0
[01:54:39] FINAL wave=q2 SUMMARY total=13 valid=13 invalid=0 missing=0 live_this_wave=1 sims_boxwide=1
[01:54:39] PL_POOL_INCOMPLETE wave=q2 runid=20260928-015433-3481 valid=13/13 gaveup=0 - NOT restarting
[01:55:37] HEARTBEAT EXIT wave=q2 runid=20260928-015433-3481 (sentinel)
