[15:34:45] POOL START wave=r3check runid=20260921-153445-13863 restart=0 pid=13863 winpid=32928 head=bf4a78c dirty_tracked=0 queue=outputs/_fm3_repro_check_queue.txt maxpar=4 minfree_kb=3500000
[15:34:47] ENV 3.10.11 mesa 1.2.1  prereg_sha256=8d17132f4fc0b776 queue_sha256=fa12d4cd3d12ae08
[15:34:48] SHIPPED BASE_STATION_MODE=3 BASE_STATION_RETURN_MECHANISM=2 BASE_STATION_DEPOTS=9 BASE_STATION_SPAWN_SPLIT=2 UAV_RETURN_TO_BASE_RESERVE=0.0 BASE_STATION_RETURN_MARGIN=39.23 BASE_STATION_DOCK_FIX=2 BASE_STATION_RETURN_STALL_LIMIT=3 BASE_STATION_WAYPOINT_FIX=1 ROUTE_BLOCK_STALE_CLEAR=1 VICTIM_SEARCHER_HAZARD_RETREAT_RANGE=99 BASE_STATION_FIREPROOF=1 BASE_STATION_FIREPROOF_DRY_RUN=0 VICTIM_SEARCHER_HAZARD_GATE_BOUNDS_FIX=1 FF_FIREFIGHT_EXTINGUISH=1 FF_FIREFIGHT_FIREBREAK=1 FF_FIREFIGHT_ENGAGED_RETREAT_RANGE=1 FF_FIREFIGHT_MISSION_GATE=0 FF_FIREFIGHT_DRY_RUN=0
[15:34:48] SHIPPED-CONTROL head=11c3661
BASE_STATION_MODE=3 BASE_STATION_FIREPROOF=1 VICTIM_SEARCHER_HAZARD_GATE_BOUNDS_FIX=1 FF_FIREFIGHT_EXTINGUISH=0 FF_FIREFIGHT_FIREBREAK=0 FF_FIREFIGHT_ENGAGED_RETREAT_RANGE=3 FF_FIREFIGHT_MISSION_GATE=1 FF_FIREFIGHT_DRY_RUN=0
[15:34:49] VALIDATE total=4 valid=0 invalid=0 missing=4
[15:34:49] START STATE wave=r3check total=4 valid=0 pending=4 live_orphans_this_wave=0 sims_boxwide=0 free_kb=10114992
[15:34:49] HEARTBEAT pid=13939 every 60s -> outputs/_r3chk_wave.log ; state file outputs/_r3chk_state.txt ; sentinel outputs/_r3chk_hb_20260921-153445-13863.stop
[15:34:49] LAUNCH r3OFF_east_half_101 running=1 free_kb=10098816 sims_boxwide=0 attempt=1
[15:35:02] LAUNCH r3GATE_east_half_101 running=2 free_kb=8323060 sims_boxwide=2 attempt=1
[15:35:16] LAUNCH r3RES_east_half_101 running=3 free_kb=6649608 sims_boxwide=4 attempt=1
[15:35:29] LAUNCH r3RBGc_D_east running=4 free_kb=4936352 sims_boxwide=6 attempt=1
[15:35:49] .. alive runid=20260921-153445-13863 event_age=20s | wave=r3check total=4 valid=0 running=4 pending=0 launched=4 failed=0 gaveup=0 forkfail=0 free_kb=4936352 sims_boxwide=6 last_event_age=0s last_event_epoch=1789997729
[15:36:49] .. alive runid=20260921-153445-13863 event_age=80s | wave=r3check total=4 valid=0 running=4 pending=0 launched=4 failed=0 gaveup=0 forkfail=0 free_kb=4936352 sims_boxwide=6 last_event_age=0s last_event_epoch=1789997729
[15:37:49] .. alive runid=20260921-153445-13863 event_age=140s | wave=r3check total=4 valid=0 running=4 pending=0 launched=4 failed=0 gaveup=0 forkfail=0 free_kb=4936352 sims_boxwide=6 last_event_age=0s last_event_epoch=1789997729
[15:38:49] .. alive runid=20260921-153445-13863 event_age=200s | wave=r3check total=4 valid=0 running=4 pending=0 launched=4 failed=0 gaveup=0 forkfail=0 free_kb=4936352 sims_boxwide=6 last_event_age=0s last_event_epoch=1789997729
[15:39:49] .. alive runid=20260921-153445-13863 event_age=260s | wave=r3check total=4 valid=0 running=4 pending=0 launched=4 failed=0 gaveup=0 forkfail=0 free_kb=4936352 sims_boxwide=6 last_event_age=0s last_event_epoch=1789997729
[15:40:49] .. alive runid=20260921-153445-13863 event_age=320s | wave=r3check total=4 valid=0 running=4 pending=0 launched=4 failed=0 gaveup=0 forkfail=0 free_kb=4936352 sims_boxwide=6 last_event_age=0s last_event_epoch=1789997729
[15:41:49] .. alive runid=20260921-153445-13863 event_age=380s | wave=r3check total=4 valid=0 running=4 pending=0 launched=4 failed=0 gaveup=0 forkfail=0 free_kb=4936352 sims_boxwide=6 last_event_age=0s last_event_epoch=1789997729
[15:42:49] .. alive runid=20260921-153445-13863 event_age=440s | wave=r3check total=4 valid=0 running=4 pending=0 launched=4 failed=0 gaveup=0 forkfail=0 free_kb=4936352 sims_boxwide=6 last_event_age=0s last_event_epoch=1789997729
[15:43:49] .. alive runid=20260921-153445-13863 event_age=500s | wave=r3check total=4 valid=0 running=4 pending=0 launched=4 failed=0 gaveup=0 forkfail=0 free_kb=4936352 sims_boxwide=6 last_event_age=0s last_event_epoch=1789997729
[15:44:08] DONE r3GATE_east_half_101 rc=0 546s r3GATE east/half seed=101 rescued=4 dead=0 unreachable=0 never_detected=0 ff_deaths=1 terminal=127 completions=4 recycles=4 removals=4 returns=4 wall=544s [valid 1/4]
[15:44:13] DONE r3OFF_east_half_101 rc=0 564s r3OFF east/half seed=101 rescued=4 dead=0 unreachable=0 never_detected=0 ff_deaths=1 terminal=127 completions=4 recycles=4 removals=4 returns=4 wall=562s [valid 2/4]
[15:44:49] .. alive runid=20260921-153445-13863 event_age=36s | wave=r3check total=4 valid=2 running=2 pending=0 launched=4 failed=0 gaveup=0 forkfail=0 free_kb=4936352 sims_boxwide=6 last_event_age=0s last_event_epoch=1789998253
[15:44:57] DONE r3RES_east_half_101 rc=0 581s r3RES east/half seed=101 rescued=3 dead=1 unreachable=0 never_detected=0 ff_deaths=1 terminal=141 completions=3 recycles=3 removals=3 returns=3 wall=580s [valid 3/4]
[15:45:50] .. alive runid=20260921-153445-13863 event_age=53s | wave=r3check total=4 valid=3 running=1 pending=0 launched=4 failed=0 gaveup=0 forkfail=0 free_kb=4936352 sims_boxwide=6 last_event_age=0s last_event_epoch=1789998297
[15:46:50] .. alive runid=20260921-153445-13863 event_age=113s | wave=r3check total=4 valid=3 running=1 pending=0 launched=4 failed=0 gaveup=0 forkfail=0 free_kb=4936352 sims_boxwide=6 last_event_age=0s last_event_epoch=1789998297
[15:47:50] .. alive runid=20260921-153445-13863 event_age=173s | wave=r3check total=4 valid=3 running=1 pending=0 launched=4 failed=0 gaveup=0 forkfail=0 free_kb=4936352 sims_boxwide=6 last_event_age=0s last_event_epoch=1789998297
[15:48:50] .. alive runid=20260921-153445-13863 event_age=233s | wave=r3check total=4 valid=3 running=1 pending=0 launched=4 failed=0 gaveup=0 forkfail=0 free_kb=4936352 sims_boxwide=6 last_event_age=0s last_event_epoch=1789998297
[15:49:50] .. alive runid=20260921-153445-13863 event_age=293s | wave=r3check total=4 valid=3 running=1 pending=0 launched=4 failed=0 gaveup=0 forkfail=0 free_kb=4936352 sims_boxwide=6 last_event_age=0s last_event_epoch=1789998297
[15:50:50] .. alive runid=20260921-153445-13863 event_age=353s | wave=r3check total=4 valid=3 running=1 pending=0 launched=4 failed=0 gaveup=0 forkfail=0 free_kb=4936352 sims_boxwide=6 last_event_age=0s last_event_epoch=1789998297
[15:51:50] .. alive runid=20260921-153445-13863 event_age=413s | wave=r3check total=4 valid=3 running=1 pending=0 launched=4 failed=0 gaveup=0 forkfail=0 free_kb=4936352 sims_boxwide=6 last_event_age=0s last_event_epoch=1789998297
[15:52:50] .. alive runid=20260921-153445-13863 event_age=473s | wave=r3check total=4 valid=3 running=1 pending=0 launched=4 failed=0 gaveup=0 forkfail=0 free_kb=4936352 sims_boxwide=6 last_event_age=0s last_event_epoch=1789998297
[15:53:50] .. alive runid=20260921-153445-13863 event_age=533s | wave=r3check total=4 valid=3 running=1 pending=0 launched=4 failed=0 gaveup=0 forkfail=0 free_kb=4936352 sims_boxwide=6 last_event_age=0s last_event_epoch=1789998297
[15:54:50] .. alive runid=20260921-153445-13863 event_age=593s | wave=r3check total=4 valid=3 running=1 pending=0 launched=4 failed=0 gaveup=0 forkfail=0 free_kb=4936352 sims_boxwide=6 last_event_age=0s last_event_epoch=1789998297
[15:55:50] .. alive runid=20260921-153445-13863 event_age=653s | wave=r3check total=4 valid=3 running=1 pending=0 launched=4 failed=0 gaveup=0 forkfail=0 free_kb=4936352 sims_boxwide=6 last_event_age=0s last_event_epoch=1789998297
[15:56:50] .. alive runid=20260921-153445-13863 event_age=713s | wave=r3check total=4 valid=3 running=1 pending=0 launched=4 failed=0 gaveup=0 forkfail=0 free_kb=4936352 sims_boxwide=6 last_event_age=0s last_event_epoch=1789998297
[15:57:51] .. alive runid=20260921-153445-13863 event_age=774s | wave=r3check total=4 valid=3 running=1 pending=0 launched=4 failed=0 gaveup=0 forkfail=0 free_kb=4936352 sims_boxwide=6 last_event_age=0s last_event_epoch=1789998297
[15:58:51] .. alive runid=20260921-153445-13863 event_age=834s | wave=r3check total=4 valid=3 running=1 pending=0 launched=4 failed=0 gaveup=0 forkfail=0 free_kb=4936352 sims_boxwide=6 last_event_age=0s last_event_epoch=1789998297
[15:59:51] .. alive runid=20260921-153445-13863 event_age=894s | wave=r3check total=4 valid=3 running=1 pending=0 launched=4 failed=0 gaveup=0 forkfail=0 free_kb=4936352 sims_boxwide=6 last_event_age=0s last_event_epoch=1789998297
[16:00:51] .. alive runid=20260921-153445-13863 event_age=954s | wave=r3check total=4 valid=3 running=1 pending=0 launched=4 failed=0 gaveup=0 forkfail=0 free_kb=4936352 sims_boxwide=6 last_event_age=0s last_event_epoch=1789998297
[16:01:51] .. alive runid=20260921-153445-13863 event_age=1014s | wave=r3check total=4 valid=3 running=1 pending=0 launched=4 failed=0 gaveup=0 forkfail=0 free_kb=4936352 sims_boxwide=6 last_event_age=0s last_event_epoch=1789998297
[16:02:51] .. alive runid=20260921-153445-13863 event_age=1074s | wave=r3check total=4 valid=3 running=1 pending=0 launched=4 failed=0 gaveup=0 forkfail=0 free_kb=4936352 sims_boxwide=6 last_event_age=0s last_event_epoch=1789998297
[16:03:51] .. alive runid=20260921-153445-13863 event_age=1134s | wave=r3check total=4 valid=3 running=1 pending=0 launched=4 failed=0 gaveup=0 forkfail=0 free_kb=4936352 sims_boxwide=6 last_event_age=0s last_event_epoch=1789998297
[16:04:51] .. alive runid=20260921-153445-13863 event_age=1194s | wave=r3check total=4 valid=3 running=1 pending=0 launched=4 failed=0 gaveup=0 forkfail=0 free_kb=4936352 sims_boxwide=6 last_event_age=0s last_event_epoch=1789998297
[16:05:51] .. alive runid=20260921-153445-13863 event_age=1254s | wave=r3check total=4 valid=3 running=1 pending=0 launched=4 failed=0 gaveup=0 forkfail=0 free_kb=4936352 sims_boxwide=6 last_event_age=0s last_event_epoch=1789998297
[16:06:51] .. alive runid=20260921-153445-13863 event_age=1314s | wave=r3check total=4 valid=3 running=1 pending=0 launched=4 failed=0 gaveup=0 forkfail=0 free_kb=4936352 sims_boxwide=6 last_event_age=0s last_event_epoch=1789998297
[16:07:51] .. alive runid=20260921-153445-13863 event_age=1374s | wave=r3check total=4 valid=3 running=1 pending=0 launched=4 failed=0 gaveup=0 forkfail=0 free_kb=4936352 sims_boxwide=6 last_event_age=0s last_event_epoch=1789998297
[16:08:51] .. alive runid=20260921-153445-13863 event_age=1434s | wave=r3check total=4 valid=3 running=1 pending=0 launched=4 failed=0 gaveup=0 forkfail=0 free_kb=4936352 sims_boxwide=6 last_event_age=0s last_event_epoch=1789998297
[16:09:40] DONE r3RBGc_D_east rc=0 2051s | r3RBGc east seed 111 done 557.9s: rescued=4 dead=0 ff_deaths=0 | fires=0 recoveries=0 bad_assign=0 | r3RBGc east seed 222 done 621.9s: rescued=4 dead=0 ff_deaths=0 | fires=0 recoveries=0 bad_assign=0 | r3RBGc east seed 333 done 615.4s: rescued=3 dead=1 ff_deaths=0 | fires=0 recoveries=0 bad_assign=0 | r3RBGc east seed 444 done 254.7s: rescued=4 dead=0 ff_deaths=0 | fires=0 recoveries=0 bad_assign=0  [valid 4/4]
[16:09:40] MAIN LOOP LEFT pending=0 running=0
[16:09:40] FINAL SUMMARY total=4 valid=4 invalid=0 missing=0
[16:09:41] FINAL wave=r3check SUMMARY total=4 valid=4 invalid=0 missing=0 live_this_wave=0 sims_boxwide=7
[16:09:41] ALL_DCD4RB_COMPLETE wave=r3check runid=20260921-153445-13863 valid=4/4 launched=4 failed=0 forkfail=0
[16:09:52] HEARTBEAT EXIT wave=r3check runid=20260921-153445-13863 (sentinel)
