2026-09-28 12:01:19 START queue=E:\Projects\SAS\outputs\_sd_queue_w3.jsonl jobs=24 maxpar=4 min_free=3.5 pid=26864
2026-09-28 12:01:19 LAUNCH N_S_9301 pid=34260 free_commit=6.0GB running=1 pending=23
2026-09-28 12:01:22 LAUNCH N_S_9302 pid=36160 free_commit=5.2GB running=2 pending=22
2026-09-28 12:01:25 LAUNCH N_S_9303 pid=37956 free_commit=4.5GB running=3 pending=21
2026-09-28 12:01:28 LAUNCH N_S_9304 pid=25544 free_commit=3.6GB running=4 pending=20
2026-09-28 12:09:47 DONE N_S_9301 rc=0 508s
2026-09-28 12:09:47 DONE N_S_9302 rc=0 505s
2026-09-28 12:09:47 LAUNCH N_S_9305 pid=51276 free_commit=4.1GB running=3 pending=19
2026-09-28 12:10:25 DONE N_S_9303 rc=0 540s
2026-09-28 12:10:25 LAUNCH N_S_9306 pid=17500 free_commit=4.0GB running=3 pending=18
2026-09-28 12:10:58 LAUNCH N_E_9301 pid=31124 free_commit=3.5GB running=4 pending=17
2026-09-28 12:11:51 DONE N_S_9304 rc=0 623s
2026-09-28 12:14:06 LAUNCH N_E_9302 pid=6140 free_commit=3.7GB running=4 pending=16
2026-09-28 12:16:39 DONE N_S_9305 rc=0 413s
2026-09-28 12:16:39 LAUNCH N_E_9303 pid=23632 free_commit=8.2GB running=4 pending=15
2026-09-28 12:18:08 DONE N_S_9306 rc=0 463s
2026-09-28 12:18:08 LAUNCH N_E_9304 pid=45948 free_commit=8.2GB running=4 pending=14
2026-09-28 12:20:06 DONE N_E_9301 rc=0 548s
2026-09-28 12:20:06 LAUNCH N_E_9305 pid=25016 free_commit=6.0GB running=4 pending=13
2026-09-28 12:22:14 DONE N_E_9302 rc=0 487s
2026-09-28 12:22:14 LAUNCH N_E_9306 pid=54248 free_commit=5.7GB running=4 pending=12
2026-09-28 12:24:17 DONE N_E_9303 rc=0 457s
2026-09-28 12:24:17 LAUNCH F_S_9301 pid=24496 free_commit=6.4GB running=4 pending=11
2026-09-28 12:25:40 DONE N_E_9304 rc=0 452s
2026-09-28 12:25:40 LAUNCH F_S_9302 pid=68968 free_commit=5.7GB running=4 pending=10
2026-09-28 12:27:23 DONE N_E_9305 rc=0 437s
2026-09-28 12:27:23 LAUNCH F_S_9303 pid=61464 free_commit=5.6GB running=4 pending=9
2026-09-28 12:28:11 DONE N_E_9306 rc=0 357s
2026-09-28 12:28:11 LAUNCH F_S_9304 pid=60944 free_commit=5.8GB running=4 pending=8
2026-09-28 12:30:04 DONE F_S_9301 rc=0 347s
2026-09-28 12:31:59 DONE F_S_9302 rc=0 379s
2026-09-28 12:32:04 LAUNCH F_S_9305 pid=18328 free_commit=4.3GB running=3 pending=7
2026-09-28 12:32:12 LAUNCH F_S_9306 pid=35168 free_commit=3.5GB running=4 pending=6
2026-09-28 12:34:15 DONE F_S_9303 rc=0 412s
2026-09-28 12:34:15 LAUNCH U_AE9103_uc pid=42448 free_commit=4.8GB running=4 pending=5
2026-09-28 12:36:49 DONE F_S_9304 rc=0 518s
2026-09-28 12:36:49 LAUNCH U_AE9103_uo pid=6400 free_commit=4.9GB running=4 pending=4
2026-09-28 12:38:02 DONE F_S_9305 rc=0 357s
2026-09-28 12:38:02 LAUNCH U_DEv10_9122_uc pid=22136 free_commit=5.8GB running=4 pending=3
2026-09-28 12:40:20 DONE F_S_9306 rc=0 488s
2026-09-28 12:40:20 LAUNCH U_DEv10_9122_uo pid=30908 free_commit=7.9GB running=4 pending=2
2026-09-28 12:41:23 DONE U_AE9103_uc rc=0 427s
2026-09-28 12:41:23 LAUNCH U_DhN9127_uc pid=48284 free_commit=8.1GB running=4 pending=1
2026-09-28 12:43:31 DONE U_AE9103_uo rc=0 402s
2026-09-28 12:43:31 LAUNCH U_DhN9127_uo pid=65132 free_commit=9.0GB running=4 pending=0
2026-09-28 12:46:39 DONE U_DEv10_9122_uc rc=0 518s
2026-09-28 12:47:49 DONE U_DhN9127_uc rc=0 386s
2026-09-28 12:48:24 DONE U_DEv10_9122_uo rc=0 484s
2026-09-28 12:49:14 DONE U_DhN9127_uo rc=0 343s
2026-09-28 12:49:19 ALL_SD_COMPLETE E:\Projects\SAS\outputs\_sd_queue_w3.jsonl fails=0
