2026-09-28 11:18:46 START queue=E:\Projects\SAS\outputs\_sd_queue_p4.jsonl jobs=27 maxpar=8 min_free=3.0 pid=43384
2026-09-28 11:18:46 LAUNCH S_A_N_g0 pid=44472 free_commit=12.3GB running=1 pending=26
2026-09-28 11:18:49 LAUNCH S_A_S_g1 pid=5228 free_commit=11.5GB running=2 pending=25
2026-09-28 11:18:52 LAUNCH S_A_E_g0 pid=57364 free_commit=10.7GB running=3 pending=24
2026-09-28 11:18:55 LAUNCH S_A_W_g1 pid=10844 free_commit=9.9GB running=4 pending=23
2026-09-28 11:18:58 LAUNCH S_B_N_g1 pid=50008 free_commit=9.1GB running=5 pending=22
2026-09-28 11:19:01 LAUNCH S_B_S_g0 pid=26904 free_commit=8.3GB running=6 pending=21
2026-09-28 11:19:04 LAUNCH S_B_E_g1 pid=31228 free_commit=7.5GB running=7 pending=20
2026-09-28 11:19:07 LAUNCH S_B_W_g0 pid=16728 free_commit=6.7GB running=8 pending=19
2026-09-28 11:25:25 DONE S_A_S_g1 rc=0 396s
2026-09-28 11:25:25 LAUNCH S_C_N_g0 pid=22652 free_commit=5.7GB running=8 pending=18
2026-09-28 11:25:53 DONE S_A_E_g0 rc=0 421s
2026-09-28 11:25:53 LAUNCH S_C_S_g1 pid=21008 free_commit=6.6GB running=8 pending=17
2026-09-28 11:26:27 DONE S_B_N_g1 rc=0 448s
2026-09-28 11:26:27 LAUNCH S_C_E_g1 pid=8600 free_commit=6.7GB running=8 pending=16
2026-09-28 11:27:35 DONE S_B_W_g0 rc=0 507s
2026-09-28 11:27:35 LAUNCH S_C_W_g0 pid=47524 free_commit=6.6GB running=8 pending=15
2026-09-28 11:28:03 DONE S_B_S_g0 rc=0 541s
2026-09-28 11:28:03 LAUNCH S_D_N_g1 pid=18592 free_commit=6.6GB running=8 pending=14
2026-09-28 11:28:16 DONE S_A_N_g0 rc=0 569s
2026-09-28 11:28:16 LAUNCH S_D_S_g0 pid=26248 free_commit=5.8GB running=8 pending=13
2026-09-28 11:30:39 DONE S_A_W_g1 rc=0 703s
2026-09-28 11:30:39 LAUNCH S_D_E_g0 pid=68972 free_commit=6.5GB running=8 pending=12
2026-09-28 11:35:22 DONE S_C_N_g0 rc=0 596s
2026-09-28 11:35:22 LAUNCH S_D_W_g1 pid=53052 free_commit=5.6GB running=8 pending=11
2026-09-28 11:36:05 DONE S_C_S_g1 rc=0 611s
2026-09-28 11:36:05 LAUNCH T1_uav2_W_g0 pid=31332 free_commit=5.7GB running=8 pending=10
2026-09-28 11:36:23 DONE S_C_W_g0 rc=0 528s
2026-09-28 11:36:23 LAUNCH T2_uav8_N_g1 pid=40396 free_commit=5.8GB running=8 pending=9
2026-09-28 11:36:46 DONE S_D_S_g0 rc=0 510s
2026-09-28 11:36:46 LAUNCH T3_ff1_N_g0 pid=34092 free_commit=6.6GB running=8 pending=8
2026-09-28 11:36:54 DONE S_D_N_g1 rc=0 531s
2026-09-28 11:36:54 LAUNCH T4_ff5_W_g1 pid=54452 free_commit=6.6GB running=8 pending=7
2026-09-28 11:37:02 DONE S_B_E_g1 rc=0 1078s
2026-09-28 11:37:02 LAUNCH T5_vic1_S_g1 pid=22732 free_commit=6.6GB running=8 pending=6
2026-09-28 11:38:40 DONE S_D_E_g0 rc=0 481s
2026-09-28 11:38:40 LAUNCH T6_vic10_E_g0 pid=16060 free_commit=5.8GB running=8 pending=5
2026-09-28 11:41:53 DONE S_C_E_g1 rc=0 927s
2026-09-28 11:41:53 LAUNCH T7_alllow_N_g1 pid=41620 free_commit=6.6GB running=8 pending=4
2026-09-28 11:45:01 DONE T5_vic1_S_g1 rc=0 479s
2026-09-28 11:45:01 LAUNCH T8_allhigh_W_g0 pid=50092 free_commit=5.6GB running=8 pending=3
2026-09-28 11:45:09 DONE T1_uav2_W_g0 rc=0 544s
2026-09-28 11:45:09 LAUNCH T9_uav1_S_g0 pid=8984 free_commit=5.7GB running=8 pending=2
2026-09-28 11:45:17 DONE T3_ff1_N_g0 rc=0 511s
2026-09-28 11:45:17 LAUNCH H1_half_W_g0 pid=42556 free_commit=5.7GB running=8 pending=1
2026-09-28 11:46:55 DONE T2_uav8_N_g1 rc=0 632s
2026-09-28 11:46:55 LAUNCH H2_half_N_g1 pid=27000 free_commit=5.8GB running=8 pending=0
2026-09-28 11:47:58 DONE T6_vic10_E_g0 rc=0 558s
2026-09-28 11:49:38 DONE S_D_W_g1 rc=0 856s
2026-09-28 11:50:13 DONE T7_alllow_N_g1 rc=0 500s
2026-09-28 11:50:33 DONE T9_uav1_S_g0 rc=0 324s
2026-09-28 11:53:54 DONE T4_ff5_W_g1 rc=0 1020s
2026-09-28 11:54:14 DONE H2_half_N_g1 rc=0 438s
2026-09-28 11:56:14 DONE H1_half_W_g0 rc=0 656s
2026-09-28 12:00:24 DONE T8_allhigh_W_g0 rc=0 923s
2026-09-28 12:00:29 ALL_SD_COMPLETE E:\Projects\SAS\outputs\_sd_queue_p4.jsonl fails=0
