2026-09-28 11:56:15 START queue=E:\Projects\SAS\outputs\_sd_queue_w2.jsonl jobs=32 maxpar=7 min_free=3.0 pid=26180
2026-09-28 11:56:15 LAUNCH K_D_N pid=25360 free_commit=11.5GB running=1 pending=31
2026-09-28 11:56:18 LAUNCH K_D_S pid=14884 free_commit=10.7GB running=2 pending=30
2026-09-28 11:56:21 LAUNCH X_S_9301_crn pid=33460 free_commit=9.9GB running=3 pending=29
2026-09-28 11:56:24 LAUNCH X_S_9301_dd pid=59148 free_commit=9.1GB running=4 pending=28
2026-09-28 11:56:27 LAUNCH X_S_9302_crn pid=52960 free_commit=8.3GB running=5 pending=27
2026-09-28 11:56:30 LAUNCH X_S_9302_dd pid=40780 free_commit=7.4GB running=6 pending=26
2026-09-28 11:56:33 LAUNCH X_S_9303_crn pid=65448 free_commit=6.6GB running=7 pending=25
2026-09-28 12:04:12 DONE X_S_9301_crn rc=0 471s
2026-09-28 12:04:12 LAUNCH X_S_9303_dd pid=39604 free_commit=3.4GB running=7 pending=24
2026-09-28 12:04:20 DONE X_S_9302_crn rc=0 473s
2026-09-28 12:04:20 LAUNCH K_D_E pid=65228 free_commit=3.2GB running=7 pending=23
2026-09-28 12:04:48 DONE X_S_9303_crn rc=0 495s
2026-09-28 12:04:48 LAUNCH K_D_W pid=37916 free_commit=3.6GB running=7 pending=22
2026-09-28 12:05:21 DONE K_D_N rc=0 546s
2026-09-28 12:05:21 LAUNCH X_S_9304_crn pid=48368 free_commit=3.7GB running=7 pending=21
2026-09-28 12:06:44 DONE K_D_S rc=0 626s
2026-09-28 12:06:44 LAUNCH X_S_9304_dd pid=41852 free_commit=3.7GB running=7 pending=20
2026-09-28 12:06:52 DONE X_S_9301_dd rc=0 628s
2026-09-28 12:06:52 LAUNCH X_S_9305_crn pid=20544 free_commit=3.7GB running=7 pending=19
2026-09-28 12:07:05 DONE X_S_9302_dd rc=0 635s
2026-09-28 12:07:05 LAUNCH X_S_9305_dd pid=40924 free_commit=3.4GB running=7 pending=18
2026-09-28 12:11:48 DONE K_D_E rc=0 449s
2026-09-28 12:11:48 LAUNCH X_S_9306_crn pid=33372 free_commit=3.8GB running=7 pending=17
2026-09-28 12:14:06 DONE X_S_9305_crn rc=0 435s
2026-09-28 12:14:06 LAUNCH X_S_9306_dd pid=36736 free_commit=3.7GB running=7 pending=16
2026-09-28 12:14:29 DONE K_D_W rc=0 582s
2026-09-28 12:14:39 LAUNCH K_Dh_S pid=66404 free_commit=3.7GB running=7 pending=15
2026-09-28 12:15:37 DONE X_S_9304_crn rc=0 617s
2026-09-28 12:15:37 LAUNCH K_Dh_E pid=62248 free_commit=3.6GB running=7 pending=14
2026-09-28 12:15:45 DONE X_S_9303_dd rc=0 694s
2026-09-28 12:15:45 LAUNCH X_E_9301_crn pid=47808 free_commit=3.6GB running=7 pending=13
2026-09-28 12:16:39 DONE X_S_9305_dd rc=0 574s
2026-09-28 12:16:39 LAUNCH X_E_9301_dd pid=54220 free_commit=9.0GB running=7 pending=12
2026-09-28 12:18:52 DONE X_S_9304_dd rc=0 728s
2026-09-28 12:18:52 LAUNCH X_E_9302_crn pid=2816 free_commit=6.8GB running=7 pending=11
2026-09-28 12:20:15 DONE X_S_9306_crn rc=0 507s
2026-09-28 12:20:15 LAUNCH X_E_9302_dd pid=35104 free_commit=6.1GB running=7 pending=10
2026-09-28 12:23:28 DONE K_Dh_S rc=0 529s
2026-09-28 12:23:28 LAUNCH X_E_9303_crn pid=38844 free_commit=5.7GB running=7 pending=9
2026-09-28 12:23:46 DONE X_E_9301_crn rc=0 481s
2026-09-28 12:23:46 LAUNCH X_E_9303_dd pid=24348 free_commit=5.7GB running=7 pending=8
2026-09-28 12:24:19 DONE X_S_9306_dd rc=0 613s
2026-09-28 12:24:19 LAUNCH K_C_W pid=49176 free_commit=5.5GB running=7 pending=7
2026-09-28 12:25:52 DONE X_E_9301_dd rc=0 554s
2026-09-28 12:25:52 LAUNCH K_B_N pid=43220 free_commit=5.7GB running=7 pending=6
2026-09-28 12:26:00 DONE X_E_9302_crn rc=0 428s
2026-09-28 12:26:00 LAUNCH X_E_9304_crn pid=8088 free_commit=5.8GB running=7 pending=5
2026-09-28 12:27:48 DONE K_Dh_E rc=0 731s
2026-09-28 12:27:48 LAUNCH X_E_9304_dd pid=60164 free_commit=5.7GB running=7 pending=4
2026-09-28 12:28:41 DONE X_E_9303_crn rc=0 313s
2026-09-28 12:28:41 LAUNCH X_E_9305_crn pid=55256 free_commit=5.8GB running=7 pending=3
2026-09-28 12:29:04 DONE X_E_9302_dd rc=0 529s
2026-09-28 12:29:04 LAUNCH X_E_9305_dd pid=13360 free_commit=4.9GB running=7 pending=2
2026-09-28 12:31:27 DONE X_E_9303_dd rc=0 461s
2026-09-28 12:31:27 LAUNCH X_E_9306_crn pid=13436 free_commit=3.2GB running=7 pending=1
2026-09-28 12:32:31 DONE K_C_W rc=0 492s
2026-09-28 12:32:31 LAUNCH X_E_9306_dd pid=67800 free_commit=3.4GB running=7 pending=0
2026-09-28 12:32:49 DONE K_B_N rc=0 416s
2026-09-28 12:32:54 DONE X_E_9304_crn rc=0 413s
2026-09-28 12:37:14 DONE X_E_9305_crn rc=0 513s
2026-09-28 12:38:09 DONE X_E_9304_dd rc=0 621s
2026-09-28 12:38:09 DONE X_E_9306_crn rc=0 401s
2026-09-28 12:39:54 DONE X_E_9305_dd rc=0 650s
2026-09-28 12:41:49 DONE X_E_9306_dd rc=0 559s
2026-09-28 12:41:54 ALL_SD_COMPLETE E:\Projects\SAS\outputs\_sd_queue_w2.jsonl fails=0
