PATCH KINDS:
  _apply_retarget_with_pathfinding_fallback      class:UAVExecutor
  _apply_victim_searcher_hazard_gate             class:UAVExecutor
  _attempt_pathfinding_toward_target             class:UAVExecutor
  _choose_best_direction                         class:UAVExecutor
  _commit_execution_direction                    class:UAVExecutor
  _compute_wind_aware_search_target              class:LocalAdaptationSpaceGenerator
  _finalize_coverage_target                      module:local_adaptation_generator
  _generate_corridor_waypoints                   class:LocalAdaptationSpaceGenerator
  _observation_coverage_penalty                  module:local_adaptation_generator
  _pick_global_coverage_escape_target            class:LocalAdaptationSpaceGenerator
  _planner_wind_aware_target_from_decision       class:UAVExecutor
  _score_hybrid_search_cell                      module:local_adaptation_generator
  _uncovered_region_bonus                        module:local_adaptation_generator
  _victim_near_edge_escape_required              class:UAVExecutor
  _victim_positions_from_runtime                 class:UAVExecutor
  _wind_aware_victim_search_target               class:UAVExecutor
  _wind_aware_victim_search_target_legacy        class:UAVExecutor
  advance                                        class:agents.UAV
  execute                                        class:UAVExecutor
RAW COUNTERS:
  advance_calls                            240
  bonus_calls_total                        71441
  bonus_from__generate_corridor_waypoints  393
  bonus_from__pick_global_coverage_escape_target 35524
  bonus_from__score_hybrid_search_cell     35524
  choose_best_direction_calls              29
  commit_calls                             240
  corridor_waypoint_calls                  2
  decomp_ok                                19
  exec_wind_target_calls                   6
  execute_calls_searcher                   240
  finalize_coverage_calls                  244
  gen_caller__try_generate_wind_aware_victim_search_option 239
  gen_caller__wind_aware_victim_search_target 6
  gen_calls_searcher                       245
  gen_calls_total                          245
  gen_returned_none                        1
  hazard_gate_calls                        52
  hazard_gate_changed                      28
  legacy_calls                             1
  legacy_nonnull                           1
  near_edge_calls                          118
  obs_penalty_calls                        35917
  pathfind_calls                           231
  pick_global_escape_calls                 199
  planner_target_calls                     14
  planner_target_nonnull                   8
  retarget_fallback_calls                  6
  score_hybrid_calls                       35917
  victim_positions_calls                   240
MIRROR VALIDATION: 19/19 decompositions reproduce the pre-finalize argmax (19 had a pre-finalize target)
PATCH VERIFICATION OK
wrote E:\Projects\SAS\outputs\_tf_D_south_101_FIX14.json (274.5s)
