PATCH KINDS:
  _apply_retarget_with_pathfinding_fallback      class:UAVExecutor
  _apply_victim_searcher_hazard_gate             class:UAVExecutor
  _attempt_pathfinding_toward_target             class:UAVExecutor
  _choose_best_direction                         class:UAVExecutor
  _commit_execution_direction                    class:UAVExecutor
  _compute_wind_aware_search_target              class:LocalAdaptationSpaceGenerator
  _finalize_coverage_target                      module:local_adaptation_generator
  _generate_corridor_waypoints                   class:LocalAdaptationSpaceGenerator
  _observation_coverage_penalty                  module:local_adaptation_generator
  _pick_global_coverage_escape_target            class:LocalAdaptationSpaceGenerator
  _planner_wind_aware_target_from_decision       class:UAVExecutor
  _score_hybrid_search_cell                      module:local_adaptation_generator
  _uncovered_region_bonus                        module:local_adaptation_generator
  _victim_near_edge_escape_required              class:UAVExecutor
  _victim_positions_from_runtime                 class:UAVExecutor
  _wind_aware_victim_search_target               class:UAVExecutor
  _wind_aware_victim_search_target_legacy        class:UAVExecutor
  advance                                        class:agents.UAV
  execute                                        class:UAVExecutor
RAW COUNTERS:
  advance_calls                            240
  bonus_calls_total                        51266
  bonus_from__generate_corridor_waypoints  1038
  bonus_from__pick_global_coverage_escape_target 25114
  bonus_from__score_hybrid_search_cell     25114
  choose_best_direction_calls              36
  commit_calls                             244
  corridor_waypoint_calls                  5
  decomp_ok                                14
  exec_wind_target_calls                   9
  execute_calls_searcher                   244
  finalize_coverage_calls                  247
  gen_caller__try_generate_wind_aware_victim_search_option 239
  gen_caller__wind_aware_victim_search_target 9
  gen_calls_searcher                       248
  gen_calls_total                          248
  gen_returned_none                        1
  hazard_gate_calls                        72
  hazard_gate_changed                      36
  legacy_calls                             1
  legacy_nonnull                           1
  near_edge_calls                          47
  obs_penalty_calls                        26152
  pathfind_calls                           208
  pick_global_escape_calls                 143
  planner_target_calls                     43
  planner_target_nonnull                   34
  retarget_fallback_calls                  9
  score_hybrid_calls                       26152
  victim_positions_calls                   244
MIRROR VALIDATION: 14/14 decompositions reproduce the pre-finalize argmax (14 had a pre-finalize target)
PATCH VERIFICATION OK
wrote E:\Projects\SAS\outputs\_tf_A_west_505_FIX14.json (198.0s)
