PATCH KINDS:
  _apply_retarget_with_pathfinding_fallback      class:UAVExecutor
  _apply_victim_searcher_hazard_gate             class:UAVExecutor
  _attempt_pathfinding_toward_target             class:UAVExecutor
  _choose_best_direction                         class:UAVExecutor
  _commit_execution_direction                    class:UAVExecutor
  _compute_wind_aware_search_target              class:LocalAdaptationSpaceGenerator
  _finalize_coverage_target                      module:local_adaptation_generator
  _generate_corridor_waypoints                   class:LocalAdaptationSpaceGenerator
  _observation_coverage_penalty                  module:local_adaptation_generator
  _pick_global_coverage_escape_target            class:LocalAdaptationSpaceGenerator
  _planner_wind_aware_target_from_decision       class:UAVExecutor
  _score_hybrid_search_cell                      module:local_adaptation_generator
  _uncovered_region_bonus                        module:local_adaptation_generator
  _victim_near_edge_escape_required              class:UAVExecutor
  _victim_positions_from_runtime                 class:UAVExecutor
  _wind_aware_victim_search_target               class:UAVExecutor
  _wind_aware_victim_search_target_legacy        class:UAVExecutor
  advance                                        class:agents.UAV
  execute                                        class:UAVExecutor
RAW COUNTERS:
  advance_calls                            240
  bonus_calls_total                        71542
  bonus_from__pick_global_coverage_escape_target 35771
  bonus_from__score_hybrid_search_cell     35771
  choose_best_direction_calls              2
  commit_calls                             240
  decomp_ok                                21
  exec_wind_target_calls                   4
  execute_calls_searcher                   240
  finalize_coverage_calls                  242
  gen_caller__try_generate_wind_aware_victim_search_option 239
  gen_caller__wind_aware_victim_search_target 4
  gen_calls_searcher                       243
  gen_calls_total                          243
  gen_returned_none                        1
  hazard_gate_calls                        3
  hazard_gate_changed                      1
  legacy_calls                             1
  legacy_nonnull                           1
  near_edge_calls                          68
  obs_penalty_calls                        35771
  pathfind_calls                           239
  pick_global_escape_calls                 212
  planner_target_calls                     5
  planner_target_nonnull                   1
  retarget_fallback_calls                  4
  score_hybrid_calls                       35771
  victim_positions_calls                   240
MIRROR VALIDATION: 21/21 decompositions reproduce the pre-finalize argmax (21 had a pre-finalize target)
PATCH VERIFICATION OK
wrote E:\Projects\SAS\outputs\_tf_A_north_101.json (207.4s)
