2026-10-07 01:27:31 START outputs/_ud_q_w4.jsonl 11 runs maxpar=12 min_free=3.0
2026-10-07 01:27:31 LAUNCH udE11n pid=36632 free=11.7GB running=1
2026-10-07 01:27:33 LAUNCH udE11c pid=27216 free=10.9GB running=2
2026-10-07 01:27:35 LAUNCH udE21n_D_W pid=24196 free=10.1GB running=3
2026-10-07 01:27:37 LAUNCH udE21c_D_W pid=57992 free=9.3GB running=4
2026-10-07 01:27:39 LAUNCH udE2f1n_D_W pid=20340 free=8.5GB running=5
2026-10-07 01:27:41 LAUNCH udE2f1c_D_W pid=56200 free=7.7GB running=6
2026-10-07 01:27:43 LAUNCH udEx1n_D_N pid=57144 free=6.8GB running=7
2026-10-07 01:27:45 LAUNCH udEx1c_D_N pid=57292 free=5.9GB running=8
2026-10-07 01:27:47 LAUNCH udE31c_D_N pid=10076 free=5.1GB running=9
2026-10-07 01:27:49 LAUNCH udE4d1c_D_N pid=11376 free=4.2GB running=10
2026-10-07 01:27:51 LAUNCH udE4g1c_D_N pid=43180 free=3.4GB running=11
2026-10-07 01:37:54 DONE udE11c rc=0 621s
2026-10-07 01:38:14 DONE udE4d1c_D_N rc=0 625s
2026-10-07 01:38:14 DONE udE4g1c_D_N rc=0 623s
2026-10-07 01:38:39 DONE udEx1n_D_N rc=0 656s
2026-10-07 01:39:19 DONE udE11n rc=0 708s
2026-10-07 01:40:09 DONE udEx1c_D_N rc=0 744s
2026-10-07 01:41:49 DONE udE31c_D_N rc=0 842s
2026-10-07 01:46:35 DONE udE21n_D_W rc=0 1140s
2026-10-07 01:47:35 DONE udE2f1n_D_W rc=0 1196s
2026-10-07 01:56:30 DONE udE21c_D_W rc=0 1733s
2026-10-07 01:56:50 DONE udE2f1c_D_W rc=0 1749s
2026-10-07 01:56:55 ALL_MF2_COMPLETE outputs/_ud_q_w4.jsonl 11/11 0 FAIL
