2026-10-06 23:51:10 START outputs/_ud_q_w3.jsonl 64 runs maxpar=12 min_free=3.0
2026-10-06 23:51:10 LAUNCH ud1r1_A_E pid=10828 free=11.6GB running=1
2026-10-06 23:51:12 LAUNCH ud1r1_A_N pid=33016 free=10.9GB running=2
2026-10-06 23:51:14 LAUNCH ud1r1_A_S pid=34984 free=10.0GB running=3
2026-10-06 23:51:16 LAUNCH ud1r1_A_W pid=29652 free=9.1GB running=4
2026-10-06 23:51:18 LAUNCH ud1r1_B_E pid=29040 free=8.3GB running=5
2026-10-06 23:51:20 LAUNCH ud1r1_B_N pid=47272 free=7.5GB running=6
2026-10-06 23:51:22 LAUNCH ud1r1_B_S pid=24420 free=6.7GB running=7
2026-10-06 23:51:24 LAUNCH ud1r1_B_W pid=36792 free=5.9GB running=8
2026-10-06 23:51:26 LAUNCH ud1r1_C_E pid=55772 free=5.1GB running=9
2026-10-06 23:51:28 LAUNCH ud1r1_C_N pid=54040 free=4.3GB running=10
2026-10-06 23:51:30 LAUNCH ud1r1_C_S pid=45996 free=3.4GB running=11
2026-10-07 00:00:42 DONE ud1r1_C_N rc=0 554s
2026-10-07 00:00:42 LAUNCH ud1r1_C_W pid=43336 free=3.1GB running=11
2026-10-07 00:00:50 DONE ud1r1_A_E rc=0 580s
2026-10-07 00:00:50 LAUNCH ud1r1_D_E pid=19744 free=3.1GB running=11
2026-10-07 00:01:12 DONE ud1r1_A_S rc=0 598s
2026-10-07 00:01:12 LAUNCH ud1r1_D_N pid=24628 free=3.1GB running=11
2026-10-07 00:03:29 DONE ud1r1_B_S rc=0 727s
2026-10-07 00:03:29 LAUNCH ud1r1_D_S pid=8292 free=3.3GB running=11
2026-10-07 00:03:51 DONE ud1r1_A_W rc=0 755s
2026-10-07 00:03:51 LAUNCH ud1r1_D_W pid=52104 free=3.3GB running=11
2026-10-07 00:03:58 DONE ud1r1_C_S rc=0 748s
2026-10-07 00:03:58 LAUNCH ud1u1_A_E pid=53800 free=3.4GB running=11
2026-10-07 00:04:05 DONE ud1r1_A_N rc=0 773s
2026-10-07 00:04:05 LAUNCH ud1u1_A_N pid=29712 free=3.4GB running=11
2026-10-07 00:04:27 DONE ud1r1_B_N rc=0 787s
2026-10-07 00:04:27 LAUNCH ud1u1_A_S pid=33440 free=3.4GB running=11
2026-10-07 00:04:39 DONE ud1r1_B_W rc=0 795s
2026-10-07 00:04:39 LAUNCH ud1u1_A_W pid=55016 free=3.4GB running=11
2026-10-07 00:12:41 DONE ud1r1_D_N rc=0 690s
2026-10-07 00:12:41 LAUNCH ud1u1_B_E pid=15572 free=3.3GB running=11
2026-10-07 00:13:18 DONE ud1u1_A_E rc=0 561s
2026-10-07 00:13:18 LAUNCH ud1u1_B_N pid=32124 free=3.3GB running=11
2026-10-07 00:15:20 DONE ud1u1_A_S rc=0 654s
2026-10-07 00:15:20 LAUNCH ud1u1_B_S pid=48632 free=3.2GB running=11
2026-10-07 00:15:32 DONE ud1r1_D_W rc=0 702s
2026-10-07 00:15:32 LAUNCH ud1u1_B_W pid=10676 free=3.3GB running=11
2026-10-07 00:15:55 DONE ud1u1_A_N rc=0 710s
2026-10-07 00:15:55 LAUNCH ud1u1_C_E pid=47748 free=3.3GB running=11
2026-10-07 00:16:07 DONE ud1r1_D_S rc=0 758s
2026-10-07 00:16:07 DONE ud1u1_A_W rc=0 688s
2026-10-07 00:16:07 LAUNCH ud1u1_C_N pid=26884 free=4.2GB running=10
2026-10-07 00:16:09 LAUNCH ud1u1_C_S pid=46140 free=3.3GB running=11
2026-10-07 00:16:11 LAUNCH ud1u1_C_W pid=10588 free=3.3GB running=12
2026-10-07 00:16:18 DONE ud1r1_C_E rc=0 1492s
2026-10-07 00:19:28 DONE ud1r1_B_E rc=0 1690s
2026-10-07 00:19:28 LAUNCH ud1u1_D_E pid=50116 free=3.3GB running=11
2026-10-07 00:23:10 DONE ud1r1_D_E rc=0 1341s
2026-10-07 00:23:30 LAUNCH ud1u1_D_N pid=58128 free=3.1GB running=11
2026-10-07 00:24:07 DONE ud1u1_B_N rc=0 649s
2026-10-07 00:24:07 LAUNCH ud1u1_D_S pid=57828 free=3.1GB running=11
2026-10-07 00:25:54 DONE ud1u1_C_N rc=0 588s
2026-10-07 00:25:54 LAUNCH ud1u1_D_W pid=46016 free=3.4GB running=11
2026-10-07 00:26:46 DONE ud1r1_C_W rc=0 1564s
2026-10-07 00:26:46 LAUNCH ud1r2_A_E pid=8296 free=3.4GB running=11
2026-10-07 00:27:28 DONE ud1u1_C_S rc=0 680s
2026-10-07 00:27:28 LAUNCH ud1r2_A_N pid=26956 free=3.4GB running=11
2026-10-07 00:28:11 DONE ud1u1_B_S rc=0 770s
2026-10-07 00:28:11 LAUNCH ud1r2_A_S pid=16824 free=3.4GB running=11
2026-10-07 00:28:23 DONE ud1u1_B_W rc=0 770s
2026-10-07 00:28:23 LAUNCH ud1r2_A_W pid=54616 free=3.4GB running=11
2026-10-07 00:33:50 DONE ud1u1_D_S rc=0 583s
2026-10-07 00:33:50 LAUNCH ud1r2_B_E pid=43120 free=3.4GB running=11
2026-10-07 00:35:27 DONE ud1u1_D_N rc=0 717s
2026-10-07 00:35:27 LAUNCH ud1r2_B_N pid=52696 free=3.4GB running=11
2026-10-07 00:36:19 DONE ud1r2_A_E rc=0 573s
2026-10-07 00:36:19 LAUNCH ud1r2_B_S pid=38012 free=3.3GB running=11
2026-10-07 00:37:26 DONE ud1r2_A_N rc=0 598s
2026-10-07 00:37:26 LAUNCH ud1r2_B_W pid=24876 free=3.4GB running=11
2026-10-07 00:37:58 DONE ud1r2_A_S rc=0 588s
2026-10-07 00:37:58 LAUNCH ud1r2_C_E pid=33604 free=3.4GB running=11
2026-10-07 00:38:05 DONE ud1u1_D_W rc=0 731s
2026-10-07 00:38:05 LAUNCH ud1r2_C_N pid=16152 free=3.5GB running=11
2026-10-07 00:40:02 DONE ud1u1_B_E rc=0 1641s
2026-10-07 00:40:02 LAUNCH ud1r2_C_S pid=51632 free=3.4GB running=11
2026-10-07 00:40:09 DONE ud1r2_A_W rc=0 707s
2026-10-07 00:40:09 LAUNCH ud1r2_C_W pid=48660 free=3.4GB running=11
2026-10-07 00:40:31 DONE ud1u1_C_E rc=0 1477s
2026-10-07 00:40:31 LAUNCH ud1r2_D_E pid=50316 free=3.5GB running=11
2026-10-07 00:43:59 DONE ud1u1_D_E rc=0 1471s
2026-10-07 00:43:59 LAUNCH ud1r2_D_N pid=57932 free=3.4GB running=11
2026-10-07 00:44:51 DONE ud1r2_B_N rc=0 564s
2026-10-07 00:44:51 LAUNCH ud1r2_D_S pid=42636 free=3.3GB running=11
2026-10-07 00:46:53 DONE ud1u1_C_W rc=0 1842s
2026-10-07 00:46:53 LAUNCH ud1r2_D_W pid=28912 free=3.4GB running=11
2026-10-07 00:47:50 DONE ud1r2_B_S rc=0 691s
2026-10-07 00:47:50 LAUNCH ud1u2_A_E pid=58032 free=3.4GB running=11
2026-10-07 00:48:32 DONE ud1r2_C_S rc=0 510s
2026-10-07 00:48:32 LAUNCH ud1u2_A_N pid=4724 free=3.4GB running=11
2026-10-07 00:49:04 DONE ud1r2_C_N rc=0 659s
2026-10-07 00:49:04 LAUNCH ud1u2_A_S pid=37956 free=3.4GB running=11
2026-10-07 00:50:21 DONE ud1r2_B_W rc=0 775s
2026-10-07 00:50:21 LAUNCH ud1u2_A_W pid=25672 free=3.4GB running=11
2026-10-07 00:53:08 DONE ud1r2_D_S rc=0 497s
2026-10-07 00:53:08 LAUNCH ud1u2_B_E pid=10144 free=3.4GB running=11
2026-10-07 00:53:15 DONE ud1r2_C_W rc=0 786s
2026-10-07 00:53:15 LAUNCH ud1u2_B_N pid=49584 free=3.3GB running=11
2026-10-07 00:55:12 DONE ud1r2_B_E rc=0 1282s
2026-10-07 00:55:12 LAUNCH ud1u2_B_S pid=8296 free=3.4GB running=11
2026-10-07 00:55:44 DONE ud1r2_D_N rc=0 706s
2026-10-07 00:55:44 LAUNCH ud1u2_B_W pid=17608 free=3.5GB running=11
2026-10-07 00:58:47 DONE ud1u2_A_E rc=0 657s
2026-10-07 00:58:47 LAUNCH ud1u2_C_E pid=57116 free=3.4GB running=11
2026-10-07 00:59:54 DONE ud1u2_A_N rc=0 682s
2026-10-07 00:59:54 LAUNCH ud1u2_C_N pid=50368 free=3.3GB running=11
2026-10-07 01:00:41 DONE ud1u2_A_S rc=0 697s
2026-10-07 01:00:41 LAUNCH ud1u2_C_S pid=41440 free=3.3GB running=11
2026-10-07 01:01:03 DONE ud1r2_D_W rc=0 850s
2026-10-07 01:01:03 LAUNCH ud1u2_C_W pid=42000 free=3.3GB running=11
2026-10-07 01:02:05 DONE ud1r2_C_E rc=0 1447s
2026-10-07 01:02:05 LAUNCH ud1u2_D_E pid=57216 free=3.4GB running=11
2026-10-07 01:02:47 DONE ud1r2_D_E rc=0 1335s
2026-10-07 01:02:47 DONE ud1u2_A_W rc=0 746s
2026-10-07 01:02:47 LAUNCH ud1u2_D_N pid=4084 free=4.2GB running=10
2026-10-07 01:02:49 LAUNCH ud1u2_D_S pid=2820 free=3.4GB running=11
2026-10-07 01:03:51 DONE ud1u2_B_N rc=0 636s
2026-10-07 01:03:51 LAUNCH ud1u2_D_W pid=11728 free=3.4GB running=11
2026-10-07 01:05:18 DONE ud1u2_B_E rc=0 730s
2026-10-07 01:06:28 DONE ud1u2_B_S rc=0 676s
2026-10-07 01:07:38 DONE ud1u2_B_W rc=0 714s
2026-10-07 01:09:43 DONE ud1u2_C_S rc=0 543s
2026-10-07 01:10:43 DONE ud1u2_D_S rc=0 475s
2026-10-07 01:11:44 DONE ud1u2_C_N rc=0 710s
2026-10-07 01:13:54 DONE ud1u2_C_W rc=0 771s
2026-10-07 01:13:59 DONE ud1u2_D_N rc=0 672s
2026-10-07 01:21:24 DONE ud1u2_C_E rc=0 1357s
2026-10-07 01:24:24 DONE ud1u2_D_E rc=0 1339s
2026-10-07 01:26:44 DONE ud1u2_D_W rc=0 1373s
2026-10-07 01:26:49 ALL_MF2_COMPLETE outputs/_ud_q_w3.jsonl 64/64 0 FAIL
