START 2026-10-06 14:34:13 free_commit_gb=11.0 head=c52486dd217fa5dccd31b5c1233a7df70f9e2329 worktree=E:/Projects/SAS_wt/urgency_suite
........................................................................ [  3%]
........................................................................ [  7%]
........................................................................ [ 11%]
........................................................................ [ 15%]
........................................................................ [ 19%]
........................................................................ [ 23%]
........................................................................ [ 27%]
........................................................................ [ 31%]
........................................................................ [ 34%]
........................................................................ [ 38%]
........................................................................ [ 42%]
........................................................................ [ 46%]
........................................................................ [ 50%]
........................................................................ [ 54%]
........................................................................ [ 58%]
........................................................................ [ 62%]
...........................................................F............ [ 65%]
........................................................................ [ 69%]
........................................................................ [ 73%]
........................................................................ [ 77%]
........................................................................ [ 81%]
..........................................F............................. [ 85%]
..............................................................F......... [ 89%]
.........F.............................................................. [ 93%]
........................................................................ [ 96%]
.........................................................                [100%]
================================== FAILURES ===================================
_____ test_tidm_switches_absent_and_zero_are_identical_and_equal_the_base _____

monkeypatch = <_pytest.monkeypatch.MonkeyPatch object at 0x00000261937C37F0>

    def test_tidm_switches_absent_and_zero_are_identical_and_equal_the_base(monkeypatch):
        """T-ID-M. The pinned real run with the four switches ABSENT and with them all at 0 gives one identical digest
        of stdout and the logs, and it equals the base code's (27744a28) digest.
        MUTANT: id_a_off (the (a) branch taken when its switch is off)."""
        absent = _identity_run(monkeypatch, "absent")
        monkeypatch.undo()
        zero = _identity_run(monkeypatch, "zero")
        assert absent == zero
>       assert zero == ID_GOLDEN_BASE
E       AssertionError: assert '9c6f445496ea...161cbfe451db1' == 'cdfe27599df2...b283297e47e94'
E         
E         - cdfe27599df24b7176203ed06db41219933273ebc6a6d52120fb283297e47e94
E         + 9c6f445496ea96e6f2dfbbbf8f8fd3b4cca0d8389cefe14f44f161cbfe451db1

tests\test_movement_fixes.py:1536: AssertionError
____________ test_fire_tracker_uavs_receive_different_target_sets _____________

    def test_fire_tracker_uavs_receive_different_target_sets() -> None:
        generator = LocalAdaptationSpaceGenerator()
        runtime_models = _runtime_models(["0", "1", "2"])
    
        fire_targets: dict[str, set[tuple[int, int]]] = {}
        for uav_id in ("0", "1", "2"):
            runtime_models["uav_id"] = uav_id
            runtime_models["uav_resource_model"] = _FakeUAVResource(
                by_uav_id={
                    uid: type("Role", (), {"current_role": "fire_tracker"})()
                    for uid in ("0", "1", "2")
                }
            )
            space = generator.generate(
                {"target_entity": uav_id, "triggers": ()},
                {},
                runtime_models,
                timestamp=1.0,
            )
            targets = {
                tuple(option.parameters.get("target_region"))
                for option in space.options
                if option.parameters.get("path_action", "").startswith("move_toward_fire")
                and option.parameters.get("target_region") is not None
            }
            fire_targets[uav_id] = targets
    
        assert fire_targets["0"]
        assert fire_targets["1"]
        assert fire_targets["2"]
        assert fire_targets["0"].isdisjoint(fire_targets["1"])
>       assert fire_targets["1"].isdisjoint(fire_targets["2"])
E       assert False
E        +  where False = <built-in method isdisjoint of set object at 0x0000026194C6B840>({(1, 5), (2, 5), (3, 5)})
E        +    where <built-in method isdisjoint of set object at 0x0000026194C6B840> = {(1, 5), (2, 5), (3, 5)}.isdisjoint

tests\test_uav_sector_assignment.py:198: AssertionError
_______________ test_tinfo_b_metamorphic_over_a_short_real_run ________________

monkeypatch = <_pytest.monkeypatch.MonkeyPatch object at 0x00000262B3372410>

    def test_tinfo_b_metamorphic_over_a_short_real_run(monkeypatch):
        """T-INFO-b (pre-registered form: a short pinned real-model run). Variants perturb the undetected victims'
        cells, fates and marker statuses; a variant is ACCEPTED only if its per-step detected-id sequence (asserted
        first) and burning sets equal the base run's. Every accepted variant leaves U1's orders and the assign /
        unassign log identical; the cells variant must be accepted, and U1 must have ordered a kick.
        MUTANT: tinfo_read."""
        base = _info_real_run(monkeypatch, None)
        assert base[2], "no qualifying kick in the real run - the test would be vacuous"
>       assert base[2][0][1][0] == V4
E       AssertionError: assert 'victim_0' == 'victim_4'
E         
E         - victim_4
E         ?        ^
E         + victim_0
E         ?        ^

tests\test_urgency_dispatch.py:1174: AssertionError
---------------------------- Captured stdout call -----------------------------
3
_______________ test_tid_off_is_identical_absent_zero_and_base ________________

monkeypatch = <_pytest.monkeypatch.MonkeyPatch object at 0x00000262B357B010>

    def test_tid_off_is_identical_absent_zero_and_base(monkeypatch):
        """T-ID. A 24-step pinned real run with DISPATCH_URGENCY absent and at 0 gives identical stdout and assign /
        unassign log, both equal to the run whose kick is the base (27744a28) loop; the kicks did run (K2, forced), no
        [UrgencyTriage] line appears; the OFF path of the kick is the base loop's text with only the switch branch
        added.
        MUTANT: tid_print (an unconditional [UrgencyTriage] print in the kick)."""
        runs = {mode: _id_run(monkeypatch, mode) for mode in ("absent", "zero", "base")}
>       assert len(runs["base"][2]) >= 2, runs["base"][2]
E       AssertionError: [4]
E       assert 1 >= 2
E        +  where 1 = len([4])

tests\test_urgency_dispatch.py:1367: AssertionError
---------------------------- Captured stdout call -----------------------------
3
3
3
============================== warnings summary ===============================
tests\test_firefighter_fire_avoidance.py:205
  E:\Projects\SAS_wt\urgency_suite\tests\test_firefighter_fire_avoidance.py:205: PytestUnknownMarkWarning: Unknown pytest.mark.slow - is this a typo?  You can register custom marks to avoid this warning - for details, see https://docs.pytest.org/en/stable/how-to/mark.html
    @pytest.mark.slow

tests\test_unresolved_victim_coverage.py:283
  E:\Projects\SAS_wt\urgency_suite\tests\test_unresolved_victim_coverage.py:283: PytestUnknownMarkWarning: Unknown pytest.mark.slow - is this a typo?  You can register custom marks to avoid this warning - for details, see https://docs.pytest.org/en/stable/how-to/mark.html
    @pytest.mark.slow

tests\test_unresolved_victim_coverage.py:311
  E:\Projects\SAS_wt\urgency_suite\tests\test_unresolved_victim_coverage.py:311: PytestUnknownMarkWarning: Unknown pytest.mark.slow - is this a typo?  You can register custom marks to avoid this warning - for details, see https://docs.pytest.org/en/stable/how-to/mark.html
    @pytest.mark.slow

tests\test_unresolved_victim_coverage.py:320
  E:\Projects\SAS_wt\urgency_suite\tests\test_unresolved_victim_coverage.py:320: PytestUnknownMarkWarning: Unknown pytest.mark.slow - is this a typo?  You can register custom marks to avoid this warning - for details, see https://docs.pytest.org/en/stable/how-to/mark.html
    @pytest.mark.slow

tests\test_y_sweep_commit.py:106
  E:\Projects\SAS_wt\urgency_suite\tests\test_y_sweep_commit.py:106: PytestUnknownMarkWarning: Unknown pytest.mark.slow - is this a typo?  You can register custom marks to avoid this warning - for details, see https://docs.pytest.org/en/stable/how-to/mark.html
    @pytest.mark.slow

-- Docs: https://docs.pytest.org/en/stable/how-to/capture-warnings.html
=========================== short test summary info ===========================
FAILED tests/test_movement_fixes.py::test_tidm_switches_absent_and_zero_are_identical_and_equal_the_base
FAILED tests/test_uav_sector_assignment.py::test_fire_tracker_uavs_receive_different_target_sets
FAILED tests/test_urgency_dispatch.py::test_tinfo_b_metamorphic_over_a_short_real_run
FAILED tests/test_urgency_dispatch.py::test_tid_off_is_identical_absent_zero_and_base
4 failed, 1853 passed, 5 warnings in 5228.85s (1:27:08)
EXIT 1 5230s 2026-10-06 16:01:23
