2026-10-06 19:01:32 START outputs/_ud_q_w2.jsonl 256 runs maxpar=12 min_free=3.0
2026-10-06 19:01:32 LAUNCH ud0r3_A_E pid=4656 free=11.6GB running=1
2026-10-06 19:01:34 LAUNCH ud1r3_A_E pid=42900 free=10.8GB running=2
2026-10-06 19:01:36 LAUNCH ud2r3_A_E pid=7520 free=10.0GB running=3
2026-10-06 19:01:38 LAUNCH ud3r3_A_E pid=30544 free=9.2GB running=4
2026-10-06 19:01:40 LAUNCH ud0r3_A_N pid=44748 free=8.3GB running=5
2026-10-06 19:01:42 LAUNCH ud1r3_A_N pid=56016 free=7.5GB running=6
2026-10-06 19:01:44 LAUNCH ud2r3_A_N pid=26580 free=6.7GB running=7
2026-10-06 19:01:46 LAUNCH ud3r3_A_N pid=47528 free=5.8GB running=8
2026-10-06 19:01:48 LAUNCH ud0r3_A_S pid=47444 free=5.0GB running=9
2026-10-06 19:01:50 LAUNCH ud1r3_A_S pid=45792 free=4.1GB running=10
2026-10-06 19:01:52 LAUNCH ud2r3_A_S pid=20556 free=3.3GB running=11
2026-10-06 19:09:20 DONE ud0r3_A_S rc=0 452s
2026-10-06 19:09:30 DONE ud2r3_A_S rc=0 458s
2026-10-06 19:09:40 DONE ud1r3_A_S rc=0 470s
2026-10-06 19:09:40 LAUNCH ud3r3_A_S pid=37252 free=3.7GB running=9
2026-10-06 19:09:52 DONE ud0r3_A_E rc=0 500s
2026-10-06 19:09:52 DONE ud1r3_A_E rc=0 498s
2026-10-06 19:09:52 LAUNCH ud0r3_A_W pid=32532 free=4.5GB running=8
2026-10-06 19:09:54 LAUNCH ud1r3_A_W pid=19172 free=3.7GB running=9
2026-10-06 19:09:56 LAUNCH ud2r3_A_W pid=33416 free=3.8GB running=10
2026-10-06 19:10:03 DONE ud2r3_A_E rc=0 507s
2026-10-06 19:10:03 LAUNCH ud3r3_A_W pid=24116 free=3.0GB running=10
2026-10-06 19:10:10 DONE ud3r3_A_E rc=0 512s
2026-10-06 19:10:10 LAUNCH ud0r3_B_E pid=30704 free=3.1GB running=10
2026-10-06 19:10:37 DONE ud0r3_A_N rc=0 537s
2026-10-06 19:10:37 DONE ud1r3_A_N rc=0 535s
2026-10-06 19:10:37 LAUNCH ud1r3_B_E pid=44800 free=4.1GB running=9
2026-10-06 19:10:39 LAUNCH ud2r3_B_E pid=44036 free=3.3GB running=10
2026-10-06 19:11:56 DONE ud2r3_A_N rc=0 612s
2026-10-06 19:12:06 LAUNCH ud3r3_B_E pid=47460 free=3.0GB running=10
2026-10-06 19:12:48 DONE ud3r3_A_N rc=0 662s
2026-10-06 19:12:53 LAUNCH ud0r3_B_N pid=25280 free=3.0GB running=10
2026-10-06 19:19:26 DONE ud3r3_A_S rc=0 586s
2026-10-06 19:20:26 DONE ud0r3_A_W rc=0 634s
2026-10-06 19:20:26 LAUNCH ud1r3_B_N pid=29440 free=3.5GB running=9
2026-10-06 19:20:28 LAUNCH ud2r3_B_N pid=30524 free=3.5GB running=10
2026-10-06 19:20:30 LAUNCH ud3r3_B_N pid=20664 free=3.5GB running=11
2026-10-06 19:20:37 DONE ud1r3_A_W rc=0 643s
2026-10-06 19:20:37 DONE ud2r3_A_W rc=0 641s
2026-10-06 19:20:37 DONE ud3r3_A_W rc=0 634s
2026-10-06 19:20:37 LAUNCH ud0r3_B_S pid=47604 free=3.6GB running=9
2026-10-06 19:21:39 DONE ud0r3_B_E rc=0 689s
2026-10-06 19:21:39 LAUNCH ud1r3_B_S pid=49528 free=3.7GB running=9
2026-10-06 19:21:46 DONE ud0r3_B_N rc=0 533s
2026-10-06 19:21:46 LAUNCH ud2r3_B_S pid=20448 free=3.7GB running=9
2026-10-06 19:22:08 DONE ud1r3_B_E rc=0 691s
2026-10-06 19:22:08 LAUNCH ud3r3_B_S pid=54412 free=3.7GB running=9
2026-10-06 19:22:10 LAUNCH ud0r3_B_W pid=51252 free=3.7GB running=10
2026-10-06 19:22:17 DONE ud2r3_B_E rc=0 698s
2026-10-06 19:23:27 DONE ud3r3_B_E rc=0 681s
2026-10-06 19:23:27 LAUNCH ud1r3_B_W pid=27328 free=3.8GB running=9
2026-10-06 19:29:00 DONE ud1r3_B_N rc=0 514s
2026-10-06 19:29:00 LAUNCH ud2r3_B_W pid=50108 free=3.5GB running=9
2026-10-06 19:29:07 DONE ud2r3_B_N rc=0 519s
2026-10-06 19:29:07 DONE ud3r3_B_N rc=0 517s
2026-10-06 19:29:07 LAUNCH ud3r3_B_W pid=51956 free=4.4GB running=8
2026-10-06 19:29:09 LAUNCH ud0r3_C_E pid=33560 free=3.6GB running=9
2026-10-06 19:32:11 DONE ud0r3_B_S rc=0 694s
2026-10-06 19:32:11 LAUNCH ud1r3_C_E pid=4468 free=3.6GB running=9
2026-10-06 19:32:38 DONE ud2r3_B_S rc=0 652s
2026-10-06 19:32:38 LAUNCH ud2r3_C_E pid=30536 free=3.6GB running=9
2026-10-06 19:33:05 DONE ud3r3_B_S rc=0 657s
2026-10-06 19:33:05 LAUNCH ud3r3_C_E pid=29996 free=3.7GB running=9
2026-10-06 19:33:07 LAUNCH ud0r3_C_N pid=31940 free=3.7GB running=10
2026-10-06 19:33:15 DONE ud1r3_B_S rc=0 695s
2026-10-06 19:35:15 DONE ud0r3_B_W rc=0 784s
2026-10-06 19:35:15 LAUNCH ud1r3_C_N pid=15872 free=3.5GB running=9
2026-10-06 19:36:22 DONE ud1r3_B_W rc=0 774s
2026-10-06 19:36:22 LAUNCH ud2r3_C_N pid=26064 free=3.6GB running=9
2026-10-06 19:41:49 DONE ud3r3_B_W rc=0 762s
2026-10-06 19:41:49 LAUNCH ud3r3_C_N pid=38200 free=3.6GB running=9
2026-10-06 19:41:56 DONE ud2r3_B_W rc=0 776s
2026-10-06 19:41:56 LAUNCH ud0r3_C_S pid=2640 free=3.6GB running=9
2026-10-06 19:43:43 DONE ud0r3_C_N rc=0 636s
2026-10-06 19:43:43 LAUNCH ud1r3_C_S pid=23912 free=3.6GB running=9
2026-10-06 19:45:46 DONE ud1r3_C_N rc=0 631s
2026-10-06 19:45:46 LAUNCH ud2r3_C_S pid=42764 free=3.5GB running=9
2026-10-06 19:46:48 DONE ud2r3_C_N rc=0 626s
2026-10-06 19:46:48 LAUNCH ud3r3_C_S pid=13192 free=3.6GB running=9
2026-10-06 19:52:25 DONE ud3r3_C_N rc=0 636s
2026-10-06 19:52:25 LAUNCH ud0r3_C_W pid=37216 free=3.5GB running=9
2026-10-06 19:52:32 DONE ud0r3_C_S rc=0 636s
2026-10-06 19:52:32 LAUNCH ud1r3_C_W pid=8296 free=3.5GB running=9
2026-10-06 19:53:14 DONE ud0r3_C_E rc=0 1445s
2026-10-06 19:53:15 LAUNCH ud2r3_C_W pid=31940 free=3.5GB running=9
2026-10-06 19:54:07 DONE ud1r3_C_S rc=0 623s
2026-10-06 19:54:07 LAUNCH ud3r3_C_W pid=39004 free=3.5GB running=9
2026-10-06 19:56:04 DONE ud1r3_C_E rc=0 1433s
2026-10-06 19:56:04 LAUNCH ud0r3_D_E pid=42524 free=3.5GB running=9
2026-10-06 19:56:11 DONE ud2r3_C_S rc=0 625s
2026-10-06 19:56:11 LAUNCH ud1r3_D_E pid=49584 free=3.6GB running=9
2026-10-06 19:56:58 DONE ud2r3_C_E rc=0 1460s
2026-10-06 19:56:58 LAUNCH ud2r3_D_E pid=30324 free=3.6GB running=9
2026-10-06 19:57:10 DONE ud3r3_C_E rc=0 1445s
2026-10-06 19:57:10 LAUNCH ud3r3_D_E pid=55204 free=3.6GB running=9
2026-10-06 19:57:17 DONE ud3r3_C_S rc=0 629s
2026-10-06 19:57:17 LAUNCH ud0r3_D_N pid=46016 free=3.6GB running=9
2026-10-06 20:06:50 DONE ud0r3_D_N rc=0 573s
2026-10-06 20:06:50 LAUNCH ud1r3_D_N pid=36780 free=3.6GB running=9
2026-10-06 20:08:17 DONE ud0r3_D_E rc=0 733s
2026-10-06 20:08:17 LAUNCH ud2r3_D_N pid=8488 free=3.5GB running=9
2026-10-06 20:08:24 DONE ud1r3_D_E rc=0 733s
2026-10-06 20:08:24 LAUNCH ud3r3_D_N pid=42864 free=3.6GB running=9
2026-10-06 20:09:06 DONE ud2r3_D_E rc=0 728s
2026-10-06 20:09:06 LAUNCH ud0r3_D_S pid=51964 free=3.5GB running=9
2026-10-06 20:09:08 LAUNCH ud1r3_D_S pid=46632 free=3.6GB running=10
2026-10-06 20:09:10 LAUNCH ud2r3_D_S pid=51340 free=3.6GB running=11
2026-10-06 20:09:12 LAUNCH ud3r3_D_S pid=32216 free=3.7GB running=12
2026-10-06 20:09:19 DONE ud0r3_C_W rc=0 1014s
2026-10-06 20:09:19 DONE ud1r3_C_W rc=0 1007s
2026-10-06 20:09:19 DONE ud2r3_C_W rc=0 965s
2026-10-06 20:09:19 DONE ud3r3_D_E rc=0 729s
2026-10-06 20:09:19 LAUNCH ud0r3_D_W pid=29684 free=3.7GB running=9
2026-10-06 20:10:06 DONE ud3r3_C_W rc=0 960s
2026-10-06 20:10:07 LAUNCH ud1r3_D_W pid=49008 free=3.6GB running=9
2026-10-06 20:16:29 DONE ud1r3_D_N rc=0 579s
2026-10-06 20:16:29 LAUNCH ud2r3_D_W pid=37864 free=3.5GB running=9
2026-10-06 20:17:51 DONE ud2r3_D_N rc=0 574s
2026-10-06 20:17:51 LAUNCH ud3r3_D_W pid=54312 free=3.5GB running=9
2026-10-06 20:17:58 DONE ud3r3_D_N rc=0 574s
2026-10-06 20:17:58 LAUNCH ud0u3_A_E pid=49688 free=3.5GB running=9
2026-10-06 20:18:35 LAUNCH ud1u3_A_E pid=24628 free=3.2GB running=10
2026-10-06 20:18:47 LAUNCH ud2u3_A_E pid=36780 free=3.5GB running=11
2026-10-06 20:18:49 LAUNCH ud3u3_A_E pid=44268 free=3.1GB running=12
2026-10-06 20:20:07 DONE ud0r3_D_S rc=0 660s
2026-10-06 20:20:07 DONE ud2r3_D_S rc=0 656s
2026-10-06 20:20:07 LAUNCH ud0u3_A_N pid=38700 free=4.1GB running=11
2026-10-06 20:20:09 LAUNCH ud1u3_A_N pid=31048 free=4.1GB running=12
2026-10-06 20:20:16 DONE ud3r3_D_S rc=0 663s
2026-10-06 20:20:16 LAUNCH ud2u3_A_N pid=55180 free=3.2GB running=12
2026-10-06 20:20:23 DONE ud1r3_D_S rc=0 674s
2026-10-06 20:20:23 LAUNCH ud3u3_A_N pid=11544 free=3.3GB running=12
2026-10-06 20:20:30 DONE ud0r3_D_W rc=0 670s
2026-10-06 20:20:30 LAUNCH ud0u3_A_S pid=46716 free=3.4GB running=12
2026-10-06 20:21:17 DONE ud1r3_D_W rc=0 670s
2026-10-06 20:21:17 LAUNCH ud1u3_A_S pid=55416 free=3.4GB running=12
2026-10-06 20:27:49 DONE ud2r3_D_W rc=0 680s
2026-10-06 20:27:49 LAUNCH ud2u3_A_S pid=40176 free=3.3GB running=12
2026-10-06 20:29:01 DONE ud0u3_A_E rc=0 663s
2026-10-06 20:29:01 LAUNCH ud3u3_A_S pid=45412 free=3.2GB running=12
2026-10-06 20:29:19 DONE ud3r3_D_W rc=0 687s
2026-10-06 20:29:19 LAUNCH ud0u3_A_W pid=27920 free=3.2GB running=12
2026-10-06 20:29:41 DONE ud1u3_A_E rc=0 665s
2026-10-06 20:29:41 LAUNCH ud1u3_A_W pid=50204 free=3.2GB running=12
2026-10-06 20:29:58 DONE ud2u3_A_E rc=0 670s
2026-10-06 20:29:58 DONE ud3u3_A_E rc=0 668s
2026-10-06 20:29:58 LAUNCH ud2u3_A_W pid=26444 free=4.1GB running=11
2026-10-06 20:30:00 LAUNCH ud3u3_A_W pid=41728 free=3.2GB running=12
2026-10-06 20:30:27 DONE ud0u3_A_N rc=0 620s
2026-10-06 20:30:27 LAUNCH ud0u3_B_E pid=50156 free=3.2GB running=12
2026-10-06 20:30:34 DONE ud1u3_A_N rc=0 625s
2026-10-06 20:30:34 DONE ud2u3_A_N rc=0 618s
2026-10-06 20:30:34 LAUNCH ud1u3_B_E pid=15824 free=4.1GB running=11
2026-10-06 20:30:36 LAUNCH ud2u3_B_E pid=51936 free=3.3GB running=12
2026-10-06 20:30:43 DONE ud3u3_A_N rc=0 620s
2026-10-06 20:30:43 LAUNCH ud3u3_B_E pid=33496 free=3.3GB running=12
2026-10-06 20:32:00 DONE ud0u3_A_S rc=0 690s
2026-10-06 20:32:00 LAUNCH ud0u3_B_N pid=25860 free=3.3GB running=12
2026-10-06 20:32:42 DONE ud1u3_A_S rc=0 685s
2026-10-06 20:32:42 LAUNCH ud1u3_B_N pid=47964 free=3.3GB running=12
2026-10-06 20:40:00 DONE ud2u3_A_S rc=0 730s
2026-10-06 20:40:00 LAUNCH ud2u3_B_N pid=24360 free=3.2GB running=12
2026-10-06 20:40:32 DONE ud0u3_A_W rc=0 673s
2026-10-06 20:40:32 LAUNCH ud3u3_B_N pid=36836 free=3.2GB running=12
2026-10-06 20:40:39 DONE ud3u3_A_S rc=0 697s
2026-10-06 20:40:39 LAUNCH ud0u3_B_S pid=42452 free=3.2GB running=12
2026-10-06 20:41:01 DONE ud1u3_A_W rc=0 680s
2026-10-06 20:41:01 LAUNCH ud1u3_B_S pid=24128 free=3.2GB running=12
2026-10-06 20:41:13 DONE ud2u3_A_W rc=0 675s
2026-10-06 20:41:13 DONE ud3u3_A_W rc=0 673s
2026-10-06 20:41:13 LAUNCH ud2u3_B_S pid=52180 free=4.1GB running=11
2026-10-06 20:41:15 LAUNCH ud3u3_B_S pid=46176 free=3.3GB running=12
2026-10-06 20:41:27 DONE ud0u3_B_E rc=0 660s
2026-10-06 20:41:27 DONE ud1u3_B_E rc=0 653s
2026-10-06 20:41:27 DONE ud0u3_B_N rc=0 567s
2026-10-06 20:41:27 LAUNCH ud0u3_B_W pid=47364 free=5.1GB running=10
2026-10-06 20:41:29 LAUNCH ud1u3_B_W pid=45976 free=4.2GB running=11
2026-10-06 20:41:31 LAUNCH ud2u3_B_W pid=43068 free=3.4GB running=12
2026-10-06 20:41:38 DONE ud2u3_B_E rc=0 662s
2026-10-06 20:41:38 LAUNCH ud3u3_B_W pid=26552 free=3.5GB running=12
2026-10-06 20:41:45 DONE ud3u3_B_E rc=0 662s
2026-10-06 20:41:45 LAUNCH ud0u3_C_E pid=20716 free=3.5GB running=12
2026-10-06 20:42:12 DONE ud1u3_B_N rc=0 570s
2026-10-06 20:42:12 LAUNCH ud1u3_C_E pid=4680 free=3.5GB running=12
2026-10-06 20:49:35 DONE ud2u3_B_N rc=0 575s
2026-10-06 20:49:35 LAUNCH ud2u3_C_E pid=8152 free=3.2GB running=12
2026-10-06 20:50:02 DONE ud3u3_B_N rc=0 570s
2026-10-06 20:50:02 LAUNCH ud3u3_C_E pid=49400 free=3.3GB running=12
2026-10-06 20:52:44 DONE ud0u3_C_E rc=0 659s
2026-10-06 20:52:44 LAUNCH ud0u3_C_N pid=52428 free=3.2GB running=12
2026-10-06 20:53:01 DONE ud1u3_C_E rc=0 649s
2026-10-06 20:53:01 LAUNCH ud1u3_C_N pid=45744 free=3.3GB running=12
2026-10-06 20:54:14 DONE ud0u3_B_W rc=0 766s
2026-10-06 20:54:14 DONE ud1u3_B_W rc=0 764s
2026-10-06 20:54:14 LAUNCH ud2u3_C_N pid=42708 free=4.1GB running=11
2026-10-06 20:54:16 LAUNCH ud3u3_C_N pid=28196 free=3.3GB running=12
2026-10-06 20:54:33 DONE ud3u3_B_W rc=0 774s
2026-10-06 20:54:33 LAUNCH ud0u3_C_S pid=16796 free=3.3GB running=12
2026-10-06 20:54:40 DONE ud2u3_B_W rc=0 788s
2026-10-06 20:54:40 LAUNCH ud1u3_C_S pid=55212 free=3.3GB running=12
2026-10-06 20:55:22 DONE ud0u3_B_S rc=0 883s
2026-10-06 20:55:22 LAUNCH ud2u3_C_S pid=33048 free=3.3GB running=12
2026-10-06 20:55:44 DONE ud1u3_B_S rc=0 883s
2026-10-06 20:55:44 LAUNCH ud3u3_C_S pid=39652 free=3.4GB running=12
2026-10-06 20:56:06 DONE ud2u3_B_S rc=0 893s
2026-10-06 20:56:06 DONE ud3u3_B_S rc=0 891s
2026-10-06 20:56:06 LAUNCH ud0u3_C_W pid=55792 free=4.3GB running=11
2026-10-06 20:56:08 LAUNCH ud1u3_C_W pid=39004 free=3.5GB running=12
2026-10-06 21:00:25 DONE ud2u3_C_E rc=0 650s
2026-10-06 21:00:25 LAUNCH ud2u3_C_W pid=10676 free=3.2GB running=12
2026-10-06 21:00:52 DONE ud3u3_C_E rc=0 650s
2026-10-06 21:00:52 LAUNCH ud3u3_C_W pid=42372 free=3.2GB running=12
2026-10-06 21:04:20 DONE ud0u3_C_N rc=0 695s
2026-10-06 21:04:20 LAUNCH ud0u3_D_E pid=43844 free=3.2GB running=12
2026-10-06 21:04:37 DONE ud1u3_C_N rc=0 695s
2026-10-06 21:04:37 LAUNCH ud1u3_D_E pid=56280 free=3.3GB running=12
2026-10-06 21:05:34 DONE ud0u3_C_S rc=0 661s
2026-10-06 21:05:34 LAUNCH ud2u3_D_E pid=42764 free=3.3GB running=12
2026-10-06 21:05:41 DONE ud1u3_C_S rc=0 661s
2026-10-06 21:05:41 LAUNCH ud3u3_D_E pid=40856 free=3.4GB running=12
2026-10-06 21:06:08 DONE ud2u3_C_N rc=0 714s
2026-10-06 21:06:08 DONE ud3u3_C_N rc=0 712s
2026-10-06 21:06:08 DONE ud2u3_C_S rc=0 646s
2026-10-06 21:06:08 LAUNCH ud0u3_D_N pid=49100 free=5.1GB running=10
2026-10-06 21:06:10 LAUNCH ud1u3_D_N pid=54948 free=4.3GB running=11
2026-10-06 21:06:12 LAUNCH ud2u3_D_N pid=27312 free=3.4GB running=12
2026-10-06 21:06:29 DONE ud3u3_C_S rc=0 645s
2026-10-06 21:06:29 LAUNCH ud3u3_D_N pid=31336 free=3.5GB running=12
2026-10-06 21:13:57 DONE ud1u3_C_W rc=0 1069s
2026-10-06 21:13:57 LAUNCH ud0u3_D_S pid=25352 free=3.2GB running=12
2026-10-06 21:14:04 DONE ud0u3_C_W rc=0 1078s
2026-10-06 21:14:04 LAUNCH ud1u3_D_S pid=11544 free=3.1GB running=12
2026-10-06 21:15:56 DONE ud0u3_D_N rc=0 588s
2026-10-06 21:15:56 LAUNCH ud2u3_D_S pid=45656 free=3.9GB running=12
2026-10-06 21:16:03 DONE ud1u3_D_N rc=0 593s
2026-10-06 21:16:03 DONE ud2u3_D_N rc=0 591s
2026-10-06 21:16:03 LAUNCH ud3u3_D_S pid=19060 free=4.0GB running=11
2026-10-06 21:16:05 LAUNCH ud0u3_D_W pid=42636 free=3.1GB running=12
2026-10-06 21:16:22 DONE ud3u3_D_N rc=0 593s
2026-10-06 21:16:22 LAUNCH ud1u3_D_W pid=50964 free=3.1GB running=12
2026-10-06 21:17:39 DONE ud2u3_C_W rc=0 1034s
2026-10-06 21:18:04 DONE ud3u3_C_W rc=0 1032s
2026-10-06 21:18:04 LAUNCH ud2u3_D_W pid=8292 free=3.5GB running=11
2026-10-06 21:23:27 DONE ud0u3_D_E rc=0 1147s
2026-10-06 21:23:42 DONE ud1u3_D_E rc=0 1145s
2026-10-06 21:23:52 LAUNCH ud3u3_D_W pid=4820 free=3.4GB running=10
2026-10-06 21:23:59 LAUNCH ud0r4_A_E pid=38416 free=3.8GB running=11
2026-10-06 21:24:01 LAUNCH ud1r4_A_E pid=53392 free=3.3GB running=12
2026-10-06 21:24:13 DONE ud0u3_D_S rc=0 616s
2026-10-06 21:24:13 LAUNCH ud2r4_A_E pid=28668 free=3.4GB running=12
2026-10-06 21:24:20 DONE ud1u3_D_S rc=0 616s
2026-10-06 21:24:20 LAUNCH ud3r4_A_E pid=51244 free=3.3GB running=12
2026-10-06 21:24:52 DONE ud3u3_D_E rc=0 1151s
2026-10-06 21:24:52 LAUNCH ud0r4_A_N pid=39288 free=3.4GB running=12
2026-10-06 21:24:59 DONE ud2u3_D_E rc=0 1165s
2026-10-06 21:24:59 LAUNCH ud1r4_A_N pid=46664 free=3.4GB running=12
2026-10-06 21:26:11 DONE ud2u3_D_S rc=0 615s
2026-10-06 21:26:11 LAUNCH ud2r4_A_N pid=16192 free=3.4GB running=12
2026-10-06 21:26:18 DONE ud3u3_D_S rc=0 615s
2026-10-06 21:26:18 LAUNCH ud3r4_A_N pid=31940 free=3.4GB running=12
2026-10-06 21:28:36 DONE ud0u3_D_W rc=0 750s
2026-10-06 21:28:36 LAUNCH ud0r4_A_S pid=37784 free=4.9GB running=12
2026-10-06 21:28:53 DONE ud1u3_D_W rc=0 750s
2026-10-06 21:28:53 LAUNCH ud1r4_A_S pid=44192 free=4.9GB running=12
2026-10-06 21:30:35 DONE ud2u3_D_W rc=0 750s
2026-10-06 21:30:35 LAUNCH ud2r4_A_S pid=56272 free=4.8GB running=12
2026-10-06 21:35:37 DONE ud0r4_A_E rc=0 698s
2026-10-06 21:35:37 LAUNCH ud3r4_A_S pid=38920 free=4.7GB running=12
2026-10-06 21:35:44 DONE ud1r4_A_E rc=0 703s
2026-10-06 21:35:44 LAUNCH ud0r4_A_W pid=53984 free=4.7GB running=12
2026-10-06 21:35:51 DONE ud2r4_A_E rc=0 698s
2026-10-06 21:35:51 LAUNCH ud1r4_A_W pid=25848 free=4.8GB running=12
2026-10-06 21:36:03 DONE ud3r4_A_E rc=0 703s
2026-10-06 21:36:03 LAUNCH ud2r4_A_W pid=50332 free=4.8GB running=12
2026-10-06 21:36:25 DONE ud3u3_D_W rc=0 754s
2026-10-06 21:36:25 LAUNCH ud3r4_A_W pid=12080 free=4.9GB running=12
2026-10-06 21:36:52 DONE ud0r4_A_N rc=0 720s
2026-10-06 21:36:53 LAUNCH ud0r4_B_E pid=48064 free=4.9GB running=12
2026-10-06 21:37:05 DONE ud1r4_A_N rc=0 725s
2026-10-06 21:37:05 LAUNCH ud1r4_B_E pid=30036 free=4.9GB running=12
2026-10-06 21:38:12 DONE ud2r4_A_N rc=0 720s
2026-10-06 21:38:12 LAUNCH ud2r4_B_E pid=49532 free=5.0GB running=12
2026-10-06 21:38:19 DONE ud3r4_A_N rc=0 720s
2026-10-06 21:38:19 LAUNCH ud3r4_B_E pid=47520 free=4.9GB running=12
2026-10-06 21:40:31 DONE ud0r4_A_S rc=0 715s
2026-10-06 21:40:31 LAUNCH ud0r4_B_N pid=27800 free=4.9GB running=12
2026-10-06 21:40:48 DONE ud1r4_A_S rc=0 715s
2026-10-06 21:40:48 LAUNCH ud1r4_B_N pid=56280 free=5.0GB running=12
2026-10-06 21:42:35 DONE ud2r4_A_S rc=0 720s
2026-10-06 21:42:35 LAUNCH ud2r4_B_N pid=23236 free=5.0GB running=12
2026-10-06 21:47:28 DONE ud3r4_A_S rc=0 710s
2026-10-06 21:47:28 LAUNCH ud3r4_B_N pid=40276 free=4.9GB running=12
2026-10-06 21:48:15 DONE ud0r4_A_W rc=0 750s
2026-10-06 21:48:15 LAUNCH ud0r4_B_S pid=22628 free=4.9GB running=12
2026-10-06 21:48:22 DONE ud1r4_A_W rc=0 750s
2026-10-06 21:48:22 LAUNCH ud1r4_B_S pid=16436 free=5.0GB running=12
2026-10-06 21:48:34 DONE ud2r4_A_W rc=0 750s
2026-10-06 21:48:34 LAUNCH ud2r4_B_S pid=43436 free=5.0GB running=12
2026-10-06 21:48:41 DONE ud3r4_A_W rc=0 735s
2026-10-06 21:48:41 LAUNCH ud3r4_B_S pid=44816 free=5.1GB running=12
2026-10-06 21:49:48 DONE ud0r4_B_E rc=0 775s
2026-10-06 21:49:48 LAUNCH ud0r4_B_W pid=35092 free=4.9GB running=12
2026-10-06 21:50:05 DONE ud1r4_B_E rc=0 780s
2026-10-06 21:50:05 LAUNCH ud1r4_B_W pid=55660 free=5.0GB running=12
2026-10-06 21:51:12 DONE ud2r4_B_E rc=0 781s
2026-10-06 21:51:12 DONE ud3r4_B_E rc=0 773s
2026-10-06 21:51:12 LAUNCH ud2r4_B_W pid=37448 free=5.9GB running=11
2026-10-06 21:51:14 LAUNCH ud3r4_B_W pid=6964 free=5.0GB running=12
2026-10-06 21:52:06 DONE ud0r4_B_N rc=0 695s
2026-10-06 21:52:06 LAUNCH ud0r4_C_E pid=48316 free=5.1GB running=12
2026-10-06 21:52:28 DONE ud1r4_B_N rc=0 700s
2026-10-06 21:52:28 LAUNCH ud1r4_C_E pid=45688 free=5.1GB running=12
2026-10-06 21:54:06 DONE ud2r4_B_N rc=0 690s
2026-10-06 21:54:06 LAUNCH ud2r4_C_E pid=41420 free=5.1GB running=12
2026-10-06 21:56:38 DONE ud0r4_B_S rc=0 503s
2026-10-06 21:56:38 LAUNCH ud3r4_C_E pid=49436 free=5.0GB running=12
2026-10-06 21:56:50 DONE ud1r4_B_S rc=0 508s
2026-10-06 21:56:50 LAUNCH ud0r4_C_N pid=9360 free=5.0GB running=12
2026-10-06 21:57:02 DONE ud2r4_B_S rc=0 508s
2026-10-06 21:57:02 LAUNCH ud1r4_C_N pid=33368 free=5.1GB running=12
2026-10-06 21:57:14 DONE ud3r4_B_S rc=0 513s
2026-10-06 21:57:14 LAUNCH ud2r4_C_N pid=17028 free=5.1GB running=12
2026-10-06 21:59:01 DONE ud3r4_B_N rc=0 694s
2026-10-06 21:59:01 LAUNCH ud3r4_C_N pid=44332 free=5.1GB running=12
2026-10-06 22:05:39 DONE ud0r4_C_N rc=0 529s
2026-10-06 22:05:39 LAUNCH ud0r4_C_S pid=40700 free=4.7GB running=12
2026-10-06 22:05:51 DONE ud0r4_B_W rc=0 963s
2026-10-06 22:05:51 LAUNCH ud1r4_C_S pid=44724 free=4.7GB running=12
2026-10-06 22:05:58 DONE ud1r4_C_N rc=0 536s
2026-10-06 22:05:58 LAUNCH ud2r4_C_S pid=33776 free=4.8GB running=12
2026-10-06 22:06:05 DONE ud2r4_C_N rc=0 531s
2026-10-06 22:06:05 LAUNCH ud3r4_C_S pid=40032 free=4.8GB running=12
2026-10-06 22:06:32 DONE ud1r4_B_W rc=0 987s
2026-10-06 22:06:32 LAUNCH ud0r4_C_W pid=35736 free=4.8GB running=12
2026-10-06 22:06:49 DONE ud2r4_B_W rc=0 937s
2026-10-06 22:06:49 DONE ud3r4_B_W rc=0 935s
2026-10-06 22:06:49 LAUNCH ud1r4_C_W pid=15828 free=5.7GB running=11
2026-10-06 22:06:51 LAUNCH ud2r4_C_W pid=41744 free=4.9GB running=12
2026-10-06 22:07:58 DONE ud3r4_C_N rc=0 537s
2026-10-06 22:07:58 LAUNCH ud3r4_C_W pid=32212 free=4.9GB running=12
2026-10-06 22:17:21 DONE ud0r4_C_E rc=0 1515s
2026-10-06 22:17:21 LAUNCH ud0r4_D_E pid=40896 free=4.8GB running=12
2026-10-06 22:17:38 DONE ud1r4_C_E rc=0 1510s
2026-10-06 22:17:38 LAUNCH ud1r4_D_E pid=50864 free=4.8GB running=12
2026-10-06 22:19:10 DONE ud2r4_C_E rc=0 1505s
2026-10-06 22:19:10 LAUNCH ud2r4_D_E pid=4680 free=4.8GB running=12
2026-10-06 22:20:07 DONE ud0r4_C_S rc=0 869s
2026-10-06 22:20:07 LAUNCH ud3r4_D_E pid=24612 free=4.8GB running=12
2026-10-06 22:20:19 DONE ud2r4_C_S rc=0 862s
2026-10-06 22:20:19 LAUNCH ud0r4_D_N pid=49824 free=4.7GB running=12
2026-10-06 22:20:32 DONE ud1r4_C_S rc=0 881s
2026-10-06 22:20:32 DONE ud3r4_C_S rc=0 867s
2026-10-06 22:20:32 DONE ud0r4_C_W rc=0 840s
2026-10-06 22:20:32 LAUNCH ud1r4_D_N pid=43380 free=6.5GB running=10
2026-10-06 22:20:34 LAUNCH ud2r4_D_N pid=30588 free=5.7GB running=11
2026-10-06 22:20:36 LAUNCH ud3r4_D_N pid=28648 free=5.8GB running=12
2026-10-06 22:20:43 DONE ud1r4_C_W rc=0 833s
2026-10-06 22:20:43 DONE ud2r4_C_W rc=0 832s
2026-10-06 22:20:43 LAUNCH ud0r4_D_S pid=46280 free=5.9GB running=11
2026-10-06 22:20:45 LAUNCH ud1r4_D_S pid=30836 free=5.0GB running=12
2026-10-06 22:21:42 DONE ud3r4_C_E rc=0 1504s
2026-10-06 22:21:42 LAUNCH ud2r4_D_S pid=41888 free=5.0GB running=12
2026-10-06 22:21:54 DONE ud3r4_C_W rc=0 836s
2026-10-06 22:21:54 LAUNCH ud3r4_D_S pid=54356 free=5.0GB running=12
2026-10-06 22:29:46 DONE ud0r4_D_S rc=0 544s
2026-10-06 22:29:46 LAUNCH ud0r4_D_W pid=27008 free=4.7GB running=12
2026-10-06 22:29:53 DONE ud1r4_D_S rc=0 549s
2026-10-06 22:29:53 LAUNCH ud1r4_D_W pid=17256 free=4.7GB running=12
2026-10-06 22:30:21 DONE ud2r4_D_S rc=0 519s
2026-10-06 22:30:21 LAUNCH ud2r4_D_W pid=41704 free=4.6GB running=12
2026-10-06 22:30:33 DONE ud3r4_D_S rc=0 519s
2026-10-06 22:30:33 LAUNCH ud3r4_D_W pid=26084 free=4.7GB running=12
2026-10-06 22:31:55 DONE ud0r4_D_N rc=0 695s
2026-10-06 22:31:55 DONE ud1r4_D_N rc=0 683s
2026-10-06 22:31:55 LAUNCH ud0u4_A_E pid=27260 free=5.6GB running=11
2026-10-06 22:31:57 LAUNCH ud1u4_A_E pid=51656 free=4.8GB running=12
2026-10-06 22:32:04 DONE ud2r4_D_N rc=0 690s
2026-10-06 22:32:04 LAUNCH ud2u4_A_E pid=5780 free=4.8GB running=12
2026-10-06 22:32:11 DONE ud3r4_D_N rc=0 695s
2026-10-06 22:32:11 LAUNCH ud3u4_A_E pid=51524 free=4.9GB running=12
2026-10-06 22:41:24 DONE ud0r4_D_E rc=0 1442s
2026-10-06 22:41:24 LAUNCH ud0u4_A_N pid=2356 free=4.8GB running=12
2026-10-06 22:41:36 DONE ud1r4_D_E rc=0 1437s
2026-10-06 22:41:36 LAUNCH ud1u4_A_N pid=24432 free=4.8GB running=12
2026-10-06 22:42:38 DONE ud0r4_D_W rc=0 771s
2026-10-06 22:42:38 LAUNCH ud2u4_A_N pid=25472 free=4.8GB running=12
2026-10-06 22:42:45 DONE ud1r4_D_W rc=0 771s
2026-10-06 22:42:45 LAUNCH ud3u4_A_N pid=43940 free=4.9GB running=12
2026-10-06 22:43:12 DONE ud0u4_A_E rc=0 677s
2026-10-06 22:43:12 LAUNCH ud0u4_A_S pid=27096 free=4.9GB running=12
2026-10-06 22:43:19 DONE ud2r4_D_W rc=0 778s
2026-10-06 22:43:19 DONE ud1u4_A_E rc=0 682s
2026-10-06 22:43:19 LAUNCH ud1u4_A_S pid=27656 free=5.7GB running=11
2026-10-06 22:43:21 LAUNCH ud2u4_A_S pid=16756 free=4.9GB running=12
2026-10-06 22:43:28 DONE ud3r4_D_W rc=0 775s
2026-10-06 22:43:28 DONE ud2u4_A_E rc=0 684s
2026-10-06 22:43:28 LAUNCH ud3u4_A_S pid=29932 free=5.8GB running=11
2026-10-06 22:43:30 LAUNCH ud0u4_A_W pid=25528 free=4.7GB running=12
2026-10-06 22:43:37 DONE ud3u4_A_E rc=0 686s
2026-10-06 22:43:37 LAUNCH ud1u4_A_W pid=33868 free=5.0GB running=12
2026-10-06 22:43:59 DONE ud3r4_D_E rc=0 1432s
2026-10-06 22:43:59 LAUNCH ud2u4_A_W pid=46852 free=5.0GB running=12
2026-10-06 22:50:22 DONE ud2r4_D_E rc=0 1871s
2026-10-06 22:50:22 LAUNCH ud3u4_A_W pid=2252 free=4.8GB running=12
2026-10-06 22:53:34 DONE ud0u4_A_S rc=0 622s
2026-10-06 22:53:34 LAUNCH ud0u4_B_E pid=41996 free=4.8GB running=12
2026-10-06 22:53:41 DONE ud1u4_A_S rc=0 622s
2026-10-06 22:53:41 DONE ud2u4_A_S rc=0 620s
2026-10-06 22:53:41 LAUNCH ud1u4_B_E pid=4820 free=5.7GB running=11
2026-10-06 22:53:43 LAUNCH ud2u4_B_E pid=53136 free=5.7GB running=12
2026-10-06 22:53:50 DONE ud0u4_A_N rc=0 746s
2026-10-06 22:53:50 DONE ud1u4_A_N rc=0 734s
2026-10-06 22:53:50 DONE ud3u4_A_S rc=0 622s
2026-10-06 22:53:50 LAUNCH ud3u4_B_E pid=27076 free=6.6GB running=10
2026-10-06 22:53:52 LAUNCH ud0u4_B_N pid=55644 free=5.8GB running=11
2026-10-06 22:53:54 LAUNCH ud1u4_B_N pid=33420 free=5.0GB running=12
2026-10-06 22:54:51 DONE ud2u4_A_N rc=0 733s
2026-10-06 22:54:51 LAUNCH ud2u4_B_N pid=38808 free=4.8GB running=12
2026-10-06 22:55:03 DONE ud3u4_A_N rc=0 738s
2026-10-06 22:55:03 LAUNCH ud3u4_B_N pid=41016 free=4.9GB running=12
2026-10-06 22:56:30 DONE ud0u4_A_W rc=0 780s
2026-10-06 22:56:30 LAUNCH ud0u4_B_S pid=46768 free=4.9GB running=12
2026-10-06 22:56:37 DONE ud1u4_A_W rc=0 780s
2026-10-06 22:56:37 LAUNCH ud1u4_B_S pid=25176 free=4.9GB running=12
2026-10-06 22:56:59 DONE ud2u4_A_W rc=0 780s
2026-10-06 22:56:59 LAUNCH ud2u4_B_S pid=47284 free=5.0GB running=12
2026-10-06 23:03:37 DONE ud3u4_A_W rc=0 795s
2026-10-06 23:03:37 LAUNCH ud3u4_B_S pid=43476 free=4.7GB running=12
2026-10-06 23:06:09 DONE ud0u4_B_N rc=0 737s
2026-10-06 23:06:09 DONE ud1u4_B_N rc=0 735s
2026-10-06 23:06:09 LAUNCH ud0u4_B_W pid=32196 free=5.5GB running=11
2026-10-06 23:06:11 LAUNCH ud1u4_B_W pid=24628 free=4.7GB running=12
2026-10-06 23:06:18 DONE ud0u4_B_E rc=0 764s
2026-10-06 23:06:18 LAUNCH ud2u4_B_W pid=43180 free=4.7GB running=12
2026-10-06 23:06:35 DONE ud2u4_B_E rc=0 772s
2026-10-06 23:06:35 LAUNCH ud3u4_B_W pid=48548 free=4.7GB running=12
2026-10-06 23:06:42 DONE ud3u4_B_E rc=0 772s
2026-10-06 23:06:42 LAUNCH ud0u4_C_E pid=13940 free=4.8GB running=12
2026-10-06 23:06:54 DONE ud1u4_B_E rc=0 793s
2026-10-06 23:06:54 LAUNCH ud1u4_C_E pid=38304 free=4.8GB running=12
2026-10-06 23:07:06 DONE ud2u4_B_N rc=0 735s
2026-10-06 23:07:06 DONE ud0u4_B_S rc=0 636s
2026-10-06 23:07:06 LAUNCH ud2u4_C_E pid=41324 free=5.7GB running=11
2026-10-06 23:07:08 LAUNCH ud3u4_C_E pid=26492 free=4.9GB running=12
2026-10-06 23:07:20 DONE ud3u4_B_N rc=0 737s
2026-10-06 23:07:20 DONE ud1u4_B_S rc=0 643s
2026-10-06 23:07:20 LAUNCH ud0u4_C_N pid=30976 free=5.8GB running=11
2026-10-06 23:07:22 LAUNCH ud1u4_C_N pid=22508 free=4.9GB running=12
2026-10-06 23:07:34 DONE ud2u4_B_S rc=0 635s
2026-10-06 23:07:34 LAUNCH ud2u4_C_N pid=40248 free=5.0GB running=12
2026-10-06 23:14:12 DONE ud3u4_B_S rc=0 635s
2026-10-06 23:14:12 LAUNCH ud3u4_C_N pid=29948 free=5.0GB running=12
2026-10-06 23:16:04 DONE ud2u4_C_N rc=0 509s
2026-10-06 23:16:04 LAUNCH ud0u4_C_S pid=44268 free=5.0GB running=12
2026-10-06 23:16:11 DONE ud0u4_C_N rc=0 531s
2026-10-06 23:16:11 LAUNCH ud1u4_C_S pid=30716 free=5.1GB running=12
2026-10-06 23:16:18 DONE ud1u4_C_N rc=0 536s
2026-10-06 23:16:18 LAUNCH ud2u4_C_S pid=51656 free=5.0GB running=12
2026-10-06 23:16:50 DONE ud2u4_B_W rc=0 632s
2026-10-06 23:16:50 LAUNCH ud3u4_C_S pid=31204 free=4.9GB running=12
2026-10-06 23:17:02 DONE ud3u4_B_W rc=0 627s
2026-10-06 23:17:02 LAUNCH ud0u4_C_W pid=51940 free=5.0GB running=12
2026-10-06 23:17:14 DONE ud0u4_B_W rc=0 665s
2026-10-06 23:17:14 LAUNCH ud1u4_C_W pid=29608 free=5.0GB running=12
2026-10-06 23:17:21 DONE ud1u4_B_W rc=0 670s
2026-10-06 23:17:21 LAUNCH ud2u4_C_W pid=28872 free=5.1GB running=12
2026-10-06 23:22:38 DONE ud3u4_C_N rc=0 507s
2026-10-06 23:22:38 LAUNCH ud3u4_C_W pid=45236 free=5.0GB running=12
2026-10-06 23:25:35 DONE ud2u4_C_S rc=0 558s
2026-10-06 23:25:35 LAUNCH ud0u4_D_E pid=33876 free=4.9GB running=12
2026-10-06 23:25:48 DONE ud1u4_C_S rc=0 577s
2026-10-06 23:25:48 LAUNCH ud1u4_D_E pid=23436 free=5.0GB running=12
2026-10-06 23:25:55 DONE ud0u4_C_S rc=0 591s
2026-10-06 23:25:55 LAUNCH ud2u4_D_E pid=48788 free=5.0GB running=12
2026-10-06 23:26:07 DONE ud3u4_C_S rc=0 557s
2026-10-06 23:26:07 LAUNCH ud3u4_D_E pid=46440 free=5.0GB running=12
2026-10-06 23:32:04 DONE ud2u4_C_W rc=0 883s
2026-10-06 23:32:04 LAUNCH ud0u4_D_N pid=53152 free=4.9GB running=12
2026-10-06 23:32:16 DONE ud0u4_C_W rc=0 914s
2026-10-06 23:32:16 LAUNCH ud1u4_D_N pid=5476 free=4.9GB running=12
2026-10-06 23:32:28 DONE ud1u4_C_W rc=0 914s
2026-10-06 23:32:28 LAUNCH ud2u4_D_N pid=21680 free=5.0GB running=12
2026-10-06 23:33:05 DONE ud0u4_C_E rc=0 1583s
2026-10-06 23:33:05 LAUNCH ud3u4_D_N pid=55016 free=5.0GB running=12
2026-10-06 23:33:22 DONE ud1u4_C_E rc=0 1588s
2026-10-06 23:33:22 LAUNCH ud0u4_D_S pid=39348 free=5.0GB running=12
2026-10-06 23:33:29 DONE ud2u4_C_E rc=0 1583s
2026-10-06 23:33:29 LAUNCH ud1u4_D_S pid=20036 free=5.1GB running=12
2026-10-06 23:33:36 DONE ud3u4_C_E rc=0 1588s
2026-10-06 23:33:36 LAUNCH ud2u4_D_S pid=14956 free=5.1GB running=12
2026-10-06 23:37:24 DONE ud3u4_C_W rc=0 885s
2026-10-06 23:37:24 LAUNCH ud3u4_D_S pid=41168 free=5.0GB running=12
2026-10-06 23:38:56 DONE ud1u4_D_E rc=0 788s
2026-10-06 23:38:56 LAUNCH ud0u4_D_W pid=10596 free=5.1GB running=12
2026-10-06 23:39:13 DONE ud3u4_D_E rc=0 786s
2026-10-06 23:39:13 LAUNCH ud1u4_D_W pid=29020 free=5.1GB running=12
2026-10-06 23:39:50 DONE ud0u4_D_E rc=0 854s
2026-10-06 23:39:50 LAUNCH ud2u4_D_W pid=39344 free=5.0GB running=12
2026-10-06 23:40:02 DONE ud2u4_D_E rc=0 847s
2026-10-06 23:40:02 LAUNCH ud3u4_D_W pid=49260 free=5.0GB running=12
2026-10-06 23:42:44 DONE ud0u4_D_S rc=0 562s
2026-10-06 23:42:49 DONE ud1u4_D_S rc=0 560s
2026-10-06 23:42:54 DONE ud0u4_D_N rc=0 650s
2026-10-06 23:42:59 DONE ud1u4_D_N rc=0 643s
2026-10-06 23:43:10 DONE ud2u4_D_S rc=0 573s
2026-10-06 23:43:20 DONE ud2u4_D_N rc=0 651s
2026-10-06 23:43:55 DONE ud3u4_D_N rc=0 649s
2026-10-06 23:46:25 DONE ud3u4_D_S rc=0 541s
2026-10-06 23:49:25 DONE ud0u4_D_W rc=0 629s
2026-10-06 23:49:40 DONE ud1u4_D_W rc=0 627s
2026-10-06 23:50:00 DONE ud2u4_D_W rc=0 610s
2026-10-06 23:50:15 DONE ud3u4_D_W rc=0 613s
2026-10-06 23:50:20 ALL_MF2_COMPLETE outputs/_ud_q_w2.jsonl 256/256 0 FAIL
