2026-10-06 17:38:58 START outputs/_ud_q_w1.jsonl 75 runs maxpar=12 min_free=3.0
2026-10-06 17:38:58 LAUNCH ud0r1_A_E pid=16784 free=11.6GB running=1
2026-10-06 17:39:00 LAUNCH ud0r1_A_N pid=41280 free=10.9GB running=2
2026-10-06 17:39:02 LAUNCH ud0r1_A_S pid=30336 free=10.1GB running=3
2026-10-06 17:39:04 LAUNCH ud0r1_A_W pid=47436 free=9.3GB running=4
2026-10-06 17:39:06 LAUNCH ud0r1_B_E pid=44268 free=8.5GB running=5
2026-10-06 17:39:08 LAUNCH ud0r1_B_N pid=49276 free=7.6GB running=6
2026-10-06 17:39:10 LAUNCH ud0r1_B_S pid=44440 free=6.8GB running=7
2026-10-06 17:39:12 LAUNCH ud0r1_B_W pid=29120 free=5.9GB running=8
2026-10-06 17:39:14 LAUNCH ud0r1_C_E pid=7616 free=5.0GB running=9
2026-10-06 17:39:16 LAUNCH ud0r1_C_N pid=11056 free=4.2GB running=10
2026-10-06 17:39:18 LAUNCH ud0r1_C_S pid=42304 free=3.4GB running=11
2026-10-06 17:44:50 DONE ud0r1_C_N rc=0 334s
2026-10-06 17:44:50 LAUNCH ud0r1_C_W pid=50076 free=3.1GB running=11
2026-10-06 17:45:07 DONE ud0r1_A_E rc=0 369s
2026-10-06 17:45:07 LAUNCH ud0r1_D_E pid=44476 free=3.2GB running=11
2026-10-06 17:45:14 DONE ud0r1_A_S rc=0 372s
2026-10-06 17:45:14 LAUNCH ud0r1_D_N pid=29472 free=3.2GB running=11
2026-10-06 17:46:36 DONE ud0r1_B_S rc=0 447s
2026-10-06 17:46:36 LAUNCH ud0r1_D_S pid=43268 free=3.2GB running=11
2026-10-06 17:46:53 DONE ud0r1_A_W rc=0 470s
2026-10-06 17:46:53 LAUNCH ud0r1_D_W pid=46524 free=3.3GB running=11
2026-10-06 17:47:00 DONE ud0r1_A_N rc=0 481s
2026-10-06 17:47:00 LAUNCH ud0u1_A_E pid=28056 free=3.4GB running=11
2026-10-06 17:47:13 DONE ud0r1_B_N rc=0 485s
2026-10-06 17:47:13 DONE ud0r1_C_S rc=0 475s
2026-10-06 17:47:13 LAUNCH ud0u1_A_N pid=38700 free=4.2GB running=10
2026-10-06 17:47:15 LAUNCH ud0u1_A_S pid=624 free=3.3GB running=11
2026-10-06 17:47:27 DONE ud0r1_B_W rc=0 495s
2026-10-06 17:47:27 LAUNCH ud0u1_A_W pid=38752 free=3.4GB running=11
2026-10-06 17:52:19 DONE ud0r1_D_N rc=0 425s
2026-10-06 17:52:19 LAUNCH ud0u1_B_E pid=13352 free=3.3GB running=11
2026-10-06 17:52:41 DONE ud0u1_A_E rc=0 340s
2026-10-06 17:52:41 LAUNCH ud0u1_B_N pid=28380 free=3.4GB running=11
2026-10-06 17:53:48 DONE ud0u1_A_S rc=0 393s
2026-10-06 17:53:48 LAUNCH ud0u1_B_S pid=53988 free=3.3GB running=11
2026-10-06 17:54:00 DONE ud0r1_D_W rc=0 427s
2026-10-06 17:54:00 LAUNCH ud0u1_B_W pid=26324 free=3.4GB running=11
2026-10-06 17:54:12 DONE ud0r1_C_E rc=0 898s
2026-10-06 17:54:12 LAUNCH ud0u1_C_E pid=29020 free=3.4GB running=11
2026-10-06 17:54:24 DONE ud0u1_A_W rc=0 418s
2026-10-06 17:54:24 LAUNCH ud0u1_C_N pid=42648 free=3.3GB running=11
2026-10-06 17:54:26 LAUNCH ud0u1_C_S pid=47444 free=3.3GB running=12
2026-10-06 17:54:33 DONE ud0r1_D_S rc=0 477s
2026-10-06 17:54:33 DONE ud0u1_A_N rc=0 441s
2026-10-06 17:54:33 LAUNCH ud0u1_C_W pid=28196 free=3.3GB running=11
2026-10-06 17:56:15 DONE ud0r1_B_E rc=0 1030s
2026-10-06 17:56:15 LAUNCH ud0u1_D_E pid=42972 free=3.3GB running=11
2026-10-06 17:58:48 DONE ud0r1_D_E rc=0 820s
2026-10-06 17:58:48 LAUNCH ud0u1_D_N pid=43268 free=3.4GB running=11
2026-10-06 17:59:10 DONE ud0u1_B_N rc=0 389s
2026-10-06 17:59:10 LAUNCH ud0u1_D_S pid=18092 free=3.4GB running=11
2026-10-06 18:00:27 DONE ud0u1_C_N rc=0 363s
2026-10-06 18:00:27 LAUNCH ud0u1_D_W pid=39600 free=3.2GB running=11
2026-10-06 18:00:34 DONE ud0r1_C_W rc=0 944s
2026-10-06 18:00:34 LAUNCH ud0r2_A_E pid=51316 free=3.2GB running=11
2026-10-06 18:01:21 DONE ud0u1_C_S rc=0 415s
2026-10-06 18:01:21 LAUNCH ud0r2_A_N pid=48044 free=3.2GB running=11
2026-10-06 18:01:43 DONE ud0u1_B_S rc=0 475s
2026-10-06 18:01:43 LAUNCH ud0r2_A_S pid=48116 free=3.3GB running=11
2026-10-06 18:01:45 LAUNCH ud0r2_A_W pid=42524 free=3.3GB running=12
2026-10-06 18:01:52 DONE ud0u1_B_W rc=0 472s
2026-10-06 18:05:07 DONE ud0u1_D_S rc=0 358s
2026-10-06 18:05:07 LAUNCH ud0r2_B_E pid=51332 free=3.2GB running=11
2026-10-06 18:06:04 DONE ud0u1_D_N rc=0 437s
2026-10-06 18:06:04 LAUNCH ud0r2_B_N pid=21020 free=3.2GB running=11
2026-10-06 18:06:26 DONE ud0r2_A_E rc=0 353s
2026-10-06 18:06:26 LAUNCH ud0r2_B_S pid=50416 free=3.2GB running=11
2026-10-06 18:07:38 DONE ud0r2_A_S rc=0 355s
2026-10-06 18:07:38 LAUNCH ud0r2_B_W pid=5412 free=3.2GB running=11
2026-10-06 18:07:45 DONE ud0u1_D_W rc=0 439s
2026-10-06 18:07:45 DONE ud0r2_A_N rc=0 385s
2026-10-06 18:07:45 LAUNCH ud0r2_C_E pid=44488 free=4.1GB running=10
2026-10-06 18:07:48 LAUNCH ud0r2_C_N pid=33904 free=3.3GB running=11
2026-10-06 18:08:35 DONE ud0u1_B_E rc=0 976s
2026-10-06 18:08:35 LAUNCH ud0r2_C_S pid=48824 free=3.2GB running=11
2026-10-06 18:08:52 DONE ud0r2_A_W rc=0 427s
2026-10-06 18:08:52 LAUNCH ud0r2_C_W pid=48136 free=3.3GB running=11
2026-10-06 18:08:54 LAUNCH ud0r2_D_E pid=12120 free=3.3GB running=12
2026-10-06 18:09:01 DONE ud0u1_C_E rc=0 889s
2026-10-06 18:11:06 DONE ud0u1_D_E rc=0 890s
2026-10-06 18:11:06 LAUNCH ud0r2_D_N pid=52196 free=3.5GB running=11
2026-10-06 18:11:43 DONE ud0r2_B_N rc=0 339s
2026-10-06 18:11:43 LAUNCH ud0r2_D_S pid=18124 free=3.5GB running=11
2026-10-06 18:13:10 DONE ud0u1_C_W rc=0 1117s
2026-10-06 18:13:10 LAUNCH ud0r2_D_W pid=38428 free=3.5GB running=11
2026-10-06 18:13:22 DONE ud0r2_B_S rc=0 416s
2026-10-06 18:13:22 LAUNCH ud0u2_A_E pid=48648 free=3.5GB running=11
2026-10-06 18:13:44 DONE ud0r2_C_S rc=0 310s
2026-10-06 18:13:44 LAUNCH ud0u2_A_N pid=19192 free=3.5GB running=11
2026-10-06 18:14:31 DONE ud0r2_C_N rc=0 404s
2026-10-06 18:14:31 LAUNCH ud0u2_A_S pid=15544 free=3.3GB running=11
2026-10-06 18:15:03 DONE ud0r2_B_W rc=0 445s
2026-10-06 18:15:03 LAUNCH ud0u2_A_W pid=47828 free=3.4GB running=11
2026-10-06 18:16:45 DONE ud0r2_C_W rc=0 474s
2026-10-06 18:16:45 LAUNCH ud0u2_B_E pid=43048 free=3.5GB running=11
2026-10-06 18:16:47 LAUNCH ud0u2_B_N pid=432 free=3.5GB running=12
2026-10-06 18:16:54 DONE ud0r2_D_S rc=0 312s
2026-10-06 18:18:00 DONE ud0r2_B_E rc=0 772s
2026-10-06 18:18:00 LAUNCH ud0u2_B_S pid=42076 free=3.5GB running=11
2026-10-06 18:18:17 DONE ud0r2_D_N rc=0 431s
2026-10-06 18:18:17 LAUNCH ud0u2_B_W pid=25268 free=3.5GB running=11
2026-10-06 18:19:29 DONE ud0u2_A_E rc=0 367s
2026-10-06 18:19:29 LAUNCH ud0u2_C_E pid=5900 free=3.4GB running=11
2026-10-06 18:20:31 DONE ud0u2_A_N rc=0 407s
2026-10-06 18:20:31 LAUNCH ud0u2_C_N pid=41168 free=3.4GB running=11
2026-10-06 18:21:33 DONE ud0u2_A_S rc=0 422s
2026-10-06 18:21:33 LAUNCH ud0u2_C_S pid=17256 free=3.4GB running=11
2026-10-06 18:21:55 DONE ud0r2_D_W rc=0 525s
2026-10-06 18:21:55 LAUNCH ud0u2_C_W pid=41804 free=3.5GB running=11
2026-10-06 18:22:12 DONE ud0r2_D_E rc=0 798s
2026-10-06 18:22:12 LAUNCH ud0u2_D_E pid=56016 free=3.5GB running=11
2026-10-06 18:22:24 DONE ud0r2_C_E rc=0 879s
2026-10-06 18:22:24 LAUNCH ud0u2_D_N pid=54224 free=3.5GB running=11
2026-10-06 18:22:41 DONE ud0u2_A_W rc=0 458s
2026-10-06 18:22:41 LAUNCH ud0u2_D_S pid=42996 free=3.5GB running=11
2026-10-06 18:23:18 DONE ud0u2_B_N rc=0 391s
2026-10-06 18:23:18 LAUNCH ud0u2_D_W pid=40548 free=3.5GB running=11
2026-10-06 18:24:05 DONE ud0u2_B_E rc=0 440s
2026-10-06 18:24:05 LAUNCH udE10n pid=1620 free=3.6GB running=11
2026-10-06 18:24:37 DONE ud0u2_B_S rc=0 398s
2026-10-06 18:24:37 LAUNCH udE10c pid=24688 free=3.5GB running=11
2026-10-06 18:25:34 DONE ud0u2_B_W rc=0 438s
2026-10-06 18:25:34 LAUNCH udE20n_D_W pid=46636 free=3.5GB running=11
2026-10-06 18:27:07 DONE ud0u2_C_S rc=0 334s
2026-10-06 18:27:07 LAUNCH udE20c_D_W pid=8356 free=3.5GB running=11
2026-10-06 18:27:39 DONE ud0u2_C_N rc=0 428s
2026-10-06 18:27:39 LAUNCH udE2f0n_D_W pid=49244 free=3.5GB running=11
2026-10-06 18:27:46 DONE ud0u2_D_S rc=0 305s
2026-10-06 18:27:46 LAUNCH udE2f0c_D_W pid=12708 free=3.5GB running=11
2026-10-06 18:29:43 DONE ud0u2_D_N rc=0 439s
2026-10-06 18:29:43 LAUNCH udEx0n_D_N pid=42648 free=3.2GB running=11
2026-10-06 18:29:55 DONE ud0u2_C_W rc=0 480s
2026-10-06 18:29:55 LAUNCH udEx0c_D_N pid=49932 free=3.5GB running=11
2026-10-06 18:30:57 DONE udE10c rc=0 380s
2026-10-06 18:30:57 LAUNCH udE30c_D_N pid=26340 free=3.5GB running=11
2026-10-06 18:31:19 DONE udE10n rc=0 434s
2026-10-06 18:31:19 LAUNCH udE4d0c_D_N pid=52832 free=3.4GB running=11
2026-10-06 18:33:56 DONE ud0u2_C_E rc=0 867s
2026-10-06 18:33:56 LAUNCH udE4g0c_D_N pid=47784 free=3.5GB running=11
2026-10-06 18:36:28 DONE ud0u2_D_E rc=0 856s
2026-10-06 18:37:38 DONE udE20n_D_W rc=0 724s
2026-10-06 18:37:38 DONE udEx0c_D_N rc=0 464s
2026-10-06 18:37:43 DONE udE4d0c_D_N rc=0 384s
2026-10-06 18:37:48 DONE udEx0n_D_N rc=0 486s
2026-10-06 18:39:48 DONE udE30c_D_N rc=0 532s
2026-10-06 18:40:03 DONE udE4g0c_D_N rc=0 367s
2026-10-06 18:40:24 DONE udE2f0n_D_W rc=0 765s
2026-10-06 18:41:04 DONE ud0u2_D_W rc=0 1065s
2026-10-06 18:45:39 DONE udE2f0c_D_W rc=0 1073s
2026-10-06 18:46:24 DONE udE20c_D_W rc=0 1157s
2026-10-06 18:46:29 ALL_MF2_COMPLETE outputs/_ud_q_w1.jsonl 75/75 0 FAIL
