[13:51:28] POOL START wave=rbD runid=20260921-135127-8254 restart=0 pid=8254 winpid=44612 head=ba58491 dirty_tracked=0 queue=outputs/_ug_rbD_queue.txt maxpar=4 minfree_kb=3500000
[13:51:29] ENV 3.10.11 mesa 1.2.1  prereg_sha256=8d17132f4fc0b776 queue_sha256=691c29d8f041027c
[13:51:29] SHIPPED BASE_STATION_MODE=3 BASE_STATION_RETURN_MECHANISM=2 BASE_STATION_DEPOTS=9 BASE_STATION_SPAWN_SPLIT=2 UAV_RETURN_TO_BASE_RESERVE=0.0 BASE_STATION_RETURN_MARGIN=39.23 BASE_STATION_DOCK_FIX=2 BASE_STATION_RETURN_STALL_LIMIT=3 BASE_STATION_WAYPOINT_FIX=1 ROUTE_BLOCK_STALE_CLEAR=1 VICTIM_SEARCHER_HAZARD_RETREAT_RANGE=99 BASE_STATION_FIREPROOF=1 BASE_STATION_FIREPROOF_DRY_RUN=0 VICTIM_SEARCHER_HAZARD_GATE_BOUNDS_FIX=1 FF_FIREFIGHT_EXTINGUISH=1 FF_FIREFIGHT_FIREBREAK=1 FF_FIREFIGHT_ENGAGED_RETREAT_RANGE=1 FF_FIREFIGHT_MISSION_GATE=0 FF_FIREFIGHT_DRY_RUN=0
[13:51:29] SHIPPED-CONTROL head=11c3661
BASE_STATION_MODE=3 BASE_STATION_FIREPROOF=1 VICTIM_SEARCHER_HAZARD_GATE_BOUNDS_FIX=1 FF_FIREFIGHT_EXTINGUISH=0 FF_FIREFIGHT_FIREBREAK=0 FF_FIREFIGHT_ENGAGED_RETREAT_RANGE=3 FF_FIREFIGHT_MISSION_GATE=1 FF_FIREFIGHT_DRY_RUN=0
[13:51:30] VALIDATE total=4 valid=0 invalid=0 missing=4
[13:51:30] START STATE wave=rbD total=4 valid=0 pending=4 live_orphans_this_wave=8 sims_boxwide=8 free_kb=4460792
[13:51:30] HEARTBEAT pid=8296 every 60s -> outputs/_ug_rbD_wave.log ; state file outputs/_ugrbd_state.txt ; sentinel outputs/_ugrbd_hb_20260921-135127-8254.stop
[13:51:31] LAUNCH ugGDa_D_east running=1 free_kb=4447368 sims_boxwide=8 attempt=1
[13:51:44] LAUNCH ugGDb_D_east running=2 free_kb=3567516 sims_boxwide=9 attempt=1
[13:51:57] THROTTLE free_kb=2701588 <= 3500000 running=2
[13:52:30] .. alive runid=20260921-135127-8254 event_age=46s | wave=rbD total=4 valid=0 running=2 pending=2 launched=2 failed=0 gaveup=0 forkfail=0 free_kb=2701588 sims_boxwide=10 last_event_age=13s last_event_epoch=1789991504
[13:53:30] .. alive runid=20260921-135127-8254 event_age=106s | wave=rbD total=4 valid=0 running=2 pending=2 launched=2 failed=0 gaveup=0 forkfail=0 free_kb=2701588 sims_boxwide=10 last_event_age=13s last_event_epoch=1789991504
[13:54:30] .. alive runid=20260921-135127-8254 event_age=166s | wave=rbD total=4 valid=0 running=2 pending=2 launched=2 failed=0 gaveup=0 forkfail=0 free_kb=2701588 sims_boxwide=10 last_event_age=13s last_event_epoch=1789991504
[13:55:30] .. alive runid=20260921-135127-8254 event_age=226s | wave=rbD total=4 valid=0 running=2 pending=2 launched=2 failed=0 gaveup=0 forkfail=0 free_kb=2701588 sims_boxwide=10 last_event_age=13s last_event_epoch=1789991504
[13:56:30] .. alive runid=20260921-135127-8254 event_age=286s | wave=rbD total=4 valid=0 running=2 pending=2 launched=2 failed=0 gaveup=0 forkfail=0 free_kb=2701588 sims_boxwide=10 last_event_age=13s last_event_epoch=1789991504
[13:57:30] .. alive runid=20260921-135127-8254 event_age=346s | wave=rbD total=4 valid=0 running=2 pending=2 launched=2 failed=0 gaveup=0 forkfail=0 free_kb=2701588 sims_boxwide=10 last_event_age=13s last_event_epoch=1789991504
[13:58:31] .. alive runid=20260921-135127-8254 event_age=407s | wave=rbD total=4 valid=0 running=2 pending=2 launched=2 failed=0 gaveup=0 forkfail=0 free_kb=2701588 sims_boxwide=10 last_event_age=13s last_event_epoch=1789991504
[13:59:31] .. alive runid=20260921-135127-8254 event_age=467s | wave=rbD total=4 valid=0 running=2 pending=2 launched=2 failed=0 gaveup=0 forkfail=0 free_kb=2701588 sims_boxwide=10 last_event_age=13s last_event_epoch=1789991504
[14:00:31] .. alive runid=20260921-135127-8254 event_age=527s | wave=rbD total=4 valid=0 running=2 pending=2 launched=2 failed=0 gaveup=0 forkfail=0 free_kb=2701588 sims_boxwide=10 last_event_age=13s last_event_epoch=1789991504
[14:01:31] .. alive runid=20260921-135127-8254 event_age=587s | wave=rbD total=4 valid=0 running=2 pending=2 launched=2 failed=0 gaveup=0 forkfail=0 free_kb=2701588 sims_boxwide=10 last_event_age=13s last_event_epoch=1789991504
[14:02:31] .. alive runid=20260921-135127-8254 event_age=647s | wave=rbD total=4 valid=0 running=2 pending=2 launched=2 failed=0 gaveup=0 forkfail=0 free_kb=2701588 sims_boxwide=10 last_event_age=13s last_event_epoch=1789991504
[14:03:31] .. alive runid=20260921-135127-8254 event_age=707s | wave=rbD total=4 valid=0 running=2 pending=2 launched=2 failed=0 gaveup=0 forkfail=0 free_kb=2701588 sims_boxwide=10 last_event_age=13s last_event_epoch=1789991504
[14:04:31] .. alive runid=20260921-135127-8254 event_age=767s | wave=rbD total=4 valid=0 running=2 pending=2 launched=2 failed=0 gaveup=0 forkfail=0 free_kb=2701588 sims_boxwide=10 last_event_age=13s last_event_epoch=1789991504
[14:05:31] .. alive runid=20260921-135127-8254 event_age=827s | wave=rbD total=4 valid=0 running=2 pending=2 launched=2 failed=0 gaveup=0 forkfail=0 free_kb=2701588 sims_boxwide=10 last_event_age=13s last_event_epoch=1789991504
[14:06:31] .. alive runid=20260921-135127-8254 event_age=887s | wave=rbD total=4 valid=0 running=2 pending=2 launched=2 failed=0 gaveup=0 forkfail=0 free_kb=2701588 sims_boxwide=10 last_event_age=13s last_event_epoch=1789991504
[14:07:31] .. alive runid=20260921-135127-8254 event_age=947s | wave=rbD total=4 valid=0 running=2 pending=2 launched=2 failed=0 gaveup=0 forkfail=0 free_kb=2701588 sims_boxwide=10 last_event_age=13s last_event_epoch=1789991504
[14:08:31] .. alive runid=20260921-135127-8254 event_age=1007s | wave=rbD total=4 valid=0 running=2 pending=2 launched=2 failed=0 gaveup=0 forkfail=0 free_kb=2701588 sims_boxwide=10 last_event_age=13s last_event_epoch=1789991504
[14:09:31] .. alive runid=20260921-135127-8254 event_age=1067s | wave=rbD total=4 valid=0 running=2 pending=2 launched=2 failed=0 gaveup=0 forkfail=0 free_kb=2701588 sims_boxwide=10 last_event_age=13s last_event_epoch=1789991504
[14:10:32] .. alive runid=20260921-135127-8254 event_age=1128s | wave=rbD total=4 valid=0 running=2 pending=2 launched=2 failed=0 gaveup=0 forkfail=0 free_kb=2701588 sims_boxwide=10 last_event_age=13s last_event_epoch=1789991504
[14:11:32] .. alive runid=20260921-135127-8254 event_age=1188s | wave=rbD total=4 valid=0 running=2 pending=2 launched=2 failed=0 gaveup=0 forkfail=0 free_kb=2701588 sims_boxwide=10 last_event_age=13s last_event_epoch=1789991504
[14:12:32] .. alive runid=20260921-135127-8254 event_age=1248s | wave=rbD total=4 valid=0 running=2 pending=2 launched=2 failed=0 gaveup=0 forkfail=0 free_kb=2701588 sims_boxwide=10 last_event_age=13s last_event_epoch=1789991504
[14:13:32] .. alive runid=20260921-135127-8254 event_age=1308s | wave=rbD total=4 valid=0 running=2 pending=2 launched=2 failed=0 gaveup=0 forkfail=0 free_kb=2701588 sims_boxwide=10 last_event_age=13s last_event_epoch=1789991504
[14:14:32] .. alive runid=20260921-135127-8254 event_age=1368s | wave=rbD total=4 valid=0 running=2 pending=2 launched=2 failed=0 gaveup=0 forkfail=0 free_kb=2701588 sims_boxwide=10 last_event_age=13s last_event_epoch=1789991504
[14:15:32] .. alive runid=20260921-135127-8254 event_age=1428s | wave=rbD total=4 valid=0 running=2 pending=2 launched=2 failed=0 gaveup=0 forkfail=0 free_kb=2701588 sims_boxwide=10 last_event_age=13s last_event_epoch=1789991504
[14:16:32] .. alive runid=20260921-135127-8254 event_age=1488s | wave=rbD total=4 valid=0 running=2 pending=2 launched=2 failed=0 gaveup=0 forkfail=0 free_kb=2701588 sims_boxwide=10 last_event_age=13s last_event_epoch=1789991504
[14:17:32] .. alive runid=20260921-135127-8254 event_age=1548s | wave=rbD total=4 valid=0 running=2 pending=2 launched=2 failed=0 gaveup=0 forkfail=0 free_kb=2701588 sims_boxwide=10 last_event_age=13s last_event_epoch=1789991504
[14:18:32] .. alive runid=20260921-135127-8254 event_age=1608s | wave=rbD total=4 valid=0 running=2 pending=2 launched=2 failed=0 gaveup=0 forkfail=0 free_kb=2701588 sims_boxwide=10 last_event_age=13s last_event_epoch=1789991504
[14:19:32] .. alive runid=20260921-135127-8254 event_age=1668s | wave=rbD total=4 valid=0 running=2 pending=2 launched=2 failed=0 gaveup=0 forkfail=0 free_kb=2701588 sims_boxwide=10 last_event_age=13s last_event_epoch=1789991504
[14:20:32] .. alive runid=20260921-135127-8254 event_age=1728s | wave=rbD total=4 valid=0 running=2 pending=2 launched=2 failed=0 gaveup=0 forkfail=0 free_kb=2701588 sims_boxwide=10 last_event_age=13s last_event_epoch=1789991504
[14:21:32] .. alive runid=20260921-135127-8254 event_age=1788s | wave=rbD total=4 valid=0 running=2 pending=2 launched=2 failed=0 gaveup=0 forkfail=0 free_kb=2701588 sims_boxwide=10 last_event_age=13s last_event_epoch=1789991504
[14:22:33] .. alive runid=20260921-135127-8254 event_age=1849s | wave=rbD total=4 valid=0 running=2 pending=2 launched=2 failed=0 gaveup=0 forkfail=0 free_kb=2701588 sims_boxwide=10 last_event_age=13s last_event_epoch=1789991504
[14:23:33] .. alive runid=20260921-135127-8254 event_age=1909s | wave=rbD total=4 valid=0 running=2 pending=2 launched=2 failed=0 gaveup=0 forkfail=0 free_kb=2701588 sims_boxwide=10 last_event_age=13s last_event_epoch=1789991504
[14:23:56] DONE ugGDb_D_east rc=0 1932s | ugGDb east seed 606 done 771.2s: rescued=3 dead=0 ff_deaths=0 | fires=2 recoveries=2 bad_assign=1 | ugGDb east seed 707 done 155.4s: rescued=2 dead=0 ff_deaths=0 | fires=2 recoveries=2 bad_assign=1 | ugGDb east seed 808 done 461.1s: rescued=3 dead=1 ff_deaths=0 | fires=2 recoveries=2 bad_assign=1 | ugGDb east seed 909 done 542.7s: rescued=4 dead=0 ff_deaths=0 | fires=2 recoveries=2 bad_assign=1  [valid 1/4]
[14:23:57] LAUNCH ugGDc_D_east running=2 free_kb=3630500 sims_boxwide=9 attempt=1
[14:24:09] THROTTLE free_kb=2780932 <= 3500000 running=2
[14:24:33] .. alive runid=20260921-135127-8254 event_age=36s | wave=rbD total=4 valid=1 running=2 pending=1 launched=3 failed=0 gaveup=0 forkfail=0 free_kb=2780932 sims_boxwide=10 last_event_age=12s last_event_epoch=1789993437
[14:25:33] .. alive runid=20260921-135127-8254 event_age=96s | wave=rbD total=4 valid=1 running=2 pending=1 launched=3 failed=0 gaveup=0 forkfail=0 free_kb=2780932 sims_boxwide=10 last_event_age=12s last_event_epoch=1789993437
[14:26:33] .. alive runid=20260921-135127-8254 event_age=156s | wave=rbD total=4 valid=1 running=2 pending=1 launched=3 failed=0 gaveup=0 forkfail=0 free_kb=2780932 sims_boxwide=10 last_event_age=12s last_event_epoch=1789993437
[14:27:33] .. alive runid=20260921-135127-8254 event_age=216s | wave=rbD total=4 valid=1 running=2 pending=1 launched=3 failed=0 gaveup=0 forkfail=0 free_kb=2780932 sims_boxwide=10 last_event_age=12s last_event_epoch=1789993437
[14:28:33] .. alive runid=20260921-135127-8254 event_age=276s | wave=rbD total=4 valid=1 running=2 pending=1 launched=3 failed=0 gaveup=0 forkfail=0 free_kb=2780932 sims_boxwide=10 last_event_age=12s last_event_epoch=1789993437
[14:29:33] .. alive runid=20260921-135127-8254 event_age=336s | wave=rbD total=4 valid=1 running=2 pending=1 launched=3 failed=0 gaveup=0 forkfail=0 free_kb=2780932 sims_boxwide=10 last_event_age=12s last_event_epoch=1789993437
[14:30:33] .. alive runid=20260921-135127-8254 event_age=396s | wave=rbD total=4 valid=1 running=2 pending=1 launched=3 failed=0 gaveup=0 forkfail=0 free_kb=2780932 sims_boxwide=10 last_event_age=12s last_event_epoch=1789993437
[14:31:33] .. alive runid=20260921-135127-8254 event_age=456s | wave=rbD total=4 valid=1 running=2 pending=1 launched=3 failed=0 gaveup=0 forkfail=0 free_kb=2780932 sims_boxwide=10 last_event_age=12s last_event_epoch=1789993437
[14:32:33] .. alive runid=20260921-135127-8254 event_age=516s | wave=rbD total=4 valid=1 running=2 pending=1 launched=3 failed=0 gaveup=0 forkfail=0 free_kb=2780932 sims_boxwide=10 last_event_age=12s last_event_epoch=1789993437
[14:33:25] DONE ugGDa_D_east rc=0 2514s | ugGDa east seed 101 done 508.1s: rescued=3 dead=1 ff_deaths=1 | fires=2 recoveries=1 bad_assign=1 | ugGDa east seed 202 done 408.9s: rescued=3 dead=1 ff_deaths=0 | fires=2 recoveries=1 bad_assign=1 | ugGDa east seed 303 done 454.6s: rescued=3 dead=1 ff_deaths=0 | fires=5 recoveries=3 bad_assign=3 | ugGDa east seed 404 done 739.8s: rescued=3 dead=0 ff_deaths=1 | fires=6 recoveries=3 bad_assign=4 | ugGDa east seed 505 done 401.2s: rescued=3 dead=1 ff_deaths=0 | fires=6 recoveries=3 bad_assign=4  [valid 2/4]
[14:33:26] LAUNCH ugGDs_D_south running=2 free_kb=3674904 sims_boxwide=9 attempt=1
[14:33:33] .. alive runid=20260921-135127-8254 event_age=7s | wave=rbD total=4 valid=2 running=2 pending=0 launched=4 failed=0 gaveup=0 forkfail=0 free_kb=3674904 sims_boxwide=9 last_event_age=0s last_event_epoch=1789994006
[14:34:34] .. alive runid=20260921-135127-8254 event_age=68s | wave=rbD total=4 valid=2 running=2 pending=0 launched=4 failed=0 gaveup=0 forkfail=0 free_kb=3674904 sims_boxwide=9 last_event_age=0s last_event_epoch=1789994006
[14:35:34] .. alive runid=20260921-135127-8254 event_age=128s | wave=rbD total=4 valid=2 running=2 pending=0 launched=4 failed=0 gaveup=0 forkfail=0 free_kb=3674904 sims_boxwide=9 last_event_age=0s last_event_epoch=1789994006
[14:36:34] .. alive runid=20260921-135127-8254 event_age=188s | wave=rbD total=4 valid=2 running=2 pending=0 launched=4 failed=0 gaveup=0 forkfail=0 free_kb=3674904 sims_boxwide=9 last_event_age=0s last_event_epoch=1789994006
[14:37:34] .. alive runid=20260921-135127-8254 event_age=248s | wave=rbD total=4 valid=2 running=2 pending=0 launched=4 failed=0 gaveup=0 forkfail=0 free_kb=3674904 sims_boxwide=9 last_event_age=0s last_event_epoch=1789994006
[14:38:34] .. alive runid=20260921-135127-8254 event_age=308s | wave=rbD total=4 valid=2 running=2 pending=0 launched=4 failed=0 gaveup=0 forkfail=0 free_kb=3674904 sims_boxwide=9 last_event_age=0s last_event_epoch=1789994006
[14:39:34] .. alive runid=20260921-135127-8254 event_age=368s | wave=rbD total=4 valid=2 running=2 pending=0 launched=4 failed=0 gaveup=0 forkfail=0 free_kb=3674904 sims_boxwide=9 last_event_age=0s last_event_epoch=1789994006
[14:40:34] .. alive runid=20260921-135127-8254 event_age=428s | wave=rbD total=4 valid=2 running=2 pending=0 launched=4 failed=0 gaveup=0 forkfail=0 free_kb=3674904 sims_boxwide=9 last_event_age=0s last_event_epoch=1789994006
[14:41:34] .. alive runid=20260921-135127-8254 event_age=488s | wave=rbD total=4 valid=2 running=2 pending=0 launched=4 failed=0 gaveup=0 forkfail=0 free_kb=3674904 sims_boxwide=9 last_event_age=0s last_event_epoch=1789994006
[14:42:34] .. alive runid=20260921-135127-8254 event_age=548s | wave=rbD total=4 valid=2 running=2 pending=0 launched=4 failed=0 gaveup=0 forkfail=0 free_kb=3674904 sims_boxwide=9 last_event_age=0s last_event_epoch=1789994006
[14:43:34] .. alive runid=20260921-135127-8254 event_age=608s | wave=rbD total=4 valid=2 running=2 pending=0 launched=4 failed=0 gaveup=0 forkfail=0 free_kb=3674904 sims_boxwide=9 last_event_age=0s last_event_epoch=1789994006
[14:44:34] .. alive runid=20260921-135127-8254 event_age=668s | wave=rbD total=4 valid=2 running=2 pending=0 launched=4 failed=0 gaveup=0 forkfail=0 free_kb=3674904 sims_boxwide=9 last_event_age=0s last_event_epoch=1789994006
[14:45:34] .. alive runid=20260921-135127-8254 event_age=728s | wave=rbD total=4 valid=2 running=2 pending=0 launched=4 failed=0 gaveup=0 forkfail=0 free_kb=3674904 sims_boxwide=9 last_event_age=0s last_event_epoch=1789994006
[14:46:35] .. alive runid=20260921-135127-8254 event_age=789s | wave=rbD total=4 valid=2 running=2 pending=0 launched=4 failed=0 gaveup=0 forkfail=0 free_kb=3674904 sims_boxwide=9 last_event_age=0s last_event_epoch=1789994006
[14:47:35] .. alive runid=20260921-135127-8254 event_age=849s | wave=rbD total=4 valid=2 running=2 pending=0 launched=4 failed=0 gaveup=0 forkfail=0 free_kb=3674904 sims_boxwide=9 last_event_age=0s last_event_epoch=1789994006
[14:48:35] .. alive runid=20260921-135127-8254 event_age=909s | wave=rbD total=4 valid=2 running=2 pending=0 launched=4 failed=0 gaveup=0 forkfail=0 free_kb=3674904 sims_boxwide=9 last_event_age=0s last_event_epoch=1789994006
[14:49:35] .. alive runid=20260921-135127-8254 event_age=969s | wave=rbD total=4 valid=2 running=2 pending=0 launched=4 failed=0 gaveup=0 forkfail=0 free_kb=3674904 sims_boxwide=9 last_event_age=0s last_event_epoch=1789994006
[14:50:35] .. alive runid=20260921-135127-8254 event_age=1029s | wave=rbD total=4 valid=2 running=2 pending=0 launched=4 failed=0 gaveup=0 forkfail=0 free_kb=3674904 sims_boxwide=9 last_event_age=0s last_event_epoch=1789994006
[14:50:36] DONE ugGDc_D_east rc=0 1599s | ugGDc east seed 111 done 457.8s: rescued=4 dead=0 ff_deaths=0 | fires=0 recoveries=0 bad_assign=0 | ugGDc east seed 222 done 482.0s: rescued=4 dead=0 ff_deaths=0 | fires=0 recoveries=0 bad_assign=0 | ugGDc east seed 333 done 413.2s: rescued=3 dead=1 ff_deaths=0 | fires=0 recoveries=0 bad_assign=0 | ugGDc east seed 444 done 245.1s: rescued=4 dead=0 ff_deaths=0 | fires=0 recoveries=0 bad_assign=0  [valid 3/4]
[14:51:35] .. alive runid=20260921-135127-8254 event_age=59s | wave=rbD total=4 valid=3 running=1 pending=0 launched=4 failed=0 gaveup=0 forkfail=0 free_kb=3674904 sims_boxwide=9 last_event_age=0s last_event_epoch=1789995036
[14:52:35] .. alive runid=20260921-135127-8254 event_age=119s | wave=rbD total=4 valid=3 running=1 pending=0 launched=4 failed=0 gaveup=0 forkfail=0 free_kb=3674904 sims_boxwide=9 last_event_age=0s last_event_epoch=1789995036
[14:53:35] .. alive runid=20260921-135127-8254 event_age=179s | wave=rbD total=4 valid=3 running=1 pending=0 launched=4 failed=0 gaveup=0 forkfail=0 free_kb=3674904 sims_boxwide=9 last_event_age=0s last_event_epoch=1789995036
[14:54:30] DONE ugGDs_D_south rc=0 1263s | ugGDs south seed 101 done 253.8s: rescued=2 dead=2 ff_deaths=1 | fires=5 recoveries=3 bad_assign=1 | ugGDs south seed 202 done 290.8s: rescued=4 dead=0 ff_deaths=0 | fires=7 recoveries=4 bad_assign=1 | ugGDs south seed 303 done 217.9s: rescued=4 dead=0 ff_deaths=0 | fires=7 recoveries=4 bad_assign=1 | ugGDs south seed 404 done 291.5s: rescued=1 dead=0 ff_deaths=1 | fires=11 recoveries=6 bad_assign=2 | ugGDs south seed 505 done 208.1s: rescued=3 dead=1 ff_deaths=0 | fires=13 recoveries=8 bad_assign=3  [valid 4/4]
[14:54:30] MAIN LOOP LEFT pending=0 running=0
[14:54:30] FINAL SUMMARY total=4 valid=4 invalid=0 missing=0
[14:54:31] FINAL wave=rbD SUMMARY total=4 valid=4 invalid=0 missing=0 live_this_wave=0 sims_boxwide=0
[14:54:31] ALL_DCD4RB_COMPLETE wave=rbD runid=20260921-135127-8254 valid=4/4 launched=4 failed=0 forkfail=0
[14:54:35] HEARTBEAT EXIT wave=rbD runid=20260921-135127-8254 (sentinel)
