[10:31:06] POOL START wave=crn runid=20260921-103106-1723 restart=0 pid=1723 winpid=40312 head=ba58491 dirty_tracked=0 queue=outputs/_ug_crn_queue.txt maxpar=5 minfree_kb=3500000
[10:31:07] ENV 3.10.11 mesa 1.2.1  prereg_sha256=8d17132f4fc0b776 queue_sha256=b41513a2032e613b
[10:31:08] SHIPPED BASE_STATION_MODE=3 BASE_STATION_RETURN_MECHANISM=2 BASE_STATION_DEPOTS=9 BASE_STATION_SPAWN_SPLIT=2 UAV_RETURN_TO_BASE_RESERVE=0.0 BASE_STATION_RETURN_MARGIN=39.23 BASE_STATION_DOCK_FIX=2 BASE_STATION_RETURN_STALL_LIMIT=3 BASE_STATION_WAYPOINT_FIX=1 ROUTE_BLOCK_STALE_CLEAR=1 VICTIM_SEARCHER_HAZARD_RETREAT_RANGE=99 BASE_STATION_FIREPROOF=1 BASE_STATION_FIREPROOF_DRY_RUN=0 VICTIM_SEARCHER_HAZARD_GATE_BOUNDS_FIX=1 FF_FIREFIGHT_EXTINGUISH=1 FF_FIREFIGHT_FIREBREAK=1 FF_FIREFIGHT_ENGAGED_RETREAT_RANGE=1 FF_FIREFIGHT_MISSION_GATE=0 FF_FIREFIGHT_DRY_RUN=0
[10:31:08] SHIPPED-CONTROL head=11c3661
BASE_STATION_MODE=3 BASE_STATION_FIREPROOF=1 VICTIM_SEARCHER_HAZARD_GATE_BOUNDS_FIX=1 FF_FIREFIGHT_EXTINGUISH=0 FF_FIREFIGHT_FIREBREAK=0 FF_FIREFIGHT_ENGAGED_RETREAT_RANGE=3 FF_FIREFIGHT_MISSION_GATE=1 FF_FIREFIGHT_DRY_RUN=0
[10:31:09] VALIDATE total=90 valid=0 invalid=0 missing=90
[10:31:09] START STATE wave=crn total=90 valid=0 pending=90 live_orphans_this_wave=0 sims_boxwide=0 free_kb=10475988
[10:31:09] HEARTBEAT pid=1854 every 60s -> outputs/_ug_crn_wave.log ; state file outputs/_ugk_state.txt ; sentinel outputs/_ugk_hb_20260921-103106-1723.stop
[10:31:10] LAUNCH ugKC_east_half_2070841104 running=1 free_kb=10375996 sims_boxwide=0 attempt=1
[10:31:23] LAUNCH ugKD_east_half_2070841104 running=2 free_kb=7854140 sims_boxwide=2 attempt=1
[10:31:36] LAUNCH ugKY_east_half_2070841104 running=3 free_kb=5252944 sims_boxwide=4 attempt=1
[10:31:48] LAUNCH ugKC_east_half_1147610331 running=4 free_kb=3514016 sims_boxwide=5 attempt=1
[10:32:01] THROTTLE free_kb=1968832 <= 3500000 running=4
[10:32:09] .. alive runid=20260921-103106-1723 event_age=21s | wave=crn total=90 valid=0 running=4 pending=86 launched=4 failed=0 gaveup=0 forkfail=0 free_kb=1968832 sims_boxwide=6 last_event_age=13s last_event_epoch=1789979508
[10:33:09] .. alive runid=20260921-103106-1723 event_age=81s | wave=crn total=90 valid=0 running=4 pending=86 launched=4 failed=0 gaveup=0 forkfail=0 free_kb=1968832 sims_boxwide=6 last_event_age=13s last_event_epoch=1789979508
[10:34:09] .. alive runid=20260921-103106-1723 event_age=141s | wave=crn total=90 valid=0 running=4 pending=86 launched=4 failed=0 gaveup=0 forkfail=0 free_kb=1968832 sims_boxwide=6 last_event_age=13s last_event_epoch=1789979508
[10:35:09] .. alive runid=20260921-103106-1723 event_age=201s | wave=crn total=90 valid=0 running=4 pending=86 launched=4 failed=0 gaveup=0 forkfail=0 free_kb=1968832 sims_boxwide=6 last_event_age=13s last_event_epoch=1789979508
[10:36:09] .. alive runid=20260921-103106-1723 event_age=261s | wave=crn total=90 valid=0 running=4 pending=86 launched=4 failed=0 gaveup=0 forkfail=0 free_kb=1968832 sims_boxwide=6 last_event_age=13s last_event_epoch=1789979508
[10:37:09] .. alive runid=20260921-103106-1723 event_age=321s | wave=crn total=90 valid=0 running=4 pending=86 launched=4 failed=0 gaveup=0 forkfail=0 free_kb=1968832 sims_boxwide=6 last_event_age=13s last_event_epoch=1789979508
[10:38:09] .. alive runid=20260921-103106-1723 event_age=381s | wave=crn total=90 valid=0 running=4 pending=86 launched=4 failed=0 gaveup=0 forkfail=0 free_kb=1968832 sims_boxwide=6 last_event_age=13s last_event_epoch=1789979508
[10:39:09] .. alive runid=20260921-103106-1723 event_age=441s | wave=crn total=90 valid=0 running=4 pending=86 launched=4 failed=0 gaveup=0 forkfail=0 free_kb=1968832 sims_boxwide=6 last_event_age=13s last_event_epoch=1789979508
[10:40:10] .. alive runid=20260921-103106-1723 event_age=502s | wave=crn total=90 valid=0 running=4 pending=86 launched=4 failed=0 gaveup=0 forkfail=0 free_kb=1968832 sims_boxwide=6 last_event_age=13s last_event_epoch=1789979508
[10:41:10] .. alive runid=20260921-103106-1723 event_age=562s | wave=crn total=90 valid=0 running=4 pending=86 launched=4 failed=0 gaveup=0 forkfail=0 free_kb=1968832 sims_boxwide=6 last_event_age=13s last_event_epoch=1789979508
[10:42:10] .. alive runid=20260921-103106-1723 event_age=622s | wave=crn total=90 valid=0 running=4 pending=86 launched=4 failed=0 gaveup=0 forkfail=0 free_kb=1968832 sims_boxwide=6 last_event_age=13s last_event_epoch=1789979508
[10:43:10] .. alive runid=20260921-103106-1723 event_age=682s | wave=crn total=90 valid=0 running=4 pending=86 launched=4 failed=0 gaveup=0 forkfail=0 free_kb=1968832 sims_boxwide=6 last_event_age=13s last_event_epoch=1789979508
[10:44:10] .. alive runid=20260921-103106-1723 event_age=742s | wave=crn total=90 valid=0 running=4 pending=86 launched=4 failed=0 gaveup=0 forkfail=0 free_kb=1968832 sims_boxwide=6 last_event_age=13s last_event_epoch=1789979508
[10:44:36] DONE ugKC_east_half_2070841104 rc=0 806s ugKC east/half seed=2070841104 rescued=4 dead=0 unreachable=0 never_detected=0 ff_deaths=0 terminal=141 completions=4 recycles=4 removals=4 returns=4 wall=805s [valid 1/90]
[10:44:37] THROTTLE free_kb=2779408 <= 3500000 running=3
[10:44:50] DONE ugKC_east_half_1147610331 rc=0 782s ugKC east/half seed=1147610331 rescued=2 dead=2 unreachable=0 never_detected=0 ff_deaths=0 terminal=111 completions=2 recycles=2 removals=2 returns=2 wall=780s [valid 2/90]
[10:44:51] LAUNCH ugKD_east_half_1147610331 running=3 free_kb=3663816 sims_boxwide=4 attempt=1
[10:45:04] THROTTLE free_kb=2810724 <= 3500000 running=3
[10:45:10] .. alive runid=20260921-103106-1723 event_age=19s | wave=crn total=90 valid=2 running=3 pending=85 launched=5 failed=0 gaveup=0 forkfail=0 free_kb=2810724 sims_boxwide=5 last_event_age=13s last_event_epoch=1789980291
[10:46:07] DONE ugKD_east_half_2070841104 rc=0 883s ugKD east/half seed=2070841104 rescued=4 dead=0 unreachable=0 never_detected=0 ff_deaths=0 terminal=172 completions=4 recycles=4 removals=4 returns=4 wall=882s [valid 3/90]
[10:46:08] LAUNCH ugKY_east_half_1147610331 running=3 free_kb=3748424 sims_boxwide=4 attempt=1
[10:46:10] .. alive runid=20260921-103106-1723 event_age=2s | wave=crn total=90 valid=3 running=3 pending=84 launched=6 failed=0 gaveup=0 forkfail=0 free_kb=3748424 sims_boxwide=4 last_event_age=0s last_event_epoch=1789980368
[10:46:20] THROTTLE free_kb=2878904 <= 3500000 running=3
[10:46:24] DONE ugKY_east_half_2070841104 rc=0 887s ugKY east/half seed=2070841104 rescued=4 dead=0 unreachable=0 never_detected=0 ff_deaths=0 terminal=172 completions=4 recycles=4 removals=4 returns=4 wall=886s [valid 4/90]
[10:46:24] LAUNCH ugKC_east_half_1291443119 running=3 free_kb=3769392 sims_boxwide=4 attempt=1
[10:46:37] THROTTLE free_kb=2906304 <= 3500000 running=3
[10:47:10] .. alive runid=20260921-103106-1723 event_age=46s | wave=crn total=90 valid=4 running=3 pending=83 launched=7 failed=0 gaveup=0 forkfail=0 free_kb=2906304 sims_boxwide=5 last_event_age=13s last_event_epoch=1789980384
[10:48:10] .. alive runid=20260921-103106-1723 event_age=106s | wave=crn total=90 valid=4 running=3 pending=83 launched=7 failed=0 gaveup=0 forkfail=0 free_kb=2906304 sims_boxwide=5 last_event_age=13s last_event_epoch=1789980384
[10:49:10] .. alive runid=20260921-103106-1723 event_age=166s | wave=crn total=90 valid=4 running=3 pending=83 launched=7 failed=0 gaveup=0 forkfail=0 free_kb=2906304 sims_boxwide=5 last_event_age=13s last_event_epoch=1789980384
[10:50:10] .. alive runid=20260921-103106-1723 event_age=226s | wave=crn total=90 valid=4 running=3 pending=83 launched=7 failed=0 gaveup=0 forkfail=0 free_kb=2906304 sims_boxwide=5 last_event_age=13s last_event_epoch=1789980384
[10:51:10] .. alive runid=20260921-103106-1723 event_age=286s | wave=crn total=90 valid=4 running=3 pending=83 launched=7 failed=0 gaveup=0 forkfail=0 free_kb=2906304 sims_boxwide=5 last_event_age=13s last_event_epoch=1789980384
[10:52:11] .. alive runid=20260921-103106-1723 event_age=347s | wave=crn total=90 valid=4 running=3 pending=83 launched=7 failed=0 gaveup=0 forkfail=0 free_kb=2906304 sims_boxwide=5 last_event_age=13s last_event_epoch=1789980384
[10:53:11] .. alive runid=20260921-103106-1723 event_age=407s | wave=crn total=90 valid=4 running=3 pending=83 launched=7 failed=0 gaveup=0 forkfail=0 free_kb=2906304 sims_boxwide=5 last_event_age=13s last_event_epoch=1789980384
[10:54:11] .. alive runid=20260921-103106-1723 event_age=467s | wave=crn total=90 valid=4 running=3 pending=83 launched=7 failed=0 gaveup=0 forkfail=0 free_kb=2906304 sims_boxwide=5 last_event_age=13s last_event_epoch=1789980384
[10:55:11] .. alive runid=20260921-103106-1723 event_age=527s | wave=crn total=90 valid=4 running=3 pending=83 launched=7 failed=0 gaveup=0 forkfail=0 free_kb=2906304 sims_boxwide=5 last_event_age=13s last_event_epoch=1789980384
[10:56:11] .. alive runid=20260921-103106-1723 event_age=587s | wave=crn total=90 valid=4 running=3 pending=83 launched=7 failed=0 gaveup=0 forkfail=0 free_kb=2906304 sims_boxwide=5 last_event_age=13s last_event_epoch=1789980384
[10:57:11] .. alive runid=20260921-103106-1723 event_age=647s | wave=crn total=90 valid=4 running=3 pending=83 launched=7 failed=0 gaveup=0 forkfail=0 free_kb=2906304 sims_boxwide=5 last_event_age=13s last_event_epoch=1789980384
[10:57:45] DONE ugKD_east_half_1147610331 rc=0 774s ugKD east/half seed=1147610331 rescued=2 dead=2 unreachable=0 never_detected=0 ff_deaths=0 terminal=111 completions=2 recycles=2 removals=2 returns=2 wall=772s [valid 5/90]
[10:57:46] LAUNCH ugKD_east_half_1291443119 running=3 free_kb=3673936 sims_boxwide=4 attempt=1
[10:57:59] THROTTLE free_kb=2824652 <= 3500000 running=3
[10:58:11] .. alive runid=20260921-103106-1723 event_age=25s | wave=crn total=90 valid=5 running=3 pending=82 launched=8 failed=0 gaveup=0 forkfail=0 free_kb=2824652 sims_boxwide=5 last_event_age=13s last_event_epoch=1789981066
[10:59:11] .. alive runid=20260921-103106-1723 event_age=85s | wave=crn total=90 valid=5 running=3 pending=82 launched=8 failed=0 gaveup=0 forkfail=0 free_kb=2824652 sims_boxwide=5 last_event_age=13s last_event_epoch=1789981066
[10:59:26] DONE ugKY_east_half_1147610331 rc=0 798s ugKY east/half seed=1147610331 rescued=2 dead=2 unreachable=0 never_detected=0 ff_deaths=0 terminal=111 completions=2 recycles=2 removals=2 returns=2 wall=796s [valid 6/90]
[10:59:27] LAUNCH ugKY_east_half_1291443119 running=3 free_kb=3686964 sims_boxwide=4 attempt=1
[10:59:39] THROTTLE free_kb=2847024 <= 3500000 running=3
[11:00:11] .. alive runid=20260921-103106-1723 event_age=44s | wave=crn total=90 valid=6 running=3 pending=81 launched=9 failed=0 gaveup=0 forkfail=0 free_kb=2847024 sims_boxwide=5 last_event_age=12s last_event_epoch=1789981167
[11:01:11] .. alive runid=20260921-103106-1723 event_age=104s | wave=crn total=90 valid=6 running=3 pending=81 launched=9 failed=0 gaveup=0 forkfail=0 free_kb=2847024 sims_boxwide=5 last_event_age=12s last_event_epoch=1789981167
[11:02:11] .. alive runid=20260921-103106-1723 event_age=164s | wave=crn total=90 valid=6 running=3 pending=81 launched=9 failed=0 gaveup=0 forkfail=0 free_kb=2847024 sims_boxwide=5 last_event_age=12s last_event_epoch=1789981167
[11:03:12] .. alive runid=20260921-103106-1723 event_age=225s | wave=crn total=90 valid=6 running=3 pending=81 launched=9 failed=0 gaveup=0 forkfail=0 free_kb=2847024 sims_boxwide=5 last_event_age=12s last_event_epoch=1789981167
[11:03:17] DONE ugKC_east_half_1291443119 rc=0 1013s ugKC east/half seed=1291443119 rescued=3 dead=0 unreachable=1 never_detected=1 ff_deaths=0 terminal=210 completions=3 recycles=3 removals=3 returns=3 wall=1011s [valid 7/90]
[11:03:18] LAUNCH ugKC_east_half_1433805104 running=3 free_kb=3630676 sims_boxwide=4 attempt=1
[11:03:31] THROTTLE free_kb=2760124 <= 3500000 running=3
[11:04:12] .. alive runid=20260921-103106-1723 event_age=54s | wave=crn total=90 valid=7 running=3 pending=80 launched=10 failed=0 gaveup=0 forkfail=0 free_kb=2760124 sims_boxwide=5 last_event_age=13s last_event_epoch=1789981398
[11:05:12] .. alive runid=20260921-103106-1723 event_age=114s | wave=crn total=90 valid=7 running=3 pending=80 launched=10 failed=0 gaveup=0 forkfail=0 free_kb=2760124 sims_boxwide=5 last_event_age=13s last_event_epoch=1789981398
[11:06:12] .. alive runid=20260921-103106-1723 event_age=174s | wave=crn total=90 valid=7 running=3 pending=80 launched=10 failed=0 gaveup=0 forkfail=0 free_kb=2760124 sims_boxwide=5 last_event_age=13s last_event_epoch=1789981398
[11:07:12] .. alive runid=20260921-103106-1723 event_age=234s | wave=crn total=90 valid=7 running=3 pending=80 launched=10 failed=0 gaveup=0 forkfail=0 free_kb=2760124 sims_boxwide=5 last_event_age=13s last_event_epoch=1789981398
[11:08:12] .. alive runid=20260921-103106-1723 event_age=294s | wave=crn total=90 valid=7 running=3 pending=80 launched=10 failed=0 gaveup=0 forkfail=0 free_kb=2760124 sims_boxwide=5 last_event_age=13s last_event_epoch=1789981398
[11:09:12] .. alive runid=20260921-103106-1723 event_age=354s | wave=crn total=90 valid=7 running=3 pending=80 launched=10 failed=0 gaveup=0 forkfail=0 free_kb=2760124 sims_boxwide=5 last_event_age=13s last_event_epoch=1789981398
[11:10:12] .. alive runid=20260921-103106-1723 event_age=414s | wave=crn total=90 valid=7 running=3 pending=80 launched=10 failed=0 gaveup=0 forkfail=0 free_kb=2760124 sims_boxwide=5 last_event_age=13s last_event_epoch=1789981398
[11:11:12] .. alive runid=20260921-103106-1723 event_age=474s | wave=crn total=90 valid=7 running=3 pending=80 launched=10 failed=0 gaveup=0 forkfail=0 free_kb=2760124 sims_boxwide=5 last_event_age=13s last_event_epoch=1789981398
[11:12:12] .. alive runid=20260921-103106-1723 event_age=534s | wave=crn total=90 valid=7 running=3 pending=80 launched=10 failed=0 gaveup=0 forkfail=0 free_kb=2760124 sims_boxwide=5 last_event_age=13s last_event_epoch=1789981398
[11:13:12] .. alive runid=20260921-103106-1723 event_age=594s | wave=crn total=90 valid=7 running=3 pending=80 launched=10 failed=0 gaveup=0 forkfail=0 free_kb=2760124 sims_boxwide=5 last_event_age=13s last_event_epoch=1789981398
[11:14:13] .. alive runid=20260921-103106-1723 event_age=655s | wave=crn total=90 valid=7 running=3 pending=80 launched=10 failed=0 gaveup=0 forkfail=0 free_kb=2760124 sims_boxwide=5 last_event_age=13s last_event_epoch=1789981398
[11:14:30] DONE ugKD_east_half_1291443119 rc=0 1004s ugKD east/half seed=1291443119 rescued=3 dead=0 unreachable=1 never_detected=1 ff_deaths=0 terminal=210 completions=3 recycles=3 removals=3 returns=3 wall=1002s [valid 8/90]
[11:14:31] LAUNCH ugKD_east_half_1433805104 running=3 free_kb=3737612 sims_boxwide=4 attempt=1
[11:14:44] THROTTLE free_kb=2865984 <= 3500000 running=3
[11:15:13] .. alive runid=20260921-103106-1723 event_age=42s | wave=crn total=90 valid=8 running=3 pending=79 launched=11 failed=0 gaveup=0 forkfail=0 free_kb=2865984 sims_boxwide=5 last_event_age=13s last_event_epoch=1789982071
[11:15:28] DONE ugKC_east_half_1433805104 rc=0 730s ugKC east/half seed=1433805104 rescued=3 dead=1 unreachable=0 never_detected=0 ff_deaths=0 terminal=104 completions=3 recycles=3 removals=3 returns=3 wall=729s [valid 9/90]
[11:15:29] LAUNCH ugKY_east_half_1433805104 running=3 free_kb=3734228 sims_boxwide=4 attempt=1
[11:15:42] THROTTLE free_kb=2873352 <= 3500000 running=3
[11:16:13] .. alive runid=20260921-103106-1723 event_age=44s | wave=crn total=90 valid=9 running=3 pending=78 launched=12 failed=0 gaveup=0 forkfail=0 free_kb=2873352 sims_boxwide=5 last_event_age=13s last_event_epoch=1789982129
[11:16:25] DONE ugKY_east_half_1291443119 rc=0 1018s ugKY east/half seed=1291443119 rescued=3 dead=0 unreachable=1 never_detected=1 ff_deaths=0 terminal=210 completions=3 recycles=3 removals=3 returns=3 wall=1016s [valid 10/90]
[11:16:26] LAUNCH ugKC_east_half_1636723358 running=3 free_kb=3745476 sims_boxwide=4 attempt=1
[11:16:38] THROTTLE free_kb=2881632 <= 3500000 running=3
[11:17:13] .. alive runid=20260921-103106-1723 event_age=47s | wave=crn total=90 valid=10 running=3 pending=77 launched=13 failed=0 gaveup=0 forkfail=0 free_kb=2881632 sims_boxwide=5 last_event_age=12s last_event_epoch=1789982186
[11:18:13] .. alive runid=20260921-103106-1723 event_age=107s | wave=crn total=90 valid=10 running=3 pending=77 launched=13 failed=0 gaveup=0 forkfail=0 free_kb=2881632 sims_boxwide=5 last_event_age=12s last_event_epoch=1789982186
[11:19:13] .. alive runid=20260921-103106-1723 event_age=167s | wave=crn total=90 valid=10 running=3 pending=77 launched=13 failed=0 gaveup=0 forkfail=0 free_kb=2881632 sims_boxwide=5 last_event_age=12s last_event_epoch=1789982186
[11:20:13] .. alive runid=20260921-103106-1723 event_age=227s | wave=crn total=90 valid=10 running=3 pending=77 launched=13 failed=0 gaveup=0 forkfail=0 free_kb=2881632 sims_boxwide=5 last_event_age=12s last_event_epoch=1789982186
[11:21:13] .. alive runid=20260921-103106-1723 event_age=287s | wave=crn total=90 valid=10 running=3 pending=77 launched=13 failed=0 gaveup=0 forkfail=0 free_kb=2881632 sims_boxwide=5 last_event_age=12s last_event_epoch=1789982186
[11:22:13] .. alive runid=20260921-103106-1723 event_age=347s | wave=crn total=90 valid=10 running=3 pending=77 launched=13 failed=0 gaveup=0 forkfail=0 free_kb=2881632 sims_boxwide=5 last_event_age=12s last_event_epoch=1789982186
[11:23:13] .. alive runid=20260921-103106-1723 event_age=407s | wave=crn total=90 valid=10 running=3 pending=77 launched=13 failed=0 gaveup=0 forkfail=0 free_kb=2881632 sims_boxwide=5 last_event_age=12s last_event_epoch=1789982186
[11:24:13] .. alive runid=20260921-103106-1723 event_age=467s | wave=crn total=90 valid=10 running=3 pending=77 launched=13 failed=0 gaveup=0 forkfail=0 free_kb=2881632 sims_boxwide=5 last_event_age=12s last_event_epoch=1789982186
[11:25:13] .. alive runid=20260921-103106-1723 event_age=527s | wave=crn total=90 valid=10 running=3 pending=77 launched=13 failed=0 gaveup=0 forkfail=0 free_kb=2881632 sims_boxwide=5 last_event_age=12s last_event_epoch=1789982186
[11:26:14] .. alive runid=20260921-103106-1723 event_age=588s | wave=crn total=90 valid=10 running=3 pending=77 launched=13 failed=0 gaveup=0 forkfail=0 free_kb=2881632 sims_boxwide=5 last_event_age=12s last_event_epoch=1789982186
[11:26:26] DONE ugKD_east_half_1433805104 rc=0 715s ugKD east/half seed=1433805104 rescued=3 dead=1 unreachable=0 never_detected=0 ff_deaths=0 terminal=99 completions=3 recycles=3 removals=3 returns=3 wall=713s [valid 11/90]
[11:26:27] LAUNCH ugKD_east_half_1636723358 running=3 free_kb=3691728 sims_boxwide=4 attempt=1
[11:26:40] THROTTLE free_kb=2857100 <= 3500000 running=3
[11:27:14] .. alive runid=20260921-103106-1723 event_age=47s | wave=crn total=90 valid=11 running=3 pending=76 launched=14 failed=0 gaveup=0 forkfail=0 free_kb=2857100 sims_boxwide=5 last_event_age=13s last_event_epoch=1789982787
[11:27:26] DONE ugKY_east_half_1433805104 rc=0 717s ugKY east/half seed=1433805104 rescued=3 dead=1 unreachable=0 never_detected=0 ff_deaths=1 terminal=99 completions=3 recycles=3 removals=3 returns=3 wall=715s [valid 12/90]
[11:27:27] LAUNCH ugKY_east_half_1636723358 running=3 free_kb=3687988 sims_boxwide=4 attempt=1
[11:27:39] THROTTLE free_kb=2824628 <= 3500000 running=3
[11:28:14] .. alive runid=20260921-103106-1723 event_age=47s | wave=crn total=90 valid=12 running=3 pending=75 launched=15 failed=0 gaveup=0 forkfail=0 free_kb=2824628 sims_boxwide=5 last_event_age=12s last_event_epoch=1789982847
[11:29:14] .. alive runid=20260921-103106-1723 event_age=107s | wave=crn total=90 valid=12 running=3 pending=75 launched=15 failed=0 gaveup=0 forkfail=0 free_kb=2824628 sims_boxwide=5 last_event_age=12s last_event_epoch=1789982847
[11:30:14] .. alive runid=20260921-103106-1723 event_age=167s | wave=crn total=90 valid=12 running=3 pending=75 launched=15 failed=0 gaveup=0 forkfail=0 free_kb=2824628 sims_boxwide=5 last_event_age=12s last_event_epoch=1789982847
[11:31:14] .. alive runid=20260921-103106-1723 event_age=227s | wave=crn total=90 valid=12 running=3 pending=75 launched=15 failed=0 gaveup=0 forkfail=0 free_kb=2824628 sims_boxwide=5 last_event_age=12s last_event_epoch=1789982847
[11:32:14] .. alive runid=20260921-103106-1723 event_age=287s | wave=crn total=90 valid=12 running=3 pending=75 launched=15 failed=0 gaveup=0 forkfail=0 free_kb=2824628 sims_boxwide=5 last_event_age=12s last_event_epoch=1789982847
[11:32:55] DONE ugKC_east_half_1636723358 rc=0 989s ugKC east/half seed=1636723358 rescued=3 dead=1 unreachable=0 never_detected=0 ff_deaths=0 terminal=172 completions=3 recycles=3 removals=3 returns=3 wall=988s [valid 13/90]
[11:32:56] LAUNCH ugKC_east_half_1252362635 running=3 free_kb=3642724 sims_boxwide=4 attempt=1
[11:33:09] THROTTLE free_kb=2764848 <= 3500000 running=3
[11:33:14] .. alive runid=20260921-103106-1723 event_age=18s | wave=crn total=90 valid=13 running=3 pending=74 launched=16 failed=0 gaveup=0 forkfail=0 free_kb=2764848 sims_boxwide=5 last_event_age=13s last_event_epoch=1789983176
[11:34:14] .. alive runid=20260921-103106-1723 event_age=78s | wave=crn total=90 valid=13 running=3 pending=74 launched=16 failed=0 gaveup=0 forkfail=0 free_kb=2764848 sims_boxwide=5 last_event_age=13s last_event_epoch=1789983176
[11:35:14] .. alive runid=20260921-103106-1723 event_age=138s | wave=crn total=90 valid=13 running=3 pending=74 launched=16 failed=0 gaveup=0 forkfail=0 free_kb=2764848 sims_boxwide=5 last_event_age=13s last_event_epoch=1789983176
[11:36:14] .. alive runid=20260921-103106-1723 event_age=198s | wave=crn total=90 valid=13 running=3 pending=74 launched=16 failed=0 gaveup=0 forkfail=0 free_kb=2764848 sims_boxwide=5 last_event_age=13s last_event_epoch=1789983176
[11:37:15] .. alive runid=20260921-103106-1723 event_age=259s | wave=crn total=90 valid=13 running=3 pending=74 launched=16 failed=0 gaveup=0 forkfail=0 free_kb=2764848 sims_boxwide=5 last_event_age=13s last_event_epoch=1789983176
[11:38:15] .. alive runid=20260921-103106-1723 event_age=319s | wave=crn total=90 valid=13 running=3 pending=74 launched=16 failed=0 gaveup=0 forkfail=0 free_kb=2764848 sims_boxwide=5 last_event_age=13s last_event_epoch=1789983176
[11:39:15] .. alive runid=20260921-103106-1723 event_age=379s | wave=crn total=90 valid=13 running=3 pending=74 launched=16 failed=0 gaveup=0 forkfail=0 free_kb=2764848 sims_boxwide=5 last_event_age=13s last_event_epoch=1789983176
[11:40:15] .. alive runid=20260921-103106-1723 event_age=439s | wave=crn total=90 valid=13 running=3 pending=74 launched=16 failed=0 gaveup=0 forkfail=0 free_kb=2764848 sims_boxwide=5 last_event_age=13s last_event_epoch=1789983176
[11:41:12] DONE ugKD_east_half_1636723358 rc=0 885s ugKD east/half seed=1636723358 rescued=3 dead=1 unreachable=0 never_detected=0 ff_deaths=1 terminal=145 completions=3 recycles=3 removals=3 returns=3 wall=884s [valid 14/90]
[11:41:13] LAUNCH ugKD_east_half_1252362635 running=3 free_kb=4349664 sims_boxwide=4 attempt=1
[11:41:15] .. alive runid=20260921-103106-1723 event_age=2s | wave=crn total=90 valid=14 running=3 pending=73 launched=17 failed=0 gaveup=0 forkfail=0 free_kb=4349664 sims_boxwide=4 last_event_age=0s last_event_epoch=1789983673
[11:41:26] LAUNCH ugKY_east_half_1252362635 running=4 free_kb=3541560 sims_boxwide=5 attempt=1
[11:41:39] LAUNCH ugKC_east_half_294124329 running=5 free_kb=3584628 sims_boxwide=6 attempt=1
[11:42:15] .. alive runid=20260921-103106-1723 event_age=36s | wave=crn total=90 valid=14 running=5 pending=71 launched=19 failed=0 gaveup=0 forkfail=0 free_kb=3584628 sims_boxwide=6 last_event_age=0s last_event_epoch=1789983699
[11:42:15] DONE ugKY_east_half_1636723358 rc=0 888s ugKY east/half seed=1636723358 rescued=3 dead=1 unreachable=0 never_detected=0 ff_deaths=1 terminal=145 completions=3 recycles=3 removals=3 returns=3 wall=887s [valid 15/90]
[11:42:16] LAUNCH ugKD_east_half_294124329 running=5 free_kb=3546160 sims_boxwide=6 attempt=1
[11:43:15] .. alive runid=20260921-103106-1723 event_age=59s | wave=crn total=90 valid=15 running=5 pending=70 launched=20 failed=0 gaveup=0 forkfail=0 free_kb=3546160 sims_boxwide=6 last_event_age=0s last_event_epoch=1789983736
[11:44:15] .. alive runid=20260921-103106-1723 event_age=119s | wave=crn total=90 valid=15 running=5 pending=70 launched=20 failed=0 gaveup=0 forkfail=0 free_kb=3546160 sims_boxwide=6 last_event_age=0s last_event_epoch=1789983736
[11:45:15] .. alive runid=20260921-103106-1723 event_age=179s | wave=crn total=90 valid=15 running=5 pending=70 launched=20 failed=0 gaveup=0 forkfail=0 free_kb=3546160 sims_boxwide=6 last_event_age=0s last_event_epoch=1789983736
[11:46:15] .. alive runid=20260921-103106-1723 event_age=239s | wave=crn total=90 valid=15 running=5 pending=70 launched=20 failed=0 gaveup=0 forkfail=0 free_kb=3546160 sims_boxwide=6 last_event_age=0s last_event_epoch=1789983736
[11:47:15] .. alive runid=20260921-103106-1723 event_age=299s | wave=crn total=90 valid=15 running=5 pending=70 launched=20 failed=0 gaveup=0 forkfail=0 free_kb=3546160 sims_boxwide=6 last_event_age=0s last_event_epoch=1789983736
[11:47:31] DONE ugKC_east_half_1252362635 rc=0 875s ugKC east/half seed=1252362635 rescued=2 dead=1 unreachable=1 never_detected=0 ff_deaths=0 terminal=141 completions=3 recycles=3 removals=2 returns=2 wall=873s [valid 16/90]
[11:47:32] LAUNCH ugKY_east_half_294124329 running=5 free_kb=3640268 sims_boxwide=6 attempt=1
[11:48:16] .. alive runid=20260921-103106-1723 event_age=44s | wave=crn total=90 valid=16 running=5 pending=69 launched=21 failed=0 gaveup=0 forkfail=0 free_kb=3640268 sims_boxwide=6 last_event_age=0s last_event_epoch=1789984052
[11:49:16] .. alive runid=20260921-103106-1723 event_age=104s | wave=crn total=90 valid=16 running=5 pending=69 launched=21 failed=0 gaveup=0 forkfail=0 free_kb=3640268 sims_boxwide=6 last_event_age=0s last_event_epoch=1789984052
[11:50:16] .. alive runid=20260921-103106-1723 event_age=164s | wave=crn total=90 valid=16 running=5 pending=69 launched=21 failed=0 gaveup=0 forkfail=0 free_kb=3640268 sims_boxwide=6 last_event_age=0s last_event_epoch=1789984052
[11:51:16] .. alive runid=20260921-103106-1723 event_age=224s | wave=crn total=90 valid=16 running=5 pending=69 launched=21 failed=0 gaveup=0 forkfail=0 free_kb=3640268 sims_boxwide=6 last_event_age=0s last_event_epoch=1789984052
[11:52:16] .. alive runid=20260921-103106-1723 event_age=284s | wave=crn total=90 valid=16 running=5 pending=69 launched=21 failed=0 gaveup=0 forkfail=0 free_kb=3640268 sims_boxwide=6 last_event_age=0s last_event_epoch=1789984052
[11:53:16] .. alive runid=20260921-103106-1723 event_age=344s | wave=crn total=90 valid=16 running=5 pending=69 launched=21 failed=0 gaveup=0 forkfail=0 free_kb=3640268 sims_boxwide=6 last_event_age=0s last_event_epoch=1789984052
[11:54:16] .. alive runid=20260921-103106-1723 event_age=404s | wave=crn total=90 valid=16 running=5 pending=69 launched=21 failed=0 gaveup=0 forkfail=0 free_kb=3640268 sims_boxwide=6 last_event_age=0s last_event_epoch=1789984052
[11:55:06] DONE ugKD_east_half_1252362635 rc=0 833s ugKD east/half seed=1252362635 rescued=3 dead=1 unreachable=0 never_detected=0 ff_deaths=0 terminal=131 completions=3 recycles=3 removals=3 returns=3 wall=831s [valid 17/90]
[11:55:07] LAUNCH ugKC_east_half_1723100518 running=5 free_kb=3581764 sims_boxwide=6 attempt=1
[11:55:16] .. alive runid=20260921-103106-1723 event_age=9s | wave=crn total=90 valid=17 running=5 pending=68 launched=22 failed=0 gaveup=0 forkfail=0 free_kb=3581764 sims_boxwide=6 last_event_age=0s last_event_epoch=1789984507
[11:55:22] DONE ugKY_east_half_1252362635 rc=0 835s ugKY east/half seed=1252362635 rescued=3 dead=1 unreachable=0 never_detected=0 ff_deaths=0 terminal=131 completions=3 recycles=3 removals=3 returns=3 wall=834s [valid 18/90]
[11:55:22] LAUNCH ugKD_east_half_1723100518 running=5 free_kb=3621240 sims_boxwide=6 attempt=1
[11:56:16] .. alive runid=20260921-103106-1723 event_age=54s | wave=crn total=90 valid=18 running=5 pending=67 launched=23 failed=0 gaveup=0 forkfail=0 free_kb=3621240 sims_boxwide=6 last_event_age=0s last_event_epoch=1789984522
[11:56:24] DONE ugKC_east_half_294124329 rc=0 885s ugKC east/half seed=294124329 rescued=4 dead=0 unreachable=0 never_detected=0 ff_deaths=0 terminal=171 completions=4 recycles=4 removals=4 returns=4 wall=883s [valid 19/90]
[11:56:25] LAUNCH ugKY_east_half_1723100518 running=5 free_kb=3609980 sims_boxwide=6 attempt=1
[11:57:06] DONE ugKD_east_half_294124329 rc=0 890s ugKD east/half seed=294124329 rescued=4 dead=0 unreachable=0 never_detected=0 ff_deaths=0 terminal=172 completions=4 recycles=4 removals=4 returns=4 wall=888s [valid 20/90]
[11:57:07] LAUNCH ugKC_east_half_1532569567 running=5 free_kb=3614092 sims_boxwide=6 attempt=1
[11:57:16] .. alive runid=20260921-103106-1723 event_age=9s | wave=crn total=90 valid=20 running=5 pending=65 launched=25 failed=0 gaveup=0 forkfail=0 free_kb=3614092 sims_boxwide=6 last_event_age=0s last_event_epoch=1789984627
[11:58:17] .. alive runid=20260921-103106-1723 event_age=70s | wave=crn total=90 valid=20 running=5 pending=65 launched=25 failed=0 gaveup=0 forkfail=0 free_kb=3614092 sims_boxwide=6 last_event_age=0s last_event_epoch=1789984627
[11:59:17] .. alive runid=20260921-103106-1723 event_age=130s | wave=crn total=90 valid=20 running=5 pending=65 launched=25 failed=0 gaveup=0 forkfail=0 free_kb=3614092 sims_boxwide=6 last_event_age=0s last_event_epoch=1789984627
[12:00:17] .. alive runid=20260921-103106-1723 event_age=190s | wave=crn total=90 valid=20 running=5 pending=65 launched=25 failed=0 gaveup=0 forkfail=0 free_kb=3614092 sims_boxwide=6 last_event_age=0s last_event_epoch=1789984627
[12:01:17] .. alive runid=20260921-103106-1723 event_age=250s | wave=crn total=90 valid=20 running=5 pending=65 launched=25 failed=0 gaveup=0 forkfail=0 free_kb=3614092 sims_boxwide=6 last_event_age=0s last_event_epoch=1789984627
[12:02:17] .. alive runid=20260921-103106-1723 event_age=310s | wave=crn total=90 valid=20 running=5 pending=65 launched=25 failed=0 gaveup=0 forkfail=0 free_kb=3614092 sims_boxwide=6 last_event_age=0s last_event_epoch=1789984627
[12:02:24] DONE ugKY_east_half_294124329 rc=0 891s ugKY east/half seed=294124329 rescued=4 dead=0 unreachable=0 never_detected=0 ff_deaths=0 terminal=172 completions=4 recycles=4 removals=4 returns=4 wall=890s [valid 21/90]
[12:02:25] LAUNCH ugKD_east_half_1532569567 running=5 free_kb=3611676 sims_boxwide=6 attempt=1
[12:03:17] .. alive runid=20260921-103106-1723 event_age=53s | wave=crn total=90 valid=21 running=5 pending=64 launched=26 failed=0 gaveup=0 forkfail=0 free_kb=3611676 sims_boxwide=6 last_event_age=1s last_event_epoch=1789984944
[12:04:17] .. alive runid=20260921-103106-1723 event_age=113s | wave=crn total=90 valid=21 running=5 pending=64 launched=26 failed=0 gaveup=0 forkfail=0 free_kb=3611676 sims_boxwide=6 last_event_age=1s last_event_epoch=1789984944
[12:05:17] .. alive runid=20260921-103106-1723 event_age=173s | wave=crn total=90 valid=21 running=5 pending=64 launched=26 failed=0 gaveup=0 forkfail=0 free_kb=3611676 sims_boxwide=6 last_event_age=1s last_event_epoch=1789984944
[12:06:17] .. alive runid=20260921-103106-1723 event_age=233s | wave=crn total=90 valid=21 running=5 pending=64 launched=26 failed=0 gaveup=0 forkfail=0 free_kb=3611676 sims_boxwide=6 last_event_age=1s last_event_epoch=1789984944
[12:07:17] .. alive runid=20260921-103106-1723 event_age=293s | wave=crn total=90 valid=21 running=5 pending=64 launched=26 failed=0 gaveup=0 forkfail=0 free_kb=3611676 sims_boxwide=6 last_event_age=1s last_event_epoch=1789984944
[12:08:17] .. alive runid=20260921-103106-1723 event_age=353s | wave=crn total=90 valid=21 running=5 pending=64 launched=26 failed=0 gaveup=0 forkfail=0 free_kb=3611676 sims_boxwide=6 last_event_age=1s last_event_epoch=1789984944
[12:09:18] .. alive runid=20260921-103106-1723 event_age=414s | wave=crn total=90 valid=21 running=5 pending=64 launched=26 failed=0 gaveup=0 forkfail=0 free_kb=3611676 sims_boxwide=6 last_event_age=1s last_event_epoch=1789984944
[12:09:57] DONE ugKC_east_half_1532569567 rc=0 770s ugKC east/half seed=1532569567 rescued=3 dead=1 unreachable=0 never_detected=0 ff_deaths=1 terminal=109 completions=3 recycles=3 removals=3 returns=3 wall=768s [valid 22/90]
[12:09:58] LAUNCH ugKY_east_half_1532569567 running=5 free_kb=4556152 sims_boxwide=5 attempt=1
[12:10:18] .. alive runid=20260921-103106-1723 event_age=20s | wave=crn total=90 valid=22 running=5 pending=63 launched=27 failed=0 gaveup=0 forkfail=0 free_kb=4556152 sims_boxwide=5 last_event_age=0s last_event_epoch=1789985398
[12:10:48] DONE ugKC_east_half_1723100518 rc=0 941s ugKC east/half seed=1723100518 rescued=2 dead=2 unreachable=0 never_detected=0 ff_deaths=0 terminal=162 completions=2 recycles=2 removals=2 returns=2 wall=939s [valid 23/90]
[12:10:49] LAUNCH ugKC_east_half_498896028 running=5 free_kb=4584176 sims_boxwide=5 attempt=1
[12:11:15] DONE ugKD_east_half_1723100518 rc=0 953s ugKD east/half seed=1723100518 rescued=2 dead=2 unreachable=0 never_detected=0 ff_deaths=0 terminal=162 completions=2 recycles=2 removals=2 returns=2 wall=951s [valid 24/90]
[12:11:16] LAUNCH ugKD_east_half_498896028 running=5 free_kb=4492924 sims_boxwide=5 attempt=1
[12:11:18] .. alive runid=20260921-103106-1723 event_age=2s | wave=crn total=90 valid=24 running=5 pending=61 launched=29 failed=0 gaveup=0 forkfail=0 free_kb=4492924 sims_boxwide=5 last_event_age=0s last_event_epoch=1789985476
[12:12:02] DONE ugKY_east_half_1723100518 rc=0 936s ugKY east/half seed=1723100518 rescued=2 dead=2 unreachable=0 never_detected=0 ff_deaths=0 terminal=162 completions=2 recycles=2 removals=2 returns=2 wall=935s [valid 25/90]
[12:12:03] LAUNCH ugKY_east_half_498896028 running=5 free_kb=3618292 sims_boxwide=5 attempt=1
[12:12:18] .. alive runid=20260921-103106-1723 event_age=15s | wave=crn total=90 valid=25 running=5 pending=60 launched=30 failed=0 gaveup=0 forkfail=0 free_kb=3618292 sims_boxwide=5 last_event_age=0s last_event_epoch=1789985523
[12:13:18] .. alive runid=20260921-103106-1723 event_age=75s | wave=crn total=90 valid=25 running=5 pending=60 launched=30 failed=0 gaveup=0 forkfail=0 free_kb=3618292 sims_boxwide=5 last_event_age=0s last_event_epoch=1789985523
[12:14:18] .. alive runid=20260921-103106-1723 event_age=135s | wave=crn total=90 valid=25 running=5 pending=60 launched=30 failed=0 gaveup=0 forkfail=0 free_kb=3618292 sims_boxwide=5 last_event_age=0s last_event_epoch=1789985523
[12:14:27] DONE ugKD_east_half_1532569567 rc=0 723s ugKD east/half seed=1532569567 rescued=3 dead=1 unreachable=0 never_detected=0 ff_deaths=0 terminal=94 completions=3 recycles=3 removals=3 returns=3 wall=721s [valid 26/90]
[12:14:28] LAUNCH ugKC_east_half_1401495347 running=5 free_kb=3729576 sims_boxwide=5 attempt=1
[12:15:18] .. alive runid=20260921-103106-1723 event_age=50s | wave=crn total=90 valid=26 running=5 pending=59 launched=31 failed=0 gaveup=0 forkfail=0 free_kb=3729576 sims_boxwide=5 last_event_age=0s last_event_epoch=1789985668
[12:16:18] .. alive runid=20260921-103106-1723 event_age=110s | wave=crn total=90 valid=26 running=5 pending=59 launched=31 failed=0 gaveup=0 forkfail=0 free_kb=3729576 sims_boxwide=5 last_event_age=0s last_event_epoch=1789985668
[12:17:18] .. alive runid=20260921-103106-1723 event_age=170s | wave=crn total=90 valid=26 running=5 pending=59 launched=31 failed=0 gaveup=0 forkfail=0 free_kb=3729576 sims_boxwide=5 last_event_age=0s last_event_epoch=1789985668
[12:18:18] .. alive runid=20260921-103106-1723 event_age=230s | wave=crn total=90 valid=26 running=5 pending=59 launched=31 failed=0 gaveup=0 forkfail=0 free_kb=3729576 sims_boxwide=5 last_event_age=0s last_event_epoch=1789985668
[12:19:18] .. alive runid=20260921-103106-1723 event_age=290s | wave=crn total=90 valid=26 running=5 pending=59 launched=31 failed=0 gaveup=0 forkfail=0 free_kb=3729576 sims_boxwide=5 last_event_age=0s last_event_epoch=1789985668
[12:20:19] .. alive runid=20260921-103106-1723 event_age=351s | wave=crn total=90 valid=26 running=5 pending=59 launched=31 failed=0 gaveup=0 forkfail=0 free_kb=3729576 sims_boxwide=5 last_event_age=0s last_event_epoch=1789985668
[12:21:19] .. alive runid=20260921-103106-1723 event_age=411s | wave=crn total=90 valid=26 running=5 pending=59 launched=31 failed=0 gaveup=0 forkfail=0 free_kb=3729576 sims_boxwide=5 last_event_age=0s last_event_epoch=1789985668
[12:22:08] DONE ugKY_east_half_1532569567 rc=0 730s ugKY east/half seed=1532569567 rescued=3 dead=1 unreachable=0 never_detected=0 ff_deaths=0 terminal=94 completions=3 recycles=3 removals=3 returns=3 wall=728s [valid 27/90]
[12:22:09] LAUNCH ugKD_east_half_1401495347 running=5 free_kb=3568284 sims_boxwide=4 attempt=1
[12:22:19] .. alive runid=20260921-103106-1723 event_age=10s | wave=crn total=90 valid=27 running=5 pending=58 launched=32 failed=0 gaveup=0 forkfail=0 free_kb=3568284 sims_boxwide=4 last_event_age=0s last_event_epoch=1789986129
[12:23:19] .. alive runid=20260921-103106-1723 event_age=70s | wave=crn total=90 valid=27 running=5 pending=58 launched=32 failed=0 gaveup=0 forkfail=0 free_kb=3568284 sims_boxwide=4 last_event_age=0s last_event_epoch=1789986129
[12:24:19] .. alive runid=20260921-103106-1723 event_age=130s | wave=crn total=90 valid=27 running=5 pending=58 launched=32 failed=0 gaveup=0 forkfail=0 free_kb=3568284 sims_boxwide=4 last_event_age=0s last_event_epoch=1789986129
[12:25:19] .. alive runid=20260921-103106-1723 event_age=190s | wave=crn total=90 valid=27 running=5 pending=58 launched=32 failed=0 gaveup=0 forkfail=0 free_kb=3568284 sims_boxwide=4 last_event_age=0s last_event_epoch=1789986129
[12:26:19] .. alive runid=20260921-103106-1723 event_age=250s | wave=crn total=90 valid=27 running=5 pending=58 launched=32 failed=0 gaveup=0 forkfail=0 free_kb=3568284 sims_boxwide=4 last_event_age=0s last_event_epoch=1789986129
[12:27:19] .. alive runid=20260921-103106-1723 event_age=310s | wave=crn total=90 valid=27 running=5 pending=58 launched=32 failed=0 gaveup=0 forkfail=0 free_kb=3568284 sims_boxwide=4 last_event_age=0s last_event_epoch=1789986129
[12:28:19] .. alive runid=20260921-103106-1723 event_age=370s | wave=crn total=90 valid=27 running=5 pending=58 launched=32 failed=0 gaveup=0 forkfail=0 free_kb=3568284 sims_boxwide=4 last_event_age=0s last_event_epoch=1789986129
[12:29:19] .. alive runid=20260921-103106-1723 event_age=430s | wave=crn total=90 valid=27 running=5 pending=58 launched=32 failed=0 gaveup=0 forkfail=0 free_kb=3568284 sims_boxwide=4 last_event_age=0s last_event_epoch=1789986129
[12:29:23] DONE ugKC_east_half_1401495347 rc=0 895s ugKC east/half seed=1401495347 rescued=2 dead=2 unreachable=0 never_detected=0 ff_deaths=0 terminal=198 completions=2 recycles=2 removals=2 returns=2 wall=894s [valid 28/90]
[12:29:24] LAUNCH ugKY_east_half_1401495347 running=5 free_kb=3601812 sims_boxwide=4 attempt=1
[12:30:19] .. alive runid=20260921-103106-1723 event_age=55s | wave=crn total=90 valid=28 running=5 pending=57 launched=33 failed=0 gaveup=0 forkfail=0 free_kb=3601812 sims_boxwide=4 last_event_age=0s last_event_epoch=1789986564
[12:30:59] DONE ugKC_east_half_498896028 rc=0 1210s ugKC east/half seed=498896028 rescued=3 dead=0 unreachable=0 never_detected=0 ff_deaths=1 terminal=None completions=3 recycles=3 removals=3 returns=3 wall=1209s [valid 29/90]
[12:31:00] LAUNCH ugKC_east_half_133894353 running=5 free_kb=3717228 sims_boxwide=4 attempt=1
[12:31:20] .. alive runid=20260921-103106-1723 event_age=20s | wave=crn total=90 valid=29 running=5 pending=56 launched=34 failed=0 gaveup=0 forkfail=0 free_kb=3717228 sims_boxwide=4 last_event_age=0s last_event_epoch=1789986660
[12:31:43] DONE ugKY_east_half_498896028 rc=0 1180s ugKY east/half seed=498896028 rescued=4 dead=0 unreachable=0 never_detected=0 ff_deaths=0 terminal=230 completions=4 recycles=4 removals=4 returns=4 wall=1179s [valid 30/90]
[12:31:44] LAUNCH ugKD_east_half_133894353 running=5 free_kb=3730988 sims_boxwide=4 attempt=1
[12:31:56] DONE ugKD_east_half_498896028 rc=0 1240s ugKD east/half seed=498896028 rescued=3 dead=0 unreachable=0 never_detected=0 ff_deaths=0 terminal=None completions=3 recycles=3 removals=3 returns=3 wall=1228s [valid 31/90]
[12:31:57] LAUNCH ugKY_east_half_133894353 running=5 free_kb=3703580 sims_boxwide=4 attempt=1
[12:32:20] .. alive runid=20260921-103106-1723 event_age=23s | wave=crn total=90 valid=31 running=5 pending=54 launched=36 failed=0 gaveup=0 forkfail=0 free_kb=3703580 sims_boxwide=4 last_event_age=0s last_event_epoch=1789986717
[12:33:20] .. alive runid=20260921-103106-1723 event_age=83s | wave=crn total=90 valid=31 running=5 pending=54 launched=36 failed=0 gaveup=0 forkfail=0 free_kb=3703580 sims_boxwide=4 last_event_age=0s last_event_epoch=1789986717
[12:34:20] .. alive runid=20260921-103106-1723 event_age=143s | wave=crn total=90 valid=31 running=5 pending=54 launched=36 failed=0 gaveup=0 forkfail=0 free_kb=3703580 sims_boxwide=4 last_event_age=0s last_event_epoch=1789986717
[12:35:20] .. alive runid=20260921-103106-1723 event_age=203s | wave=crn total=90 valid=31 running=5 pending=54 launched=36 failed=0 gaveup=0 forkfail=0 free_kb=3703580 sims_boxwide=4 last_event_age=0s last_event_epoch=1789986717
[12:36:20] .. alive runid=20260921-103106-1723 event_age=263s | wave=crn total=90 valid=31 running=5 pending=54 launched=36 failed=0 gaveup=0 forkfail=0 free_kb=3703580 sims_boxwide=4 last_event_age=0s last_event_epoch=1789986717
[12:37:11] DONE ugKD_east_half_1401495347 rc=0 901s ugKD east/half seed=1401495347 rescued=2 dead=2 unreachable=0 never_detected=0 ff_deaths=0 terminal=198 completions=2 recycles=2 removals=2 returns=2 wall=900s [valid 32/90]
[12:37:11] LAUNCH ugKC_east_half_1788979460 running=5 free_kb=3831004 sims_boxwide=4 attempt=1
[12:37:20] .. alive runid=20260921-103106-1723 event_age=9s | wave=crn total=90 valid=32 running=5 pending=53 launched=37 failed=0 gaveup=0 forkfail=0 free_kb=3831004 sims_boxwide=4 last_event_age=0s last_event_epoch=1789987031
[12:38:20] .. alive runid=20260921-103106-1723 event_age=69s | wave=crn total=90 valid=32 running=5 pending=53 launched=37 failed=0 gaveup=0 forkfail=0 free_kb=3831004 sims_boxwide=4 last_event_age=0s last_event_epoch=1789987031
[12:39:20] .. alive runid=20260921-103106-1723 event_age=129s | wave=crn total=90 valid=32 running=5 pending=53 launched=37 failed=0 gaveup=0 forkfail=0 free_kb=3831004 sims_boxwide=4 last_event_age=0s last_event_epoch=1789987031
[12:40:20] .. alive runid=20260921-103106-1723 event_age=189s | wave=crn total=90 valid=32 running=5 pending=53 launched=37 failed=0 gaveup=0 forkfail=0 free_kb=3831004 sims_boxwide=4 last_event_age=0s last_event_epoch=1789987031
[12:41:20] .. alive runid=20260921-103106-1723 event_age=249s | wave=crn total=90 valid=32 running=5 pending=53 launched=37 failed=0 gaveup=0 forkfail=0 free_kb=3831004 sims_boxwide=4 last_event_age=0s last_event_epoch=1789987031
[12:41:45] DONE ugKY_east_half_1401495347 rc=0 740s ugKY east/half seed=1401495347 rescued=2 dead=2 unreachable=0 never_detected=0 ff_deaths=0 terminal=198 completions=2 recycles=2 removals=2 returns=2 wall=739s [valid 33/90]
[12:41:45] LAUNCH ugKD_east_half_1788979460 running=5 free_kb=3798036 sims_boxwide=4 attempt=1
[12:42:21] .. alive runid=20260921-103106-1723 event_age=36s | wave=crn total=90 valid=33 running=5 pending=52 launched=38 failed=0 gaveup=0 forkfail=0 free_kb=3798036 sims_boxwide=4 last_event_age=0s last_event_epoch=1789987305
[12:42:29] DONE ugKC_east_half_133894353 rc=0 689s ugKC east/half seed=133894353 rescued=4 dead=0 unreachable=0 never_detected=0 ff_deaths=0 terminal=159 completions=4 recycles=4 removals=4 returns=4 wall=687s [valid 34/90]
[12:42:30] LAUNCH ugKY_east_half_1788979460 running=5 free_kb=3761228 sims_boxwide=4 attempt=1
[12:43:21] .. alive runid=20260921-103106-1723 event_age=51s | wave=crn total=90 valid=34 running=5 pending=51 launched=39 failed=0 gaveup=0 forkfail=0 free_kb=3761228 sims_boxwide=4 last_event_age=0s last_event_epoch=1789987350
[12:44:21] .. alive runid=20260921-103106-1723 event_age=111s | wave=crn total=90 valid=34 running=5 pending=51 launched=39 failed=0 gaveup=0 forkfail=0 free_kb=3761228 sims_boxwide=4 last_event_age=0s last_event_epoch=1789987350
[12:44:44] DONE ugKC_east_half_1788979460 rc=0 453s ugKC east/half seed=1788979460 rescued=3 dead=1 unreachable=0 never_detected=0 ff_deaths=0 terminal=104 completions=3 recycles=3 removals=3 returns=3 wall=451s [valid 35/90]
[12:44:45] LAUNCH ugKC_south_half_1486866530 running=5 free_kb=3773096 sims_boxwide=4 attempt=1
[12:44:57] DONE ugKD_east_half_133894353 rc=0 793s ugKD east/half seed=133894353 rescued=4 dead=0 unreachable=0 never_detected=0 ff_deaths=0 terminal=215 completions=4 recycles=4 removals=4 returns=4 wall=786s [valid 36/90]
[12:44:58] LAUNCH ugKD_south_half_1486866530 running=5 free_kb=3729608 sims_boxwide=4 attempt=1
[12:45:21] .. alive runid=20260921-103106-1723 event_age=23s | wave=crn total=90 valid=36 running=5 pending=49 launched=41 failed=0 gaveup=0 forkfail=0 free_kb=3729608 sims_boxwide=4 last_event_age=0s last_event_epoch=1789987498
[12:45:34] DONE ugKY_east_half_133894353 rc=0 816s ugKY east/half seed=133894353 rescued=4 dead=0 unreachable=0 never_detected=0 ff_deaths=0 terminal=224 completions=4 recycles=4 removals=4 returns=4 wall=815s [valid 37/90]
[12:45:35] LAUNCH ugKY_south_half_1486866530 running=5 free_kb=3811188 sims_boxwide=4 attempt=1
[12:46:21] .. alive runid=20260921-103106-1723 event_age=46s | wave=crn total=90 valid=37 running=5 pending=48 launched=42 failed=0 gaveup=0 forkfail=0 free_kb=3811188 sims_boxwide=4 last_event_age=0s last_event_epoch=1789987535
[12:47:21] .. alive runid=20260921-103106-1723 event_age=106s | wave=crn total=90 valid=37 running=5 pending=48 launched=42 failed=0 gaveup=0 forkfail=0 free_kb=3811188 sims_boxwide=4 last_event_age=0s last_event_epoch=1789987535
[12:48:21] .. alive runid=20260921-103106-1723 event_age=166s | wave=crn total=90 valid=37 running=5 pending=48 launched=42 failed=0 gaveup=0 forkfail=0 free_kb=3811188 sims_boxwide=4 last_event_age=0s last_event_epoch=1789987535
[12:49:19] DONE ugKD_east_half_1788979460 rc=0 453s ugKD east/half seed=1788979460 rescued=3 dead=1 unreachable=0 never_detected=0 ff_deaths=0 terminal=93 completions=3 recycles=3 removals=3 returns=3 wall=451s [valid 38/90]
[12:49:19] LAUNCH ugKC_south_half_536769381 running=5 free_kb=3667628 sims_boxwide=4 attempt=1
[12:49:21] .. alive runid=20260921-103106-1723 event_age=2s | wave=crn total=90 valid=38 running=5 pending=47 launched=43 failed=0 gaveup=0 forkfail=0 free_kb=3667628 sims_boxwide=4 last_event_age=0s last_event_epoch=1789987759
[12:49:53] DONE ugKY_east_half_1788979460 rc=0 443s ugKY east/half seed=1788979460 rescued=3 dead=1 unreachable=0 never_detected=0 ff_deaths=0 terminal=93 completions=3 recycles=3 removals=3 returns=3 wall=441s [valid 39/90]
[12:49:54] LAUNCH ugKD_south_half_536769381 running=5 free_kb=3722312 sims_boxwide=4 attempt=1
[12:50:06] DONE ugKC_south_half_1486866530 rc=0 321s ugKC south/half seed=1486866530 rescued=3 dead=1 unreachable=0 never_detected=0 ff_deaths=1 terminal=204 completions=3 recycles=3 removals=3 returns=3 wall=310s [valid 40/90]
[12:50:07] DONE ugKD_south_half_1486866530 rc=0 308s ugKD south/half seed=1486866530 rescued=3 dead=1 unreachable=0 never_detected=0 ff_deaths=0 terminal=204 completions=3 recycles=3 removals=3 returns=3 wall=306s [valid 41/90]
[12:50:08] LAUNCH ugKY_south_half_536769381 running=4 free_kb=4644812 sims_boxwide=3 attempt=1
[12:50:20] THROTTLE free_kb=2912644 <= 3500000 running=4
[12:50:21] .. alive runid=20260921-103106-1723 event_age=13s | wave=crn total=90 valid=41 running=4 pending=45 launched=45 failed=0 gaveup=0 forkfail=0 free_kb=2912644 sims_boxwide=4 last_event_age=12s last_event_epoch=1789987808
[12:50:47] DONE ugKY_south_half_1486866530 rc=0 312s ugKY south/half seed=1486866530 rescued=3 dead=1 unreachable=0 never_detected=0 ff_deaths=1 terminal=204 completions=3 recycles=3 removals=3 returns=3 wall=311s [valid 42/90]
[12:50:48] THROTTLE free_kb=2896828 <= 3500000 running=3
[12:51:21] .. alive runid=20260921-103106-1723 event_age=34s | wave=crn total=90 valid=42 running=3 pending=45 launched=45 failed=0 gaveup=0 forkfail=0 free_kb=2896828 sims_boxwide=3 last_event_age=1s last_event_epoch=1789987847
[12:52:21] .. alive runid=20260921-103106-1723 event_age=94s | wave=crn total=90 valid=42 running=3 pending=45 launched=45 failed=0 gaveup=0 forkfail=0 free_kb=2896828 sims_boxwide=3 last_event_age=1s last_event_epoch=1789987847
[12:52:46] DONE ugKC_south_half_536769381 rc=0 207s ugKC south/half seed=536769381 rescued=4 dead=0 unreachable=0 never_detected=0 ff_deaths=0 terminal=114 completions=4 recycles=4 removals=4 returns=4 wall=205s [valid 43/90]
[12:52:47] LAUNCH ugKC_south_half_791464433 running=3 free_kb=3790700 sims_boxwide=2 attempt=1
[12:53:00] THROTTLE free_kb=2884136 <= 3500000 running=3
[12:53:21] DONE ugKD_south_half_536769381 rc=0 207s ugKD south/half seed=536769381 rescued=4 dead=0 unreachable=0 never_detected=0 ff_deaths=0 terminal=113 completions=4 recycles=4 removals=4 returns=4 wall=205s [valid 44/90]
[12:53:21] .. alive runid=20260921-103106-1723 event_age=0s | wave=crn total=90 valid=44 running=2 pending=44 launched=46 failed=0 gaveup=0 forkfail=0 free_kb=2884136 sims_boxwide=3 last_event_age=0s last_event_epoch=1789988001
[12:53:22] LAUNCH ugKD_south_half_791464433 running=3 free_kb=3769672 sims_boxwide=2 attempt=1
[12:53:35] THROTTLE free_kb=2917068 <= 3500000 running=3
[12:53:39] DONE ugKY_south_half_536769381 rc=0 211s ugKY south/half seed=536769381 rescued=4 dead=0 unreachable=0 never_detected=0 ff_deaths=0 terminal=113 completions=4 recycles=4 removals=4 returns=4 wall=209s [valid 45/90]
[12:53:40] LAUNCH ugKY_south_half_791464433 running=3 free_kb=3809000 sims_boxwide=2 attempt=1
[12:53:52] THROTTLE free_kb=2931364 <= 3500000 running=3
[12:54:22] .. alive runid=20260921-103106-1723 event_age=42s | wave=crn total=90 valid=45 running=3 pending=42 launched=48 failed=0 gaveup=0 forkfail=0 free_kb=2931364 sims_boxwide=3 last_event_age=12s last_event_epoch=1789988020
[12:55:22] .. alive runid=20260921-103106-1723 event_age=102s | wave=crn total=90 valid=45 running=3 pending=42 launched=48 failed=0 gaveup=0 forkfail=0 free_kb=2931364 sims_boxwide=3 last_event_age=12s last_event_epoch=1789988020
[12:56:22] .. alive runid=20260921-103106-1723 event_age=162s | wave=crn total=90 valid=45 running=3 pending=42 launched=48 failed=0 gaveup=0 forkfail=0 free_kb=2931364 sims_boxwide=3 last_event_age=12s last_event_epoch=1789988020
[12:57:22] .. alive runid=20260921-103106-1723 event_age=222s | wave=crn total=90 valid=45 running=3 pending=42 launched=48 failed=0 gaveup=0 forkfail=0 free_kb=2931364 sims_boxwide=3 last_event_age=12s last_event_epoch=1789988020
[12:58:22] .. alive runid=20260921-103106-1723 event_age=282s | wave=crn total=90 valid=45 running=3 pending=42 launched=48 failed=0 gaveup=0 forkfail=0 free_kb=2931364 sims_boxwide=3 last_event_age=12s last_event_epoch=1789988020
[12:59:20] DONE ugKC_south_half_791464433 rc=0 393s ugKC south/half seed=791464433 rescued=3 dead=0 unreachable=0 never_detected=0 ff_deaths=1 terminal=None completions=3 recycles=3 removals=3 returns=3 wall=391s [valid 46/90]
[12:59:21] LAUNCH ugKC_south_half_706299103 running=3 free_kb=3789484 sims_boxwide=2 attempt=1
[12:59:22] .. alive runid=20260921-103106-1723 event_age=1s | wave=crn total=90 valid=46 running=3 pending=41 launched=49 failed=0 gaveup=0 forkfail=0 free_kb=3789484 sims_boxwide=2 last_event_age=0s last_event_epoch=1789988361
[12:59:34] THROTTLE free_kb=2913296 <= 3500000 running=3
[12:59:38] DONE ugKD_south_half_791464433 rc=0 376s ugKD south/half seed=791464433 rescued=3 dead=0 unreachable=0 never_detected=0 ff_deaths=1 terminal=None completions=3 recycles=3 removals=3 returns=3 wall=375s [valid 47/90]
[12:59:39] LAUNCH ugKD_south_half_706299103 running=3 free_kb=3800592 sims_boxwide=2 attempt=1
[12:59:52] THROTTLE free_kb=2926960 <= 3500000 running=3
[13:00:22] DONE ugKY_south_half_791464433 rc=0 401s ugKY south/half seed=791464433 rescued=3 dead=0 unreachable=0 never_detected=0 ff_deaths=1 terminal=None completions=3 recycles=3 removals=3 returns=3 wall=400s [valid 48/90]
[13:00:22] .. alive runid=20260921-103106-1723 event_age=1s | wave=crn total=90 valid=48 running=2 pending=40 launched=50 failed=0 gaveup=0 forkfail=0 free_kb=2926960 sims_boxwide=3 last_event_age=1s last_event_epoch=1789988421
[13:00:22] LAUNCH ugKY_south_half_706299103 running=3 free_kb=4727792 sims_boxwide=2 attempt=1
[13:00:35] THROTTLE free_kb=2996076 <= 3500000 running=3
[13:01:22] .. alive runid=20260921-103106-1723 event_age=60s | wave=crn total=90 valid=48 running=3 pending=39 launched=51 failed=0 gaveup=0 forkfail=0 free_kb=2996076 sims_boxwide=3 last_event_age=13s last_event_epoch=1789988422
[13:02:22] .. alive runid=20260921-103106-1723 event_age=120s | wave=crn total=90 valid=48 running=3 pending=39 launched=51 failed=0 gaveup=0 forkfail=0 free_kb=2996076 sims_boxwide=3 last_event_age=13s last_event_epoch=1789988422
[13:03:22] .. alive runid=20260921-103106-1723 event_age=180s | wave=crn total=90 valid=48 running=3 pending=39 launched=51 failed=0 gaveup=0 forkfail=0 free_kb=2996076 sims_boxwide=3 last_event_age=13s last_event_epoch=1789988422
[13:04:22] .. alive runid=20260921-103106-1723 event_age=240s | wave=crn total=90 valid=48 running=3 pending=39 launched=51 failed=0 gaveup=0 forkfail=0 free_kb=2996076 sims_boxwide=3 last_event_age=13s last_event_epoch=1789988422
[13:04:23] DONE ugKC_south_half_706299103 rc=0 302s ugKC south/half seed=706299103 rescued=3 dead=0 unreachable=1 never_detected=0 ff_deaths=2 terminal=213 completions=3 recycles=3 removals=3 returns=3 wall=300s [valid 49/90]
[13:04:24] LAUNCH ugKC_south_half_1364948962 running=3 free_kb=3746152 sims_boxwide=2 attempt=1
[13:04:36] DONE ugKD_south_half_706299103 rc=0 297s ugKD south/half seed=706299103 rescued=4 dead=0 unreachable=0 never_detected=0 ff_deaths=1 terminal=172 completions=4 recycles=4 removals=4 returns=4 wall=286s [valid 50/90]
[13:04:37] LAUNCH ugKD_south_half_1364948962 running=3 free_kb=3759816 sims_boxwide=2 attempt=1
[13:04:50] THROTTLE free_kb=2890616 <= 3500000 running=3
[13:05:08] DONE ugKY_south_half_706299103 rc=0 286s ugKY south/half seed=706299103 rescued=4 dead=0 unreachable=0 never_detected=0 ff_deaths=1 terminal=172 completions=4 recycles=4 removals=4 returns=4 wall=284s [valid 51/90]
[13:05:09] LAUNCH ugKY_south_half_1364948962 running=3 free_kb=3774152 sims_boxwide=2 attempt=1
[13:05:22] LAUNCH ugKC_south_half_937041678 running=4 free_kb=3830636 sims_boxwide=3 attempt=1
[13:05:23] .. alive runid=20260921-103106-1723 event_age=1s | wave=crn total=90 valid=51 running=4 pending=35 launched=55 failed=0 gaveup=0 forkfail=0 free_kb=3830636 sims_boxwide=3 last_event_age=0s last_event_epoch=1789988722
[13:05:35] THROTTLE free_kb=2987936 <= 3500000 running=4
[13:06:23] .. alive runid=20260921-103106-1723 event_age=61s | wave=crn total=90 valid=51 running=4 pending=35 launched=55 failed=0 gaveup=0 forkfail=0 free_kb=2987936 sims_boxwide=4 last_event_age=13s last_event_epoch=1789988722
[13:07:23] .. alive runid=20260921-103106-1723 event_age=121s | wave=crn total=90 valid=51 running=4 pending=35 launched=55 failed=0 gaveup=0 forkfail=0 free_kb=2987936 sims_boxwide=4 last_event_age=13s last_event_epoch=1789988722
[13:08:23] .. alive runid=20260921-103106-1723 event_age=181s | wave=crn total=90 valid=51 running=4 pending=35 launched=55 failed=0 gaveup=0 forkfail=0 free_kb=2987936 sims_boxwide=4 last_event_age=13s last_event_epoch=1789988722
[13:08:36] DONE ugKC_south_half_1364948962 rc=0 252s ugKC south/half seed=1364948962 rescued=4 dead=0 unreachable=0 never_detected=0 ff_deaths=0 terminal=155 completions=4 recycles=4 removals=4 returns=4 wall=250s [valid 52/90]
[13:08:37] LAUNCH ugKD_south_half_937041678 running=4 free_kb=3755116 sims_boxwide=3 attempt=1
[13:08:49] DONE ugKD_south_half_1364948962 rc=0 252s ugKD south/half seed=1364948962 rescued=4 dead=0 unreachable=0 never_detected=0 ff_deaths=0 terminal=149 completions=4 recycles=4 removals=4 returns=4 wall=246s [valid 53/90]
[13:08:50] LAUNCH ugKY_south_half_937041678 running=4 free_kb=3785356 sims_boxwide=3 attempt=1
[13:09:03] THROTTLE free_kb=2877472 <= 3500000 running=4
[13:09:21] DONE ugKY_south_half_1364948962 rc=0 252s ugKY south/half seed=1364948962 rescued=4 dead=0 unreachable=0 never_detected=0 ff_deaths=0 terminal=149 completions=4 recycles=4 removals=4 returns=4 wall=250s [valid 54/90]
[13:09:22] LAUNCH ugKC_south_half_954838929 running=4 free_kb=3734204 sims_boxwide=3 attempt=1
[13:09:23] .. alive runid=20260921-103106-1723 event_age=1s | wave=crn total=90 valid=54 running=4 pending=32 launched=58 failed=0 gaveup=0 forkfail=0 free_kb=3734204 sims_boxwide=3 last_event_age=0s last_event_epoch=1789988962
[13:09:35] THROTTLE free_kb=2842944 <= 3500000 running=4
[13:09:53] DONE ugKC_south_half_937041678 rc=0 271s ugKC south/half seed=937041678 rescued=4 dead=0 unreachable=0 never_detected=0 ff_deaths=1 terminal=184 completions=4 recycles=4 removals=4 returns=4 wall=270s [valid 55/90]
[13:09:54] LAUNCH ugKD_south_half_954838929 running=4 free_kb=3823084 sims_boxwide=3 attempt=1
[13:10:07] THROTTLE free_kb=2995284 <= 3500000 running=4
[13:10:23] .. alive runid=20260921-103106-1723 event_age=29s | wave=crn total=90 valid=55 running=4 pending=31 launched=59 failed=0 gaveup=0 forkfail=0 free_kb=2995284 sims_boxwide=4 last_event_age=13s last_event_epoch=1789988994
[13:11:23] .. alive runid=20260921-103106-1723 event_age=89s | wave=crn total=90 valid=55 running=4 pending=31 launched=59 failed=0 gaveup=0 forkfail=0 free_kb=2995284 sims_boxwide=4 last_event_age=13s last_event_epoch=1789988994
[13:12:23] .. alive runid=20260921-103106-1723 event_age=149s | wave=crn total=90 valid=55 running=4 pending=31 launched=59 failed=0 gaveup=0 forkfail=0 free_kb=2995284 sims_boxwide=4 last_event_age=13s last_event_epoch=1789988994
[13:13:00] DONE ugKD_south_half_937041678 rc=0 263s ugKD south/half seed=937041678 rescued=4 dead=0 unreachable=0 never_detected=0 ff_deaths=1 terminal=173 completions=4 recycles=4 removals=4 returns=4 wall=262s [valid 56/90]
[13:13:01] LAUNCH ugKY_south_half_954838929 running=4 free_kb=3657296 sims_boxwide=3 attempt=1
[13:13:14] THROTTLE free_kb=2833736 <= 3500000 running=4
[13:13:15] DONE ugKY_south_half_937041678 rc=0 265s ugKY south/half seed=937041678 rescued=4 dead=0 unreachable=0 never_detected=0 ff_deaths=1 terminal=173 completions=4 recycles=4 removals=4 returns=4 wall=263s [valid 57/90]
[13:13:16] LAUNCH ugKC_south_half_139925734 running=4 free_kb=3705168 sims_boxwide=3 attempt=1
[13:13:23] .. alive runid=20260921-103106-1723 event_age=7s | wave=crn total=90 valid=57 running=4 pending=29 launched=61 failed=0 gaveup=0 forkfail=0 free_kb=3705168 sims_boxwide=3 last_event_age=0s last_event_epoch=1789989196
[13:13:29] THROTTLE free_kb=2844604 <= 3500000 running=4
[13:14:23] .. alive runid=20260921-103106-1723 event_age=67s | wave=crn total=90 valid=57 running=4 pending=29 launched=61 failed=0 gaveup=0 forkfail=0 free_kb=2844604 sims_boxwide=4 last_event_age=13s last_event_epoch=1789989196
[13:14:34] DONE ugKD_south_half_954838929 rc=0 280s ugKD south/half seed=954838929 rescued=3 dead=1 unreachable=0 never_detected=0 ff_deaths=0 terminal=95 completions=3 recycles=3 removals=3 returns=3 wall=278s [valid 58/90]
[13:14:35] LAUNCH ugKD_south_half_139925734 running=4 free_kb=3749948 sims_boxwide=3 attempt=1
[13:14:48] LAUNCH ugKY_south_half_139925734 running=5 free_kb=3843140 sims_boxwide=4 attempt=1
[13:15:00] DONE ugKC_south_half_954838929 rc=0 338s ugKC south/half seed=954838929 rescued=3 dead=1 unreachable=0 never_detected=0 ff_deaths=1 terminal=115 completions=3 recycles=3 removals=3 returns=3 wall=335s [valid 59/90]
[13:15:01] LAUNCH ugKC_south_half_1624156665 running=5 free_kb=3842620 sims_boxwide=4 attempt=1
[13:15:23] .. alive runid=20260921-103106-1723 event_age=22s | wave=crn total=90 valid=59 running=5 pending=26 launched=64 failed=0 gaveup=0 forkfail=0 free_kb=3842620 sims_boxwide=4 last_event_age=0s last_event_epoch=1789989301
[13:16:23] .. alive runid=20260921-103106-1723 event_age=82s | wave=crn total=90 valid=59 running=5 pending=26 launched=64 failed=0 gaveup=0 forkfail=0 free_kb=3842620 sims_boxwide=4 last_event_age=0s last_event_epoch=1789989301
[13:17:24] .. alive runid=20260921-103106-1723 event_age=143s | wave=crn total=90 valid=59 running=5 pending=26 launched=64 failed=0 gaveup=0 forkfail=0 free_kb=3842620 sims_boxwide=4 last_event_age=0s last_event_epoch=1789989301
[13:17:41] DONE ugKY_south_half_954838929 rc=0 279s ugKY south/half seed=954838929 rescued=3 dead=1 unreachable=0 never_detected=0 ff_deaths=2 terminal=95 completions=3 recycles=3 removals=3 returns=3 wall=277s [valid 60/90]
[13:17:41] LAUNCH ugKD_south_half_1624156665 running=5 free_kb=3758608 sims_boxwide=4 attempt=1
[13:18:24] .. alive runid=20260921-103106-1723 event_age=43s | wave=crn total=90 valid=60 running=5 pending=25 launched=65 failed=0 gaveup=0 forkfail=0 free_kb=3758608 sims_boxwide=4 last_event_age=0s last_event_epoch=1789989461
[13:18:26] DONE ugKC_south_half_1624156665 rc=0 205s ugKC south/half seed=1624156665 rescued=4 dead=0 unreachable=0 never_detected=0 ff_deaths=0 terminal=133 completions=4 recycles=4 removals=4 returns=4 wall=203s [valid 61/90]
[13:18:27] LAUNCH ugKY_south_half_1624156665 running=5 free_kb=3758252 sims_boxwide=4 attempt=1
[13:19:15] DONE ugKC_south_half_139925734 rc=0 358s ugKC south/half seed=139925734 rescued=3 dead=1 unreachable=0 never_detected=0 ff_deaths=1 terminal=135 completions=3 recycles=3 removals=3 returns=3 wall=357s [valid 62/90]
[13:19:16] LAUNCH ugKC_south_half_285242396 running=5 free_kb=3754704 sims_boxwide=4 attempt=1
[13:19:24] .. alive runid=20260921-103106-1723 event_age=8s | wave=crn total=90 valid=62 running=5 pending=23 launched=67 failed=0 gaveup=0 forkfail=0 free_kb=3754704 sims_boxwide=4 last_event_age=0s last_event_epoch=1789989556
[13:19:57] DONE ugKD_south_half_139925734 rc=0 322s ugKD south/half seed=139925734 rescued=3 dead=1 unreachable=0 never_detected=0 ff_deaths=0 terminal=100 completions=3 recycles=3 removals=3 returns=3 wall=320s [valid 63/90]
[13:19:58] LAUNCH ugKD_south_half_285242396 running=5 free_kb=3779340 sims_boxwide=4 attempt=1
[13:20:24] .. alive runid=20260921-103106-1723 event_age=26s | wave=crn total=90 valid=63 running=5 pending=22 launched=68 failed=0 gaveup=0 forkfail=0 free_kb=3779340 sims_boxwide=4 last_event_age=0s last_event_epoch=1789989598
[13:20:24] DONE ugKY_south_half_139925734 rc=0 336s ugKY south/half seed=139925734 rescued=3 dead=1 unreachable=0 never_detected=0 ff_deaths=1 terminal=101 completions=3 recycles=3 removals=3 returns=3 wall=335s [valid 64/90]
[13:20:25] LAUNCH ugKY_south_half_285242396 running=5 free_kb=3796732 sims_boxwide=4 attempt=1
[13:21:10] DONE ugKD_south_half_1624156665 rc=0 208s ugKD south/half seed=1624156665 rescued=4 dead=0 unreachable=0 never_detected=0 ff_deaths=0 terminal=134 completions=4 recycles=4 removals=4 returns=4 wall=207s [valid 65/90]
[13:21:11] LAUNCH ugKC_south_half_573250932 running=5 free_kb=3672112 sims_boxwide=4 attempt=1
[13:21:24] .. alive runid=20260921-103106-1723 event_age=13s | wave=crn total=90 valid=65 running=5 pending=20 launched=70 failed=0 gaveup=0 forkfail=0 free_kb=3672112 sims_boxwide=4 last_event_age=0s last_event_epoch=1789989671
[13:21:54] DONE ugKY_south_half_1624156665 rc=0 207s ugKY south/half seed=1624156665 rescued=4 dead=0 unreachable=0 never_detected=0 ff_deaths=0 terminal=134 completions=4 recycles=4 removals=4 returns=4 wall=205s [valid 66/90]
[13:21:55] LAUNCH ugKD_south_half_573250932 running=5 free_kb=3736864 sims_boxwide=4 attempt=1
[13:22:24] .. alive runid=20260921-103106-1723 event_age=29s | wave=crn total=90 valid=66 running=5 pending=19 launched=71 failed=0 gaveup=0 forkfail=0 free_kb=3736864 sims_boxwide=4 last_event_age=0s last_event_epoch=1789989715
[13:23:01] DONE ugKC_south_half_285242396 rc=0 225s ugKC south/half seed=285242396 rescued=4 dead=0 unreachable=0 never_detected=0 ff_deaths=0 terminal=130 completions=4 recycles=4 removals=4 returns=4 wall=224s [valid 67/90]
[13:23:02] LAUNCH ugKY_south_half_573250932 running=5 free_kb=3692488 sims_boxwide=4 attempt=1
[13:23:24] .. alive runid=20260921-103106-1723 event_age=22s | wave=crn total=90 valid=67 running=5 pending=18 launched=72 failed=0 gaveup=0 forkfail=0 free_kb=3692488 sims_boxwide=4 last_event_age=0s last_event_epoch=1789989782
[13:24:24] .. alive runid=20260921-103106-1723 event_age=82s | wave=crn total=90 valid=67 running=5 pending=18 launched=72 failed=0 gaveup=0 forkfail=0 free_kb=3692488 sims_boxwide=4 last_event_age=0s last_event_epoch=1789989782
[13:24:26] DONE ugKD_south_half_285242396 rc=0 268s ugKD south/half seed=285242396 rescued=3 dead=0 unreachable=0 never_detected=0 ff_deaths=0 terminal=None completions=3 recycles=3 removals=3 returns=3 wall=267s [valid 68/90]
[13:24:27] LAUNCH ugKC_south_half_1048395951 running=5 free_kb=3763460 sims_boxwide=4 attempt=1
[13:24:47] DONE ugKY_south_half_285242396 rc=0 261s ugKY south/half seed=285242396 rescued=3 dead=0 unreachable=0 never_detected=0 ff_deaths=0 terminal=None completions=3 recycles=3 removals=3 returns=3 wall=260s [valid 69/90]
[13:24:47] LAUNCH ugKD_south_half_1048395951 running=5 free_kb=3781544 sims_boxwide=4 attempt=1
[13:25:24] .. alive runid=20260921-103106-1723 event_age=37s | wave=crn total=90 valid=69 running=5 pending=16 launched=74 failed=0 gaveup=0 forkfail=0 free_kb=3781544 sims_boxwide=4 last_event_age=0s last_event_epoch=1789989887
[13:25:45] DONE ugKC_south_half_573250932 rc=0 274s ugKC south/half seed=573250932 rescued=4 dead=0 unreachable=0 never_detected=0 ff_deaths=1 terminal=208 completions=4 recycles=4 removals=4 returns=4 wall=273s [valid 70/90]
[13:25:46] LAUNCH ugKY_south_half_1048395951 running=5 free_kb=3745716 sims_boxwide=4 attempt=1
[13:26:24] .. alive runid=20260921-103106-1723 event_age=38s | wave=crn total=90 valid=70 running=5 pending=15 launched=75 failed=0 gaveup=0 forkfail=0 free_kb=3745716 sims_boxwide=4 last_event_age=0s last_event_epoch=1789989946
[13:26:35] DONE ugKD_south_half_573250932 rc=0 280s ugKD south/half seed=573250932 rescued=4 dead=0 unreachable=0 never_detected=0 ff_deaths=0 terminal=229 completions=4 recycles=4 removals=4 returns=4 wall=278s [valid 71/90]
[13:26:36] LAUNCH ugKC_south_half_903347495 running=5 free_kb=3738772 sims_boxwide=4 attempt=1
[13:27:24] .. alive runid=20260921-103106-1723 event_age=48s | wave=crn total=90 valid=71 running=5 pending=14 launched=76 failed=0 gaveup=0 forkfail=0 free_kb=3738772 sims_boxwide=4 last_event_age=0s last_event_epoch=1789989996
[13:27:44] DONE ugKY_south_half_573250932 rc=0 282s ugKY south/half seed=573250932 rescued=4 dead=0 unreachable=0 never_detected=0 ff_deaths=0 terminal=229 completions=4 recycles=4 removals=4 returns=4 wall=280s [valid 72/90]
[13:27:45] LAUNCH ugKD_south_half_903347495 running=5 free_kb=3677976 sims_boxwide=4 attempt=1
[13:28:24] .. alive runid=20260921-103106-1723 event_age=39s | wave=crn total=90 valid=72 running=5 pending=13 launched=77 failed=0 gaveup=0 forkfail=0 free_kb=3677976 sims_boxwide=4 last_event_age=0s last_event_epoch=1789990065
[13:29:25] .. alive runid=20260921-103106-1723 event_age=100s | wave=crn total=90 valid=72 running=5 pending=13 launched=77 failed=0 gaveup=0 forkfail=0 free_kb=3677976 sims_boxwide=4 last_event_age=0s last_event_epoch=1789990065
[13:30:25] .. alive runid=20260921-103106-1723 event_age=160s | wave=crn total=90 valid=72 running=5 pending=13 launched=77 failed=0 gaveup=0 forkfail=0 free_kb=3677976 sims_boxwide=4 last_event_age=0s last_event_epoch=1789990065
[13:30:29] DONE ugKC_south_half_1048395951 rc=0 362s ugKC south/half seed=1048395951 rescued=3 dead=1 unreachable=0 never_detected=0 ff_deaths=0 terminal=198 completions=3 recycles=3 removals=3 returns=3 wall=360s [valid 73/90]
[13:30:30] LAUNCH ugKY_south_half_903347495 running=5 free_kb=3689044 sims_boxwide=4 attempt=1
[13:30:42] DONE ugKC_south_half_903347495 rc=0 246s ugKC south/half seed=903347495 rescued=4 dead=0 unreachable=0 never_detected=0 ff_deaths=0 terminal=224 completions=4 recycles=4 removals=4 returns=4 wall=239s [valid 74/90]
[13:30:43] LAUNCH ugKC_east_def_2038269169 running=5 free_kb=4623584 sims_boxwide=3 attempt=1
[13:30:56] DONE ugKD_south_half_1048395951 rc=0 368s ugKD south/half seed=1048395951 rescued=3 dead=1 unreachable=0 never_detected=0 ff_deaths=1 terminal=198 completions=3 recycles=3 removals=3 returns=3 wall=354s [valid 75/90]
[13:30:57] LAUNCH ugKD_east_def_2038269169 running=5 free_kb=3748124 sims_boxwide=4 attempt=1
[13:31:25] .. alive runid=20260921-103106-1723 event_age=29s | wave=crn total=90 valid=75 running=5 pending=10 launched=80 failed=0 gaveup=0 forkfail=0 free_kb=3748124 sims_boxwide=4 last_event_age=1s last_event_epoch=1789990256
[13:31:25] DONE ugKD_south_half_903347495 rc=0 220s ugKD south/half seed=903347495 rescued=4 dead=0 unreachable=0 never_detected=0 ff_deaths=0 terminal=149 completions=4 recycles=4 removals=4 returns=4 wall=219s [valid 76/90]
[13:31:26] LAUNCH ugKY_east_def_2038269169 running=5 free_kb=3760440 sims_boxwide=4 attempt=1
[13:31:39] DONE ugKY_south_half_1048395951 rc=0 352s ugKY south/half seed=1048395951 rescued=3 dead=1 unreachable=0 never_detected=0 ff_deaths=1 terminal=198 completions=3 recycles=3 removals=3 returns=3 wall=350s [valid 77/90]
[13:31:39] LAUNCH ugKC_east_def_1749069988 running=5 free_kb=3840036 sims_boxwide=4 attempt=1
[13:32:25] .. alive runid=20260921-103106-1723 event_age=46s | wave=crn total=90 valid=77 running=5 pending=8 launched=82 failed=0 gaveup=0 forkfail=0 free_kb=3840036 sims_boxwide=4 last_event_age=0s last_event_epoch=1789990299
[13:33:25] .. alive runid=20260921-103106-1723 event_age=106s | wave=crn total=90 valid=77 running=5 pending=8 launched=82 failed=0 gaveup=0 forkfail=0 free_kb=3840036 sims_boxwide=4 last_event_age=0s last_event_epoch=1789990299
[13:34:12] DONE ugKY_south_half_903347495 rc=0 222s ugKY south/half seed=903347495 rescued=4 dead=0 unreachable=0 never_detected=0 ff_deaths=0 terminal=149 completions=4 recycles=4 removals=4 returns=4 wall=221s [valid 78/90]
[13:34:13] LAUNCH ugKD_east_def_1749069988 running=5 free_kb=3739736 sims_boxwide=4 attempt=1
[13:34:25] .. alive runid=20260921-103106-1723 event_age=12s | wave=crn total=90 valid=78 running=5 pending=7 launched=83 failed=0 gaveup=0 forkfail=0 free_kb=3739736 sims_boxwide=4 last_event_age=0s last_event_epoch=1789990453
[13:35:18] DONE ugKC_east_def_2038269169 rc=0 275s ugKC east/default seed=2038269169 rescued=3 dead=0 unreachable=0 never_detected=0 ff_deaths=1 terminal=None completions=3 recycles=3 removals=3 returns=3 wall=273s [valid 79/90]
[13:35:19] LAUNCH ugKY_east_def_1749069988 running=5 free_kb=3733640 sims_boxwide=4 attempt=1
[13:35:25] .. alive runid=20260921-103106-1723 event_age=6s | wave=crn total=90 valid=79 running=5 pending=6 launched=84 failed=0 gaveup=0 forkfail=0 free_kb=3733640 sims_boxwide=4 last_event_age=0s last_event_epoch=1789990519
[13:35:56] DONE ugKD_east_def_2038269169 rc=0 300s ugKD east/default seed=2038269169 rescued=3 dead=0 unreachable=0 never_detected=0 ff_deaths=0 terminal=None completions=3 recycles=3 removals=3 returns=3 wall=298s [valid 80/90]
[13:35:57] LAUNCH ugKC_east_def_1420331661 running=5 free_kb=3771748 sims_boxwide=4 attempt=1
[13:36:09] DONE ugKY_east_def_2038269169 rc=0 283s ugKY east/default seed=2038269169 rescued=3 dead=0 unreachable=0 never_detected=0 ff_deaths=0 terminal=None completions=3 recycles=3 removals=3 returns=3 wall=274s [valid 81/90]
[13:36:10] LAUNCH ugKD_east_def_1420331661 running=5 free_kb=3727208 sims_boxwide=4 attempt=1
[13:36:23] DONE ugKC_east_def_1749069988 rc=0 283s ugKC east/default seed=1749069988 rescued=2 dead=1 unreachable=1 never_detected=1 ff_deaths=1 terminal=210 completions=2 recycles=2 removals=2 returns=2 wall=274s [valid 82/90]
[13:36:23] LAUNCH ugKY_east_def_1420331661 running=5 free_kb=3769272 sims_boxwide=4 attempt=1
[13:36:25] .. alive runid=20260921-103106-1723 event_age=2s | wave=crn total=90 valid=82 running=5 pending=3 launched=87 failed=0 gaveup=0 forkfail=0 free_kb=3769272 sims_boxwide=4 last_event_age=0s last_event_epoch=1789990583
[13:37:25] .. alive runid=20260921-103106-1723 event_age=62s | wave=crn total=90 valid=82 running=5 pending=3 launched=87 failed=0 gaveup=0 forkfail=0 free_kb=3769272 sims_boxwide=4 last_event_age=0s last_event_epoch=1789990583
[13:38:25] .. alive runid=20260921-103106-1723 event_age=122s | wave=crn total=90 valid=82 running=5 pending=3 launched=87 failed=0 gaveup=0 forkfail=0 free_kb=3769272 sims_boxwide=4 last_event_age=0s last_event_epoch=1789990583
[13:38:47] DONE ugKD_east_def_1749069988 rc=0 274s ugKD east/default seed=1749069988 rescued=2 dead=1 unreachable=0 never_detected=0 ff_deaths=0 terminal=None completions=2 recycles=2 removals=2 returns=2 wall=272s [valid 83/90]
[13:38:48] LAUNCH ugKC_east_def_1480870832 running=5 free_kb=3722476 sims_boxwide=4 attempt=1
[13:39:25] .. alive runid=20260921-103106-1723 event_age=37s | wave=crn total=90 valid=83 running=5 pending=2 launched=88 failed=0 gaveup=0 forkfail=0 free_kb=3722476 sims_boxwide=4 last_event_age=0s last_event_epoch=1789990728
[13:39:57] DONE ugKY_east_def_1749069988 rc=0 278s ugKY east/default seed=1749069988 rescued=2 dead=1 unreachable=1 never_detected=1 ff_deaths=0 terminal=210 completions=2 recycles=2 removals=2 returns=2 wall=277s [valid 84/90]
[13:39:58] LAUNCH ugKD_east_def_1480870832 running=5 free_kb=3760032 sims_boxwide=4 attempt=1
[13:40:25] .. alive runid=20260921-103106-1723 event_age=27s | wave=crn total=90 valid=84 running=5 pending=1 launched=89 failed=0 gaveup=0 forkfail=0 free_kb=3760032 sims_boxwide=4 last_event_age=0s last_event_epoch=1789990798
[13:40:41] DONE ugKC_east_def_1420331661 rc=0 284s ugKC east/default seed=1420331661 rescued=4 dead=0 unreachable=0 never_detected=0 ff_deaths=0 terminal=196 completions=4 recycles=4 removals=4 returns=4 wall=282s [valid 85/90]
[13:40:42] LAUNCH ugKY_east_def_1480870832 running=5 free_kb=3766660 sims_boxwide=4 attempt=1
[13:40:58] DONE ugKD_east_def_1420331661 rc=0 288s ugKD east/default seed=1420331661 rescued=4 dead=0 unreachable=0 never_detected=0 ff_deaths=0 terminal=198 completions=4 recycles=4 removals=4 returns=4 wall=286s [valid 86/90]
[13:41:12] DONE ugKY_east_def_1420331661 rc=0 288s ugKY east/default seed=1420331661 rescued=4 dead=0 unreachable=0 never_detected=0 ff_deaths=0 terminal=198 completions=4 recycles=4 removals=4 returns=4 wall=287s [valid 87/90]
[13:41:25] .. alive runid=20260921-103106-1723 event_age=14s | wave=crn total=90 valid=87 running=3 pending=0 launched=90 failed=0 gaveup=0 forkfail=0 free_kb=3766660 sims_boxwide=4 last_event_age=1s last_event_epoch=1789990871
[13:42:26] .. alive runid=20260921-103106-1723 event_age=75s | wave=crn total=90 valid=87 running=3 pending=0 launched=90 failed=0 gaveup=0 forkfail=0 free_kb=3766660 sims_boxwide=4 last_event_age=1s last_event_epoch=1789990871
[13:43:26] .. alive runid=20260921-103106-1723 event_age=135s | wave=crn total=90 valid=87 running=3 pending=0 launched=90 failed=0 gaveup=0 forkfail=0 free_kb=3766660 sims_boxwide=4 last_event_age=1s last_event_epoch=1789990871
[13:43:30] DONE ugKC_east_def_1480870832 rc=0 282s ugKC east/default seed=1480870832 rescued=2 dead=2 unreachable=0 never_detected=0 ff_deaths=0 terminal=183 completions=2 recycles=2 removals=2 returns=2 wall=280s [valid 88/90]
[13:44:26] .. alive runid=20260921-103106-1723 event_age=56s | wave=crn total=90 valid=88 running=2 pending=0 launched=90 failed=0 gaveup=0 forkfail=0 free_kb=3766660 sims_boxwide=4 last_event_age=0s last_event_epoch=1789991010
[13:45:06] DONE ugKD_east_def_1480870832 rc=0 308s ugKD east/default seed=1480870832 rescued=2 dead=2 unreachable=0 never_detected=0 ff_deaths=0 terminal=229 completions=2 recycles=2 removals=2 returns=2 wall=307s [valid 89/90]
[13:45:26] .. alive runid=20260921-103106-1723 event_age=20s | wave=crn total=90 valid=89 running=1 pending=0 launched=90 failed=0 gaveup=0 forkfail=0 free_kb=3766660 sims_boxwide=4 last_event_age=0s last_event_epoch=1789991106
[13:46:26] .. alive runid=20260921-103106-1723 event_age=80s | wave=crn total=90 valid=89 running=1 pending=0 launched=90 failed=0 gaveup=0 forkfail=0 free_kb=3766660 sims_boxwide=4 last_event_age=0s last_event_epoch=1789991106
[13:46:55] DONE ugKY_east_def_1480870832 rc=0 373s ugKY east/default seed=1480870832 rescued=2 dead=2 unreachable=0 never_detected=0 ff_deaths=0 terminal=183 completions=2 recycles=2 removals=2 returns=2 wall=372s [valid 90/90]
[13:46:55] MAIN LOOP LEFT pending=0 running=0
[13:46:56] FINAL SUMMARY total=90 valid=90 invalid=0 missing=0
[13:46:57] FINAL wave=crn SUMMARY total=90 valid=90 invalid=0 missing=0 live_this_wave=0 sims_boxwide=0
[13:46:57] ALL_DCD4RB_COMPLETE wave=crn runid=20260921-103106-1723 valid=90/90 launched=90 failed=0 forkfail=0
[13:47:26] HEARTBEAT EXIT wave=crn runid=20260921-103106-1723 (sentinel)
