[10:31:07] POOL START wave=rbC runid=20260921-103106-1749 restart=0 pid=1749 winpid=1620 head=ba58491 dirty_tracked=0 queue=outputs/_ug_rbC_queue.txt maxpar=2 minfree_kb=3500000
[10:31:08] ENV 3.10.11 mesa 1.2.1  prereg_sha256=8d17132f4fc0b776 queue_sha256=df50f14b018ec876
[10:31:08] SHIPPED BASE_STATION_MODE=3 BASE_STATION_RETURN_MECHANISM=2 BASE_STATION_DEPOTS=9 BASE_STATION_SPAWN_SPLIT=2 UAV_RETURN_TO_BASE_RESERVE=0.0 BASE_STATION_RETURN_MARGIN=39.23 BASE_STATION_DOCK_FIX=2 BASE_STATION_RETURN_STALL_LIMIT=3 BASE_STATION_WAYPOINT_FIX=1 ROUTE_BLOCK_STALE_CLEAR=1 VICTIM_SEARCHER_HAZARD_RETREAT_RANGE=99 BASE_STATION_FIREPROOF=1 BASE_STATION_FIREPROOF_DRY_RUN=0 VICTIM_SEARCHER_HAZARD_GATE_BOUNDS_FIX=1 FF_FIREFIGHT_EXTINGUISH=1 FF_FIREFIGHT_FIREBREAK=1 FF_FIREFIGHT_ENGAGED_RETREAT_RANGE=1 FF_FIREFIGHT_MISSION_GATE=0 FF_FIREFIGHT_DRY_RUN=0
[10:31:08] SHIPPED-CONTROL head=11c3661
BASE_STATION_MODE=3 BASE_STATION_FIREPROOF=1 VICTIM_SEARCHER_HAZARD_GATE_BOUNDS_FIX=1 FF_FIREFIGHT_EXTINGUISH=0 FF_FIREFIGHT_FIREBREAK=0 FF_FIREFIGHT_ENGAGED_RETREAT_RANGE=3 FF_FIREFIGHT_MISSION_GATE=1 FF_FIREFIGHT_DRY_RUN=0
[10:31:09] VALIDATE total=4 valid=0 invalid=0 missing=4
[10:31:09] START STATE wave=rbC total=4 valid=0 pending=4 live_orphans_this_wave=0 sims_boxwide=0 free_kb=10588280
[10:31:09] HEARTBEAT pid=1864 every 60s -> outputs/_ug_rbC_wave.log ; state file outputs/_ugrbc_state.txt ; sentinel outputs/_ugrbc_hb_20260921-103106-1749.stop
[10:31:10] LAUNCH ugGCa_D_east running=1 free_kb=10384016 sims_boxwide=0 attempt=1
[10:31:23] LAUNCH ugGCb_D_east running=2 free_kb=7856564 sims_boxwide=2 attempt=1
[10:32:09] .. alive runid=20260921-103106-1749 event_age=46s | wave=rbC total=4 valid=0 running=2 pending=2 launched=2 failed=0 gaveup=0 forkfail=0 free_kb=7856564 sims_boxwide=2 last_event_age=0s last_event_epoch=1789979483
[10:33:09] .. alive runid=20260921-103106-1749 event_age=106s | wave=rbC total=4 valid=0 running=2 pending=2 launched=2 failed=0 gaveup=0 forkfail=0 free_kb=7856564 sims_boxwide=2 last_event_age=0s last_event_epoch=1789979483
[10:34:09] .. alive runid=20260921-103106-1749 event_age=166s | wave=rbC total=4 valid=0 running=2 pending=2 launched=2 failed=0 gaveup=0 forkfail=0 free_kb=7856564 sims_boxwide=2 last_event_age=0s last_event_epoch=1789979483
[10:35:09] .. alive runid=20260921-103106-1749 event_age=226s | wave=rbC total=4 valid=0 running=2 pending=2 launched=2 failed=0 gaveup=0 forkfail=0 free_kb=7856564 sims_boxwide=2 last_event_age=0s last_event_epoch=1789979483
[10:36:09] .. alive runid=20260921-103106-1749 event_age=286s | wave=rbC total=4 valid=0 running=2 pending=2 launched=2 failed=0 gaveup=0 forkfail=0 free_kb=7856564 sims_boxwide=2 last_event_age=0s last_event_epoch=1789979483
[10:37:09] .. alive runid=20260921-103106-1749 event_age=346s | wave=rbC total=4 valid=0 running=2 pending=2 launched=2 failed=0 gaveup=0 forkfail=0 free_kb=7856564 sims_boxwide=2 last_event_age=0s last_event_epoch=1789979483
[10:38:09] .. alive runid=20260921-103106-1749 event_age=406s | wave=rbC total=4 valid=0 running=2 pending=2 launched=2 failed=0 gaveup=0 forkfail=0 free_kb=7856564 sims_boxwide=2 last_event_age=0s last_event_epoch=1789979483
[10:39:10] .. alive runid=20260921-103106-1749 event_age=467s | wave=rbC total=4 valid=0 running=2 pending=2 launched=2 failed=0 gaveup=0 forkfail=0 free_kb=7856564 sims_boxwide=2 last_event_age=0s last_event_epoch=1789979483
[10:40:10] .. alive runid=20260921-103106-1749 event_age=527s | wave=rbC total=4 valid=0 running=2 pending=2 launched=2 failed=0 gaveup=0 forkfail=0 free_kb=7856564 sims_boxwide=2 last_event_age=0s last_event_epoch=1789979483
[10:41:10] .. alive runid=20260921-103106-1749 event_age=587s | wave=rbC total=4 valid=0 running=2 pending=2 launched=2 failed=0 gaveup=0 forkfail=0 free_kb=7856564 sims_boxwide=2 last_event_age=0s last_event_epoch=1789979483
[10:42:10] .. alive runid=20260921-103106-1749 event_age=647s | wave=rbC total=4 valid=0 running=2 pending=2 launched=2 failed=0 gaveup=0 forkfail=0 free_kb=7856564 sims_boxwide=2 last_event_age=0s last_event_epoch=1789979483
[10:43:10] .. alive runid=20260921-103106-1749 event_age=707s | wave=rbC total=4 valid=0 running=2 pending=2 launched=2 failed=0 gaveup=0 forkfail=0 free_kb=7856564 sims_boxwide=2 last_event_age=0s last_event_epoch=1789979483
[10:44:10] .. alive runid=20260921-103106-1749 event_age=767s | wave=rbC total=4 valid=0 running=2 pending=2 launched=2 failed=0 gaveup=0 forkfail=0 free_kb=7856564 sims_boxwide=2 last_event_age=0s last_event_epoch=1789979483
[10:45:10] .. alive runid=20260921-103106-1749 event_age=827s | wave=rbC total=4 valid=0 running=2 pending=2 launched=2 failed=0 gaveup=0 forkfail=0 free_kb=7856564 sims_boxwide=2 last_event_age=0s last_event_epoch=1789979483
[10:46:10] .. alive runid=20260921-103106-1749 event_age=887s | wave=rbC total=4 valid=0 running=2 pending=2 launched=2 failed=0 gaveup=0 forkfail=0 free_kb=7856564 sims_boxwide=2 last_event_age=0s last_event_epoch=1789979483
[10:47:10] .. alive runid=20260921-103106-1749 event_age=947s | wave=rbC total=4 valid=0 running=2 pending=2 launched=2 failed=0 gaveup=0 forkfail=0 free_kb=7856564 sims_boxwide=2 last_event_age=0s last_event_epoch=1789979483
[10:48:10] .. alive runid=20260921-103106-1749 event_age=1007s | wave=rbC total=4 valid=0 running=2 pending=2 launched=2 failed=0 gaveup=0 forkfail=0 free_kb=7856564 sims_boxwide=2 last_event_age=0s last_event_epoch=1789979483
[10:49:10] .. alive runid=20260921-103106-1749 event_age=1067s | wave=rbC total=4 valid=0 running=2 pending=2 launched=2 failed=0 gaveup=0 forkfail=0 free_kb=7856564 sims_boxwide=2 last_event_age=0s last_event_epoch=1789979483
[10:50:11] .. alive runid=20260921-103106-1749 event_age=1127s | wave=rbC total=4 valid=0 running=2 pending=2 launched=2 failed=0 gaveup=0 forkfail=0 free_kb=7856564 sims_boxwide=2 last_event_age=0s last_event_epoch=1789979483
[10:51:11] .. alive runid=20260921-103106-1749 event_age=1188s | wave=rbC total=4 valid=0 running=2 pending=2 launched=2 failed=0 gaveup=0 forkfail=0 free_kb=7856564 sims_boxwide=2 last_event_age=0s last_event_epoch=1789979483
[10:52:11] .. alive runid=20260921-103106-1749 event_age=1248s | wave=rbC total=4 valid=0 running=2 pending=2 launched=2 failed=0 gaveup=0 forkfail=0 free_kb=7856564 sims_boxwide=2 last_event_age=0s last_event_epoch=1789979483
[10:53:11] .. alive runid=20260921-103106-1749 event_age=1308s | wave=rbC total=4 valid=0 running=2 pending=2 launched=2 failed=0 gaveup=0 forkfail=0 free_kb=7856564 sims_boxwide=2 last_event_age=0s last_event_epoch=1789979483
[10:54:11] .. alive runid=20260921-103106-1749 event_age=1368s | wave=rbC total=4 valid=0 running=2 pending=2 launched=2 failed=0 gaveup=0 forkfail=0 free_kb=7856564 sims_boxwide=2 last_event_age=0s last_event_epoch=1789979483
[10:55:11] .. alive runid=20260921-103106-1749 event_age=1428s | wave=rbC total=4 valid=0 running=2 pending=2 launched=2 failed=0 gaveup=0 forkfail=0 free_kb=7856564 sims_boxwide=2 last_event_age=0s last_event_epoch=1789979483
[10:56:11] .. alive runid=20260921-103106-1749 event_age=1488s | wave=rbC total=4 valid=0 running=2 pending=2 launched=2 failed=0 gaveup=0 forkfail=0 free_kb=7856564 sims_boxwide=2 last_event_age=0s last_event_epoch=1789979483
[10:57:11] .. alive runid=20260921-103106-1749 event_age=1548s | wave=rbC total=4 valid=0 running=2 pending=2 launched=2 failed=0 gaveup=0 forkfail=0 free_kb=7856564 sims_boxwide=2 last_event_age=0s last_event_epoch=1789979483
[10:58:11] .. alive runid=20260921-103106-1749 event_age=1608s | wave=rbC total=4 valid=0 running=2 pending=2 launched=2 failed=0 gaveup=0 forkfail=0 free_kb=7856564 sims_boxwide=2 last_event_age=0s last_event_epoch=1789979483
[10:59:11] .. alive runid=20260921-103106-1749 event_age=1668s | wave=rbC total=4 valid=0 running=2 pending=2 launched=2 failed=0 gaveup=0 forkfail=0 free_kb=7856564 sims_boxwide=2 last_event_age=0s last_event_epoch=1789979483
[11:00:11] .. alive runid=20260921-103106-1749 event_age=1728s | wave=rbC total=4 valid=0 running=2 pending=2 launched=2 failed=0 gaveup=0 forkfail=0 free_kb=7856564 sims_boxwide=2 last_event_age=0s last_event_epoch=1789979483
[11:01:11] .. alive runid=20260921-103106-1749 event_age=1788s | wave=rbC total=4 valid=0 running=2 pending=2 launched=2 failed=0 gaveup=0 forkfail=0 free_kb=7856564 sims_boxwide=2 last_event_age=0s last_event_epoch=1789979483
[11:02:12] .. alive runid=20260921-103106-1749 event_age=1849s | wave=rbC total=4 valid=0 running=2 pending=2 launched=2 failed=0 gaveup=0 forkfail=0 free_kb=7856564 sims_boxwide=2 last_event_age=0s last_event_epoch=1789979483
[11:03:12] .. alive runid=20260921-103106-1749 event_age=1909s | wave=rbC total=4 valid=0 running=2 pending=2 launched=2 failed=0 gaveup=0 forkfail=0 free_kb=7856564 sims_boxwide=2 last_event_age=0s last_event_epoch=1789979483
[11:04:12] .. alive runid=20260921-103106-1749 event_age=1969s | wave=rbC total=4 valid=0 running=2 pending=2 launched=2 failed=0 gaveup=0 forkfail=0 free_kb=7856564 sims_boxwide=2 last_event_age=0s last_event_epoch=1789979483
[11:05:12] .. alive runid=20260921-103106-1749 event_age=2029s | wave=rbC total=4 valid=0 running=2 pending=2 launched=2 failed=0 gaveup=0 forkfail=0 free_kb=7856564 sims_boxwide=2 last_event_age=0s last_event_epoch=1789979483
[11:06:12] .. alive runid=20260921-103106-1749 event_age=2089s | wave=rbC total=4 valid=0 running=2 pending=2 launched=2 failed=0 gaveup=0 forkfail=0 free_kb=7856564 sims_boxwide=2 last_event_age=0s last_event_epoch=1789979483
[11:07:12] .. alive runid=20260921-103106-1749 event_age=2149s | wave=rbC total=4 valid=0 running=2 pending=2 launched=2 failed=0 gaveup=0 forkfail=0 free_kb=7856564 sims_boxwide=2 last_event_age=0s last_event_epoch=1789979483
[11:08:12] .. alive runid=20260921-103106-1749 event_age=2209s | wave=rbC total=4 valid=0 running=2 pending=2 launched=2 failed=0 gaveup=0 forkfail=0 free_kb=7856564 sims_boxwide=2 last_event_age=0s last_event_epoch=1789979483
[11:09:12] .. alive runid=20260921-103106-1749 event_age=2269s | wave=rbC total=4 valid=0 running=2 pending=2 launched=2 failed=0 gaveup=0 forkfail=0 free_kb=7856564 sims_boxwide=2 last_event_age=0s last_event_epoch=1789979483
[11:10:12] .. alive runid=20260921-103106-1749 event_age=2329s | wave=rbC total=4 valid=0 running=2 pending=2 launched=2 failed=0 gaveup=0 forkfail=0 free_kb=7856564 sims_boxwide=2 last_event_age=0s last_event_epoch=1789979483
[11:11:12] .. alive runid=20260921-103106-1749 event_age=2389s | wave=rbC total=4 valid=0 running=2 pending=2 launched=2 failed=0 gaveup=0 forkfail=0 free_kb=7856564 sims_boxwide=2 last_event_age=0s last_event_epoch=1789979483
[11:12:12] .. alive runid=20260921-103106-1749 event_age=2449s | wave=rbC total=4 valid=0 running=2 pending=2 launched=2 failed=0 gaveup=0 forkfail=0 free_kb=7856564 sims_boxwide=2 last_event_age=0s last_event_epoch=1789979483
[11:13:12] .. alive runid=20260921-103106-1749 event_age=2509s | wave=rbC total=4 valid=0 running=2 pending=2 launched=2 failed=0 gaveup=0 forkfail=0 free_kb=7856564 sims_boxwide=2 last_event_age=0s last_event_epoch=1789979483
[11:14:13] .. alive runid=20260921-103106-1749 event_age=2570s | wave=rbC total=4 valid=0 running=2 pending=2 launched=2 failed=0 gaveup=0 forkfail=0 free_kb=7856564 sims_boxwide=2 last_event_age=0s last_event_epoch=1789979483
[11:15:13] .. alive runid=20260921-103106-1749 event_age=2630s | wave=rbC total=4 valid=0 running=2 pending=2 launched=2 failed=0 gaveup=0 forkfail=0 free_kb=7856564 sims_boxwide=2 last_event_age=0s last_event_epoch=1789979483
[11:16:13] .. alive runid=20260921-103106-1749 event_age=2690s | wave=rbC total=4 valid=0 running=2 pending=2 launched=2 failed=0 gaveup=0 forkfail=0 free_kb=7856564 sims_boxwide=2 last_event_age=0s last_event_epoch=1789979483
[11:17:13] .. alive runid=20260921-103106-1749 event_age=2750s | wave=rbC total=4 valid=0 running=2 pending=2 launched=2 failed=0 gaveup=0 forkfail=0 free_kb=7856564 sims_boxwide=2 last_event_age=0s last_event_epoch=1789979483
[11:18:13] .. alive runid=20260921-103106-1749 event_age=2810s | wave=rbC total=4 valid=0 running=2 pending=2 launched=2 failed=0 gaveup=0 forkfail=0 free_kb=7856564 sims_boxwide=2 last_event_age=0s last_event_epoch=1789979483
[11:19:13] .. alive runid=20260921-103106-1749 event_age=2870s | wave=rbC total=4 valid=0 running=2 pending=2 launched=2 failed=0 gaveup=0 forkfail=0 free_kb=7856564 sims_boxwide=2 last_event_age=0s last_event_epoch=1789979483
[11:20:13] .. alive runid=20260921-103106-1749 event_age=2930s | wave=rbC total=4 valid=0 running=2 pending=2 launched=2 failed=0 gaveup=0 forkfail=0 free_kb=7856564 sims_boxwide=2 last_event_age=0s last_event_epoch=1789979483
[11:20:52] DONE ugGCb_D_east rc=0 2969s | ugGCb east seed 606 done 1182.1s: rescued=4 dead=0 ff_deaths=0 | fires=0 recoveries=0 bad_assign=0 | ugGCb east seed 707 done 256.3s: rescued=2 dead=0 ff_deaths=0 | fires=0 recoveries=0 bad_assign=0 | ugGCb east seed 808 done 702.6s: rescued=3 dead=1 ff_deaths=0 | fires=0 recoveries=0 bad_assign=0 | ugGCb east seed 909 done 826.6s: rescued=4 dead=0 ff_deaths=0 | fires=0 recoveries=0 bad_assign=0  [valid 1/4]
[11:20:53] LAUNCH ugGCc_D_east running=2 free_kb=3718500 sims_boxwide=5 attempt=1
[11:21:13] .. alive runid=20260921-103106-1749 event_age=20s | wave=rbC total=4 valid=1 running=2 pending=1 launched=3 failed=0 gaveup=0 forkfail=0 free_kb=3718500 sims_boxwide=5 last_event_age=0s last_event_epoch=1789982453
[11:22:13] .. alive runid=20260921-103106-1749 event_age=80s | wave=rbC total=4 valid=1 running=2 pending=1 launched=3 failed=0 gaveup=0 forkfail=0 free_kb=3718500 sims_boxwide=5 last_event_age=0s last_event_epoch=1789982453
[11:23:13] .. alive runid=20260921-103106-1749 event_age=140s | wave=rbC total=4 valid=1 running=2 pending=1 launched=3 failed=0 gaveup=0 forkfail=0 free_kb=3718500 sims_boxwide=5 last_event_age=0s last_event_epoch=1789982453
[11:24:13] .. alive runid=20260921-103106-1749 event_age=200s | wave=rbC total=4 valid=1 running=2 pending=1 launched=3 failed=0 gaveup=0 forkfail=0 free_kb=3718500 sims_boxwide=5 last_event_age=0s last_event_epoch=1789982453
[11:25:13] .. alive runid=20260921-103106-1749 event_age=260s | wave=rbC total=4 valid=1 running=2 pending=1 launched=3 failed=0 gaveup=0 forkfail=0 free_kb=3718500 sims_boxwide=5 last_event_age=0s last_event_epoch=1789982453
[11:26:14] .. alive runid=20260921-103106-1749 event_age=321s | wave=rbC total=4 valid=1 running=2 pending=1 launched=3 failed=0 gaveup=0 forkfail=0 free_kb=3718500 sims_boxwide=5 last_event_age=0s last_event_epoch=1789982453
[11:27:14] .. alive runid=20260921-103106-1749 event_age=381s | wave=rbC total=4 valid=1 running=2 pending=1 launched=3 failed=0 gaveup=0 forkfail=0 free_kb=3718500 sims_boxwide=5 last_event_age=0s last_event_epoch=1789982453
[11:28:14] .. alive runid=20260921-103106-1749 event_age=441s | wave=rbC total=4 valid=1 running=2 pending=1 launched=3 failed=0 gaveup=0 forkfail=0 free_kb=3718500 sims_boxwide=5 last_event_age=0s last_event_epoch=1789982453
[11:29:14] .. alive runid=20260921-103106-1749 event_age=501s | wave=rbC total=4 valid=1 running=2 pending=1 launched=3 failed=0 gaveup=0 forkfail=0 free_kb=3718500 sims_boxwide=5 last_event_age=0s last_event_epoch=1789982453
[11:30:14] .. alive runid=20260921-103106-1749 event_age=561s | wave=rbC total=4 valid=1 running=2 pending=1 launched=3 failed=0 gaveup=0 forkfail=0 free_kb=3718500 sims_boxwide=5 last_event_age=0s last_event_epoch=1789982453
[11:31:14] .. alive runid=20260921-103106-1749 event_age=621s | wave=rbC total=4 valid=1 running=2 pending=1 launched=3 failed=0 gaveup=0 forkfail=0 free_kb=3718500 sims_boxwide=5 last_event_age=0s last_event_epoch=1789982453
[11:32:14] .. alive runid=20260921-103106-1749 event_age=681s | wave=rbC total=4 valid=1 running=2 pending=1 launched=3 failed=0 gaveup=0 forkfail=0 free_kb=3718500 sims_boxwide=5 last_event_age=0s last_event_epoch=1789982453
[11:33:14] .. alive runid=20260921-103106-1749 event_age=741s | wave=rbC total=4 valid=1 running=2 pending=1 launched=3 failed=0 gaveup=0 forkfail=0 free_kb=3718500 sims_boxwide=5 last_event_age=0s last_event_epoch=1789982453
[11:34:14] .. alive runid=20260921-103106-1749 event_age=801s | wave=rbC total=4 valid=1 running=2 pending=1 launched=3 failed=0 gaveup=0 forkfail=0 free_kb=3718500 sims_boxwide=5 last_event_age=0s last_event_epoch=1789982453
[11:35:14] .. alive runid=20260921-103106-1749 event_age=861s | wave=rbC total=4 valid=1 running=2 pending=1 launched=3 failed=0 gaveup=0 forkfail=0 free_kb=3718500 sims_boxwide=5 last_event_age=0s last_event_epoch=1789982453
[11:36:14] .. alive runid=20260921-103106-1749 event_age=921s | wave=rbC total=4 valid=1 running=2 pending=1 launched=3 failed=0 gaveup=0 forkfail=0 free_kb=3718500 sims_boxwide=5 last_event_age=0s last_event_epoch=1789982453
[11:37:15] .. alive runid=20260921-103106-1749 event_age=982s | wave=rbC total=4 valid=1 running=2 pending=1 launched=3 failed=0 gaveup=0 forkfail=0 free_kb=3718500 sims_boxwide=5 last_event_age=0s last_event_epoch=1789982453
[11:38:15] .. alive runid=20260921-103106-1749 event_age=1042s | wave=rbC total=4 valid=1 running=2 pending=1 launched=3 failed=0 gaveup=0 forkfail=0 free_kb=3718500 sims_boxwide=5 last_event_age=0s last_event_epoch=1789982453
[11:39:15] .. alive runid=20260921-103106-1749 event_age=1102s | wave=rbC total=4 valid=1 running=2 pending=1 launched=3 failed=0 gaveup=0 forkfail=0 free_kb=3718500 sims_boxwide=5 last_event_age=0s last_event_epoch=1789982453
[11:40:15] .. alive runid=20260921-103106-1749 event_age=1162s | wave=rbC total=4 valid=1 running=2 pending=1 launched=3 failed=0 gaveup=0 forkfail=0 free_kb=3718500 sims_boxwide=5 last_event_age=0s last_event_epoch=1789982453
[11:41:15] .. alive runid=20260921-103106-1749 event_age=1222s | wave=rbC total=4 valid=1 running=2 pending=1 launched=3 failed=0 gaveup=0 forkfail=0 free_kb=3718500 sims_boxwide=5 last_event_age=0s last_event_epoch=1789982453
[11:42:15] .. alive runid=20260921-103106-1749 event_age=1282s | wave=rbC total=4 valid=1 running=2 pending=1 launched=3 failed=0 gaveup=0 forkfail=0 free_kb=3718500 sims_boxwide=5 last_event_age=0s last_event_epoch=1789982453
[11:42:33] DONE ugGCa_D_east rc=0 4283s | ugGCa east seed 101 done 789.0s: rescued=4 dead=0 ff_deaths=1 | fires=0 recoveries=0 bad_assign=0 | ugGCa east seed 202 done 722.7s: rescued=3 dead=1 ff_deaths=0 | fires=0 recoveries=0 bad_assign=0 | ugGCa east seed 303 done 833.8s: rescued=3 dead=1 ff_deaths=0 | fires=9 recoveries=5 bad_assign=4 | ugGCa east seed 404 done 1248.0s: rescued=3 dead=1 ff_deaths=0 | fires=12 recoveries=7 bad_assign=4 | ugGCa east seed 505 done 688.5s: rescued=3 dead=1 ff_deaths=1 | fires=12 recoveries=7 bad_assign=4  [valid 2/4]
[11:42:34] LAUNCH ugGCs_D_south running=2 free_kb=3600788 sims_boxwide=4 attempt=1
[11:43:15] .. alive runid=20260921-103106-1749 event_age=41s | wave=rbC total=4 valid=2 running=2 pending=0 launched=4 failed=0 gaveup=0 forkfail=0 free_kb=3600788 sims_boxwide=4 last_event_age=0s last_event_epoch=1789983754
[11:44:15] .. alive runid=20260921-103106-1749 event_age=101s | wave=rbC total=4 valid=2 running=2 pending=0 launched=4 failed=0 gaveup=0 forkfail=0 free_kb=3600788 sims_boxwide=4 last_event_age=0s last_event_epoch=1789983754
[11:45:15] .. alive runid=20260921-103106-1749 event_age=161s | wave=rbC total=4 valid=2 running=2 pending=0 launched=4 failed=0 gaveup=0 forkfail=0 free_kb=3600788 sims_boxwide=4 last_event_age=0s last_event_epoch=1789983754
[11:46:15] .. alive runid=20260921-103106-1749 event_age=221s | wave=rbC total=4 valid=2 running=2 pending=0 launched=4 failed=0 gaveup=0 forkfail=0 free_kb=3600788 sims_boxwide=4 last_event_age=0s last_event_epoch=1789983754
[11:47:15] .. alive runid=20260921-103106-1749 event_age=281s | wave=rbC total=4 valid=2 running=2 pending=0 launched=4 failed=0 gaveup=0 forkfail=0 free_kb=3600788 sims_boxwide=4 last_event_age=0s last_event_epoch=1789983754
[11:48:16] .. alive runid=20260921-103106-1749 event_age=341s | wave=rbC total=4 valid=2 running=2 pending=0 launched=4 failed=0 gaveup=0 forkfail=0 free_kb=3600788 sims_boxwide=4 last_event_age=0s last_event_epoch=1789983754
[11:49:16] .. alive runid=20260921-103106-1749 event_age=402s | wave=rbC total=4 valid=2 running=2 pending=0 launched=4 failed=0 gaveup=0 forkfail=0 free_kb=3600788 sims_boxwide=4 last_event_age=0s last_event_epoch=1789983754
[11:50:16] .. alive runid=20260921-103106-1749 event_age=462s | wave=rbC total=4 valid=2 running=2 pending=0 launched=4 failed=0 gaveup=0 forkfail=0 free_kb=3600788 sims_boxwide=4 last_event_age=0s last_event_epoch=1789983754
[11:51:16] .. alive runid=20260921-103106-1749 event_age=522s | wave=rbC total=4 valid=2 running=2 pending=0 launched=4 failed=0 gaveup=0 forkfail=0 free_kb=3600788 sims_boxwide=4 last_event_age=0s last_event_epoch=1789983754
[11:52:16] .. alive runid=20260921-103106-1749 event_age=582s | wave=rbC total=4 valid=2 running=2 pending=0 launched=4 failed=0 gaveup=0 forkfail=0 free_kb=3600788 sims_boxwide=4 last_event_age=0s last_event_epoch=1789983754
[11:53:16] .. alive runid=20260921-103106-1749 event_age=642s | wave=rbC total=4 valid=2 running=2 pending=0 launched=4 failed=0 gaveup=0 forkfail=0 free_kb=3600788 sims_boxwide=4 last_event_age=0s last_event_epoch=1789983754
[11:54:16] .. alive runid=20260921-103106-1749 event_age=702s | wave=rbC total=4 valid=2 running=2 pending=0 launched=4 failed=0 gaveup=0 forkfail=0 free_kb=3600788 sims_boxwide=4 last_event_age=0s last_event_epoch=1789983754
[11:55:16] .. alive runid=20260921-103106-1749 event_age=762s | wave=rbC total=4 valid=2 running=2 pending=0 launched=4 failed=0 gaveup=0 forkfail=0 free_kb=3600788 sims_boxwide=4 last_event_age=0s last_event_epoch=1789983754
[11:56:16] .. alive runid=20260921-103106-1749 event_age=822s | wave=rbC total=4 valid=2 running=2 pending=0 launched=4 failed=0 gaveup=0 forkfail=0 free_kb=3600788 sims_boxwide=4 last_event_age=0s last_event_epoch=1789983754
[11:57:16] .. alive runid=20260921-103106-1749 event_age=882s | wave=rbC total=4 valid=2 running=2 pending=0 launched=4 failed=0 gaveup=0 forkfail=0 free_kb=3600788 sims_boxwide=4 last_event_age=0s last_event_epoch=1789983754
[11:58:17] .. alive runid=20260921-103106-1749 event_age=943s | wave=rbC total=4 valid=2 running=2 pending=0 launched=4 failed=0 gaveup=0 forkfail=0 free_kb=3600788 sims_boxwide=4 last_event_age=0s last_event_epoch=1789983754
[11:59:17] .. alive runid=20260921-103106-1749 event_age=1003s | wave=rbC total=4 valid=2 running=2 pending=0 launched=4 failed=0 gaveup=0 forkfail=0 free_kb=3600788 sims_boxwide=4 last_event_age=0s last_event_epoch=1789983754
[12:00:17] .. alive runid=20260921-103106-1749 event_age=1063s | wave=rbC total=4 valid=2 running=2 pending=0 launched=4 failed=0 gaveup=0 forkfail=0 free_kb=3600788 sims_boxwide=4 last_event_age=0s last_event_epoch=1789983754
[12:01:17] .. alive runid=20260921-103106-1749 event_age=1123s | wave=rbC total=4 valid=2 running=2 pending=0 launched=4 failed=0 gaveup=0 forkfail=0 free_kb=3600788 sims_boxwide=4 last_event_age=0s last_event_epoch=1789983754
[12:02:17] .. alive runid=20260921-103106-1749 event_age=1183s | wave=rbC total=4 valid=2 running=2 pending=0 launched=4 failed=0 gaveup=0 forkfail=0 free_kb=3600788 sims_boxwide=4 last_event_age=0s last_event_epoch=1789983754
[12:03:17] .. alive runid=20260921-103106-1749 event_age=1243s | wave=rbC total=4 valid=2 running=2 pending=0 launched=4 failed=0 gaveup=0 forkfail=0 free_kb=3600788 sims_boxwide=4 last_event_age=0s last_event_epoch=1789983754
[12:04:17] .. alive runid=20260921-103106-1749 event_age=1303s | wave=rbC total=4 valid=2 running=2 pending=0 launched=4 failed=0 gaveup=0 forkfail=0 free_kb=3600788 sims_boxwide=4 last_event_age=0s last_event_epoch=1789983754
[12:05:17] .. alive runid=20260921-103106-1749 event_age=1363s | wave=rbC total=4 valid=2 running=2 pending=0 launched=4 failed=0 gaveup=0 forkfail=0 free_kb=3600788 sims_boxwide=4 last_event_age=0s last_event_epoch=1789983754
[12:06:17] .. alive runid=20260921-103106-1749 event_age=1423s | wave=rbC total=4 valid=2 running=2 pending=0 launched=4 failed=0 gaveup=0 forkfail=0 free_kb=3600788 sims_boxwide=4 last_event_age=0s last_event_epoch=1789983754
[12:07:17] .. alive runid=20260921-103106-1749 event_age=1483s | wave=rbC total=4 valid=2 running=2 pending=0 launched=4 failed=0 gaveup=0 forkfail=0 free_kb=3600788 sims_boxwide=4 last_event_age=0s last_event_epoch=1789983754
[12:07:34] DONE ugGCc_D_east rc=0 2801s | ugGCc east seed 111 done 829.6s: rescued=4 dead=0 ff_deaths=0 | fires=0 recoveries=0 bad_assign=0 | ugGCc east seed 222 done 850.6s: rescued=4 dead=0 ff_deaths=0 | fires=0 recoveries=0 bad_assign=0 | ugGCc east seed 333 done 710.9s: rescued=3 dead=1 ff_deaths=1 | fires=0 recoveries=0 bad_assign=0 | ugGCc east seed 444 done 408.7s: rescued=4 dead=0 ff_deaths=0 | fires=0 recoveries=0 bad_assign=0  [valid 3/4]
[12:08:17] .. alive runid=20260921-103106-1749 event_age=43s | wave=rbC total=4 valid=3 running=1 pending=0 launched=4 failed=0 gaveup=0 forkfail=0 free_kb=3600788 sims_boxwide=4 last_event_age=0s last_event_epoch=1789985254
[12:09:18] .. alive runid=20260921-103106-1749 event_age=104s | wave=rbC total=4 valid=3 running=1 pending=0 launched=4 failed=0 gaveup=0 forkfail=0 free_kb=3600788 sims_boxwide=4 last_event_age=0s last_event_epoch=1789985254
[12:10:18] .. alive runid=20260921-103106-1749 event_age=164s | wave=rbC total=4 valid=3 running=1 pending=0 launched=4 failed=0 gaveup=0 forkfail=0 free_kb=3600788 sims_boxwide=4 last_event_age=0s last_event_epoch=1789985254
[12:11:18] .. alive runid=20260921-103106-1749 event_age=224s | wave=rbC total=4 valid=3 running=1 pending=0 launched=4 failed=0 gaveup=0 forkfail=0 free_kb=3600788 sims_boxwide=4 last_event_age=0s last_event_epoch=1789985254
[12:12:18] .. alive runid=20260921-103106-1749 event_age=284s | wave=rbC total=4 valid=3 running=1 pending=0 launched=4 failed=0 gaveup=0 forkfail=0 free_kb=3600788 sims_boxwide=4 last_event_age=0s last_event_epoch=1789985254
[12:13:18] .. alive runid=20260921-103106-1749 event_age=344s | wave=rbC total=4 valid=3 running=1 pending=0 launched=4 failed=0 gaveup=0 forkfail=0 free_kb=3600788 sims_boxwide=4 last_event_age=0s last_event_epoch=1789985254
[12:14:18] .. alive runid=20260921-103106-1749 event_age=404s | wave=rbC total=4 valid=3 running=1 pending=0 launched=4 failed=0 gaveup=0 forkfail=0 free_kb=3600788 sims_boxwide=4 last_event_age=0s last_event_epoch=1789985254
[12:15:18] .. alive runid=20260921-103106-1749 event_age=464s | wave=rbC total=4 valid=3 running=1 pending=0 launched=4 failed=0 gaveup=0 forkfail=0 free_kb=3600788 sims_boxwide=4 last_event_age=0s last_event_epoch=1789985254
[12:16:18] .. alive runid=20260921-103106-1749 event_age=524s | wave=rbC total=4 valid=3 running=1 pending=0 launched=4 failed=0 gaveup=0 forkfail=0 free_kb=3600788 sims_boxwide=4 last_event_age=0s last_event_epoch=1789985254
[12:17:18] .. alive runid=20260921-103106-1749 event_age=584s | wave=rbC total=4 valid=3 running=1 pending=0 launched=4 failed=0 gaveup=0 forkfail=0 free_kb=3600788 sims_boxwide=4 last_event_age=0s last_event_epoch=1789985254
[12:18:18] .. alive runid=20260921-103106-1749 event_age=644s | wave=rbC total=4 valid=3 running=1 pending=0 launched=4 failed=0 gaveup=0 forkfail=0 free_kb=3600788 sims_boxwide=4 last_event_age=0s last_event_epoch=1789985254
[12:19:18] .. alive runid=20260921-103106-1749 event_age=704s | wave=rbC total=4 valid=3 running=1 pending=0 launched=4 failed=0 gaveup=0 forkfail=0 free_kb=3600788 sims_boxwide=4 last_event_age=0s last_event_epoch=1789985254
[12:19:25] DONE ugGCs_D_south rc=0 2211s | ugGCs south seed 101 done 447.4s: rescued=2 dead=2 ff_deaths=1 | fires=4 recoveries=3 bad_assign=1 | ugGCs south seed 202 done 475.7s: rescued=3 dead=1 ff_deaths=0 | fires=8 recoveries=5 bad_assign=2 | ugGCs south seed 303 done 395.2s: rescued=4 dead=0 ff_deaths=0 | fires=8 recoveries=5 bad_assign=2 | ugGCs south seed 404 done 498.3s: rescued=3 dead=1 ff_deaths=0 | fires=17 recoveries=10 bad_assign=4 | ugGCs south seed 505 done 392.6s: rescued=3 dead=1 ff_deaths=0 | fires=19 recoveries=12 bad_assign=5  [valid 4/4]
[12:19:25] MAIN LOOP LEFT pending=0 running=0
[12:19:25] FINAL SUMMARY total=4 valid=4 invalid=0 missing=0
[12:19:26] FINAL wave=rbC SUMMARY total=4 valid=4 invalid=0 missing=0 live_this_wave=4 sims_boxwide=4
[12:19:26] POOL INCOMPLETE wave=rbC runid=20260921-103106-1749 valid=4/4 - re-exec in 60s (restart 1/3); orphans, if any, are adopted
[12:20:19] HEARTBEAT EXIT wave=rbC runid=20260921-103106-1749 (sentinel)
[12:20:26] POOL START wave=rbC runid=20260921-122026-1749 restart=1 pid=1749 winpid=11860 head=ba58491 dirty_tracked=0 queue=outputs/_ug_rbC_queue.txt maxpar=2 minfree_kb=3500000
[12:20:28] ENV 3.10.11 mesa 1.2.1  prereg_sha256=8d17132f4fc0b776 queue_sha256=df50f14b018ec876
[12:20:28] SHIPPED BASE_STATION_MODE=3 BASE_STATION_RETURN_MECHANISM=2 BASE_STATION_DEPOTS=9 BASE_STATION_SPAWN_SPLIT=2 UAV_RETURN_TO_BASE_RESERVE=0.0 BASE_STATION_RETURN_MARGIN=39.23 BASE_STATION_DOCK_FIX=2 BASE_STATION_RETURN_STALL_LIMIT=3 BASE_STATION_WAYPOINT_FIX=1 ROUTE_BLOCK_STALE_CLEAR=1 VICTIM_SEARCHER_HAZARD_RETREAT_RANGE=99 BASE_STATION_FIREPROOF=1 BASE_STATION_FIREPROOF_DRY_RUN=0 VICTIM_SEARCHER_HAZARD_GATE_BOUNDS_FIX=1 FF_FIREFIGHT_EXTINGUISH=1 FF_FIREFIGHT_FIREBREAK=1 FF_FIREFIGHT_ENGAGED_RETREAT_RANGE=1 FF_FIREFIGHT_MISSION_GATE=0 FF_FIREFIGHT_DRY_RUN=0
[12:20:28] SHIPPED-CONTROL head=11c3661
BASE_STATION_MODE=3 BASE_STATION_FIREPROOF=1 VICTIM_SEARCHER_HAZARD_GATE_BOUNDS_FIX=1 FF_FIREFIGHT_EXTINGUISH=0 FF_FIREFIGHT_FIREBREAK=0 FF_FIREFIGHT_ENGAGED_RETREAT_RANGE=3 FF_FIREFIGHT_MISSION_GATE=1 FF_FIREFIGHT_DRY_RUN=0
[12:20:29] VALIDATE total=4 valid=4 invalid=0 missing=0
[12:20:29] START STATE wave=rbC total=4 valid=4 pending=0 live_orphans_this_wave=4 sims_boxwide=4 free_kb=3494252
[12:20:29] HEARTBEAT pid=4932 every 60s -> outputs/_ug_rbC_wave.log ; state file outputs/_ugrbc_state.txt ; sentinel outputs/_ugrbc_hb_20260921-122026-1749.stop
[12:20:29] MAIN LOOP LEFT pending=0 running=0
[12:20:29] FINAL SUMMARY total=4 valid=4 invalid=0 missing=0
[12:20:30] FINAL wave=rbC SUMMARY total=4 valid=4 invalid=0 missing=0 live_this_wave=4 sims_boxwide=4
[12:20:30] POOL INCOMPLETE wave=rbC runid=20260921-122026-1749 valid=4/4 - re-exec in 60s (restart 2/3); orphans, if any, are adopted
[12:21:29] HEARTBEAT EXIT wave=rbC runid=20260921-122026-1749 (sentinel)
[12:21:30] POOL START wave=rbC runid=20260921-122130-1749 restart=2 pid=1749 winpid=36628 head=ba58491 dirty_tracked=0 queue=outputs/_ug_rbC_queue.txt maxpar=2 minfree_kb=3500000
[12:21:31] ENV 3.10.11 mesa 1.2.1  prereg_sha256=8d17132f4fc0b776 queue_sha256=df50f14b018ec876
[12:21:31] SHIPPED BASE_STATION_MODE=3 BASE_STATION_RETURN_MECHANISM=2 BASE_STATION_DEPOTS=9 BASE_STATION_SPAWN_SPLIT=2 UAV_RETURN_TO_BASE_RESERVE=0.0 BASE_STATION_RETURN_MARGIN=39.23 BASE_STATION_DOCK_FIX=2 BASE_STATION_RETURN_STALL_LIMIT=3 BASE_STATION_WAYPOINT_FIX=1 ROUTE_BLOCK_STALE_CLEAR=1 VICTIM_SEARCHER_HAZARD_RETREAT_RANGE=99 BASE_STATION_FIREPROOF=1 BASE_STATION_FIREPROOF_DRY_RUN=0 VICTIM_SEARCHER_HAZARD_GATE_BOUNDS_FIX=1 FF_FIREFIGHT_EXTINGUISH=1 FF_FIREFIGHT_FIREBREAK=1 FF_FIREFIGHT_ENGAGED_RETREAT_RANGE=1 FF_FIREFIGHT_MISSION_GATE=0 FF_FIREFIGHT_DRY_RUN=0
[12:21:32] SHIPPED-CONTROL head=11c3661
BASE_STATION_MODE=3 BASE_STATION_FIREPROOF=1 VICTIM_SEARCHER_HAZARD_GATE_BOUNDS_FIX=1 FF_FIREFIGHT_EXTINGUISH=0 FF_FIREFIGHT_FIREBREAK=0 FF_FIREFIGHT_ENGAGED_RETREAT_RANGE=3 FF_FIREFIGHT_MISSION_GATE=1 FF_FIREFIGHT_DRY_RUN=0
[12:21:33] VALIDATE total=4 valid=4 invalid=0 missing=0
[12:21:33] START STATE wave=rbC total=4 valid=4 pending=0 live_orphans_this_wave=5 sims_boxwide=5 free_kb=2689128
[12:21:33] HEARTBEAT pid=5029 every 60s -> outputs/_ug_rbC_wave.log ; state file outputs/_ugrbc_state.txt ; sentinel outputs/_ugrbc_hb_20260921-122130-1749.stop
[12:21:33] MAIN LOOP LEFT pending=0 running=0
[12:21:33] FINAL SUMMARY total=4 valid=4 invalid=0 missing=0
[12:21:34] FINAL wave=rbC SUMMARY total=4 valid=4 invalid=0 missing=0 live_this_wave=5 sims_boxwide=5
[12:21:34] POOL INCOMPLETE wave=rbC runid=20260921-122130-1749 valid=4/4 - re-exec in 60s (restart 3/3); orphans, if any, are adopted
[12:22:33] HEARTBEAT EXIT wave=rbC runid=20260921-122130-1749 (sentinel)
[12:22:34] POOL START wave=rbC runid=20260921-122234-1749 restart=3 pid=1749 winpid=14232 head=ba58491 dirty_tracked=0 queue=outputs/_ug_rbC_queue.txt maxpar=2 minfree_kb=3500000
[12:22:35] ENV 3.10.11 mesa 1.2.1  prereg_sha256=8d17132f4fc0b776 queue_sha256=df50f14b018ec876
[12:22:35] SHIPPED BASE_STATION_MODE=3 BASE_STATION_RETURN_MECHANISM=2 BASE_STATION_DEPOTS=9 BASE_STATION_SPAWN_SPLIT=2 UAV_RETURN_TO_BASE_RESERVE=0.0 BASE_STATION_RETURN_MARGIN=39.23 BASE_STATION_DOCK_FIX=2 BASE_STATION_RETURN_STALL_LIMIT=3 BASE_STATION_WAYPOINT_FIX=1 ROUTE_BLOCK_STALE_CLEAR=1 VICTIM_SEARCHER_HAZARD_RETREAT_RANGE=99 BASE_STATION_FIREPROOF=1 BASE_STATION_FIREPROOF_DRY_RUN=0 VICTIM_SEARCHER_HAZARD_GATE_BOUNDS_FIX=1 FF_FIREFIGHT_EXTINGUISH=1 FF_FIREFIGHT_FIREBREAK=1 FF_FIREFIGHT_ENGAGED_RETREAT_RANGE=1 FF_FIREFIGHT_MISSION_GATE=0 FF_FIREFIGHT_DRY_RUN=0
[12:22:36] SHIPPED-CONTROL head=11c3661
BASE_STATION_MODE=3 BASE_STATION_FIREPROOF=1 VICTIM_SEARCHER_HAZARD_GATE_BOUNDS_FIX=1 FF_FIREFIGHT_EXTINGUISH=0 FF_FIREFIGHT_FIREBREAK=0 FF_FIREFIGHT_ENGAGED_RETREAT_RANGE=3 FF_FIREFIGHT_MISSION_GATE=1 FF_FIREFIGHT_DRY_RUN=0
[12:22:36] VALIDATE total=4 valid=4 invalid=0 missing=0
[12:22:36] START STATE wave=rbC total=4 valid=4 pending=0 live_orphans_this_wave=5 sims_boxwide=5 free_kb=2739676
[12:22:36] HEARTBEAT pid=5105 every 60s -> outputs/_ug_rbC_wave.log ; state file outputs/_ugrbc_state.txt ; sentinel outputs/_ugrbc_hb_20260921-122234-1749.stop
[12:22:36] MAIN LOOP LEFT pending=0 running=0
[12:22:37] FINAL SUMMARY total=4 valid=4 invalid=0 missing=0
[12:22:37] FINAL wave=rbC SUMMARY total=4 valid=4 invalid=0 missing=0 live_this_wave=5 sims_boxwide=5
[12:22:38] DCD4RB_POOL_INCOMPLETE wave=rbC runid=20260921-122234-1749 valid=4/4 gaveup=0 - NOT restarting; relaunch with outputs/_dcd4_launch.ps1 after reading the FAIL lines
[12:23:37] HEARTBEAT EXIT wave=rbC runid=20260921-122234-1749 (sentinel)
