[15:34:45] POOL START wave=horizon runid=20260921-153445-13851 restart=0 pid=13851 winpid=43704 head=bf4a78c dirty_tracked=0 queue=outputs/_uh_queue.txt maxpar=9 minfree_kb=3500000
[15:34:47] ENV 3.10.11 mesa 1.2.1  prereg_sha256=a9768501ca1369a7 queue_sha256=192604b1a320d179
[15:34:48] SHIPPED BASE_STATION_MODE=3 BASE_STATION_RETURN_MECHANISM=2 BASE_STATION_DEPOTS=9 BASE_STATION_SPAWN_SPLIT=2 UAV_RETURN_TO_BASE_RESERVE=0.0 BASE_STATION_RETURN_MARGIN=39.23 BASE_STATION_DOCK_FIX=2 BASE_STATION_RETURN_STALL_LIMIT=3 BASE_STATION_WAYPOINT_FIX=1 ROUTE_BLOCK_STALE_CLEAR=1 VICTIM_SEARCHER_HAZARD_RETREAT_RANGE=99 BASE_STATION_FIREPROOF=1 BASE_STATION_FIREPROOF_DRY_RUN=0 VICTIM_SEARCHER_HAZARD_GATE_BOUNDS_FIX=1 FF_FIREFIGHT_EXTINGUISH=1 FF_FIREFIGHT_FIREBREAK=1 FF_FIREFIGHT_ENGAGED_RETREAT_RANGE=1 FF_FIREFIGHT_MISSION_GATE=0 FF_FIREFIGHT_DRY_RUN=0
[15:34:48] SHIPPED-CONTROL head=11c3661
BASE_STATION_MODE=3 BASE_STATION_FIREPROOF=1 VICTIM_SEARCHER_HAZARD_GATE_BOUNDS_FIX=1 FF_FIREFIGHT_EXTINGUISH=0 FF_FIREFIGHT_FIREBREAK=0 FF_FIREFIGHT_ENGAGED_RETREAT_RANGE=3 FF_FIREFIGHT_MISSION_GATE=1 FF_FIREFIGHT_DRY_RUN=0
[15:34:49] VALIDATE total=90 valid=0 invalid=0 missing=90
[15:34:49] START STATE wave=horizon total=90 valid=0 pending=90 live_orphans_this_wave=0 sims_boxwide=0 free_kb=10113888
[15:34:49] HEARTBEAT pid=13944 every 60s -> outputs/_uh_wave.log ; state file outputs/_uh_state.txt ; sentinel outputs/_uh_hb_20260921-153445-13851.stop
[15:34:50] LAUNCH uhC_east_half_2070841104 running=1 free_kb=10099876 sims_boxwide=0 attempt=1
[15:35:03] LAUNCH uhD_east_half_2070841104 running=2 free_kb=8322204 sims_boxwide=2 attempt=1
[15:35:16] LAUNCH uhC_east_half_1147610331 running=3 free_kb=6651272 sims_boxwide=4 attempt=1
[15:35:29] LAUNCH uhD_east_half_1147610331 running=4 free_kb=4937380 sims_boxwide=6 attempt=1
[15:35:41] THROTTLE free_kb=2678804 <= 3500000 running=4
[15:35:49] .. alive runid=20260921-153445-13851 event_age=20s | wave=horizon total=90 valid=0 running=4 pending=86 launched=4 failed=0 gaveup=0 forkfail=0 free_kb=2678804 sims_boxwide=8 last_event_age=12s last_event_epoch=1789997729
[15:36:49] .. alive runid=20260921-153445-13851 event_age=80s | wave=horizon total=90 valid=0 running=4 pending=86 launched=4 failed=0 gaveup=0 forkfail=0 free_kb=2678804 sims_boxwide=8 last_event_age=12s last_event_epoch=1789997729
[15:37:49] .. alive runid=20260921-153445-13851 event_age=140s | wave=horizon total=90 valid=0 running=4 pending=86 launched=4 failed=0 gaveup=0 forkfail=0 free_kb=2678804 sims_boxwide=8 last_event_age=12s last_event_epoch=1789997729
[15:38:49] .. alive runid=20260921-153445-13851 event_age=200s | wave=horizon total=90 valid=0 running=4 pending=86 launched=4 failed=0 gaveup=0 forkfail=0 free_kb=2678804 sims_boxwide=8 last_event_age=12s last_event_epoch=1789997729
[15:39:49] .. alive runid=20260921-153445-13851 event_age=260s | wave=horizon total=90 valid=0 running=4 pending=86 launched=4 failed=0 gaveup=0 forkfail=0 free_kb=2678804 sims_boxwide=8 last_event_age=12s last_event_epoch=1789997729
[15:40:49] .. alive runid=20260921-153445-13851 event_age=320s | wave=horizon total=90 valid=0 running=4 pending=86 launched=4 failed=0 gaveup=0 forkfail=0 free_kb=2678804 sims_boxwide=8 last_event_age=12s last_event_epoch=1789997729
[15:41:49] .. alive runid=20260921-153445-13851 event_age=380s | wave=horizon total=90 valid=0 running=4 pending=86 launched=4 failed=0 gaveup=0 forkfail=0 free_kb=2678804 sims_boxwide=8 last_event_age=12s last_event_epoch=1789997729
[15:42:49] .. alive runid=20260921-153445-13851 event_age=440s | wave=horizon total=90 valid=0 running=4 pending=86 launched=4 failed=0 gaveup=0 forkfail=0 free_kb=2678804 sims_boxwide=8 last_event_age=12s last_event_epoch=1789997729
[15:43:49] .. alive runid=20260921-153445-13851 event_age=500s | wave=horizon total=90 valid=0 running=4 pending=86 launched=4 failed=0 gaveup=0 forkfail=0 free_kb=2678804 sims_boxwide=8 last_event_age=12s last_event_epoch=1789997729
[15:44:23] DONE uhC_east_half_1147610331 rc=0 547s uhC east/half seed=1147610331 rescued=2 dead=2 unreachable=0 never_detected=0 ff_deaths=0 terminal=93 completions=2 recycles=2 removals=2 returns=2 wall=546s [valid 1/90]
[15:44:24] LAUNCH uhC_east_half_1291443119 running=4 free_kb=5954636 sims_boxwide=5 attempt=1
[15:44:36] DONE uhD_east_half_1147610331 rc=0 547s uhD east/half seed=1147610331 rescued=2 dead=2 unreachable=0 never_detected=0 ff_deaths=0 terminal=93 completions=2 recycles=2 removals=2 returns=2 wall=537s [valid 2/90]
[15:44:37] LAUNCH uhD_east_half_1291443119 running=4 free_kb=5983756 sims_boxwide=5 attempt=1
[15:44:49] .. alive runid=20260921-153445-13851 event_age=12s | wave=horizon total=90 valid=2 running=4 pending=84 launched=6 failed=0 gaveup=0 forkfail=0 free_kb=5983756 sims_boxwide=5 last_event_age=0s last_event_epoch=1789998277
[15:44:50] LAUNCH uhC_east_half_1433805104 running=5 free_kb=5069064 sims_boxwide=6 attempt=1
[15:45:03] LAUNCH uhD_east_half_1433805104 running=6 free_kb=5025956 sims_boxwide=6 attempt=1
[15:45:16] LAUNCH uhC_east_half_1636723358 running=7 free_kb=4180840 sims_boxwide=7 attempt=1
[15:45:29] THROTTLE free_kb=3359692 <= 3500000 running=7
[15:45:37] DONE uhD_east_half_2070841104 rc=0 634s uhD east/half seed=2070841104 rescued=4 dead=0 unreachable=0 never_detected=0 ff_deaths=0 terminal=122 completions=4 recycles=4 removals=4 returns=4 wall=633s [valid 3/90]
[15:45:38] LAUNCH uhD_east_half_1636723358 running=7 free_kb=4306696 sims_boxwide=7 attempt=1
[15:45:50] .. alive runid=20260921-153445-13851 event_age=12s | wave=horizon total=90 valid=3 running=7 pending=80 launched=10 failed=0 gaveup=0 forkfail=0 free_kb=4306696 sims_boxwide=7 last_event_age=0s last_event_epoch=1789998338
[15:45:51] THROTTLE free_kb=3393748 <= 3500000 running=7
[15:46:50] .. alive runid=20260921-153445-13851 event_age=72s | wave=horizon total=90 valid=3 running=7 pending=80 launched=10 failed=0 gaveup=0 forkfail=0 free_kb=3393748 sims_boxwide=8 last_event_age=13s last_event_epoch=1789998338
[15:47:50] .. alive runid=20260921-153445-13851 event_age=132s | wave=horizon total=90 valid=3 running=7 pending=80 launched=10 failed=0 gaveup=0 forkfail=0 free_kb=3393748 sims_boxwide=8 last_event_age=13s last_event_epoch=1789998338
[15:48:50] .. alive runid=20260921-153445-13851 event_age=192s | wave=horizon total=90 valid=3 running=7 pending=80 launched=10 failed=0 gaveup=0 forkfail=0 free_kb=3393748 sims_boxwide=8 last_event_age=13s last_event_epoch=1789998338
[15:49:50] .. alive runid=20260921-153445-13851 event_age=252s | wave=horizon total=90 valid=3 running=7 pending=80 launched=10 failed=0 gaveup=0 forkfail=0 free_kb=3393748 sims_boxwide=8 last_event_age=13s last_event_epoch=1789998338
[15:50:00] DONE uhC_east_half_2070841104 rc=0 910s uhC east/half seed=2070841104 rescued=4 dead=0 unreachable=0 never_detected=0 ff_deaths=0 terminal=246 completions=4 recycles=4 removals=4 returns=4 wall=909s [valid 4/90]
[15:50:01] LAUNCH uhC_east_half_1252362635 running=7 free_kb=4085328 sims_boxwide=7 attempt=1
[15:50:14] THROTTLE free_kb=3353696 <= 3500000 running=7
[15:50:50] .. alive runid=20260921-153445-13851 event_age=49s | wave=horizon total=90 valid=4 running=7 pending=79 launched=11 failed=0 gaveup=0 forkfail=0 free_kb=3353696 sims_boxwide=8 last_event_age=13s last_event_epoch=1789998601
[15:51:50] .. alive runid=20260921-153445-13851 event_age=109s | wave=horizon total=90 valid=4 running=7 pending=79 launched=11 failed=0 gaveup=0 forkfail=0 free_kb=3353696 sims_boxwide=8 last_event_age=13s last_event_epoch=1789998601
[15:52:50] .. alive runid=20260921-153445-13851 event_age=169s | wave=horizon total=90 valid=4 running=7 pending=79 launched=11 failed=0 gaveup=0 forkfail=0 free_kb=3353696 sims_boxwide=8 last_event_age=13s last_event_epoch=1789998601
[15:53:50] .. alive runid=20260921-153445-13851 event_age=229s | wave=horizon total=90 valid=4 running=7 pending=79 launched=11 failed=0 gaveup=0 forkfail=0 free_kb=3353696 sims_boxwide=8 last_event_age=13s last_event_epoch=1789998601
[15:54:50] .. alive runid=20260921-153445-13851 event_age=289s | wave=horizon total=90 valid=4 running=7 pending=79 launched=11 failed=0 gaveup=0 forkfail=0 free_kb=3353696 sims_boxwide=8 last_event_age=13s last_event_epoch=1789998601
[15:55:50] .. alive runid=20260921-153445-13851 event_age=349s | wave=horizon total=90 valid=4 running=7 pending=79 launched=11 failed=0 gaveup=0 forkfail=0 free_kb=3353696 sims_boxwide=8 last_event_age=13s last_event_epoch=1789998601
[15:55:50] DONE uhD_east_half_1636723358 rc=0 612s uhD east/half seed=1636723358 rescued=3 dead=1 unreachable=0 never_detected=0 ff_deaths=0 terminal=105 completions=3 recycles=3 removals=3 returns=3 wall=610s [valid 5/90]
[15:55:51] THROTTLE free_kb=2431712 <= 3500000 running=6
[15:56:15] DONE uhC_east_half_1636723358 rc=0 659s uhC east/half seed=1636723358 rescued=3 dead=1 unreachable=0 never_detected=0 ff_deaths=0 terminal=106 completions=3 recycles=3 removals=3 returns=3 wall=657s [valid 6/90]
[15:56:16] LAUNCH uhD_east_half_1252362635 running=6 free_kb=3879484 sims_boxwide=6 attempt=1
[15:56:29] THROTTLE free_kb=3063224 <= 3500000 running=6
[15:56:50] .. alive runid=20260921-153445-13851 event_age=34s | wave=horizon total=90 valid=6 running=6 pending=78 launched=12 failed=0 gaveup=0 forkfail=0 free_kb=3063224 sims_boxwide=7 last_event_age=13s last_event_epoch=1789998976
[15:57:09] DONE uhD_east_half_1291443119 rc=0 752s uhD east/half seed=1291443119 rescued=3 dead=1 unreachable=0 never_detected=0 ff_deaths=1 terminal=150 completions=3 recycles=3 removals=3 returns=3 wall=751s [valid 7/90]
[15:57:10] LAUNCH uhC_east_half_294124329 running=6 free_kb=3547280 sims_boxwide=6 attempt=1
[15:57:23] THROTTLE free_kb=2587452 <= 3500000 running=6
[15:57:34] DONE uhC_east_half_1291443119 rc=0 790s uhC east/half seed=1291443119 rescued=3 dead=1 unreachable=0 never_detected=0 ff_deaths=1 terminal=168 completions=3 recycles=3 removals=3 returns=3 wall=789s [valid 8/90]
[15:57:35] LAUNCH uhD_east_half_294124329 running=6 free_kb=3819624 sims_boxwide=6 attempt=1
[15:57:48] THROTTLE free_kb=2618008 <= 3500000 running=6
[15:57:51] .. alive runid=20260921-153445-13851 event_age=16s | wave=horizon total=90 valid=8 running=6 pending=76 launched=14 failed=0 gaveup=0 forkfail=0 free_kb=2618008 sims_boxwide=7 last_event_age=13s last_event_epoch=1789999055
[15:58:51] .. alive runid=20260921-153445-13851 event_age=76s | wave=horizon total=90 valid=8 running=6 pending=76 launched=14 failed=0 gaveup=0 forkfail=0 free_kb=2618008 sims_boxwide=7 last_event_age=13s last_event_epoch=1789999055
[15:59:24] DONE uhC_east_half_1433805104 rc=0 873s uhC east/half seed=1433805104 rescued=4 dead=0 unreachable=0 never_detected=0 ff_deaths=0 terminal=199 completions=4 recycles=4 removals=4 returns=4 wall=872s [valid 9/90]
[15:59:25] LAUNCH uhC_east_half_1723100518 running=6 free_kb=3900436 sims_boxwide=6 attempt=1
[15:59:37] THROTTLE free_kb=3010484 <= 3500000 running=6
[15:59:51] .. alive runid=20260921-153445-13851 event_age=26s | wave=horizon total=90 valid=9 running=6 pending=75 launched=15 failed=0 gaveup=0 forkfail=0 free_kb=3010484 sims_boxwide=7 last_event_age=12s last_event_epoch=1789999165
[16:00:51] .. alive runid=20260921-153445-13851 event_age=86s | wave=horizon total=90 valid=9 running=6 pending=75 launched=15 failed=0 gaveup=0 forkfail=0 free_kb=3010484 sims_boxwide=7 last_event_age=12s last_event_epoch=1789999165
[16:01:51] .. alive runid=20260921-153445-13851 event_age=146s | wave=horizon total=90 valid=9 running=6 pending=75 launched=15 failed=0 gaveup=0 forkfail=0 free_kb=3010484 sims_boxwide=7 last_event_age=12s last_event_epoch=1789999165
[16:02:51] .. alive runid=20260921-153445-13851 event_age=206s | wave=horizon total=90 valid=9 running=6 pending=75 launched=15 failed=0 gaveup=0 forkfail=0 free_kb=3010484 sims_boxwide=7 last_event_age=12s last_event_epoch=1789999165
[16:03:51] .. alive runid=20260921-153445-13851 event_age=266s | wave=horizon total=90 valid=9 running=6 pending=75 launched=15 failed=0 gaveup=0 forkfail=0 free_kb=3010484 sims_boxwide=7 last_event_age=12s last_event_epoch=1789999165
[16:04:51] .. alive runid=20260921-153445-13851 event_age=326s | wave=horizon total=90 valid=9 running=6 pending=75 launched=15 failed=0 gaveup=0 forkfail=0 free_kb=3010484 sims_boxwide=7 last_event_age=12s last_event_epoch=1789999165
[16:04:52] DONE uhD_east_half_1433805104 rc=0 1189s uhD east/half seed=1433805104 rescued=4 dead=0 unreachable=0 never_detected=0 ff_deaths=0 terminal=282 completions=4 recycles=4 removals=4 returns=4 wall=1187s [valid 10/90]
[16:04:53] LAUNCH uhD_east_half_1723100518 running=6 free_kb=4753368 sims_boxwide=6 attempt=1
[16:05:06] LAUNCH uhC_east_half_1532569567 running=7 free_kb=3724992 sims_boxwide=7 attempt=1
[16:05:19] THROTTLE free_kb=3010400 <= 3500000 running=7
[16:05:51] .. alive runid=20260921-153445-13851 event_age=45s | wave=horizon total=90 valid=10 running=7 pending=73 launched=17 failed=0 gaveup=0 forkfail=0 free_kb=3010400 sims_boxwide=8 last_event_age=13s last_event_epoch=1789999506
[16:06:51] .. alive runid=20260921-153445-13851 event_age=105s | wave=horizon total=90 valid=10 running=7 pending=73 launched=17 failed=0 gaveup=0 forkfail=0 free_kb=3010400 sims_boxwide=8 last_event_age=13s last_event_epoch=1789999506
[16:07:29] DONE uhC_east_half_1252362635 rc=0 1048s uhC east/half seed=1252362635 rescued=4 dead=0 unreachable=0 never_detected=0 ff_deaths=0 terminal=220 completions=4 recycles=4 removals=4 returns=4 wall=1047s [valid 11/90]
[16:07:30] LAUNCH uhD_east_half_1532569567 running=7 free_kb=4098136 sims_boxwide=7 attempt=1
[16:07:43] THROTTLE free_kb=3280528 <= 3500000 running=7
[16:07:51] .. alive runid=20260921-153445-13851 event_age=21s | wave=horizon total=90 valid=11 running=7 pending=72 launched=18 failed=0 gaveup=0 forkfail=0 free_kb=3280528 sims_boxwide=8 last_event_age=13s last_event_epoch=1789999650
[16:08:51] .. alive runid=20260921-153445-13851 event_age=81s | wave=horizon total=90 valid=11 running=7 pending=72 launched=18 failed=0 gaveup=0 forkfail=0 free_kb=3280528 sims_boxwide=8 last_event_age=13s last_event_epoch=1789999650
[16:09:08] DONE uhD_east_half_294124329 rc=0 692s uhD east/half seed=294124329 rescued=4 dead=0 unreachable=0 never_detected=0 ff_deaths=0 terminal=143 completions=4 recycles=4 removals=4 returns=4 wall=691s [valid 12/90]
[16:09:09] LAUNCH uhC_east_half_498896028 running=7 free_kb=4118576 sims_boxwide=7 attempt=1
[16:09:21] DONE uhC_east_half_1723100518 rc=0 596s uhC east/half seed=1723100518 rescued=2 dead=2 unreachable=0 never_detected=0 ff_deaths=0 terminal=111 completions=2 recycles=2 removals=2 returns=2 wall=584s [valid 13/90]
[16:09:21] DONE uhC_east_half_294124329 rc=0 731s uhC east/half seed=294124329 rescued=4 dead=0 unreachable=0 never_detected=0 ff_deaths=0 terminal=142 completions=4 recycles=4 removals=4 returns=4 wall=723s [valid 14/90]
[16:09:22] LAUNCH uhD_east_half_498896028 running=6 free_kb=5000812 sims_boxwide=6 attempt=1
[16:09:35] LAUNCH uhC_east_half_1401495347 running=7 free_kb=4136208 sims_boxwide=7 attempt=1
[16:09:48] LAUNCH uhD_east_half_1401495347 running=8 free_kb=4020812 sims_boxwide=7 attempt=1
[16:09:52] .. alive runid=20260921-153445-13851 event_age=4s | wave=horizon total=90 valid=14 running=8 pending=68 launched=22 failed=0 gaveup=0 forkfail=0 free_kb=4020812 sims_boxwide=7 last_event_age=0s last_event_epoch=1789999788
[16:10:01] THROTTLE free_kb=3188116 <= 3500000 running=8
[16:10:52] .. alive runid=20260921-153445-13851 event_age=64s | wave=horizon total=90 valid=14 running=8 pending=68 launched=22 failed=0 gaveup=0 forkfail=0 free_kb=3188116 sims_boxwide=8 last_event_age=13s last_event_epoch=1789999788
[16:11:52] .. alive runid=20260921-153445-13851 event_age=124s | wave=horizon total=90 valid=14 running=8 pending=68 launched=22 failed=0 gaveup=0 forkfail=0 free_kb=3188116 sims_boxwide=8 last_event_age=13s last_event_epoch=1789999788
[16:12:27] DONE uhD_east_half_1723100518 rc=0 454s uhD east/half seed=1723100518 rescued=2 dead=2 unreachable=0 never_detected=0 ff_deaths=0 terminal=96 completions=2 recycles=2 removals=2 returns=2 wall=452s [valid 15/90]
[16:12:28] LAUNCH uhC_east_half_133894353 running=8 free_kb=4176888 sims_boxwide=7 attempt=1
[16:12:41] THROTTLE free_kb=3254636 <= 3500000 running=8
[16:12:52] .. alive runid=20260921-153445-13851 event_age=24s | wave=horizon total=90 valid=15 running=8 pending=67 launched=23 failed=0 gaveup=0 forkfail=0 free_kb=3254636 sims_boxwide=8 last_event_age=13s last_event_epoch=1789999948
[16:13:52] .. alive runid=20260921-153445-13851 event_age=84s | wave=horizon total=90 valid=15 running=8 pending=67 launched=23 failed=0 gaveup=0 forkfail=0 free_kb=3254636 sims_boxwide=8 last_event_age=13s last_event_epoch=1789999948
[16:13:53] DONE uhD_east_half_1252362635 rc=0 1057s uhD east/half seed=1252362635 rescued=4 dead=0 unreachable=0 never_detected=0 ff_deaths=0 terminal=259 completions=4 recycles=4 removals=4 returns=4 wall=1056s [valid 16/90]
[16:13:54] LAUNCH uhD_east_half_133894353 running=8 free_kb=4183504 sims_boxwide=7 attempt=1
[16:14:07] THROTTLE free_kb=3298216 <= 3500000 running=8
[16:14:52] .. alive runid=20260921-153445-13851 event_age=58s | wave=horizon total=90 valid=16 running=8 pending=66 launched=24 failed=0 gaveup=0 forkfail=0 free_kb=3298216 sims_boxwide=8 last_event_age=13s last_event_epoch=1790000034
[16:15:52] .. alive runid=20260921-153445-13851 event_age=118s | wave=horizon total=90 valid=16 running=8 pending=66 launched=24 failed=0 gaveup=0 forkfail=0 free_kb=3298216 sims_boxwide=8 last_event_age=13s last_event_epoch=1790000034
[16:16:17] DONE uhC_east_half_1532569567 rc=0 671s uhC east/half seed=1532569567 rescued=4 dead=0 unreachable=0 never_detected=0 ff_deaths=0 terminal=160 completions=4 recycles=4 removals=4 returns=4 wall=669s [valid 17/90]
[16:16:18] LAUNCH uhC_east_half_1788979460 running=8 free_kb=4162408 sims_boxwide=7 attempt=1
[16:16:31] THROTTLE free_kb=3304200 <= 3500000 running=8
[16:16:52] .. alive runid=20260921-153445-13851 event_age=34s | wave=horizon total=90 valid=17 running=8 pending=65 launched=25 failed=0 gaveup=0 forkfail=0 free_kb=3304200 sims_boxwide=8 last_event_age=13s last_event_epoch=1790000178
[16:17:52] .. alive runid=20260921-153445-13851 event_age=94s | wave=horizon total=90 valid=17 running=8 pending=65 launched=25 failed=0 gaveup=0 forkfail=0 free_kb=3304200 sims_boxwide=8 last_event_age=13s last_event_epoch=1790000178
[16:18:51] DONE uhD_east_half_1532569567 rc=0 681s uhD east/half seed=1532569567 rescued=3 dead=0 unreachable=1 never_detected=0 ff_deaths=1 terminal=215 completions=3 recycles=3 removals=3 returns=3 wall=679s [valid 18/90]
[16:18:52] LAUNCH uhD_east_half_1788979460 running=8 free_kb=4100572 sims_boxwide=7 attempt=1
[16:18:52] .. alive runid=20260921-153445-13851 event_age=0s | wave=horizon total=90 valid=18 running=8 pending=64 launched=26 failed=0 gaveup=0 forkfail=0 free_kb=4100572 sims_boxwide=7 last_event_age=0s last_event_epoch=1790000332
[16:19:05] THROTTLE free_kb=3241700 <= 3500000 running=8
[16:19:47] DONE uhC_east_half_1401495347 rc=0 612s uhC east/half seed=1401495347 rescued=4 dead=0 unreachable=0 never_detected=0 ff_deaths=0 terminal=149 completions=4 recycles=4 removals=4 returns=4 wall=610s [valid 19/90]
[16:19:48] LAUNCH uhC_south_half_1486866530 running=8 free_kb=4958888 sims_boxwide=6 attempt=1
[16:19:52] .. alive runid=20260921-153445-13851 event_age=4s | wave=horizon total=90 valid=19 running=8 pending=63 launched=27 failed=0 gaveup=0 forkfail=0 free_kb=4958888 sims_boxwide=6 last_event_age=0s last_event_epoch=1790000388
[16:20:00] DONE uhD_east_half_1401495347 rc=0 612s uhD east/half seed=1401495347 rescued=3 dead=1 unreachable=0 never_detected=0 ff_deaths=0 terminal=180 completions=3 recycles=3 removals=3 returns=3 wall=597s [valid 20/90]
[16:20:01] LAUNCH uhD_south_half_1486866530 running=8 free_kb=4098440 sims_boxwide=7 attempt=1
[16:20:14] THROTTLE free_kb=3244060 <= 3500000 running=8
[16:20:52] .. alive runid=20260921-153445-13851 event_age=51s | wave=horizon total=90 valid=20 running=8 pending=62 launched=28 failed=0 gaveup=0 forkfail=0 free_kb=3244060 sims_boxwide=8 last_event_age=13s last_event_epoch=1790000401
[16:21:31] DONE uhC_east_half_498896028 rc=0 742s uhC east/half seed=498896028 rescued=4 dead=0 unreachable=0 never_detected=0 ff_deaths=0 terminal=210 completions=4 recycles=4 removals=4 returns=4 wall=741s [valid 21/90]
[16:21:32] LAUNCH uhC_south_half_536769381 running=8 free_kb=4204168 sims_boxwide=7 attempt=1
[16:21:45] THROTTLE free_kb=3279392 <= 3500000 running=8
[16:21:53] .. alive runid=20260921-153445-13851 event_age=21s | wave=horizon total=90 valid=21 running=8 pending=61 launched=29 failed=0 gaveup=0 forkfail=0 free_kb=3279392 sims_boxwide=8 last_event_age=13s last_event_epoch=1790000492
[16:22:53] .. alive runid=20260921-153445-13851 event_age=81s | wave=horizon total=90 valid=21 running=8 pending=61 launched=29 failed=0 gaveup=0 forkfail=0 free_kb=3279392 sims_boxwide=8 last_event_age=13s last_event_epoch=1790000492
[16:22:57] DONE uhD_east_half_498896028 rc=0 815s uhD east/half seed=498896028 rescued=4 dead=0 unreachable=0 never_detected=0 ff_deaths=0 terminal=254 completions=4 recycles=4 removals=4 returns=4 wall=814s [valid 22/90]
[16:22:58] LAUNCH uhD_south_half_536769381 running=8 free_kb=4151016 sims_boxwide=7 attempt=1
[16:23:11] THROTTLE free_kb=3325000 <= 3500000 running=8
[16:23:53] .. alive runid=20260921-153445-13851 event_age=55s | wave=horizon total=90 valid=22 running=8 pending=60 launched=30 failed=0 gaveup=0 forkfail=0 free_kb=3325000 sims_boxwide=8 last_event_age=13s last_event_epoch=1790000578
[16:24:53] .. alive runid=20260921-153445-13851 event_age=115s | wave=horizon total=90 valid=22 running=8 pending=60 launched=30 failed=0 gaveup=0 forkfail=0 free_kb=3325000 sims_boxwide=8 last_event_age=13s last_event_epoch=1790000578
[16:25:53] .. alive runid=20260921-153445-13851 event_age=175s | wave=horizon total=90 valid=22 running=8 pending=60 launched=30 failed=0 gaveup=0 forkfail=0 free_kb=3325000 sims_boxwide=8 last_event_age=13s last_event_epoch=1790000578
[16:26:16] DONE uhC_south_half_536769381 rc=0 284s uhC south/half seed=536769381 rescued=4 dead=0 unreachable=0 never_detected=0 ff_deaths=0 terminal=114 completions=4 recycles=4 removals=4 returns=4 wall=283s [valid 23/90]
[16:26:17] LAUNCH uhC_south_half_791464433 running=8 free_kb=4071700 sims_boxwide=7 attempt=1
[16:26:30] DONE uhC_south_half_1486866530 rc=0 401s uhC south/half seed=1486866530 rescued=3 dead=1 unreachable=0 never_detected=0 ff_deaths=1 terminal=210 completions=3 recycles=3 removals=3 returns=3 wall=399s [valid 24/90]
[16:26:31] LAUNCH uhD_south_half_791464433 running=8 free_kb=4120664 sims_boxwide=7 attempt=1
[16:26:43] DONE uhD_south_half_1486866530 rc=0 402s uhD south/half seed=1486866530 rescued=3 dead=0 unreachable=1 never_detected=1 ff_deaths=0 terminal=210 completions=3 recycles=3 removals=3 returns=3 wall=396s [valid 25/90]
[16:26:44] LAUNCH uhC_south_half_706299103 running=8 free_kb=4111760 sims_boxwide=7 attempt=1
[16:26:53] .. alive runid=20260921-153445-13851 event_age=9s | wave=horizon total=90 valid=25 running=8 pending=57 launched=33 failed=0 gaveup=0 forkfail=0 free_kb=4111760 sims_boxwide=7 last_event_age=0s last_event_epoch=1790000804
[16:26:56] DONE uhC_east_half_133894353 rc=0 868s uhC east/half seed=133894353 rescued=4 dead=0 unreachable=0 never_detected=0 ff_deaths=0 terminal=238 completions=4 recycles=4 removals=4 returns=4 wall=864s [valid 26/90]
[16:26:57] LAUNCH uhD_south_half_706299103 running=8 free_kb=4151640 sims_boxwide=7 attempt=1
[16:27:10] THROTTLE free_kb=3281256 <= 3500000 running=8
[16:27:53] .. alive runid=20260921-153445-13851 event_age=56s | wave=horizon total=90 valid=26 running=8 pending=56 launched=34 failed=0 gaveup=0 forkfail=0 free_kb=3281256 sims_boxwide=8 last_event_age=13s last_event_epoch=1790000817
[16:27:58] DONE uhC_east_half_1788979460 rc=0 700s uhC east/half seed=1788979460 rescued=3 dead=0 unreachable=1 never_detected=1 ff_deaths=1 terminal=210 completions=3 recycles=3 removals=3 returns=3 wall=698s [valid 27/90]
[16:27:59] LAUNCH uhC_south_half_1364948962 running=8 free_kb=4105084 sims_boxwide=7 attempt=1
[16:28:12] DONE uhD_south_half_536769381 rc=0 313s uhD south/half seed=536769381 rescued=4 dead=0 unreachable=0 never_detected=0 ff_deaths=0 terminal=118 completions=4 recycles=4 removals=4 returns=4 wall=302s [valid 28/90]
[16:28:12] LAUNCH uhD_south_half_1364948962 running=8 free_kb=4176388 sims_boxwide=7 attempt=1
[16:28:25] THROTTLE free_kb=3296184 <= 3500000 running=8
[16:28:53] .. alive runid=20260921-153445-13851 event_age=41s | wave=horizon total=90 valid=28 running=8 pending=54 launched=36 failed=0 gaveup=0 forkfail=0 free_kb=3296184 sims_boxwide=8 last_event_age=13s last_event_epoch=1790000892
[16:29:53] .. alive runid=20260921-153445-13851 event_age=101s | wave=horizon total=90 valid=28 running=8 pending=54 launched=36 failed=0 gaveup=0 forkfail=0 free_kb=3296184 sims_boxwide=8 last_event_age=13s last_event_epoch=1790000892
[16:30:31] DONE uhD_east_half_1788979460 rc=0 699s uhD east/half seed=1788979460 rescued=4 dead=0 unreachable=0 never_detected=0 ff_deaths=0 terminal=209 completions=4 recycles=4 removals=4 returns=4 wall=697s [valid 29/90]
[16:30:32] LAUNCH uhC_south_half_937041678 running=8 free_kb=4130036 sims_boxwide=7 attempt=1
[16:30:45] THROTTLE free_kb=3223628 <= 3500000 running=8
[16:30:53] .. alive runid=20260921-153445-13851 event_age=21s | wave=horizon total=90 valid=29 running=8 pending=53 launched=37 failed=0 gaveup=0 forkfail=0 free_kb=3223628 sims_boxwide=8 last_event_age=13s last_event_epoch=1790001032
[16:31:28] DONE uhC_south_half_1364948962 rc=0 209s uhC south/half seed=1364948962 rescued=4 dead=0 unreachable=0 never_detected=0 ff_deaths=0 terminal=142 completions=4 recycles=4 removals=4 returns=4 wall=207s [valid 30/90]
[16:31:29] LAUNCH uhD_south_half_937041678 running=8 free_kb=4159536 sims_boxwide=7 attempt=1
[16:31:42] DONE uhD_east_half_133894353 rc=0 1067s uhD east/half seed=133894353 rescued=4 dead=0 unreachable=0 never_detected=0 ff_deaths=1 terminal=327 completions=4 recycles=4 removals=4 returns=4 wall=1065s [valid 31/90]
[16:31:43] LAUNCH uhC_south_half_954838929 running=8 free_kb=4154072 sims_boxwide=7 attempt=1
[16:31:53] .. alive runid=20260921-153445-13851 event_age=10s | wave=horizon total=90 valid=31 running=8 pending=51 launched=39 failed=0 gaveup=0 forkfail=0 free_kb=4154072 sims_boxwide=7 last_event_age=0s last_event_epoch=1790001103
[16:31:55] DONE uhD_south_half_1364948962 rc=0 223s uhD south/half seed=1364948962 rescued=4 dead=0 unreachable=0 never_detected=0 ff_deaths=0 terminal=140 completions=4 recycles=4 removals=4 returns=4 wall=211s [valid 32/90]
[16:31:56] LAUNCH uhD_south_half_954838929 running=8 free_kb=4186500 sims_boxwide=7 attempt=1
[16:32:09] THROTTLE free_kb=3294948 <= 3500000 running=8
[16:32:10] DONE uhC_south_half_706299103 rc=0 326s uhC south/half seed=706299103 rescued=4 dead=0 unreachable=0 never_detected=0 ff_deaths=0 terminal=194 completions=4 recycles=4 removals=4 returns=4 wall=324s [valid 33/90]
[16:32:11] LAUNCH uhC_south_half_139925734 running=8 free_kb=4219444 sims_boxwide=7 attempt=1
[16:32:23] DONE uhD_south_half_706299103 rc=0 326s uhD south/half seed=706299103 rescued=3 dead=0 unreachable=1 never_detected=0 ff_deaths=2 terminal=185 completions=3 recycles=3 removals=3 returns=3 wall=324s [valid 34/90]
[16:32:24] LAUNCH uhD_south_half_139925734 running=8 free_kb=4203720 sims_boxwide=7 attempt=1
[16:32:37] THROTTLE free_kb=3341672 <= 3500000 running=8
[16:32:52] DONE uhC_south_half_791464433 rc=0 394s uhC south/half seed=791464433 rescued=4 dead=0 unreachable=0 never_detected=0 ff_deaths=0 terminal=143 completions=4 recycles=4 removals=4 returns=4 wall=393s [valid 35/90]
[16:32:53] LAUNCH uhC_south_half_1624156665 running=8 free_kb=4204620 sims_boxwide=7 attempt=1
[16:32:53] .. alive runid=20260921-153445-13851 event_age=0s | wave=horizon total=90 valid=35 running=8 pending=47 launched=43 failed=0 gaveup=0 forkfail=0 free_kb=4204620 sims_boxwide=7 last_event_age=0s last_event_epoch=1790001173
[16:33:05] THROTTLE free_kb=3337104 <= 3500000 running=8
[16:33:15] DONE uhD_south_half_791464433 rc=0 404s uhD south/half seed=791464433 rescued=4 dead=0 unreachable=0 never_detected=0 ff_deaths=0 terminal=180 completions=4 recycles=4 removals=4 returns=4 wall=403s [valid 36/90]
[16:33:16] LAUNCH uhD_south_half_1624156665 running=8 free_kb=4283904 sims_boxwide=7 attempt=1
[16:33:29] THROTTLE free_kb=3366496 <= 3500000 running=8
[16:33:54] .. alive runid=20260921-153445-13851 event_age=37s | wave=horizon total=90 valid=36 running=8 pending=46 launched=44 failed=0 gaveup=0 forkfail=0 free_kb=3366496 sims_boxwide=8 last_event_age=13s last_event_epoch=1790001196
[16:34:54] .. alive runid=20260921-153445-13851 event_age=98s | wave=horizon total=90 valid=36 running=8 pending=46 launched=44 failed=0 gaveup=0 forkfail=0 free_kb=3366496 sims_boxwide=8 last_event_age=13s last_event_epoch=1790001196
[16:35:54] .. alive runid=20260921-153445-13851 event_age=158s | wave=horizon total=90 valid=36 running=8 pending=46 launched=44 failed=0 gaveup=0 forkfail=0 free_kb=3366496 sims_boxwide=8 last_event_age=13s last_event_epoch=1790001196
[16:36:18] DONE uhC_south_half_937041678 rc=0 346s uhC south/half seed=937041678 rescued=4 dead=0 unreachable=0 never_detected=0 ff_deaths=0 terminal=197 completions=4 recycles=4 removals=4 returns=4 wall=345s [valid 37/90]
[16:36:19] LAUNCH uhC_south_half_285242396 running=8 free_kb=4075280 sims_boxwide=7 attempt=1
[16:36:32] THROTTLE free_kb=3247164 <= 3500000 running=8
[16:36:54] .. alive runid=20260921-153445-13851 event_age=35s | wave=horizon total=90 valid=37 running=8 pending=45 launched=45 failed=0 gaveup=0 forkfail=0 free_kb=3247164 sims_boxwide=8 last_event_age=13s last_event_epoch=1790001379
[16:37:27] DONE uhD_south_half_937041678 rc=0 357s uhD south/half seed=937041678 rescued=4 dead=0 unreachable=0 never_detected=0 ff_deaths=1 terminal=203 completions=4 recycles=4 removals=4 returns=4 wall=356s [valid 38/90]
[16:37:28] LAUNCH uhD_south_half_285242396 running=8 free_kb=4122928 sims_boxwide=7 attempt=1
[16:37:40] THROTTLE free_kb=3216920 <= 3500000 running=8
[16:37:52] DONE uhD_south_half_954838929 rc=0 356s uhD south/half seed=954838929 rescued=3 dead=1 unreachable=0 never_detected=0 ff_deaths=0 terminal=106 completions=3 recycles=3 removals=3 returns=3 wall=355s [valid 39/90]
[16:37:53] LAUNCH uhC_south_half_573250932 running=8 free_kb=4095728 sims_boxwide=7 attempt=1
[16:37:54] .. alive runid=20260921-153445-13851 event_age=1s | wave=horizon total=90 valid=39 running=8 pending=43 launched=47 failed=0 gaveup=0 forkfail=0 free_kb=4095728 sims_boxwide=7 last_event_age=0s last_event_epoch=1790001473
[16:38:06] THROTTLE free_kb=3232992 <= 3500000 running=8
[16:38:16] DONE uhC_south_half_1624156665 rc=0 323s uhC south/half seed=1624156665 rescued=4 dead=0 unreachable=0 never_detected=0 ff_deaths=0 terminal=226 completions=4 recycles=4 removals=4 returns=4 wall=322s [valid 40/90]
[16:38:17] DONE uhD_south_half_1624156665 rc=0 301s uhD south/half seed=1624156665 rescued=4 dead=0 unreachable=0 never_detected=0 ff_deaths=0 terminal=192 completions=4 recycles=4 removals=4 returns=4 wall=299s [valid 41/90]
[16:38:18] LAUNCH uhD_south_half_573250932 running=7 free_kb=5038128 sims_boxwide=6 attempt=1
[16:38:30] DONE uhC_south_half_954838929 rc=0 407s uhC south/half seed=954838929 rescued=3 dead=1 unreachable=0 never_detected=0 ff_deaths=1 terminal=124 completions=3 recycles=3 removals=3 returns=3 wall=405s [valid 42/90]
[16:38:31] LAUNCH uhC_south_half_1048395951 running=7 free_kb=5076768 sims_boxwide=6 attempt=1
[16:38:43] DONE uhD_south_half_139925734 rc=0 379s uhD south/half seed=139925734 rescued=3 dead=1 unreachable=0 never_detected=0 ff_deaths=0 terminal=101 completions=3 recycles=3 removals=3 returns=3 wall=370s [valid 43/90]
[16:38:44] LAUNCH uhD_south_half_1048395951 running=7 free_kb=5076156 sims_boxwide=6 attempt=1
[16:38:54] .. alive runid=20260921-153445-13851 event_age=10s | wave=horizon total=90 valid=43 running=7 pending=40 launched=50 failed=0 gaveup=0 forkfail=0 free_kb=5076156 sims_boxwide=6 last_event_age=0s last_event_epoch=1790001524
[16:38:57] LAUNCH uhC_south_half_903347495 running=8 free_kb=4202456 sims_boxwide=7 attempt=1
[16:39:10] THROTTLE free_kb=3319040 <= 3500000 running=8
[16:39:54] .. alive runid=20260921-153445-13851 event_age=57s | wave=horizon total=90 valid=43 running=8 pending=39 launched=51 failed=0 gaveup=0 forkfail=0 free_kb=3319040 sims_boxwide=8 last_event_age=13s last_event_epoch=1790001537
[16:40:16] DONE uhC_south_half_139925734 rc=0 485s uhC south/half seed=139925734 rescued=3 dead=1 unreachable=0 never_detected=0 ff_deaths=1 terminal=251 completions=3 recycles=3 removals=3 returns=3 wall=483s [valid 44/90]
[16:40:17] LAUNCH uhD_south_half_903347495 running=8 free_kb=4077036 sims_boxwide=7 attempt=1
[16:40:30] THROTTLE free_kb=3257828 <= 3500000 running=8
[16:40:54] .. alive runid=20260921-153445-13851 event_age=37s | wave=horizon total=90 valid=44 running=8 pending=38 launched=52 failed=0 gaveup=0 forkfail=0 free_kb=3257828 sims_boxwide=8 last_event_age=13s last_event_epoch=1790001617
[16:41:50] DONE uhC_south_half_285242396 rc=0 330s uhC south/half seed=285242396 rescued=4 dead=0 unreachable=0 never_detected=0 ff_deaths=1 terminal=130 completions=4 recycles=4 removals=4 returns=4 wall=329s [valid 45/90]
[16:41:51] LAUNCH uhC_east_def_2038269169 running=8 free_kb=4125200 sims_boxwide=7 attempt=1
[16:41:54] .. alive runid=20260921-153445-13851 event_age=3s | wave=horizon total=90 valid=45 running=8 pending=37 launched=53 failed=0 gaveup=0 forkfail=0 free_kb=4125200 sims_boxwide=7 last_event_age=0s last_event_epoch=1790001711
[16:42:03] THROTTLE free_kb=3221508 <= 3500000 running=8
[16:42:34] DONE uhD_south_half_285242396 rc=0 306s uhD south/half seed=285242396 rescued=4 dead=0 unreachable=0 never_detected=0 ff_deaths=0 terminal=177 completions=4 recycles=4 removals=4 returns=4 wall=305s [valid 46/90]
[16:42:35] LAUNCH uhD_east_def_2038269169 running=8 free_kb=4097208 sims_boxwide=7 attempt=1
[16:42:47] DONE uhC_south_half_573250932 rc=0 294s uhC south/half seed=573250932 rescued=3 dead=0 unreachable=1 never_detected=1 ff_deaths=0 terminal=210 completions=3 recycles=3 removals=3 returns=3 wall=291s [valid 47/90]
[16:42:48] LAUNCH uhC_east_def_1749069988 running=8 free_kb=4105908 sims_boxwide=7 attempt=1
[16:42:54] .. alive runid=20260921-153445-13851 event_age=6s | wave=horizon total=90 valid=47 running=8 pending=35 launched=55 failed=0 gaveup=0 forkfail=0 free_kb=4105908 sims_boxwide=7 last_event_age=0s last_event_epoch=1790001768
[16:43:01] THROTTLE free_kb=3249344 <= 3500000 running=8
[16:43:12] DONE uhD_south_half_573250932 rc=0 294s uhD south/half seed=573250932 rescued=3 dead=0 unreachable=1 never_detected=1 ff_deaths=0 terminal=210 completions=3 recycles=3 removals=3 returns=3 wall=293s [valid 48/90]
[16:43:13] LAUNCH uhD_east_def_1749069988 running=8 free_kb=4167296 sims_boxwide=7 attempt=1
[16:43:26] THROTTLE free_kb=3288692 <= 3500000 running=8
[16:43:54] .. alive runid=20260921-153445-13851 event_age=41s | wave=horizon total=90 valid=48 running=8 pending=34 launched=56 failed=0 gaveup=0 forkfail=0 free_kb=3288692 sims_boxwide=8 last_event_age=13s last_event_epoch=1790001793
[16:44:54] .. alive runid=20260921-153445-13851 event_age=101s | wave=horizon total=90 valid=48 running=8 pending=34 launched=56 failed=0 gaveup=0 forkfail=0 free_kb=3288692 sims_boxwide=8 last_event_age=13s last_event_epoch=1790001793
[16:45:23] DONE uhD_south_half_1048395951 rc=0 399s uhD south/half seed=1048395951 rescued=4 dead=0 unreachable=0 never_detected=0 ff_deaths=0 terminal=263 completions=4 recycles=4 removals=4 returns=4 wall=397s [valid 49/90]
[16:45:24] LAUNCH uhC_east_def_1420331661 running=8 free_kb=4115688 sims_boxwide=7 attempt=1
[16:45:37] THROTTLE free_kb=3256288 <= 3500000 running=8
[16:45:54] .. alive runid=20260921-153445-13851 event_age=30s | wave=horizon total=90 valid=49 running=8 pending=33 launched=57 failed=0 gaveup=0 forkfail=0 free_kb=3256288 sims_boxwide=8 last_event_age=13s last_event_epoch=1790001924
[16:45:56] DONE uhC_south_half_1048395951 rc=0 445s uhC south/half seed=1048395951 rescued=3 dead=0 unreachable=0 never_detected=0 ff_deaths=1 terminal=None completions=3 recycles=3 removals=3 returns=3 wall=443s [valid 50/90]
[16:45:57] LAUNCH uhD_east_def_1420331661 running=8 free_kb=4163664 sims_boxwide=7 attempt=1
[16:46:10] THROTTLE free_kb=3310400 <= 3500000 running=8
[16:46:40] DONE uhC_south_half_903347495 rc=0 463s uhC south/half seed=903347495 rescued=4 dead=0 unreachable=0 never_detected=0 ff_deaths=0 terminal=278 completions=4 recycles=4 removals=4 returns=4 wall=461s [valid 51/90]
[16:46:41] LAUNCH uhC_east_def_1480870832 running=8 free_kb=4149424 sims_boxwide=7 attempt=1
[16:46:54] THROTTLE free_kb=3285080 <= 3500000 running=8
[16:46:55] .. alive runid=20260921-153445-13851 event_age=14s | wave=horizon total=90 valid=51 running=8 pending=31 launched=59 failed=0 gaveup=0 forkfail=0 free_kb=3285080 sims_boxwide=8 last_event_age=13s last_event_epoch=1790002001
[16:47:55] .. alive runid=20260921-153445-13851 event_age=74s | wave=horizon total=90 valid=51 running=8 pending=31 launched=59 failed=0 gaveup=0 forkfail=0 free_kb=3285080 sims_boxwide=8 last_event_age=13s last_event_epoch=1790002001
[16:48:01] DONE uhC_east_def_2038269169 rc=0 370s uhC east/default seed=2038269169 rescued=3 dead=1 unreachable=0 never_detected=0 ff_deaths=0 terminal=233 completions=3 recycles=3 removals=3 returns=3 wall=369s [valid 52/90]
[16:48:02] DONE uhD_south_half_903347495 rc=0 464s uhD south/half seed=903347495 rescued=4 dead=0 unreachable=0 never_detected=0 ff_deaths=0 terminal=276 completions=4 recycles=4 removals=4 returns=4 wall=463s [valid 53/90]
[16:48:03] LAUNCH uhD_east_def_1480870832 running=7 free_kb=5031788 sims_boxwide=6 attempt=1
[16:48:15] DONE uhD_east_def_2038269169 rc=0 340s uhD east/default seed=2038269169 rescued=3 dead=0 unreachable=1 never_detected=1 ff_deaths=0 terminal=254 completions=3 recycles=3 removals=3 returns=3 wall=335s [valid 54/90]
[16:48:16] LAUNCH uhY_east_half_2070841104 running=7 free_kb=5078500 sims_boxwide=6 attempt=1
[16:48:29] LAUNCH uhY_east_half_1147610331 running=8 free_kb=4202144 sims_boxwide=7 attempt=1
[16:48:41] DONE uhD_east_def_1749069988 rc=0 328s uhD east/default seed=1749069988 rescued=3 dead=1 unreachable=0 never_detected=0 ff_deaths=0 terminal=199 completions=3 recycles=3 removals=3 returns=3 wall=326s [valid 55/90]
[16:48:42] LAUNCH uhY_east_half_1291443119 running=8 free_kb=4179720 sims_boxwide=7 attempt=1
[16:48:55] .. alive runid=20260921-153445-13851 event_age=13s | wave=horizon total=90 valid=55 running=8 pending=27 launched=63 failed=0 gaveup=0 forkfail=0 free_kb=4179720 sims_boxwide=7 last_event_age=0s last_event_epoch=1790002122
[16:48:55] THROTTLE free_kb=3264188 <= 3500000 running=8
[16:49:33] DONE uhC_east_def_1749069988 rc=0 404s uhC east/default seed=1749069988 rescued=3 dead=1 unreachable=0 never_detected=0 ff_deaths=1 terminal=200 completions=3 recycles=3 removals=3 returns=3 wall=403s [valid 56/90]
[16:49:34] LAUNCH uhY_east_half_1433805104 running=8 free_kb=4109268 sims_boxwide=7 attempt=1
[16:49:46] THROTTLE free_kb=3174324 <= 3500000 running=8
[16:49:55] .. alive runid=20260921-153445-13851 event_age=21s | wave=horizon total=90 valid=56 running=8 pending=26 launched=64 failed=0 gaveup=0 forkfail=0 free_kb=3174324 sims_boxwide=8 last_event_age=12s last_event_epoch=1790002174
[16:50:55] .. alive runid=20260921-153445-13851 event_age=81s | wave=horizon total=90 valid=56 running=8 pending=26 launched=64 failed=0 gaveup=0 forkfail=0 free_kb=3174324 sims_boxwide=8 last_event_age=12s last_event_epoch=1790002174
[16:51:10] DONE uhC_east_def_1420331661 rc=0 346s uhC east/default seed=1420331661 rescued=4 dead=0 unreachable=0 never_detected=0 ff_deaths=1 terminal=157 completions=4 recycles=4 removals=4 returns=4 wall=344s [valid 57/90]
[16:51:11] LAUNCH uhY_east_half_1636723358 running=8 free_kb=4156868 sims_boxwide=7 attempt=1
[16:51:24] THROTTLE free_kb=3286668 <= 3500000 running=8
[16:51:55] .. alive runid=20260921-153445-13851 event_age=44s | wave=horizon total=90 valid=57 running=8 pending=25 launched=65 failed=0 gaveup=0 forkfail=0 free_kb=3286668 sims_boxwide=8 last_event_age=13s last_event_epoch=1790002271
[16:52:14] DONE uhD_east_def_1420331661 rc=0 376s uhD east/default seed=1420331661 rescued=3 dead=1 unreachable=0 never_detected=0 ff_deaths=0 terminal=171 completions=3 recycles=3 removals=3 returns=3 wall=375s [valid 58/90]
[16:52:15] LAUNCH uhY_east_half_1252362635 running=8 free_kb=4180068 sims_boxwide=7 attempt=1
[16:52:27] THROTTLE free_kb=3310156 <= 3500000 running=8
[16:52:53] DONE uhC_east_def_1480870832 rc=0 372s uhC east/default seed=1480870832 rescued=2 dead=2 unreachable=0 never_detected=0 ff_deaths=0 terminal=156 completions=2 recycles=2 removals=2 returns=2 wall=371s [valid 59/90]
[16:52:54] LAUNCH uhY_east_half_294124329 running=8 free_kb=4170828 sims_boxwide=7 attempt=1
[16:52:55] .. alive runid=20260921-153445-13851 event_age=1s | wave=horizon total=90 valid=59 running=8 pending=23 launched=67 failed=0 gaveup=0 forkfail=0 free_kb=4170828 sims_boxwide=7 last_event_age=0s last_event_epoch=1790002374
[16:53:07] THROTTLE free_kb=3301016 <= 3500000 running=8
[16:53:46] DONE uhD_east_def_1480870832 rc=0 342s uhD east/default seed=1480870832 rescued=2 dead=1 unreachable=1 never_detected=1 ff_deaths=0 terminal=210 completions=2 recycles=2 removals=2 returns=2 wall=341s [valid 60/90]
[16:53:47] LAUNCH uhY_east_half_1723100518 running=8 free_kb=4179544 sims_boxwide=7 attempt=1
[16:53:55] .. alive runid=20260921-153445-13851 event_age=8s | wave=horizon total=90 valid=60 running=8 pending=22 launched=68 failed=0 gaveup=0 forkfail=0 free_kb=4179544 sims_boxwide=7 last_event_age=0s last_event_epoch=1790002427
[16:53:59] THROTTLE free_kb=3221740 <= 3500000 running=8
[16:54:55] .. alive runid=20260921-153445-13851 event_age=68s | wave=horizon total=90 valid=60 running=8 pending=22 launched=68 failed=0 gaveup=0 forkfail=0 free_kb=3221740 sims_boxwide=8 last_event_age=12s last_event_epoch=1790002427
[16:55:55] .. alive runid=20260921-153445-13851 event_age=128s | wave=horizon total=90 valid=60 running=8 pending=22 launched=68 failed=0 gaveup=0 forkfail=0 free_kb=3221740 sims_boxwide=8 last_event_age=12s last_event_epoch=1790002427
[16:56:55] DONE uhY_east_half_1147610331 rc=0 506s uhY east/half seed=1147610331 rescued=2 dead=2 unreachable=0 never_detected=0 ff_deaths=0 terminal=93 completions=2 recycles=2 removals=2 returns=2 wall=504s [valid 61/90]
[16:56:55] .. alive runid=20260921-153445-13851 event_age=0s | wave=horizon total=90 valid=61 running=7 pending=22 launched=68 failed=0 gaveup=0 forkfail=0 free_kb=3221740 sims_boxwide=8 last_event_age=0s last_event_epoch=1790002615
[16:56:56] LAUNCH uhY_east_half_1532569567 running=8 free_kb=4063840 sims_boxwide=7 attempt=1
[16:57:09] THROTTLE free_kb=3195684 <= 3500000 running=8
[16:57:55] .. alive runid=20260921-153445-13851 event_age=59s | wave=horizon total=90 valid=61 running=8 pending=21 launched=69 failed=0 gaveup=0 forkfail=0 free_kb=3195684 sims_boxwide=8 last_event_age=13s last_event_epoch=1790002616
[16:58:32] DONE uhY_east_half_2070841104 rc=0 616s uhY east/half seed=2070841104 rescued=4 dead=0 unreachable=0 never_detected=0 ff_deaths=0 terminal=122 completions=4 recycles=4 removals=4 returns=4 wall=615s [valid 62/90]
[16:58:33] LAUNCH uhY_east_half_498896028 running=8 free_kb=4099972 sims_boxwide=7 attempt=1
[16:58:46] DONE uhY_east_half_1291443119 rc=0 603s uhY east/half seed=1291443119 rescued=3 dead=1 unreachable=0 never_detected=0 ff_deaths=1 terminal=150 completions=3 recycles=3 removals=3 returns=3 wall=602s [valid 63/90]
[16:58:46] LAUNCH uhY_east_half_1401495347 running=8 free_kb=4105416 sims_boxwide=7 attempt=1
[16:58:56] .. alive runid=20260921-153445-13851 event_age=10s | wave=horizon total=90 valid=63 running=8 pending=19 launched=71 failed=0 gaveup=0 forkfail=0 free_kb=4105416 sims_boxwide=7 last_event_age=0s last_event_epoch=1790002726
[16:58:59] THROTTLE free_kb=3244012 <= 3500000 running=8
[16:59:56] .. alive runid=20260921-153445-13851 event_age=70s | wave=horizon total=90 valid=63 running=8 pending=19 launched=71 failed=0 gaveup=0 forkfail=0 free_kb=3244012 sims_boxwide=8 last_event_age=13s last_event_epoch=1790002726
[17:00:00] DONE uhY_east_half_1636723358 rc=0 529s uhY east/half seed=1636723358 rescued=3 dead=1 unreachable=0 never_detected=0 ff_deaths=0 terminal=105 completions=3 recycles=3 removals=3 returns=3 wall=528s [valid 64/90]
[17:00:01] LAUNCH uhY_east_half_133894353 running=8 free_kb=4067776 sims_boxwide=7 attempt=1
[17:00:14] THROTTLE free_kb=3234632 <= 3500000 running=8
[17:00:56] .. alive runid=20260921-153445-13851 event_age=55s | wave=horizon total=90 valid=64 running=8 pending=18 launched=72 failed=0 gaveup=0 forkfail=0 free_kb=3234632 sims_boxwide=8 last_event_age=13s last_event_epoch=1790002801
[17:01:48] DONE uhY_east_half_1723100518 rc=0 481s uhY east/half seed=1723100518 rescued=2 dead=2 unreachable=0 never_detected=0 ff_deaths=0 terminal=96 completions=2 recycles=2 removals=2 returns=2 wall=480s [valid 65/90]
[17:01:49] LAUNCH uhY_east_half_1788979460 running=8 free_kb=4086076 sims_boxwide=7 attempt=1
[17:01:56] .. alive runid=20260921-153445-13851 event_age=7s | wave=horizon total=90 valid=65 running=8 pending=17 launched=73 failed=0 gaveup=0 forkfail=0 free_kb=4086076 sims_boxwide=7 last_event_age=0s last_event_epoch=1790002909
[17:02:02] THROTTLE free_kb=3218012 <= 3500000 running=8
[17:02:17] DONE uhY_east_half_294124329 rc=0 563s uhY east/half seed=294124329 rescued=4 dead=0 unreachable=0 never_detected=0 ff_deaths=0 terminal=143 completions=4 recycles=4 removals=4 returns=4 wall=561s [valid 66/90]
[17:02:18] LAUNCH uhY_south_half_1486866530 running=8 free_kb=4135356 sims_boxwide=7 attempt=1
[17:02:31] THROTTLE free_kb=3304640 <= 3500000 running=8
[17:02:56] .. alive runid=20260921-153445-13851 event_age=38s | wave=horizon total=90 valid=66 running=8 pending=16 launched=74 failed=0 gaveup=0 forkfail=0 free_kb=3304640 sims_boxwide=8 last_event_age=13s last_event_epoch=1790002938
[17:03:56] .. alive runid=20260921-153445-13851 event_age=98s | wave=horizon total=90 valid=66 running=8 pending=16 launched=74 failed=0 gaveup=0 forkfail=0 free_kb=3304640 sims_boxwide=8 last_event_age=13s last_event_epoch=1790002938
[17:04:31] DONE uhY_east_half_1433805104 rc=0 897s uhY east/half seed=1433805104 rescued=4 dead=0 unreachable=0 never_detected=0 ff_deaths=0 terminal=300 completions=4 recycles=4 removals=4 returns=4 wall=896s [valid 67/90]
[17:04:32] LAUNCH uhY_south_half_536769381 running=8 free_kb=4083596 sims_boxwide=7 attempt=1
[17:04:45] DONE uhY_east_half_1252362635 rc=0 749s uhY east/half seed=1252362635 rescued=4 dead=0 unreachable=0 never_detected=0 ff_deaths=1 terminal=208 completions=4 recycles=4 removals=4 returns=4 wall=741s [valid 68/90]
[17:04:46] LAUNCH uhY_south_half_791464433 running=8 free_kb=4080120 sims_boxwide=7 attempt=1
[17:04:56] .. alive runid=20260921-153445-13851 event_age=11s | wave=horizon total=90 valid=68 running=8 pending=14 launched=76 failed=0 gaveup=0 forkfail=0 free_kb=4080120 sims_boxwide=7 last_event_age=1s last_event_epoch=1790003085
[17:04:58] THROTTLE free_kb=3196828 <= 3500000 running=8
[17:05:56] .. alive runid=20260921-153445-13851 event_age=71s | wave=horizon total=90 valid=68 running=8 pending=14 launched=76 failed=0 gaveup=0 forkfail=0 free_kb=3196828 sims_boxwide=8 last_event_age=13s last_event_epoch=1790003085
[17:06:56] .. alive runid=20260921-153445-13851 event_age=131s | wave=horizon total=90 valid=68 running=8 pending=14 launched=76 failed=0 gaveup=0 forkfail=0 free_kb=3196828 sims_boxwide=8 last_event_age=13s last_event_epoch=1790003085
[17:07:56] .. alive runid=20260921-153445-13851 event_age=191s | wave=horizon total=90 valid=68 running=8 pending=14 launched=76 failed=0 gaveup=0 forkfail=0 free_kb=3196828 sims_boxwide=8 last_event_age=13s last_event_epoch=1790003085
[17:08:12] DONE uhY_east_half_1532569567 rc=0 676s uhY east/half seed=1532569567 rescued=3 dead=0 unreachable=1 never_detected=0 ff_deaths=1 terminal=215 completions=3 recycles=3 removals=3 returns=3 wall=675s [valid 69/90]
[17:08:13] LAUNCH uhY_south_half_706299103 running=8 free_kb=4095492 sims_boxwide=7 attempt=1
[17:08:26] THROTTLE free_kb=3251260 <= 3500000 running=8
[17:08:56] .. alive runid=20260921-153445-13851 event_age=43s | wave=horizon total=90 valid=69 running=8 pending=13 launched=77 failed=0 gaveup=0 forkfail=0 free_kb=3251260 sims_boxwide=8 last_event_age=13s last_event_epoch=1790003293
[17:09:02] DONE uhY_south_half_1486866530 rc=0 404s uhY south/half seed=1486866530 rescued=3 dead=1 unreachable=0 never_detected=0 ff_deaths=1 terminal=210 completions=3 recycles=3 removals=3 returns=3 wall=403s [valid 70/90]
[17:09:03] LAUNCH uhY_south_half_1364948962 running=8 free_kb=4087788 sims_boxwide=7 attempt=1
[17:09:16] THROTTLE free_kb=3254696 <= 3500000 running=8
[17:09:35] DONE uhY_east_half_1401495347 rc=0 649s uhY east/half seed=1401495347 rescued=3 dead=1 unreachable=0 never_detected=0 ff_deaths=0 terminal=171 completions=3 recycles=3 removals=3 returns=3 wall=647s [valid 71/90]
[17:09:36] LAUNCH uhY_south_half_937041678 running=8 free_kb=4075696 sims_boxwide=7 attempt=1
[17:09:48] DONE uhY_south_half_536769381 rc=0 316s uhY south/half seed=536769381 rescued=4 dead=0 unreachable=0 never_detected=0 ff_deaths=0 terminal=118 completions=4 recycles=4 removals=4 returns=4 wall=303s [valid 72/90]
[17:09:49] LAUNCH uhY_south_half_954838929 running=8 free_kb=4043416 sims_boxwide=7 attempt=1
[17:09:56] .. alive runid=20260921-153445-13851 event_age=7s | wave=horizon total=90 valid=72 running=8 pending=10 launched=80 failed=0 gaveup=0 forkfail=0 free_kb=4043416 sims_boxwide=7 last_event_age=0s last_event_epoch=1790003389
[17:10:02] THROTTLE free_kb=3166256 <= 3500000 running=8
[17:10:57] .. alive runid=20260921-153445-13851 event_age=68s | wave=horizon total=90 valid=72 running=8 pending=10 launched=80 failed=0 gaveup=0 forkfail=0 free_kb=3166256 sims_boxwide=8 last_event_age=13s last_event_epoch=1790003389
[17:11:37] DONE uhY_south_half_791464433 rc=0 412s uhY south/half seed=791464433 rescued=4 dead=0 unreachable=0 never_detected=0 ff_deaths=1 terminal=234 completions=4 recycles=4 removals=4 returns=4 wall=410s [valid 73/90]
[17:11:38] LAUNCH uhY_south_half_139925734 running=8 free_kb=4089748 sims_boxwide=7 attempt=1
[17:11:51] THROTTLE free_kb=3206960 <= 3500000 running=8
[17:11:57] .. alive runid=20260921-153445-13851 event_age=19s | wave=horizon total=90 valid=73 running=8 pending=9 launched=81 failed=0 gaveup=0 forkfail=0 free_kb=3206960 sims_boxwide=8 last_event_age=13s last_event_epoch=1790003498
[17:12:32] DONE uhY_south_half_1364948962 rc=0 209s uhY south/half seed=1364948962 rescued=4 dead=0 unreachable=0 never_detected=0 ff_deaths=0 terminal=140 completions=4 recycles=4 removals=4 returns=4 wall=207s [valid 74/90]
[17:12:33] LAUNCH uhY_south_half_1624156665 running=8 free_kb=4071060 sims_boxwide=7 attempt=1
[17:12:46] THROTTLE free_kb=3187032 <= 3500000 running=8
[17:12:57] .. alive runid=20260921-153445-13851 event_age=24s | wave=horizon total=90 valid=74 running=8 pending=8 launched=82 failed=0 gaveup=0 forkfail=0 free_kb=3187032 sims_boxwide=8 last_event_age=13s last_event_epoch=1790003553
[17:13:40] DONE uhY_south_half_706299103 rc=0 327s uhY south/half seed=706299103 rescued=3 dead=0 unreachable=1 never_detected=0 ff_deaths=2 terminal=185 completions=3 recycles=3 removals=3 returns=3 wall=325s [valid 75/90]
[17:13:41] LAUNCH uhY_south_half_285242396 running=8 free_kb=4057204 sims_boxwide=7 attempt=1
[17:13:53] DONE uhY_east_half_1788979460 rc=0 724s uhY east/half seed=1788979460 rescued=3 dead=0 unreachable=1 never_detected=1 ff_deaths=0 terminal=210 completions=3 recycles=3 removals=3 returns=3 wall=722s [valid 76/90]
[17:13:54] LAUNCH uhY_south_half_573250932 running=8 free_kb=4104476 sims_boxwide=7 attempt=1
[17:13:57] .. alive runid=20260921-153445-13851 event_age=3s | wave=horizon total=90 valid=76 running=8 pending=6 launched=84 failed=0 gaveup=0 forkfail=0 free_kb=4104476 sims_boxwide=7 last_event_age=0s last_event_epoch=1790003634
[17:14:07] THROTTLE free_kb=3222168 <= 3500000 running=8
[17:14:36] DONE uhY_east_half_498896028 rc=0 963s uhY east/half seed=498896028 rescued=4 dead=0 unreachable=0 never_detected=0 ff_deaths=0 terminal=297 completions=4 recycles=4 removals=4 returns=4 wall=961s [valid 77/90]
[17:14:37] LAUNCH uhY_south_half_1048395951 running=8 free_kb=4058196 sims_boxwide=7 attempt=1
[17:14:50] THROTTLE free_kb=3163352 <= 3500000 running=8
[17:14:55] DONE uhY_east_half_133894353 rc=0 894s uhY east/half seed=133894353 rescued=4 dead=0 unreachable=0 never_detected=0 ff_deaths=1 terminal=273 completions=4 recycles=4 removals=4 returns=4 wall=892s [valid 78/90]
[17:14:56] LAUNCH uhY_south_half_903347495 running=8 free_kb=4063176 sims_boxwide=7 attempt=1
[17:14:57] .. alive runid=20260921-153445-13851 event_age=1s | wave=horizon total=90 valid=78 running=8 pending=4 launched=86 failed=0 gaveup=0 forkfail=0 free_kb=4063176 sims_boxwide=7 last_event_age=0s last_event_epoch=1790003696
[17:15:09] THROTTLE free_kb=3174200 <= 3500000 running=8
[17:15:27] DONE uhY_south_half_937041678 rc=0 351s uhY south/half seed=937041678 rescued=4 dead=0 unreachable=0 never_detected=0 ff_deaths=1 terminal=203 completions=4 recycles=4 removals=4 returns=4 wall=349s [valid 79/90]
[17:15:28] LAUNCH uhY_east_def_2038269169 running=8 free_kb=4129980 sims_boxwide=7 attempt=1
[17:15:41] THROTTLE free_kb=3225212 <= 3500000 running=8
[17:15:57] .. alive runid=20260921-153445-13851 event_age=29s | wave=horizon total=90 valid=79 running=8 pending=3 launched=87 failed=0 gaveup=0 forkfail=0 free_kb=3225212 sims_boxwide=8 last_event_age=13s last_event_epoch=1790003728
[17:16:08] DONE uhY_south_half_954838929 rc=0 379s uhY south/half seed=954838929 rescued=3 dead=1 unreachable=0 never_detected=0 ff_deaths=0 terminal=106 completions=3 recycles=3 removals=3 returns=3 wall=377s [valid 80/90]
[17:16:09] LAUNCH uhY_east_def_1749069988 running=8 free_kb=4124208 sims_boxwide=7 attempt=1
[17:16:22] THROTTLE free_kb=3273936 <= 3500000 running=8
[17:16:57] .. alive runid=20260921-153445-13851 event_age=48s | wave=horizon total=90 valid=80 running=8 pending=2 launched=88 failed=0 gaveup=0 forkfail=0 free_kb=3273936 sims_boxwide=8 last_event_age=13s last_event_epoch=1790003769
[17:17:50] DONE uhY_south_half_1624156665 rc=0 317s uhY south/half seed=1624156665 rescued=4 dead=0 unreachable=0 never_detected=0 ff_deaths=0 terminal=202 completions=4 recycles=4 removals=4 returns=4 wall=315s [valid 81/90]
[17:17:51] LAUNCH uhY_east_def_1420331661 running=8 free_kb=4093204 sims_boxwide=7 attempt=1
[17:17:57] .. alive runid=20260921-153445-13851 event_age=6s | wave=horizon total=90 valid=81 running=8 pending=1 launched=89 failed=0 gaveup=0 forkfail=0 free_kb=4093204 sims_boxwide=7 last_event_age=0s last_event_epoch=1790003871
[17:18:03] DONE uhY_south_half_139925734 rc=0 385s uhY south/half seed=139925734 rescued=3 dead=1 unreachable=0 never_detected=0 ff_deaths=1 terminal=101 completions=3 recycles=3 removals=3 returns=3 wall=376s [valid 82/90]
[17:18:04] LAUNCH uhY_east_def_1480870832 running=8 free_kb=4106904 sims_boxwide=7 attempt=1
[17:18:53] DONE uhY_south_half_573250932 rc=0 298s uhY south/half seed=573250932 rescued=3 dead=0 unreachable=1 never_detected=1 ff_deaths=0 terminal=210 completions=3 recycles=3 removals=3 returns=3 wall=297s [valid 83/90]
[17:18:57] .. alive runid=20260921-153445-13851 event_age=5s | wave=horizon total=90 valid=83 running=7 pending=0 launched=90 failed=0 gaveup=0 forkfail=0 free_kb=4106904 sims_boxwide=7 last_event_age=1s last_event_epoch=1790003932
[17:19:45] DONE uhY_south_half_285242396 rc=0 364s uhY south/half seed=285242396 rescued=4 dead=0 unreachable=0 never_detected=0 ff_deaths=0 terminal=188 completions=4 recycles=4 removals=4 returns=4 wall=363s [valid 84/90]
[17:19:57] .. alive runid=20260921-153445-13851 event_age=12s | wave=horizon total=90 valid=84 running=6 pending=0 launched=90 failed=0 gaveup=0 forkfail=0 free_kb=4106904 sims_boxwide=7 last_event_age=0s last_event_epoch=1790003985
[17:20:57] .. alive runid=20260921-153445-13851 event_age=72s | wave=horizon total=90 valid=84 running=6 pending=0 launched=90 failed=0 gaveup=0 forkfail=0 free_kb=4106904 sims_boxwide=7 last_event_age=0s last_event_epoch=1790003985
[17:21:42] DONE uhY_south_half_1048395951 rc=0 425s uhY south/half seed=1048395951 rescued=4 dead=0 unreachable=0 never_detected=0 ff_deaths=0 terminal=278 completions=4 recycles=4 removals=4 returns=4 wall=423s [valid 85/90]
[17:21:53] DONE uhY_east_def_2038269169 rc=0 385s uhY east/default seed=2038269169 rescued=3 dead=1 unreachable=0 never_detected=0 ff_deaths=1 terminal=291 completions=3 recycles=3 removals=3 returns=3 wall=384s [valid 86/90]
[17:21:57] .. alive runid=20260921-153445-13851 event_age=4s | wave=horizon total=90 valid=86 running=4 pending=0 launched=90 failed=0 gaveup=0 forkfail=0 free_kb=4106904 sims_boxwide=7 last_event_age=0s last_event_epoch=1790004113
[17:22:34] DONE uhY_south_half_903347495 rc=0 458s uhY south/half seed=903347495 rescued=4 dead=0 unreachable=0 never_detected=0 ff_deaths=1 terminal=277 completions=4 recycles=4 removals=4 returns=4 wall=457s [valid 87/90]
[17:22:42] DONE uhY_east_def_1749069988 rc=0 393s uhY east/default seed=1749069988 rescued=3 dead=1 unreachable=0 never_detected=0 ff_deaths=0 terminal=184 completions=3 recycles=3 removals=3 returns=3 wall=392s [valid 88/90]
[17:22:58] .. alive runid=20260921-153445-13851 event_age=15s | wave=horizon total=90 valid=88 running=2 pending=0 launched=90 failed=0 gaveup=0 forkfail=0 free_kb=4106904 sims_boxwide=7 last_event_age=0s last_event_epoch=1790004162
[17:23:42] DONE uhY_east_def_1420331661 rc=0 350s uhY east/default seed=1420331661 rescued=3 dead=1 unreachable=0 never_detected=0 ff_deaths=0 terminal=174 completions=3 recycles=3 removals=3 returns=3 wall=349s [valid 89/90]
[17:23:58] .. alive runid=20260921-153445-13851 event_age=17s | wave=horizon total=90 valid=89 running=1 pending=0 launched=90 failed=0 gaveup=0 forkfail=0 free_kb=4106904 sims_boxwide=7 last_event_age=1s last_event_epoch=1790004221
[17:24:03] DONE uhY_east_def_1480870832 rc=0 359s uhY east/default seed=1480870832 rescued=2 dead=2 unreachable=0 never_detected=0 ff_deaths=0 terminal=156 completions=2 recycles=2 removals=2 returns=2 wall=357s [valid 90/90]
[17:24:03] MAIN LOOP LEFT pending=0 running=0
[17:24:04] FINAL SUMMARY total=90 valid=90 invalid=0 missing=0
[17:24:05] FINAL wave=horizon SUMMARY total=90 valid=90 invalid=0 missing=0 live_this_wave=0 sims_boxwide=0
[17:24:05] ALL_DCD4RB_COMPLETE wave=horizon runid=20260921-153445-13851 valid=90/90 launched=90 failed=0 forkfail=0
[17:24:58] HEARTBEAT EXIT wave=horizon runid=20260921-153445-13851 (sentinel)
