2026-10-02 08:02:06 START outputs\_ut_q_all2.jsonl 192 runs maxpar=13 min_free=3.0
2026-10-02 08:02:06 LAUNCH utid2_A_E pid=30532 free=21.7GB running=1
2026-10-02 08:02:08 LAUNCH utid2_A_N pid=30960 free=20.9GB running=2
2026-10-02 08:02:10 LAUNCH utid2_A_S pid=1948 free=20.1GB running=3
2026-10-02 08:02:12 LAUNCH utid2_A_W pid=28640 free=19.3GB running=4
2026-10-02 08:02:14 LAUNCH utid2_B_E pid=17100 free=18.5GB running=5
2026-10-02 08:02:16 LAUNCH utid2_B_N pid=36160 free=17.7GB running=6
2026-10-02 08:02:18 LAUNCH utid2_B_S pid=33984 free=16.9GB running=7
2026-10-02 08:02:20 LAUNCH utid2_B_W pid=22792 free=16.1GB running=8
2026-10-02 08:02:22 LAUNCH utid2_C_E pid=10124 free=15.3GB running=9
2026-10-02 08:02:24 LAUNCH utid2_C_N pid=11708 free=14.5GB running=10
2026-10-02 08:02:26 LAUNCH utid2_C_S pid=29740 free=13.6GB running=11
2026-10-02 08:02:28 LAUNCH utid2_C_W pid=28244 free=12.8GB running=12
2026-10-02 08:02:30 LAUNCH utid2_D_E pid=2904 free=12.0GB running=13
2026-10-02 08:07:37 DONE utid2_B_W rc=0 317s
2026-10-02 08:07:37 LAUNCH utid2_D_N pid=36632 free=11.8GB running=13
2026-10-02 08:11:29 DONE utid2_A_S rc=0 559s
2026-10-02 08:11:29 LAUNCH utid2_D_S pid=18284 free=11.7GB running=13
2026-10-02 08:12:36 DONE utid2_C_N rc=0 612s
2026-10-02 08:12:36 LAUNCH utid2_D_W pid=6052 free=11.7GB running=13
2026-10-02 08:12:48 DONE utid2_A_E rc=0 642s
2026-10-02 08:12:48 LAUNCH utidu2_A_E pid=27416 free=11.8GB running=13
2026-10-02 08:13:05 DONE utid2_B_S rc=0 647s
2026-10-02 08:13:05 LAUNCH utidu2_A_N pid=35464 free=11.8GB running=13
2026-10-02 08:13:12 DONE utid2_B_N rc=0 657s
2026-10-02 08:13:12 LAUNCH utidu2_A_S pid=5864 free=11.8GB running=13
2026-10-02 08:13:19 DONE utid2_A_W rc=0 668s
2026-10-02 08:13:19 LAUNCH utidu2_A_W pid=1960 free=11.9GB running=13
2026-10-02 08:14:31 DONE utid2_A_N rc=0 744s
2026-10-02 08:14:32 LAUNCH utidu2_B_E pid=35436 free=11.7GB running=13
2026-10-02 08:15:49 DONE utid2_D_E rc=0 799s
2026-10-02 08:15:49 LAUNCH utidu2_B_N pid=25532 free=11.8GB running=13
2026-10-02 08:16:11 DONE utid2_B_E rc=0 837s
2026-10-02 08:16:11 LAUNCH utidu2_B_S pid=30964 free=11.9GB running=13
2026-10-02 08:16:58 DONE utid2_C_S rc=0 872s
2026-10-02 08:16:58 LAUNCH utidu2_B_W pid=36396 free=11.9GB running=13
2026-10-02 08:18:45 DONE utid2_C_W rc=0 977s
2026-10-02 08:18:45 LAUNCH utidu2_C_E pid=28748 free=11.9GB running=13
2026-10-02 08:20:17 DONE utid2_C_E rc=0 1075s
2026-10-02 08:20:17 LAUNCH utidu2_C_N pid=23056 free=11.8GB running=13
2026-10-02 08:21:14 DONE utid2_D_N rc=0 817s
2026-10-02 08:21:14 LAUNCH utidu2_C_S pid=15460 free=11.8GB running=13
2026-10-02 08:22:21 DONE utidu2_B_W rc=0 323s
2026-10-02 08:22:21 LAUNCH utidu2_C_W pid=3776 free=11.8GB running=13
2026-10-02 08:22:38 DONE utidu2_A_S rc=0 566s
2026-10-02 08:22:38 LAUNCH utidu2_D_E pid=23640 free=11.9GB running=13
2026-10-02 08:23:50 DONE utidu2_A_E rc=0 662s
2026-10-02 08:23:50 LAUNCH utidu2_D_N pid=32324 free=11.8GB running=13
2026-10-02 08:24:22 DONE utid2_D_S rc=0 773s
2026-10-02 08:24:22 DONE utidu2_A_N rc=0 677s
2026-10-02 08:24:22 LAUNCH utidu2_D_S pid=16680 free=12.6GB running=12
2026-10-02 08:24:24 LAUNCH utidu2_D_W pid=7208 free=11.8GB running=13
2026-10-02 08:25:06 DONE utidu2_A_W rc=0 707s
2026-10-02 08:25:06 LAUNCH ut0rS_A_E pid=28956 free=11.7GB running=13
2026-10-02 08:26:58 DONE utidu2_B_E rc=0 747s
2026-10-02 08:26:58 LAUNCH ut0rS_B_N pid=21852 free=11.8GB running=13
2026-10-02 08:28:30 DONE utidu2_B_S rc=0 740s
2026-10-02 08:28:30 LAUNCH ut0rS_C_S pid=20280 free=11.8GB running=13
2026-10-02 08:28:37 DONE utidu2_B_N rc=0 769s
2026-10-02 08:28:37 LAUNCH ut0rS_D_W pid=12076 free=11.9GB running=13
2026-10-02 08:31:55 DONE utidu2_C_N rc=0 698s
2026-10-02 08:31:55 LAUNCH ut0uS_A_E pid=28432 free=11.8GB running=13
2026-10-02 08:32:07 DONE utid2_D_W rc=0 1170s
2026-10-02 08:32:07 LAUNCH ut0uS_B_N pid=19020 free=11.8GB running=13
2026-10-02 08:34:09 DONE utidu2_C_S rc=0 775s
2026-10-02 08:34:09 LAUNCH ut0uS_C_S pid=27948 free=11.8GB running=13
2026-10-02 08:35:56 DONE ut0rS_A_E rc=0 649s
2026-10-02 08:35:56 LAUNCH ut0uS_D_W pid=6200 free=11.7GB running=13
2026-10-02 08:36:28 DONE utidu2_C_E rc=0 1063s
2026-10-02 08:36:28 LAUNCH utRa pid=4916 free=11.6GB running=13
2026-10-02 08:37:00 DONE utidu2_D_S rc=0 758s
2026-10-02 08:37:00 LAUNCH utRb pid=17128 free=11.5GB running=13
2026-10-02 08:37:47 DONE utidu2_C_W rc=0 926s
2026-10-02 08:37:47 LAUNCH utRc pid=34052 free=11.8GB running=13
2026-10-02 08:38:39 DONE utidu2_D_N rc=0 889s
2026-10-02 08:38:39 LAUNCH utRs pid=21948 free=11.8GB running=13
2026-10-02 08:39:16 DONE ut0rS_B_N rc=0 738s
2026-10-02 08:39:16 LAUNCH utQa pid=3944 free=11.9GB running=13
2026-10-02 08:40:13 DONE ut0rS_C_S rc=0 703s
2026-10-02 08:40:13 LAUNCH utQb pid=34200 free=11.8GB running=13
2026-10-02 08:40:30 DONE utidu2_D_E rc=0 1072s
2026-10-02 08:40:30 LAUNCH utQc pid=35888 free=11.9GB running=13
2026-10-02 08:42:17 DONE ut0uS_A_E rc=0 623s
2026-10-02 08:42:17 LAUNCH utQs pid=27088 free=11.9GB running=13
2026-10-02 08:44:29 DONE ut0uS_B_N rc=0 743s
2026-10-02 08:44:29 LAUNCH ut2r_A_E pid=26948 free=11.8GB running=13
2026-10-02 08:46:21 DONE ut0uS_C_S rc=0 733s
2026-10-02 08:46:21 LAUNCH ut2r_A_N pid=3956 free=11.9GB running=13
2026-10-02 08:48:03 DONE ut0rS_D_W rc=0 1166s
2026-10-02 08:48:03 LAUNCH ut2r_A_S pid=15452 free=11.9GB running=13
2026-10-02 08:48:25 DONE utidu2_D_W rc=0 1441s
2026-10-02 08:48:25 LAUNCH ut2r_A_W pid=5624 free=11.9GB running=13
2026-10-02 08:54:08 DONE ut2r_A_E rc=0 578s
2026-10-02 08:54:08 LAUNCH ut2r_B_E pid=36060 free=11.9GB running=13
2026-10-02 08:57:20 DONE ut0uS_D_W rc=0 1284s
2026-10-02 08:57:20 LAUNCH ut2r_B_N pid=37664 free=11.8GB running=13
2026-10-02 08:57:57 DONE ut2r_A_S rc=0 593s
2026-10-02 08:57:57 LAUNCH ut2r_B_S pid=13276 free=10.9GB running=13
2026-10-02 08:59:19 DONE ut2r_A_N rc=0 777s
2026-10-02 08:59:19 LAUNCH ut2r_B_W pid=37552 free=11.8GB running=13
2026-10-02 09:00:51 DONE ut2r_A_W rc=0 745s
2026-10-02 09:00:51 LAUNCH ut2r_C_E pid=18512 free=11.8GB running=13
2026-10-02 09:09:48 DONE ut2r_B_S rc=0 711s
2026-10-02 09:09:48 LAUNCH ut2r_C_N pid=3956 free=11.7GB running=13
2026-10-02 09:10:30 DONE ut2r_B_N rc=0 790s
2026-10-02 09:10:30 LAUNCH ut2r_C_S pid=4488 free=11.8GB running=13
2026-10-02 09:12:37 DONE ut2r_B_W rc=0 798s
2026-10-02 09:12:37 LAUNCH ut2r_C_W pid=37384 free=11.8GB running=13
2026-10-02 09:18:44 DONE ut2r_C_N rc=0 536s
2026-10-02 09:18:44 LAUNCH ut2r_D_E pid=37848 free=11.8GB running=13
2026-10-02 09:22:16 DONE ut2r_B_E rc=0 1689s
2026-10-02 09:22:16 LAUNCH ut2r_D_N pid=29356 free=11.8GB running=13
2026-10-02 09:22:53 DONE ut2r_C_S rc=0 743s
2026-10-02 09:22:53 LAUNCH ut2r_D_S pid=36136 free=11.8GB running=13
2026-10-02 09:23:10 DONE utRs rc=0 2671s
2026-10-02 09:23:10 LAUNCH ut2r_D_W pid=28484 free=11.7GB running=13
2026-10-02 09:25:02 DONE utRc rc=0 2835s
2026-10-02 09:25:02 LAUNCH ut2r2_A_E pid=36192 free=11.7GB running=13
2026-10-02 09:25:39 DONE ut2r_C_E rc=0 1489s
2026-10-02 09:25:39 LAUNCH ut2r2_A_N pid=3060 free=11.8GB running=13
2026-10-02 09:26:51 DONE utQs rc=0 2674s
2026-10-02 09:26:51 LAUNCH ut2r2_A_S pid=27904 free=11.8GB running=13
2026-10-02 09:27:48 DONE utQc rc=0 2838s
2026-10-02 09:27:48 LAUNCH ut2r2_A_W pid=4752 free=11.8GB running=13
2026-10-02 09:33:51 DONE ut2r_D_N rc=0 694s
2026-10-02 09:33:51 LAUNCH ut2r2_B_E pid=31260 free=11.7GB running=13
2026-10-02 09:33:58 DONE utRb rc=0 3418s
2026-10-02 09:33:58 LAUNCH ut2r2_B_N pid=13084 free=11.7GB running=13
2026-10-02 09:34:30 DONE ut2r2_A_E rc=0 567s
2026-10-02 09:34:30 LAUNCH ut2r2_B_S pid=27392 free=11.6GB running=13
2026-10-02 09:34:57 DONE ut2r_D_W rc=0 706s
2026-10-02 09:34:57 LAUNCH ut2r2_B_W pid=35784 free=11.7GB running=13
2026-10-02 09:35:29 DONE ut2r2_A_N rc=0 589s
2026-10-02 09:35:29 LAUNCH ut2r2_C_E pid=9240 free=11.7GB running=13
2026-10-02 09:35:36 DONE ut2r_D_S rc=0 763s
2026-10-02 09:35:36 LAUNCH ut2r2_C_N pid=25204 free=11.7GB running=13
2026-10-02 09:36:43 DONE ut2r2_A_S rc=0 591s
2026-10-02 09:36:43 LAUNCH ut2r2_C_S pid=21272 free=11.8GB running=13
2026-10-02 09:37:45 DONE utQb rc=0 3452s
2026-10-02 09:37:45 LAUNCH ut2r2_C_W pid=23232 free=11.8GB running=13
2026-10-02 09:38:17 DONE ut2r_C_W rc=0 1540s
2026-10-02 09:38:17 LAUNCH ut2r2_D_E pid=7696 free=11.8GB running=13
2026-10-02 09:39:29 DONE ut2r2_A_W rc=0 701s
2026-10-02 09:39:29 LAUNCH ut2r2_D_N pid=26752 free=11.7GB running=13
2026-10-02 09:41:36 DONE ut2r_D_E rc=0 1372s
2026-10-02 09:41:36 LAUNCH ut2r2_D_S pid=17028 free=11.8GB running=13
2026-10-02 09:43:38 DONE ut2r2_B_N rc=0 580s
2026-10-02 09:43:38 LAUNCH ut2r2_D_W pid=28580 free=11.8GB running=13
2026-10-02 09:45:05 DONE ut2r2_C_S rc=0 502s
2026-10-02 09:45:05 LAUNCH ut2u_A_E pid=3800 free=11.7GB running=13
2026-10-02 09:46:02 DONE ut2r2_B_S rc=0 693s
2026-10-02 09:46:02 LAUNCH ut2u_A_N pid=24612 free=11.8GB running=13
2026-10-02 09:46:44 DONE ut2r2_C_N rc=0 668s
2026-10-02 09:46:44 LAUNCH ut2u_A_S pid=21572 free=11.8GB running=13
2026-10-02 09:47:11 DONE ut2r2_B_W rc=0 735s
2026-10-02 09:47:11 LAUNCH ut2u_A_W pid=37544 free=11.8GB running=13
2026-10-02 09:49:58 DONE ut2r2_D_S rc=0 502s
2026-10-02 09:49:58 LAUNCH ut2u_B_E pid=32468 free=11.7GB running=13
2026-10-02 09:50:55 DONE ut2r2_C_W rc=0 791s
2026-10-02 09:50:55 LAUNCH ut2u_B_N pid=9244 free=11.8GB running=13
2026-10-02 09:51:22 DONE ut2r2_D_N rc=0 714s
2026-10-02 09:51:22 LAUNCH ut2u_B_S pid=27220 free=11.8GB running=13
2026-10-02 09:54:19 DONE ut2u_A_E rc=0 554s
2026-10-02 09:54:19 LAUNCH ut2u_B_W pid=16448 free=11.6GB running=13
2026-10-02 09:55:57 DONE ut2r2_B_E rc=0 1326s
2026-10-02 09:55:57 LAUNCH ut2u_C_E pid=12984 free=11.6GB running=13
2026-10-02 09:57:54 DONE ut2r2_D_W rc=0 856s
2026-10-02 09:57:54 DONE ut2u_A_S rc=0 669s
2026-10-02 09:57:54 LAUNCH ut2u_C_N pid=21228 free=12.5GB running=12
2026-10-02 09:57:56 LAUNCH ut2u_C_S pid=31120 free=11.7GB running=13
2026-10-02 09:58:28 DONE ut2u_A_N rc=0 746s
2026-10-02 09:58:28 LAUNCH ut2u_C_W pid=37432 free=11.7GB running=13
2026-10-02 09:58:40 DONE ut2u_A_W rc=0 689s
2026-10-02 09:58:40 LAUNCH ut2u_D_E pid=26600 free=11.8GB running=13
2026-10-02 09:58:57 DONE utRa rc=0 4949s
2026-10-02 09:58:57 LAUNCH ut2u_D_N pid=37832 free=11.8GB running=13
2026-10-02 09:59:49 DONE ut2r2_C_E rc=0 1460s
2026-10-02 09:59:49 LAUNCH ut2u_D_S pid=13936 free=11.7GB running=13
2026-10-02 10:00:41 DONE ut2r2_D_E rc=0 1344s
2026-10-02 10:00:41 LAUNCH ut2u_D_W pid=26676 free=11.6GB running=13
2026-10-02 10:01:33 DONE ut2u_B_N rc=0 638s
2026-10-02 10:01:33 LAUNCH ut2u2_A_E pid=27036 free=11.7GB running=13
2026-10-02 10:01:50 DONE utQa rc=0 4954s
2026-10-02 10:01:50 LAUNCH ut2u2_A_N pid=2904 free=11.7GB running=13
2026-10-02 10:04:07 DONE ut2u_B_S rc=0 765s
2026-10-02 10:04:07 LAUNCH ut2u2_A_S pid=37584 free=11.7GB running=13
2026-10-02 10:07:24 DONE ut2u_B_W rc=0 785s
2026-10-02 10:07:24 LAUNCH ut2u2_A_W pid=27152 free=11.7GB running=13
2026-10-02 10:07:31 DONE ut2u_C_N rc=0 578s
2026-10-02 10:07:31 LAUNCH ut2u2_B_E pid=10276 free=11.7GB running=13
2026-10-02 10:09:23 DONE ut2u_C_S rc=0 688s
2026-10-02 10:09:23 LAUNCH ut2u2_B_N pid=16248 free=11.6GB running=13
2026-10-02 10:09:40 DONE ut2u_D_S rc=0 591s
2026-10-02 10:09:40 LAUNCH ut2u2_B_S pid=11580 free=11.6GB running=13
2026-10-02 10:10:57 DONE ut2u_D_N rc=0 721s
2026-10-02 10:10:57 LAUNCH ut2u2_B_W pid=3000 free=11.7GB running=13
2026-10-02 10:11:44 DONE ut2u2_A_E rc=0 611s
2026-10-02 10:11:44 LAUNCH ut2u2_C_E pid=33344 free=11.7GB running=13
2026-10-02 10:13:01 DONE ut2u_D_W rc=0 741s
2026-10-02 10:13:01 LAUNCH ut2u2_C_N pid=6740 free=11.7GB running=13
2026-10-02 10:13:23 DONE ut2u2_A_N rc=0 693s
2026-10-02 10:13:23 LAUNCH ut2u2_C_S pid=27148 free=11.7GB running=13
2026-10-02 10:15:56 DONE ut2u2_A_S rc=0 708s
2026-10-02 10:15:56 LAUNCH ut2u2_C_W pid=16216 free=11.7GB running=13
2026-10-02 10:17:03 DONE ut2u_B_E rc=0 1624s
2026-10-02 10:17:03 LAUNCH ut2u2_D_E pid=34240 free=11.7GB running=13
2026-10-02 10:19:45 DONE ut2u2_A_W rc=0 741s
2026-10-02 10:19:45 LAUNCH ut2u2_D_N pid=14756 free=11.6GB running=13
2026-10-02 10:20:02 DONE ut2u2_B_E rc=0 751s
2026-10-02 10:20:02 LAUNCH ut2u2_D_S pid=23112 free=11.6GB running=13
2026-10-02 10:20:09 DONE ut2u2_B_N rc=0 646s
2026-10-02 10:20:09 LAUNCH ut2u2_D_W pid=12364 free=11.6GB running=13
2026-10-02 10:20:36 DONE ut2u_C_E rc=0 1479s
2026-10-02 10:20:36 LAUNCH ut3r_A_E pid=15800 free=11.7GB running=13
2026-10-02 10:20:53 DONE ut2u2_B_S rc=0 673s
2026-10-02 10:20:53 LAUNCH ut3r_A_N pid=26908 free=11.8GB running=13
2026-10-02 10:22:35 DONE ut2u2_C_S rc=0 551s
2026-10-02 10:22:35 LAUNCH ut3r_A_S pid=27080 free=11.7GB running=13
2026-10-02 10:23:12 DONE ut2u_D_E rc=0 1472s
2026-10-02 10:23:12 LAUNCH ut3r_A_W pid=21848 free=11.8GB running=13
2026-10-02 10:23:19 DONE ut2u2_B_W rc=0 742s
2026-10-02 10:23:19 LAUNCH ut3r_B_E pid=27476 free=11.8GB running=13
2026-10-02 10:24:46 DONE ut2u2_C_N rc=0 705s
2026-10-02 10:24:46 LAUNCH ut3r_B_N pid=27712 free=11.6GB running=13
2026-10-02 10:27:58 DONE ut2u2_D_S rc=0 476s
2026-10-02 10:27:58 LAUNCH ut3r_B_S pid=28392 free=11.7GB running=13
2026-10-02 10:29:30 DONE ut2u2_C_W rc=0 815s
2026-10-02 10:29:30 LAUNCH ut3r_B_W pid=27672 free=11.6GB running=13
2026-10-02 10:30:52 DONE ut3r_A_E rc=0 617s
2026-10-02 10:30:52 LAUNCH ut3r_C_E pid=26736 free=11.6GB running=13
2026-10-02 10:31:39 DONE ut2u2_D_N rc=0 715s
2026-10-02 10:31:39 LAUNCH ut3r_C_N pid=34072 free=11.6GB running=13
2026-10-02 10:32:26 DONE ut2u_C_W rc=0 2039s
2026-10-02 10:32:27 LAUNCH ut3r_C_S pid=34076 free=11.6GB running=13
2026-10-02 10:32:34 DONE ut3r_A_S rc=0 599s
2026-10-02 10:32:34 LAUNCH ut3r_C_W pid=28252 free=11.7GB running=13
2026-10-02 10:33:51 DONE ut3r_A_N rc=0 778s
2026-10-02 10:33:51 LAUNCH ut3r_D_E pid=4612 free=11.6GB running=13
2026-10-02 10:35:58 DONE ut3r_A_W rc=0 766s
2026-10-02 10:35:58 LAUNCH ut3r_D_N pid=37620 free=11.7GB running=13
2026-10-02 10:36:30 DONE ut2u2_C_E rc=0 1485s
2026-10-02 10:36:30 LAUNCH ut3r_D_S pid=27732 free=11.7GB running=13
2026-10-02 10:37:52 DONE ut3r_B_N rc=0 786s
2026-10-02 10:37:52 LAUNCH ut3r_D_W pid=25316 free=11.7GB running=13
2026-10-02 10:40:09 DONE ut3r_B_S rc=0 731s
2026-10-02 10:40:09 LAUNCH ut3r2_A_E pid=4300 free=11.6GB running=13
2026-10-02 10:40:21 DONE ut2u2_D_E rc=0 1398s
2026-10-02 10:40:21 LAUNCH ut3r2_A_N pid=6524 free=11.6GB running=13
2026-10-02 10:40:38 DONE ut3r_C_N rc=0 539s
2026-10-02 10:40:38 LAUNCH ut3r2_A_S pid=37460 free=11.7GB running=13
2026-10-02 10:42:55 DONE ut3r_B_W rc=0 805s
2026-10-02 10:42:55 LAUNCH ut3r2_A_W pid=37540 free=11.2GB running=13
2026-10-02 10:45:17 DONE ut3r_C_S rc=0 771s
2026-10-02 10:45:17 LAUNCH ut3r2_B_E pid=37832 free=12.2GB running=13
2026-10-02 10:47:39 DONE ut3r_D_N rc=0 702s
2026-10-02 10:47:39 LAUNCH ut3r2_B_N pid=36808 free=12.3GB running=13
2026-10-02 10:49:16 DONE ut3r_D_S rc=0 767s
2026-10-02 10:49:16 LAUNCH ut3r2_B_S pid=37076 free=12.3GB running=13
2026-10-02 10:49:43 DONE ut3r_D_W rc=0 712s
2026-10-02 10:49:43 LAUNCH ut3r2_B_W pid=12164 free=12.2GB running=13
2026-10-02 10:49:55 DONE ut3r2_A_E rc=0 587s
2026-10-02 10:49:55 LAUNCH ut3r2_C_E pid=36164 free=12.2GB running=13
2026-10-02 10:50:28 DONE ut2u2_D_W rc=0 1819s
2026-10-02 10:50:28 LAUNCH ut3r2_C_N pid=17276 free=12.3GB running=13
2026-10-02 10:50:35 DONE ut3r2_A_N rc=0 614s
2026-10-02 10:50:35 DONE ut3r2_A_S rc=0 597s
2026-10-02 10:50:35 LAUNCH ut3r2_C_S pid=12024 free=13.2GB running=12
2026-10-02 10:50:37 LAUNCH ut3r2_C_W pid=37152 free=12.4GB running=13
2026-10-02 10:52:14 DONE ut3r_B_E rc=0 1735s
2026-10-02 10:52:14 LAUNCH ut3r2_D_E pid=21272 free=12.4GB running=13
2026-10-02 10:54:11 DONE ut3r2_A_W rc=0 676s
2026-10-02 10:54:11 LAUNCH ut3r2_D_N pid=37372 free=10.9GB running=13
2026-10-02 10:55:28 DONE ut3r_C_E rc=0 1476s
2026-10-02 10:55:28 LAUNCH ut3r2_D_S pid=39480 free=10.2GB running=13
2026-10-02 10:56:05 DONE ut3r_D_E rc=0 1334s
2026-10-02 10:56:05 LAUNCH ut3r2_D_W pid=37412 free=9.8GB running=13
2026-10-02 10:56:37 DONE ut3r2_B_N rc=0 538s
2026-10-02 10:56:37 LAUNCH ut3u_A_E pid=36940 free=10.0GB running=13
2026-10-02 10:58:09 DONE ut3r_C_W rc=0 1536s
2026-10-02 10:58:09 LAUNCH ut3u_A_N pid=27332 free=10.1GB running=13
2026-10-02 10:58:21 DONE ut3r2_C_S rc=0 467s
2026-10-02 10:58:21 LAUNCH ut3u_A_S pid=40572 free=10.2GB running=13
2026-10-02 10:59:43 DONE ut3r2_B_S rc=0 627s
2026-10-02 10:59:43 LAUNCH ut3u_A_W pid=37496 free=10.0GB running=13
2026-10-02 11:00:36 DONE ut3r2_C_N rc=0 608s
2026-10-02 11:00:36 LAUNCH ut3u_B_E pid=44564 free=9.1GB running=13
2026-10-02 11:01:13 DONE ut3r2_B_W rc=0 689s
2026-10-02 11:01:13 LAUNCH ut3u_B_N pid=45896 free=8.9GB running=13
2026-10-02 11:02:40 DONE ut3r2_C_W rc=0 723s
2026-10-02 11:02:40 LAUNCH ut3u_B_S pid=12652 free=9.0GB running=13
2026-10-02 11:03:37 DONE ut3r2_D_S rc=0 489s
2026-10-02 11:03:37 LAUNCH ut3u_B_W pid=5560 free=8.9GB running=13
2026-10-02 11:05:39 DONE ut3r2_D_N rc=0 688s
2026-10-02 11:05:39 LAUNCH ut3u_C_E pid=43904 free=10.0GB running=13
2026-10-02 11:05:46 DONE ut3u_A_E rc=0 549s
2026-10-02 11:05:46 LAUNCH ut3u_C_N pid=44056 free=10.1GB running=13
2026-10-02 11:05:53 DONE ut3r2_B_E rc=0 1236s
2026-10-02 11:05:53 LAUNCH ut3u_C_S pid=44796 free=10.1GB running=13
2026-10-02 11:08:30 DONE ut3u_A_S rc=0 609s
2026-10-02 11:08:30 LAUNCH ut3u_C_W pid=43012 free=10.0GB running=13
2026-10-02 11:09:07 DONE ut3u_A_N rc=0 658s
2026-10-02 11:09:07 LAUNCH ut3u_D_E pid=39588 free=9.6GB running=13
2026-10-02 11:09:15 DONE ut3r2_D_W rc=0 790s
2026-10-02 11:09:15 LAUNCH ut3u_D_N pid=44740 free=9.6GB running=13
2026-10-02 11:10:22 DONE ut3u_A_W rc=0 638s
2026-10-02 11:10:22 LAUNCH ut3u_D_S pid=43700 free=9.7GB running=13
2026-10-02 11:11:04 DONE ut3u_B_N rc=0 591s
2026-10-02 11:11:04 LAUNCH ut3u_D_W pid=33676 free=9.5GB running=13
2026-10-02 11:12:21 DONE ut3r2_C_E rc=0 1345s
2026-10-02 11:12:21 LAUNCH ut3u2_A_E pid=18536 free=9.6GB running=13
2026-10-02 11:12:58 DONE ut3r2_D_E rc=0 1244s
2026-10-02 11:12:58 LAUNCH ut3u2_A_N pid=42516 free=9.7GB running=13
2026-10-02 11:14:30 DONE ut3u_C_N rc=0 524s
2026-10-02 11:14:30 LAUNCH ut3u2_A_S pid=40892 free=9.7GB running=13
2026-10-02 11:15:32 DONE ut3u_B_S rc=0 772s
2026-10-02 11:15:32 LAUNCH ut3u2_A_W pid=43992 free=9.7GB running=13
2026-10-02 11:15:39 DONE ut3u_B_W rc=0 722s
2026-10-02 11:15:39 LAUNCH ut3u2_B_E pid=28336 free=9.8GB running=13
2026-10-02 11:16:21 DONE ut3u_C_S rc=0 628s
2026-10-02 11:16:21 LAUNCH ut3u2_B_N pid=37728 free=9.0GB running=13
2026-10-02 11:19:43 DONE ut3u_D_S rc=0 561s
2026-10-02 11:19:43 LAUNCH ut3u2_B_S pid=29232 free=9.6GB running=13
2026-10-02 11:20:50 DONE ut3u_D_N rc=0 696s
2026-10-02 11:20:50 LAUNCH ut3u2_B_W pid=41992 free=9.5GB running=13
2026-10-02 11:22:07 DONE ut3u2_A_E rc=0 586s
2026-10-02 11:22:07 LAUNCH ut3u2_C_E pid=7476 free=9.7GB running=13
2026-10-02 11:22:39 DONE ut3u_D_W rc=0 696s
2026-10-02 11:22:39 LAUNCH ut3u2_C_N pid=38084 free=9.5GB running=13
2026-10-02 11:23:51 DONE ut3u2_A_N rc=0 654s
2026-10-02 11:23:51 LAUNCH ut3u2_C_S pid=37624 free=9.4GB running=13
2026-10-02 11:25:48 DONE ut3u2_A_S rc=0 679s
2026-10-02 11:25:48 LAUNCH ut3u2_C_W pid=43440 free=9.5GB running=13
2026-10-02 11:26:00 DONE ut3u_B_E rc=0 1525s
2026-10-02 11:26:00 LAUNCH ut3u2_D_E pid=27128 free=9.5GB running=13
2026-10-02 11:26:22 DONE ut3u2_B_N rc=0 601s
2026-10-02 11:26:22 LAUNCH ut3u2_D_N pid=44196 free=9.6GB running=13
2026-10-02 11:26:49 DONE ut3u2_A_W rc=0 678s
2026-10-02 11:26:49 DONE ut3u2_B_E rc=0 671s
2026-10-02 11:26:49 LAUNCH ut3u2_D_S pid=43268 free=10.5GB running=12
2026-10-02 11:26:51 LAUNCH ut3u2_D_W pid=12152 free=9.7GB running=13
2026-10-02 11:28:49 DONE ut3u2_B_S rc=0 545s
2026-10-02 11:28:49 LAUNCH ut2bf_A_E pid=41292 free=9.5GB running=13
2026-10-02 11:30:11 DONE ut3u2_B_W rc=0 560s
2026-10-02 11:30:11 DONE ut3u2_C_S rc=0 379s
2026-10-02 11:30:11 LAUNCH ut2bf_A_N pid=25628 free=10.3GB running=12
2026-10-02 11:30:13 LAUNCH ut2bf_A_S pid=37864 free=9.5GB running=13
2026-10-02 11:30:25 DONE ut3u_C_E rc=0 1486s
2026-10-02 11:30:25 LAUNCH ut2bf_A_W pid=9228 free=9.6GB running=13
2026-10-02 11:30:37 DONE ut3u_D_E rc=0 1289s
2026-10-02 11:30:37 LAUNCH ut2bf_B_E pid=46016 free=9.6GB running=13
2026-10-02 11:31:04 DONE ut3u2_C_N rc=0 505s
2026-10-02 11:31:04 LAUNCH ut2bf_B_N pid=41644 free=9.5GB running=13
2026-10-02 11:31:51 DONE ut3u2_D_S rc=0 301s
2026-10-02 11:31:51 LAUNCH ut2bf_B_S pid=45832 free=9.5GB running=13
2026-10-02 11:33:48 DONE ut3u_C_W rc=0 1517s
2026-10-02 11:33:48 DONE ut3u2_D_N rc=0 445s
2026-10-02 11:33:48 LAUNCH ut2bf_B_W pid=43800 free=10.4GB running=12
2026-10-02 11:33:50 LAUNCH ut2bf_C_E pid=33264 free=10.5GB running=13
2026-10-02 11:33:57 DONE ut3u2_C_W rc=0 489s
2026-10-02 11:33:57 LAUNCH ut2bf_C_N pid=42252 free=9.7GB running=13
2026-10-02 11:34:24 DONE ut2bf_A_E rc=0 335s
2026-10-02 11:34:24 LAUNCH ut2bf_C_S pid=3064 free=9.6GB running=13
2026-10-02 11:35:46 DONE ut2bf_A_S rc=0 333s
2026-10-02 11:35:46 LAUNCH ut2bf_C_W pid=28232 free=9.6GB running=13
2026-10-02 11:37:18 DONE ut2bf_B_N rc=0 374s
2026-10-02 11:37:18 LAUNCH ut2bf_D_E pid=37224 free=9.6GB running=13
2026-10-02 11:37:50 DONE ut2bf_A_N rc=0 459s
2026-10-02 11:37:50 LAUNCH ut2bf_D_N pid=45336 free=9.6GB running=13
2026-10-02 11:37:57 DONE ut3u2_C_E rc=0 950s
2026-10-02 11:37:57 DONE ut2bf_A_W rc=0 452s
2026-10-02 11:37:57 LAUNCH ut2bf_D_S pid=34072 free=10.4GB running=12
2026-10-02 11:37:59 LAUNCH ut2bf_D_W pid=10072 free=9.6GB running=13
2026-10-02 11:38:51 DONE ut2bf_B_S rc=0 420s
2026-10-02 11:39:01 DONE ut2bf_C_N rc=0 304s
2026-10-02 11:40:16 DONE ut3u2_D_E rc=0 856s
2026-10-02 11:41:16 DONE ut2bf_C_S rc=0 412s
2026-10-02 11:43:41 DONE ut2bf_D_W rc=0 342s
2026-10-02 11:43:56 DONE ut2bf_D_S rc=0 359s
2026-10-02 11:44:11 DONE ut2bf_D_N rc=0 381s
2026-10-02 11:44:36 DONE ut3u2_D_W rc=0 1065s
2026-10-02 11:47:17 DONE ut2bf_B_E rc=0 1000s
2026-10-02 11:47:27 DONE ut2bf_C_W rc=0 701s
2026-10-02 11:50:27 DONE ut2bf_C_E rc=0 997s
2026-10-02 11:50:37 DONE ut2bf_D_E rc=0 799s
2026-10-02 11:50:42 DONE ut2bf_B_W rc=0 1014s
2026-10-02 11:50:47 ALL_MF2_COMPLETE outputs\_ut_q_all2.jsonl 192/192 0 FAIL
