2026-10-02 17:15:50 START outputs\_ut_q_merge3.jsonl 40 runs maxpar=12 min_free=3.0
2026-10-02 17:15:50 LAUNCH utidm3_A_E pid=11744 free=19.7GB running=1
2026-10-02 17:15:52 LAUNCH utidm3_A_N pid=43908 free=18.1GB running=2
2026-10-02 17:15:54 LAUNCH utidm3_A_S pid=45760 free=17.2GB running=3
2026-10-02 17:15:56 LAUNCH utidm3_A_W pid=38312 free=16.4GB running=4
2026-10-02 17:15:58 LAUNCH utidm3_B_E pid=37796 free=15.6GB running=5
2026-10-02 17:16:00 LAUNCH utidm3_B_N pid=21228 free=14.8GB running=6
2026-10-02 17:16:02 LAUNCH utidm3_B_S pid=25496 free=14.0GB running=7
2026-10-02 17:16:04 LAUNCH utidm3_B_W pid=45004 free=13.2GB running=8
2026-10-02 17:16:06 LAUNCH utidm3_C_E pid=44780 free=12.3GB running=9
2026-10-02 17:16:08 LAUNCH utidm3_C_N pid=42780 free=11.5GB running=10
2026-10-02 17:16:10 LAUNCH utidm3_C_S pid=19044 free=10.7GB running=11
2026-10-02 17:16:12 LAUNCH utidm3_C_W pid=44540 free=9.9GB running=12
2026-10-02 17:21:29 DONE utidm3_B_W rc=0 325s
2026-10-02 17:21:29 LAUNCH utidm3_D_E pid=37800 free=9.7GB running=12
2026-10-02 17:25:26 DONE utidm3_A_S rc=0 572s
2026-10-02 17:25:26 LAUNCH utidm3_D_N pid=12440 free=9.6GB running=12
2026-10-02 17:26:28 DONE utidm3_C_N rc=0 620s
2026-10-02 17:26:28 LAUNCH utidm3_D_S pid=41640 free=9.6GB running=12
2026-10-02 17:26:40 DONE utidm3_A_E rc=0 651s
2026-10-02 17:26:40 LAUNCH utidm3_D_W pid=43296 free=9.6GB running=12
2026-10-02 17:26:57 DONE utidm3_B_S rc=0 656s
2026-10-02 17:26:57 LAUNCH utidum3_A_E pid=10816 free=9.7GB running=12
2026-10-02 17:27:04 DONE utidm3_B_N rc=0 665s
2026-10-02 17:27:04 LAUNCH utidum3_A_N pid=39736 free=9.7GB running=12
2026-10-02 17:27:21 DONE utidm3_A_W rc=0 686s
2026-10-02 17:27:21 LAUNCH utidum3_A_S pid=12652 free=9.7GB running=12
2026-10-02 17:28:34 DONE utidm3_A_N rc=0 762s
2026-10-02 17:28:34 LAUNCH utidum3_A_W pid=42248 free=9.7GB running=12
2026-10-02 17:29:56 DONE utidm3_B_E rc=0 838s
2026-10-02 17:29:56 LAUNCH utidum3_B_E pid=43216 free=9.6GB running=12
2026-10-02 17:30:58 DONE utidm3_C_S rc=0 888s
2026-10-02 17:30:58 LAUNCH utidum3_B_N pid=40964 free=9.6GB running=12
2026-10-02 17:32:50 DONE utidm3_C_W rc=0 998s
2026-10-02 17:32:50 LAUNCH utidum3_B_S pid=45888 free=9.7GB running=12
2026-10-02 17:35:12 DONE utidm3_D_E rc=0 823s
2026-10-02 17:35:12 LAUNCH utidum3_B_W pid=8956 free=9.6GB running=12
2026-10-02 17:36:24 DONE utidm3_C_E rc=0 1218s
2026-10-02 17:36:24 LAUNCH utidum3_C_E pid=23352 free=9.7GB running=12
2026-10-02 17:37:06 DONE utidum3_A_S rc=0 585s
2026-10-02 17:37:06 LAUNCH utidum3_C_N pid=41892 free=9.7GB running=12
2026-10-02 17:38:18 DONE utidum3_A_E rc=0 681s
2026-10-02 17:38:18 LAUNCH utidum3_C_S pid=16696 free=9.6GB running=12
2026-10-02 17:38:40 DONE utidum3_A_N rc=0 696s
2026-10-02 17:38:40 LAUNCH utidum3_C_W pid=43132 free=9.7GB running=12
2026-10-02 17:39:27 DONE utidm3_D_N rc=0 841s
2026-10-02 17:39:27 LAUNCH utidum3_D_E pid=37512 free=9.6GB running=12
2026-10-02 17:39:39 DONE utidm3_D_S rc=0 791s
2026-10-02 17:39:39 LAUNCH utidum3_D_N pid=36880 free=9.6GB running=12
2026-10-02 17:40:36 DONE utidum3_A_W rc=0 723s
2026-10-02 17:40:36 LAUNCH utidum3_D_S pid=42280 free=9.7GB running=12
2026-10-02 17:40:43 DONE utidum3_B_W rc=0 331s
2026-10-02 17:40:43 LAUNCH utidum3_D_W pid=42168 free=9.7GB running=12
2026-10-02 17:42:35 DONE utidum3_B_E rc=0 760s
2026-10-02 17:42:35 LAUNCH utdf3r_A_E pid=17036 free=9.5GB running=12
2026-10-02 17:43:58 DONE utidum3_B_N rc=0 780s
2026-10-02 17:43:58 LAUNCH utdf3r_B_N pid=37124 free=9.5GB running=12
2026-10-02 17:45:10 DONE utidum3_B_S rc=0 740s
2026-10-02 17:45:10 LAUNCH utdf3r_C_S pid=23144 free=9.5GB running=12
2026-10-02 17:46:37 DONE utidm3_D_W rc=0 1196s
2026-10-02 17:46:37 LAUNCH utdf3r_D_W pid=37548 free=9.6GB running=12
2026-10-02 17:48:44 DONE utidum3_C_N rc=0 698s
2026-10-02 17:48:44 LAUNCH utdf3u_A_E pid=42112 free=9.6GB running=12
2026-10-02 17:51:21 DONE utidum3_C_S rc=0 783s
2026-10-02 17:51:21 LAUNCH utdf3u_B_N pid=25828 free=9.5GB running=12
2026-10-02 17:52:23 DONE utdf3r_A_E rc=0 587s
2026-10-02 17:52:23 LAUNCH utdf3u_C_S pid=28564 free=9.5GB running=12
2026-10-02 17:53:10 DONE utidum3_D_S rc=0 754s
2026-10-02 17:53:10 LAUNCH utdf3u_D_W pid=39504 free=9.5GB running=12
2026-10-02 17:54:07 DONE utidum3_C_W rc=0 927s
2026-10-02 17:54:12 DONE utidum3_C_E rc=0 1068s
2026-10-02 17:54:27 DONE utidum3_D_N rc=0 888s
2026-10-02 17:57:17 DONE utdf3r_B_N rc=0 800s
2026-10-02 17:57:22 DONE utidum3_D_E rc=0 1075s
2026-10-02 17:57:52 DONE utdf3r_C_S rc=0 763s
2026-10-02 17:58:02 DONE utdf3u_A_E rc=0 559s
2026-10-02 17:58:27 DONE utdf3r_D_W rc=0 711s
2026-10-02 18:01:33 DONE utdf3u_B_N rc=0 612s
2026-10-02 18:03:13 DONE utdf3u_C_S rc=0 650s
2026-10-02 18:04:13 DONE utidum3_D_W rc=0 1409s
2026-10-02 18:04:13 DONE utdf3u_D_W rc=0 663s
2026-10-02 18:04:18 ALL_MF2_COMPLETE outputs\_ut_q_merge3.jsonl 40/40 0 FAIL
