2026-10-02 13:19:20 START outputs\_ut_q_merge.jsonl 40 runs maxpar=12 min_free=3.0
2026-10-02 13:19:20 LAUNCH utidm_A_E pid=42532 free=18.8GB running=1
2026-10-02 13:19:22 LAUNCH utidm_A_N pid=44752 free=17.3GB running=2
2026-10-02 13:19:24 LAUNCH utidm_A_S pid=28008 free=16.4GB running=3
2026-10-02 13:19:26 LAUNCH utidm_A_W pid=45496 free=15.6GB running=4
2026-10-02 13:19:28 LAUNCH utidm_B_E pid=41912 free=14.8GB running=5
2026-10-02 13:19:30 LAUNCH utidm_B_N pid=26560 free=14.0GB running=6
2026-10-02 13:19:32 LAUNCH utidm_B_S pid=37312 free=13.2GB running=7
2026-10-02 13:19:34 LAUNCH utidm_B_W pid=13084 free=12.3GB running=8
2026-10-02 13:19:36 LAUNCH utidm_C_E pid=41660 free=11.5GB running=9
2026-10-02 13:19:39 LAUNCH utidm_C_N pid=40984 free=10.7GB running=10
2026-10-02 13:19:41 LAUNCH utidm_C_S pid=38464 free=9.7GB running=11
2026-10-02 13:19:43 LAUNCH utidm_C_W pid=43504 free=9.1GB running=12
2026-10-02 13:25:05 DONE utidm_B_W rc=0 330s
2026-10-02 13:25:05 LAUNCH utidm_D_E pid=36628 free=9.0GB running=12
2026-10-02 13:29:17 DONE utidm_A_S rc=0 592s
2026-10-02 13:29:17 LAUNCH utidm_D_N pid=12364 free=9.1GB running=12
2026-10-02 13:30:04 DONE utidm_C_N rc=0 625s
2026-10-02 13:30:04 LAUNCH utidm_D_S pid=44676 free=8.9GB running=12
2026-10-02 13:30:26 DONE utidm_A_E rc=0 665s
2026-10-02 13:30:26 LAUNCH utidm_D_W pid=12348 free=9.1GB running=12
2026-10-02 13:30:38 DONE utidm_B_S rc=0 665s
2026-10-02 13:30:38 LAUNCH utidum_A_E pid=17012 free=9.1GB running=12
2026-10-02 13:30:50 DONE utidm_B_N rc=0 680s
2026-10-02 13:30:50 LAUNCH utidum_A_N pid=26736 free=9.1GB running=12
2026-10-02 13:30:57 DONE utidm_A_W rc=0 691s
2026-10-02 13:30:57 LAUNCH utidum_A_S pid=20780 free=9.1GB running=12
2026-10-02 13:32:09 DONE utidm_A_N rc=0 767s
2026-10-02 13:32:09 LAUNCH utidum_A_W pid=34692 free=9.1GB running=12
2026-10-02 13:33:41 DONE utidm_B_E rc=0 853s
2026-10-02 13:33:41 LAUNCH utidum_B_E pid=44288 free=9.1GB running=12
2026-10-02 13:34:38 DONE utidm_C_S rc=0 898s
2026-10-02 13:34:38 LAUNCH utidum_B_N pid=44664 free=9.1GB running=12
2026-10-02 13:36:41 DONE utidm_C_W rc=0 1018s
2026-10-02 13:36:41 LAUNCH utidum_B_S pid=6352 free=9.1GB running=12
2026-10-02 13:37:43 DONE utidm_C_E rc=0 1086s
2026-10-02 13:37:43 LAUNCH utidum_B_W pid=18800 free=9.1GB running=12
2026-10-02 13:38:55 DONE utidm_D_E rc=0 830s
2026-10-02 13:38:55 LAUNCH utidum_C_E pid=45292 free=9.0GB running=12
2026-10-02 13:40:47 DONE utidum_A_S rc=0 590s
2026-10-02 13:40:47 LAUNCH utidum_C_N pid=45304 free=9.1GB running=12
2026-10-02 13:41:54 DONE utidum_A_E rc=0 676s
2026-10-02 13:41:54 LAUNCH utidum_C_S pid=25408 free=9.1GB running=12
2026-10-02 13:42:21 DONE utidum_A_N rc=0 691s
2026-10-02 13:42:21 LAUNCH utidum_C_W pid=25828 free=9.1GB running=12
2026-10-02 13:43:13 DONE utidum_B_W rc=0 331s
2026-10-02 13:43:13 LAUNCH utidum_D_E pid=44660 free=9.1GB running=12
2026-10-02 13:43:20 DONE utidm_D_N rc=0 843s
2026-10-02 13:43:20 DONE utidm_D_S rc=0 796s
2026-10-02 13:43:20 LAUNCH utidum_D_N pid=39160 free=9.9GB running=11
2026-10-02 13:43:22 LAUNCH utidum_D_S pid=11784 free=9.1GB running=12
2026-10-02 13:44:19 DONE utidum_A_W rc=0 730s
2026-10-02 13:44:19 LAUNCH utidum_D_W pid=31868 free=9.1GB running=12
2026-10-02 13:46:31 DONE utidum_B_E rc=0 770s
2026-10-02 13:46:31 LAUNCH utdfr_A_E pid=40780 free=9.1GB running=12
2026-10-02 13:47:54 DONE utidum_B_N rc=0 795s
2026-10-02 13:47:54 LAUNCH utdfr_B_N pid=44880 free=9.1GB running=12
2026-10-02 13:49:11 DONE utidum_B_S rc=0 750s
2026-10-02 13:49:11 LAUNCH utdfr_C_S pid=44756 free=9.1GB running=12
2026-10-02 13:50:13 DONE utidm_D_W rc=0 1187s
2026-10-02 13:50:13 LAUNCH utdfr_D_W pid=2508 free=9.1GB running=12
2026-10-02 13:52:50 DONE utidum_C_N rc=0 723s
2026-10-02 13:52:50 LAUNCH utdfu_A_E pid=43076 free=9.1GB running=12
2026-10-02 13:55:07 DONE utidum_C_S rc=0 793s
2026-10-02 13:55:07 LAUNCH utdfu_B_N pid=42028 free=8.9GB running=12
2026-10-02 13:56:14 DONE utidum_D_S rc=0 772s
2026-10-02 13:56:14 LAUNCH utdfu_C_S pid=43160 free=9.0GB running=12
2026-10-02 13:56:31 DONE utdfr_A_E rc=0 600s
2026-10-02 13:56:31 LAUNCH utdfu_D_W pid=17224 free=9.1GB running=12
2026-10-02 13:57:03 DONE utidum_C_E rc=0 1088s
2026-10-02 13:58:03 DONE utidum_C_W rc=0 942s
2026-10-02 13:58:23 DONE utidum_D_N rc=0 903s
2026-10-02 14:01:19 DONE utdfr_B_N rc=0 805s
2026-10-02 14:01:29 DONE utidum_D_E rc=0 1095s
2026-10-02 14:01:54 DONE utdfr_C_S rc=0 763s
2026-10-02 14:02:09 DONE utdfr_D_W rc=0 716s
2026-10-02 14:02:14 DONE utdfu_A_E rc=0 564s
2026-10-02 14:05:19 DONE utdfu_B_N rc=0 612s
2026-10-02 14:07:24 DONE utdfu_C_S rc=0 670s
2026-10-02 14:08:04 DONE utidum_D_W rc=0 1425s
2026-10-02 14:08:14 DONE utdfu_D_W rc=0 703s
2026-10-02 14:08:19 ALL_MF2_COMPLETE outputs\_ut_q_merge.jsonl 40/40 0 FAIL
