2026-10-02 15:22:05 START outputs\_ut_q_merge2.jsonl 40 runs maxpar=12 min_free=3.0
2026-10-02 15:22:05 LAUNCH utidm2_A_E pid=30404 free=18.4GB running=1
2026-10-02 15:22:07 LAUNCH utidm2_A_N pid=42004 free=17.8GB running=2
2026-10-02 15:22:09 LAUNCH utidm2_A_S pid=42196 free=16.9GB running=3
2026-10-02 15:22:11 LAUNCH utidm2_A_W pid=39200 free=16.1GB running=4
2026-10-02 15:22:13 LAUNCH utidm2_B_E pid=44180 free=15.3GB running=5
2026-10-02 15:22:15 LAUNCH utidm2_B_N pid=41656 free=14.6GB running=6
2026-10-02 15:22:17 LAUNCH utidm2_B_S pid=42228 free=13.7GB running=7
2026-10-02 15:22:19 LAUNCH utidm2_B_W pid=46004 free=12.9GB running=8
2026-10-02 15:22:21 LAUNCH utidm2_C_E pid=43976 free=12.1GB running=9
2026-10-02 15:22:23 LAUNCH utidm2_C_N pid=28220 free=11.3GB running=10
2026-10-02 15:22:25 LAUNCH utidm2_C_S pid=33504 free=10.5GB running=11
2026-10-02 15:22:27 LAUNCH utidm2_C_W pid=33244 free=9.6GB running=12
2026-10-02 15:27:44 DONE utidm2_B_W rc=0 325s
2026-10-02 15:27:44 LAUNCH utidm2_D_E pid=16200 free=10.4GB running=12
2026-10-02 15:31:41 DONE utidm2_A_S rc=0 573s
2026-10-02 15:31:41 LAUNCH utidm2_D_N pid=2684 free=9.4GB running=12
2026-10-02 15:32:43 DONE utidm2_C_N rc=0 621s
2026-10-02 15:32:43 LAUNCH utidm2_D_S pid=42172 free=9.4GB running=12
2026-10-02 15:33:10 DONE utidm2_A_E rc=0 666s
2026-10-02 15:33:10 LAUNCH utidm2_D_W pid=28564 free=9.4GB running=12
2026-10-02 15:33:17 DONE utidm2_B_S rc=0 661s
2026-10-02 15:33:17 LAUNCH utidum2_A_E pid=27128 free=9.5GB running=12
2026-10-02 15:33:39 DONE utidm2_B_N rc=0 685s
2026-10-02 15:33:39 LAUNCH utidum2_A_N pid=38568 free=9.5GB running=12
2026-10-02 15:33:51 DONE utidm2_A_W rc=0 701s
2026-10-02 15:33:51 LAUNCH utidum2_A_S pid=44468 free=9.5GB running=12
2026-10-02 15:34:43 DONE utidm2_A_N rc=0 757s
2026-10-02 15:34:43 LAUNCH utidum2_A_W pid=42668 free=9.5GB running=12
2026-10-02 15:36:11 DONE utidm2_B_E rc=0 838s
2026-10-02 15:36:11 LAUNCH utidum2_B_E pid=37348 free=9.5GB running=12
2026-10-02 15:37:13 DONE utidm2_C_S rc=0 888s
2026-10-02 15:37:13 LAUNCH utidum2_B_N pid=7180 free=9.5GB running=12
2026-10-02 15:39:15 DONE utidm2_C_W rc=0 1008s
2026-10-02 15:39:15 LAUNCH utidum2_B_S pid=43680 free=9.4GB running=12
2026-10-02 15:40:12 DONE utidm2_C_E rc=0 1071s
2026-10-02 15:40:12 LAUNCH utidum2_B_W pid=44292 free=9.5GB running=12
2026-10-02 15:41:34 DONE utidm2_D_E rc=0 830s
2026-10-02 15:41:34 LAUNCH utidum2_C_E pid=42952 free=9.4GB running=12
2026-10-02 15:43:41 DONE utidum2_A_S rc=0 590s
2026-10-02 15:43:41 LAUNCH utidum2_C_N pid=42520 free=9.4GB running=12
2026-10-02 15:44:38 DONE utidum2_A_E rc=0 681s
2026-10-02 15:44:38 LAUNCH utidum2_C_S pid=38016 free=9.4GB running=12
2026-10-02 15:45:15 DONE utidum2_A_N rc=0 696s
2026-10-02 15:45:15 LAUNCH utidum2_C_W pid=44416 free=9.4GB running=12
2026-10-02 15:45:47 DONE utidum2_B_W rc=0 335s
2026-10-02 15:45:47 LAUNCH utidum2_D_E pid=41012 free=9.5GB running=12
2026-10-02 15:45:54 DONE utidm2_D_N rc=0 853s
2026-10-02 15:45:54 DONE utidm2_D_S rc=0 791s
2026-10-02 15:45:54 LAUNCH utidum2_D_N pid=41488 free=10.3GB running=11
2026-10-02 15:45:56 LAUNCH utidum2_D_S pid=25828 free=9.5GB running=12
2026-10-02 15:46:48 DONE utidum2_A_W rc=0 725s
2026-10-02 15:46:48 LAUNCH utidum2_D_W pid=44720 free=9.5GB running=12
2026-10-02 15:48:50 DONE utidum2_B_E rc=0 760s
2026-10-02 15:48:50 LAUNCH utdf2r_A_E pid=43896 free=9.5GB running=12
2026-10-02 15:50:32 DONE utidum2_B_N rc=0 800s
2026-10-02 15:50:32 LAUNCH utdf2r_B_N pid=40648 free=9.5GB running=12
2026-10-02 15:51:45 DONE utidum2_B_S rc=0 750s
2026-10-02 15:51:45 LAUNCH utdf2r_C_S pid=28460 free=9.5GB running=12
2026-10-02 15:53:02 DONE utidm2_D_W rc=0 1191s
2026-10-02 15:53:02 LAUNCH utdf2r_D_W pid=43540 free=9.5GB running=12
2026-10-02 15:55:29 DONE utidum2_C_N rc=0 708s
2026-10-02 15:55:29 LAUNCH utdf2u_A_E pid=17040 free=9.4GB running=12
2026-10-02 15:57:46 DONE utidum2_C_S rc=0 788s
2026-10-02 15:57:46 LAUNCH utdf2u_B_N pid=46024 free=9.5GB running=12
2026-10-02 15:58:48 DONE utidum2_D_S rc=0 772s
2026-10-02 15:58:48 DONE utdf2r_A_E rc=0 598s
2026-10-02 15:58:48 LAUNCH utdf2u_C_S pid=39860 free=10.3GB running=11
2026-10-02 15:58:50 LAUNCH utdf2u_D_W pid=38100 free=9.5GB running=12
2026-10-02 15:59:32 DONE utidum2_C_E rc=0 1078s
2026-10-02 16:01:02 DONE utidum2_D_N rc=0 908s
2026-10-02 16:01:07 DONE utidum2_C_W rc=0 952s
2026-10-02 16:04:07 DONE utdf2r_B_N rc=0 815s
2026-10-02 16:04:12 DONE utidum2_D_E rc=0 1105s
2026-10-02 16:04:22 DONE utdf2r_C_S rc=0 758s
2026-10-02 16:04:52 DONE utdf2r_D_W rc=0 711s
2026-10-02 16:04:53 DONE utdf2u_A_E rc=0 564s
2026-10-02 16:07:38 DONE utdf2u_B_N rc=0 592s
2026-10-02 16:09:38 DONE utdf2u_C_S rc=0 650s
2026-10-02 16:10:08 DONE utidum2_D_W rc=0 1399s
2026-10-02 16:10:18 DONE utdf2u_D_W rc=0 688s
2026-10-02 16:10:23 ALL_MF2_COMPLETE outputs\_ut_q_merge2.jsonl 40/40 0 FAIL
