2026-10-02 00:00:20 START outputs\_ut_q_all.jsonl 164 runs maxpar=13 min_free=3.0
2026-10-02 00:00:20 LAUNCH utid_A_E pid=15824 free=21.9GB running=1
2026-10-02 00:00:22 LAUNCH utid_A_N pid=17468 free=21.2GB running=2
2026-10-02 00:00:24 LAUNCH utid_A_S pid=28052 free=20.4GB running=3
2026-10-02 00:00:26 LAUNCH utid_A_W pid=3456 free=19.5GB running=4
2026-10-02 00:00:28 LAUNCH utid_B_E pid=36456 free=18.7GB running=5
2026-10-02 00:00:30 LAUNCH utid_B_N pid=34244 free=17.9GB running=6
2026-10-02 00:00:32 LAUNCH utid_B_S pid=25880 free=17.1GB running=7
2026-10-02 00:00:34 LAUNCH utid_B_W pid=21572 free=16.3GB running=8
2026-10-02 00:00:36 LAUNCH utid_C_E pid=12352 free=15.5GB running=9
2026-10-02 00:00:38 LAUNCH utid_C_N pid=33580 free=14.7GB running=10
2026-10-02 00:00:40 LAUNCH utid_C_S pid=15708 free=13.8GB running=11
2026-10-02 00:00:42 LAUNCH utid_C_W pid=15000 free=13.1GB running=12
2026-10-02 00:00:44 LAUNCH utid_D_E pid=1612 free=12.3GB running=13
2026-10-02 00:06:11 DONE utid_B_W rc=0 337s
2026-10-02 00:06:11 LAUNCH utid_D_N pid=35572 free=11.3GB running=13
2026-10-02 00:10:13 DONE utid_A_S rc=0 589s
2026-10-02 00:10:13 LAUNCH utid_D_S pid=10236 free=11.2GB running=13
2026-10-02 00:11:25 DONE utid_C_N rc=0 647s
2026-10-02 00:11:25 LAUNCH utid_D_W pid=22016 free=11.2GB running=13
2026-10-02 00:11:37 DONE utid_A_E rc=0 677s
2026-10-02 00:11:37 LAUNCH utidu_A_E pid=13304 free=11.2GB running=13
2026-10-02 00:11:54 DONE utid_B_S rc=0 682s
2026-10-02 00:11:54 LAUNCH utidu_A_N pid=32056 free=11.3GB running=13
2026-10-02 00:12:06 DONE utid_B_N rc=0 697s
2026-10-02 00:12:06 LAUNCH utidu_A_S pid=29552 free=11.3GB running=13
2026-10-02 00:12:18 DONE utid_A_W rc=0 713s
2026-10-02 00:12:18 LAUNCH utidu_A_W pid=35516 free=11.4GB running=13
2026-10-02 00:13:30 DONE utid_A_N rc=0 789s
2026-10-02 00:13:30 LAUNCH utidu_B_E pid=12536 free=11.3GB running=13
2026-10-02 00:14:52 DONE utid_D_E rc=0 849s
2026-10-02 00:14:52 LAUNCH utidu_B_N pid=34560 free=11.2GB running=13
2026-10-02 00:15:20 DONE utid_B_E rc=0 892s
2026-10-02 00:15:20 LAUNCH utidu_B_S pid=13016 free=11.3GB running=13
2026-10-02 00:15:47 DONE utid_C_S rc=0 907s
2026-10-02 00:15:47 LAUNCH utidu_B_W pid=5964 free=11.4GB running=13
2026-10-02 00:18:09 DONE utid_C_W rc=0 1047s
2026-10-02 00:18:09 LAUNCH utidu_C_E pid=22464 free=11.3GB running=13
2026-10-02 00:19:36 DONE utid_C_E rc=0 1140s
2026-10-02 00:19:36 LAUNCH utidu_C_N pid=24168 free=11.2GB running=13
2026-10-02 00:20:43 DONE utid_D_N rc=0 872s
2026-10-02 00:20:43 LAUNCH utidu_C_S pid=31384 free=11.3GB running=13
2026-10-02 00:21:30 DONE utidu_B_W rc=0 343s
2026-10-02 00:21:30 LAUNCH utidu_C_W pid=33352 free=11.3GB running=13
2026-10-02 00:22:12 DONE utidu_A_S rc=0 606s
2026-10-02 00:22:12 LAUNCH utidu_D_E pid=11900 free=11.3GB running=13
2026-10-02 00:23:19 DONE utidu_A_E rc=0 702s
2026-10-02 00:23:19 LAUNCH utidu_D_N pid=6460 free=11.3GB running=13
2026-10-02 00:23:46 DONE utid_D_S rc=0 813s
2026-10-02 00:23:46 DONE utidu_A_N rc=0 712s
2026-10-02 00:23:46 LAUNCH utidu_D_S pid=30644 free=12.2GB running=12
2026-10-02 00:23:48 LAUNCH utidu_D_W pid=17636 free=11.4GB running=13
2026-10-02 00:24:50 DONE utidu_A_W rc=0 752s
2026-10-02 00:24:50 LAUNCH utga pid=10916 free=11.2GB running=13
2026-10-02 00:26:37 DONE utidu_B_E rc=0 787s
2026-10-02 00:26:37 LAUNCH utgb pid=9748 free=11.3GB running=13
2026-10-02 00:28:14 DONE utidu_B_S rc=0 775s
2026-10-02 00:28:14 LAUNCH utgc pid=5092 free=11.3GB running=13
2026-10-02 00:28:26 DONE utidu_B_N rc=0 814s
2026-10-02 00:28:26 LAUNCH utgs pid=24604 free=11.3GB running=13
2026-10-02 00:31:53 DONE utidu_C_N rc=0 738s
2026-10-02 00:31:53 LAUNCH ut0r_A_E pid=6852 free=11.2GB running=13
2026-10-02 00:32:10 DONE utid_D_W rc=0 1245s
2026-10-02 00:32:10 LAUNCH ut0r_A_N pid=26348 free=11.2GB running=13
2026-10-02 00:34:23 DONE utidu_C_S rc=0 820s
2026-10-02 00:34:23 LAUNCH ut0r_A_S pid=13100 free=11.2GB running=13
2026-10-02 00:36:55 DONE utidu_C_E rc=0 1126s
2026-10-02 00:36:55 LAUNCH ut0r_A_W pid=10252 free=11.2GB running=13
2026-10-02 00:37:02 DONE utidu_D_S rc=0 796s
2026-10-02 00:37:02 LAUNCH ut0r_B_E pid=16772 free=11.3GB running=13
2026-10-02 00:37:44 DONE utidu_C_W rc=0 974s
2026-10-02 00:37:44 LAUNCH ut0r_B_N pid=6288 free=11.3GB running=13
2026-10-02 00:38:56 DONE utidu_D_N rc=0 937s
2026-10-02 00:38:56 LAUNCH ut0r_B_S pid=36596 free=11.4GB running=13
2026-10-02 00:41:08 DONE utidu_D_E rc=0 1136s
2026-10-02 00:41:08 LAUNCH ut0r_B_W pid=33584 free=11.4GB running=13
2026-10-02 00:43:20 DONE ut0r_A_E rc=0 687s
2026-10-02 00:43:20 LAUNCH ut0r_C_E pid=33332 free=11.3GB running=13
2026-10-02 00:45:22 DONE ut0r_A_S rc=0 659s
2026-10-02 00:45:22 LAUNCH ut0r_C_N pid=9724 free=11.2GB running=13
2026-10-02 00:45:29 DONE ut0r_A_N rc=0 799s
2026-10-02 00:45:29 LAUNCH ut0r_C_S pid=27716 free=11.3GB running=13
2026-10-02 00:49:16 DONE utidu_D_W rc=0 1528s
2026-10-02 00:49:16 LAUNCH ut0r_C_W pid=7880 free=11.3GB running=13
2026-10-02 00:49:23 DONE ut0r_A_W rc=0 749s
2026-10-02 00:49:23 LAUNCH ut0r_D_E pid=12476 free=11.3GB running=13
2026-10-02 00:50:35 DONE ut0r_B_N rc=0 772s
2026-10-02 00:50:35 LAUNCH ut0r_D_N pid=13016 free=11.2GB running=13
2026-10-02 00:51:22 DONE ut0r_B_E rc=0 861s
2026-10-02 00:51:22 LAUNCH ut0r_D_S pid=10852 free=11.2GB running=13
2026-10-02 00:51:54 DONE ut0r_B_S rc=0 779s
2026-10-02 00:51:54 LAUNCH ut0r_D_W pid=25488 free=11.2GB running=13
2026-10-02 00:55:41 DONE ut0r_C_N rc=0 619s
2026-10-02 00:55:41 LAUNCH ut0r2_A_E pid=2884 free=11.1GB running=13
2026-10-02 00:57:59 DONE ut0r_C_S rc=0 749s
2026-10-02 00:57:59 LAUNCH ut0r2_A_N pid=11104 free=11.2GB running=13
2026-10-02 00:58:56 DONE ut0r_B_W rc=0 1068s
2026-10-02 00:58:56 LAUNCH ut0r2_A_S pid=30280 free=11.2GB running=13
2026-10-02 00:59:33 DONE ut0r_C_E rc=0 973s
2026-10-02 00:59:33 LAUNCH ut0r2_A_W pid=23208 free=11.2GB running=13
2026-10-02 01:04:20 DONE ut0r_D_E rc=0 897s
2026-10-02 01:04:20 LAUNCH ut0r2_B_E pid=3444 free=11.1GB running=13
2026-10-02 01:05:22 DONE ut0r_C_W rc=0 966s
2026-10-02 01:05:22 LAUNCH ut0r2_B_N pid=34004 free=11.1GB running=13
2026-10-02 01:05:34 DONE ut0r_D_S rc=0 852s
2026-10-02 01:05:34 LAUNCH ut0r2_B_S pid=29448 free=11.2GB running=13
2026-10-02 01:06:11 DONE ut0r_D_N rc=0 936s
2026-10-02 01:06:11 LAUNCH ut0r2_B_W pid=15492 free=11.3GB running=13
2026-10-02 01:06:33 DONE ut0r2_A_E rc=0 651s
2026-10-02 01:06:33 LAUNCH ut0r2_C_E pid=14312 free=11.2GB running=13
2026-10-02 01:09:25 DONE ut0r2_A_N rc=0 686s
2026-10-02 01:09:25 LAUNCH ut0r2_C_N pid=31868 free=11.2GB running=13
2026-10-02 01:10:12 DONE ut0r2_A_S rc=0 676s
2026-10-02 01:10:12 LAUNCH ut0r2_C_S pid=8628 free=11.2GB running=13
2026-10-02 01:12:19 DONE ut0r2_A_W rc=0 766s
2026-10-02 01:12:19 LAUNCH ut0r2_C_W pid=6056 free=11.3GB running=13
2026-10-02 01:12:36 DONE ut0r_D_W rc=0 1242s
2026-10-02 01:12:36 LAUNCH ut0r2_D_E pid=20840 free=11.3GB running=13
2026-10-02 01:16:23 DONE ut0r2_B_N rc=0 661s
2026-10-02 01:16:23 LAUNCH ut0r2_D_N pid=35436 free=11.2GB running=13
2026-10-02 01:17:10 DONE utgs rc=0 2924s
2026-10-02 01:17:10 LAUNCH ut0r2_D_S pid=26452 free=11.2GB running=13
2026-10-02 01:19:17 DONE ut0r2_B_E rc=0 898s
2026-10-02 01:19:17 LAUNCH ut0r2_D_W pid=35440 free=11.2GB running=13
2026-10-02 01:20:19 DONE ut0r2_C_S rc=0 607s
2026-10-02 01:20:19 LAUNCH ut1r_A_E pid=34792 free=11.2GB running=13
2026-10-02 01:21:07 DONE ut0r2_B_S rc=0 933s
2026-10-02 01:21:07 LAUNCH ut1r_A_N pid=25256 free=11.2GB running=13
2026-10-02 01:21:49 DONE utgc rc=0 3214s
2026-10-02 01:21:49 LAUNCH ut1r_A_S pid=26336 free=11.3GB running=13
2026-10-02 01:22:06 DONE ut0r2_C_E rc=0 933s
2026-10-02 01:22:06 LAUNCH ut1r_A_W pid=12168 free=11.3GB running=13
2026-10-02 01:22:38 DONE ut0r2_C_N rc=0 793s
2026-10-02 01:22:38 LAUNCH ut1r_B_E pid=27896 free=11.3GB running=13
2026-10-02 01:25:05 DONE ut0r2_B_W rc=0 1134s
2026-10-02 01:25:05 LAUNCH ut1r_B_N pid=31384 free=11.2GB running=13
2026-10-02 01:27:07 DONE ut0r2_D_S rc=0 596s
2026-10-02 01:27:07 LAUNCH ut1r_B_S pid=15576 free=11.2GB running=13
2026-10-02 01:27:49 DONE utgb rc=0 3672s
2026-10-02 01:27:49 LAUNCH ut1r_B_W pid=16900 free=11.3GB running=13
2026-10-02 01:28:06 DONE ut0r2_D_E rc=0 930s
2026-10-02 01:28:06 LAUNCH ut1r_C_E pid=3968 free=11.3GB running=13
2026-10-02 01:31:23 DONE ut0r2_D_N rc=0 900s
2026-10-02 01:31:23 LAUNCH ut1r_C_N pid=29256 free=11.2GB running=13
2026-10-02 01:31:30 DONE ut1r_A_E rc=0 671s
2026-10-02 01:31:30 LAUNCH ut1r_C_S pid=17524 free=11.2GB running=13
2026-10-02 01:32:37 DONE ut0r2_C_W rc=0 1218s
2026-10-02 01:32:37 LAUNCH ut1r_C_W pid=21832 free=11.2GB running=13
2026-10-02 01:32:54 DONE ut1r_A_S rc=0 666s
2026-10-02 01:32:54 LAUNCH ut1r_D_E pid=6828 free=11.2GB running=13
2026-10-02 01:34:36 DONE ut1r_A_N rc=0 810s
2026-10-02 01:34:36 LAUNCH ut1r_D_N pid=28956 free=11.2GB running=13
2026-10-02 01:35:28 DONE ut1r_A_W rc=0 803s
2026-10-02 01:35:28 LAUNCH ut1r_D_S pid=31496 free=11.3GB running=13
2026-10-02 01:38:55 DONE ut1r_B_N rc=0 831s
2026-10-02 01:38:55 LAUNCH ut1r_D_W pid=2532 free=11.2GB running=13
2026-10-02 01:39:47 DONE ut1r_B_S rc=0 761s
2026-10-02 01:39:47 LAUNCH ut1r2_A_E pid=34756 free=11.2GB running=13
2026-10-02 01:41:29 DONE ut1r_C_N rc=0 606s
2026-10-02 01:41:29 LAUNCH ut1r2_A_N pid=32048 free=11.2GB running=13
2026-10-02 01:41:57 DONE ut1r_B_W rc=0 848s
2026-10-02 01:41:57 LAUNCH ut1r2_A_S pid=6896 free=11.2GB running=13
2026-10-02 01:44:34 DONE ut1r_C_S rc=0 784s
2026-10-02 01:44:34 LAUNCH ut1r2_A_W pid=35836 free=11.2GB running=13
2026-10-02 01:46:51 DONE ut1r_D_N rc=0 734s
2026-10-02 01:46:51 LAUNCH ut1r2_B_E pid=28896 free=11.2GB running=13
2026-10-02 01:49:03 DONE ut1r_D_S rc=0 814s
2026-10-02 01:49:03 LAUNCH ut1r2_B_N pid=28768 free=11.2GB running=13
2026-10-02 01:50:20 DONE ut0r2_D_W rc=0 1862s
2026-10-02 01:50:20 DONE ut1r2_A_E rc=0 632s
2026-10-02 01:50:20 LAUNCH ut1r2_B_S pid=11844 free=12.0GB running=12
2026-10-02 01:50:22 LAUNCH ut1r2_B_W pid=32412 free=11.2GB running=13
2026-10-02 01:51:49 DONE ut1r_D_W rc=0 774s
2026-10-02 01:51:49 LAUNCH ut1r2_C_E pid=16220 free=11.2GB running=13
2026-10-02 01:52:06 DONE ut1r2_A_N rc=0 636s
2026-10-02 01:52:06 LAUNCH ut1r2_C_N pid=35752 free=11.2GB running=13
2026-10-02 01:52:23 DONE ut1r_B_E rc=0 1785s
2026-10-02 01:52:23 LAUNCH ut1r2_C_S pid=26548 free=11.3GB running=13
2026-10-02 01:52:50 DONE ut1r2_A_S rc=0 654s
2026-10-02 01:52:50 LAUNCH ut1r2_C_W pid=29600 free=11.3GB running=13
2026-10-02 01:54:02 DONE utga rc=0 5352s
2026-10-02 01:54:02 LAUNCH ut1r2_D_E pid=3020 free=11.3GB running=13
2026-10-02 01:54:34 DONE ut1r_C_E rc=0 1588s
2026-10-02 01:54:34 LAUNCH ut1r2_D_N pid=3524 free=11.2GB running=13
2026-10-02 01:56:26 DONE ut1r_D_E rc=0 1412s
2026-10-02 01:56:26 LAUNCH ut1r2_D_S pid=15684 free=11.3GB running=13
2026-10-02 01:56:48 DONE ut1r2_A_W rc=0 735s
2026-10-02 01:56:48 LAUNCH ut1r2_D_W pid=26968 free=11.3GB running=13
2026-10-02 01:59:20 DONE ut1r2_B_N rc=0 618s
2026-10-02 01:59:20 LAUNCH ut0u_A_E pid=34244 free=11.2GB running=13
2026-10-02 01:59:52 DONE ut1r_C_W rc=0 1635s
2026-10-02 01:59:52 LAUNCH ut0u_A_N pid=27220 free=11.2GB running=13
2026-10-02 02:02:15 DONE ut1r2_C_S rc=0 591s
2026-10-02 02:02:15 LAUNCH ut0u_A_S pid=33024 free=11.2GB running=13
2026-10-02 02:02:57 DONE ut1r2_B_S rc=0 757s
2026-10-02 02:02:57 LAUNCH ut0u_A_W pid=29148 free=11.2GB running=13
2026-10-02 02:03:29 DONE ut1r2_B_W rc=0 787s
2026-10-02 02:03:29 LAUNCH ut0u_B_E pid=35336 free=11.2GB running=13
2026-10-02 02:03:46 DONE ut1r2_C_N rc=0 700s
2026-10-02 02:03:46 LAUNCH ut0u_B_N pid=20224 free=11.2GB running=13
2026-10-02 02:06:13 DONE ut1r2_D_S rc=0 586s
2026-10-02 02:06:13 LAUNCH ut0u_B_S pid=12568 free=11.3GB running=13
2026-10-02 02:07:05 DONE ut1r2_C_W rc=0 855s
2026-10-02 02:07:05 LAUNCH ut0u_B_W pid=11668 free=11.3GB running=13
2026-10-02 02:08:07 DONE ut1r2_D_N rc=0 813s
2026-10-02 02:08:07 LAUNCH ut0u_C_E pid=21572 free=11.2GB running=13
2026-10-02 02:09:29 DONE ut1r2_B_E rc=0 1358s
2026-10-02 02:09:29 LAUNCH ut0u_C_N pid=33044 free=11.2GB running=13
2026-10-02 02:10:11 DONE ut0u_A_E rc=0 651s
2026-10-02 02:10:11 LAUNCH ut0u_C_S pid=8552 free=11.2GB running=13
2026-10-02 02:12:18 DONE ut1r2_D_W rc=0 930s
2026-10-02 02:12:18 LAUNCH ut0u_C_W pid=21920 free=11.3GB running=13
2026-10-02 02:12:55 DONE ut0u_A_N rc=0 783s
2026-10-02 02:12:55 LAUNCH ut0u_D_E pid=21276 free=11.2GB running=13
2026-10-02 02:13:17 DONE ut0u_A_S rc=0 663s
2026-10-02 02:13:17 LAUNCH ut0u_D_N pid=32484 free=11.3GB running=13
2026-10-02 02:15:14 DONE ut0u_A_W rc=0 738s
2026-10-02 02:15:14 LAUNCH ut0u_D_S pid=6928 free=11.2GB running=13
2026-10-02 02:16:41 DONE ut0u_B_N rc=0 776s
2026-10-02 02:16:41 LAUNCH ut0u_D_W pid=29328 free=11.2GB running=13
2026-10-02 02:17:18 DONE ut1r2_C_E rc=0 1529s
2026-10-02 02:17:18 DONE ut1r2_D_E rc=0 1396s
2026-10-02 02:17:18 LAUNCH ut0u2_A_E pid=33424 free=12.1GB running=12
2026-10-02 02:17:20 LAUNCH ut0u2_A_N pid=33848 free=11.3GB running=13
2026-10-02 02:19:47 DONE ut0u_B_E rc=0 979s
2026-10-02 02:19:47 LAUNCH ut0u2_A_S pid=27312 free=11.2GB running=13
2026-10-02 02:20:24 DONE ut0u_B_S rc=0 852s
2026-10-02 02:20:24 LAUNCH ut0u2_A_W pid=19416 free=11.2GB running=13
2026-10-02 02:21:07 DONE ut0u_C_N rc=0 698s
2026-10-02 02:21:07 LAUNCH ut0u2_B_E pid=19436 free=11.3GB running=13
2026-10-02 02:22:44 DONE ut0u_C_S rc=0 753s
2026-10-02 02:22:44 LAUNCH ut0u2_B_N pid=3672 free=11.2GB running=13
2026-10-02 02:25:06 DONE ut0u_C_E rc=0 1019s
2026-10-02 02:25:06 LAUNCH ut0u2_B_S pid=36380 free=12.1GB running=13
2026-10-02 02:25:43 DONE ut0u_D_N rc=0 746s
2026-10-02 02:25:43 LAUNCH ut0u2_B_W pid=4288 free=12.1GB running=13
2026-10-02 02:26:15 DONE ut0u_B_W rc=0 1150s
2026-10-02 02:26:15 LAUNCH ut0u2_C_E pid=36656 free=11.3GB running=13
2026-10-02 02:26:42 DONE ut0u_D_S rc=0 688s
2026-10-02 02:26:42 LAUNCH ut0u2_C_N pid=17316 free=11.3GB running=13
2026-10-02 02:27:49 DONE ut0u2_A_N rc=0 629s
2026-10-02 02:27:49 LAUNCH ut0u2_C_S pid=5328 free=11.4GB running=13
2026-10-02 02:28:26 DONE ut0u2_A_E rc=0 668s
2026-10-02 02:28:26 LAUNCH ut0u2_C_W pid=9228 free=11.4GB running=13
2026-10-02 02:30:08 DONE ut0u_D_E rc=0 1033s
2026-10-02 02:30:08 LAUNCH ut0u2_D_E pid=12248 free=11.2GB running=13
2026-10-02 02:30:55 DONE ut0u2_A_S rc=0 668s
2026-10-02 02:30:55 LAUNCH ut0u2_D_N pid=9748 free=11.3GB running=13
2026-10-02 02:32:42 DONE ut0u_C_W rc=0 1224s
2026-10-02 02:32:42 LAUNCH ut0u2_D_S pid=34828 free=11.3GB running=13
2026-10-02 02:33:19 DONE ut0u2_A_W rc=0 775s
2026-10-02 02:33:19 LAUNCH ut0u2_D_W pid=21304 free=11.3GB running=13
2026-10-02 02:34:46 DONE ut0u2_B_N rc=0 723s
2026-10-02 02:34:46 LAUNCH ut1u_A_E pid=27712 free=11.2GB running=13
2026-10-02 02:36:54 DONE ut0u2_B_E rc=0 947s
2026-10-02 02:36:54 DONE ut0u2_B_S rc=0 708s
2026-10-02 02:36:54 LAUNCH ut1u_A_N pid=28048 free=12.2GB running=12
2026-10-02 02:36:56 LAUNCH ut1u_A_S pid=18512 free=12.1GB running=13
2026-10-02 02:38:13 DONE ut0u2_C_S rc=0 624s
2026-10-02 02:38:13 LAUNCH ut1u_A_W pid=16624 free=12.1GB running=13
2026-10-02 02:39:05 DONE ut0u_D_W rc=0 1344s
2026-10-02 02:39:05 LAUNCH ut1u_B_E pid=20512 free=12.1GB running=13
2026-10-02 02:40:17 DONE ut0u2_C_N rc=0 815s
2026-10-02 02:40:17 LAUNCH ut1u_B_N pid=29436 free=12.1GB running=13
2026-10-02 02:41:09 DONE ut0u2_C_E rc=0 894s
2026-10-02 02:41:09 LAUNCH ut1u_B_S pid=15824 free=12.2GB running=13
2026-10-02 02:42:06 DONE ut0u2_D_S rc=0 564s
2026-10-02 02:42:06 LAUNCH ut1u_B_W pid=24704 free=12.2GB running=13
2026-10-02 02:43:03 DONE ut0u2_D_N rc=0 728s
2026-10-02 02:43:03 LAUNCH ut1u_C_E pid=36684 free=12.1GB running=13
2026-10-02 02:45:00 DONE ut0u2_B_W rc=0 1157s
2026-10-02 02:45:00 LAUNCH ut1u_C_N pid=20316 free=12.0GB running=13
2026-10-02 02:45:07 DONE ut1u_A_E rc=0 621s
2026-10-02 02:45:07 LAUNCH ut1u_C_S pid=26912 free=12.0GB running=13
2026-10-02 02:48:09 DONE ut1u_A_S rc=0 673s
2026-10-02 02:48:09 LAUNCH ut1u_C_W pid=12764 free=12.1GB running=13
2026-10-02 02:48:41 DONE ut1u_A_N rc=0 708s
2026-10-02 02:48:41 LAUNCH ut1u_D_E pid=6308 free=12.1GB running=13
2026-10-02 02:49:03 DONE ut0u2_C_W rc=0 1237s
2026-10-02 02:49:03 LAUNCH ut1u_D_N pid=14776 free=12.2GB running=13
2026-10-02 02:49:45 DONE ut1u_A_W rc=0 693s
2026-10-02 02:49:45 LAUNCH ut1u_D_S pid=11916 free=12.1GB running=13
2026-10-02 02:51:17 DONE ut1u_B_N rc=0 660s
2026-10-02 02:51:17 LAUNCH ut1u_D_W pid=30960 free=12.1GB running=13
2026-10-02 02:53:59 DONE ut0u2_D_E rc=0 1431s
2026-10-02 02:53:59 LAUNCH ut1u2_A_E pid=27076 free=12.1GB running=13
2026-10-02 02:55:01 DONE ut1u_B_W rc=0 776s
2026-10-02 02:55:01 LAUNCH ut1u2_A_N pid=34256 free=11.9GB running=13
2026-10-02 02:55:24 DONE ut1u_B_S rc=0 855s
2026-10-02 02:55:24 LAUNCH ut1u2_A_S pid=30584 free=12.1GB running=13
2026-10-02 02:55:41 DONE ut1u_C_N rc=0 641s
2026-10-02 02:55:41 LAUNCH ut1u2_A_W pid=616 free=12.2GB running=13
2026-10-02 02:57:03 DONE ut1u_C_S rc=0 716s
2026-10-02 02:57:03 LAUNCH ut1u2_B_E pid=25512 free=12.1GB running=13
2026-10-02 03:00:25 DONE ut1u_D_S rc=0 639s
2026-10-02 03:00:25 LAUNCH ut1u2_B_N pid=31148 free=12.0GB running=13
2026-10-02 03:01:02 DONE ut1u_D_N rc=0 719s
2026-10-02 03:01:02 LAUNCH ut1u2_B_S pid=36852 free=12.1GB running=13
2026-10-02 03:03:24 DONE ut0u2_D_W rc=0 1805s
2026-10-02 03:03:24 LAUNCH ut1u2_B_W pid=19140 free=12.0GB running=13
2026-10-02 03:04:01 DONE ut1u_D_W rc=0 764s
2026-10-02 03:04:01 LAUNCH ut1u2_C_E pid=3056 free=12.1GB running=13
2026-10-02 03:04:18 DONE ut1u2_A_E rc=0 619s
2026-10-02 03:04:18 LAUNCH ut1u2_C_N pid=600 free=12.1GB running=13
2026-10-02 03:06:35 DONE ut1u2_A_N rc=0 694s
2026-10-02 03:06:35 LAUNCH ut1u2_C_S pid=11604 free=12.1GB running=13
2026-10-02 03:06:52 DONE ut1u_B_E rc=0 1667s
2026-10-02 03:06:52 LAUNCH ut1u2_C_W pid=20856 free=12.1GB running=13
2026-10-02 03:07:24 DONE ut1u2_A_S rc=0 721s
2026-10-02 03:07:24 LAUNCH ut1u2_D_E pid=17492 free=12.2GB running=13
2026-10-02 03:08:26 DONE ut1u2_A_W rc=0 766s
2026-10-02 03:08:26 LAUNCH ut1u2_D_N pid=7556 free=12.2GB running=13
2026-10-02 03:10:18 DONE ut1u2_B_E rc=0 796s
2026-10-02 03:10:18 LAUNCH ut1u2_D_S pid=7180 free=12.1GB running=13
2026-10-02 03:11:35 DONE ut1u2_B_N rc=0 671s
2026-10-02 03:11:35 LAUNCH ut1u2_D_W pid=9088 free=12.1GB running=13
2026-10-02 03:12:27 DONE ut1u2_B_S rc=0 686s
2026-10-02 03:12:37 DONE ut1u_C_E rc=0 1774s
2026-10-02 03:13:42 DONE ut1u_D_E rc=0 1501s
2026-10-02 03:16:02 DONE ut1u2_B_W rc=0 759s
2026-10-02 03:16:33 DONE ut1u2_C_S rc=0 598s
2026-10-02 03:16:58 DONE ut1u2_C_N rc=0 760s
2026-10-02 03:19:28 DONE ut1u2_D_S rc=0 549s
2026-10-02 03:19:53 DONE ut1u_C_W rc=0 1904s
2026-10-02 03:20:08 DONE ut1u2_D_N rc=0 702s
2026-10-02 03:20:48 DONE ut1u2_C_W rc=0 836s
2026-10-02 03:26:33 DONE ut1u2_C_E rc=0 1352s
2026-10-02 03:28:53 DONE ut1u2_D_E rc=0 1289s
2026-10-02 03:34:48 DONE ut1u2_D_W rc=0 1393s
2026-10-02 03:34:53 ALL_MF2_COMPLETE outputs\_ut_q_all.jsonl 164/164 0 FAIL
