[21:05:09] POOL START wave=exitstall runid=20260921-210509-17592 restart=0 pid=17592 winpid=29124 head=a538a6e dirty_tracked=0 queue=outputs/_xs_queue.txt maxpar=6 minfree_kb=3500000
[21:05:10] ENV 3.10.11 mesa 1.2.1  prereg_sha256=9ff8d23c68f4c67f queue_sha256=596f4efd1092b3f6
[21:05:10] SHIPPED BASE_STATION_MODE=3 BASE_STATION_RETURN_MECHANISM=2 BASE_STATION_DEPOTS=9 BASE_STATION_SPAWN_SPLIT=2 UAV_RETURN_TO_BASE_RESERVE=0.0 BASE_STATION_RETURN_MARGIN=39.23 BASE_STATION_DOCK_FIX=2 BASE_STATION_RETURN_STALL_LIMIT=3 BASE_STATION_WAYPOINT_FIX=1 ROUTE_BLOCK_STALE_CLEAR=1 VICTIM_SEARCHER_HAZARD_RETREAT_RANGE=99 BASE_STATION_FIREPROOF=1 BASE_STATION_FIREPROOF_DRY_RUN=0 VICTIM_SEARCHER_HAZARD_GATE_BOUNDS_FIX=1 FF_FIREFIGHT_EXTINGUISH=1 FF_FIREFIGHT_FIREBREAK=1 FF_FIREFIGHT_ENGAGED_RETREAT_RANGE=1 FF_FIREFIGHT_MISSION_GATE=0 FF_FIREFIGHT_DRY_RUN=0
[21:05:10] SHIPPED-CONTROL head=11c3661
BASE_STATION_MODE=3 BASE_STATION_FIREPROOF=1 VICTIM_SEARCHER_HAZARD_GATE_BOUNDS_FIX=1 FF_FIREFIGHT_EXTINGUISH=0 FF_FIREFIGHT_FIREBREAK=0 FF_FIREFIGHT_ENGAGED_RETREAT_RANGE=3 FF_FIREFIGHT_MISSION_GATE=1 FF_FIREFIGHT_DRY_RUN=0
[21:05:11] VALIDATE total=25 valid=0 invalid=0 missing=25
[21:05:11] START STATE wave=exitstall total=25 valid=0 pending=25 live_orphans_this_wave=0 sims_boxwide=0 free_kb=8127428
[21:05:11] HEARTBEAT pid=17637 every 60s -> outputs/_xs_wave.log ; state file outputs/_xs_state.txt ; sentinel outputs/_xs_hb_20260921-210509-17592.stop
[21:05:12] LAUNCH xsTD_east_half_2070841104 running=1 free_kb=8133200 sims_boxwide=0 attempt=1
[21:05:25] LAUNCH xsTD_east_half_294124329 running=2 free_kb=7289896 sims_boxwide=1 attempt=1
[21:05:38] LAUNCH xsTD_east_half_1433805104 running=3 free_kb=6431980 sims_boxwide=2 attempt=1
[21:05:51] LAUNCH xsTD_south_half_1048395951 running=4 free_kb=5583212 sims_boxwide=3 attempt=1
[21:06:03] LAUNCH xsTD_east_def_1749069988 running=5 free_kb=4762372 sims_boxwide=4 attempt=1
[21:06:11] .. alive runid=20260921-210509-17592 event_age=8s | wave=exitstall total=25 valid=0 running=5 pending=20 launched=5 failed=0 gaveup=0 forkfail=0 free_kb=4762372 sims_boxwide=4 last_event_age=0s last_event_epoch=1790017563
[21:06:16] LAUNCH xsTY_east_half_2070841104 running=6 free_kb=3890528 sims_boxwide=5 attempt=1
[21:07:11] .. alive runid=20260921-210509-17592 event_age=55s | wave=exitstall total=25 valid=0 running=6 pending=19 launched=6 failed=0 gaveup=0 forkfail=0 free_kb=3890528 sims_boxwide=5 last_event_age=0s last_event_epoch=1790017576
[21:08:11] .. alive runid=20260921-210509-17592 event_age=115s | wave=exitstall total=25 valid=0 running=6 pending=19 launched=6 failed=0 gaveup=0 forkfail=0 free_kb=3890528 sims_boxwide=5 last_event_age=0s last_event_epoch=1790017576
[21:09:11] .. alive runid=20260921-210509-17592 event_age=175s | wave=exitstall total=25 valid=0 running=6 pending=19 launched=6 failed=0 gaveup=0 forkfail=0 free_kb=3890528 sims_boxwide=5 last_event_age=0s last_event_epoch=1790017576
[21:10:11] .. alive runid=20260921-210509-17592 event_age=235s | wave=exitstall total=25 valid=0 running=6 pending=19 launched=6 failed=0 gaveup=0 forkfail=0 free_kb=3890528 sims_boxwide=5 last_event_age=0s last_event_epoch=1790017576
[21:10:12] DONE xsTD_east_def_1749069988 rc=0 249s xsTD east/default seed=1749069988 rescued=3 dead=1 unreachable=0 never_detected=0 ff_deaths=0 terminal=199 completions=3 recycles=3 removals=3 returns=3 wall=247s [valid 1/25]
[21:10:13] LAUNCH xsTY_east_half_294124329 running=6 free_kb=3560188 sims_boxwide=5 attempt=1
[21:11:01] DONE xsTD_east_half_2070841104 rc=0 349s xsTD east/half seed=2070841104 rescued=3 dead=0 unreachable=0 never_detected=0 ff_deaths=0 terminal=None completions=3 recycles=3 removals=3 returns=3 wall=348s [valid 2/25]
[21:11:02] LAUNCH xsTK_east_half_294124329 running=6 free_kb=3719856 sims_boxwide=5 attempt=1
[21:11:12] .. alive runid=20260921-210509-17592 event_age=10s | wave=exitstall total=25 valid=2 running=6 pending=17 launched=8 failed=0 gaveup=0 forkfail=0 free_kb=3719856 sims_boxwide=5 last_event_age=0s last_event_epoch=1790017862
[21:11:26] DONE xsTD_south_half_1048395951 rc=0 336s xsTD south/half seed=1048395951 rescued=4 dead=0 unreachable=0 never_detected=0 ff_deaths=0 terminal=263 completions=4 recycles=4 removals=4 returns=4 wall=334s [valid 3/25]
[21:11:27] LAUNCH xsTK_east_half_2070841104 running=6 free_kb=3647988 sims_boxwide=5 attempt=1
[21:12:10] DONE xsTY_east_half_2070841104 rc=0 354s xsTY east/half seed=2070841104 rescued=3 dead=0 unreachable=0 never_detected=0 ff_deaths=0 terminal=None completions=3 recycles=3 removals=3 returns=3 wall=352s [valid 4/25]
[21:12:11] LAUNCH xsTK_east_def_1420331661 running=6 free_kb=3712588 sims_boxwide=5 attempt=1
[21:12:12] .. alive runid=20260921-210509-17592 event_age=1s | wave=exitstall total=25 valid=4 running=6 pending=15 launched=10 failed=0 gaveup=0 forkfail=0 free_kb=3712588 sims_boxwide=5 last_event_age=0s last_event_epoch=1790017931
[21:12:23] DONE xsTD_east_half_294124329 rc=0 418s xsTD east/half seed=294124329 rescued=4 dead=0 unreachable=0 never_detected=0 ff_deaths=0 terminal=143 completions=4 recycles=4 removals=4 returns=4 wall=416s [valid 5/25]
[21:12:24] LAUNCH xsTK_south_half_903347495 running=6 free_kb=3687136 sims_boxwide=5 attempt=1
[21:13:12] .. alive runid=20260921-210509-17592 event_age=48s | wave=exitstall total=25 valid=5 running=6 pending=14 launched=11 failed=0 gaveup=0 forkfail=0 free_kb=3687136 sims_boxwide=5 last_event_age=0s last_event_epoch=1790017944
[21:14:03] DONE xsTK_south_half_903347495 rc=0 99s xsTK south/half seed=903347495 rescued=1 dead=0 unreachable=0 never_detected=0 ff_deaths=0 terminal=None completions=1 recycles=1 removals=1 returns=1 wall=97s [valid 6/25]
[21:14:04] LAUNCH xsRED_east_half_2070841104 running=6 free_kb=4867664 sims_boxwide=5 attempt=1
[21:14:12] .. alive runid=20260921-210509-17592 event_age=8s | wave=exitstall total=25 valid=6 running=6 pending=13 launched=12 failed=0 gaveup=0 forkfail=0 free_kb=4867664 sims_boxwide=5 last_event_age=0s last_event_epoch=1790018044
[21:15:12] .. alive runid=20260921-210509-17592 event_age=68s | wave=exitstall total=25 valid=6 running=6 pending=13 launched=12 failed=0 gaveup=0 forkfail=0 free_kb=4867664 sims_boxwide=5 last_event_age=0s last_event_epoch=1790018044
[21:16:12] .. alive runid=20260921-210509-17592 event_age=128s | wave=exitstall total=25 valid=6 running=6 pending=13 launched=12 failed=0 gaveup=0 forkfail=0 free_kb=4867664 sims_boxwide=5 last_event_age=0s last_event_epoch=1790018044
[21:16:28] DONE xsTK_east_def_1420331661 rc=0 257s xsTK east/default seed=1420331661 rescued=3 dead=0 unreachable=0 never_detected=0 ff_deaths=0 terminal=None completions=3 recycles=3 removals=3 returns=3 wall=255s [valid 7/25]
[21:16:29] LAUNCH xsRED_east_half_294124329 running=6 free_kb=4855664 sims_boxwide=5 attempt=1
[21:17:12] .. alive runid=20260921-210509-17592 event_age=43s | wave=exitstall total=25 valid=7 running=6 pending=12 launched=13 failed=0 gaveup=0 forkfail=0 free_kb=4855664 sims_boxwide=5 last_event_age=0s last_event_epoch=1790018189
[21:18:12] .. alive runid=20260921-210509-17592 event_age=103s | wave=exitstall total=25 valid=7 running=6 pending=12 launched=13 failed=0 gaveup=0 forkfail=0 free_kb=4855664 sims_boxwide=5 last_event_age=0s last_event_epoch=1790018189
[21:19:12] .. alive runid=20260921-210509-17592 event_age=163s | wave=exitstall total=25 valid=7 running=6 pending=12 launched=13 failed=0 gaveup=0 forkfail=0 free_kb=4855664 sims_boxwide=5 last_event_age=0s last_event_epoch=1790018189
[21:19:17] DONE xsTY_east_half_294124329 rc=0 544s xsTY east/half seed=294124329 rescued=4 dead=0 unreachable=0 never_detected=0 ff_deaths=0 terminal=143 completions=4 recycles=4 removals=4 returns=4 wall=542s [valid 8/25]
[21:19:18] LAUNCH xsRED_east_half_1433805104 running=6 free_kb=5050956 sims_boxwide=5 attempt=1
[21:20:12] DONE xsTK_east_half_2070841104 rc=0 524s xsTK east/half seed=2070841104 rescued=3 dead=0 unreachable=0 never_detected=0 ff_deaths=0 terminal=None completions=3 recycles=3 removals=3 returns=3 wall=523s [valid 9/25]
[21:20:12] .. alive runid=20260921-210509-17592 event_age=1s | wave=exitstall total=25 valid=9 running=5 pending=11 launched=14 failed=0 gaveup=0 forkfail=0 free_kb=4723116 sims_boxwide=5 last_event_age=1s last_event_epoch=1790018411
[21:20:13] LAUNCH xsRED_south_half_1048395951 running=6 free_kb=4723116 sims_boxwide=5 attempt=1
[21:21:13] .. alive runid=20260921-210509-17592 event_age=60s | wave=exitstall total=25 valid=9 running=6 pending=10 launched=15 failed=0 gaveup=0 forkfail=0 free_kb=4723116 sims_boxwide=5 last_event_age=0s last_event_epoch=1790018413
[21:22:13] .. alive runid=20260921-210509-17592 event_age=120s | wave=exitstall total=25 valid=9 running=6 pending=10 launched=15 failed=0 gaveup=0 forkfail=0 free_kb=4723116 sims_boxwide=5 last_event_age=0s last_event_epoch=1790018413
[21:22:30] DONE xsTK_east_half_294124329 rc=0 687s xsTK east/half seed=294124329 rescued=4 dead=0 unreachable=0 never_detected=0 ff_deaths=0 terminal=171 completions=4 recycles=4 removals=4 returns=4 wall=686s [valid 10/25]
[21:22:31] LAUNCH xsRED_east_def_1749069988 running=6 free_kb=4284124 sims_boxwide=5 attempt=1
[21:22:43] DONE xsTD_east_half_1433805104 rc=0 1025s xsTD east/half seed=1433805104 rescued=4 dead=0 unreachable=0 never_detected=0 ff_deaths=0 terminal=282 completions=4 recycles=4 removals=4 returns=4 wall=1022s [valid 11/25]
[21:22:44] LAUNCH xsREY_east_half_2070841104 running=6 free_kb=4294472 sims_boxwide=5 attempt=1
[21:23:13] .. alive runid=20260921-210509-17592 event_age=29s | wave=exitstall total=25 valid=11 running=6 pending=8 launched=17 failed=0 gaveup=0 forkfail=0 free_kb=4294472 sims_boxwide=5 last_event_age=0s last_event_epoch=1790018564
[21:23:42] DONE xsRED_east_half_2070841104 rc=0 578s xsRED east/half seed=2070841104 rescued=3 dead=0 unreachable=0 never_detected=0 ff_deaths=0 terminal=None completions=3 recycles=3 removals=3 returns=3 wall=577s [valid 12/25]
[21:23:43] LAUNCH xsREY_east_half_294124329 running=6 free_kb=4873340 sims_boxwide=5 attempt=1
[21:24:13] .. alive runid=20260921-210509-17592 event_age=30s | wave=exitstall total=25 valid=12 running=6 pending=7 launched=18 failed=0 gaveup=0 forkfail=0 free_kb=4873340 sims_boxwide=5 last_event_age=0s last_event_epoch=1790018623
[21:25:13] .. alive runid=20260921-210509-17592 event_age=90s | wave=exitstall total=25 valid=12 running=6 pending=7 launched=18 failed=0 gaveup=0 forkfail=0 free_kb=4873340 sims_boxwide=5 last_event_age=0s last_event_epoch=1790018623
[21:26:13] .. alive runid=20260921-210509-17592 event_age=150s | wave=exitstall total=25 valid=12 running=6 pending=7 launched=18 failed=0 gaveup=0 forkfail=0 free_kb=4873340 sims_boxwide=5 last_event_age=0s last_event_epoch=1790018623
[21:27:13] .. alive runid=20260921-210509-17592 event_age=210s | wave=exitstall total=25 valid=12 running=6 pending=7 launched=18 failed=0 gaveup=0 forkfail=0 free_kb=4873340 sims_boxwide=5 last_event_age=0s last_event_epoch=1790018623
[21:27:59] DONE xsRED_east_half_294124329 rc=0 689s xsRED east/half seed=294124329 rescued=4 dead=0 unreachable=0 never_detected=0 ff_deaths=0 terminal=143 completions=4 recycles=4 removals=4 returns=4 wall=687s [valid 13/25]
[21:28:00] LAUNCH xsRAD_east_half_2070841104 running=6 free_kb=4740240 sims_boxwide=5 attempt=1
[21:28:13] .. alive runid=20260921-210509-17592 event_age=13s | wave=exitstall total=25 valid=13 running=6 pending=6 launched=19 failed=0 gaveup=0 forkfail=0 free_kb=4740240 sims_boxwide=5 last_event_age=0s last_event_epoch=1790018880
[21:28:43] DONE xsRED_south_half_1048395951 rc=0 510s xsRED south/half seed=1048395951 rescued=4 dead=0 unreachable=0 never_detected=0 ff_deaths=0 terminal=263 completions=4 recycles=4 removals=4 returns=4 wall=509s [valid 14/25]
[21:28:44] LAUNCH xsRAD_east_half_294124329 running=6 free_kb=5802196 sims_boxwide=4 attempt=1
[21:28:57] DONE xsRED_east_def_1749069988 rc=0 385s xsRED east/default seed=1749069988 rescued=3 dead=1 unreachable=0 never_detected=0 ff_deaths=0 terminal=199 completions=3 recycles=3 removals=3 returns=3 wall=372s [valid 15/25]
[21:28:58] LAUNCH xsRAD_east_half_1433805104 running=6 free_kb=5061280 sims_boxwide=5 attempt=1
[21:29:13] .. alive runid=20260921-210509-17592 event_age=15s | wave=exitstall total=25 valid=15 running=6 pending=4 launched=21 failed=0 gaveup=0 forkfail=0 free_kb=5061280 sims_boxwide=5 last_event_age=0s last_event_epoch=1790018938
[21:30:13] .. alive runid=20260921-210509-17592 event_age=75s | wave=exitstall total=25 valid=15 running=6 pending=4 launched=21 failed=0 gaveup=0 forkfail=0 free_kb=5061280 sims_boxwide=5 last_event_age=0s last_event_epoch=1790018938
[21:30:37] DONE xsREY_east_half_2070841104 rc=0 473s xsREY east/half seed=2070841104 rescued=3 dead=0 unreachable=0 never_detected=0 ff_deaths=0 terminal=None completions=3 recycles=3 removals=3 returns=3 wall=472s [valid 16/25]
[21:30:38] LAUNCH xsRAD_south_half_1048395951 running=6 free_kb=5037080 sims_boxwide=5 attempt=1
[21:31:13] .. alive runid=20260921-210509-17592 event_age=35s | wave=exitstall total=25 valid=16 running=6 pending=3 launched=22 failed=0 gaveup=0 forkfail=0 free_kb=5037080 sims_boxwide=5 last_event_age=0s last_event_epoch=1790019038
[21:32:14] .. alive runid=20260921-210509-17592 event_age=96s | wave=exitstall total=25 valid=16 running=6 pending=3 launched=22 failed=0 gaveup=0 forkfail=0 free_kb=5037080 sims_boxwide=5 last_event_age=0s last_event_epoch=1790019038
[21:32:24] DONE xsREY_east_half_294124329 rc=0 521s xsREY east/half seed=294124329 rescued=4 dead=0 unreachable=0 never_detected=0 ff_deaths=0 terminal=143 completions=4 recycles=4 removals=4 returns=4 wall=519s [valid 17/25]
[21:32:25] LAUNCH xsRAD_east_def_1749069988 running=6 free_kb=5007124 sims_boxwide=5 attempt=1
[21:33:14] .. alive runid=20260921-210509-17592 event_age=49s | wave=exitstall total=25 valid=17 running=6 pending=2 launched=23 failed=0 gaveup=0 forkfail=0 free_kb=5007124 sims_boxwide=5 last_event_age=0s last_event_epoch=1790019145
[21:33:59] DONE xsRAD_east_half_2070841104 rc=0 358s xsRAD east/half seed=2070841104 rescued=3 dead=0 unreachable=0 never_detected=0 ff_deaths=0 terminal=None completions=3 recycles=3 removals=3 returns=3 wall=357s [valid 18/25]
[21:34:00] LAUNCH xsRAY_east_half_2070841104 running=6 free_kb=4955644 sims_boxwide=5 attempt=1
[21:34:14] .. alive runid=20260921-210509-17592 event_age=14s | wave=exitstall total=25 valid=18 running=6 pending=1 launched=24 failed=0 gaveup=0 forkfail=0 free_kb=4955644 sims_boxwide=5 last_event_age=0s last_event_epoch=1790019240
[21:35:14] .. alive runid=20260921-210509-17592 event_age=74s | wave=exitstall total=25 valid=18 running=6 pending=1 launched=24 failed=0 gaveup=0 forkfail=0 free_kb=4955644 sims_boxwide=5 last_event_age=0s last_event_epoch=1790019240
[21:36:14] .. alive runid=20260921-210509-17592 event_age=134s | wave=exitstall total=25 valid=18 running=6 pending=1 launched=24 failed=0 gaveup=0 forkfail=0 free_kb=4955644 sims_boxwide=5 last_event_age=0s last_event_epoch=1790019240
[21:36:40] DONE xsRAD_east_half_294124329 rc=0 476s xsRAD east/half seed=294124329 rescued=4 dead=0 unreachable=0 never_detected=0 ff_deaths=0 terminal=143 completions=4 recycles=4 removals=4 returns=4 wall=473s [valid 19/25]
[21:36:41] LAUNCH xsRAY_east_half_294124329 running=6 free_kb=4924276 sims_boxwide=5 attempt=1
[21:37:14] .. alive runid=20260921-210509-17592 event_age=33s | wave=exitstall total=25 valid=19 running=6 pending=0 launched=25 failed=0 gaveup=0 forkfail=0 free_kb=4924276 sims_boxwide=5 last_event_age=0s last_event_epoch=1790019401
[21:37:22] DONE xsRAD_south_half_1048395951 rc=0 403s xsRAD south/half seed=1048395951 rescued=4 dead=0 unreachable=0 never_detected=0 ff_deaths=0 terminal=263 completions=4 recycles=4 removals=4 returns=4 wall=401s [valid 20/25]
[21:37:54] DONE xsRAD_east_def_1749069988 rc=0 328s xsRAD east/default seed=1749069988 rescued=3 dead=1 unreachable=0 never_detected=0 ff_deaths=0 terminal=199 completions=3 recycles=3 removals=3 returns=3 wall=327s [valid 21/25]
[21:37:54] DONE xsRED_east_half_1433805104 rc=0 1116s xsRED east/half seed=1433805104 rescued=4 dead=0 unreachable=0 never_detected=0 ff_deaths=0 terminal=282 completions=4 recycles=4 removals=4 returns=4 wall=1115s [valid 22/25]
[21:38:14] .. alive runid=20260921-210509-17592 event_age=20s | wave=exitstall total=25 valid=22 running=3 pending=0 launched=25 failed=0 gaveup=0 forkfail=0 free_kb=4924276 sims_boxwide=5 last_event_age=0s last_event_epoch=1790019474
[21:39:14] .. alive runid=20260921-210509-17592 event_age=80s | wave=exitstall total=25 valid=22 running=3 pending=0 launched=25 failed=0 gaveup=0 forkfail=0 free_kb=4924276 sims_boxwide=5 last_event_age=0s last_event_epoch=1790019474
[21:40:14] .. alive runid=20260921-210509-17592 event_age=140s | wave=exitstall total=25 valid=22 running=3 pending=0 launched=25 failed=0 gaveup=0 forkfail=0 free_kb=4924276 sims_boxwide=5 last_event_age=0s last_event_epoch=1790019474
[21:41:14] .. alive runid=20260921-210509-17592 event_age=200s | wave=exitstall total=25 valid=22 running=3 pending=0 launched=25 failed=0 gaveup=0 forkfail=0 free_kb=4924276 sims_boxwide=5 last_event_age=0s last_event_epoch=1790019474
[21:42:14] .. alive runid=20260921-210509-17592 event_age=260s | wave=exitstall total=25 valid=22 running=3 pending=0 launched=25 failed=0 gaveup=0 forkfail=0 free_kb=4924276 sims_boxwide=5 last_event_age=0s last_event_epoch=1790019474
[21:43:15] .. alive runid=20260921-210509-17592 event_age=321s | wave=exitstall total=25 valid=22 running=3 pending=0 launched=25 failed=0 gaveup=0 forkfail=0 free_kb=4924276 sims_boxwide=5 last_event_age=0s last_event_epoch=1790019474
[21:43:56] DONE xsRAY_east_half_2070841104 rc=0 596s xsRAY east/half seed=2070841104 rescued=3 dead=0 unreachable=0 never_detected=0 ff_deaths=0 terminal=None completions=3 recycles=3 removals=3 returns=3 wall=595s [valid 23/25]
[21:44:15] .. alive runid=20260921-210509-17592 event_age=19s | wave=exitstall total=25 valid=23 running=2 pending=0 launched=25 failed=0 gaveup=0 forkfail=0 free_kb=4924276 sims_boxwide=5 last_event_age=0s last_event_epoch=1790019836
[21:45:15] .. alive runid=20260921-210509-17592 event_age=79s | wave=exitstall total=25 valid=23 running=2 pending=0 launched=25 failed=0 gaveup=0 forkfail=0 free_kb=4924276 sims_boxwide=5 last_event_age=0s last_event_epoch=1790019836
[21:46:15] .. alive runid=20260921-210509-17592 event_age=139s | wave=exitstall total=25 valid=23 running=2 pending=0 launched=25 failed=0 gaveup=0 forkfail=0 free_kb=4924276 sims_boxwide=5 last_event_age=0s last_event_epoch=1790019836
[21:47:12] DONE xsRAY_east_half_294124329 rc=0 631s xsRAY east/half seed=294124329 rescued=4 dead=0 unreachable=0 never_detected=0 ff_deaths=0 terminal=143 completions=4 recycles=4 removals=4 returns=4 wall=630s [valid 24/25]
[21:47:15] .. alive runid=20260921-210509-17592 event_age=3s | wave=exitstall total=25 valid=24 running=1 pending=0 launched=25 failed=0 gaveup=0 forkfail=0 free_kb=4924276 sims_boxwide=5 last_event_age=0s last_event_epoch=1790020032
[21:47:23] DONE xsRAD_east_half_1433805104 rc=0 1104s xsRAD east/half seed=1433805104 rescued=4 dead=0 unreachable=0 never_detected=0 ff_deaths=0 terminal=282 completions=4 recycles=4 removals=4 returns=4 wall=1103s [valid 25/25]
[21:47:23] MAIN LOOP LEFT pending=0 running=0
[21:47:23] FINAL SUMMARY total=25 valid=25 invalid=0 missing=0
[21:47:24] FINAL wave=exitstall SUMMARY total=25 valid=25 invalid=0 missing=0 live_this_wave=0 sims_boxwide=0
[21:47:24] ALL_DCD4RB_COMPLETE wave=exitstall runid=20260921-210509-17592 valid=25/25 launched=25 failed=0 forkfail=0
[21:48:15] HEARTBEAT EXIT wave=exitstall runid=20260921-210509-17592 (sentinel)
