=== START C_east  (5 UAV: 3T+2S)  13:40:29 ===
seed=101   rescued=2 dead=1 unreach=0 nd=0 | lane obs_frac: 2503=1.000 2504=0.951 | id_changes=0 | compliance={'2503': 0.9375, '2504': 0.6583}
seed=202   rescued=2 dead=1 unreach=0 nd=0 | lane obs_frac: 2503=1.000 2504=0.928 | id_changes=0 | compliance={'2503': 0.9875, '2504': 0.3917}
seed=303   rescued=1 dead=2 unreach=0 nd=0 | lane obs_frac: 2503=0.991 2504=0.972 | id_changes=0 | compliance={'2503': 0.7958, '2504': 0.7875}
seed=404   rescued=2 dead=1 unreach=0 nd=0 | lane obs_frac: 2503=0.952 2504=1.000 | id_changes=0 | compliance={'2503': 0.9875, '2504': 0.875}
seed=505   rescued=2 dead=1 unreach=0 nd=0 | lane obs_frac: 2503=0.934 2504=0.962 | id_changes=0 | compliance={'2503': 0.9875, '2504': 0.8125}
WROTE outputs/lane_matrix/C_east.json
=== DONE  C_east  14:05:06 ===
=== START C_west  (5 UAV: 3T+2S)  14:05:06 ===
seed=101   rescued=2 dead=1 unreach=0 nd=0 | lane obs_frac: 2503=1.000 2504=1.000 | id_changes=0 | compliance={'2503': 0.8875, '2504': 0.6625}
seed=202   rescued=2 dead=1 unreach=0 nd=0 | lane obs_frac: 2503=0.930 2504=0.992 | id_changes=0 | compliance={'2503': 0.8958, '2504': 0.3458}
seed=303   rescued=3 dead=0 unreach=0 nd=0 | lane obs_frac: 2503=0.921 2504=0.937 | id_changes=0 | compliance={'2503': 0.8208, '2504': 0.3833}
seed=404   rescued=2 dead=1 unreach=0 nd=0 | lane obs_frac: 2503=0.926 2504=0.978 | id_changes=0 | compliance={'2503': 0.7875, '2504': 0.3458}
seed=505   rescued=3 dead=0 unreach=0 nd=0 | lane obs_frac: 2503=0.914 2504=0.980 | id_changes=0 | compliance={'2503': 0.8208, '2504': 0.3833}
WROTE outputs/lane_matrix/C_west.json
=== DONE  C_west  14:24:57 ===
=== START C_north  (5 UAV: 3T+2S)  14:24:57 ===
seed=101   rescued=3 dead=0 unreach=0 nd=0 | lane obs_frac: 2503=0.938 2504=1.000 | id_changes=0 | compliance={'2503': 0.5792, '2504': 0.6542}
seed=202   rescued=2 dead=1 unreach=0 nd=0 | lane obs_frac: 2503=0.984 2504=0.988 | id_changes=0 | compliance={'2503': 0.6083, '2504': 0.6333}
seed=303   rescued=2 dead=1 unreach=0 nd=0 | lane obs_frac: 2503=0.999 2504=0.984 | id_changes=0 | compliance={'2503': 0.3833, '2504': 0.6583}
seed=404   rescued=2 dead=1 unreach=0 nd=0 | lane obs_frac: 2503=0.934 2504=0.994 | id_changes=0 | compliance={'2503': 0.3125, '2504': 0.7375}
seed=505   rescued=2 dead=1 unreach=0 nd=0 | lane obs_frac: 2503=0.930 2504=0.943 | id_changes=0 | compliance={'2503': 0.25, '2504': 0.7417}
WROTE outputs/lane_matrix/C_north.json
=== DONE  C_north  14:45:45 ===
=== START C_south  (5 UAV: 3T+2S)  14:45:45 ===
seed=101   rescued=2 dead=1 unreach=0 nd=0 | lane obs_frac: 2503=0.979 2504=1.000 | id_changes=0 | compliance={'2503': 0.6125, '2504': 0.6583}
seed=202   rescued=2 dead=0 unreach=1 nd=1 | lane obs_frac: 2503=0.955 2504=1.000 | id_changes=0 | compliance={'2503': 0.4333, '2504': 0.7625}
seed=303   rescued=3 dead=0 unreach=0 nd=0 | lane obs_frac: 2503=1.000 2504=1.000 | id_changes=0 | compliance={'2503': 0.3125, '2504': 0.525}
seed=404   rescued=2 dead=1 unreach=0 nd=0 | lane obs_frac: 2503=0.989 2504=0.994 | id_changes=0 | compliance={'2503': 0.8333, '2504': 0.0833}
seed=505   rescued=2 dead=1 unreach=0 nd=0 | lane obs_frac: 2503=1.000 2504=1.000 | id_changes=0 | compliance={'2503': 0.4458, '2504': 0.5708}
WROTE outputs/lane_matrix/C_south.json
=== DONE  C_south  15:05:25 ===
=== START D_east  (4 UAV: 2T+2S)  15:05:25 ===
seed=101   rescued=2 dead=2 unreach=0 nd=0 | lane obs_frac: 2502=0.960 2503=1.000 | id_changes=0 | compliance={'2502': 0.6583, '2503': 0.5958}
seed=202   rescued=3 dead=1 unreach=0 nd=0 | lane obs_frac: 2502=0.996 2503=0.948 | id_changes=0 | compliance={'2502': 0.8208, '2503': 0.5625}
seed=303   rescued=1 dead=3 unreach=0 nd=0 | lane obs_frac: 2502=0.991 2503=0.986 | id_changes=0 | compliance={'2502': 0.625, '2503': 0.825}
seed=404   rescued=2 dead=2 unreach=0 nd=0 | lane obs_frac: 2502=0.898 2503=1.000 | id_changes=0 | compliance={'2502': 0.9875, '2503': 0.5792}
seed=505   rescued=2 dead=2 unreach=0 nd=0 | lane obs_frac: 2502=0.920 2503=0.992 | id_changes=0 | compliance={'2502': 0.65, '2503': 0.8417}
WROTE outputs/lane_matrix/D_east.json
=== DONE  D_east  15:27:28 ===
=== START D_west  (4 UAV: 2T+2S)  15:27:28 ===
seed=101   rescued=3 dead=1 unreach=0 nd=0 | lane obs_frac: 2502=0.964 2503=1.000 | id_changes=0 | compliance={'2502': 0.9292, '2503': 0.5833}
seed=202   rescued=2 dead=2 unreach=0 nd=0 | lane obs_frac: 2502=0.993 2503=1.000 | id_changes=0 | compliance={'2502': 0.6417, '2503': 0.375}
seed=303   rescued=4 dead=0 unreach=0 nd=0 | lane obs_frac: 2502=0.996 2503=0.936 | id_changes=0 | compliance={'2502': 0.6167, '2503': 0.5458}
seed=404   rescued=4 dead=0 unreach=0 nd=0 | lane obs_frac: 2502=0.995 2503=1.000 | id_changes=0 | compliance={'2502': 0.6208, '2503': 0.525}
seed=505   rescued=3 dead=1 unreach=0 nd=0 | lane obs_frac: 2502=0.986 2503=1.000 | id_changes=0 | compliance={'2502': 0.6083, '2503': 0.5375}
WROTE outputs/lane_matrix/D_west.json
=== DONE  D_west  15:47:56 ===
=== START D_north  (4 UAV: 2T+2S)  15:47:57 ===
seed=101   rescued=3 dead=1 unreach=0 nd=0 | lane obs_frac: 2502=0.949 2503=0.966 | id_changes=0 | compliance={'2502': 0.8292, '2503': 0.7042}
seed=202   rescued=2 dead=2 unreach=0 nd=0 | lane obs_frac: 2502=1.000 2503=0.992 | id_changes=0 | compliance={'2502': 0.9042, '2503': 0.5625}
seed=303   rescued=2 dead=2 unreach=0 nd=0 | lane obs_frac: 2502=0.928 2503=0.974 | id_changes=0 | compliance={'2502': 0.2875, '2503': 0.6583}
seed=404   rescued=3 dead=1 unreach=0 nd=0 | lane obs_frac: 2502=0.997 2503=0.959 | id_changes=0 | compliance={'2502': 0.4083, '2503': 0.7333}
seed=505   rescued=3 dead=1 unreach=0 nd=0 | lane obs_frac: 2502=0.931 2503=1.000 | id_changes=0 | compliance={'2502': 0.1958, '2503': 0.7708}
WROTE outputs/lane_matrix/D_north.json
=== DONE  D_north  16:06:39 ===
=== START D_south  (4 UAV: 2T+2S)  16:06:39 ===
seed=101   rescued=2 dead=1 unreach=1 nd=0 | lane obs_frac: 2502=0.982 2503=0.999 | id_changes=0 | compliance={'2502': 0.3542, '2503': 0.6917}
seed=202   rescued=3 dead=0 unreach=1 nd=1 | lane obs_frac: 2502=0.733 2503=0.988 | id_changes=0 | compliance={'2502': 0.4875, '2503': 0.825}
seed=303   rescued=4 dead=0 unreach=0 nd=0 | lane obs_frac: 2502=1.000 2503=1.000 | id_changes=0 | compliance={'2502': 0.9, '2503': 0.6875}
seed=404   rescued=0 dead=3 unreach=1 nd=0 | lane obs_frac: 2502=0.953 2503=0.985 | id_changes=0 | compliance={'2502': 0.3542, '2503': 0.6375}
seed=505   rescued=3 dead=1 unreach=0 nd=0 | lane obs_frac: 2502=1.000 2503=1.000 | id_changes=0 | compliance={'2502': 0.5458, '2503': 0.4292}
WROTE outputs/lane_matrix/D_south.json
=== DONE  D_south  16:29:16 ===
ALL DONE 16:29:16
